[2026-04-09T00:10:46.921+0000] {processor.py:186} INFO - Started process (PID=38031) to work on /home/airflow/.local/lib/python3.12/site-packages/airflow/example_dags/example_outlet_event_extra.py
[2026-04-09T00:10:46.921+0000] {processor.py:914} INFO - Processing file /home/airflow/.local/lib/python3.12/site-packages/airflow/example_dags/example_outlet_event_extra.py for tasks to queue
[2026-04-09T00:10:46.922+0000] {logging_mixin.py:190} INFO - [2026-04-09T00:10:46.922+0000] {dagbag.py:588} INFO - Filling up the DagBag from /home/airflow/.local/lib/python3.12/site-packages/airflow/example_dags/example_outlet_event_extra.py
[2026-04-09T00:10:47.153+0000] {processor.py:925} INFO - DAG(s) 'dataset_with_extra_from_classic_operator', 'dataset_with_extra_by_context', 'dataset_with_extra_by_yield' retrieved from /home/airflow/.local/lib/python3.12/site-packages/airflow/example_dags/example_outlet_event_extra.py
[2026-04-09T00:10:47.168+0000] {logging_mixin.py:190} INFO - [2026-04-09T00:10:47.168+0000] {dag.py:3239} INFO - Sync 3 DAGs
[2026-04-09T00:10:47.180+0000] {logging_mixin.py:190} INFO - [2026-04-09T00:10:47.179+0000] {dag.py:4180} INFO - Setting next_dagrun for dataset_with_extra_by_context to 2026-04-08 00:00:00+00:00, run_after=2026-04-09 00:00:00+00:00
[2026-04-09T00:10:47.181+0000] {logging_mixin.py:190} INFO - [2026-04-09T00:10:47.181+0000] {dag.py:4180} INFO - Setting next_dagrun for dataset_with_extra_by_yield to 2026-04-08 00:00:00+00:00, run_after=2026-04-09 00:00:00+00:00
[2026-04-09T00:10:47.183+0000] {logging_mixin.py:190} INFO - [2026-04-09T00:10:47.183+0000] {dag.py:4180} INFO - Setting next_dagrun for dataset_with_extra_from_classic_operator to 2026-04-08 00:00:00+00:00, run_after=2026-04-09 00:00:00+00:00
[2026-04-09T00:10:47.193+0000] {processor.py:208} INFO - Processing /home/airflow/.local/lib/python3.12/site-packages/airflow/example_dags/example_outlet_event_extra.py took 0.274 seconds
[2026-04-09T00:11:17.265+0000] {processor.py:186} INFO - Started process (PID=38097) to work on /home/airflow/.local/lib/python3.12/site-packages/airflow/example_dags/example_outlet_event_extra.py
[2026-04-09T00:11:17.266+0000] {processor.py:914} INFO - Processing file /home/airflow/.local/lib/python3.12/site-packages/airflow/example_dags/example_outlet_event_extra.py for tasks to queue
[2026-04-09T00:11:17.267+0000] {logging_mixin.py:190} INFO - [2026-04-09T00:11:17.267+0000] {dagbag.py:588} INFO - Filling up the DagBag from /home/airflow/.local/lib/python3.12/site-packages/airflow/example_dags/example_outlet_event_extra.py
[2026-04-09T00:11:17.479+0000] {processor.py:925} INFO - DAG(s) 'dataset_with_extra_by_yield', 'dataset_with_extra_from_classic_operator', 'dataset_with_extra_by_context' retrieved from /home/airflow/.local/lib/python3.12/site-packages/airflow/example_dags/example_outlet_event_extra.py
[2026-04-09T00:11:17.491+0000] {logging_mixin.py:190} INFO - [2026-04-09T00:11:17.491+0000] {dag.py:3239} INFO - Sync 3 DAGs
[2026-04-09T00:11:17.500+0000] {logging_mixin.py:190} INFO - [2026-04-09T00:11:17.500+0000] {dag.py:4180} INFO - Setting next_dagrun for dataset_with_extra_by_context to 2026-04-08 00:00:00+00:00, run_after=2026-04-09 00:00:00+00:00
[2026-04-09T00:11:17.502+0000] {logging_mixin.py:190} INFO - [2026-04-09T00:11:17.502+0000] {dag.py:4180} INFO - Setting next_dagrun for dataset_with_extra_by_yield to 2026-04-08 00:00:00+00:00, run_after=2026-04-09 00:00:00+00:00
[2026-04-09T00:11:17.505+0000] {logging_mixin.py:190} INFO - [2026-04-09T00:11:17.505+0000] {dag.py:4180} INFO - Setting next_dagrun for dataset_with_extra_from_classic_operator to 2026-04-08 00:00:00+00:00, run_after=2026-04-09 00:00:00+00:00
[2026-04-09T00:11:17.511+0000] {processor.py:208} INFO - Processing /home/airflow/.local/lib/python3.12/site-packages/airflow/example_dags/example_outlet_event_extra.py took 0.248 seconds
[2026-04-09T00:26:46.971+0000] {processor.py:186} INFO - Started process (PID=38159) to work on /home/airflow/.local/lib/python3.12/site-packages/airflow/example_dags/example_outlet_event_extra.py
[2026-04-09T00:26:46.972+0000] {processor.py:914} INFO - Processing file /home/airflow/.local/lib/python3.12/site-packages/airflow/example_dags/example_outlet_event_extra.py for tasks to queue
[2026-04-09T00:26:46.973+0000] {logging_mixin.py:190} INFO - [2026-04-09T00:26:46.973+0000] {dagbag.py:588} INFO - Filling up the DagBag from /home/airflow/.local/lib/python3.12/site-packages/airflow/example_dags/example_outlet_event_extra.py
[2026-04-09T00:26:47.181+0000] {processor.py:925} INFO - DAG(s) 'dataset_with_extra_from_classic_operator', 'dataset_with_extra_by_yield', 'dataset_with_extra_by_context' retrieved from /home/airflow/.local/lib/python3.12/site-packages/airflow/example_dags/example_outlet_event_extra.py
[2026-04-09T00:26:47.192+0000] {logging_mixin.py:190} INFO - [2026-04-09T00:26:47.192+0000] {dag.py:3239} INFO - Sync 3 DAGs
[2026-04-09T00:26:47.201+0000] {logging_mixin.py:190} INFO - [2026-04-09T00:26:47.200+0000] {dag.py:4180} INFO - Setting next_dagrun for dataset_with_extra_by_context to 2026-04-08 00:00:00+00:00, run_after=2026-04-09 00:00:00+00:00
[2026-04-09T00:26:47.204+0000] {logging_mixin.py:190} INFO - [2026-04-09T00:26:47.204+0000] {dag.py:4180} INFO - Setting next_dagrun for dataset_with_extra_by_yield to 2026-04-08 00:00:00+00:00, run_after=2026-04-09 00:00:00+00:00
[2026-04-09T00:26:47.205+0000] {logging_mixin.py:190} INFO - [2026-04-09T00:26:47.205+0000] {dag.py:4180} INFO - Setting next_dagrun for dataset_with_extra_from_classic_operator to 2026-04-08 00:00:00+00:00, run_after=2026-04-09 00:00:00+00:00
[2026-04-09T00:26:47.214+0000] {processor.py:208} INFO - Processing /home/airflow/.local/lib/python3.12/site-packages/airflow/example_dags/example_outlet_event_extra.py took 0.245 seconds
[2026-04-09T00:42:17.135+0000] {processor.py:186} INFO - Started process (PID=38223) to work on /home/airflow/.local/lib/python3.12/site-packages/airflow/example_dags/example_outlet_event_extra.py
[2026-04-09T00:42:17.136+0000] {processor.py:914} INFO - Processing file /home/airflow/.local/lib/python3.12/site-packages/airflow/example_dags/example_outlet_event_extra.py for tasks to queue
[2026-04-09T00:42:17.136+0000] {logging_mixin.py:190} INFO - [2026-04-09T00:42:17.136+0000] {dagbag.py:588} INFO - Filling up the DagBag from /home/airflow/.local/lib/python3.12/site-packages/airflow/example_dags/example_outlet_event_extra.py
[2026-04-09T00:42:17.341+0000] {processor.py:925} INFO - DAG(s) 'dataset_with_extra_from_classic_operator', 'dataset_with_extra_by_context', 'dataset_with_extra_by_yield' retrieved from /home/airflow/.local/lib/python3.12/site-packages/airflow/example_dags/example_outlet_event_extra.py
[2026-04-09T00:42:17.350+0000] {logging_mixin.py:190} INFO - [2026-04-09T00:42:17.350+0000] {dag.py:3239} INFO - Sync 3 DAGs
[2026-04-09T00:42:17.357+0000] {logging_mixin.py:190} INFO - [2026-04-09T00:42:17.357+0000] {dag.py:4180} INFO - Setting next_dagrun for dataset_with_extra_by_context to 2026-04-08 00:00:00+00:00, run_after=2026-04-09 00:00:00+00:00
[2026-04-09T00:42:17.361+0000] {logging_mixin.py:190} INFO - [2026-04-09T00:42:17.361+0000] {dag.py:4180} INFO - Setting next_dagrun for dataset_with_extra_by_yield to 2026-04-08 00:00:00+00:00, run_after=2026-04-09 00:00:00+00:00
[2026-04-09T00:42:17.362+0000] {logging_mixin.py:190} INFO - [2026-04-09T00:42:17.362+0000] {dag.py:4180} INFO - Setting next_dagrun for dataset_with_extra_from_classic_operator to 2026-04-08 00:00:00+00:00, run_after=2026-04-09 00:00:00+00:00
[2026-04-09T00:42:17.377+0000] {processor.py:208} INFO - Processing /home/airflow/.local/lib/python3.12/site-packages/airflow/example_dags/example_outlet_event_extra.py took 0.243 seconds
[2026-04-09T00:59:14.523+0000] {processor.py:186} INFO - Started process (PID=38287) to work on /home/airflow/.local/lib/python3.12/site-packages/airflow/example_dags/example_outlet_event_extra.py
[2026-04-09T00:59:14.524+0000] {processor.py:914} INFO - Processing file /home/airflow/.local/lib/python3.12/site-packages/airflow/example_dags/example_outlet_event_extra.py for tasks to queue
[2026-04-09T00:59:14.524+0000] {logging_mixin.py:190} INFO - [2026-04-09T00:59:14.524+0000] {dagbag.py:588} INFO - Filling up the DagBag from /home/airflow/.local/lib/python3.12/site-packages/airflow/example_dags/example_outlet_event_extra.py
[2026-04-09T00:59:14.838+0000] {processor.py:925} INFO - DAG(s) 'dataset_with_extra_by_yield', 'dataset_with_extra_by_context', 'dataset_with_extra_from_classic_operator' retrieved from /home/airflow/.local/lib/python3.12/site-packages/airflow/example_dags/example_outlet_event_extra.py
[2026-04-09T00:59:14.852+0000] {logging_mixin.py:190} INFO - [2026-04-09T00:59:14.852+0000] {dag.py:3239} INFO - Sync 3 DAGs
[2026-04-09T00:59:14.866+0000] {logging_mixin.py:190} INFO - [2026-04-09T00:59:14.866+0000] {dag.py:4180} INFO - Setting next_dagrun for dataset_with_extra_by_context to 2026-04-08 00:00:00+00:00, run_after=2026-04-09 00:00:00+00:00
[2026-04-09T00:59:14.870+0000] {logging_mixin.py:190} INFO - [2026-04-09T00:59:14.870+0000] {dag.py:4180} INFO - Setting next_dagrun for dataset_with_extra_by_yield to 2026-04-08 00:00:00+00:00, run_after=2026-04-09 00:00:00+00:00
[2026-04-09T00:59:14.873+0000] {logging_mixin.py:190} INFO - [2026-04-09T00:59:14.873+0000] {dag.py:4180} INFO - Setting next_dagrun for dataset_with_extra_from_classic_operator to 2026-04-08 00:00:00+00:00, run_after=2026-04-09 00:00:00+00:00
[2026-04-09T00:59:14.888+0000] {processor.py:208} INFO - Processing /home/airflow/.local/lib/python3.12/site-packages/airflow/example_dags/example_outlet_event_extra.py took 0.369 seconds
[2026-04-09T01:14:45.055+0000] {processor.py:186} INFO - Started process (PID=38351) to work on /home/airflow/.local/lib/python3.12/site-packages/airflow/example_dags/example_outlet_event_extra.py
[2026-04-09T01:14:45.056+0000] {processor.py:914} INFO - Processing file /home/airflow/.local/lib/python3.12/site-packages/airflow/example_dags/example_outlet_event_extra.py for tasks to queue
[2026-04-09T01:14:45.057+0000] {logging_mixin.py:190} INFO - [2026-04-09T01:14:45.057+0000] {dagbag.py:588} INFO - Filling up the DagBag from /home/airflow/.local/lib/python3.12/site-packages/airflow/example_dags/example_outlet_event_extra.py
[2026-04-09T01:14:45.434+0000] {processor.py:925} INFO - DAG(s) 'dataset_with_extra_by_context', 'dataset_with_extra_from_classic_operator', 'dataset_with_extra_by_yield' retrieved from /home/airflow/.local/lib/python3.12/site-packages/airflow/example_dags/example_outlet_event_extra.py
[2026-04-09T01:14:45.448+0000] {logging_mixin.py:190} INFO - [2026-04-09T01:14:45.447+0000] {dag.py:3239} INFO - Sync 3 DAGs
[2026-04-09T01:14:45.460+0000] {logging_mixin.py:190} INFO - [2026-04-09T01:14:45.460+0000] {dag.py:4180} INFO - Setting next_dagrun for dataset_with_extra_by_context to 2026-04-08 00:00:00+00:00, run_after=2026-04-09 00:00:00+00:00
[2026-04-09T01:14:45.463+0000] {logging_mixin.py:190} INFO - [2026-04-09T01:14:45.463+0000] {dag.py:4180} INFO - Setting next_dagrun for dataset_with_extra_by_yield to 2026-04-08 00:00:00+00:00, run_after=2026-04-09 00:00:00+00:00
[2026-04-09T01:14:45.464+0000] {logging_mixin.py:190} INFO - [2026-04-09T01:14:45.464+0000] {dag.py:4180} INFO - Setting next_dagrun for dataset_with_extra_from_classic_operator to 2026-04-08 00:00:00+00:00, run_after=2026-04-09 00:00:00+00:00
[2026-04-09T01:14:45.474+0000] {processor.py:208} INFO - Processing /home/airflow/.local/lib/python3.12/site-packages/airflow/example_dags/example_outlet_event_extra.py took 0.422 seconds
[2026-04-09T01:15:16.164+0000] {processor.py:186} INFO - Started process (PID=38415) to work on /home/airflow/.local/lib/python3.12/site-packages/airflow/example_dags/example_outlet_event_extra.py
[2026-04-09T01:15:16.165+0000] {processor.py:914} INFO - Processing file /home/airflow/.local/lib/python3.12/site-packages/airflow/example_dags/example_outlet_event_extra.py for tasks to queue
[2026-04-09T01:15:16.167+0000] {logging_mixin.py:190} INFO - [2026-04-09T01:15:16.167+0000] {dagbag.py:588} INFO - Filling up the DagBag from /home/airflow/.local/lib/python3.12/site-packages/airflow/example_dags/example_outlet_event_extra.py
[2026-04-09T01:15:16.507+0000] {processor.py:925} INFO - DAG(s) 'dataset_with_extra_by_context', 'dataset_with_extra_by_yield', 'dataset_with_extra_from_classic_operator' retrieved from /home/airflow/.local/lib/python3.12/site-packages/airflow/example_dags/example_outlet_event_extra.py
[2026-04-09T01:15:16.520+0000] {logging_mixin.py:190} INFO - [2026-04-09T01:15:16.520+0000] {dag.py:3239} INFO - Sync 3 DAGs
[2026-04-09T01:15:16.529+0000] {logging_mixin.py:190} INFO - [2026-04-09T01:15:16.529+0000] {dag.py:4180} INFO - Setting next_dagrun for dataset_with_extra_by_context to 2026-04-08 00:00:00+00:00, run_after=2026-04-09 00:00:00+00:00
[2026-04-09T01:15:16.531+0000] {logging_mixin.py:190} INFO - [2026-04-09T01:15:16.530+0000] {dag.py:4180} INFO - Setting next_dagrun for dataset_with_extra_by_yield to 2026-04-08 00:00:00+00:00, run_after=2026-04-09 00:00:00+00:00
[2026-04-09T01:15:16.531+0000] {logging_mixin.py:190} INFO - [2026-04-09T01:15:16.531+0000] {dag.py:4180} INFO - Setting next_dagrun for dataset_with_extra_from_classic_operator to 2026-04-08 00:00:00+00:00, run_after=2026-04-09 00:00:00+00:00
[2026-04-09T01:15:16.538+0000] {processor.py:208} INFO - Processing /home/airflow/.local/lib/python3.12/site-packages/airflow/example_dags/example_outlet_event_extra.py took 0.380 seconds
[2026-04-09T01:30:52.038+0000] {processor.py:186} INFO - Started process (PID=38479) to work on /home/airflow/.local/lib/python3.12/site-packages/airflow/example_dags/example_outlet_event_extra.py
[2026-04-09T01:30:52.039+0000] {processor.py:914} INFO - Processing file /home/airflow/.local/lib/python3.12/site-packages/airflow/example_dags/example_outlet_event_extra.py for tasks to queue
[2026-04-09T01:30:52.039+0000] {logging_mixin.py:190} INFO - [2026-04-09T01:30:52.039+0000] {dagbag.py:588} INFO - Filling up the DagBag from /home/airflow/.local/lib/python3.12/site-packages/airflow/example_dags/example_outlet_event_extra.py
[2026-04-09T01:30:52.252+0000] {processor.py:925} INFO - DAG(s) 'dataset_with_extra_by_context', 'dataset_with_extra_from_classic_operator', 'dataset_with_extra_by_yield' retrieved from /home/airflow/.local/lib/python3.12/site-packages/airflow/example_dags/example_outlet_event_extra.py
[2026-04-09T01:30:52.260+0000] {logging_mixin.py:190} INFO - [2026-04-09T01:30:52.260+0000] {dag.py:3239} INFO - Sync 3 DAGs
[2026-04-09T01:30:52.269+0000] {logging_mixin.py:190} INFO - [2026-04-09T01:30:52.269+0000] {dag.py:4180} INFO - Setting next_dagrun for dataset_with_extra_by_context to 2026-04-08 00:00:00+00:00, run_after=2026-04-09 00:00:00+00:00
[2026-04-09T01:30:52.273+0000] {logging_mixin.py:190} INFO - [2026-04-09T01:30:52.273+0000] {dag.py:4180} INFO - Setting next_dagrun for dataset_with_extra_by_yield to 2026-04-08 00:00:00+00:00, run_after=2026-04-09 00:00:00+00:00
[2026-04-09T01:30:52.274+0000] {logging_mixin.py:190} INFO - [2026-04-09T01:30:52.274+0000] {dag.py:4180} INFO - Setting next_dagrun for dataset_with_extra_from_classic_operator to 2026-04-08 00:00:00+00:00, run_after=2026-04-09 00:00:00+00:00
[2026-04-09T01:30:52.286+0000] {processor.py:208} INFO - Processing /home/airflow/.local/lib/python3.12/site-packages/airflow/example_dags/example_outlet_event_extra.py took 0.250 seconds
[2026-04-09T01:46:23.542+0000] {processor.py:186} INFO - Started process (PID=38543) to work on /home/airflow/.local/lib/python3.12/site-packages/airflow/example_dags/example_outlet_event_extra.py
[2026-04-09T01:46:23.543+0000] {processor.py:914} INFO - Processing file /home/airflow/.local/lib/python3.12/site-packages/airflow/example_dags/example_outlet_event_extra.py for tasks to queue
[2026-04-09T01:46:23.544+0000] {logging_mixin.py:190} INFO - [2026-04-09T01:46:23.544+0000] {dagbag.py:588} INFO - Filling up the DagBag from /home/airflow/.local/lib/python3.12/site-packages/airflow/example_dags/example_outlet_event_extra.py
[2026-04-09T01:46:23.771+0000] {processor.py:925} INFO - DAG(s) 'dataset_with_extra_by_context', 'dataset_with_extra_by_yield', 'dataset_with_extra_from_classic_operator' retrieved from /home/airflow/.local/lib/python3.12/site-packages/airflow/example_dags/example_outlet_event_extra.py
[2026-04-09T01:46:23.786+0000] {logging_mixin.py:190} INFO - [2026-04-09T01:46:23.786+0000] {dag.py:3239} INFO - Sync 3 DAGs
[2026-04-09T01:46:23.794+0000] {logging_mixin.py:190} INFO - [2026-04-09T01:46:23.793+0000] {dag.py:4180} INFO - Setting next_dagrun for dataset_with_extra_by_context to 2026-04-08 00:00:00+00:00, run_after=2026-04-09 00:00:00+00:00
[2026-04-09T01:46:23.798+0000] {logging_mixin.py:190} INFO - [2026-04-09T01:46:23.798+0000] {dag.py:4180} INFO - Setting next_dagrun for dataset_with_extra_by_yield to 2026-04-08 00:00:00+00:00, run_after=2026-04-09 00:00:00+00:00
[2026-04-09T01:46:23.801+0000] {logging_mixin.py:190} INFO - [2026-04-09T01:46:23.801+0000] {dag.py:4180} INFO - Setting next_dagrun for dataset_with_extra_from_classic_operator to 2026-04-08 00:00:00+00:00, run_after=2026-04-09 00:00:00+00:00
[2026-04-09T01:46:23.809+0000] {processor.py:208} INFO - Processing /home/airflow/.local/lib/python3.12/site-packages/airflow/example_dags/example_outlet_event_extra.py took 0.268 seconds
[2026-04-09T01:46:54.894+0000] {processor.py:186} INFO - Started process (PID=38611) to work on /home/airflow/.local/lib/python3.12/site-packages/airflow/example_dags/example_outlet_event_extra.py
[2026-04-09T01:46:54.894+0000] {processor.py:914} INFO - Processing file /home/airflow/.local/lib/python3.12/site-packages/airflow/example_dags/example_outlet_event_extra.py for tasks to queue
[2026-04-09T01:46:54.895+0000] {logging_mixin.py:190} INFO - [2026-04-09T01:46:54.895+0000] {dagbag.py:588} INFO - Filling up the DagBag from /home/airflow/.local/lib/python3.12/site-packages/airflow/example_dags/example_outlet_event_extra.py
[2026-04-09T01:46:55.096+0000] {processor.py:925} INFO - DAG(s) 'dataset_with_extra_by_yield', 'dataset_with_extra_by_context', 'dataset_with_extra_from_classic_operator' retrieved from /home/airflow/.local/lib/python3.12/site-packages/airflow/example_dags/example_outlet_event_extra.py
[2026-04-09T01:46:55.111+0000] {logging_mixin.py:190} INFO - [2026-04-09T01:46:55.111+0000] {dag.py:3239} INFO - Sync 3 DAGs
[2026-04-09T01:46:55.118+0000] {logging_mixin.py:190} INFO - [2026-04-09T01:46:55.118+0000] {dag.py:4180} INFO - Setting next_dagrun for dataset_with_extra_by_context to 2026-04-08 00:00:00+00:00, run_after=2026-04-09 00:00:00+00:00
[2026-04-09T01:46:55.122+0000] {logging_mixin.py:190} INFO - [2026-04-09T01:46:55.122+0000] {dag.py:4180} INFO - Setting next_dagrun for dataset_with_extra_by_yield to 2026-04-08 00:00:00+00:00, run_after=2026-04-09 00:00:00+00:00
[2026-04-09T01:46:55.123+0000] {logging_mixin.py:190} INFO - [2026-04-09T01:46:55.123+0000] {dag.py:4180} INFO - Setting next_dagrun for dataset_with_extra_from_classic_operator to 2026-04-08 00:00:00+00:00, run_after=2026-04-09 00:00:00+00:00
[2026-04-09T01:46:55.131+0000] {processor.py:208} INFO - Processing /home/airflow/.local/lib/python3.12/site-packages/airflow/example_dags/example_outlet_event_extra.py took 0.240 seconds
[2026-04-09T02:02:24.103+0000] {processor.py:186} INFO - Started process (PID=38671) to work on /home/airflow/.local/lib/python3.12/site-packages/airflow/example_dags/example_outlet_event_extra.py
[2026-04-09T02:02:24.104+0000] {processor.py:914} INFO - Processing file /home/airflow/.local/lib/python3.12/site-packages/airflow/example_dags/example_outlet_event_extra.py for tasks to queue
[2026-04-09T02:02:24.104+0000] {logging_mixin.py:190} INFO - [2026-04-09T02:02:24.104+0000] {dagbag.py:588} INFO - Filling up the DagBag from /home/airflow/.local/lib/python3.12/site-packages/airflow/example_dags/example_outlet_event_extra.py
[2026-04-09T02:02:24.272+0000] {processor.py:925} INFO - DAG(s) 'dataset_with_extra_from_classic_operator', 'dataset_with_extra_by_context', 'dataset_with_extra_by_yield' retrieved from /home/airflow/.local/lib/python3.12/site-packages/airflow/example_dags/example_outlet_event_extra.py
[2026-04-09T02:02:24.279+0000] {logging_mixin.py:190} INFO - [2026-04-09T02:02:24.279+0000] {dag.py:3239} INFO - Sync 3 DAGs
[2026-04-09T02:02:24.286+0000] {logging_mixin.py:190} INFO - [2026-04-09T02:02:24.286+0000] {dag.py:4180} INFO - Setting next_dagrun for dataset_with_extra_by_context to 2026-04-08 00:00:00+00:00, run_after=2026-04-09 00:00:00+00:00
[2026-04-09T02:02:24.287+0000] {logging_mixin.py:190} INFO - [2026-04-09T02:02:24.287+0000] {dag.py:4180} INFO - Setting next_dagrun for dataset_with_extra_by_yield to 2026-04-08 00:00:00+00:00, run_after=2026-04-09 00:00:00+00:00
[2026-04-09T02:02:24.288+0000] {logging_mixin.py:190} INFO - [2026-04-09T02:02:24.288+0000] {dag.py:4180} INFO - Setting next_dagrun for dataset_with_extra_from_classic_operator to 2026-04-08 00:00:00+00:00, run_after=2026-04-09 00:00:00+00:00
[2026-04-09T02:02:24.292+0000] {processor.py:208} INFO - Processing /home/airflow/.local/lib/python3.12/site-packages/airflow/example_dags/example_outlet_event_extra.py took 0.191 seconds
[2026-04-09T02:17:55.967+0000] {processor.py:186} INFO - Started process (PID=38735) to work on /home/airflow/.local/lib/python3.12/site-packages/airflow/example_dags/example_outlet_event_extra.py
[2026-04-09T02:17:55.968+0000] {processor.py:914} INFO - Processing file /home/airflow/.local/lib/python3.12/site-packages/airflow/example_dags/example_outlet_event_extra.py for tasks to queue
[2026-04-09T02:17:55.968+0000] {logging_mixin.py:190} INFO - [2026-04-09T02:17:55.968+0000] {dagbag.py:588} INFO - Filling up the DagBag from /home/airflow/.local/lib/python3.12/site-packages/airflow/example_dags/example_outlet_event_extra.py
[2026-04-09T02:17:56.229+0000] {processor.py:925} INFO - DAG(s) 'dataset_with_extra_from_classic_operator', 'dataset_with_extra_by_yield', 'dataset_with_extra_by_context' retrieved from /home/airflow/.local/lib/python3.12/site-packages/airflow/example_dags/example_outlet_event_extra.py
[2026-04-09T02:17:56.240+0000] {logging_mixin.py:190} INFO - [2026-04-09T02:17:56.240+0000] {dag.py:3239} INFO - Sync 3 DAGs
[2026-04-09T02:17:56.252+0000] {logging_mixin.py:190} INFO - [2026-04-09T02:17:56.252+0000] {dag.py:4180} INFO - Setting next_dagrun for dataset_with_extra_by_context to 2026-04-08 00:00:00+00:00, run_after=2026-04-09 00:00:00+00:00
[2026-04-09T02:17:56.254+0000] {logging_mixin.py:190} INFO - [2026-04-09T02:17:56.254+0000] {dag.py:4180} INFO - Setting next_dagrun for dataset_with_extra_by_yield to 2026-04-08 00:00:00+00:00, run_after=2026-04-09 00:00:00+00:00
[2026-04-09T02:17:56.255+0000] {logging_mixin.py:190} INFO - [2026-04-09T02:17:56.255+0000] {dag.py:4180} INFO - Setting next_dagrun for dataset_with_extra_from_classic_operator to 2026-04-08 00:00:00+00:00, run_after=2026-04-09 00:00:00+00:00
[2026-04-09T02:17:56.262+0000] {processor.py:208} INFO - Processing /home/airflow/.local/lib/python3.12/site-packages/airflow/example_dags/example_outlet_event_extra.py took 0.297 seconds
[2026-04-09T02:18:26.660+0000] {processor.py:186} INFO - Started process (PID=38802) to work on /home/airflow/.local/lib/python3.12/site-packages/airflow/example_dags/example_outlet_event_extra.py
[2026-04-09T02:18:26.661+0000] {processor.py:914} INFO - Processing file /home/airflow/.local/lib/python3.12/site-packages/airflow/example_dags/example_outlet_event_extra.py for tasks to queue
[2026-04-09T02:18:26.662+0000] {logging_mixin.py:190} INFO - [2026-04-09T02:18:26.662+0000] {dagbag.py:588} INFO - Filling up the DagBag from /home/airflow/.local/lib/python3.12/site-packages/airflow/example_dags/example_outlet_event_extra.py
[2026-04-09T02:18:26.861+0000] {processor.py:925} INFO - DAG(s) 'dataset_with_extra_from_classic_operator', 'dataset_with_extra_by_context', 'dataset_with_extra_by_yield' retrieved from /home/airflow/.local/lib/python3.12/site-packages/airflow/example_dags/example_outlet_event_extra.py
[2026-04-09T02:18:26.867+0000] {logging_mixin.py:190} INFO - [2026-04-09T02:18:26.867+0000] {dag.py:3239} INFO - Sync 3 DAGs
[2026-04-09T02:18:26.875+0000] {logging_mixin.py:190} INFO - [2026-04-09T02:18:26.875+0000] {dag.py:4180} INFO - Setting next_dagrun for dataset_with_extra_by_context to 2026-04-08 00:00:00+00:00, run_after=2026-04-09 00:00:00+00:00
[2026-04-09T02:18:26.876+0000] {logging_mixin.py:190} INFO - [2026-04-09T02:18:26.876+0000] {dag.py:4180} INFO - Setting next_dagrun for dataset_with_extra_by_yield to 2026-04-08 00:00:00+00:00, run_after=2026-04-09 00:00:00+00:00
[2026-04-09T02:18:26.877+0000] {logging_mixin.py:190} INFO - [2026-04-09T02:18:26.877+0000] {dag.py:4180} INFO - Setting next_dagrun for dataset_with_extra_from_classic_operator to 2026-04-08 00:00:00+00:00, run_after=2026-04-09 00:00:00+00:00
[2026-04-09T02:18:26.885+0000] {processor.py:208} INFO - Processing /home/airflow/.local/lib/python3.12/site-packages/airflow/example_dags/example_outlet_event_extra.py took 0.228 seconds
[2026-04-09T02:27:46.399+0000] {processor.py:186} INFO - Started process (PID=38863) to work on /home/airflow/.local/lib/python3.12/site-packages/airflow/example_dags/example_outlet_event_extra.py
[2026-04-09T02:27:46.399+0000] {processor.py:914} INFO - Processing file /home/airflow/.local/lib/python3.12/site-packages/airflow/example_dags/example_outlet_event_extra.py for tasks to queue
[2026-04-09T02:27:46.400+0000] {logging_mixin.py:190} INFO - [2026-04-09T02:27:46.399+0000] {dagbag.py:588} INFO - Filling up the DagBag from /home/airflow/.local/lib/python3.12/site-packages/airflow/example_dags/example_outlet_event_extra.py
[2026-04-09T02:27:46.612+0000] {processor.py:925} INFO - DAG(s) 'dataset_with_extra_by_context', 'dataset_with_extra_by_yield', 'dataset_with_extra_from_classic_operator' retrieved from /home/airflow/.local/lib/python3.12/site-packages/airflow/example_dags/example_outlet_event_extra.py
[2026-04-09T02:27:46.626+0000] {logging_mixin.py:190} INFO - [2026-04-09T02:27:46.626+0000] {dag.py:3239} INFO - Sync 3 DAGs
[2026-04-09T02:27:46.634+0000] {logging_mixin.py:190} INFO - [2026-04-09T02:27:46.634+0000] {dag.py:4180} INFO - Setting next_dagrun for dataset_with_extra_by_context to 2026-04-08 00:00:00+00:00, run_after=2026-04-09 00:00:00+00:00
[2026-04-09T02:27:46.637+0000] {logging_mixin.py:190} INFO - [2026-04-09T02:27:46.637+0000] {dag.py:4180} INFO - Setting next_dagrun for dataset_with_extra_by_yield to 2026-04-08 00:00:00+00:00, run_after=2026-04-09 00:00:00+00:00
[2026-04-09T02:27:46.639+0000] {logging_mixin.py:190} INFO - [2026-04-09T02:27:46.639+0000] {dag.py:4180} INFO - Setting next_dagrun for dataset_with_extra_from_classic_operator to 2026-04-08 00:00:00+00:00, run_after=2026-04-09 00:00:00+00:00
[2026-04-09T02:27:46.645+0000] {processor.py:208} INFO - Processing /home/airflow/.local/lib/python3.12/site-packages/airflow/example_dags/example_outlet_event_extra.py took 0.249 seconds
[2026-04-09T02:43:17.502+0000] {processor.py:186} INFO - Started process (PID=38927) to work on /home/airflow/.local/lib/python3.12/site-packages/airflow/example_dags/example_outlet_event_extra.py
[2026-04-09T02:43:17.505+0000] {processor.py:914} INFO - Processing file /home/airflow/.local/lib/python3.12/site-packages/airflow/example_dags/example_outlet_event_extra.py for tasks to queue
[2026-04-09T02:43:17.508+0000] {logging_mixin.py:190} INFO - [2026-04-09T02:43:17.508+0000] {dagbag.py:588} INFO - Filling up the DagBag from /home/airflow/.local/lib/python3.12/site-packages/airflow/example_dags/example_outlet_event_extra.py
[2026-04-09T02:43:18.378+0000] {processor.py:925} INFO - DAG(s) 'dataset_with_extra_from_classic_operator', 'dataset_with_extra_by_context', 'dataset_with_extra_by_yield' retrieved from /home/airflow/.local/lib/python3.12/site-packages/airflow/example_dags/example_outlet_event_extra.py
[2026-04-09T02:43:18.410+0000] {logging_mixin.py:190} INFO - [2026-04-09T02:43:18.409+0000] {dag.py:3239} INFO - Sync 3 DAGs
[2026-04-09T02:43:18.445+0000] {logging_mixin.py:190} INFO - [2026-04-09T02:43:18.444+0000] {dag.py:4180} INFO - Setting next_dagrun for dataset_with_extra_by_context to 2026-04-08 00:00:00+00:00, run_after=2026-04-09 00:00:00+00:00
[2026-04-09T02:43:18.450+0000] {logging_mixin.py:190} INFO - [2026-04-09T02:43:18.449+0000] {dag.py:4180} INFO - Setting next_dagrun for dataset_with_extra_by_yield to 2026-04-08 00:00:00+00:00, run_after=2026-04-09 00:00:00+00:00
[2026-04-09T02:43:18.452+0000] {logging_mixin.py:190} INFO - [2026-04-09T02:43:18.452+0000] {dag.py:4180} INFO - Setting next_dagrun for dataset_with_extra_from_classic_operator to 2026-04-08 00:00:00+00:00, run_after=2026-04-09 00:00:00+00:00
[2026-04-09T02:43:18.472+0000] {processor.py:208} INFO - Processing /home/airflow/.local/lib/python3.12/site-packages/airflow/example_dags/example_outlet_event_extra.py took 0.979 seconds
[2026-04-09T02:43:49.300+0000] {processor.py:186} INFO - Started process (PID=38995) to work on /home/airflow/.local/lib/python3.12/site-packages/airflow/example_dags/example_outlet_event_extra.py
[2026-04-09T02:43:49.301+0000] {processor.py:914} INFO - Processing file /home/airflow/.local/lib/python3.12/site-packages/airflow/example_dags/example_outlet_event_extra.py for tasks to queue
[2026-04-09T02:43:49.302+0000] {logging_mixin.py:190} INFO - [2026-04-09T02:43:49.302+0000] {dagbag.py:588} INFO - Filling up the DagBag from /home/airflow/.local/lib/python3.12/site-packages/airflow/example_dags/example_outlet_event_extra.py
[2026-04-09T02:43:49.529+0000] {processor.py:925} INFO - DAG(s) 'dataset_with_extra_from_classic_operator', 'dataset_with_extra_by_context', 'dataset_with_extra_by_yield' retrieved from /home/airflow/.local/lib/python3.12/site-packages/airflow/example_dags/example_outlet_event_extra.py
[2026-04-09T02:43:49.539+0000] {logging_mixin.py:190} INFO - [2026-04-09T02:43:49.539+0000] {dag.py:3239} INFO - Sync 3 DAGs
[2026-04-09T02:43:49.550+0000] {logging_mixin.py:190} INFO - [2026-04-09T02:43:49.549+0000] {dag.py:4180} INFO - Setting next_dagrun for dataset_with_extra_by_context to 2026-04-08 00:00:00+00:00, run_after=2026-04-09 00:00:00+00:00
[2026-04-09T02:43:49.552+0000] {logging_mixin.py:190} INFO - [2026-04-09T02:43:49.552+0000] {dag.py:4180} INFO - Setting next_dagrun for dataset_with_extra_by_yield to 2026-04-08 00:00:00+00:00, run_after=2026-04-09 00:00:00+00:00
[2026-04-09T02:43:49.553+0000] {logging_mixin.py:190} INFO - [2026-04-09T02:43:49.553+0000] {dag.py:4180} INFO - Setting next_dagrun for dataset_with_extra_from_classic_operator to 2026-04-08 00:00:00+00:00, run_after=2026-04-09 00:00:00+00:00
[2026-04-09T02:43:49.560+0000] {processor.py:208} INFO - Processing /home/airflow/.local/lib/python3.12/site-packages/airflow/example_dags/example_outlet_event_extra.py took 0.266 seconds
[2026-04-09T02:59:17.587+0000] {processor.py:186} INFO - Started process (PID=39055) to work on /home/airflow/.local/lib/python3.12/site-packages/airflow/example_dags/example_outlet_event_extra.py
[2026-04-09T02:59:17.587+0000] {processor.py:914} INFO - Processing file /home/airflow/.local/lib/python3.12/site-packages/airflow/example_dags/example_outlet_event_extra.py for tasks to queue
[2026-04-09T02:59:17.588+0000] {logging_mixin.py:190} INFO - [2026-04-09T02:59:17.588+0000] {dagbag.py:588} INFO - Filling up the DagBag from /home/airflow/.local/lib/python3.12/site-packages/airflow/example_dags/example_outlet_event_extra.py
[2026-04-09T02:59:17.797+0000] {processor.py:925} INFO - DAG(s) 'dataset_with_extra_by_context', 'dataset_with_extra_by_yield', 'dataset_with_extra_from_classic_operator' retrieved from /home/airflow/.local/lib/python3.12/site-packages/airflow/example_dags/example_outlet_event_extra.py
[2026-04-09T02:59:17.804+0000] {logging_mixin.py:190} INFO - [2026-04-09T02:59:17.804+0000] {dag.py:3239} INFO - Sync 3 DAGs
[2026-04-09T02:59:17.813+0000] {logging_mixin.py:190} INFO - [2026-04-09T02:59:17.813+0000] {dag.py:4180} INFO - Setting next_dagrun for dataset_with_extra_by_context to 2026-04-08 00:00:00+00:00, run_after=2026-04-09 00:00:00+00:00
[2026-04-09T02:59:17.816+0000] {logging_mixin.py:190} INFO - [2026-04-09T02:59:17.816+0000] {dag.py:4180} INFO - Setting next_dagrun for dataset_with_extra_by_yield to 2026-04-08 00:00:00+00:00, run_after=2026-04-09 00:00:00+00:00
[2026-04-09T02:59:17.816+0000] {logging_mixin.py:190} INFO - [2026-04-09T02:59:17.816+0000] {dag.py:4180} INFO - Setting next_dagrun for dataset_with_extra_from_classic_operator to 2026-04-08 00:00:00+00:00, run_after=2026-04-09 00:00:00+00:00
[2026-04-09T02:59:17.827+0000] {processor.py:208} INFO - Processing /home/airflow/.local/lib/python3.12/site-packages/airflow/example_dags/example_outlet_event_extra.py took 0.242 seconds
[2026-04-09T02:59:49.042+0000] {processor.py:186} INFO - Started process (PID=39122) to work on /home/airflow/.local/lib/python3.12/site-packages/airflow/example_dags/example_outlet_event_extra.py
[2026-04-09T02:59:49.043+0000] {processor.py:914} INFO - Processing file /home/airflow/.local/lib/python3.12/site-packages/airflow/example_dags/example_outlet_event_extra.py for tasks to queue
[2026-04-09T02:59:49.043+0000] {logging_mixin.py:190} INFO - [2026-04-09T02:59:49.043+0000] {dagbag.py:588} INFO - Filling up the DagBag from /home/airflow/.local/lib/python3.12/site-packages/airflow/example_dags/example_outlet_event_extra.py
[2026-04-09T02:59:49.260+0000] {processor.py:925} INFO - DAG(s) 'dataset_with_extra_by_yield', 'dataset_with_extra_by_context', 'dataset_with_extra_from_classic_operator' retrieved from /home/airflow/.local/lib/python3.12/site-packages/airflow/example_dags/example_outlet_event_extra.py
[2026-04-09T02:59:49.273+0000] {logging_mixin.py:190} INFO - [2026-04-09T02:59:49.273+0000] {dag.py:3239} INFO - Sync 3 DAGs
[2026-04-09T02:59:49.285+0000] {logging_mixin.py:190} INFO - [2026-04-09T02:59:49.285+0000] {dag.py:4180} INFO - Setting next_dagrun for dataset_with_extra_by_context to 2026-04-08 00:00:00+00:00, run_after=2026-04-09 00:00:00+00:00
[2026-04-09T02:59:49.288+0000] {logging_mixin.py:190} INFO - [2026-04-09T02:59:49.288+0000] {dag.py:4180} INFO - Setting next_dagrun for dataset_with_extra_by_yield to 2026-04-08 00:00:00+00:00, run_after=2026-04-09 00:00:00+00:00
[2026-04-09T02:59:49.289+0000] {logging_mixin.py:190} INFO - [2026-04-09T02:59:49.289+0000] {dag.py:4180} INFO - Setting next_dagrun for dataset_with_extra_from_classic_operator to 2026-04-08 00:00:00+00:00, run_after=2026-04-09 00:00:00+00:00
[2026-04-09T02:59:49.295+0000] {processor.py:208} INFO - Processing /home/airflow/.local/lib/python3.12/site-packages/airflow/example_dags/example_outlet_event_extra.py took 0.256 seconds
[2026-04-09T03:15:18.530+0000] {processor.py:186} INFO - Started process (PID=39183) to work on /home/airflow/.local/lib/python3.12/site-packages/airflow/example_dags/example_outlet_event_extra.py
[2026-04-09T03:15:18.531+0000] {processor.py:914} INFO - Processing file /home/airflow/.local/lib/python3.12/site-packages/airflow/example_dags/example_outlet_event_extra.py for tasks to queue
[2026-04-09T03:15:18.531+0000] {logging_mixin.py:190} INFO - [2026-04-09T03:15:18.531+0000] {dagbag.py:588} INFO - Filling up the DagBag from /home/airflow/.local/lib/python3.12/site-packages/airflow/example_dags/example_outlet_event_extra.py
[2026-04-09T03:15:18.735+0000] {processor.py:925} INFO - DAG(s) 'dataset_with_extra_by_yield', 'dataset_with_extra_by_context', 'dataset_with_extra_from_classic_operator' retrieved from /home/airflow/.local/lib/python3.12/site-packages/airflow/example_dags/example_outlet_event_extra.py
[2026-04-09T03:15:18.745+0000] {logging_mixin.py:190} INFO - [2026-04-09T03:15:18.745+0000] {dag.py:3239} INFO - Sync 3 DAGs
[2026-04-09T03:15:18.755+0000] {logging_mixin.py:190} INFO - [2026-04-09T03:15:18.755+0000] {dag.py:4180} INFO - Setting next_dagrun for dataset_with_extra_by_context to 2026-04-08 00:00:00+00:00, run_after=2026-04-09 00:00:00+00:00
[2026-04-09T03:15:18.756+0000] {logging_mixin.py:190} INFO - [2026-04-09T03:15:18.756+0000] {dag.py:4180} INFO - Setting next_dagrun for dataset_with_extra_by_yield to 2026-04-08 00:00:00+00:00, run_after=2026-04-09 00:00:00+00:00
[2026-04-09T03:15:18.759+0000] {logging_mixin.py:190} INFO - [2026-04-09T03:15:18.759+0000] {dag.py:4180} INFO - Setting next_dagrun for dataset_with_extra_from_classic_operator to 2026-04-08 00:00:00+00:00, run_after=2026-04-09 00:00:00+00:00
[2026-04-09T03:15:18.771+0000] {processor.py:208} INFO - Processing /home/airflow/.local/lib/python3.12/site-packages/airflow/example_dags/example_outlet_event_extra.py took 0.243 seconds
[2026-04-09T03:28:38.598+0000] {processor.py:186} INFO - Started process (PID=39247) to work on /home/airflow/.local/lib/python3.12/site-packages/airflow/example_dags/example_outlet_event_extra.py
[2026-04-09T03:28:38.598+0000] {processor.py:914} INFO - Processing file /home/airflow/.local/lib/python3.12/site-packages/airflow/example_dags/example_outlet_event_extra.py for tasks to queue
[2026-04-09T03:28:38.598+0000] {logging_mixin.py:190} INFO - [2026-04-09T03:28:38.598+0000] {dagbag.py:588} INFO - Filling up the DagBag from /home/airflow/.local/lib/python3.12/site-packages/airflow/example_dags/example_outlet_event_extra.py
[2026-04-09T03:28:38.822+0000] {processor.py:925} INFO - DAG(s) 'dataset_with_extra_from_classic_operator', 'dataset_with_extra_by_yield', 'dataset_with_extra_by_context' retrieved from /home/airflow/.local/lib/python3.12/site-packages/airflow/example_dags/example_outlet_event_extra.py
[2026-04-09T03:28:38.839+0000] {logging_mixin.py:190} INFO - [2026-04-09T03:28:38.839+0000] {dag.py:3239} INFO - Sync 3 DAGs
[2026-04-09T03:28:38.848+0000] {logging_mixin.py:190} INFO - [2026-04-09T03:28:38.848+0000] {dag.py:4180} INFO - Setting next_dagrun for dataset_with_extra_by_context to 2026-04-08 00:00:00+00:00, run_after=2026-04-09 00:00:00+00:00
[2026-04-09T03:28:38.850+0000] {logging_mixin.py:190} INFO - [2026-04-09T03:28:38.850+0000] {dag.py:4180} INFO - Setting next_dagrun for dataset_with_extra_by_yield to 2026-04-08 00:00:00+00:00, run_after=2026-04-09 00:00:00+00:00
[2026-04-09T03:28:38.851+0000] {logging_mixin.py:190} INFO - [2026-04-09T03:28:38.850+0000] {dag.py:4180} INFO - Setting next_dagrun for dataset_with_extra_from_classic_operator to 2026-04-08 00:00:00+00:00, run_after=2026-04-09 00:00:00+00:00
[2026-04-09T03:28:38.857+0000] {processor.py:208} INFO - Processing /home/airflow/.local/lib/python3.12/site-packages/airflow/example_dags/example_outlet_event_extra.py took 0.261 seconds
[2026-04-09T03:29:08.986+0000] {processor.py:186} INFO - Started process (PID=39314) to work on /home/airflow/.local/lib/python3.12/site-packages/airflow/example_dags/example_outlet_event_extra.py
[2026-04-09T03:29:08.986+0000] {processor.py:914} INFO - Processing file /home/airflow/.local/lib/python3.12/site-packages/airflow/example_dags/example_outlet_event_extra.py for tasks to queue
[2026-04-09T03:29:08.987+0000] {logging_mixin.py:190} INFO - [2026-04-09T03:29:08.986+0000] {dagbag.py:588} INFO - Filling up the DagBag from /home/airflow/.local/lib/python3.12/site-packages/airflow/example_dags/example_outlet_event_extra.py
[2026-04-09T03:29:09.231+0000] {processor.py:925} INFO - DAG(s) 'dataset_with_extra_from_classic_operator', 'dataset_with_extra_by_yield', 'dataset_with_extra_by_context' retrieved from /home/airflow/.local/lib/python3.12/site-packages/airflow/example_dags/example_outlet_event_extra.py
[2026-04-09T03:29:09.244+0000] {logging_mixin.py:190} INFO - [2026-04-09T03:29:09.244+0000] {dag.py:3239} INFO - Sync 3 DAGs
[2026-04-09T03:29:09.255+0000] {logging_mixin.py:190} INFO - [2026-04-09T03:29:09.255+0000] {dag.py:4180} INFO - Setting next_dagrun for dataset_with_extra_by_context to 2026-04-08 00:00:00+00:00, run_after=2026-04-09 00:00:00+00:00
[2026-04-09T03:29:09.256+0000] {logging_mixin.py:190} INFO - [2026-04-09T03:29:09.256+0000] {dag.py:4180} INFO - Setting next_dagrun for dataset_with_extra_by_yield to 2026-04-08 00:00:00+00:00, run_after=2026-04-09 00:00:00+00:00
[2026-04-09T03:29:09.257+0000] {logging_mixin.py:190} INFO - [2026-04-09T03:29:09.257+0000] {dag.py:4180} INFO - Setting next_dagrun for dataset_with_extra_from_classic_operator to 2026-04-08 00:00:00+00:00, run_after=2026-04-09 00:00:00+00:00
[2026-04-09T03:29:09.264+0000] {processor.py:208} INFO - Processing /home/airflow/.local/lib/python3.12/site-packages/airflow/example_dags/example_outlet_event_extra.py took 0.280 seconds
[2026-04-09T03:44:39.682+0000] {processor.py:186} INFO - Started process (PID=39375) to work on /home/airflow/.local/lib/python3.12/site-packages/airflow/example_dags/example_outlet_event_extra.py
[2026-04-09T03:44:39.682+0000] {processor.py:914} INFO - Processing file /home/airflow/.local/lib/python3.12/site-packages/airflow/example_dags/example_outlet_event_extra.py for tasks to queue
[2026-04-09T03:44:39.683+0000] {logging_mixin.py:190} INFO - [2026-04-09T03:44:39.683+0000] {dagbag.py:588} INFO - Filling up the DagBag from /home/airflow/.local/lib/python3.12/site-packages/airflow/example_dags/example_outlet_event_extra.py
[2026-04-09T03:44:39.879+0000] {processor.py:925} INFO - DAG(s) 'dataset_with_extra_by_yield', 'dataset_with_extra_from_classic_operator', 'dataset_with_extra_by_context' retrieved from /home/airflow/.local/lib/python3.12/site-packages/airflow/example_dags/example_outlet_event_extra.py
[2026-04-09T03:44:39.888+0000] {logging_mixin.py:190} INFO - [2026-04-09T03:44:39.888+0000] {dag.py:3239} INFO - Sync 3 DAGs
[2026-04-09T03:44:39.895+0000] {logging_mixin.py:190} INFO - [2026-04-09T03:44:39.895+0000] {dag.py:4180} INFO - Setting next_dagrun for dataset_with_extra_by_context to 2026-04-08 00:00:00+00:00, run_after=2026-04-09 00:00:00+00:00
[2026-04-09T03:44:39.897+0000] {logging_mixin.py:190} INFO - [2026-04-09T03:44:39.897+0000] {dag.py:4180} INFO - Setting next_dagrun for dataset_with_extra_by_yield to 2026-04-08 00:00:00+00:00, run_after=2026-04-09 00:00:00+00:00
[2026-04-09T03:44:39.899+0000] {logging_mixin.py:190} INFO - [2026-04-09T03:44:39.899+0000] {dag.py:4180} INFO - Setting next_dagrun for dataset_with_extra_from_classic_operator to 2026-04-08 00:00:00+00:00, run_after=2026-04-09 00:00:00+00:00
[2026-04-09T03:44:39.910+0000] {processor.py:208} INFO - Processing /home/airflow/.local/lib/python3.12/site-packages/airflow/example_dags/example_outlet_event_extra.py took 0.231 seconds
[2026-04-09T04:00:10.309+0000] {processor.py:186} INFO - Started process (PID=39439) to work on /home/airflow/.local/lib/python3.12/site-packages/airflow/example_dags/example_outlet_event_extra.py
[2026-04-09T04:00:10.312+0000] {processor.py:914} INFO - Processing file /home/airflow/.local/lib/python3.12/site-packages/airflow/example_dags/example_outlet_event_extra.py for tasks to queue
[2026-04-09T04:00:10.312+0000] {logging_mixin.py:190} INFO - [2026-04-09T04:00:10.312+0000] {dagbag.py:588} INFO - Filling up the DagBag from /home/airflow/.local/lib/python3.12/site-packages/airflow/example_dags/example_outlet_event_extra.py
[2026-04-09T04:00:10.528+0000] {processor.py:925} INFO - DAG(s) 'dataset_with_extra_from_classic_operator', 'dataset_with_extra_by_yield', 'dataset_with_extra_by_context' retrieved from /home/airflow/.local/lib/python3.12/site-packages/airflow/example_dags/example_outlet_event_extra.py
[2026-04-09T04:00:10.537+0000] {logging_mixin.py:190} INFO - [2026-04-09T04:00:10.536+0000] {dag.py:3239} INFO - Sync 3 DAGs
[2026-04-09T04:00:10.547+0000] {logging_mixin.py:190} INFO - [2026-04-09T04:00:10.547+0000] {dag.py:4180} INFO - Setting next_dagrun for dataset_with_extra_by_context to 2026-04-08 00:00:00+00:00, run_after=2026-04-09 00:00:00+00:00
[2026-04-09T04:00:10.549+0000] {logging_mixin.py:190} INFO - [2026-04-09T04:00:10.549+0000] {dag.py:4180} INFO - Setting next_dagrun for dataset_with_extra_by_yield to 2026-04-08 00:00:00+00:00, run_after=2026-04-09 00:00:00+00:00
[2026-04-09T04:00:10.549+0000] {logging_mixin.py:190} INFO - [2026-04-09T04:00:10.549+0000] {dag.py:4180} INFO - Setting next_dagrun for dataset_with_extra_from_classic_operator to 2026-04-08 00:00:00+00:00, run_after=2026-04-09 00:00:00+00:00
[2026-04-09T04:00:10.561+0000] {processor.py:208} INFO - Processing /home/airflow/.local/lib/python3.12/site-packages/airflow/example_dags/example_outlet_event_extra.py took 0.254 seconds
[2026-04-09T04:00:40.783+0000] {processor.py:186} INFO - Started process (PID=39503) to work on /home/airflow/.local/lib/python3.12/site-packages/airflow/example_dags/example_outlet_event_extra.py
[2026-04-09T04:00:40.785+0000] {processor.py:914} INFO - Processing file /home/airflow/.local/lib/python3.12/site-packages/airflow/example_dags/example_outlet_event_extra.py for tasks to queue
[2026-04-09T04:00:40.785+0000] {logging_mixin.py:190} INFO - [2026-04-09T04:00:40.785+0000] {dagbag.py:588} INFO - Filling up the DagBag from /home/airflow/.local/lib/python3.12/site-packages/airflow/example_dags/example_outlet_event_extra.py
[2026-04-09T04:00:40.990+0000] {processor.py:925} INFO - DAG(s) 'dataset_with_extra_by_yield', 'dataset_with_extra_from_classic_operator', 'dataset_with_extra_by_context' retrieved from /home/airflow/.local/lib/python3.12/site-packages/airflow/example_dags/example_outlet_event_extra.py
[2026-04-09T04:00:41.003+0000] {logging_mixin.py:190} INFO - [2026-04-09T04:00:41.003+0000] {dag.py:3239} INFO - Sync 3 DAGs
[2026-04-09T04:00:41.010+0000] {logging_mixin.py:190} INFO - [2026-04-09T04:00:41.010+0000] {dag.py:4180} INFO - Setting next_dagrun for dataset_with_extra_by_context to 2026-04-08 00:00:00+00:00, run_after=2026-04-09 00:00:00+00:00
[2026-04-09T04:00:41.014+0000] {logging_mixin.py:190} INFO - [2026-04-09T04:00:41.014+0000] {dag.py:4180} INFO - Setting next_dagrun for dataset_with_extra_by_yield to 2026-04-08 00:00:00+00:00, run_after=2026-04-09 00:00:00+00:00
[2026-04-09T04:00:41.015+0000] {logging_mixin.py:190} INFO - [2026-04-09T04:00:41.015+0000] {dag.py:4180} INFO - Setting next_dagrun for dataset_with_extra_from_classic_operator to 2026-04-08 00:00:00+00:00, run_after=2026-04-09 00:00:00+00:00
[2026-04-09T04:00:41.020+0000] {processor.py:208} INFO - Processing /home/airflow/.local/lib/python3.12/site-packages/airflow/example_dags/example_outlet_event_extra.py took 0.240 seconds
[2026-04-09T04:16:11.265+0000] {processor.py:186} INFO - Started process (PID=39567) to work on /home/airflow/.local/lib/python3.12/site-packages/airflow/example_dags/example_outlet_event_extra.py
[2026-04-09T04:16:11.267+0000] {processor.py:914} INFO - Processing file /home/airflow/.local/lib/python3.12/site-packages/airflow/example_dags/example_outlet_event_extra.py for tasks to queue
[2026-04-09T04:16:11.268+0000] {logging_mixin.py:190} INFO - [2026-04-09T04:16:11.268+0000] {dagbag.py:588} INFO - Filling up the DagBag from /home/airflow/.local/lib/python3.12/site-packages/airflow/example_dags/example_outlet_event_extra.py
[2026-04-09T04:16:11.472+0000] {processor.py:925} INFO - DAG(s) 'dataset_with_extra_by_context', 'dataset_with_extra_from_classic_operator', 'dataset_with_extra_by_yield' retrieved from /home/airflow/.local/lib/python3.12/site-packages/airflow/example_dags/example_outlet_event_extra.py
[2026-04-09T04:16:11.480+0000] {logging_mixin.py:190} INFO - [2026-04-09T04:16:11.479+0000] {dag.py:3239} INFO - Sync 3 DAGs
[2026-04-09T04:16:11.491+0000] {logging_mixin.py:190} INFO - [2026-04-09T04:16:11.491+0000] {dag.py:4180} INFO - Setting next_dagrun for dataset_with_extra_by_context to 2026-04-08 00:00:00+00:00, run_after=2026-04-09 00:00:00+00:00
[2026-04-09T04:16:11.493+0000] {logging_mixin.py:190} INFO - [2026-04-09T04:16:11.493+0000] {dag.py:4180} INFO - Setting next_dagrun for dataset_with_extra_by_yield to 2026-04-08 00:00:00+00:00, run_after=2026-04-09 00:00:00+00:00
[2026-04-09T04:16:11.494+0000] {logging_mixin.py:190} INFO - [2026-04-09T04:16:11.494+0000] {dag.py:4180} INFO - Setting next_dagrun for dataset_with_extra_from_classic_operator to 2026-04-08 00:00:00+00:00, run_after=2026-04-09 00:00:00+00:00
[2026-04-09T04:16:11.506+0000] {processor.py:208} INFO - Processing /home/airflow/.local/lib/python3.12/site-packages/airflow/example_dags/example_outlet_event_extra.py took 0.244 seconds
[2026-04-09T04:28:02.607+0000] {processor.py:186} INFO - Started process (PID=39631) to work on /home/airflow/.local/lib/python3.12/site-packages/airflow/example_dags/example_outlet_event_extra.py
[2026-04-09T04:28:02.608+0000] {processor.py:914} INFO - Processing file /home/airflow/.local/lib/python3.12/site-packages/airflow/example_dags/example_outlet_event_extra.py for tasks to queue
[2026-04-09T04:28:02.609+0000] {logging_mixin.py:190} INFO - [2026-04-09T04:28:02.608+0000] {dagbag.py:588} INFO - Filling up the DagBag from /home/airflow/.local/lib/python3.12/site-packages/airflow/example_dags/example_outlet_event_extra.py
[2026-04-09T04:28:02.846+0000] {processor.py:925} INFO - DAG(s) 'dataset_with_extra_by_context', 'dataset_with_extra_from_classic_operator', 'dataset_with_extra_by_yield' retrieved from /home/airflow/.local/lib/python3.12/site-packages/airflow/example_dags/example_outlet_event_extra.py
[2026-04-09T04:28:02.856+0000] {logging_mixin.py:190} INFO - [2026-04-09T04:28:02.856+0000] {dag.py:3239} INFO - Sync 3 DAGs
[2026-04-09T04:28:02.866+0000] {logging_mixin.py:190} INFO - [2026-04-09T04:28:02.866+0000] {dag.py:4180} INFO - Setting next_dagrun for dataset_with_extra_by_context to 2026-04-08 00:00:00+00:00, run_after=2026-04-09 00:00:00+00:00
[2026-04-09T04:28:02.870+0000] {logging_mixin.py:190} INFO - [2026-04-09T04:28:02.870+0000] {dag.py:4180} INFO - Setting next_dagrun for dataset_with_extra_by_yield to 2026-04-08 00:00:00+00:00, run_after=2026-04-09 00:00:00+00:00
[2026-04-09T04:28:02.870+0000] {logging_mixin.py:190} INFO - [2026-04-09T04:28:02.870+0000] {dag.py:4180} INFO - Setting next_dagrun for dataset_with_extra_from_classic_operator to 2026-04-08 00:00:00+00:00, run_after=2026-04-09 00:00:00+00:00
[2026-04-09T04:28:02.879+0000] {processor.py:208} INFO - Processing /home/airflow/.local/lib/python3.12/site-packages/airflow/example_dags/example_outlet_event_extra.py took 0.274 seconds
