[2026-04-09T00:10:47.016+0000] {processor.py:186} INFO - Started process (PID=38034) to work on /home/airflow/.local/lib/python3.12/site-packages/airflow/example_dags/example_task_group_decorator.py
[2026-04-09T00:10:47.017+0000] {processor.py:914} INFO - Processing file /home/airflow/.local/lib/python3.12/site-packages/airflow/example_dags/example_task_group_decorator.py for tasks to queue
[2026-04-09T00:10:47.017+0000] {logging_mixin.py:190} INFO - [2026-04-09T00:10:47.017+0000] {dagbag.py:588} INFO - Filling up the DagBag from /home/airflow/.local/lib/python3.12/site-packages/airflow/example_dags/example_task_group_decorator.py
[2026-04-09T00:10:47.023+0000] {processor.py:925} INFO - DAG(s) 'example_task_group_decorator' retrieved from /home/airflow/.local/lib/python3.12/site-packages/airflow/example_dags/example_task_group_decorator.py
[2026-04-09T00:10:47.033+0000] {logging_mixin.py:190} INFO - [2026-04-09T00:10:47.033+0000] {dag.py:3239} INFO - Sync 1 DAGs
[2026-04-09T00:10:47.039+0000] {logging_mixin.py:190} INFO - [2026-04-09T00:10:47.039+0000] {dag.py:4180} INFO - Setting next_dagrun for example_task_group_decorator to None, run_after=None
[2026-04-09T00:10:47.045+0000] {processor.py:208} INFO - Processing /home/airflow/.local/lib/python3.12/site-packages/airflow/example_dags/example_task_group_decorator.py took 0.032 seconds
[2026-04-09T00:11:17.277+0000] {processor.py:186} INFO - Started process (PID=38098) to work on /home/airflow/.local/lib/python3.12/site-packages/airflow/example_dags/example_task_group_decorator.py
[2026-04-09T00:11:17.278+0000] {processor.py:914} INFO - Processing file /home/airflow/.local/lib/python3.12/site-packages/airflow/example_dags/example_task_group_decorator.py for tasks to queue
[2026-04-09T00:11:17.279+0000] {logging_mixin.py:190} INFO - [2026-04-09T00:11:17.279+0000] {dagbag.py:588} INFO - Filling up the DagBag from /home/airflow/.local/lib/python3.12/site-packages/airflow/example_dags/example_task_group_decorator.py
[2026-04-09T00:11:17.285+0000] {processor.py:925} INFO - DAG(s) 'example_task_group_decorator' retrieved from /home/airflow/.local/lib/python3.12/site-packages/airflow/example_dags/example_task_group_decorator.py
[2026-04-09T00:11:17.297+0000] {logging_mixin.py:190} INFO - [2026-04-09T00:11:17.297+0000] {dag.py:3239} INFO - Sync 1 DAGs
[2026-04-09T00:11:17.302+0000] {logging_mixin.py:190} INFO - [2026-04-09T00:11:17.302+0000] {dag.py:4180} INFO - Setting next_dagrun for example_task_group_decorator to None, run_after=None
[2026-04-09T00:11:17.307+0000] {processor.py:208} INFO - Processing /home/airflow/.local/lib/python3.12/site-packages/airflow/example_dags/example_task_group_decorator.py took 0.033 seconds
[2026-04-09T00:26:47.072+0000] {processor.py:186} INFO - Started process (PID=38162) to work on /home/airflow/.local/lib/python3.12/site-packages/airflow/example_dags/example_task_group_decorator.py
[2026-04-09T00:26:47.072+0000] {processor.py:914} INFO - Processing file /home/airflow/.local/lib/python3.12/site-packages/airflow/example_dags/example_task_group_decorator.py for tasks to queue
[2026-04-09T00:26:47.073+0000] {logging_mixin.py:190} INFO - [2026-04-09T00:26:47.073+0000] {dagbag.py:588} INFO - Filling up the DagBag from /home/airflow/.local/lib/python3.12/site-packages/airflow/example_dags/example_task_group_decorator.py
[2026-04-09T00:26:47.078+0000] {processor.py:925} INFO - DAG(s) 'example_task_group_decorator' retrieved from /home/airflow/.local/lib/python3.12/site-packages/airflow/example_dags/example_task_group_decorator.py
[2026-04-09T00:26:47.090+0000] {logging_mixin.py:190} INFO - [2026-04-09T00:26:47.090+0000] {dag.py:3239} INFO - Sync 1 DAGs
[2026-04-09T00:26:47.095+0000] {logging_mixin.py:190} INFO - [2026-04-09T00:26:47.095+0000] {dag.py:4180} INFO - Setting next_dagrun for example_task_group_decorator to None, run_after=None
[2026-04-09T00:26:47.101+0000] {processor.py:208} INFO - Processing /home/airflow/.local/lib/python3.12/site-packages/airflow/example_dags/example_task_group_decorator.py took 0.032 seconds
[2026-04-09T00:42:17.246+0000] {processor.py:186} INFO - Started process (PID=38226) to work on /home/airflow/.local/lib/python3.12/site-packages/airflow/example_dags/example_task_group_decorator.py
[2026-04-09T00:42:17.246+0000] {processor.py:914} INFO - Processing file /home/airflow/.local/lib/python3.12/site-packages/airflow/example_dags/example_task_group_decorator.py for tasks to queue
[2026-04-09T00:42:17.246+0000] {logging_mixin.py:190} INFO - [2026-04-09T00:42:17.246+0000] {dagbag.py:588} INFO - Filling up the DagBag from /home/airflow/.local/lib/python3.12/site-packages/airflow/example_dags/example_task_group_decorator.py
[2026-04-09T00:42:17.252+0000] {processor.py:925} INFO - DAG(s) 'example_task_group_decorator' retrieved from /home/airflow/.local/lib/python3.12/site-packages/airflow/example_dags/example_task_group_decorator.py
[2026-04-09T00:42:17.261+0000] {logging_mixin.py:190} INFO - [2026-04-09T00:42:17.261+0000] {dag.py:3239} INFO - Sync 1 DAGs
[2026-04-09T00:42:17.266+0000] {logging_mixin.py:190} INFO - [2026-04-09T00:42:17.266+0000] {dag.py:4180} INFO - Setting next_dagrun for example_task_group_decorator to None, run_after=None
[2026-04-09T00:42:17.272+0000] {processor.py:208} INFO - Processing /home/airflow/.local/lib/python3.12/site-packages/airflow/example_dags/example_task_group_decorator.py took 0.029 seconds
[2026-04-09T00:59:14.664+0000] {processor.py:186} INFO - Started process (PID=38290) to work on /home/airflow/.local/lib/python3.12/site-packages/airflow/example_dags/example_task_group_decorator.py
[2026-04-09T00:59:14.664+0000] {processor.py:914} INFO - Processing file /home/airflow/.local/lib/python3.12/site-packages/airflow/example_dags/example_task_group_decorator.py for tasks to queue
[2026-04-09T00:59:14.665+0000] {logging_mixin.py:190} INFO - [2026-04-09T00:59:14.665+0000] {dagbag.py:588} INFO - Filling up the DagBag from /home/airflow/.local/lib/python3.12/site-packages/airflow/example_dags/example_task_group_decorator.py
[2026-04-09T00:59:14.674+0000] {processor.py:925} INFO - DAG(s) 'example_task_group_decorator' retrieved from /home/airflow/.local/lib/python3.12/site-packages/airflow/example_dags/example_task_group_decorator.py
[2026-04-09T00:59:14.687+0000] {logging_mixin.py:190} INFO - [2026-04-09T00:59:14.687+0000] {dag.py:3239} INFO - Sync 1 DAGs
[2026-04-09T00:59:14.695+0000] {logging_mixin.py:190} INFO - [2026-04-09T00:59:14.694+0000] {dag.py:4180} INFO - Setting next_dagrun for example_task_group_decorator to None, run_after=None
[2026-04-09T00:59:14.704+0000] {processor.py:208} INFO - Processing /home/airflow/.local/lib/python3.12/site-packages/airflow/example_dags/example_task_group_decorator.py took 0.043 seconds
[2026-04-09T01:14:45.593+0000] {processor.py:186} INFO - Started process (PID=38354) to work on /home/airflow/.local/lib/python3.12/site-packages/airflow/example_dags/example_task_group_decorator.py
[2026-04-09T01:14:45.594+0000] {processor.py:914} INFO - Processing file /home/airflow/.local/lib/python3.12/site-packages/airflow/example_dags/example_task_group_decorator.py for tasks to queue
[2026-04-09T01:14:45.595+0000] {logging_mixin.py:190} INFO - [2026-04-09T01:14:45.594+0000] {dagbag.py:588} INFO - Filling up the DagBag from /home/airflow/.local/lib/python3.12/site-packages/airflow/example_dags/example_task_group_decorator.py
[2026-04-09T01:14:45.606+0000] {processor.py:925} INFO - DAG(s) 'example_task_group_decorator' retrieved from /home/airflow/.local/lib/python3.12/site-packages/airflow/example_dags/example_task_group_decorator.py
[2026-04-09T01:14:45.631+0000] {logging_mixin.py:190} INFO - [2026-04-09T01:14:45.631+0000] {dag.py:3239} INFO - Sync 1 DAGs
[2026-04-09T01:14:45.642+0000] {logging_mixin.py:190} INFO - [2026-04-09T01:14:45.642+0000] {dag.py:4180} INFO - Setting next_dagrun for example_task_group_decorator to None, run_after=None
[2026-04-09T01:14:45.658+0000] {processor.py:208} INFO - Processing /home/airflow/.local/lib/python3.12/site-packages/airflow/example_dags/example_task_group_decorator.py took 0.069 seconds
[2026-04-09T01:15:16.270+0000] {processor.py:186} INFO - Started process (PID=38418) to work on /home/airflow/.local/lib/python3.12/site-packages/airflow/example_dags/example_task_group_decorator.py
[2026-04-09T01:15:16.271+0000] {processor.py:914} INFO - Processing file /home/airflow/.local/lib/python3.12/site-packages/airflow/example_dags/example_task_group_decorator.py for tasks to queue
[2026-04-09T01:15:16.272+0000] {logging_mixin.py:190} INFO - [2026-04-09T01:15:16.271+0000] {dagbag.py:588} INFO - Filling up the DagBag from /home/airflow/.local/lib/python3.12/site-packages/airflow/example_dags/example_task_group_decorator.py
[2026-04-09T01:15:16.279+0000] {processor.py:925} INFO - DAG(s) 'example_task_group_decorator' retrieved from /home/airflow/.local/lib/python3.12/site-packages/airflow/example_dags/example_task_group_decorator.py
[2026-04-09T01:15:16.291+0000] {logging_mixin.py:190} INFO - [2026-04-09T01:15:16.291+0000] {dag.py:3239} INFO - Sync 1 DAGs
[2026-04-09T01:15:16.298+0000] {logging_mixin.py:190} INFO - [2026-04-09T01:15:16.298+0000] {dag.py:4180} INFO - Setting next_dagrun for example_task_group_decorator to None, run_after=None
[2026-04-09T01:15:16.305+0000] {processor.py:208} INFO - Processing /home/airflow/.local/lib/python3.12/site-packages/airflow/example_dags/example_task_group_decorator.py took 0.039 seconds
[2026-04-09T01:30:52.160+0000] {processor.py:186} INFO - Started process (PID=38482) to work on /home/airflow/.local/lib/python3.12/site-packages/airflow/example_dags/example_task_group_decorator.py
[2026-04-09T01:30:52.161+0000] {processor.py:914} INFO - Processing file /home/airflow/.local/lib/python3.12/site-packages/airflow/example_dags/example_task_group_decorator.py for tasks to queue
[2026-04-09T01:30:52.161+0000] {logging_mixin.py:190} INFO - [2026-04-09T01:30:52.161+0000] {dagbag.py:588} INFO - Filling up the DagBag from /home/airflow/.local/lib/python3.12/site-packages/airflow/example_dags/example_task_group_decorator.py
[2026-04-09T01:30:52.167+0000] {processor.py:925} INFO - DAG(s) 'example_task_group_decorator' retrieved from /home/airflow/.local/lib/python3.12/site-packages/airflow/example_dags/example_task_group_decorator.py
[2026-04-09T01:30:52.175+0000] {logging_mixin.py:190} INFO - [2026-04-09T01:30:52.175+0000] {dag.py:3239} INFO - Sync 1 DAGs
[2026-04-09T01:30:52.180+0000] {logging_mixin.py:190} INFO - [2026-04-09T01:30:52.180+0000] {dag.py:4180} INFO - Setting next_dagrun for example_task_group_decorator to None, run_after=None
[2026-04-09T01:30:52.186+0000] {processor.py:208} INFO - Processing /home/airflow/.local/lib/python3.12/site-packages/airflow/example_dags/example_task_group_decorator.py took 0.028 seconds
[2026-04-09T01:46:23.663+0000] {processor.py:186} INFO - Started process (PID=38546) to work on /home/airflow/.local/lib/python3.12/site-packages/airflow/example_dags/example_task_group_decorator.py
[2026-04-09T01:46:23.664+0000] {processor.py:914} INFO - Processing file /home/airflow/.local/lib/python3.12/site-packages/airflow/example_dags/example_task_group_decorator.py for tasks to queue
[2026-04-09T01:46:23.664+0000] {logging_mixin.py:190} INFO - [2026-04-09T01:46:23.664+0000] {dagbag.py:588} INFO - Filling up the DagBag from /home/airflow/.local/lib/python3.12/site-packages/airflow/example_dags/example_task_group_decorator.py
[2026-04-09T01:46:23.670+0000] {processor.py:925} INFO - DAG(s) 'example_task_group_decorator' retrieved from /home/airflow/.local/lib/python3.12/site-packages/airflow/example_dags/example_task_group_decorator.py
[2026-04-09T01:46:23.679+0000] {logging_mixin.py:190} INFO - [2026-04-09T01:46:23.679+0000] {dag.py:3239} INFO - Sync 1 DAGs
[2026-04-09T01:46:23.685+0000] {logging_mixin.py:190} INFO - [2026-04-09T01:46:23.685+0000] {dag.py:4180} INFO - Setting next_dagrun for example_task_group_decorator to None, run_after=None
[2026-04-09T01:46:23.690+0000] {processor.py:208} INFO - Processing /home/airflow/.local/lib/python3.12/site-packages/airflow/example_dags/example_task_group_decorator.py took 0.030 seconds
[2026-04-09T01:46:54.828+0000] {processor.py:186} INFO - Started process (PID=38609) to work on /home/airflow/.local/lib/python3.12/site-packages/airflow/example_dags/example_task_group_decorator.py
[2026-04-09T01:46:54.828+0000] {processor.py:914} INFO - Processing file /home/airflow/.local/lib/python3.12/site-packages/airflow/example_dags/example_task_group_decorator.py for tasks to queue
[2026-04-09T01:46:54.829+0000] {logging_mixin.py:190} INFO - [2026-04-09T01:46:54.829+0000] {dagbag.py:588} INFO - Filling up the DagBag from /home/airflow/.local/lib/python3.12/site-packages/airflow/example_dags/example_task_group_decorator.py
[2026-04-09T01:46:54.834+0000] {processor.py:925} INFO - DAG(s) 'example_task_group_decorator' retrieved from /home/airflow/.local/lib/python3.12/site-packages/airflow/example_dags/example_task_group_decorator.py
[2026-04-09T01:46:54.841+0000] {logging_mixin.py:190} INFO - [2026-04-09T01:46:54.841+0000] {dag.py:3239} INFO - Sync 1 DAGs
[2026-04-09T01:46:54.846+0000] {logging_mixin.py:190} INFO - [2026-04-09T01:46:54.846+0000] {dag.py:4180} INFO - Setting next_dagrun for example_task_group_decorator to None, run_after=None
[2026-04-09T01:46:54.851+0000] {processor.py:208} INFO - Processing /home/airflow/.local/lib/python3.12/site-packages/airflow/example_dags/example_task_group_decorator.py took 0.025 seconds
[2026-04-09T02:02:24.353+0000] {processor.py:186} INFO - Started process (PID=38674) to work on /home/airflow/.local/lib/python3.12/site-packages/airflow/example_dags/example_task_group_decorator.py
[2026-04-09T02:02:24.354+0000] {processor.py:914} INFO - Processing file /home/airflow/.local/lib/python3.12/site-packages/airflow/example_dags/example_task_group_decorator.py for tasks to queue
[2026-04-09T02:02:24.354+0000] {logging_mixin.py:190} INFO - [2026-04-09T02:02:24.354+0000] {dagbag.py:588} INFO - Filling up the DagBag from /home/airflow/.local/lib/python3.12/site-packages/airflow/example_dags/example_task_group_decorator.py
[2026-04-09T02:02:24.360+0000] {processor.py:925} INFO - DAG(s) 'example_task_group_decorator' retrieved from /home/airflow/.local/lib/python3.12/site-packages/airflow/example_dags/example_task_group_decorator.py
[2026-04-09T02:02:24.372+0000] {logging_mixin.py:190} INFO - [2026-04-09T02:02:24.372+0000] {dag.py:3239} INFO - Sync 1 DAGs
[2026-04-09T02:02:24.378+0000] {logging_mixin.py:190} INFO - [2026-04-09T02:02:24.378+0000] {dag.py:4180} INFO - Setting next_dagrun for example_task_group_decorator to None, run_after=None
[2026-04-09T02:02:24.387+0000] {processor.py:208} INFO - Processing /home/airflow/.local/lib/python3.12/site-packages/airflow/example_dags/example_task_group_decorator.py took 0.036 seconds
[2026-04-09T02:17:56.061+0000] {processor.py:186} INFO - Started process (PID=38738) to work on /home/airflow/.local/lib/python3.12/site-packages/airflow/example_dags/example_task_group_decorator.py
[2026-04-09T02:17:56.062+0000] {processor.py:914} INFO - Processing file /home/airflow/.local/lib/python3.12/site-packages/airflow/example_dags/example_task_group_decorator.py for tasks to queue
[2026-04-09T02:17:56.062+0000] {logging_mixin.py:190} INFO - [2026-04-09T02:17:56.062+0000] {dagbag.py:588} INFO - Filling up the DagBag from /home/airflow/.local/lib/python3.12/site-packages/airflow/example_dags/example_task_group_decorator.py
[2026-04-09T02:17:56.069+0000] {processor.py:925} INFO - DAG(s) 'example_task_group_decorator' retrieved from /home/airflow/.local/lib/python3.12/site-packages/airflow/example_dags/example_task_group_decorator.py
[2026-04-09T02:17:56.079+0000] {logging_mixin.py:190} INFO - [2026-04-09T02:17:56.079+0000] {dag.py:3239} INFO - Sync 1 DAGs
[2026-04-09T02:17:56.088+0000] {logging_mixin.py:190} INFO - [2026-04-09T02:17:56.087+0000] {dag.py:4180} INFO - Setting next_dagrun for example_task_group_decorator to None, run_after=None
[2026-04-09T02:17:56.096+0000] {processor.py:208} INFO - Processing /home/airflow/.local/lib/python3.12/site-packages/airflow/example_dags/example_task_group_decorator.py took 0.038 seconds
[2026-04-09T02:18:26.656+0000] {processor.py:186} INFO - Started process (PID=38801) to work on /home/airflow/.local/lib/python3.12/site-packages/airflow/example_dags/example_task_group_decorator.py
[2026-04-09T02:18:26.656+0000] {processor.py:914} INFO - Processing file /home/airflow/.local/lib/python3.12/site-packages/airflow/example_dags/example_task_group_decorator.py for tasks to queue
[2026-04-09T02:18:26.657+0000] {logging_mixin.py:190} INFO - [2026-04-09T02:18:26.657+0000] {dagbag.py:588} INFO - Filling up the DagBag from /home/airflow/.local/lib/python3.12/site-packages/airflow/example_dags/example_task_group_decorator.py
[2026-04-09T02:18:26.665+0000] {processor.py:925} INFO - DAG(s) 'example_task_group_decorator' retrieved from /home/airflow/.local/lib/python3.12/site-packages/airflow/example_dags/example_task_group_decorator.py
[2026-04-09T02:18:26.673+0000] {logging_mixin.py:190} INFO - [2026-04-09T02:18:26.673+0000] {dag.py:3239} INFO - Sync 1 DAGs
[2026-04-09T02:18:26.678+0000] {logging_mixin.py:190} INFO - [2026-04-09T02:18:26.678+0000] {dag.py:4180} INFO - Setting next_dagrun for example_task_group_decorator to None, run_after=None
[2026-04-09T02:18:26.683+0000] {processor.py:208} INFO - Processing /home/airflow/.local/lib/python3.12/site-packages/airflow/example_dags/example_task_group_decorator.py took 0.029 seconds
[2026-04-09T02:27:46.483+0000] {processor.py:186} INFO - Started process (PID=38866) to work on /home/airflow/.local/lib/python3.12/site-packages/airflow/example_dags/example_task_group_decorator.py
[2026-04-09T02:27:46.483+0000] {processor.py:914} INFO - Processing file /home/airflow/.local/lib/python3.12/site-packages/airflow/example_dags/example_task_group_decorator.py for tasks to queue
[2026-04-09T02:27:46.483+0000] {logging_mixin.py:190} INFO - [2026-04-09T02:27:46.483+0000] {dagbag.py:588} INFO - Filling up the DagBag from /home/airflow/.local/lib/python3.12/site-packages/airflow/example_dags/example_task_group_decorator.py
[2026-04-09T02:27:46.489+0000] {processor.py:925} INFO - DAG(s) 'example_task_group_decorator' retrieved from /home/airflow/.local/lib/python3.12/site-packages/airflow/example_dags/example_task_group_decorator.py
[2026-04-09T02:27:46.498+0000] {logging_mixin.py:190} INFO - [2026-04-09T02:27:46.498+0000] {dag.py:3239} INFO - Sync 1 DAGs
[2026-04-09T02:27:46.503+0000] {logging_mixin.py:190} INFO - [2026-04-09T02:27:46.503+0000] {dag.py:4180} INFO - Setting next_dagrun for example_task_group_decorator to None, run_after=None
[2026-04-09T02:27:46.509+0000] {processor.py:208} INFO - Processing /home/airflow/.local/lib/python3.12/site-packages/airflow/example_dags/example_task_group_decorator.py took 0.029 seconds
[2026-04-09T02:43:17.866+0000] {processor.py:186} INFO - Started process (PID=38930) to work on /home/airflow/.local/lib/python3.12/site-packages/airflow/example_dags/example_task_group_decorator.py
[2026-04-09T02:43:17.868+0000] {processor.py:914} INFO - Processing file /home/airflow/.local/lib/python3.12/site-packages/airflow/example_dags/example_task_group_decorator.py for tasks to queue
[2026-04-09T02:43:17.869+0000] {logging_mixin.py:190} INFO - [2026-04-09T02:43:17.869+0000] {dagbag.py:588} INFO - Filling up the DagBag from /home/airflow/.local/lib/python3.12/site-packages/airflow/example_dags/example_task_group_decorator.py
[2026-04-09T02:43:17.896+0000] {processor.py:925} INFO - DAG(s) 'example_task_group_decorator' retrieved from /home/airflow/.local/lib/python3.12/site-packages/airflow/example_dags/example_task_group_decorator.py
[2026-04-09T02:43:17.946+0000] {logging_mixin.py:190} INFO - [2026-04-09T02:43:17.945+0000] {dag.py:3239} INFO - Sync 1 DAGs
[2026-04-09T02:43:17.971+0000] {logging_mixin.py:190} INFO - [2026-04-09T02:43:17.970+0000] {dag.py:4180} INFO - Setting next_dagrun for example_task_group_decorator to None, run_after=None
[2026-04-09T02:43:18.003+0000] {processor.py:208} INFO - Processing /home/airflow/.local/lib/python3.12/site-packages/airflow/example_dags/example_task_group_decorator.py took 0.145 seconds
[2026-04-09T02:43:48.222+0000] {processor.py:186} INFO - Started process (PID=38993) to work on /home/airflow/.local/lib/python3.12/site-packages/airflow/example_dags/example_task_group_decorator.py
[2026-04-09T02:43:48.222+0000] {processor.py:914} INFO - Processing file /home/airflow/.local/lib/python3.12/site-packages/airflow/example_dags/example_task_group_decorator.py for tasks to queue
[2026-04-09T02:43:48.223+0000] {logging_mixin.py:190} INFO - [2026-04-09T02:43:48.223+0000] {dagbag.py:588} INFO - Filling up the DagBag from /home/airflow/.local/lib/python3.12/site-packages/airflow/example_dags/example_task_group_decorator.py
[2026-04-09T02:43:48.228+0000] {processor.py:925} INFO - DAG(s) 'example_task_group_decorator' retrieved from /home/airflow/.local/lib/python3.12/site-packages/airflow/example_dags/example_task_group_decorator.py
[2026-04-09T02:43:48.238+0000] {logging_mixin.py:190} INFO - [2026-04-09T02:43:48.238+0000] {dag.py:3239} INFO - Sync 1 DAGs
[2026-04-09T02:43:48.244+0000] {logging_mixin.py:190} INFO - [2026-04-09T02:43:48.244+0000] {dag.py:4180} INFO - Setting next_dagrun for example_task_group_decorator to None, run_after=None
[2026-04-09T02:43:48.258+0000] {processor.py:208} INFO - Processing /home/airflow/.local/lib/python3.12/site-packages/airflow/example_dags/example_task_group_decorator.py took 0.038 seconds
[2026-04-09T02:59:17.698+0000] {processor.py:186} INFO - Started process (PID=39058) to work on /home/airflow/.local/lib/python3.12/site-packages/airflow/example_dags/example_task_group_decorator.py
[2026-04-09T02:59:17.699+0000] {processor.py:914} INFO - Processing file /home/airflow/.local/lib/python3.12/site-packages/airflow/example_dags/example_task_group_decorator.py for tasks to queue
[2026-04-09T02:59:17.699+0000] {logging_mixin.py:190} INFO - [2026-04-09T02:59:17.699+0000] {dagbag.py:588} INFO - Filling up the DagBag from /home/airflow/.local/lib/python3.12/site-packages/airflow/example_dags/example_task_group_decorator.py
[2026-04-09T02:59:17.705+0000] {processor.py:925} INFO - DAG(s) 'example_task_group_decorator' retrieved from /home/airflow/.local/lib/python3.12/site-packages/airflow/example_dags/example_task_group_decorator.py
[2026-04-09T02:59:17.714+0000] {logging_mixin.py:190} INFO - [2026-04-09T02:59:17.714+0000] {dag.py:3239} INFO - Sync 1 DAGs
[2026-04-09T02:59:17.719+0000] {logging_mixin.py:190} INFO - [2026-04-09T02:59:17.719+0000] {dag.py:4180} INFO - Setting next_dagrun for example_task_group_decorator to None, run_after=None
[2026-04-09T02:59:17.724+0000] {processor.py:208} INFO - Processing /home/airflow/.local/lib/python3.12/site-packages/airflow/example_dags/example_task_group_decorator.py took 0.029 seconds
[2026-04-09T02:59:49.010+0000] {processor.py:186} INFO - Started process (PID=39121) to work on /home/airflow/.local/lib/python3.12/site-packages/airflow/example_dags/example_task_group_decorator.py
[2026-04-09T02:59:49.010+0000] {processor.py:914} INFO - Processing file /home/airflow/.local/lib/python3.12/site-packages/airflow/example_dags/example_task_group_decorator.py for tasks to queue
[2026-04-09T02:59:49.011+0000] {logging_mixin.py:190} INFO - [2026-04-09T02:59:49.010+0000] {dagbag.py:588} INFO - Filling up the DagBag from /home/airflow/.local/lib/python3.12/site-packages/airflow/example_dags/example_task_group_decorator.py
[2026-04-09T02:59:49.016+0000] {processor.py:925} INFO - DAG(s) 'example_task_group_decorator' retrieved from /home/airflow/.local/lib/python3.12/site-packages/airflow/example_dags/example_task_group_decorator.py
[2026-04-09T02:59:49.024+0000] {logging_mixin.py:190} INFO - [2026-04-09T02:59:49.024+0000] {dag.py:3239} INFO - Sync 1 DAGs
[2026-04-09T02:59:49.028+0000] {logging_mixin.py:190} INFO - [2026-04-09T02:59:49.028+0000] {dag.py:4180} INFO - Setting next_dagrun for example_task_group_decorator to None, run_after=None
[2026-04-09T02:59:49.033+0000] {processor.py:208} INFO - Processing /home/airflow/.local/lib/python3.12/site-packages/airflow/example_dags/example_task_group_decorator.py took 0.025 seconds
[2026-04-09T03:15:18.643+0000] {processor.py:186} INFO - Started process (PID=39186) to work on /home/airflow/.local/lib/python3.12/site-packages/airflow/example_dags/example_task_group_decorator.py
[2026-04-09T03:15:18.643+0000] {processor.py:914} INFO - Processing file /home/airflow/.local/lib/python3.12/site-packages/airflow/example_dags/example_task_group_decorator.py for tasks to queue
[2026-04-09T03:15:18.644+0000] {logging_mixin.py:190} INFO - [2026-04-09T03:15:18.644+0000] {dagbag.py:588} INFO - Filling up the DagBag from /home/airflow/.local/lib/python3.12/site-packages/airflow/example_dags/example_task_group_decorator.py
[2026-04-09T03:15:18.650+0000] {processor.py:925} INFO - DAG(s) 'example_task_group_decorator' retrieved from /home/airflow/.local/lib/python3.12/site-packages/airflow/example_dags/example_task_group_decorator.py
[2026-04-09T03:15:18.658+0000] {logging_mixin.py:190} INFO - [2026-04-09T03:15:18.658+0000] {dag.py:3239} INFO - Sync 1 DAGs
[2026-04-09T03:15:18.663+0000] {logging_mixin.py:190} INFO - [2026-04-09T03:15:18.663+0000] {dag.py:4180} INFO - Setting next_dagrun for example_task_group_decorator to None, run_after=None
[2026-04-09T03:15:18.668+0000] {processor.py:208} INFO - Processing /home/airflow/.local/lib/python3.12/site-packages/airflow/example_dags/example_task_group_decorator.py took 0.028 seconds
[2026-04-09T03:28:38.689+0000] {processor.py:186} INFO - Started process (PID=39250) to work on /home/airflow/.local/lib/python3.12/site-packages/airflow/example_dags/example_task_group_decorator.py
[2026-04-09T03:28:38.690+0000] {processor.py:914} INFO - Processing file /home/airflow/.local/lib/python3.12/site-packages/airflow/example_dags/example_task_group_decorator.py for tasks to queue
[2026-04-09T03:28:38.690+0000] {logging_mixin.py:190} INFO - [2026-04-09T03:28:38.690+0000] {dagbag.py:588} INFO - Filling up the DagBag from /home/airflow/.local/lib/python3.12/site-packages/airflow/example_dags/example_task_group_decorator.py
[2026-04-09T03:28:38.696+0000] {processor.py:925} INFO - DAG(s) 'example_task_group_decorator' retrieved from /home/airflow/.local/lib/python3.12/site-packages/airflow/example_dags/example_task_group_decorator.py
[2026-04-09T03:28:38.705+0000] {logging_mixin.py:190} INFO - [2026-04-09T03:28:38.705+0000] {dag.py:3239} INFO - Sync 1 DAGs
[2026-04-09T03:28:38.711+0000] {logging_mixin.py:190} INFO - [2026-04-09T03:28:38.710+0000] {dag.py:4180} INFO - Setting next_dagrun for example_task_group_decorator to None, run_after=None
[2026-04-09T03:28:38.716+0000] {processor.py:208} INFO - Processing /home/airflow/.local/lib/python3.12/site-packages/airflow/example_dags/example_task_group_decorator.py took 0.029 seconds
[2026-04-09T03:29:08.981+0000] {processor.py:186} INFO - Started process (PID=39313) to work on /home/airflow/.local/lib/python3.12/site-packages/airflow/example_dags/example_task_group_decorator.py
[2026-04-09T03:29:08.981+0000] {processor.py:914} INFO - Processing file /home/airflow/.local/lib/python3.12/site-packages/airflow/example_dags/example_task_group_decorator.py for tasks to queue
[2026-04-09T03:29:08.982+0000] {logging_mixin.py:190} INFO - [2026-04-09T03:29:08.982+0000] {dagbag.py:588} INFO - Filling up the DagBag from /home/airflow/.local/lib/python3.12/site-packages/airflow/example_dags/example_task_group_decorator.py
[2026-04-09T03:29:08.988+0000] {processor.py:925} INFO - DAG(s) 'example_task_group_decorator' retrieved from /home/airflow/.local/lib/python3.12/site-packages/airflow/example_dags/example_task_group_decorator.py
[2026-04-09T03:29:09.001+0000] {logging_mixin.py:190} INFO - [2026-04-09T03:29:09.001+0000] {dag.py:3239} INFO - Sync 1 DAGs
[2026-04-09T03:29:09.008+0000] {logging_mixin.py:190} INFO - [2026-04-09T03:29:09.008+0000] {dag.py:4180} INFO - Setting next_dagrun for example_task_group_decorator to None, run_after=None
[2026-04-09T03:29:09.019+0000] {processor.py:208} INFO - Processing /home/airflow/.local/lib/python3.12/site-packages/airflow/example_dags/example_task_group_decorator.py took 0.040 seconds
[2026-04-09T03:44:39.789+0000] {processor.py:186} INFO - Started process (PID=39378) to work on /home/airflow/.local/lib/python3.12/site-packages/airflow/example_dags/example_task_group_decorator.py
[2026-04-09T03:44:39.790+0000] {processor.py:914} INFO - Processing file /home/airflow/.local/lib/python3.12/site-packages/airflow/example_dags/example_task_group_decorator.py for tasks to queue
[2026-04-09T03:44:39.790+0000] {logging_mixin.py:190} INFO - [2026-04-09T03:44:39.790+0000] {dagbag.py:588} INFO - Filling up the DagBag from /home/airflow/.local/lib/python3.12/site-packages/airflow/example_dags/example_task_group_decorator.py
[2026-04-09T03:44:39.796+0000] {processor.py:925} INFO - DAG(s) 'example_task_group_decorator' retrieved from /home/airflow/.local/lib/python3.12/site-packages/airflow/example_dags/example_task_group_decorator.py
[2026-04-09T03:44:39.804+0000] {logging_mixin.py:190} INFO - [2026-04-09T03:44:39.804+0000] {dag.py:3239} INFO - Sync 1 DAGs
[2026-04-09T03:44:39.808+0000] {logging_mixin.py:190} INFO - [2026-04-09T03:44:39.808+0000] {dag.py:4180} INFO - Setting next_dagrun for example_task_group_decorator to None, run_after=None
[2026-04-09T03:44:39.814+0000] {processor.py:208} INFO - Processing /home/airflow/.local/lib/python3.12/site-packages/airflow/example_dags/example_task_group_decorator.py took 0.027 seconds
[2026-04-09T04:00:10.424+0000] {processor.py:186} INFO - Started process (PID=39442) to work on /home/airflow/.local/lib/python3.12/site-packages/airflow/example_dags/example_task_group_decorator.py
[2026-04-09T04:00:10.425+0000] {processor.py:914} INFO - Processing file /home/airflow/.local/lib/python3.12/site-packages/airflow/example_dags/example_task_group_decorator.py for tasks to queue
[2026-04-09T04:00:10.425+0000] {logging_mixin.py:190} INFO - [2026-04-09T04:00:10.425+0000] {dagbag.py:588} INFO - Filling up the DagBag from /home/airflow/.local/lib/python3.12/site-packages/airflow/example_dags/example_task_group_decorator.py
[2026-04-09T04:00:10.431+0000] {processor.py:925} INFO - DAG(s) 'example_task_group_decorator' retrieved from /home/airflow/.local/lib/python3.12/site-packages/airflow/example_dags/example_task_group_decorator.py
[2026-04-09T04:00:10.441+0000] {logging_mixin.py:190} INFO - [2026-04-09T04:00:10.441+0000] {dag.py:3239} INFO - Sync 1 DAGs
[2026-04-09T04:00:10.446+0000] {logging_mixin.py:190} INFO - [2026-04-09T04:00:10.446+0000] {dag.py:4180} INFO - Setting next_dagrun for example_task_group_decorator to None, run_after=None
[2026-04-09T04:00:10.452+0000] {processor.py:208} INFO - Processing /home/airflow/.local/lib/python3.12/site-packages/airflow/example_dags/example_task_group_decorator.py took 0.030 seconds
[2026-04-09T04:00:40.873+0000] {processor.py:186} INFO - Started process (PID=39506) to work on /home/airflow/.local/lib/python3.12/site-packages/airflow/example_dags/example_task_group_decorator.py
[2026-04-09T04:00:40.874+0000] {processor.py:914} INFO - Processing file /home/airflow/.local/lib/python3.12/site-packages/airflow/example_dags/example_task_group_decorator.py for tasks to queue
[2026-04-09T04:00:40.874+0000] {logging_mixin.py:190} INFO - [2026-04-09T04:00:40.874+0000] {dagbag.py:588} INFO - Filling up the DagBag from /home/airflow/.local/lib/python3.12/site-packages/airflow/example_dags/example_task_group_decorator.py
[2026-04-09T04:00:40.880+0000] {processor.py:925} INFO - DAG(s) 'example_task_group_decorator' retrieved from /home/airflow/.local/lib/python3.12/site-packages/airflow/example_dags/example_task_group_decorator.py
[2026-04-09T04:00:40.889+0000] {logging_mixin.py:190} INFO - [2026-04-09T04:00:40.888+0000] {dag.py:3239} INFO - Sync 1 DAGs
[2026-04-09T04:00:40.893+0000] {logging_mixin.py:190} INFO - [2026-04-09T04:00:40.893+0000] {dag.py:4180} INFO - Setting next_dagrun for example_task_group_decorator to None, run_after=None
[2026-04-09T04:00:40.899+0000] {processor.py:208} INFO - Processing /home/airflow/.local/lib/python3.12/site-packages/airflow/example_dags/example_task_group_decorator.py took 0.028 seconds
[2026-04-09T04:16:11.369+0000] {processor.py:186} INFO - Started process (PID=39570) to work on /home/airflow/.local/lib/python3.12/site-packages/airflow/example_dags/example_task_group_decorator.py
[2026-04-09T04:16:11.369+0000] {processor.py:914} INFO - Processing file /home/airflow/.local/lib/python3.12/site-packages/airflow/example_dags/example_task_group_decorator.py for tasks to queue
[2026-04-09T04:16:11.370+0000] {logging_mixin.py:190} INFO - [2026-04-09T04:16:11.369+0000] {dagbag.py:588} INFO - Filling up the DagBag from /home/airflow/.local/lib/python3.12/site-packages/airflow/example_dags/example_task_group_decorator.py
[2026-04-09T04:16:11.375+0000] {processor.py:925} INFO - DAG(s) 'example_task_group_decorator' retrieved from /home/airflow/.local/lib/python3.12/site-packages/airflow/example_dags/example_task_group_decorator.py
[2026-04-09T04:16:11.384+0000] {logging_mixin.py:190} INFO - [2026-04-09T04:16:11.384+0000] {dag.py:3239} INFO - Sync 1 DAGs
[2026-04-09T04:16:11.389+0000] {logging_mixin.py:190} INFO - [2026-04-09T04:16:11.389+0000] {dag.py:4180} INFO - Setting next_dagrun for example_task_group_decorator to None, run_after=None
[2026-04-09T04:16:11.395+0000] {processor.py:208} INFO - Processing /home/airflow/.local/lib/python3.12/site-packages/airflow/example_dags/example_task_group_decorator.py took 0.029 seconds
[2026-04-09T04:28:02.743+0000] {processor.py:186} INFO - Started process (PID=39634) to work on /home/airflow/.local/lib/python3.12/site-packages/airflow/example_dags/example_task_group_decorator.py
[2026-04-09T04:28:02.744+0000] {processor.py:914} INFO - Processing file /home/airflow/.local/lib/python3.12/site-packages/airflow/example_dags/example_task_group_decorator.py for tasks to queue
[2026-04-09T04:28:02.744+0000] {logging_mixin.py:190} INFO - [2026-04-09T04:28:02.744+0000] {dagbag.py:588} INFO - Filling up the DagBag from /home/airflow/.local/lib/python3.12/site-packages/airflow/example_dags/example_task_group_decorator.py
[2026-04-09T04:28:02.750+0000] {processor.py:925} INFO - DAG(s) 'example_task_group_decorator' retrieved from /home/airflow/.local/lib/python3.12/site-packages/airflow/example_dags/example_task_group_decorator.py
[2026-04-09T04:28:02.759+0000] {logging_mixin.py:190} INFO - [2026-04-09T04:28:02.759+0000] {dag.py:3239} INFO - Sync 1 DAGs
[2026-04-09T04:28:02.765+0000] {logging_mixin.py:190} INFO - [2026-04-09T04:28:02.765+0000] {dag.py:4180} INFO - Setting next_dagrun for example_task_group_decorator to None, run_after=None
[2026-04-09T04:28:02.771+0000] {processor.py:208} INFO - Processing /home/airflow/.local/lib/python3.12/site-packages/airflow/example_dags/example_task_group_decorator.py took 0.030 seconds
