[2026-04-09T00:10:46.668+0000] {processor.py:186} INFO - Started process (PID=38021) to work on /home/airflow/.local/lib/python3.12/site-packages/airflow/example_dags/example_sensors.py
[2026-04-09T00:10:46.669+0000] {processor.py:914} INFO - Processing file /home/airflow/.local/lib/python3.12/site-packages/airflow/example_dags/example_sensors.py for tasks to queue
[2026-04-09T00:10:46.670+0000] {logging_mixin.py:190} INFO - [2026-04-09T00:10:46.670+0000] {dagbag.py:588} INFO - Filling up the DagBag from /home/airflow/.local/lib/python3.12/site-packages/airflow/example_dags/example_sensors.py
[2026-04-09T00:10:46.675+0000] {processor.py:925} INFO - DAG(s) 'example_sensors' retrieved from /home/airflow/.local/lib/python3.12/site-packages/airflow/example_dags/example_sensors.py
[2026-04-09T00:10:46.685+0000] {logging_mixin.py:190} INFO - [2026-04-09T00:10:46.685+0000] {dag.py:3239} INFO - Sync 1 DAGs
[2026-04-09T00:10:46.690+0000] {logging_mixin.py:190} INFO - [2026-04-09T00:10:46.690+0000] {dag.py:4180} INFO - Setting next_dagrun for example_sensors to None, run_after=None
[2026-04-09T00:10:46.703+0000] {processor.py:208} INFO - Processing /home/airflow/.local/lib/python3.12/site-packages/airflow/example_dags/example_sensors.py took 0.038 seconds
[2026-04-09T00:11:16.982+0000] {processor.py:186} INFO - Started process (PID=38085) to work on /home/airflow/.local/lib/python3.12/site-packages/airflow/example_dags/example_sensors.py
[2026-04-09T00:11:16.983+0000] {processor.py:914} INFO - Processing file /home/airflow/.local/lib/python3.12/site-packages/airflow/example_dags/example_sensors.py for tasks to queue
[2026-04-09T00:11:16.983+0000] {logging_mixin.py:190} INFO - [2026-04-09T00:11:16.983+0000] {dagbag.py:588} INFO - Filling up the DagBag from /home/airflow/.local/lib/python3.12/site-packages/airflow/example_dags/example_sensors.py
[2026-04-09T00:11:16.988+0000] {processor.py:925} INFO - DAG(s) 'example_sensors' retrieved from /home/airflow/.local/lib/python3.12/site-packages/airflow/example_dags/example_sensors.py
[2026-04-09T00:11:17.002+0000] {logging_mixin.py:190} INFO - [2026-04-09T00:11:17.002+0000] {dag.py:3239} INFO - Sync 1 DAGs
[2026-04-09T00:11:17.007+0000] {logging_mixin.py:190} INFO - [2026-04-09T00:11:17.007+0000] {dag.py:4180} INFO - Setting next_dagrun for example_sensors to None, run_after=None
[2026-04-09T00:11:17.016+0000] {processor.py:208} INFO - Processing /home/airflow/.local/lib/python3.12/site-packages/airflow/example_dags/example_sensors.py took 0.036 seconds
[2026-04-09T00:26:46.655+0000] {processor.py:186} INFO - Started process (PID=38149) to work on /home/airflow/.local/lib/python3.12/site-packages/airflow/example_dags/example_sensors.py
[2026-04-09T00:26:46.658+0000] {processor.py:914} INFO - Processing file /home/airflow/.local/lib/python3.12/site-packages/airflow/example_dags/example_sensors.py for tasks to queue
[2026-04-09T00:26:46.658+0000] {logging_mixin.py:190} INFO - [2026-04-09T00:26:46.658+0000] {dagbag.py:588} INFO - Filling up the DagBag from /home/airflow/.local/lib/python3.12/site-packages/airflow/example_dags/example_sensors.py
[2026-04-09T00:26:46.663+0000] {processor.py:925} INFO - DAG(s) 'example_sensors' retrieved from /home/airflow/.local/lib/python3.12/site-packages/airflow/example_dags/example_sensors.py
[2026-04-09T00:26:46.677+0000] {logging_mixin.py:190} INFO - [2026-04-09T00:26:46.676+0000] {dag.py:3239} INFO - Sync 1 DAGs
[2026-04-09T00:26:46.681+0000] {logging_mixin.py:190} INFO - [2026-04-09T00:26:46.681+0000] {dag.py:4180} INFO - Setting next_dagrun for example_sensors to None, run_after=None
[2026-04-09T00:26:46.686+0000] {processor.py:208} INFO - Processing /home/airflow/.local/lib/python3.12/site-packages/airflow/example_dags/example_sensors.py took 0.033 seconds
[2026-04-09T00:42:16.917+0000] {processor.py:186} INFO - Started process (PID=38213) to work on /home/airflow/.local/lib/python3.12/site-packages/airflow/example_dags/example_sensors.py
[2026-04-09T00:42:16.917+0000] {processor.py:914} INFO - Processing file /home/airflow/.local/lib/python3.12/site-packages/airflow/example_dags/example_sensors.py for tasks to queue
[2026-04-09T00:42:16.918+0000] {logging_mixin.py:190} INFO - [2026-04-09T00:42:16.918+0000] {dagbag.py:588} INFO - Filling up the DagBag from /home/airflow/.local/lib/python3.12/site-packages/airflow/example_dags/example_sensors.py
[2026-04-09T00:42:16.923+0000] {processor.py:925} INFO - DAG(s) 'example_sensors' retrieved from /home/airflow/.local/lib/python3.12/site-packages/airflow/example_dags/example_sensors.py
[2026-04-09T00:42:16.937+0000] {logging_mixin.py:190} INFO - [2026-04-09T00:42:16.937+0000] {dag.py:3239} INFO - Sync 1 DAGs
[2026-04-09T00:42:16.943+0000] {logging_mixin.py:190} INFO - [2026-04-09T00:42:16.943+0000] {dag.py:4180} INFO - Setting next_dagrun for example_sensors to None, run_after=None
[2026-04-09T00:42:16.956+0000] {processor.py:208} INFO - Processing /home/airflow/.local/lib/python3.12/site-packages/airflow/example_dags/example_sensors.py took 0.042 seconds
[2026-04-09T00:59:14.232+0000] {processor.py:186} INFO - Started process (PID=38277) to work on /home/airflow/.local/lib/python3.12/site-packages/airflow/example_dags/example_sensors.py
[2026-04-09T00:59:14.232+0000] {processor.py:914} INFO - Processing file /home/airflow/.local/lib/python3.12/site-packages/airflow/example_dags/example_sensors.py for tasks to queue
[2026-04-09T00:59:14.233+0000] {logging_mixin.py:190} INFO - [2026-04-09T00:59:14.233+0000] {dagbag.py:588} INFO - Filling up the DagBag from /home/airflow/.local/lib/python3.12/site-packages/airflow/example_dags/example_sensors.py
[2026-04-09T00:59:14.238+0000] {processor.py:925} INFO - DAG(s) 'example_sensors' retrieved from /home/airflow/.local/lib/python3.12/site-packages/airflow/example_dags/example_sensors.py
[2026-04-09T00:59:14.251+0000] {logging_mixin.py:190} INFO - [2026-04-09T00:59:14.251+0000] {dag.py:3239} INFO - Sync 1 DAGs
[2026-04-09T00:59:14.260+0000] {logging_mixin.py:190} INFO - [2026-04-09T00:59:14.260+0000] {dag.py:4180} INFO - Setting next_dagrun for example_sensors to None, run_after=None
[2026-04-09T00:59:14.271+0000] {processor.py:208} INFO - Processing /home/airflow/.local/lib/python3.12/site-packages/airflow/example_dags/example_sensors.py took 0.043 seconds
[2026-04-09T01:14:44.617+0000] {processor.py:186} INFO - Started process (PID=38341) to work on /home/airflow/.local/lib/python3.12/site-packages/airflow/example_dags/example_sensors.py
[2026-04-09T01:14:44.619+0000] {processor.py:914} INFO - Processing file /home/airflow/.local/lib/python3.12/site-packages/airflow/example_dags/example_sensors.py for tasks to queue
[2026-04-09T01:14:44.619+0000] {logging_mixin.py:190} INFO - [2026-04-09T01:14:44.619+0000] {dagbag.py:588} INFO - Filling up the DagBag from /home/airflow/.local/lib/python3.12/site-packages/airflow/example_dags/example_sensors.py
[2026-04-09T01:14:44.631+0000] {processor.py:925} INFO - DAG(s) 'example_sensors' retrieved from /home/airflow/.local/lib/python3.12/site-packages/airflow/example_dags/example_sensors.py
[2026-04-09T01:14:44.648+0000] {logging_mixin.py:190} INFO - [2026-04-09T01:14:44.647+0000] {dag.py:3239} INFO - Sync 1 DAGs
[2026-04-09T01:14:44.658+0000] {logging_mixin.py:190} INFO - [2026-04-09T01:14:44.657+0000] {dag.py:4180} INFO - Setting next_dagrun for example_sensors to None, run_after=None
[2026-04-09T01:14:44.671+0000] {processor.py:208} INFO - Processing /home/airflow/.local/lib/python3.12/site-packages/airflow/example_dags/example_sensors.py took 0.059 seconds
[2026-04-09T01:15:14.908+0000] {processor.py:186} INFO - Started process (PID=38405) to work on /home/airflow/.local/lib/python3.12/site-packages/airflow/example_dags/example_sensors.py
[2026-04-09T01:15:14.908+0000] {processor.py:914} INFO - Processing file /home/airflow/.local/lib/python3.12/site-packages/airflow/example_dags/example_sensors.py for tasks to queue
[2026-04-09T01:15:14.909+0000] {logging_mixin.py:190} INFO - [2026-04-09T01:15:14.909+0000] {dagbag.py:588} INFO - Filling up the DagBag from /home/airflow/.local/lib/python3.12/site-packages/airflow/example_dags/example_sensors.py
[2026-04-09T01:15:14.914+0000] {processor.py:925} INFO - DAG(s) 'example_sensors' retrieved from /home/airflow/.local/lib/python3.12/site-packages/airflow/example_dags/example_sensors.py
[2026-04-09T01:15:14.928+0000] {logging_mixin.py:190} INFO - [2026-04-09T01:15:14.927+0000] {dag.py:3239} INFO - Sync 1 DAGs
[2026-04-09T01:15:14.934+0000] {logging_mixin.py:190} INFO - [2026-04-09T01:15:14.934+0000] {dag.py:4180} INFO - Setting next_dagrun for example_sensors to None, run_after=None
[2026-04-09T01:15:14.944+0000] {processor.py:208} INFO - Processing /home/airflow/.local/lib/python3.12/site-packages/airflow/example_dags/example_sensors.py took 0.039 seconds
[2026-04-09T01:30:51.807+0000] {processor.py:186} INFO - Started process (PID=38469) to work on /home/airflow/.local/lib/python3.12/site-packages/airflow/example_dags/example_sensors.py
[2026-04-09T01:30:51.809+0000] {processor.py:914} INFO - Processing file /home/airflow/.local/lib/python3.12/site-packages/airflow/example_dags/example_sensors.py for tasks to queue
[2026-04-09T01:30:51.810+0000] {logging_mixin.py:190} INFO - [2026-04-09T01:30:51.810+0000] {dagbag.py:588} INFO - Filling up the DagBag from /home/airflow/.local/lib/python3.12/site-packages/airflow/example_dags/example_sensors.py
[2026-04-09T01:30:51.815+0000] {processor.py:925} INFO - DAG(s) 'example_sensors' retrieved from /home/airflow/.local/lib/python3.12/site-packages/airflow/example_dags/example_sensors.py
[2026-04-09T01:30:51.825+0000] {logging_mixin.py:190} INFO - [2026-04-09T01:30:51.825+0000] {dag.py:3239} INFO - Sync 1 DAGs
[2026-04-09T01:30:51.830+0000] {logging_mixin.py:190} INFO - [2026-04-09T01:30:51.830+0000] {dag.py:4180} INFO - Setting next_dagrun for example_sensors to None, run_after=None
[2026-04-09T01:30:51.845+0000] {processor.py:208} INFO - Processing /home/airflow/.local/lib/python3.12/site-packages/airflow/example_dags/example_sensors.py took 0.041 seconds
[2026-04-09T01:46:23.325+0000] {processor.py:186} INFO - Started process (PID=38533) to work on /home/airflow/.local/lib/python3.12/site-packages/airflow/example_dags/example_sensors.py
[2026-04-09T01:46:23.326+0000] {processor.py:914} INFO - Processing file /home/airflow/.local/lib/python3.12/site-packages/airflow/example_dags/example_sensors.py for tasks to queue
[2026-04-09T01:46:23.326+0000] {logging_mixin.py:190} INFO - [2026-04-09T01:46:23.326+0000] {dagbag.py:588} INFO - Filling up the DagBag from /home/airflow/.local/lib/python3.12/site-packages/airflow/example_dags/example_sensors.py
[2026-04-09T01:46:23.331+0000] {processor.py:925} INFO - DAG(s) 'example_sensors' retrieved from /home/airflow/.local/lib/python3.12/site-packages/airflow/example_dags/example_sensors.py
[2026-04-09T01:46:23.339+0000] {logging_mixin.py:190} INFO - [2026-04-09T01:46:23.339+0000] {dag.py:3239} INFO - Sync 1 DAGs
[2026-04-09T01:46:23.344+0000] {logging_mixin.py:190} INFO - [2026-04-09T01:46:23.344+0000] {dag.py:4180} INFO - Setting next_dagrun for example_sensors to None, run_after=None
[2026-04-09T01:46:23.349+0000] {processor.py:208} INFO - Processing /home/airflow/.local/lib/python3.12/site-packages/airflow/example_dags/example_sensors.py took 0.026 seconds
[2026-04-09T01:46:54.561+0000] {processor.py:186} INFO - Started process (PID=38597) to work on /home/airflow/.local/lib/python3.12/site-packages/airflow/example_dags/example_sensors.py
[2026-04-09T01:46:54.562+0000] {processor.py:914} INFO - Processing file /home/airflow/.local/lib/python3.12/site-packages/airflow/example_dags/example_sensors.py for tasks to queue
[2026-04-09T01:46:54.562+0000] {logging_mixin.py:190} INFO - [2026-04-09T01:46:54.562+0000] {dagbag.py:588} INFO - Filling up the DagBag from /home/airflow/.local/lib/python3.12/site-packages/airflow/example_dags/example_sensors.py
[2026-04-09T01:46:54.567+0000] {processor.py:925} INFO - DAG(s) 'example_sensors' retrieved from /home/airflow/.local/lib/python3.12/site-packages/airflow/example_dags/example_sensors.py
[2026-04-09T01:46:54.576+0000] {logging_mixin.py:190} INFO - [2026-04-09T01:46:54.576+0000] {dag.py:3239} INFO - Sync 1 DAGs
[2026-04-09T01:46:54.581+0000] {logging_mixin.py:190} INFO - [2026-04-09T01:46:54.581+0000] {dag.py:4180} INFO - Setting next_dagrun for example_sensors to None, run_after=None
[2026-04-09T01:46:54.590+0000] {processor.py:208} INFO - Processing /home/airflow/.local/lib/python3.12/site-packages/airflow/example_dags/example_sensors.py took 0.031 seconds
[2026-04-09T02:02:23.855+0000] {processor.py:186} INFO - Started process (PID=38661) to work on /home/airflow/.local/lib/python3.12/site-packages/airflow/example_dags/example_sensors.py
[2026-04-09T02:02:23.855+0000] {processor.py:914} INFO - Processing file /home/airflow/.local/lib/python3.12/site-packages/airflow/example_dags/example_sensors.py for tasks to queue
[2026-04-09T02:02:23.856+0000] {logging_mixin.py:190} INFO - [2026-04-09T02:02:23.856+0000] {dagbag.py:588} INFO - Filling up the DagBag from /home/airflow/.local/lib/python3.12/site-packages/airflow/example_dags/example_sensors.py
[2026-04-09T02:02:23.860+0000] {processor.py:925} INFO - DAG(s) 'example_sensors' retrieved from /home/airflow/.local/lib/python3.12/site-packages/airflow/example_dags/example_sensors.py
[2026-04-09T02:02:23.872+0000] {logging_mixin.py:190} INFO - [2026-04-09T02:02:23.872+0000] {dag.py:3239} INFO - Sync 1 DAGs
[2026-04-09T02:02:23.879+0000] {logging_mixin.py:190} INFO - [2026-04-09T02:02:23.878+0000] {dag.py:4180} INFO - Setting next_dagrun for example_sensors to None, run_after=None
[2026-04-09T02:02:23.891+0000] {processor.py:208} INFO - Processing /home/airflow/.local/lib/python3.12/site-packages/airflow/example_dags/example_sensors.py took 0.038 seconds
[2026-04-09T02:17:55.705+0000] {processor.py:186} INFO - Started process (PID=38725) to work on /home/airflow/.local/lib/python3.12/site-packages/airflow/example_dags/example_sensors.py
[2026-04-09T02:17:55.705+0000] {processor.py:914} INFO - Processing file /home/airflow/.local/lib/python3.12/site-packages/airflow/example_dags/example_sensors.py for tasks to queue
[2026-04-09T02:17:55.706+0000] {logging_mixin.py:190} INFO - [2026-04-09T02:17:55.705+0000] {dagbag.py:588} INFO - Filling up the DagBag from /home/airflow/.local/lib/python3.12/site-packages/airflow/example_dags/example_sensors.py
[2026-04-09T02:17:55.711+0000] {processor.py:925} INFO - DAG(s) 'example_sensors' retrieved from /home/airflow/.local/lib/python3.12/site-packages/airflow/example_dags/example_sensors.py
[2026-04-09T02:17:55.730+0000] {logging_mixin.py:190} INFO - [2026-04-09T02:17:55.730+0000] {dag.py:3239} INFO - Sync 1 DAGs
[2026-04-09T02:17:55.736+0000] {logging_mixin.py:190} INFO - [2026-04-09T02:17:55.736+0000] {dag.py:4180} INFO - Setting next_dagrun for example_sensors to None, run_after=None
[2026-04-09T02:17:55.745+0000] {processor.py:208} INFO - Processing /home/airflow/.local/lib/python3.12/site-packages/airflow/example_dags/example_sensors.py took 0.043 seconds
[2026-04-09T02:18:26.388+0000] {processor.py:186} INFO - Started process (PID=38789) to work on /home/airflow/.local/lib/python3.12/site-packages/airflow/example_dags/example_sensors.py
[2026-04-09T02:18:26.390+0000] {processor.py:914} INFO - Processing file /home/airflow/.local/lib/python3.12/site-packages/airflow/example_dags/example_sensors.py for tasks to queue
[2026-04-09T02:18:26.392+0000] {logging_mixin.py:190} INFO - [2026-04-09T02:18:26.392+0000] {dagbag.py:588} INFO - Filling up the DagBag from /home/airflow/.local/lib/python3.12/site-packages/airflow/example_dags/example_sensors.py
[2026-04-09T02:18:26.397+0000] {processor.py:925} INFO - DAG(s) 'example_sensors' retrieved from /home/airflow/.local/lib/python3.12/site-packages/airflow/example_dags/example_sensors.py
[2026-04-09T02:18:26.407+0000] {logging_mixin.py:190} INFO - [2026-04-09T02:18:26.407+0000] {dag.py:3239} INFO - Sync 1 DAGs
[2026-04-09T02:18:26.413+0000] {logging_mixin.py:190} INFO - [2026-04-09T02:18:26.413+0000] {dag.py:4180} INFO - Setting next_dagrun for example_sensors to None, run_after=None
[2026-04-09T02:18:26.425+0000] {processor.py:208} INFO - Processing /home/airflow/.local/lib/python3.12/site-packages/airflow/example_dags/example_sensors.py took 0.040 seconds
[2026-04-09T02:27:46.164+0000] {processor.py:186} INFO - Started process (PID=38853) to work on /home/airflow/.local/lib/python3.12/site-packages/airflow/example_dags/example_sensors.py
[2026-04-09T02:27:46.165+0000] {processor.py:914} INFO - Processing file /home/airflow/.local/lib/python3.12/site-packages/airflow/example_dags/example_sensors.py for tasks to queue
[2026-04-09T02:27:46.165+0000] {logging_mixin.py:190} INFO - [2026-04-09T02:27:46.165+0000] {dagbag.py:588} INFO - Filling up the DagBag from /home/airflow/.local/lib/python3.12/site-packages/airflow/example_dags/example_sensors.py
[2026-04-09T02:27:46.171+0000] {processor.py:925} INFO - DAG(s) 'example_sensors' retrieved from /home/airflow/.local/lib/python3.12/site-packages/airflow/example_dags/example_sensors.py
[2026-04-09T02:27:46.184+0000] {logging_mixin.py:190} INFO - [2026-04-09T02:27:46.184+0000] {dag.py:3239} INFO - Sync 1 DAGs
[2026-04-09T02:27:46.190+0000] {logging_mixin.py:190} INFO - [2026-04-09T02:27:46.190+0000] {dag.py:4180} INFO - Setting next_dagrun for example_sensors to None, run_after=None
[2026-04-09T02:27:46.200+0000] {processor.py:208} INFO - Processing /home/airflow/.local/lib/python3.12/site-packages/airflow/example_dags/example_sensors.py took 0.038 seconds
[2026-04-09T02:43:16.902+0000] {processor.py:186} INFO - Started process (PID=38917) to work on /home/airflow/.local/lib/python3.12/site-packages/airflow/example_dags/example_sensors.py
[2026-04-09T02:43:16.903+0000] {processor.py:914} INFO - Processing file /home/airflow/.local/lib/python3.12/site-packages/airflow/example_dags/example_sensors.py for tasks to queue
[2026-04-09T02:43:16.904+0000] {logging_mixin.py:190} INFO - [2026-04-09T02:43:16.904+0000] {dagbag.py:588} INFO - Filling up the DagBag from /home/airflow/.local/lib/python3.12/site-packages/airflow/example_dags/example_sensors.py
[2026-04-09T02:43:16.916+0000] {processor.py:925} INFO - DAG(s) 'example_sensors' retrieved from /home/airflow/.local/lib/python3.12/site-packages/airflow/example_dags/example_sensors.py
[2026-04-09T02:43:16.938+0000] {logging_mixin.py:190} INFO - [2026-04-09T02:43:16.938+0000] {dag.py:3239} INFO - Sync 1 DAGs
[2026-04-09T02:43:16.950+0000] {logging_mixin.py:190} INFO - [2026-04-09T02:43:16.950+0000] {dag.py:4180} INFO - Setting next_dagrun for example_sensors to None, run_after=None
[2026-04-09T02:43:16.965+0000] {processor.py:208} INFO - Processing /home/airflow/.local/lib/python3.12/site-packages/airflow/example_dags/example_sensors.py took 0.069 seconds
[2026-04-09T02:43:47.951+0000] {processor.py:186} INFO - Started process (PID=38981) to work on /home/airflow/.local/lib/python3.12/site-packages/airflow/example_dags/example_sensors.py
[2026-04-09T02:43:47.951+0000] {processor.py:914} INFO - Processing file /home/airflow/.local/lib/python3.12/site-packages/airflow/example_dags/example_sensors.py for tasks to queue
[2026-04-09T02:43:47.952+0000] {logging_mixin.py:190} INFO - [2026-04-09T02:43:47.951+0000] {dagbag.py:588} INFO - Filling up the DagBag from /home/airflow/.local/lib/python3.12/site-packages/airflow/example_dags/example_sensors.py
[2026-04-09T02:43:47.956+0000] {processor.py:925} INFO - DAG(s) 'example_sensors' retrieved from /home/airflow/.local/lib/python3.12/site-packages/airflow/example_dags/example_sensors.py
[2026-04-09T02:43:47.965+0000] {logging_mixin.py:190} INFO - [2026-04-09T02:43:47.965+0000] {dag.py:3239} INFO - Sync 1 DAGs
[2026-04-09T02:43:47.970+0000] {logging_mixin.py:190} INFO - [2026-04-09T02:43:47.970+0000] {dag.py:4180} INFO - Setting next_dagrun for example_sensors to None, run_after=None
[2026-04-09T02:43:47.982+0000] {processor.py:208} INFO - Processing /home/airflow/.local/lib/python3.12/site-packages/airflow/example_dags/example_sensors.py took 0.033 seconds
[2026-04-09T02:59:17.318+0000] {processor.py:186} INFO - Started process (PID=39045) to work on /home/airflow/.local/lib/python3.12/site-packages/airflow/example_dags/example_sensors.py
[2026-04-09T02:59:17.320+0000] {processor.py:914} INFO - Processing file /home/airflow/.local/lib/python3.12/site-packages/airflow/example_dags/example_sensors.py for tasks to queue
[2026-04-09T02:59:17.322+0000] {logging_mixin.py:190} INFO - [2026-04-09T02:59:17.321+0000] {dagbag.py:588} INFO - Filling up the DagBag from /home/airflow/.local/lib/python3.12/site-packages/airflow/example_dags/example_sensors.py
[2026-04-09T02:59:17.327+0000] {processor.py:925} INFO - DAG(s) 'example_sensors' retrieved from /home/airflow/.local/lib/python3.12/site-packages/airflow/example_dags/example_sensors.py
[2026-04-09T02:59:17.336+0000] {logging_mixin.py:190} INFO - [2026-04-09T02:59:17.336+0000] {dag.py:3239} INFO - Sync 1 DAGs
[2026-04-09T02:59:17.343+0000] {logging_mixin.py:190} INFO - [2026-04-09T02:59:17.343+0000] {dag.py:4180} INFO - Setting next_dagrun for example_sensors to None, run_after=None
[2026-04-09T02:59:17.354+0000] {processor.py:208} INFO - Processing /home/airflow/.local/lib/python3.12/site-packages/airflow/example_dags/example_sensors.py took 0.038 seconds
[2026-04-09T02:59:48.672+0000] {processor.py:186} INFO - Started process (PID=39109) to work on /home/airflow/.local/lib/python3.12/site-packages/airflow/example_dags/example_sensors.py
[2026-04-09T02:59:48.673+0000] {processor.py:914} INFO - Processing file /home/airflow/.local/lib/python3.12/site-packages/airflow/example_dags/example_sensors.py for tasks to queue
[2026-04-09T02:59:48.674+0000] {logging_mixin.py:190} INFO - [2026-04-09T02:59:48.674+0000] {dagbag.py:588} INFO - Filling up the DagBag from /home/airflow/.local/lib/python3.12/site-packages/airflow/example_dags/example_sensors.py
[2026-04-09T02:59:48.682+0000] {processor.py:925} INFO - DAG(s) 'example_sensors' retrieved from /home/airflow/.local/lib/python3.12/site-packages/airflow/example_dags/example_sensors.py
[2026-04-09T02:59:48.691+0000] {logging_mixin.py:190} INFO - [2026-04-09T02:59:48.691+0000] {dag.py:3239} INFO - Sync 1 DAGs
[2026-04-09T02:59:48.696+0000] {logging_mixin.py:190} INFO - [2026-04-09T02:59:48.696+0000] {dag.py:4180} INFO - Setting next_dagrun for example_sensors to None, run_after=None
[2026-04-09T02:59:48.707+0000] {processor.py:208} INFO - Processing /home/airflow/.local/lib/python3.12/site-packages/airflow/example_dags/example_sensors.py took 0.037 seconds
[2026-04-09T03:15:18.317+0000] {processor.py:186} INFO - Started process (PID=39173) to work on /home/airflow/.local/lib/python3.12/site-packages/airflow/example_dags/example_sensors.py
[2026-04-09T03:15:18.318+0000] {processor.py:914} INFO - Processing file /home/airflow/.local/lib/python3.12/site-packages/airflow/example_dags/example_sensors.py for tasks to queue
[2026-04-09T03:15:18.319+0000] {logging_mixin.py:190} INFO - [2026-04-09T03:15:18.319+0000] {dagbag.py:588} INFO - Filling up the DagBag from /home/airflow/.local/lib/python3.12/site-packages/airflow/example_dags/example_sensors.py
[2026-04-09T03:15:18.324+0000] {processor.py:925} INFO - DAG(s) 'example_sensors' retrieved from /home/airflow/.local/lib/python3.12/site-packages/airflow/example_dags/example_sensors.py
[2026-04-09T03:15:18.334+0000] {logging_mixin.py:190} INFO - [2026-04-09T03:15:18.334+0000] {dag.py:3239} INFO - Sync 1 DAGs
[2026-04-09T03:15:18.340+0000] {logging_mixin.py:190} INFO - [2026-04-09T03:15:18.340+0000] {dag.py:4180} INFO - Setting next_dagrun for example_sensors to None, run_after=None
[2026-04-09T03:15:18.350+0000] {processor.py:208} INFO - Processing /home/airflow/.local/lib/python3.12/site-packages/airflow/example_dags/example_sensors.py took 0.035 seconds
[2026-04-09T03:28:38.357+0000] {processor.py:186} INFO - Started process (PID=39237) to work on /home/airflow/.local/lib/python3.12/site-packages/airflow/example_dags/example_sensors.py
[2026-04-09T03:28:38.357+0000] {processor.py:914} INFO - Processing file /home/airflow/.local/lib/python3.12/site-packages/airflow/example_dags/example_sensors.py for tasks to queue
[2026-04-09T03:28:38.358+0000] {logging_mixin.py:190} INFO - [2026-04-09T03:28:38.358+0000] {dagbag.py:588} INFO - Filling up the DagBag from /home/airflow/.local/lib/python3.12/site-packages/airflow/example_dags/example_sensors.py
[2026-04-09T03:28:38.363+0000] {processor.py:925} INFO - DAG(s) 'example_sensors' retrieved from /home/airflow/.local/lib/python3.12/site-packages/airflow/example_dags/example_sensors.py
[2026-04-09T03:28:38.376+0000] {logging_mixin.py:190} INFO - [2026-04-09T03:28:38.376+0000] {dag.py:3239} INFO - Sync 1 DAGs
[2026-04-09T03:28:38.385+0000] {logging_mixin.py:190} INFO - [2026-04-09T03:28:38.385+0000] {dag.py:4180} INFO - Setting next_dagrun for example_sensors to None, run_after=None
[2026-04-09T03:28:38.393+0000] {processor.py:208} INFO - Processing /home/airflow/.local/lib/python3.12/site-packages/airflow/example_dags/example_sensors.py took 0.039 seconds
[2026-04-09T03:29:08.674+0000] {processor.py:186} INFO - Started process (PID=39301) to work on /home/airflow/.local/lib/python3.12/site-packages/airflow/example_dags/example_sensors.py
[2026-04-09T03:29:08.675+0000] {processor.py:914} INFO - Processing file /home/airflow/.local/lib/python3.12/site-packages/airflow/example_dags/example_sensors.py for tasks to queue
[2026-04-09T03:29:08.675+0000] {logging_mixin.py:190} INFO - [2026-04-09T03:29:08.675+0000] {dagbag.py:588} INFO - Filling up the DagBag from /home/airflow/.local/lib/python3.12/site-packages/airflow/example_dags/example_sensors.py
[2026-04-09T03:29:08.679+0000] {processor.py:925} INFO - DAG(s) 'example_sensors' retrieved from /home/airflow/.local/lib/python3.12/site-packages/airflow/example_dags/example_sensors.py
[2026-04-09T03:29:08.688+0000] {logging_mixin.py:190} INFO - [2026-04-09T03:29:08.688+0000] {dag.py:3239} INFO - Sync 1 DAGs
[2026-04-09T03:29:08.693+0000] {logging_mixin.py:190} INFO - [2026-04-09T03:29:08.693+0000] {dag.py:4180} INFO - Setting next_dagrun for example_sensors to None, run_after=None
[2026-04-09T03:29:08.698+0000] {processor.py:208} INFO - Processing /home/airflow/.local/lib/python3.12/site-packages/airflow/example_dags/example_sensors.py took 0.026 seconds
[2026-04-09T03:44:39.373+0000] {processor.py:186} INFO - Started process (PID=39365) to work on /home/airflow/.local/lib/python3.12/site-packages/airflow/example_dags/example_sensors.py
[2026-04-09T03:44:39.374+0000] {processor.py:914} INFO - Processing file /home/airflow/.local/lib/python3.12/site-packages/airflow/example_dags/example_sensors.py for tasks to queue
[2026-04-09T03:44:39.376+0000] {logging_mixin.py:190} INFO - [2026-04-09T03:44:39.376+0000] {dagbag.py:588} INFO - Filling up the DagBag from /home/airflow/.local/lib/python3.12/site-packages/airflow/example_dags/example_sensors.py
[2026-04-09T03:44:39.381+0000] {processor.py:925} INFO - DAG(s) 'example_sensors' retrieved from /home/airflow/.local/lib/python3.12/site-packages/airflow/example_dags/example_sensors.py
[2026-04-09T03:44:39.390+0000] {logging_mixin.py:190} INFO - [2026-04-09T03:44:39.390+0000] {dag.py:3239} INFO - Sync 1 DAGs
[2026-04-09T03:44:39.395+0000] {logging_mixin.py:190} INFO - [2026-04-09T03:44:39.395+0000] {dag.py:4180} INFO - Setting next_dagrun for example_sensors to None, run_after=None
[2026-04-09T03:44:39.400+0000] {processor.py:208} INFO - Processing /home/airflow/.local/lib/python3.12/site-packages/airflow/example_dags/example_sensors.py took 0.030 seconds
[2026-04-09T04:00:10.072+0000] {processor.py:186} INFO - Started process (PID=39429) to work on /home/airflow/.local/lib/python3.12/site-packages/airflow/example_dags/example_sensors.py
[2026-04-09T04:00:10.072+0000] {processor.py:914} INFO - Processing file /home/airflow/.local/lib/python3.12/site-packages/airflow/example_dags/example_sensors.py for tasks to queue
[2026-04-09T04:00:10.073+0000] {logging_mixin.py:190} INFO - [2026-04-09T04:00:10.072+0000] {dagbag.py:588} INFO - Filling up the DagBag from /home/airflow/.local/lib/python3.12/site-packages/airflow/example_dags/example_sensors.py
[2026-04-09T04:00:10.078+0000] {processor.py:925} INFO - DAG(s) 'example_sensors' retrieved from /home/airflow/.local/lib/python3.12/site-packages/airflow/example_dags/example_sensors.py
[2026-04-09T04:00:10.092+0000] {logging_mixin.py:190} INFO - [2026-04-09T04:00:10.092+0000] {dag.py:3239} INFO - Sync 1 DAGs
[2026-04-09T04:00:10.101+0000] {logging_mixin.py:190} INFO - [2026-04-09T04:00:10.101+0000] {dag.py:4180} INFO - Setting next_dagrun for example_sensors to None, run_after=None
[2026-04-09T04:00:10.114+0000] {processor.py:208} INFO - Processing /home/airflow/.local/lib/python3.12/site-packages/airflow/example_dags/example_sensors.py took 0.045 seconds
[2026-04-09T04:00:40.477+0000] {processor.py:186} INFO - Started process (PID=39493) to work on /home/airflow/.local/lib/python3.12/site-packages/airflow/example_dags/example_sensors.py
[2026-04-09T04:00:40.480+0000] {processor.py:914} INFO - Processing file /home/airflow/.local/lib/python3.12/site-packages/airflow/example_dags/example_sensors.py for tasks to queue
[2026-04-09T04:00:40.480+0000] {logging_mixin.py:190} INFO - [2026-04-09T04:00:40.480+0000] {dagbag.py:588} INFO - Filling up the DagBag from /home/airflow/.local/lib/python3.12/site-packages/airflow/example_dags/example_sensors.py
[2026-04-09T04:00:40.485+0000] {processor.py:925} INFO - DAG(s) 'example_sensors' retrieved from /home/airflow/.local/lib/python3.12/site-packages/airflow/example_dags/example_sensors.py
[2026-04-09T04:00:40.493+0000] {logging_mixin.py:190} INFO - [2026-04-09T04:00:40.493+0000] {dag.py:3239} INFO - Sync 1 DAGs
[2026-04-09T04:00:40.497+0000] {logging_mixin.py:190} INFO - [2026-04-09T04:00:40.497+0000] {dag.py:4180} INFO - Setting next_dagrun for example_sensors to None, run_after=None
[2026-04-09T04:00:40.503+0000] {processor.py:208} INFO - Processing /home/airflow/.local/lib/python3.12/site-packages/airflow/example_dags/example_sensors.py took 0.027 seconds
[2026-04-09T04:16:11.045+0000] {processor.py:186} INFO - Started process (PID=39557) to work on /home/airflow/.local/lib/python3.12/site-packages/airflow/example_dags/example_sensors.py
[2026-04-09T04:16:11.045+0000] {processor.py:914} INFO - Processing file /home/airflow/.local/lib/python3.12/site-packages/airflow/example_dags/example_sensors.py for tasks to queue
[2026-04-09T04:16:11.046+0000] {logging_mixin.py:190} INFO - [2026-04-09T04:16:11.045+0000] {dagbag.py:588} INFO - Filling up the DagBag from /home/airflow/.local/lib/python3.12/site-packages/airflow/example_dags/example_sensors.py
[2026-04-09T04:16:11.051+0000] {processor.py:925} INFO - DAG(s) 'example_sensors' retrieved from /home/airflow/.local/lib/python3.12/site-packages/airflow/example_dags/example_sensors.py
[2026-04-09T04:16:11.064+0000] {logging_mixin.py:190} INFO - [2026-04-09T04:16:11.064+0000] {dag.py:3239} INFO - Sync 1 DAGs
[2026-04-09T04:16:11.070+0000] {logging_mixin.py:190} INFO - [2026-04-09T04:16:11.070+0000] {dag.py:4180} INFO - Setting next_dagrun for example_sensors to None, run_after=None
[2026-04-09T04:16:11.076+0000] {processor.py:208} INFO - Processing /home/airflow/.local/lib/python3.12/site-packages/airflow/example_dags/example_sensors.py took 0.034 seconds
[2026-04-09T04:28:02.363+0000] {processor.py:186} INFO - Started process (PID=39621) to work on /home/airflow/.local/lib/python3.12/site-packages/airflow/example_dags/example_sensors.py
[2026-04-09T04:28:02.364+0000] {processor.py:914} INFO - Processing file /home/airflow/.local/lib/python3.12/site-packages/airflow/example_dags/example_sensors.py for tasks to queue
[2026-04-09T04:28:02.364+0000] {logging_mixin.py:190} INFO - [2026-04-09T04:28:02.364+0000] {dagbag.py:588} INFO - Filling up the DagBag from /home/airflow/.local/lib/python3.12/site-packages/airflow/example_dags/example_sensors.py
[2026-04-09T04:28:02.369+0000] {processor.py:925} INFO - DAG(s) 'example_sensors' retrieved from /home/airflow/.local/lib/python3.12/site-packages/airflow/example_dags/example_sensors.py
[2026-04-09T04:28:02.378+0000] {logging_mixin.py:190} INFO - [2026-04-09T04:28:02.378+0000] {dag.py:3239} INFO - Sync 1 DAGs
[2026-04-09T04:28:02.384+0000] {logging_mixin.py:190} INFO - [2026-04-09T04:28:02.384+0000] {dag.py:4180} INFO - Setting next_dagrun for example_sensors to None, run_after=None
[2026-04-09T04:28:02.390+0000] {processor.py:208} INFO - Processing /home/airflow/.local/lib/python3.12/site-packages/airflow/example_dags/example_sensors.py took 0.029 seconds
