[2026-04-09T00:10:46.879+0000] {processor.py:186} INFO - Started process (PID=38030) to work on /home/airflow/.local/lib/python3.12/site-packages/airflow/example_dags/example_skip_dag.py
[2026-04-09T00:10:46.880+0000] {processor.py:914} INFO - Processing file /home/airflow/.local/lib/python3.12/site-packages/airflow/example_dags/example_skip_dag.py for tasks to queue
[2026-04-09T00:10:46.880+0000] {logging_mixin.py:190} INFO - [2026-04-09T00:10:46.880+0000] {dagbag.py:588} INFO - Filling up the DagBag from /home/airflow/.local/lib/python3.12/site-packages/airflow/example_dags/example_skip_dag.py
[2026-04-09T00:10:46.885+0000] {processor.py:925} INFO - DAG(s) 'example_skip_dag' retrieved from /home/airflow/.local/lib/python3.12/site-packages/airflow/example_dags/example_skip_dag.py
[2026-04-09T00:10:46.898+0000] {logging_mixin.py:190} INFO - [2026-04-09T00:10:46.897+0000] {dag.py:3239} INFO - Sync 1 DAGs
[2026-04-09T00:10:46.907+0000] {logging_mixin.py:190} INFO - [2026-04-09T00:10:46.907+0000] {dag.py:4180} INFO - Setting next_dagrun for example_skip_dag to 2026-04-08 00:00:00+00:00, run_after=2026-04-09 00:00:00+00:00
[2026-04-09T00:10:46.915+0000] {processor.py:208} INFO - Processing /home/airflow/.local/lib/python3.12/site-packages/airflow/example_dags/example_skip_dag.py took 0.039 seconds
[2026-04-09T00:11:17.191+0000] {processor.py:186} INFO - Started process (PID=38094) to work on /home/airflow/.local/lib/python3.12/site-packages/airflow/example_dags/example_skip_dag.py
[2026-04-09T00:11:17.191+0000] {processor.py:914} INFO - Processing file /home/airflow/.local/lib/python3.12/site-packages/airflow/example_dags/example_skip_dag.py for tasks to queue
[2026-04-09T00:11:17.192+0000] {logging_mixin.py:190} INFO - [2026-04-09T00:11:17.192+0000] {dagbag.py:588} INFO - Filling up the DagBag from /home/airflow/.local/lib/python3.12/site-packages/airflow/example_dags/example_skip_dag.py
[2026-04-09T00:11:17.198+0000] {processor.py:925} INFO - DAG(s) 'example_skip_dag' retrieved from /home/airflow/.local/lib/python3.12/site-packages/airflow/example_dags/example_skip_dag.py
[2026-04-09T00:11:17.207+0000] {logging_mixin.py:190} INFO - [2026-04-09T00:11:17.207+0000] {dag.py:3239} INFO - Sync 1 DAGs
[2026-04-09T00:11:17.215+0000] {logging_mixin.py:190} INFO - [2026-04-09T00:11:17.215+0000] {dag.py:4180} INFO - Setting next_dagrun for example_skip_dag to 2026-04-08 00:00:00+00:00, run_after=2026-04-09 00:00:00+00:00
[2026-04-09T00:11:17.223+0000] {processor.py:208} INFO - Processing /home/airflow/.local/lib/python3.12/site-packages/airflow/example_dags/example_skip_dag.py took 0.034 seconds
[2026-04-09T00:26:46.950+0000] {processor.py:186} INFO - Started process (PID=38158) to work on /home/airflow/.local/lib/python3.12/site-packages/airflow/example_dags/example_skip_dag.py
[2026-04-09T00:26:46.951+0000] {processor.py:914} INFO - Processing file /home/airflow/.local/lib/python3.12/site-packages/airflow/example_dags/example_skip_dag.py for tasks to queue
[2026-04-09T00:26:46.951+0000] {logging_mixin.py:190} INFO - [2026-04-09T00:26:46.951+0000] {dagbag.py:588} INFO - Filling up the DagBag from /home/airflow/.local/lib/python3.12/site-packages/airflow/example_dags/example_skip_dag.py
[2026-04-09T00:26:46.956+0000] {processor.py:925} INFO - DAG(s) 'example_skip_dag' retrieved from /home/airflow/.local/lib/python3.12/site-packages/airflow/example_dags/example_skip_dag.py
[2026-04-09T00:26:46.965+0000] {logging_mixin.py:190} INFO - [2026-04-09T00:26:46.965+0000] {dag.py:3239} INFO - Sync 1 DAGs
[2026-04-09T00:26:46.973+0000] {logging_mixin.py:190} INFO - [2026-04-09T00:26:46.973+0000] {dag.py:4180} INFO - Setting next_dagrun for example_skip_dag to 2026-04-08 00:00:00+00:00, run_after=2026-04-09 00:00:00+00:00
[2026-04-09T00:26:46.987+0000] {processor.py:208} INFO - Processing /home/airflow/.local/lib/python3.12/site-packages/airflow/example_dags/example_skip_dag.py took 0.039 seconds
[2026-04-09T00:42:17.131+0000] {processor.py:186} INFO - Started process (PID=38222) to work on /home/airflow/.local/lib/python3.12/site-packages/airflow/example_dags/example_skip_dag.py
[2026-04-09T00:42:17.131+0000] {processor.py:914} INFO - Processing file /home/airflow/.local/lib/python3.12/site-packages/airflow/example_dags/example_skip_dag.py for tasks to queue
[2026-04-09T00:42:17.132+0000] {logging_mixin.py:190} INFO - [2026-04-09T00:42:17.131+0000] {dagbag.py:588} INFO - Filling up the DagBag from /home/airflow/.local/lib/python3.12/site-packages/airflow/example_dags/example_skip_dag.py
[2026-04-09T00:42:17.135+0000] {processor.py:925} INFO - DAG(s) 'example_skip_dag' retrieved from /home/airflow/.local/lib/python3.12/site-packages/airflow/example_dags/example_skip_dag.py
[2026-04-09T00:42:17.147+0000] {logging_mixin.py:190} INFO - [2026-04-09T00:42:17.147+0000] {dag.py:3239} INFO - Sync 1 DAGs
[2026-04-09T00:42:17.154+0000] {logging_mixin.py:190} INFO - [2026-04-09T00:42:17.154+0000] {dag.py:4180} INFO - Setting next_dagrun for example_skip_dag to 2026-04-08 00:00:00+00:00, run_after=2026-04-09 00:00:00+00:00
[2026-04-09T00:42:17.159+0000] {processor.py:208} INFO - Processing /home/airflow/.local/lib/python3.12/site-packages/airflow/example_dags/example_skip_dag.py took 0.031 seconds
[2026-04-09T00:59:14.477+0000] {processor.py:186} INFO - Started process (PID=38286) to work on /home/airflow/.local/lib/python3.12/site-packages/airflow/example_dags/example_skip_dag.py
[2026-04-09T00:59:14.478+0000] {processor.py:914} INFO - Processing file /home/airflow/.local/lib/python3.12/site-packages/airflow/example_dags/example_skip_dag.py for tasks to queue
[2026-04-09T00:59:14.478+0000] {logging_mixin.py:190} INFO - [2026-04-09T00:59:14.478+0000] {dagbag.py:588} INFO - Filling up the DagBag from /home/airflow/.local/lib/python3.12/site-packages/airflow/example_dags/example_skip_dag.py
[2026-04-09T00:59:14.483+0000] {processor.py:925} INFO - DAG(s) 'example_skip_dag' retrieved from /home/airflow/.local/lib/python3.12/site-packages/airflow/example_dags/example_skip_dag.py
[2026-04-09T00:59:14.499+0000] {logging_mixin.py:190} INFO - [2026-04-09T00:59:14.499+0000] {dag.py:3239} INFO - Sync 1 DAGs
[2026-04-09T00:59:14.511+0000] {logging_mixin.py:190} INFO - [2026-04-09T00:59:14.511+0000] {dag.py:4180} INFO - Setting next_dagrun for example_skip_dag to 2026-04-08 00:00:00+00:00, run_after=2026-04-09 00:00:00+00:00
[2026-04-09T00:59:14.519+0000] {processor.py:208} INFO - Processing /home/airflow/.local/lib/python3.12/site-packages/airflow/example_dags/example_skip_dag.py took 0.045 seconds
[2026-04-09T01:14:44.987+0000] {processor.py:186} INFO - Started process (PID=38350) to work on /home/airflow/.local/lib/python3.12/site-packages/airflow/example_dags/example_skip_dag.py
[2026-04-09T01:14:44.989+0000] {processor.py:914} INFO - Processing file /home/airflow/.local/lib/python3.12/site-packages/airflow/example_dags/example_skip_dag.py for tasks to queue
[2026-04-09T01:14:44.989+0000] {logging_mixin.py:190} INFO - [2026-04-09T01:14:44.989+0000] {dagbag.py:588} INFO - Filling up the DagBag from /home/airflow/.local/lib/python3.12/site-packages/airflow/example_dags/example_skip_dag.py
[2026-04-09T01:14:44.995+0000] {processor.py:925} INFO - DAG(s) 'example_skip_dag' retrieved from /home/airflow/.local/lib/python3.12/site-packages/airflow/example_dags/example_skip_dag.py
[2026-04-09T01:14:45.011+0000] {logging_mixin.py:190} INFO - [2026-04-09T01:14:45.011+0000] {dag.py:3239} INFO - Sync 1 DAGs
[2026-04-09T01:14:45.025+0000] {logging_mixin.py:190} INFO - [2026-04-09T01:14:45.025+0000] {dag.py:4180} INFO - Setting next_dagrun for example_skip_dag to 2026-04-08 00:00:00+00:00, run_after=2026-04-09 00:00:00+00:00
[2026-04-09T01:14:45.044+0000] {processor.py:208} INFO - Processing /home/airflow/.local/lib/python3.12/site-packages/airflow/example_dags/example_skip_dag.py took 0.062 seconds
[2026-04-09T01:15:15.101+0000] {processor.py:186} INFO - Started process (PID=38414) to work on /home/airflow/.local/lib/python3.12/site-packages/airflow/example_dags/example_skip_dag.py
[2026-04-09T01:15:15.101+0000] {processor.py:914} INFO - Processing file /home/airflow/.local/lib/python3.12/site-packages/airflow/example_dags/example_skip_dag.py for tasks to queue
[2026-04-09T01:15:15.102+0000] {logging_mixin.py:190} INFO - [2026-04-09T01:15:15.101+0000] {dagbag.py:588} INFO - Filling up the DagBag from /home/airflow/.local/lib/python3.12/site-packages/airflow/example_dags/example_skip_dag.py
[2026-04-09T01:15:15.106+0000] {processor.py:925} INFO - DAG(s) 'example_skip_dag' retrieved from /home/airflow/.local/lib/python3.12/site-packages/airflow/example_dags/example_skip_dag.py
[2026-04-09T01:15:15.118+0000] {logging_mixin.py:190} INFO - [2026-04-09T01:15:15.118+0000] {dag.py:3239} INFO - Sync 1 DAGs
[2026-04-09T01:15:15.131+0000] {logging_mixin.py:190} INFO - [2026-04-09T01:15:15.131+0000] {dag.py:4180} INFO - Setting next_dagrun for example_skip_dag to 2026-04-08 00:00:00+00:00, run_after=2026-04-09 00:00:00+00:00
[2026-04-09T01:15:15.137+0000] {processor.py:208} INFO - Processing /home/airflow/.local/lib/python3.12/site-packages/airflow/example_dags/example_skip_dag.py took 0.039 seconds
[2026-04-09T01:30:52.038+0000] {processor.py:186} INFO - Started process (PID=38478) to work on /home/airflow/.local/lib/python3.12/site-packages/airflow/example_dags/example_skip_dag.py
[2026-04-09T01:30:52.038+0000] {processor.py:914} INFO - Processing file /home/airflow/.local/lib/python3.12/site-packages/airflow/example_dags/example_skip_dag.py for tasks to queue
[2026-04-09T01:30:52.039+0000] {logging_mixin.py:190} INFO - [2026-04-09T01:30:52.039+0000] {dagbag.py:588} INFO - Filling up the DagBag from /home/airflow/.local/lib/python3.12/site-packages/airflow/example_dags/example_skip_dag.py
[2026-04-09T01:30:52.044+0000] {processor.py:925} INFO - DAG(s) 'example_skip_dag' retrieved from /home/airflow/.local/lib/python3.12/site-packages/airflow/example_dags/example_skip_dag.py
[2026-04-09T01:30:52.056+0000] {logging_mixin.py:190} INFO - [2026-04-09T01:30:52.056+0000] {dag.py:3239} INFO - Sync 1 DAGs
[2026-04-09T01:30:52.063+0000] {logging_mixin.py:190} INFO - [2026-04-09T01:30:52.063+0000] {dag.py:4180} INFO - Setting next_dagrun for example_skip_dag to 2026-04-08 00:00:00+00:00, run_after=2026-04-09 00:00:00+00:00
[2026-04-09T01:30:52.069+0000] {processor.py:208} INFO - Processing /home/airflow/.local/lib/python3.12/site-packages/airflow/example_dags/example_skip_dag.py took 0.034 seconds
[2026-04-09T01:46:23.538+0000] {processor.py:186} INFO - Started process (PID=38542) to work on /home/airflow/.local/lib/python3.12/site-packages/airflow/example_dags/example_skip_dag.py
[2026-04-09T01:46:23.539+0000] {processor.py:914} INFO - Processing file /home/airflow/.local/lib/python3.12/site-packages/airflow/example_dags/example_skip_dag.py for tasks to queue
[2026-04-09T01:46:23.539+0000] {logging_mixin.py:190} INFO - [2026-04-09T01:46:23.539+0000] {dagbag.py:588} INFO - Filling up the DagBag from /home/airflow/.local/lib/python3.12/site-packages/airflow/example_dags/example_skip_dag.py
[2026-04-09T01:46:23.543+0000] {processor.py:925} INFO - DAG(s) 'example_skip_dag' retrieved from /home/airflow/.local/lib/python3.12/site-packages/airflow/example_dags/example_skip_dag.py
[2026-04-09T01:46:23.555+0000] {logging_mixin.py:190} INFO - [2026-04-09T01:46:23.555+0000] {dag.py:3239} INFO - Sync 1 DAGs
[2026-04-09T01:46:23.562+0000] {logging_mixin.py:190} INFO - [2026-04-09T01:46:23.562+0000] {dag.py:4180} INFO - Setting next_dagrun for example_skip_dag to 2026-04-08 00:00:00+00:00, run_after=2026-04-09 00:00:00+00:00
[2026-04-09T01:46:23.567+0000] {processor.py:208} INFO - Processing /home/airflow/.local/lib/python3.12/site-packages/airflow/example_dags/example_skip_dag.py took 0.031 seconds
[2026-04-09T01:46:54.738+0000] {processor.py:186} INFO - Started process (PID=38606) to work on /home/airflow/.local/lib/python3.12/site-packages/airflow/example_dags/example_skip_dag.py
[2026-04-09T01:46:54.739+0000] {processor.py:914} INFO - Processing file /home/airflow/.local/lib/python3.12/site-packages/airflow/example_dags/example_skip_dag.py for tasks to queue
[2026-04-09T01:46:54.739+0000] {logging_mixin.py:190} INFO - [2026-04-09T01:46:54.739+0000] {dagbag.py:588} INFO - Filling up the DagBag from /home/airflow/.local/lib/python3.12/site-packages/airflow/example_dags/example_skip_dag.py
[2026-04-09T01:46:54.742+0000] {processor.py:925} INFO - DAG(s) 'example_skip_dag' retrieved from /home/airflow/.local/lib/python3.12/site-packages/airflow/example_dags/example_skip_dag.py
[2026-04-09T01:46:54.755+0000] {logging_mixin.py:190} INFO - [2026-04-09T01:46:54.755+0000] {dag.py:3239} INFO - Sync 1 DAGs
[2026-04-09T01:46:54.765+0000] {logging_mixin.py:190} INFO - [2026-04-09T01:46:54.764+0000] {dag.py:4180} INFO - Setting next_dagrun for example_skip_dag to 2026-04-08 00:00:00+00:00, run_after=2026-04-09 00:00:00+00:00
[2026-04-09T01:46:54.771+0000] {processor.py:208} INFO - Processing /home/airflow/.local/lib/python3.12/site-packages/airflow/example_dags/example_skip_dag.py took 0.035 seconds
[2026-04-09T02:02:24.062+0000] {processor.py:186} INFO - Started process (PID=38670) to work on /home/airflow/.local/lib/python3.12/site-packages/airflow/example_dags/example_skip_dag.py
[2026-04-09T02:02:24.063+0000] {processor.py:914} INFO - Processing file /home/airflow/.local/lib/python3.12/site-packages/airflow/example_dags/example_skip_dag.py for tasks to queue
[2026-04-09T02:02:24.065+0000] {logging_mixin.py:190} INFO - [2026-04-09T02:02:24.065+0000] {dagbag.py:588} INFO - Filling up the DagBag from /home/airflow/.local/lib/python3.12/site-packages/airflow/example_dags/example_skip_dag.py
[2026-04-09T02:02:24.068+0000] {processor.py:925} INFO - DAG(s) 'example_skip_dag' retrieved from /home/airflow/.local/lib/python3.12/site-packages/airflow/example_dags/example_skip_dag.py
[2026-04-09T02:02:24.079+0000] {logging_mixin.py:190} INFO - [2026-04-09T02:02:24.079+0000] {dag.py:3239} INFO - Sync 1 DAGs
[2026-04-09T02:02:24.087+0000] {logging_mixin.py:190} INFO - [2026-04-09T02:02:24.087+0000] {dag.py:4180} INFO - Setting next_dagrun for example_skip_dag to 2026-04-08 00:00:00+00:00, run_after=2026-04-09 00:00:00+00:00
[2026-04-09T02:02:24.094+0000] {processor.py:208} INFO - Processing /home/airflow/.local/lib/python3.12/site-packages/airflow/example_dags/example_skip_dag.py took 0.035 seconds
[2026-04-09T02:17:55.926+0000] {processor.py:186} INFO - Started process (PID=38734) to work on /home/airflow/.local/lib/python3.12/site-packages/airflow/example_dags/example_skip_dag.py
[2026-04-09T02:17:55.927+0000] {processor.py:914} INFO - Processing file /home/airflow/.local/lib/python3.12/site-packages/airflow/example_dags/example_skip_dag.py for tasks to queue
[2026-04-09T02:17:55.927+0000] {logging_mixin.py:190} INFO - [2026-04-09T02:17:55.927+0000] {dagbag.py:588} INFO - Filling up the DagBag from /home/airflow/.local/lib/python3.12/site-packages/airflow/example_dags/example_skip_dag.py
[2026-04-09T02:17:55.931+0000] {processor.py:925} INFO - DAG(s) 'example_skip_dag' retrieved from /home/airflow/.local/lib/python3.12/site-packages/airflow/example_dags/example_skip_dag.py
[2026-04-09T02:17:55.943+0000] {logging_mixin.py:190} INFO - [2026-04-09T02:17:55.943+0000] {dag.py:3239} INFO - Sync 1 DAGs
[2026-04-09T02:17:55.953+0000] {logging_mixin.py:190} INFO - [2026-04-09T02:17:55.953+0000] {dag.py:4180} INFO - Setting next_dagrun for example_skip_dag to 2026-04-08 00:00:00+00:00, run_after=2026-04-09 00:00:00+00:00
[2026-04-09T02:17:55.962+0000] {processor.py:208} INFO - Processing /home/airflow/.local/lib/python3.12/site-packages/airflow/example_dags/example_skip_dag.py took 0.038 seconds
[2026-04-09T02:18:26.568+0000] {processor.py:186} INFO - Started process (PID=38798) to work on /home/airflow/.local/lib/python3.12/site-packages/airflow/example_dags/example_skip_dag.py
[2026-04-09T02:18:26.568+0000] {processor.py:914} INFO - Processing file /home/airflow/.local/lib/python3.12/site-packages/airflow/example_dags/example_skip_dag.py for tasks to queue
[2026-04-09T02:18:26.569+0000] {logging_mixin.py:190} INFO - [2026-04-09T02:18:26.569+0000] {dagbag.py:588} INFO - Filling up the DagBag from /home/airflow/.local/lib/python3.12/site-packages/airflow/example_dags/example_skip_dag.py
[2026-04-09T02:18:26.573+0000] {processor.py:925} INFO - DAG(s) 'example_skip_dag' retrieved from /home/airflow/.local/lib/python3.12/site-packages/airflow/example_dags/example_skip_dag.py
[2026-04-09T02:18:26.588+0000] {logging_mixin.py:190} INFO - [2026-04-09T02:18:26.587+0000] {dag.py:3239} INFO - Sync 1 DAGs
[2026-04-09T02:18:26.598+0000] {logging_mixin.py:190} INFO - [2026-04-09T02:18:26.597+0000] {dag.py:4180} INFO - Setting next_dagrun for example_skip_dag to 2026-04-08 00:00:00+00:00, run_after=2026-04-09 00:00:00+00:00
[2026-04-09T02:18:26.603+0000] {processor.py:208} INFO - Processing /home/airflow/.local/lib/python3.12/site-packages/airflow/example_dags/example_skip_dag.py took 0.038 seconds
[2026-04-09T02:27:46.363+0000] {processor.py:186} INFO - Started process (PID=38862) to work on /home/airflow/.local/lib/python3.12/site-packages/airflow/example_dags/example_skip_dag.py
[2026-04-09T02:27:46.365+0000] {processor.py:914} INFO - Processing file /home/airflow/.local/lib/python3.12/site-packages/airflow/example_dags/example_skip_dag.py for tasks to queue
[2026-04-09T02:27:46.366+0000] {logging_mixin.py:190} INFO - [2026-04-09T02:27:46.366+0000] {dagbag.py:588} INFO - Filling up the DagBag from /home/airflow/.local/lib/python3.12/site-packages/airflow/example_dags/example_skip_dag.py
[2026-04-09T02:27:46.369+0000] {processor.py:925} INFO - DAG(s) 'example_skip_dag' retrieved from /home/airflow/.local/lib/python3.12/site-packages/airflow/example_dags/example_skip_dag.py
[2026-04-09T02:27:46.377+0000] {logging_mixin.py:190} INFO - [2026-04-09T02:27:46.377+0000] {dag.py:3239} INFO - Sync 1 DAGs
[2026-04-09T02:27:46.387+0000] {logging_mixin.py:190} INFO - [2026-04-09T02:27:46.387+0000] {dag.py:4180} INFO - Setting next_dagrun for example_skip_dag to 2026-04-08 00:00:00+00:00, run_after=2026-04-09 00:00:00+00:00
[2026-04-09T02:27:46.393+0000] {processor.py:208} INFO - Processing /home/airflow/.local/lib/python3.12/site-packages/airflow/example_dags/example_skip_dag.py took 0.032 seconds
[2026-04-09T02:43:17.433+0000] {processor.py:186} INFO - Started process (PID=38926) to work on /home/airflow/.local/lib/python3.12/site-packages/airflow/example_dags/example_skip_dag.py
[2026-04-09T02:43:17.434+0000] {processor.py:914} INFO - Processing file /home/airflow/.local/lib/python3.12/site-packages/airflow/example_dags/example_skip_dag.py for tasks to queue
[2026-04-09T02:43:17.437+0000] {logging_mixin.py:190} INFO - [2026-04-09T02:43:17.437+0000] {dagbag.py:588} INFO - Filling up the DagBag from /home/airflow/.local/lib/python3.12/site-packages/airflow/example_dags/example_skip_dag.py
[2026-04-09T02:43:17.451+0000] {processor.py:925} INFO - DAG(s) 'example_skip_dag' retrieved from /home/airflow/.local/lib/python3.12/site-packages/airflow/example_dags/example_skip_dag.py
[2026-04-09T02:43:17.480+0000] {logging_mixin.py:190} INFO - [2026-04-09T02:43:17.480+0000] {dag.py:3239} INFO - Sync 1 DAGs
[2026-04-09T02:43:17.517+0000] {logging_mixin.py:190} INFO - [2026-04-09T02:43:17.516+0000] {dag.py:4180} INFO - Setting next_dagrun for example_skip_dag to 2026-04-08 00:00:00+00:00, run_after=2026-04-09 00:00:00+00:00
[2026-04-09T02:43:17.544+0000] {processor.py:208} INFO - Processing /home/airflow/.local/lib/python3.12/site-packages/airflow/example_dags/example_skip_dag.py took 0.118 seconds
[2026-04-09T02:43:48.154+0000] {processor.py:186} INFO - Started process (PID=38990) to work on /home/airflow/.local/lib/python3.12/site-packages/airflow/example_dags/example_skip_dag.py
[2026-04-09T02:43:48.154+0000] {processor.py:914} INFO - Processing file /home/airflow/.local/lib/python3.12/site-packages/airflow/example_dags/example_skip_dag.py for tasks to queue
[2026-04-09T02:43:48.155+0000] {logging_mixin.py:190} INFO - [2026-04-09T02:43:48.155+0000] {dagbag.py:588} INFO - Filling up the DagBag from /home/airflow/.local/lib/python3.12/site-packages/airflow/example_dags/example_skip_dag.py
[2026-04-09T02:43:48.159+0000] {processor.py:925} INFO - DAG(s) 'example_skip_dag' retrieved from /home/airflow/.local/lib/python3.12/site-packages/airflow/example_dags/example_skip_dag.py
[2026-04-09T02:43:48.166+0000] {logging_mixin.py:190} INFO - [2026-04-09T02:43:48.166+0000] {dag.py:3239} INFO - Sync 1 DAGs
[2026-04-09T02:43:48.174+0000] {logging_mixin.py:190} INFO - [2026-04-09T02:43:48.174+0000] {dag.py:4180} INFO - Setting next_dagrun for example_skip_dag to 2026-04-08 00:00:00+00:00, run_after=2026-04-09 00:00:00+00:00
[2026-04-09T02:43:48.181+0000] {processor.py:208} INFO - Processing /home/airflow/.local/lib/python3.12/site-packages/airflow/example_dags/example_skip_dag.py took 0.029 seconds
[2026-04-09T02:59:17.583+0000] {processor.py:186} INFO - Started process (PID=39054) to work on /home/airflow/.local/lib/python3.12/site-packages/airflow/example_dags/example_skip_dag.py
[2026-04-09T02:59:17.583+0000] {processor.py:914} INFO - Processing file /home/airflow/.local/lib/python3.12/site-packages/airflow/example_dags/example_skip_dag.py for tasks to queue
[2026-04-09T02:59:17.584+0000] {logging_mixin.py:190} INFO - [2026-04-09T02:59:17.584+0000] {dagbag.py:588} INFO - Filling up the DagBag from /home/airflow/.local/lib/python3.12/site-packages/airflow/example_dags/example_skip_dag.py
[2026-04-09T02:59:17.587+0000] {processor.py:925} INFO - DAG(s) 'example_skip_dag' retrieved from /home/airflow/.local/lib/python3.12/site-packages/airflow/example_dags/example_skip_dag.py
[2026-04-09T02:59:17.598+0000] {logging_mixin.py:190} INFO - [2026-04-09T02:59:17.598+0000] {dag.py:3239} INFO - Sync 1 DAGs
[2026-04-09T02:59:17.605+0000] {logging_mixin.py:190} INFO - [2026-04-09T02:59:17.605+0000] {dag.py:4180} INFO - Setting next_dagrun for example_skip_dag to 2026-04-08 00:00:00+00:00, run_after=2026-04-09 00:00:00+00:00
[2026-04-09T02:59:17.611+0000] {processor.py:208} INFO - Processing /home/airflow/.local/lib/python3.12/site-packages/airflow/example_dags/example_skip_dag.py took 0.030 seconds
[2026-04-09T02:59:48.879+0000] {processor.py:186} INFO - Started process (PID=39118) to work on /home/airflow/.local/lib/python3.12/site-packages/airflow/example_dags/example_skip_dag.py
[2026-04-09T02:59:48.879+0000] {processor.py:914} INFO - Processing file /home/airflow/.local/lib/python3.12/site-packages/airflow/example_dags/example_skip_dag.py for tasks to queue
[2026-04-09T02:59:48.880+0000] {logging_mixin.py:190} INFO - [2026-04-09T02:59:48.879+0000] {dagbag.py:588} INFO - Filling up the DagBag from /home/airflow/.local/lib/python3.12/site-packages/airflow/example_dags/example_skip_dag.py
[2026-04-09T02:59:48.883+0000] {processor.py:925} INFO - DAG(s) 'example_skip_dag' retrieved from /home/airflow/.local/lib/python3.12/site-packages/airflow/example_dags/example_skip_dag.py
[2026-04-09T02:59:48.907+0000] {logging_mixin.py:190} INFO - [2026-04-09T02:59:48.907+0000] {dag.py:3239} INFO - Sync 1 DAGs
[2026-04-09T02:59:48.920+0000] {logging_mixin.py:190} INFO - [2026-04-09T02:59:48.920+0000] {dag.py:4180} INFO - Setting next_dagrun for example_skip_dag to 2026-04-08 00:00:00+00:00, run_after=2026-04-09 00:00:00+00:00
[2026-04-09T02:59:48.933+0000] {processor.py:208} INFO - Processing /home/airflow/.local/lib/python3.12/site-packages/airflow/example_dags/example_skip_dag.py took 0.057 seconds
[2026-04-09T03:15:18.525+0000] {processor.py:186} INFO - Started process (PID=39182) to work on /home/airflow/.local/lib/python3.12/site-packages/airflow/example_dags/example_skip_dag.py
[2026-04-09T03:15:18.525+0000] {processor.py:914} INFO - Processing file /home/airflow/.local/lib/python3.12/site-packages/airflow/example_dags/example_skip_dag.py for tasks to queue
[2026-04-09T03:15:18.525+0000] {logging_mixin.py:190} INFO - [2026-04-09T03:15:18.525+0000] {dagbag.py:588} INFO - Filling up the DagBag from /home/airflow/.local/lib/python3.12/site-packages/airflow/example_dags/example_skip_dag.py
[2026-04-09T03:15:18.529+0000] {processor.py:925} INFO - DAG(s) 'example_skip_dag' retrieved from /home/airflow/.local/lib/python3.12/site-packages/airflow/example_dags/example_skip_dag.py
[2026-04-09T03:15:18.540+0000] {logging_mixin.py:190} INFO - [2026-04-09T03:15:18.540+0000] {dag.py:3239} INFO - Sync 1 DAGs
[2026-04-09T03:15:18.548+0000] {logging_mixin.py:190} INFO - [2026-04-09T03:15:18.548+0000] {dag.py:4180} INFO - Setting next_dagrun for example_skip_dag to 2026-04-08 00:00:00+00:00, run_after=2026-04-09 00:00:00+00:00
[2026-04-09T03:15:18.554+0000] {processor.py:208} INFO - Processing /home/airflow/.local/lib/python3.12/site-packages/airflow/example_dags/example_skip_dag.py took 0.031 seconds
[2026-04-09T03:28:38.561+0000] {processor.py:186} INFO - Started process (PID=39246) to work on /home/airflow/.local/lib/python3.12/site-packages/airflow/example_dags/example_skip_dag.py
[2026-04-09T03:28:38.562+0000] {processor.py:914} INFO - Processing file /home/airflow/.local/lib/python3.12/site-packages/airflow/example_dags/example_skip_dag.py for tasks to queue
[2026-04-09T03:28:38.563+0000] {logging_mixin.py:190} INFO - [2026-04-09T03:28:38.563+0000] {dagbag.py:588} INFO - Filling up the DagBag from /home/airflow/.local/lib/python3.12/site-packages/airflow/example_dags/example_skip_dag.py
[2026-04-09T03:28:38.567+0000] {processor.py:925} INFO - DAG(s) 'example_skip_dag' retrieved from /home/airflow/.local/lib/python3.12/site-packages/airflow/example_dags/example_skip_dag.py
[2026-04-09T03:28:38.576+0000] {logging_mixin.py:190} INFO - [2026-04-09T03:28:38.576+0000] {dag.py:3239} INFO - Sync 1 DAGs
[2026-04-09T03:28:38.587+0000] {logging_mixin.py:190} INFO - [2026-04-09T03:28:38.587+0000] {dag.py:4180} INFO - Setting next_dagrun for example_skip_dag to 2026-04-08 00:00:00+00:00, run_after=2026-04-09 00:00:00+00:00
[2026-04-09T03:28:38.594+0000] {processor.py:208} INFO - Processing /home/airflow/.local/lib/python3.12/site-packages/airflow/example_dags/example_skip_dag.py took 0.035 seconds
[2026-04-09T03:29:08.880+0000] {processor.py:186} INFO - Started process (PID=39310) to work on /home/airflow/.local/lib/python3.12/site-packages/airflow/example_dags/example_skip_dag.py
[2026-04-09T03:29:08.881+0000] {processor.py:914} INFO - Processing file /home/airflow/.local/lib/python3.12/site-packages/airflow/example_dags/example_skip_dag.py for tasks to queue
[2026-04-09T03:29:08.881+0000] {logging_mixin.py:190} INFO - [2026-04-09T03:29:08.881+0000] {dagbag.py:588} INFO - Filling up the DagBag from /home/airflow/.local/lib/python3.12/site-packages/airflow/example_dags/example_skip_dag.py
[2026-04-09T03:29:08.885+0000] {processor.py:925} INFO - DAG(s) 'example_skip_dag' retrieved from /home/airflow/.local/lib/python3.12/site-packages/airflow/example_dags/example_skip_dag.py
[2026-04-09T03:29:08.896+0000] {logging_mixin.py:190} INFO - [2026-04-09T03:29:08.896+0000] {dag.py:3239} INFO - Sync 1 DAGs
[2026-04-09T03:29:08.904+0000] {logging_mixin.py:190} INFO - [2026-04-09T03:29:08.904+0000] {dag.py:4180} INFO - Setting next_dagrun for example_skip_dag to 2026-04-08 00:00:00+00:00, run_after=2026-04-09 00:00:00+00:00
[2026-04-09T03:29:08.917+0000] {processor.py:208} INFO - Processing /home/airflow/.local/lib/python3.12/site-packages/airflow/example_dags/example_skip_dag.py took 0.040 seconds
[2026-04-09T03:44:39.678+0000] {processor.py:186} INFO - Started process (PID=39374) to work on /home/airflow/.local/lib/python3.12/site-packages/airflow/example_dags/example_skip_dag.py
[2026-04-09T03:44:39.678+0000] {processor.py:914} INFO - Processing file /home/airflow/.local/lib/python3.12/site-packages/airflow/example_dags/example_skip_dag.py for tasks to queue
[2026-04-09T03:44:39.679+0000] {logging_mixin.py:190} INFO - [2026-04-09T03:44:39.679+0000] {dagbag.py:588} INFO - Filling up the DagBag from /home/airflow/.local/lib/python3.12/site-packages/airflow/example_dags/example_skip_dag.py
[2026-04-09T03:44:39.682+0000] {processor.py:925} INFO - DAG(s) 'example_skip_dag' retrieved from /home/airflow/.local/lib/python3.12/site-packages/airflow/example_dags/example_skip_dag.py
[2026-04-09T03:44:39.689+0000] {logging_mixin.py:190} INFO - [2026-04-09T03:44:39.689+0000] {dag.py:3239} INFO - Sync 1 DAGs
[2026-04-09T03:44:39.696+0000] {logging_mixin.py:190} INFO - [2026-04-09T03:44:39.696+0000] {dag.py:4180} INFO - Setting next_dagrun for example_skip_dag to 2026-04-08 00:00:00+00:00, run_after=2026-04-09 00:00:00+00:00
[2026-04-09T03:44:39.702+0000] {processor.py:208} INFO - Processing /home/airflow/.local/lib/python3.12/site-packages/airflow/example_dags/example_skip_dag.py took 0.026 seconds
[2026-04-09T04:00:10.299+0000] {processor.py:186} INFO - Started process (PID=39438) to work on /home/airflow/.local/lib/python3.12/site-packages/airflow/example_dags/example_skip_dag.py
[2026-04-09T04:00:10.300+0000] {processor.py:914} INFO - Processing file /home/airflow/.local/lib/python3.12/site-packages/airflow/example_dags/example_skip_dag.py for tasks to queue
[2026-04-09T04:00:10.300+0000] {logging_mixin.py:190} INFO - [2026-04-09T04:00:10.300+0000] {dagbag.py:588} INFO - Filling up the DagBag from /home/airflow/.local/lib/python3.12/site-packages/airflow/example_dags/example_skip_dag.py
[2026-04-09T04:00:10.305+0000] {processor.py:925} INFO - DAG(s) 'example_skip_dag' retrieved from /home/airflow/.local/lib/python3.12/site-packages/airflow/example_dags/example_skip_dag.py
[2026-04-09T04:00:10.314+0000] {logging_mixin.py:190} INFO - [2026-04-09T04:00:10.314+0000] {dag.py:3239} INFO - Sync 1 DAGs
[2026-04-09T04:00:10.324+0000] {logging_mixin.py:190} INFO - [2026-04-09T04:00:10.323+0000] {dag.py:4180} INFO - Setting next_dagrun for example_skip_dag to 2026-04-08 00:00:00+00:00, run_after=2026-04-09 00:00:00+00:00
[2026-04-09T04:00:10.329+0000] {processor.py:208} INFO - Processing /home/airflow/.local/lib/python3.12/site-packages/airflow/example_dags/example_skip_dag.py took 0.033 seconds
[2026-04-09T04:00:40.752+0000] {processor.py:186} INFO - Started process (PID=39502) to work on /home/airflow/.local/lib/python3.12/site-packages/airflow/example_dags/example_skip_dag.py
[2026-04-09T04:00:40.753+0000] {processor.py:914} INFO - Processing file /home/airflow/.local/lib/python3.12/site-packages/airflow/example_dags/example_skip_dag.py for tasks to queue
[2026-04-09T04:00:40.753+0000] {logging_mixin.py:190} INFO - [2026-04-09T04:00:40.753+0000] {dagbag.py:588} INFO - Filling up the DagBag from /home/airflow/.local/lib/python3.12/site-packages/airflow/example_dags/example_skip_dag.py
[2026-04-09T04:00:40.757+0000] {processor.py:925} INFO - DAG(s) 'example_skip_dag' retrieved from /home/airflow/.local/lib/python3.12/site-packages/airflow/example_dags/example_skip_dag.py
[2026-04-09T04:00:40.769+0000] {logging_mixin.py:190} INFO - [2026-04-09T04:00:40.769+0000] {dag.py:3239} INFO - Sync 1 DAGs
[2026-04-09T04:00:40.777+0000] {logging_mixin.py:190} INFO - [2026-04-09T04:00:40.777+0000] {dag.py:4180} INFO - Setting next_dagrun for example_skip_dag to 2026-04-08 00:00:00+00:00, run_after=2026-04-09 00:00:00+00:00
[2026-04-09T04:00:40.782+0000] {processor.py:208} INFO - Processing /home/airflow/.local/lib/python3.12/site-packages/airflow/example_dags/example_skip_dag.py took 0.033 seconds
[2026-04-09T04:16:11.250+0000] {processor.py:186} INFO - Started process (PID=39566) to work on /home/airflow/.local/lib/python3.12/site-packages/airflow/example_dags/example_skip_dag.py
[2026-04-09T04:16:11.251+0000] {processor.py:914} INFO - Processing file /home/airflow/.local/lib/python3.12/site-packages/airflow/example_dags/example_skip_dag.py for tasks to queue
[2026-04-09T04:16:11.252+0000] {logging_mixin.py:190} INFO - [2026-04-09T04:16:11.251+0000] {dagbag.py:588} INFO - Filling up the DagBag from /home/airflow/.local/lib/python3.12/site-packages/airflow/example_dags/example_skip_dag.py
[2026-04-09T04:16:11.256+0000] {processor.py:925} INFO - DAG(s) 'example_skip_dag' retrieved from /home/airflow/.local/lib/python3.12/site-packages/airflow/example_dags/example_skip_dag.py
[2026-04-09T04:16:11.264+0000] {logging_mixin.py:190} INFO - [2026-04-09T04:16:11.264+0000] {dag.py:3239} INFO - Sync 1 DAGs
[2026-04-09T04:16:11.272+0000] {logging_mixin.py:190} INFO - [2026-04-09T04:16:11.272+0000] {dag.py:4180} INFO - Setting next_dagrun for example_skip_dag to 2026-04-08 00:00:00+00:00, run_after=2026-04-09 00:00:00+00:00
[2026-04-09T04:16:11.277+0000] {processor.py:208} INFO - Processing /home/airflow/.local/lib/python3.12/site-packages/airflow/example_dags/example_skip_dag.py took 0.029 seconds
[2026-04-09T04:28:02.589+0000] {processor.py:186} INFO - Started process (PID=39630) to work on /home/airflow/.local/lib/python3.12/site-packages/airflow/example_dags/example_skip_dag.py
[2026-04-09T04:28:02.590+0000] {processor.py:914} INFO - Processing file /home/airflow/.local/lib/python3.12/site-packages/airflow/example_dags/example_skip_dag.py for tasks to queue
[2026-04-09T04:28:02.591+0000] {logging_mixin.py:190} INFO - [2026-04-09T04:28:02.591+0000] {dagbag.py:588} INFO - Filling up the DagBag from /home/airflow/.local/lib/python3.12/site-packages/airflow/example_dags/example_skip_dag.py
[2026-04-09T04:28:02.597+0000] {processor.py:925} INFO - DAG(s) 'example_skip_dag' retrieved from /home/airflow/.local/lib/python3.12/site-packages/airflow/example_dags/example_skip_dag.py
[2026-04-09T04:28:02.607+0000] {logging_mixin.py:190} INFO - [2026-04-09T04:28:02.606+0000] {dag.py:3239} INFO - Sync 1 DAGs
[2026-04-09T04:28:02.617+0000] {logging_mixin.py:190} INFO - [2026-04-09T04:28:02.617+0000] {dag.py:4180} INFO - Setting next_dagrun for example_skip_dag to 2026-04-08 00:00:00+00:00, run_after=2026-04-09 00:00:00+00:00
[2026-04-09T04:28:02.629+0000] {processor.py:208} INFO - Processing /home/airflow/.local/lib/python3.12/site-packages/airflow/example_dags/example_skip_dag.py took 0.042 seconds
