[2026-04-09T00:10:46.717+0000] {processor.py:186} INFO - Started process (PID=38023) to work on /home/airflow/.local/lib/python3.12/site-packages/airflow/example_dags/example_workday_timetable.py
[2026-04-09T00:10:46.717+0000] {processor.py:914} INFO - Processing file /home/airflow/.local/lib/python3.12/site-packages/airflow/example_dags/example_workday_timetable.py for tasks to queue
[2026-04-09T00:10:46.718+0000] {logging_mixin.py:190} INFO - [2026-04-09T00:10:46.718+0000] {dagbag.py:588} INFO - Filling up the DagBag from /home/airflow/.local/lib/python3.12/site-packages/airflow/example_dags/example_workday_timetable.py
[2026-04-09T00:10:46.720+0000] {processor.py:925} INFO - DAG(s) 'example_workday_timetable' retrieved from /home/airflow/.local/lib/python3.12/site-packages/airflow/example_dags/example_workday_timetable.py
[2026-04-09T00:10:46.728+0000] {logging_mixin.py:190} INFO - [2026-04-09T00:10:46.728+0000] {dag.py:3239} INFO - Sync 1 DAGs
[2026-04-09T00:10:46.765+0000] {logging_mixin.py:190} INFO - [2026-04-09T00:10:46.765+0000] {dag.py:4180} INFO - Setting next_dagrun for example_workday_timetable to 2021-01-04 00:00:00+00:00, run_after=2021-01-05 00:00:00+00:00
[2026-04-09T00:10:46.775+0000] {processor.py:208} INFO - Processing /home/airflow/.local/lib/python3.12/site-packages/airflow/example_dags/example_workday_timetable.py took 0.061 seconds
[2026-04-09T00:11:17.029+0000] {processor.py:186} INFO - Started process (PID=38087) to work on /home/airflow/.local/lib/python3.12/site-packages/airflow/example_dags/example_workday_timetable.py
[2026-04-09T00:11:17.029+0000] {processor.py:914} INFO - Processing file /home/airflow/.local/lib/python3.12/site-packages/airflow/example_dags/example_workday_timetable.py for tasks to queue
[2026-04-09T00:11:17.030+0000] {logging_mixin.py:190} INFO - [2026-04-09T00:11:17.030+0000] {dagbag.py:588} INFO - Filling up the DagBag from /home/airflow/.local/lib/python3.12/site-packages/airflow/example_dags/example_workday_timetable.py
[2026-04-09T00:11:17.035+0000] {processor.py:925} INFO - DAG(s) 'example_workday_timetable' retrieved from /home/airflow/.local/lib/python3.12/site-packages/airflow/example_dags/example_workday_timetable.py
[2026-04-09T00:11:17.045+0000] {logging_mixin.py:190} INFO - [2026-04-09T00:11:17.045+0000] {dag.py:3239} INFO - Sync 1 DAGs
[2026-04-09T00:11:17.065+0000] {logging_mixin.py:190} INFO - [2026-04-09T00:11:17.065+0000] {dag.py:4180} INFO - Setting next_dagrun for example_workday_timetable to 2021-01-04 00:00:00+00:00, run_after=2021-01-05 00:00:00+00:00
[2026-04-09T00:11:17.076+0000] {processor.py:208} INFO - Processing /home/airflow/.local/lib/python3.12/site-packages/airflow/example_dags/example_workday_timetable.py took 0.050 seconds
[2026-04-09T00:26:46.733+0000] {processor.py:186} INFO - Started process (PID=38151) to work on /home/airflow/.local/lib/python3.12/site-packages/airflow/example_dags/example_workday_timetable.py
[2026-04-09T00:26:46.733+0000] {processor.py:914} INFO - Processing file /home/airflow/.local/lib/python3.12/site-packages/airflow/example_dags/example_workday_timetable.py for tasks to queue
[2026-04-09T00:26:46.733+0000] {logging_mixin.py:190} INFO - [2026-04-09T00:26:46.733+0000] {dagbag.py:588} INFO - Filling up the DagBag from /home/airflow/.local/lib/python3.12/site-packages/airflow/example_dags/example_workday_timetable.py
[2026-04-09T00:26:46.736+0000] {processor.py:925} INFO - DAG(s) 'example_workday_timetable' retrieved from /home/airflow/.local/lib/python3.12/site-packages/airflow/example_dags/example_workday_timetable.py
[2026-04-09T00:26:46.743+0000] {logging_mixin.py:190} INFO - [2026-04-09T00:26:46.743+0000] {dag.py:3239} INFO - Sync 1 DAGs
[2026-04-09T00:26:46.763+0000] {logging_mixin.py:190} INFO - [2026-04-09T00:26:46.763+0000] {dag.py:4180} INFO - Setting next_dagrun for example_workday_timetable to 2021-01-04 00:00:00+00:00, run_after=2021-01-05 00:00:00+00:00
[2026-04-09T00:26:46.770+0000] {processor.py:208} INFO - Processing /home/airflow/.local/lib/python3.12/site-packages/airflow/example_dags/example_workday_timetable.py took 0.039 seconds
[2026-04-09T00:42:16.968+0000] {processor.py:186} INFO - Started process (PID=38215) to work on /home/airflow/.local/lib/python3.12/site-packages/airflow/example_dags/example_workday_timetable.py
[2026-04-09T00:42:16.969+0000] {processor.py:914} INFO - Processing file /home/airflow/.local/lib/python3.12/site-packages/airflow/example_dags/example_workday_timetable.py for tasks to queue
[2026-04-09T00:42:16.970+0000] {logging_mixin.py:190} INFO - [2026-04-09T00:42:16.970+0000] {dagbag.py:588} INFO - Filling up the DagBag from /home/airflow/.local/lib/python3.12/site-packages/airflow/example_dags/example_workday_timetable.py
[2026-04-09T00:42:16.973+0000] {processor.py:925} INFO - DAG(s) 'example_workday_timetable' retrieved from /home/airflow/.local/lib/python3.12/site-packages/airflow/example_dags/example_workday_timetable.py
[2026-04-09T00:42:16.980+0000] {logging_mixin.py:190} INFO - [2026-04-09T00:42:16.980+0000] {dag.py:3239} INFO - Sync 1 DAGs
[2026-04-09T00:42:17.001+0000] {logging_mixin.py:190} INFO - [2026-04-09T00:42:17.001+0000] {dag.py:4180} INFO - Setting next_dagrun for example_workday_timetable to 2021-01-04 00:00:00+00:00, run_after=2021-01-05 00:00:00+00:00
[2026-04-09T00:42:17.009+0000] {processor.py:208} INFO - Processing /home/airflow/.local/lib/python3.12/site-packages/airflow/example_dags/example_workday_timetable.py took 0.043 seconds
[2026-04-09T00:59:14.283+0000] {processor.py:186} INFO - Started process (PID=38279) to work on /home/airflow/.local/lib/python3.12/site-packages/airflow/example_dags/example_workday_timetable.py
[2026-04-09T00:59:14.283+0000] {processor.py:914} INFO - Processing file /home/airflow/.local/lib/python3.12/site-packages/airflow/example_dags/example_workday_timetable.py for tasks to queue
[2026-04-09T00:59:14.284+0000] {logging_mixin.py:190} INFO - [2026-04-09T00:59:14.284+0000] {dagbag.py:588} INFO - Filling up the DagBag from /home/airflow/.local/lib/python3.12/site-packages/airflow/example_dags/example_workday_timetable.py
[2026-04-09T00:59:14.287+0000] {processor.py:925} INFO - DAG(s) 'example_workday_timetable' retrieved from /home/airflow/.local/lib/python3.12/site-packages/airflow/example_dags/example_workday_timetable.py
[2026-04-09T00:59:14.296+0000] {logging_mixin.py:190} INFO - [2026-04-09T00:59:14.295+0000] {dag.py:3239} INFO - Sync 1 DAGs
[2026-04-09T00:59:14.323+0000] {logging_mixin.py:190} INFO - [2026-04-09T00:59:14.322+0000] {dag.py:4180} INFO - Setting next_dagrun for example_workday_timetable to 2021-01-04 00:00:00+00:00, run_after=2021-01-05 00:00:00+00:00
[2026-04-09T00:59:14.334+0000] {processor.py:208} INFO - Processing /home/airflow/.local/lib/python3.12/site-packages/airflow/example_dags/example_workday_timetable.py took 0.054 seconds
[2026-04-09T01:14:44.688+0000] {processor.py:186} INFO - Started process (PID=38343) to work on /home/airflow/.local/lib/python3.12/site-packages/airflow/example_dags/example_workday_timetable.py
[2026-04-09T01:14:44.689+0000] {processor.py:914} INFO - Processing file /home/airflow/.local/lib/python3.12/site-packages/airflow/example_dags/example_workday_timetable.py for tasks to queue
[2026-04-09T01:14:44.690+0000] {logging_mixin.py:190} INFO - [2026-04-09T01:14:44.690+0000] {dagbag.py:588} INFO - Filling up the DagBag from /home/airflow/.local/lib/python3.12/site-packages/airflow/example_dags/example_workday_timetable.py
[2026-04-09T01:14:44.696+0000] {processor.py:925} INFO - DAG(s) 'example_workday_timetable' retrieved from /home/airflow/.local/lib/python3.12/site-packages/airflow/example_dags/example_workday_timetable.py
[2026-04-09T01:14:44.715+0000] {logging_mixin.py:190} INFO - [2026-04-09T01:14:44.714+0000] {dag.py:3239} INFO - Sync 1 DAGs
[2026-04-09T01:14:44.753+0000] {logging_mixin.py:190} INFO - [2026-04-09T01:14:44.752+0000] {dag.py:4180} INFO - Setting next_dagrun for example_workday_timetable to 2021-01-04 00:00:00+00:00, run_after=2021-01-05 00:00:00+00:00
[2026-04-09T01:14:44.765+0000] {processor.py:208} INFO - Processing /home/airflow/.local/lib/python3.12/site-packages/airflow/example_dags/example_workday_timetable.py took 0.081 seconds
[2026-04-09T01:15:14.955+0000] {processor.py:186} INFO - Started process (PID=38407) to work on /home/airflow/.local/lib/python3.12/site-packages/airflow/example_dags/example_workday_timetable.py
[2026-04-09T01:15:14.956+0000] {processor.py:914} INFO - Processing file /home/airflow/.local/lib/python3.12/site-packages/airflow/example_dags/example_workday_timetable.py for tasks to queue
[2026-04-09T01:15:14.958+0000] {logging_mixin.py:190} INFO - [2026-04-09T01:15:14.957+0000] {dagbag.py:588} INFO - Filling up the DagBag from /home/airflow/.local/lib/python3.12/site-packages/airflow/example_dags/example_workday_timetable.py
[2026-04-09T01:15:14.960+0000] {processor.py:925} INFO - DAG(s) 'example_workday_timetable' retrieved from /home/airflow/.local/lib/python3.12/site-packages/airflow/example_dags/example_workday_timetable.py
[2026-04-09T01:15:14.967+0000] {logging_mixin.py:190} INFO - [2026-04-09T01:15:14.967+0000] {dag.py:3239} INFO - Sync 1 DAGs
[2026-04-09T01:15:14.991+0000] {logging_mixin.py:190} INFO - [2026-04-09T01:15:14.990+0000] {dag.py:4180} INFO - Setting next_dagrun for example_workday_timetable to 2021-01-04 00:00:00+00:00, run_after=2021-01-05 00:00:00+00:00
[2026-04-09T01:15:14.998+0000] {processor.py:208} INFO - Processing /home/airflow/.local/lib/python3.12/site-packages/airflow/example_dags/example_workday_timetable.py took 0.046 seconds
[2026-04-09T01:30:51.862+0000] {processor.py:186} INFO - Started process (PID=38471) to work on /home/airflow/.local/lib/python3.12/site-packages/airflow/example_dags/example_workday_timetable.py
[2026-04-09T01:30:51.863+0000] {processor.py:914} INFO - Processing file /home/airflow/.local/lib/python3.12/site-packages/airflow/example_dags/example_workday_timetable.py for tasks to queue
[2026-04-09T01:30:51.863+0000] {logging_mixin.py:190} INFO - [2026-04-09T01:30:51.863+0000] {dagbag.py:588} INFO - Filling up the DagBag from /home/airflow/.local/lib/python3.12/site-packages/airflow/example_dags/example_workday_timetable.py
[2026-04-09T01:30:51.869+0000] {processor.py:925} INFO - DAG(s) 'example_workday_timetable' retrieved from /home/airflow/.local/lib/python3.12/site-packages/airflow/example_dags/example_workday_timetable.py
[2026-04-09T01:30:51.881+0000] {logging_mixin.py:190} INFO - [2026-04-09T01:30:51.880+0000] {dag.py:3239} INFO - Sync 1 DAGs
[2026-04-09T01:30:51.910+0000] {logging_mixin.py:190} INFO - [2026-04-09T01:30:51.910+0000] {dag.py:4180} INFO - Setting next_dagrun for example_workday_timetable to 2021-01-04 00:00:00+00:00, run_after=2021-01-05 00:00:00+00:00
[2026-04-09T01:30:51.916+0000] {processor.py:208} INFO - Processing /home/airflow/.local/lib/python3.12/site-packages/airflow/example_dags/example_workday_timetable.py took 0.059 seconds
[2026-04-09T01:46:23.359+0000] {processor.py:186} INFO - Started process (PID=38535) to work on /home/airflow/.local/lib/python3.12/site-packages/airflow/example_dags/example_workday_timetable.py
[2026-04-09T01:46:23.360+0000] {processor.py:914} INFO - Processing file /home/airflow/.local/lib/python3.12/site-packages/airflow/example_dags/example_workday_timetable.py for tasks to queue
[2026-04-09T01:46:23.361+0000] {logging_mixin.py:190} INFO - [2026-04-09T01:46:23.361+0000] {dagbag.py:588} INFO - Filling up the DagBag from /home/airflow/.local/lib/python3.12/site-packages/airflow/example_dags/example_workday_timetable.py
[2026-04-09T01:46:23.365+0000] {processor.py:925} INFO - DAG(s) 'example_workday_timetable' retrieved from /home/airflow/.local/lib/python3.12/site-packages/airflow/example_dags/example_workday_timetable.py
[2026-04-09T01:46:23.375+0000] {logging_mixin.py:190} INFO - [2026-04-09T01:46:23.375+0000] {dag.py:3239} INFO - Sync 1 DAGs
[2026-04-09T01:46:23.405+0000] {logging_mixin.py:190} INFO - [2026-04-09T01:46:23.405+0000] {dag.py:4180} INFO - Setting next_dagrun for example_workday_timetable to 2021-01-04 00:00:00+00:00, run_after=2021-01-05 00:00:00+00:00
[2026-04-09T01:46:23.411+0000] {processor.py:208} INFO - Processing /home/airflow/.local/lib/python3.12/site-packages/airflow/example_dags/example_workday_timetable.py took 0.054 seconds
[2026-04-09T01:46:54.600+0000] {processor.py:186} INFO - Started process (PID=38599) to work on /home/airflow/.local/lib/python3.12/site-packages/airflow/example_dags/example_workday_timetable.py
[2026-04-09T01:46:54.601+0000] {processor.py:914} INFO - Processing file /home/airflow/.local/lib/python3.12/site-packages/airflow/example_dags/example_workday_timetable.py for tasks to queue
[2026-04-09T01:46:54.602+0000] {logging_mixin.py:190} INFO - [2026-04-09T01:46:54.602+0000] {dagbag.py:588} INFO - Filling up the DagBag from /home/airflow/.local/lib/python3.12/site-packages/airflow/example_dags/example_workday_timetable.py
[2026-04-09T01:46:54.605+0000] {processor.py:925} INFO - DAG(s) 'example_workday_timetable' retrieved from /home/airflow/.local/lib/python3.12/site-packages/airflow/example_dags/example_workday_timetable.py
[2026-04-09T01:46:54.611+0000] {logging_mixin.py:190} INFO - [2026-04-09T01:46:54.611+0000] {dag.py:3239} INFO - Sync 1 DAGs
[2026-04-09T01:46:54.632+0000] {logging_mixin.py:190} INFO - [2026-04-09T01:46:54.632+0000] {dag.py:4180} INFO - Setting next_dagrun for example_workday_timetable to 2021-01-04 00:00:00+00:00, run_after=2021-01-05 00:00:00+00:00
[2026-04-09T01:46:54.638+0000] {processor.py:208} INFO - Processing /home/airflow/.local/lib/python3.12/site-packages/airflow/example_dags/example_workday_timetable.py took 0.040 seconds
[2026-04-09T02:02:23.902+0000] {processor.py:186} INFO - Started process (PID=38663) to work on /home/airflow/.local/lib/python3.12/site-packages/airflow/example_dags/example_workday_timetable.py
[2026-04-09T02:02:23.903+0000] {processor.py:914} INFO - Processing file /home/airflow/.local/lib/python3.12/site-packages/airflow/example_dags/example_workday_timetable.py for tasks to queue
[2026-04-09T02:02:23.904+0000] {logging_mixin.py:190} INFO - [2026-04-09T02:02:23.904+0000] {dagbag.py:588} INFO - Filling up the DagBag from /home/airflow/.local/lib/python3.12/site-packages/airflow/example_dags/example_workday_timetable.py
[2026-04-09T02:02:23.906+0000] {processor.py:925} INFO - DAG(s) 'example_workday_timetable' retrieved from /home/airflow/.local/lib/python3.12/site-packages/airflow/example_dags/example_workday_timetable.py
[2026-04-09T02:02:23.917+0000] {logging_mixin.py:190} INFO - [2026-04-09T02:02:23.917+0000] {dag.py:3239} INFO - Sync 1 DAGs
[2026-04-09T02:02:23.939+0000] {logging_mixin.py:190} INFO - [2026-04-09T02:02:23.939+0000] {dag.py:4180} INFO - Setting next_dagrun for example_workday_timetable to 2021-01-04 00:00:00+00:00, run_after=2021-01-05 00:00:00+00:00
[2026-04-09T02:02:23.948+0000] {processor.py:208} INFO - Processing /home/airflow/.local/lib/python3.12/site-packages/airflow/example_dags/example_workday_timetable.py took 0.049 seconds
[2026-04-09T02:17:55.758+0000] {processor.py:186} INFO - Started process (PID=38727) to work on /home/airflow/.local/lib/python3.12/site-packages/airflow/example_dags/example_workday_timetable.py
[2026-04-09T02:17:55.758+0000] {processor.py:914} INFO - Processing file /home/airflow/.local/lib/python3.12/site-packages/airflow/example_dags/example_workday_timetable.py for tasks to queue
[2026-04-09T02:17:55.759+0000] {logging_mixin.py:190} INFO - [2026-04-09T02:17:55.758+0000] {dagbag.py:588} INFO - Filling up the DagBag from /home/airflow/.local/lib/python3.12/site-packages/airflow/example_dags/example_workday_timetable.py
[2026-04-09T02:17:55.761+0000] {processor.py:925} INFO - DAG(s) 'example_workday_timetable' retrieved from /home/airflow/.local/lib/python3.12/site-packages/airflow/example_dags/example_workday_timetable.py
[2026-04-09T02:17:55.769+0000] {logging_mixin.py:190} INFO - [2026-04-09T02:17:55.769+0000] {dag.py:3239} INFO - Sync 1 DAGs
[2026-04-09T02:17:55.794+0000] {logging_mixin.py:190} INFO - [2026-04-09T02:17:55.794+0000] {dag.py:4180} INFO - Setting next_dagrun for example_workday_timetable to 2021-01-04 00:00:00+00:00, run_after=2021-01-05 00:00:00+00:00
[2026-04-09T02:17:55.803+0000] {processor.py:208} INFO - Processing /home/airflow/.local/lib/python3.12/site-packages/airflow/example_dags/example_workday_timetable.py took 0.048 seconds
[2026-04-09T02:18:26.437+0000] {processor.py:186} INFO - Started process (PID=38791) to work on /home/airflow/.local/lib/python3.12/site-packages/airflow/example_dags/example_workday_timetable.py
[2026-04-09T02:18:26.439+0000] {processor.py:914} INFO - Processing file /home/airflow/.local/lib/python3.12/site-packages/airflow/example_dags/example_workday_timetable.py for tasks to queue
[2026-04-09T02:18:26.439+0000] {logging_mixin.py:190} INFO - [2026-04-09T02:18:26.439+0000] {dagbag.py:588} INFO - Filling up the DagBag from /home/airflow/.local/lib/python3.12/site-packages/airflow/example_dags/example_workday_timetable.py
[2026-04-09T02:18:26.442+0000] {processor.py:925} INFO - DAG(s) 'example_workday_timetable' retrieved from /home/airflow/.local/lib/python3.12/site-packages/airflow/example_dags/example_workday_timetable.py
[2026-04-09T02:18:26.449+0000] {logging_mixin.py:190} INFO - [2026-04-09T02:18:26.449+0000] {dag.py:3239} INFO - Sync 1 DAGs
[2026-04-09T02:18:26.473+0000] {logging_mixin.py:190} INFO - [2026-04-09T02:18:26.473+0000] {dag.py:4180} INFO - Setting next_dagrun for example_workday_timetable to 2021-01-04 00:00:00+00:00, run_after=2021-01-05 00:00:00+00:00
[2026-04-09T02:18:26.479+0000] {processor.py:208} INFO - Processing /home/airflow/.local/lib/python3.12/site-packages/airflow/example_dags/example_workday_timetable.py took 0.044 seconds
[2026-04-09T02:27:46.210+0000] {processor.py:186} INFO - Started process (PID=38855) to work on /home/airflow/.local/lib/python3.12/site-packages/airflow/example_dags/example_workday_timetable.py
[2026-04-09T02:27:46.212+0000] {processor.py:914} INFO - Processing file /home/airflow/.local/lib/python3.12/site-packages/airflow/example_dags/example_workday_timetable.py for tasks to queue
[2026-04-09T02:27:46.212+0000] {logging_mixin.py:190} INFO - [2026-04-09T02:27:46.212+0000] {dagbag.py:588} INFO - Filling up the DagBag from /home/airflow/.local/lib/python3.12/site-packages/airflow/example_dags/example_workday_timetable.py
[2026-04-09T02:27:46.215+0000] {processor.py:925} INFO - DAG(s) 'example_workday_timetable' retrieved from /home/airflow/.local/lib/python3.12/site-packages/airflow/example_dags/example_workday_timetable.py
[2026-04-09T02:27:46.224+0000] {logging_mixin.py:190} INFO - [2026-04-09T02:27:46.224+0000] {dag.py:3239} INFO - Sync 1 DAGs
[2026-04-09T02:27:46.245+0000] {logging_mixin.py:190} INFO - [2026-04-09T02:27:46.245+0000] {dag.py:4180} INFO - Setting next_dagrun for example_workday_timetable to 2021-01-04 00:00:00+00:00, run_after=2021-01-05 00:00:00+00:00
[2026-04-09T02:27:46.254+0000] {processor.py:208} INFO - Processing /home/airflow/.local/lib/python3.12/site-packages/airflow/example_dags/example_workday_timetable.py took 0.046 seconds
[2026-04-09T02:43:16.993+0000] {processor.py:186} INFO - Started process (PID=38919) to work on /home/airflow/.local/lib/python3.12/site-packages/airflow/example_dags/example_workday_timetable.py
[2026-04-09T02:43:16.994+0000] {processor.py:914} INFO - Processing file /home/airflow/.local/lib/python3.12/site-packages/airflow/example_dags/example_workday_timetable.py for tasks to queue
[2026-04-09T02:43:16.996+0000] {logging_mixin.py:190} INFO - [2026-04-09T02:43:16.995+0000] {dagbag.py:588} INFO - Filling up the DagBag from /home/airflow/.local/lib/python3.12/site-packages/airflow/example_dags/example_workday_timetable.py
[2026-04-09T02:43:17.002+0000] {processor.py:925} INFO - DAG(s) 'example_workday_timetable' retrieved from /home/airflow/.local/lib/python3.12/site-packages/airflow/example_dags/example_workday_timetable.py
[2026-04-09T02:43:17.026+0000] {logging_mixin.py:190} INFO - [2026-04-09T02:43:17.026+0000] {dag.py:3239} INFO - Sync 1 DAGs
[2026-04-09T02:43:17.083+0000] {logging_mixin.py:190} INFO - [2026-04-09T02:43:17.082+0000] {dag.py:4180} INFO - Setting next_dagrun for example_workday_timetable to 2021-01-04 00:00:00+00:00, run_after=2021-01-05 00:00:00+00:00
[2026-04-09T02:43:17.099+0000] {processor.py:208} INFO - Processing /home/airflow/.local/lib/python3.12/site-packages/airflow/example_dags/example_workday_timetable.py took 0.111 seconds
[2026-04-09T02:43:47.992+0000] {processor.py:186} INFO - Started process (PID=38983) to work on /home/airflow/.local/lib/python3.12/site-packages/airflow/example_dags/example_workday_timetable.py
[2026-04-09T02:43:47.994+0000] {processor.py:914} INFO - Processing file /home/airflow/.local/lib/python3.12/site-packages/airflow/example_dags/example_workday_timetable.py for tasks to queue
[2026-04-09T02:43:47.994+0000] {logging_mixin.py:190} INFO - [2026-04-09T02:43:47.994+0000] {dagbag.py:588} INFO - Filling up the DagBag from /home/airflow/.local/lib/python3.12/site-packages/airflow/example_dags/example_workday_timetable.py
[2026-04-09T02:43:47.997+0000] {processor.py:925} INFO - DAG(s) 'example_workday_timetable' retrieved from /home/airflow/.local/lib/python3.12/site-packages/airflow/example_dags/example_workday_timetable.py
[2026-04-09T02:43:48.005+0000] {logging_mixin.py:190} INFO - [2026-04-09T02:43:48.005+0000] {dag.py:3239} INFO - Sync 1 DAGs
[2026-04-09T02:43:48.032+0000] {logging_mixin.py:190} INFO - [2026-04-09T02:43:48.032+0000] {dag.py:4180} INFO - Setting next_dagrun for example_workday_timetable to 2021-01-04 00:00:00+00:00, run_after=2021-01-05 00:00:00+00:00
[2026-04-09T02:43:48.040+0000] {processor.py:208} INFO - Processing /home/airflow/.local/lib/python3.12/site-packages/airflow/example_dags/example_workday_timetable.py took 0.050 seconds
[2026-04-09T02:59:17.365+0000] {processor.py:186} INFO - Started process (PID=39047) to work on /home/airflow/.local/lib/python3.12/site-packages/airflow/example_dags/example_workday_timetable.py
[2026-04-09T02:59:17.366+0000] {processor.py:914} INFO - Processing file /home/airflow/.local/lib/python3.12/site-packages/airflow/example_dags/example_workday_timetable.py for tasks to queue
[2026-04-09T02:59:17.367+0000] {logging_mixin.py:190} INFO - [2026-04-09T02:59:17.366+0000] {dagbag.py:588} INFO - Filling up the DagBag from /home/airflow/.local/lib/python3.12/site-packages/airflow/example_dags/example_workday_timetable.py
[2026-04-09T02:59:17.369+0000] {processor.py:925} INFO - DAG(s) 'example_workday_timetable' retrieved from /home/airflow/.local/lib/python3.12/site-packages/airflow/example_dags/example_workday_timetable.py
[2026-04-09T02:59:17.378+0000] {logging_mixin.py:190} INFO - [2026-04-09T02:59:17.378+0000] {dag.py:3239} INFO - Sync 1 DAGs
[2026-04-09T02:59:17.398+0000] {logging_mixin.py:190} INFO - [2026-04-09T02:59:17.398+0000] {dag.py:4180} INFO - Setting next_dagrun for example_workday_timetable to 2021-01-04 00:00:00+00:00, run_after=2021-01-05 00:00:00+00:00
[2026-04-09T02:59:17.406+0000] {processor.py:208} INFO - Processing /home/airflow/.local/lib/python3.12/site-packages/airflow/example_dags/example_workday_timetable.py took 0.043 seconds
[2026-04-09T02:59:48.723+0000] {processor.py:186} INFO - Started process (PID=39111) to work on /home/airflow/.local/lib/python3.12/site-packages/airflow/example_dags/example_workday_timetable.py
[2026-04-09T02:59:48.724+0000] {processor.py:914} INFO - Processing file /home/airflow/.local/lib/python3.12/site-packages/airflow/example_dags/example_workday_timetable.py for tasks to queue
[2026-04-09T02:59:48.724+0000] {logging_mixin.py:190} INFO - [2026-04-09T02:59:48.724+0000] {dagbag.py:588} INFO - Filling up the DagBag from /home/airflow/.local/lib/python3.12/site-packages/airflow/example_dags/example_workday_timetable.py
[2026-04-09T02:59:48.727+0000] {processor.py:925} INFO - DAG(s) 'example_workday_timetable' retrieved from /home/airflow/.local/lib/python3.12/site-packages/airflow/example_dags/example_workday_timetable.py
[2026-04-09T02:59:48.738+0000] {logging_mixin.py:190} INFO - [2026-04-09T02:59:48.738+0000] {dag.py:3239} INFO - Sync 1 DAGs
[2026-04-09T02:59:48.759+0000] {logging_mixin.py:190} INFO - [2026-04-09T02:59:48.759+0000] {dag.py:4180} INFO - Setting next_dagrun for example_workday_timetable to 2021-01-04 00:00:00+00:00, run_after=2021-01-05 00:00:00+00:00
[2026-04-09T02:59:48.765+0000] {processor.py:208} INFO - Processing /home/airflow/.local/lib/python3.12/site-packages/airflow/example_dags/example_workday_timetable.py took 0.045 seconds
[2026-04-09T03:15:18.360+0000] {processor.py:186} INFO - Started process (PID=39175) to work on /home/airflow/.local/lib/python3.12/site-packages/airflow/example_dags/example_workday_timetable.py
[2026-04-09T03:15:18.360+0000] {processor.py:914} INFO - Processing file /home/airflow/.local/lib/python3.12/site-packages/airflow/example_dags/example_workday_timetable.py for tasks to queue
[2026-04-09T03:15:18.361+0000] {logging_mixin.py:190} INFO - [2026-04-09T03:15:18.361+0000] {dagbag.py:588} INFO - Filling up the DagBag from /home/airflow/.local/lib/python3.12/site-packages/airflow/example_dags/example_workday_timetable.py
[2026-04-09T03:15:18.363+0000] {processor.py:925} INFO - DAG(s) 'example_workday_timetable' retrieved from /home/airflow/.local/lib/python3.12/site-packages/airflow/example_dags/example_workday_timetable.py
[2026-04-09T03:15:18.373+0000] {logging_mixin.py:190} INFO - [2026-04-09T03:15:18.373+0000] {dag.py:3239} INFO - Sync 1 DAGs
[2026-04-09T03:15:18.395+0000] {logging_mixin.py:190} INFO - [2026-04-09T03:15:18.395+0000] {dag.py:4180} INFO - Setting next_dagrun for example_workday_timetable to 2021-01-04 00:00:00+00:00, run_after=2021-01-05 00:00:00+00:00
[2026-04-09T03:15:18.405+0000] {processor.py:208} INFO - Processing /home/airflow/.local/lib/python3.12/site-packages/airflow/example_dags/example_workday_timetable.py took 0.048 seconds
[2026-04-09T03:28:38.403+0000] {processor.py:186} INFO - Started process (PID=39239) to work on /home/airflow/.local/lib/python3.12/site-packages/airflow/example_dags/example_workday_timetable.py
[2026-04-09T03:28:38.404+0000] {processor.py:914} INFO - Processing file /home/airflow/.local/lib/python3.12/site-packages/airflow/example_dags/example_workday_timetable.py for tasks to queue
[2026-04-09T03:28:38.404+0000] {logging_mixin.py:190} INFO - [2026-04-09T03:28:38.404+0000] {dagbag.py:588} INFO - Filling up the DagBag from /home/airflow/.local/lib/python3.12/site-packages/airflow/example_dags/example_workday_timetable.py
[2026-04-09T03:28:38.407+0000] {processor.py:925} INFO - DAG(s) 'example_workday_timetable' retrieved from /home/airflow/.local/lib/python3.12/site-packages/airflow/example_dags/example_workday_timetable.py
[2026-04-09T03:28:38.415+0000] {logging_mixin.py:190} INFO - [2026-04-09T03:28:38.415+0000] {dag.py:3239} INFO - Sync 1 DAGs
[2026-04-09T03:28:38.442+0000] {logging_mixin.py:190} INFO - [2026-04-09T03:28:38.442+0000] {dag.py:4180} INFO - Setting next_dagrun for example_workday_timetable to 2021-01-04 00:00:00+00:00, run_after=2021-01-05 00:00:00+00:00
[2026-04-09T03:28:38.452+0000] {processor.py:208} INFO - Processing /home/airflow/.local/lib/python3.12/site-packages/airflow/example_dags/example_workday_timetable.py took 0.051 seconds
[2026-04-09T03:29:08.750+0000] {processor.py:186} INFO - Started process (PID=39303) to work on /home/airflow/.local/lib/python3.12/site-packages/airflow/example_dags/example_workday_timetable.py
[2026-04-09T03:29:08.750+0000] {processor.py:914} INFO - Processing file /home/airflow/.local/lib/python3.12/site-packages/airflow/example_dags/example_workday_timetable.py for tasks to queue
[2026-04-09T03:29:08.750+0000] {logging_mixin.py:190} INFO - [2026-04-09T03:29:08.750+0000] {dagbag.py:588} INFO - Filling up the DagBag from /home/airflow/.local/lib/python3.12/site-packages/airflow/example_dags/example_workday_timetable.py
[2026-04-09T03:29:08.753+0000] {processor.py:925} INFO - DAG(s) 'example_workday_timetable' retrieved from /home/airflow/.local/lib/python3.12/site-packages/airflow/example_dags/example_workday_timetable.py
[2026-04-09T03:29:08.764+0000] {logging_mixin.py:190} INFO - [2026-04-09T03:29:08.764+0000] {dag.py:3239} INFO - Sync 1 DAGs
[2026-04-09T03:29:08.786+0000] {logging_mixin.py:190} INFO - [2026-04-09T03:29:08.786+0000] {dag.py:4180} INFO - Setting next_dagrun for example_workday_timetable to 2021-01-04 00:00:00+00:00, run_after=2021-01-05 00:00:00+00:00
[2026-04-09T03:29:08.792+0000] {processor.py:208} INFO - Processing /home/airflow/.local/lib/python3.12/site-packages/airflow/example_dags/example_workday_timetable.py took 0.045 seconds
[2026-04-09T03:44:39.449+0000] {processor.py:186} INFO - Started process (PID=39367) to work on /home/airflow/.local/lib/python3.12/site-packages/airflow/example_dags/example_workday_timetable.py
[2026-04-09T03:44:39.450+0000] {processor.py:914} INFO - Processing file /home/airflow/.local/lib/python3.12/site-packages/airflow/example_dags/example_workday_timetable.py for tasks to queue
[2026-04-09T03:44:39.450+0000] {logging_mixin.py:190} INFO - [2026-04-09T03:44:39.450+0000] {dagbag.py:588} INFO - Filling up the DagBag from /home/airflow/.local/lib/python3.12/site-packages/airflow/example_dags/example_workday_timetable.py
[2026-04-09T03:44:39.452+0000] {processor.py:925} INFO - DAG(s) 'example_workday_timetable' retrieved from /home/airflow/.local/lib/python3.12/site-packages/airflow/example_dags/example_workday_timetable.py
[2026-04-09T03:44:39.460+0000] {logging_mixin.py:190} INFO - [2026-04-09T03:44:39.460+0000] {dag.py:3239} INFO - Sync 1 DAGs
[2026-04-09T03:44:39.479+0000] {logging_mixin.py:190} INFO - [2026-04-09T03:44:39.479+0000] {dag.py:4180} INFO - Setting next_dagrun for example_workday_timetable to 2021-01-04 00:00:00+00:00, run_after=2021-01-05 00:00:00+00:00
[2026-04-09T03:44:39.485+0000] {processor.py:208} INFO - Processing /home/airflow/.local/lib/python3.12/site-packages/airflow/example_dags/example_workday_timetable.py took 0.039 seconds
[2026-04-09T04:00:10.125+0000] {processor.py:186} INFO - Started process (PID=39431) to work on /home/airflow/.local/lib/python3.12/site-packages/airflow/example_dags/example_workday_timetable.py
[2026-04-09T04:00:10.125+0000] {processor.py:914} INFO - Processing file /home/airflow/.local/lib/python3.12/site-packages/airflow/example_dags/example_workday_timetable.py for tasks to queue
[2026-04-09T04:00:10.126+0000] {logging_mixin.py:190} INFO - [2026-04-09T04:00:10.126+0000] {dagbag.py:588} INFO - Filling up the DagBag from /home/airflow/.local/lib/python3.12/site-packages/airflow/example_dags/example_workday_timetable.py
[2026-04-09T04:00:10.128+0000] {processor.py:925} INFO - DAG(s) 'example_workday_timetable' retrieved from /home/airflow/.local/lib/python3.12/site-packages/airflow/example_dags/example_workday_timetable.py
[2026-04-09T04:00:10.140+0000] {logging_mixin.py:190} INFO - [2026-04-09T04:00:10.140+0000] {dag.py:3239} INFO - Sync 1 DAGs
[2026-04-09T04:00:10.164+0000] {logging_mixin.py:190} INFO - [2026-04-09T04:00:10.164+0000] {dag.py:4180} INFO - Setting next_dagrun for example_workday_timetable to 2021-01-04 00:00:00+00:00, run_after=2021-01-05 00:00:00+00:00
[2026-04-09T04:00:10.172+0000] {processor.py:208} INFO - Processing /home/airflow/.local/lib/python3.12/site-packages/airflow/example_dags/example_workday_timetable.py took 0.050 seconds
[2026-04-09T04:00:40.549+0000] {processor.py:186} INFO - Started process (PID=39495) to work on /home/airflow/.local/lib/python3.12/site-packages/airflow/example_dags/example_workday_timetable.py
[2026-04-09T04:00:40.550+0000] {processor.py:914} INFO - Processing file /home/airflow/.local/lib/python3.12/site-packages/airflow/example_dags/example_workday_timetable.py for tasks to queue
[2026-04-09T04:00:40.550+0000] {logging_mixin.py:190} INFO - [2026-04-09T04:00:40.550+0000] {dagbag.py:588} INFO - Filling up the DagBag from /home/airflow/.local/lib/python3.12/site-packages/airflow/example_dags/example_workday_timetable.py
[2026-04-09T04:00:40.552+0000] {processor.py:925} INFO - DAG(s) 'example_workday_timetable' retrieved from /home/airflow/.local/lib/python3.12/site-packages/airflow/example_dags/example_workday_timetable.py
[2026-04-09T04:00:40.560+0000] {logging_mixin.py:190} INFO - [2026-04-09T04:00:40.560+0000] {dag.py:3239} INFO - Sync 1 DAGs
[2026-04-09T04:00:40.578+0000] {logging_mixin.py:190} INFO - [2026-04-09T04:00:40.578+0000] {dag.py:4180} INFO - Setting next_dagrun for example_workday_timetable to 2021-01-04 00:00:00+00:00, run_after=2021-01-05 00:00:00+00:00
[2026-04-09T04:00:40.585+0000] {processor.py:208} INFO - Processing /home/airflow/.local/lib/python3.12/site-packages/airflow/example_dags/example_workday_timetable.py took 0.038 seconds
[2026-04-09T04:16:11.087+0000] {processor.py:186} INFO - Started process (PID=39559) to work on /home/airflow/.local/lib/python3.12/site-packages/airflow/example_dags/example_workday_timetable.py
[2026-04-09T04:16:11.087+0000] {processor.py:914} INFO - Processing file /home/airflow/.local/lib/python3.12/site-packages/airflow/example_dags/example_workday_timetable.py for tasks to queue
[2026-04-09T04:16:11.088+0000] {logging_mixin.py:190} INFO - [2026-04-09T04:16:11.087+0000] {dagbag.py:588} INFO - Filling up the DagBag from /home/airflow/.local/lib/python3.12/site-packages/airflow/example_dags/example_workday_timetable.py
[2026-04-09T04:16:11.090+0000] {processor.py:925} INFO - DAG(s) 'example_workday_timetable' retrieved from /home/airflow/.local/lib/python3.12/site-packages/airflow/example_dags/example_workday_timetable.py
[2026-04-09T04:16:11.098+0000] {logging_mixin.py:190} INFO - [2026-04-09T04:16:11.098+0000] {dag.py:3239} INFO - Sync 1 DAGs
[2026-04-09T04:16:11.124+0000] {logging_mixin.py:190} INFO - [2026-04-09T04:16:11.124+0000] {dag.py:4180} INFO - Setting next_dagrun for example_workday_timetable to 2021-01-04 00:00:00+00:00, run_after=2021-01-05 00:00:00+00:00
[2026-04-09T04:16:11.129+0000] {processor.py:208} INFO - Processing /home/airflow/.local/lib/python3.12/site-packages/airflow/example_dags/example_workday_timetable.py took 0.045 seconds
[2026-04-09T04:28:02.406+0000] {processor.py:186} INFO - Started process (PID=39623) to work on /home/airflow/.local/lib/python3.12/site-packages/airflow/example_dags/example_workday_timetable.py
[2026-04-09T04:28:02.407+0000] {processor.py:914} INFO - Processing file /home/airflow/.local/lib/python3.12/site-packages/airflow/example_dags/example_workday_timetable.py for tasks to queue
[2026-04-09T04:28:02.408+0000] {logging_mixin.py:190} INFO - [2026-04-09T04:28:02.408+0000] {dagbag.py:588} INFO - Filling up the DagBag from /home/airflow/.local/lib/python3.12/site-packages/airflow/example_dags/example_workday_timetable.py
[2026-04-09T04:28:02.411+0000] {processor.py:925} INFO - DAG(s) 'example_workday_timetable' retrieved from /home/airflow/.local/lib/python3.12/site-packages/airflow/example_dags/example_workday_timetable.py
[2026-04-09T04:28:02.424+0000] {logging_mixin.py:190} INFO - [2026-04-09T04:28:02.424+0000] {dag.py:3239} INFO - Sync 1 DAGs
[2026-04-09T04:28:02.455+0000] {logging_mixin.py:190} INFO - [2026-04-09T04:28:02.455+0000] {dag.py:4180} INFO - Setting next_dagrun for example_workday_timetable to 2021-01-04 00:00:00+00:00, run_after=2021-01-05 00:00:00+00:00
[2026-04-09T04:28:02.462+0000] {processor.py:208} INFO - Processing /home/airflow/.local/lib/python3.12/site-packages/airflow/example_dags/example_workday_timetable.py took 0.060 seconds
