[2026-04-09T00:10:46.345+0000] {processor.py:186} INFO - Started process (PID=38016) to work on /home/airflow/.local/lib/python3.12/site-packages/airflow/example_dags/example_python_operator.py
[2026-04-09T00:10:46.346+0000] {processor.py:914} INFO - Processing file /home/airflow/.local/lib/python3.12/site-packages/airflow/example_dags/example_python_operator.py for tasks to queue
[2026-04-09T00:10:46.347+0000] {logging_mixin.py:190} INFO - [2026-04-09T00:10:46.347+0000] {dagbag.py:588} INFO - Filling up the DagBag from /home/airflow/.local/lib/python3.12/site-packages/airflow/example_dags/example_python_operator.py
[2026-04-09T00:10:46.354+0000] {processor.py:925} INFO - DAG(s) 'example_python_operator' retrieved from /home/airflow/.local/lib/python3.12/site-packages/airflow/example_dags/example_python_operator.py
[2026-04-09T00:10:46.362+0000] {logging_mixin.py:190} INFO - [2026-04-09T00:10:46.362+0000] {dag.py:3239} INFO - Sync 1 DAGs
[2026-04-09T00:10:46.369+0000] {logging_mixin.py:190} INFO - [2026-04-09T00:10:46.369+0000] {dag.py:4180} INFO - Setting next_dagrun for example_python_operator to None, run_after=None
[2026-04-09T00:10:46.379+0000] {processor.py:208} INFO - Processing /home/airflow/.local/lib/python3.12/site-packages/airflow/example_dags/example_python_operator.py took 0.037 seconds
[2026-04-09T00:11:16.682+0000] {processor.py:186} INFO - Started process (PID=38080) to work on /home/airflow/.local/lib/python3.12/site-packages/airflow/example_dags/example_python_operator.py
[2026-04-09T00:11:16.682+0000] {processor.py:914} INFO - Processing file /home/airflow/.local/lib/python3.12/site-packages/airflow/example_dags/example_python_operator.py for tasks to queue
[2026-04-09T00:11:16.683+0000] {logging_mixin.py:190} INFO - [2026-04-09T00:11:16.682+0000] {dagbag.py:588} INFO - Filling up the DagBag from /home/airflow/.local/lib/python3.12/site-packages/airflow/example_dags/example_python_operator.py
[2026-04-09T00:11:16.688+0000] {processor.py:925} INFO - DAG(s) 'example_python_operator' retrieved from /home/airflow/.local/lib/python3.12/site-packages/airflow/example_dags/example_python_operator.py
[2026-04-09T00:11:16.700+0000] {logging_mixin.py:190} INFO - [2026-04-09T00:11:16.700+0000] {dag.py:3239} INFO - Sync 1 DAGs
[2026-04-09T00:11:16.705+0000] {logging_mixin.py:190} INFO - [2026-04-09T00:11:16.705+0000] {dag.py:4180} INFO - Setting next_dagrun for example_python_operator to None, run_after=None
[2026-04-09T00:11:16.712+0000] {processor.py:208} INFO - Processing /home/airflow/.local/lib/python3.12/site-packages/airflow/example_dags/example_python_operator.py took 0.033 seconds
[2026-04-09T00:26:46.379+0000] {processor.py:186} INFO - Started process (PID=38144) to work on /home/airflow/.local/lib/python3.12/site-packages/airflow/example_dags/example_python_operator.py
[2026-04-09T00:26:46.379+0000] {processor.py:914} INFO - Processing file /home/airflow/.local/lib/python3.12/site-packages/airflow/example_dags/example_python_operator.py for tasks to queue
[2026-04-09T00:26:46.379+0000] {logging_mixin.py:190} INFO - [2026-04-09T00:26:46.379+0000] {dagbag.py:588} INFO - Filling up the DagBag from /home/airflow/.local/lib/python3.12/site-packages/airflow/example_dags/example_python_operator.py
[2026-04-09T00:26:46.383+0000] {processor.py:925} INFO - DAG(s) 'example_python_operator' retrieved from /home/airflow/.local/lib/python3.12/site-packages/airflow/example_dags/example_python_operator.py
[2026-04-09T00:26:46.391+0000] {logging_mixin.py:190} INFO - [2026-04-09T00:26:46.391+0000] {dag.py:3239} INFO - Sync 1 DAGs
[2026-04-09T00:26:46.395+0000] {logging_mixin.py:190} INFO - [2026-04-09T00:26:46.395+0000] {dag.py:4180} INFO - Setting next_dagrun for example_python_operator to None, run_after=None
[2026-04-09T00:26:46.401+0000] {processor.py:208} INFO - Processing /home/airflow/.local/lib/python3.12/site-packages/airflow/example_dags/example_python_operator.py took 0.024 seconds
[2026-04-09T00:42:16.609+0000] {processor.py:186} INFO - Started process (PID=38208) to work on /home/airflow/.local/lib/python3.12/site-packages/airflow/example_dags/example_python_operator.py
[2026-04-09T00:42:16.610+0000] {processor.py:914} INFO - Processing file /home/airflow/.local/lib/python3.12/site-packages/airflow/example_dags/example_python_operator.py for tasks to queue
[2026-04-09T00:42:16.611+0000] {logging_mixin.py:190} INFO - [2026-04-09T00:42:16.610+0000] {dagbag.py:588} INFO - Filling up the DagBag from /home/airflow/.local/lib/python3.12/site-packages/airflow/example_dags/example_python_operator.py
[2026-04-09T00:42:16.616+0000] {processor.py:925} INFO - DAG(s) 'example_python_operator' retrieved from /home/airflow/.local/lib/python3.12/site-packages/airflow/example_dags/example_python_operator.py
[2026-04-09T00:42:16.626+0000] {logging_mixin.py:190} INFO - [2026-04-09T00:42:16.626+0000] {dag.py:3239} INFO - Sync 1 DAGs
[2026-04-09T00:42:16.631+0000] {logging_mixin.py:190} INFO - [2026-04-09T00:42:16.631+0000] {dag.py:4180} INFO - Setting next_dagrun for example_python_operator to None, run_after=None
[2026-04-09T00:42:16.637+0000] {processor.py:208} INFO - Processing /home/airflow/.local/lib/python3.12/site-packages/airflow/example_dags/example_python_operator.py took 0.030 seconds
[2026-04-09T00:59:13.874+0000] {processor.py:186} INFO - Started process (PID=38272) to work on /home/airflow/.local/lib/python3.12/site-packages/airflow/example_dags/example_python_operator.py
[2026-04-09T00:59:13.875+0000] {processor.py:914} INFO - Processing file /home/airflow/.local/lib/python3.12/site-packages/airflow/example_dags/example_python_operator.py for tasks to queue
[2026-04-09T00:59:13.876+0000] {logging_mixin.py:190} INFO - [2026-04-09T00:59:13.876+0000] {dagbag.py:588} INFO - Filling up the DagBag from /home/airflow/.local/lib/python3.12/site-packages/airflow/example_dags/example_python_operator.py
[2026-04-09T00:59:13.884+0000] {processor.py:925} INFO - DAG(s) 'example_python_operator' retrieved from /home/airflow/.local/lib/python3.12/site-packages/airflow/example_dags/example_python_operator.py
[2026-04-09T00:59:13.896+0000] {logging_mixin.py:190} INFO - [2026-04-09T00:59:13.895+0000] {dag.py:3239} INFO - Sync 1 DAGs
[2026-04-09T00:59:13.902+0000] {logging_mixin.py:190} INFO - [2026-04-09T00:59:13.902+0000] {dag.py:4180} INFO - Setting next_dagrun for example_python_operator to None, run_after=None
[2026-04-09T00:59:13.913+0000] {processor.py:208} INFO - Processing /home/airflow/.local/lib/python3.12/site-packages/airflow/example_dags/example_python_operator.py took 0.041 seconds
[2026-04-09T01:14:44.081+0000] {processor.py:186} INFO - Started process (PID=38336) to work on /home/airflow/.local/lib/python3.12/site-packages/airflow/example_dags/example_python_operator.py
[2026-04-09T01:14:44.081+0000] {processor.py:914} INFO - Processing file /home/airflow/.local/lib/python3.12/site-packages/airflow/example_dags/example_python_operator.py for tasks to queue
[2026-04-09T01:14:44.083+0000] {logging_mixin.py:190} INFO - [2026-04-09T01:14:44.082+0000] {dagbag.py:588} INFO - Filling up the DagBag from /home/airflow/.local/lib/python3.12/site-packages/airflow/example_dags/example_python_operator.py
[2026-04-09T01:14:44.090+0000] {processor.py:925} INFO - DAG(s) 'example_python_operator' retrieved from /home/airflow/.local/lib/python3.12/site-packages/airflow/example_dags/example_python_operator.py
[2026-04-09T01:14:44.107+0000] {logging_mixin.py:190} INFO - [2026-04-09T01:14:44.107+0000] {dag.py:3239} INFO - Sync 1 DAGs
[2026-04-09T01:14:44.114+0000] {logging_mixin.py:190} INFO - [2026-04-09T01:14:44.114+0000] {dag.py:4180} INFO - Setting next_dagrun for example_python_operator to None, run_after=None
[2026-04-09T01:14:44.123+0000] {processor.py:208} INFO - Processing /home/airflow/.local/lib/python3.12/site-packages/airflow/example_dags/example_python_operator.py took 0.045 seconds
[2026-04-09T01:15:14.548+0000] {processor.py:186} INFO - Started process (PID=38400) to work on /home/airflow/.local/lib/python3.12/site-packages/airflow/example_dags/example_python_operator.py
[2026-04-09T01:15:14.549+0000] {processor.py:914} INFO - Processing file /home/airflow/.local/lib/python3.12/site-packages/airflow/example_dags/example_python_operator.py for tasks to queue
[2026-04-09T01:15:14.550+0000] {logging_mixin.py:190} INFO - [2026-04-09T01:15:14.550+0000] {dagbag.py:588} INFO - Filling up the DagBag from /home/airflow/.local/lib/python3.12/site-packages/airflow/example_dags/example_python_operator.py
[2026-04-09T01:15:14.559+0000] {processor.py:925} INFO - DAG(s) 'example_python_operator' retrieved from /home/airflow/.local/lib/python3.12/site-packages/airflow/example_dags/example_python_operator.py
[2026-04-09T01:15:14.572+0000] {logging_mixin.py:190} INFO - [2026-04-09T01:15:14.572+0000] {dag.py:3239} INFO - Sync 1 DAGs
[2026-04-09T01:15:14.577+0000] {logging_mixin.py:190} INFO - [2026-04-09T01:15:14.577+0000] {dag.py:4180} INFO - Setting next_dagrun for example_python_operator to None, run_after=None
[2026-04-09T01:15:14.586+0000] {processor.py:208} INFO - Processing /home/airflow/.local/lib/python3.12/site-packages/airflow/example_dags/example_python_operator.py took 0.041 seconds
[2026-04-09T01:30:51.500+0000] {processor.py:186} INFO - Started process (PID=38464) to work on /home/airflow/.local/lib/python3.12/site-packages/airflow/example_dags/example_python_operator.py
[2026-04-09T01:30:51.501+0000] {processor.py:914} INFO - Processing file /home/airflow/.local/lib/python3.12/site-packages/airflow/example_dags/example_python_operator.py for tasks to queue
[2026-04-09T01:30:51.503+0000] {logging_mixin.py:190} INFO - [2026-04-09T01:30:51.503+0000] {dagbag.py:588} INFO - Filling up the DagBag from /home/airflow/.local/lib/python3.12/site-packages/airflow/example_dags/example_python_operator.py
[2026-04-09T01:30:51.508+0000] {processor.py:925} INFO - DAG(s) 'example_python_operator' retrieved from /home/airflow/.local/lib/python3.12/site-packages/airflow/example_dags/example_python_operator.py
[2026-04-09T01:30:51.519+0000] {logging_mixin.py:190} INFO - [2026-04-09T01:30:51.519+0000] {dag.py:3239} INFO - Sync 1 DAGs
[2026-04-09T01:30:51.525+0000] {logging_mixin.py:190} INFO - [2026-04-09T01:30:51.525+0000] {dag.py:4180} INFO - Setting next_dagrun for example_python_operator to None, run_after=None
[2026-04-09T01:30:51.531+0000] {processor.py:208} INFO - Processing /home/airflow/.local/lib/python3.12/site-packages/airflow/example_dags/example_python_operator.py took 0.033 seconds
[2026-04-09T01:46:22.995+0000] {processor.py:186} INFO - Started process (PID=38528) to work on /home/airflow/.local/lib/python3.12/site-packages/airflow/example_dags/example_python_operator.py
[2026-04-09T01:46:22.997+0000] {processor.py:914} INFO - Processing file /home/airflow/.local/lib/python3.12/site-packages/airflow/example_dags/example_python_operator.py for tasks to queue
[2026-04-09T01:46:22.998+0000] {logging_mixin.py:190} INFO - [2026-04-09T01:46:22.997+0000] {dagbag.py:588} INFO - Filling up the DagBag from /home/airflow/.local/lib/python3.12/site-packages/airflow/example_dags/example_python_operator.py
[2026-04-09T01:46:23.004+0000] {processor.py:925} INFO - DAG(s) 'example_python_operator' retrieved from /home/airflow/.local/lib/python3.12/site-packages/airflow/example_dags/example_python_operator.py
[2026-04-09T01:46:23.016+0000] {logging_mixin.py:190} INFO - [2026-04-09T01:46:23.016+0000] {dag.py:3239} INFO - Sync 1 DAGs
[2026-04-09T01:46:23.022+0000] {logging_mixin.py:190} INFO - [2026-04-09T01:46:23.022+0000] {dag.py:4180} INFO - Setting next_dagrun for example_python_operator to None, run_after=None
[2026-04-09T01:46:23.028+0000] {processor.py:208} INFO - Processing /home/airflow/.local/lib/python3.12/site-packages/airflow/example_dags/example_python_operator.py took 0.035 seconds
[2026-04-09T01:46:54.289+0000] {processor.py:186} INFO - Started process (PID=38592) to work on /home/airflow/.local/lib/python3.12/site-packages/airflow/example_dags/example_python_operator.py
[2026-04-09T01:46:54.290+0000] {processor.py:914} INFO - Processing file /home/airflow/.local/lib/python3.12/site-packages/airflow/example_dags/example_python_operator.py for tasks to queue
[2026-04-09T01:46:54.290+0000] {logging_mixin.py:190} INFO - [2026-04-09T01:46:54.290+0000] {dagbag.py:588} INFO - Filling up the DagBag from /home/airflow/.local/lib/python3.12/site-packages/airflow/example_dags/example_python_operator.py
[2026-04-09T01:46:54.298+0000] {processor.py:925} INFO - DAG(s) 'example_python_operator' retrieved from /home/airflow/.local/lib/python3.12/site-packages/airflow/example_dags/example_python_operator.py
[2026-04-09T01:46:54.307+0000] {logging_mixin.py:190} INFO - [2026-04-09T01:46:54.307+0000] {dag.py:3239} INFO - Sync 1 DAGs
[2026-04-09T01:46:54.312+0000] {logging_mixin.py:190} INFO - [2026-04-09T01:46:54.312+0000] {dag.py:4180} INFO - Setting next_dagrun for example_python_operator to None, run_after=None
[2026-04-09T01:46:54.322+0000] {processor.py:208} INFO - Processing /home/airflow/.local/lib/python3.12/site-packages/airflow/example_dags/example_python_operator.py took 0.035 seconds
[2026-04-09T02:02:23.546+0000] {processor.py:186} INFO - Started process (PID=38656) to work on /home/airflow/.local/lib/python3.12/site-packages/airflow/example_dags/example_python_operator.py
[2026-04-09T02:02:23.546+0000] {processor.py:914} INFO - Processing file /home/airflow/.local/lib/python3.12/site-packages/airflow/example_dags/example_python_operator.py for tasks to queue
[2026-04-09T02:02:23.547+0000] {logging_mixin.py:190} INFO - [2026-04-09T02:02:23.547+0000] {dagbag.py:588} INFO - Filling up the DagBag from /home/airflow/.local/lib/python3.12/site-packages/airflow/example_dags/example_python_operator.py
[2026-04-09T02:02:23.551+0000] {processor.py:925} INFO - DAG(s) 'example_python_operator' retrieved from /home/airflow/.local/lib/python3.12/site-packages/airflow/example_dags/example_python_operator.py
[2026-04-09T02:02:23.564+0000] {logging_mixin.py:190} INFO - [2026-04-09T02:02:23.564+0000] {dag.py:3239} INFO - Sync 1 DAGs
[2026-04-09T02:02:23.569+0000] {logging_mixin.py:190} INFO - [2026-04-09T02:02:23.569+0000] {dag.py:4180} INFO - Setting next_dagrun for example_python_operator to None, run_after=None
[2026-04-09T02:02:23.578+0000] {processor.py:208} INFO - Processing /home/airflow/.local/lib/python3.12/site-packages/airflow/example_dags/example_python_operator.py took 0.035 seconds
[2026-04-09T02:17:55.347+0000] {processor.py:186} INFO - Started process (PID=38720) to work on /home/airflow/.local/lib/python3.12/site-packages/airflow/example_dags/example_python_operator.py
[2026-04-09T02:17:55.348+0000] {processor.py:914} INFO - Processing file /home/airflow/.local/lib/python3.12/site-packages/airflow/example_dags/example_python_operator.py for tasks to queue
[2026-04-09T02:17:55.349+0000] {logging_mixin.py:190} INFO - [2026-04-09T02:17:55.349+0000] {dagbag.py:588} INFO - Filling up the DagBag from /home/airflow/.local/lib/python3.12/site-packages/airflow/example_dags/example_python_operator.py
[2026-04-09T02:17:55.354+0000] {processor.py:925} INFO - DAG(s) 'example_python_operator' retrieved from /home/airflow/.local/lib/python3.12/site-packages/airflow/example_dags/example_python_operator.py
[2026-04-09T02:17:55.368+0000] {logging_mixin.py:190} INFO - [2026-04-09T02:17:55.368+0000] {dag.py:3239} INFO - Sync 1 DAGs
[2026-04-09T02:17:55.374+0000] {logging_mixin.py:190} INFO - [2026-04-09T02:17:55.374+0000] {dag.py:4180} INFO - Setting next_dagrun for example_python_operator to None, run_after=None
[2026-04-09T02:17:55.383+0000] {processor.py:208} INFO - Processing /home/airflow/.local/lib/python3.12/site-packages/airflow/example_dags/example_python_operator.py took 0.038 seconds
[2026-04-09T02:18:26.065+0000] {processor.py:186} INFO - Started process (PID=38784) to work on /home/airflow/.local/lib/python3.12/site-packages/airflow/example_dags/example_python_operator.py
[2026-04-09T02:18:26.066+0000] {processor.py:914} INFO - Processing file /home/airflow/.local/lib/python3.12/site-packages/airflow/example_dags/example_python_operator.py for tasks to queue
[2026-04-09T02:18:26.067+0000] {logging_mixin.py:190} INFO - [2026-04-09T02:18:26.066+0000] {dagbag.py:588} INFO - Filling up the DagBag from /home/airflow/.local/lib/python3.12/site-packages/airflow/example_dags/example_python_operator.py
[2026-04-09T02:18:26.074+0000] {processor.py:925} INFO - DAG(s) 'example_python_operator' retrieved from /home/airflow/.local/lib/python3.12/site-packages/airflow/example_dags/example_python_operator.py
[2026-04-09T02:18:26.085+0000] {logging_mixin.py:190} INFO - [2026-04-09T02:18:26.084+0000] {dag.py:3239} INFO - Sync 1 DAGs
[2026-04-09T02:18:26.091+0000] {logging_mixin.py:190} INFO - [2026-04-09T02:18:26.091+0000] {dag.py:4180} INFO - Setting next_dagrun for example_python_operator to None, run_after=None
[2026-04-09T02:18:26.097+0000] {processor.py:208} INFO - Processing /home/airflow/.local/lib/python3.12/site-packages/airflow/example_dags/example_python_operator.py took 0.034 seconds
[2026-04-09T02:27:45.834+0000] {processor.py:186} INFO - Started process (PID=38848) to work on /home/airflow/.local/lib/python3.12/site-packages/airflow/example_dags/example_python_operator.py
[2026-04-09T02:27:45.834+0000] {processor.py:914} INFO - Processing file /home/airflow/.local/lib/python3.12/site-packages/airflow/example_dags/example_python_operator.py for tasks to queue
[2026-04-09T02:27:45.836+0000] {logging_mixin.py:190} INFO - [2026-04-09T02:27:45.836+0000] {dagbag.py:588} INFO - Filling up the DagBag from /home/airflow/.local/lib/python3.12/site-packages/airflow/example_dags/example_python_operator.py
[2026-04-09T02:27:45.844+0000] {processor.py:925} INFO - DAG(s) 'example_python_operator' retrieved from /home/airflow/.local/lib/python3.12/site-packages/airflow/example_dags/example_python_operator.py
[2026-04-09T02:27:45.858+0000] {logging_mixin.py:190} INFO - [2026-04-09T02:27:45.858+0000] {dag.py:3239} INFO - Sync 1 DAGs
[2026-04-09T02:27:45.865+0000] {logging_mixin.py:190} INFO - [2026-04-09T02:27:45.865+0000] {dag.py:4180} INFO - Setting next_dagrun for example_python_operator to None, run_after=None
[2026-04-09T02:27:45.875+0000] {processor.py:208} INFO - Processing /home/airflow/.local/lib/python3.12/site-packages/airflow/example_dags/example_python_operator.py took 0.045 seconds
[2026-04-09T02:43:16.279+0000] {processor.py:186} INFO - Started process (PID=38912) to work on /home/airflow/.local/lib/python3.12/site-packages/airflow/example_dags/example_python_operator.py
[2026-04-09T02:43:16.280+0000] {processor.py:914} INFO - Processing file /home/airflow/.local/lib/python3.12/site-packages/airflow/example_dags/example_python_operator.py for tasks to queue
[2026-04-09T02:43:16.282+0000] {logging_mixin.py:190} INFO - [2026-04-09T02:43:16.282+0000] {dagbag.py:588} INFO - Filling up the DagBag from /home/airflow/.local/lib/python3.12/site-packages/airflow/example_dags/example_python_operator.py
[2026-04-09T02:43:16.290+0000] {processor.py:925} INFO - DAG(s) 'example_python_operator' retrieved from /home/airflow/.local/lib/python3.12/site-packages/airflow/example_dags/example_python_operator.py
[2026-04-09T02:43:16.309+0000] {logging_mixin.py:190} INFO - [2026-04-09T02:43:16.309+0000] {dag.py:3239} INFO - Sync 1 DAGs
[2026-04-09T02:43:16.320+0000] {logging_mixin.py:190} INFO - [2026-04-09T02:43:16.319+0000] {dag.py:4180} INFO - Setting next_dagrun for example_python_operator to None, run_after=None
[2026-04-09T02:43:16.334+0000] {processor.py:208} INFO - Processing /home/airflow/.local/lib/python3.12/site-packages/airflow/example_dags/example_python_operator.py took 0.059 seconds
[2026-04-09T02:43:46.589+0000] {processor.py:186} INFO - Started process (PID=38976) to work on /home/airflow/.local/lib/python3.12/site-packages/airflow/example_dags/example_python_operator.py
[2026-04-09T02:43:46.589+0000] {processor.py:914} INFO - Processing file /home/airflow/.local/lib/python3.12/site-packages/airflow/example_dags/example_python_operator.py for tasks to queue
[2026-04-09T02:43:46.591+0000] {logging_mixin.py:190} INFO - [2026-04-09T02:43:46.590+0000] {dagbag.py:588} INFO - Filling up the DagBag from /home/airflow/.local/lib/python3.12/site-packages/airflow/example_dags/example_python_operator.py
[2026-04-09T02:43:46.596+0000] {processor.py:925} INFO - DAG(s) 'example_python_operator' retrieved from /home/airflow/.local/lib/python3.12/site-packages/airflow/example_dags/example_python_operator.py
[2026-04-09T02:43:46.610+0000] {logging_mixin.py:190} INFO - [2026-04-09T02:43:46.609+0000] {dag.py:3239} INFO - Sync 1 DAGs
[2026-04-09T02:43:46.615+0000] {logging_mixin.py:190} INFO - [2026-04-09T02:43:46.615+0000] {dag.py:4180} INFO - Setting next_dagrun for example_python_operator to None, run_after=None
[2026-04-09T02:43:46.622+0000] {processor.py:208} INFO - Processing /home/airflow/.local/lib/python3.12/site-packages/airflow/example_dags/example_python_operator.py took 0.035 seconds
[2026-04-09T02:59:17.017+0000] {processor.py:186} INFO - Started process (PID=39040) to work on /home/airflow/.local/lib/python3.12/site-packages/airflow/example_dags/example_python_operator.py
[2026-04-09T02:59:17.018+0000] {processor.py:914} INFO - Processing file /home/airflow/.local/lib/python3.12/site-packages/airflow/example_dags/example_python_operator.py for tasks to queue
[2026-04-09T02:59:17.018+0000] {logging_mixin.py:190} INFO - [2026-04-09T02:59:17.018+0000] {dagbag.py:588} INFO - Filling up the DagBag from /home/airflow/.local/lib/python3.12/site-packages/airflow/example_dags/example_python_operator.py
[2026-04-09T02:59:17.023+0000] {processor.py:925} INFO - DAG(s) 'example_python_operator' retrieved from /home/airflow/.local/lib/python3.12/site-packages/airflow/example_dags/example_python_operator.py
[2026-04-09T02:59:17.035+0000] {logging_mixin.py:190} INFO - [2026-04-09T02:59:17.035+0000] {dag.py:3239} INFO - Sync 1 DAGs
[2026-04-09T02:59:17.041+0000] {logging_mixin.py:190} INFO - [2026-04-09T02:59:17.041+0000] {dag.py:4180} INFO - Setting next_dagrun for example_python_operator to None, run_after=None
[2026-04-09T02:59:17.049+0000] {processor.py:208} INFO - Processing /home/airflow/.local/lib/python3.12/site-packages/airflow/example_dags/example_python_operator.py took 0.034 seconds
[2026-04-09T02:59:48.366+0000] {processor.py:186} INFO - Started process (PID=39104) to work on /home/airflow/.local/lib/python3.12/site-packages/airflow/example_dags/example_python_operator.py
[2026-04-09T02:59:48.366+0000] {processor.py:914} INFO - Processing file /home/airflow/.local/lib/python3.12/site-packages/airflow/example_dags/example_python_operator.py for tasks to queue
[2026-04-09T02:59:48.366+0000] {logging_mixin.py:190} INFO - [2026-04-09T02:59:48.366+0000] {dagbag.py:588} INFO - Filling up the DagBag from /home/airflow/.local/lib/python3.12/site-packages/airflow/example_dags/example_python_operator.py
[2026-04-09T02:59:48.371+0000] {processor.py:925} INFO - DAG(s) 'example_python_operator' retrieved from /home/airflow/.local/lib/python3.12/site-packages/airflow/example_dags/example_python_operator.py
[2026-04-09T02:59:48.378+0000] {logging_mixin.py:190} INFO - [2026-04-09T02:59:48.378+0000] {dag.py:3239} INFO - Sync 1 DAGs
[2026-04-09T02:59:48.383+0000] {logging_mixin.py:190} INFO - [2026-04-09T02:59:48.383+0000] {dag.py:4180} INFO - Setting next_dagrun for example_python_operator to None, run_after=None
[2026-04-09T02:59:48.388+0000] {processor.py:208} INFO - Processing /home/airflow/.local/lib/python3.12/site-packages/airflow/example_dags/example_python_operator.py took 0.025 seconds
[2026-04-09T03:15:18.022+0000] {processor.py:186} INFO - Started process (PID=39168) to work on /home/airflow/.local/lib/python3.12/site-packages/airflow/example_dags/example_python_operator.py
[2026-04-09T03:15:18.023+0000] {processor.py:914} INFO - Processing file /home/airflow/.local/lib/python3.12/site-packages/airflow/example_dags/example_python_operator.py for tasks to queue
[2026-04-09T03:15:18.023+0000] {logging_mixin.py:190} INFO - [2026-04-09T03:15:18.023+0000] {dagbag.py:588} INFO - Filling up the DagBag from /home/airflow/.local/lib/python3.12/site-packages/airflow/example_dags/example_python_operator.py
[2026-04-09T03:15:18.028+0000] {processor.py:925} INFO - DAG(s) 'example_python_operator' retrieved from /home/airflow/.local/lib/python3.12/site-packages/airflow/example_dags/example_python_operator.py
[2026-04-09T03:15:18.040+0000] {logging_mixin.py:190} INFO - [2026-04-09T03:15:18.039+0000] {dag.py:3239} INFO - Sync 1 DAGs
[2026-04-09T03:15:18.047+0000] {logging_mixin.py:190} INFO - [2026-04-09T03:15:18.047+0000] {dag.py:4180} INFO - Setting next_dagrun for example_python_operator to None, run_after=None
[2026-04-09T03:15:18.055+0000] {processor.py:208} INFO - Processing /home/airflow/.local/lib/python3.12/site-packages/airflow/example_dags/example_python_operator.py took 0.035 seconds
[2026-04-09T03:28:38.030+0000] {processor.py:186} INFO - Started process (PID=39232) to work on /home/airflow/.local/lib/python3.12/site-packages/airflow/example_dags/example_python_operator.py
[2026-04-09T03:28:38.031+0000] {processor.py:914} INFO - Processing file /home/airflow/.local/lib/python3.12/site-packages/airflow/example_dags/example_python_operator.py for tasks to queue
[2026-04-09T03:28:38.032+0000] {logging_mixin.py:190} INFO - [2026-04-09T03:28:38.032+0000] {dagbag.py:588} INFO - Filling up the DagBag from /home/airflow/.local/lib/python3.12/site-packages/airflow/example_dags/example_python_operator.py
[2026-04-09T03:28:38.041+0000] {processor.py:925} INFO - DAG(s) 'example_python_operator' retrieved from /home/airflow/.local/lib/python3.12/site-packages/airflow/example_dags/example_python_operator.py
[2026-04-09T03:28:38.056+0000] {logging_mixin.py:190} INFO - [2026-04-09T03:28:38.056+0000] {dag.py:3239} INFO - Sync 1 DAGs
[2026-04-09T03:28:38.064+0000] {logging_mixin.py:190} INFO - [2026-04-09T03:28:38.064+0000] {dag.py:4180} INFO - Setting next_dagrun for example_python_operator to None, run_after=None
[2026-04-09T03:28:38.071+0000] {processor.py:208} INFO - Processing /home/airflow/.local/lib/python3.12/site-packages/airflow/example_dags/example_python_operator.py took 0.044 seconds
[2026-04-09T03:29:08.325+0000] {processor.py:186} INFO - Started process (PID=39296) to work on /home/airflow/.local/lib/python3.12/site-packages/airflow/example_dags/example_python_operator.py
[2026-04-09T03:29:08.326+0000] {processor.py:914} INFO - Processing file /home/airflow/.local/lib/python3.12/site-packages/airflow/example_dags/example_python_operator.py for tasks to queue
[2026-04-09T03:29:08.327+0000] {logging_mixin.py:190} INFO - [2026-04-09T03:29:08.327+0000] {dagbag.py:588} INFO - Filling up the DagBag from /home/airflow/.local/lib/python3.12/site-packages/airflow/example_dags/example_python_operator.py
[2026-04-09T03:29:08.332+0000] {processor.py:925} INFO - DAG(s) 'example_python_operator' retrieved from /home/airflow/.local/lib/python3.12/site-packages/airflow/example_dags/example_python_operator.py
[2026-04-09T03:29:08.342+0000] {logging_mixin.py:190} INFO - [2026-04-09T03:29:08.342+0000] {dag.py:3239} INFO - Sync 1 DAGs
[2026-04-09T03:29:08.348+0000] {logging_mixin.py:190} INFO - [2026-04-09T03:29:08.348+0000] {dag.py:4180} INFO - Setting next_dagrun for example_python_operator to None, run_after=None
[2026-04-09T03:29:08.356+0000] {processor.py:208} INFO - Processing /home/airflow/.local/lib/python3.12/site-packages/airflow/example_dags/example_python_operator.py took 0.033 seconds
[2026-04-09T03:44:39.098+0000] {processor.py:186} INFO - Started process (PID=39360) to work on /home/airflow/.local/lib/python3.12/site-packages/airflow/example_dags/example_python_operator.py
[2026-04-09T03:44:39.098+0000] {processor.py:914} INFO - Processing file /home/airflow/.local/lib/python3.12/site-packages/airflow/example_dags/example_python_operator.py for tasks to queue
[2026-04-09T03:44:39.099+0000] {logging_mixin.py:190} INFO - [2026-04-09T03:44:39.098+0000] {dagbag.py:588} INFO - Filling up the DagBag from /home/airflow/.local/lib/python3.12/site-packages/airflow/example_dags/example_python_operator.py
[2026-04-09T03:44:39.104+0000] {processor.py:925} INFO - DAG(s) 'example_python_operator' retrieved from /home/airflow/.local/lib/python3.12/site-packages/airflow/example_dags/example_python_operator.py
[2026-04-09T03:44:39.111+0000] {logging_mixin.py:190} INFO - [2026-04-09T03:44:39.111+0000] {dag.py:3239} INFO - Sync 1 DAGs
[2026-04-09T03:44:39.116+0000] {logging_mixin.py:190} INFO - [2026-04-09T03:44:39.116+0000] {dag.py:4180} INFO - Setting next_dagrun for example_python_operator to None, run_after=None
[2026-04-09T03:44:39.121+0000] {processor.py:208} INFO - Processing /home/airflow/.local/lib/python3.12/site-packages/airflow/example_dags/example_python_operator.py took 0.026 seconds
[2026-04-09T04:00:09.753+0000] {processor.py:186} INFO - Started process (PID=39424) to work on /home/airflow/.local/lib/python3.12/site-packages/airflow/example_dags/example_python_operator.py
[2026-04-09T04:00:09.754+0000] {processor.py:914} INFO - Processing file /home/airflow/.local/lib/python3.12/site-packages/airflow/example_dags/example_python_operator.py for tasks to queue
[2026-04-09T04:00:09.755+0000] {logging_mixin.py:190} INFO - [2026-04-09T04:00:09.755+0000] {dagbag.py:588} INFO - Filling up the DagBag from /home/airflow/.local/lib/python3.12/site-packages/airflow/example_dags/example_python_operator.py
[2026-04-09T04:00:09.762+0000] {processor.py:925} INFO - DAG(s) 'example_python_operator' retrieved from /home/airflow/.local/lib/python3.12/site-packages/airflow/example_dags/example_python_operator.py
[2026-04-09T04:00:09.772+0000] {logging_mixin.py:190} INFO - [2026-04-09T04:00:09.772+0000] {dag.py:3239} INFO - Sync 1 DAGs
[2026-04-09T04:00:09.781+0000] {logging_mixin.py:190} INFO - [2026-04-09T04:00:09.781+0000] {dag.py:4180} INFO - Setting next_dagrun for example_python_operator to None, run_after=None
[2026-04-09T04:00:09.789+0000] {processor.py:208} INFO - Processing /home/airflow/.local/lib/python3.12/site-packages/airflow/example_dags/example_python_operator.py took 0.038 seconds
[2026-04-09T04:00:40.203+0000] {processor.py:186} INFO - Started process (PID=39488) to work on /home/airflow/.local/lib/python3.12/site-packages/airflow/example_dags/example_python_operator.py
[2026-04-09T04:00:40.204+0000] {processor.py:914} INFO - Processing file /home/airflow/.local/lib/python3.12/site-packages/airflow/example_dags/example_python_operator.py for tasks to queue
[2026-04-09T04:00:40.204+0000] {logging_mixin.py:190} INFO - [2026-04-09T04:00:40.204+0000] {dagbag.py:588} INFO - Filling up the DagBag from /home/airflow/.local/lib/python3.12/site-packages/airflow/example_dags/example_python_operator.py
[2026-04-09T04:00:40.208+0000] {processor.py:925} INFO - DAG(s) 'example_python_operator' retrieved from /home/airflow/.local/lib/python3.12/site-packages/airflow/example_dags/example_python_operator.py
[2026-04-09T04:00:40.215+0000] {logging_mixin.py:190} INFO - [2026-04-09T04:00:40.215+0000] {dag.py:3239} INFO - Sync 1 DAGs
[2026-04-09T04:00:40.220+0000] {logging_mixin.py:190} INFO - [2026-04-09T04:00:40.220+0000] {dag.py:4180} INFO - Setting next_dagrun for example_python_operator to None, run_after=None
[2026-04-09T04:00:40.225+0000] {processor.py:208} INFO - Processing /home/airflow/.local/lib/python3.12/site-packages/airflow/example_dags/example_python_operator.py took 0.023 seconds
[2026-04-09T04:16:10.747+0000] {processor.py:186} INFO - Started process (PID=39552) to work on /home/airflow/.local/lib/python3.12/site-packages/airflow/example_dags/example_python_operator.py
[2026-04-09T04:16:10.747+0000] {processor.py:914} INFO - Processing file /home/airflow/.local/lib/python3.12/site-packages/airflow/example_dags/example_python_operator.py for tasks to queue
[2026-04-09T04:16:10.747+0000] {logging_mixin.py:190} INFO - [2026-04-09T04:16:10.747+0000] {dagbag.py:588} INFO - Filling up the DagBag from /home/airflow/.local/lib/python3.12/site-packages/airflow/example_dags/example_python_operator.py
[2026-04-09T04:16:10.753+0000] {processor.py:925} INFO - DAG(s) 'example_python_operator' retrieved from /home/airflow/.local/lib/python3.12/site-packages/airflow/example_dags/example_python_operator.py
[2026-04-09T04:16:10.763+0000] {logging_mixin.py:190} INFO - [2026-04-09T04:16:10.763+0000] {dag.py:3239} INFO - Sync 1 DAGs
[2026-04-09T04:16:10.771+0000] {logging_mixin.py:190} INFO - [2026-04-09T04:16:10.771+0000] {dag.py:4180} INFO - Setting next_dagrun for example_python_operator to None, run_after=None
[2026-04-09T04:16:10.780+0000] {processor.py:208} INFO - Processing /home/airflow/.local/lib/python3.12/site-packages/airflow/example_dags/example_python_operator.py took 0.036 seconds
[2026-04-09T04:28:02.036+0000] {processor.py:186} INFO - Started process (PID=39616) to work on /home/airflow/.local/lib/python3.12/site-packages/airflow/example_dags/example_python_operator.py
[2026-04-09T04:28:02.037+0000] {processor.py:914} INFO - Processing file /home/airflow/.local/lib/python3.12/site-packages/airflow/example_dags/example_python_operator.py for tasks to queue
[2026-04-09T04:28:02.038+0000] {logging_mixin.py:190} INFO - [2026-04-09T04:28:02.038+0000] {dagbag.py:588} INFO - Filling up the DagBag from /home/airflow/.local/lib/python3.12/site-packages/airflow/example_dags/example_python_operator.py
[2026-04-09T04:28:02.043+0000] {processor.py:925} INFO - DAG(s) 'example_python_operator' retrieved from /home/airflow/.local/lib/python3.12/site-packages/airflow/example_dags/example_python_operator.py
[2026-04-09T04:28:02.051+0000] {logging_mixin.py:190} INFO - [2026-04-09T04:28:02.051+0000] {dag.py:3239} INFO - Sync 1 DAGs
[2026-04-09T04:28:02.057+0000] {logging_mixin.py:190} INFO - [2026-04-09T04:28:02.057+0000] {dag.py:4180} INFO - Setting next_dagrun for example_python_operator to None, run_after=None
[2026-04-09T04:28:02.068+0000] {processor.py:208} INFO - Processing /home/airflow/.local/lib/python3.12/site-packages/airflow/example_dags/example_python_operator.py took 0.035 seconds
