[2026-04-09T00:10:46.280+0000] {processor.py:186} INFO - Started process (PID=38013) to work on /home/airflow/.local/lib/python3.12/site-packages/airflow/example_dags/example_xcomargs.py
[2026-04-09T00:10:46.280+0000] {processor.py:914} INFO - Processing file /home/airflow/.local/lib/python3.12/site-packages/airflow/example_dags/example_xcomargs.py for tasks to queue
[2026-04-09T00:10:46.281+0000] {logging_mixin.py:190} INFO - [2026-04-09T00:10:46.281+0000] {dagbag.py:588} INFO - Filling up the DagBag from /home/airflow/.local/lib/python3.12/site-packages/airflow/example_dags/example_xcomargs.py
[2026-04-09T00:10:46.286+0000] {processor.py:925} INFO - DAG(s) 'example_xcom_args_with_operators', 'example_xcom_args' retrieved from /home/airflow/.local/lib/python3.12/site-packages/airflow/example_dags/example_xcomargs.py
[2026-04-09T00:10:46.299+0000] {logging_mixin.py:190} INFO - [2026-04-09T00:10:46.299+0000] {dag.py:3239} INFO - Sync 2 DAGs
[2026-04-09T00:10:46.304+0000] {logging_mixin.py:190} INFO - [2026-04-09T00:10:46.304+0000] {dag.py:4180} INFO - Setting next_dagrun for example_xcom_args to None, run_after=None
[2026-04-09T00:10:46.305+0000] {logging_mixin.py:190} INFO - [2026-04-09T00:10:46.305+0000] {dag.py:4180} INFO - Setting next_dagrun for example_xcom_args_with_operators to None, run_after=None
[2026-04-09T00:10:46.312+0000] {processor.py:208} INFO - Processing /home/airflow/.local/lib/python3.12/site-packages/airflow/example_dags/example_xcomargs.py took 0.035 seconds
[2026-04-09T00:11:16.602+0000] {processor.py:186} INFO - Started process (PID=38077) to work on /home/airflow/.local/lib/python3.12/site-packages/airflow/example_dags/example_xcomargs.py
[2026-04-09T00:11:16.602+0000] {processor.py:914} INFO - Processing file /home/airflow/.local/lib/python3.12/site-packages/airflow/example_dags/example_xcomargs.py for tasks to queue
[2026-04-09T00:11:16.603+0000] {logging_mixin.py:190} INFO - [2026-04-09T00:11:16.603+0000] {dagbag.py:588} INFO - Filling up the DagBag from /home/airflow/.local/lib/python3.12/site-packages/airflow/example_dags/example_xcomargs.py
[2026-04-09T00:11:16.610+0000] {processor.py:925} INFO - DAG(s) 'example_xcom_args', 'example_xcom_args_with_operators' retrieved from /home/airflow/.local/lib/python3.12/site-packages/airflow/example_dags/example_xcomargs.py
[2026-04-09T00:11:16.624+0000] {logging_mixin.py:190} INFO - [2026-04-09T00:11:16.623+0000] {dag.py:3239} INFO - Sync 2 DAGs
[2026-04-09T00:11:16.629+0000] {logging_mixin.py:190} INFO - [2026-04-09T00:11:16.629+0000] {dag.py:4180} INFO - Setting next_dagrun for example_xcom_args to None, run_after=None
[2026-04-09T00:11:16.631+0000] {logging_mixin.py:190} INFO - [2026-04-09T00:11:16.631+0000] {dag.py:4180} INFO - Setting next_dagrun for example_xcom_args_with_operators to None, run_after=None
[2026-04-09T00:11:16.637+0000] {processor.py:208} INFO - Processing /home/airflow/.local/lib/python3.12/site-packages/airflow/example_dags/example_xcomargs.py took 0.038 seconds
[2026-04-09T00:26:46.307+0000] {processor.py:186} INFO - Started process (PID=38141) to work on /home/airflow/.local/lib/python3.12/site-packages/airflow/example_dags/example_xcomargs.py
[2026-04-09T00:26:46.308+0000] {processor.py:914} INFO - Processing file /home/airflow/.local/lib/python3.12/site-packages/airflow/example_dags/example_xcomargs.py for tasks to queue
[2026-04-09T00:26:46.308+0000] {logging_mixin.py:190} INFO - [2026-04-09T00:26:46.308+0000] {dagbag.py:588} INFO - Filling up the DagBag from /home/airflow/.local/lib/python3.12/site-packages/airflow/example_dags/example_xcomargs.py
[2026-04-09T00:26:46.312+0000] {processor.py:925} INFO - DAG(s) 'example_xcom_args_with_operators', 'example_xcom_args' retrieved from /home/airflow/.local/lib/python3.12/site-packages/airflow/example_dags/example_xcomargs.py
[2026-04-09T00:26:46.320+0000] {logging_mixin.py:190} INFO - [2026-04-09T00:26:46.320+0000] {dag.py:3239} INFO - Sync 2 DAGs
[2026-04-09T00:26:46.324+0000] {logging_mixin.py:190} INFO - [2026-04-09T00:26:46.324+0000] {dag.py:4180} INFO - Setting next_dagrun for example_xcom_args to None, run_after=None
[2026-04-09T00:26:46.326+0000] {logging_mixin.py:190} INFO - [2026-04-09T00:26:46.325+0000] {dag.py:4180} INFO - Setting next_dagrun for example_xcom_args_with_operators to None, run_after=None
[2026-04-09T00:26:46.330+0000] {processor.py:208} INFO - Processing /home/airflow/.local/lib/python3.12/site-packages/airflow/example_dags/example_xcomargs.py took 0.024 seconds
[2026-04-09T00:42:16.550+0000] {processor.py:186} INFO - Started process (PID=38205) to work on /home/airflow/.local/lib/python3.12/site-packages/airflow/example_dags/example_xcomargs.py
[2026-04-09T00:42:16.550+0000] {processor.py:914} INFO - Processing file /home/airflow/.local/lib/python3.12/site-packages/airflow/example_dags/example_xcomargs.py for tasks to queue
[2026-04-09T00:42:16.551+0000] {logging_mixin.py:190} INFO - [2026-04-09T00:42:16.551+0000] {dagbag.py:588} INFO - Filling up the DagBag from /home/airflow/.local/lib/python3.12/site-packages/airflow/example_dags/example_xcomargs.py
[2026-04-09T00:42:16.555+0000] {processor.py:925} INFO - DAG(s) 'example_xcom_args_with_operators', 'example_xcom_args' retrieved from /home/airflow/.local/lib/python3.12/site-packages/airflow/example_dags/example_xcomargs.py
[2026-04-09T00:42:16.566+0000] {logging_mixin.py:190} INFO - [2026-04-09T00:42:16.566+0000] {dag.py:3239} INFO - Sync 2 DAGs
[2026-04-09T00:42:16.572+0000] {logging_mixin.py:190} INFO - [2026-04-09T00:42:16.571+0000] {dag.py:4180} INFO - Setting next_dagrun for example_xcom_args to None, run_after=None
[2026-04-09T00:42:16.575+0000] {logging_mixin.py:190} INFO - [2026-04-09T00:42:16.574+0000] {dag.py:4180} INFO - Setting next_dagrun for example_xcom_args_with_operators to None, run_after=None
[2026-04-09T00:42:16.583+0000] {processor.py:208} INFO - Processing /home/airflow/.local/lib/python3.12/site-packages/airflow/example_dags/example_xcomargs.py took 0.035 seconds
[2026-04-09T00:59:13.807+0000] {processor.py:186} INFO - Started process (PID=38269) to work on /home/airflow/.local/lib/python3.12/site-packages/airflow/example_dags/example_xcomargs.py
[2026-04-09T00:59:13.809+0000] {processor.py:914} INFO - Processing file /home/airflow/.local/lib/python3.12/site-packages/airflow/example_dags/example_xcomargs.py for tasks to queue
[2026-04-09T00:59:13.809+0000] {logging_mixin.py:190} INFO - [2026-04-09T00:59:13.809+0000] {dagbag.py:588} INFO - Filling up the DagBag from /home/airflow/.local/lib/python3.12/site-packages/airflow/example_dags/example_xcomargs.py
[2026-04-09T00:59:13.815+0000] {processor.py:925} INFO - DAG(s) 'example_xcom_args_with_operators', 'example_xcom_args' retrieved from /home/airflow/.local/lib/python3.12/site-packages/airflow/example_dags/example_xcomargs.py
[2026-04-09T00:59:13.828+0000] {logging_mixin.py:190} INFO - [2026-04-09T00:59:13.828+0000] {dag.py:3239} INFO - Sync 2 DAGs
[2026-04-09T00:59:13.833+0000] {logging_mixin.py:190} INFO - [2026-04-09T00:59:13.833+0000] {dag.py:4180} INFO - Setting next_dagrun for example_xcom_args to None, run_after=None
[2026-04-09T00:59:13.835+0000] {logging_mixin.py:190} INFO - [2026-04-09T00:59:13.835+0000] {dag.py:4180} INFO - Setting next_dagrun for example_xcom_args_with_operators to None, run_after=None
[2026-04-09T00:59:13.847+0000] {processor.py:208} INFO - Processing /home/airflow/.local/lib/python3.12/site-packages/airflow/example_dags/example_xcomargs.py took 0.042 seconds
[2026-04-09T01:14:44.011+0000] {processor.py:186} INFO - Started process (PID=38333) to work on /home/airflow/.local/lib/python3.12/site-packages/airflow/example_dags/example_xcomargs.py
[2026-04-09T01:14:44.011+0000] {processor.py:914} INFO - Processing file /home/airflow/.local/lib/python3.12/site-packages/airflow/example_dags/example_xcomargs.py for tasks to queue
[2026-04-09T01:14:44.012+0000] {logging_mixin.py:190} INFO - [2026-04-09T01:14:44.012+0000] {dagbag.py:588} INFO - Filling up the DagBag from /home/airflow/.local/lib/python3.12/site-packages/airflow/example_dags/example_xcomargs.py
[2026-04-09T01:14:44.017+0000] {processor.py:925} INFO - DAG(s) 'example_xcom_args', 'example_xcom_args_with_operators' retrieved from /home/airflow/.local/lib/python3.12/site-packages/airflow/example_dags/example_xcomargs.py
[2026-04-09T01:14:44.031+0000] {logging_mixin.py:190} INFO - [2026-04-09T01:14:44.031+0000] {dag.py:3239} INFO - Sync 2 DAGs
[2026-04-09T01:14:44.040+0000] {logging_mixin.py:190} INFO - [2026-04-09T01:14:44.040+0000] {dag.py:4180} INFO - Setting next_dagrun for example_xcom_args to None, run_after=None
[2026-04-09T01:14:44.046+0000] {logging_mixin.py:190} INFO - [2026-04-09T01:14:44.046+0000] {dag.py:4180} INFO - Setting next_dagrun for example_xcom_args_with_operators to None, run_after=None
[2026-04-09T01:14:44.057+0000] {processor.py:208} INFO - Processing /home/airflow/.local/lib/python3.12/site-packages/airflow/example_dags/example_xcomargs.py took 0.050 seconds
[2026-04-09T01:15:14.481+0000] {processor.py:186} INFO - Started process (PID=38397) to work on /home/airflow/.local/lib/python3.12/site-packages/airflow/example_dags/example_xcomargs.py
[2026-04-09T01:15:14.481+0000] {processor.py:914} INFO - Processing file /home/airflow/.local/lib/python3.12/site-packages/airflow/example_dags/example_xcomargs.py for tasks to queue
[2026-04-09T01:15:14.482+0000] {logging_mixin.py:190} INFO - [2026-04-09T01:15:14.482+0000] {dagbag.py:588} INFO - Filling up the DagBag from /home/airflow/.local/lib/python3.12/site-packages/airflow/example_dags/example_xcomargs.py
[2026-04-09T01:15:14.488+0000] {processor.py:925} INFO - DAG(s) 'example_xcom_args', 'example_xcom_args_with_operators' retrieved from /home/airflow/.local/lib/python3.12/site-packages/airflow/example_dags/example_xcomargs.py
[2026-04-09T01:15:14.499+0000] {logging_mixin.py:190} INFO - [2026-04-09T01:15:14.499+0000] {dag.py:3239} INFO - Sync 2 DAGs
[2026-04-09T01:15:14.507+0000] {logging_mixin.py:190} INFO - [2026-04-09T01:15:14.507+0000] {dag.py:4180} INFO - Setting next_dagrun for example_xcom_args to None, run_after=None
[2026-04-09T01:15:14.509+0000] {logging_mixin.py:190} INFO - [2026-04-09T01:15:14.509+0000] {dag.py:4180} INFO - Setting next_dagrun for example_xcom_args_with_operators to None, run_after=None
[2026-04-09T01:15:14.516+0000] {processor.py:208} INFO - Processing /home/airflow/.local/lib/python3.12/site-packages/airflow/example_dags/example_xcomargs.py took 0.038 seconds
[2026-04-09T01:30:51.455+0000] {processor.py:186} INFO - Started process (PID=38461) to work on /home/airflow/.local/lib/python3.12/site-packages/airflow/example_dags/example_xcomargs.py
[2026-04-09T01:30:51.456+0000] {processor.py:914} INFO - Processing file /home/airflow/.local/lib/python3.12/site-packages/airflow/example_dags/example_xcomargs.py for tasks to queue
[2026-04-09T01:30:51.457+0000] {logging_mixin.py:190} INFO - [2026-04-09T01:30:51.457+0000] {dagbag.py:588} INFO - Filling up the DagBag from /home/airflow/.local/lib/python3.12/site-packages/airflow/example_dags/example_xcomargs.py
[2026-04-09T01:30:51.461+0000] {processor.py:925} INFO - DAG(s) 'example_xcom_args', 'example_xcom_args_with_operators' retrieved from /home/airflow/.local/lib/python3.12/site-packages/airflow/example_dags/example_xcomargs.py
[2026-04-09T01:30:51.469+0000] {logging_mixin.py:190} INFO - [2026-04-09T01:30:51.469+0000] {dag.py:3239} INFO - Sync 2 DAGs
[2026-04-09T01:30:51.474+0000] {logging_mixin.py:190} INFO - [2026-04-09T01:30:51.474+0000] {dag.py:4180} INFO - Setting next_dagrun for example_xcom_args to None, run_after=None
[2026-04-09T01:30:51.475+0000] {logging_mixin.py:190} INFO - [2026-04-09T01:30:51.475+0000] {dag.py:4180} INFO - Setting next_dagrun for example_xcom_args_with_operators to None, run_after=None
[2026-04-09T01:30:51.483+0000] {processor.py:208} INFO - Processing /home/airflow/.local/lib/python3.12/site-packages/airflow/example_dags/example_xcomargs.py took 0.030 seconds
[2026-04-09T01:46:22.935+0000] {processor.py:186} INFO - Started process (PID=38525) to work on /home/airflow/.local/lib/python3.12/site-packages/airflow/example_dags/example_xcomargs.py
[2026-04-09T01:46:22.936+0000] {processor.py:914} INFO - Processing file /home/airflow/.local/lib/python3.12/site-packages/airflow/example_dags/example_xcomargs.py for tasks to queue
[2026-04-09T01:46:22.937+0000] {logging_mixin.py:190} INFO - [2026-04-09T01:46:22.937+0000] {dagbag.py:588} INFO - Filling up the DagBag from /home/airflow/.local/lib/python3.12/site-packages/airflow/example_dags/example_xcomargs.py
[2026-04-09T01:46:22.942+0000] {processor.py:925} INFO - DAG(s) 'example_xcom_args_with_operators', 'example_xcom_args' retrieved from /home/airflow/.local/lib/python3.12/site-packages/airflow/example_dags/example_xcomargs.py
[2026-04-09T01:46:22.953+0000] {logging_mixin.py:190} INFO - [2026-04-09T01:46:22.953+0000] {dag.py:3239} INFO - Sync 2 DAGs
[2026-04-09T01:46:22.958+0000] {logging_mixin.py:190} INFO - [2026-04-09T01:46:22.958+0000] {dag.py:4180} INFO - Setting next_dagrun for example_xcom_args to None, run_after=None
[2026-04-09T01:46:22.961+0000] {logging_mixin.py:190} INFO - [2026-04-09T01:46:22.961+0000] {dag.py:4180} INFO - Setting next_dagrun for example_xcom_args_with_operators to None, run_after=None
[2026-04-09T01:46:22.972+0000] {processor.py:208} INFO - Processing /home/airflow/.local/lib/python3.12/site-packages/airflow/example_dags/example_xcomargs.py took 0.039 seconds
[2026-04-09T01:46:54.221+0000] {processor.py:186} INFO - Started process (PID=38589) to work on /home/airflow/.local/lib/python3.12/site-packages/airflow/example_dags/example_xcomargs.py
[2026-04-09T01:46:54.222+0000] {processor.py:914} INFO - Processing file /home/airflow/.local/lib/python3.12/site-packages/airflow/example_dags/example_xcomargs.py for tasks to queue
[2026-04-09T01:46:54.223+0000] {logging_mixin.py:190} INFO - [2026-04-09T01:46:54.223+0000] {dagbag.py:588} INFO - Filling up the DagBag from /home/airflow/.local/lib/python3.12/site-packages/airflow/example_dags/example_xcomargs.py
[2026-04-09T01:46:54.227+0000] {processor.py:925} INFO - DAG(s) 'example_xcom_args_with_operators', 'example_xcom_args' retrieved from /home/airflow/.local/lib/python3.12/site-packages/airflow/example_dags/example_xcomargs.py
[2026-04-09T01:46:54.238+0000] {logging_mixin.py:190} INFO - [2026-04-09T01:46:54.237+0000] {dag.py:3239} INFO - Sync 2 DAGs
[2026-04-09T01:46:54.244+0000] {logging_mixin.py:190} INFO - [2026-04-09T01:46:54.244+0000] {dag.py:4180} INFO - Setting next_dagrun for example_xcom_args to None, run_after=None
[2026-04-09T01:46:54.246+0000] {logging_mixin.py:190} INFO - [2026-04-09T01:46:54.246+0000] {dag.py:4180} INFO - Setting next_dagrun for example_xcom_args_with_operators to None, run_after=None
[2026-04-09T01:46:54.253+0000] {processor.py:208} INFO - Processing /home/airflow/.local/lib/python3.12/site-packages/airflow/example_dags/example_xcomargs.py took 0.034 seconds
[2026-04-09T02:02:23.475+0000] {processor.py:186} INFO - Started process (PID=38653) to work on /home/airflow/.local/lib/python3.12/site-packages/airflow/example_dags/example_xcomargs.py
[2026-04-09T02:02:23.476+0000] {processor.py:914} INFO - Processing file /home/airflow/.local/lib/python3.12/site-packages/airflow/example_dags/example_xcomargs.py for tasks to queue
[2026-04-09T02:02:23.476+0000] {logging_mixin.py:190} INFO - [2026-04-09T02:02:23.476+0000] {dagbag.py:588} INFO - Filling up the DagBag from /home/airflow/.local/lib/python3.12/site-packages/airflow/example_dags/example_xcomargs.py
[2026-04-09T02:02:23.483+0000] {processor.py:925} INFO - DAG(s) 'example_xcom_args', 'example_xcom_args_with_operators' retrieved from /home/airflow/.local/lib/python3.12/site-packages/airflow/example_dags/example_xcomargs.py
[2026-04-09T02:02:23.495+0000] {logging_mixin.py:190} INFO - [2026-04-09T02:02:23.495+0000] {dag.py:3239} INFO - Sync 2 DAGs
[2026-04-09T02:02:23.499+0000] {logging_mixin.py:190} INFO - [2026-04-09T02:02:23.499+0000] {dag.py:4180} INFO - Setting next_dagrun for example_xcom_args to None, run_after=None
[2026-04-09T02:02:23.502+0000] {logging_mixin.py:190} INFO - [2026-04-09T02:02:23.502+0000] {dag.py:4180} INFO - Setting next_dagrun for example_xcom_args_with_operators to None, run_after=None
[2026-04-09T02:02:23.509+0000] {processor.py:208} INFO - Processing /home/airflow/.local/lib/python3.12/site-packages/airflow/example_dags/example_xcomargs.py took 0.036 seconds
[2026-04-09T02:17:55.298+0000] {processor.py:186} INFO - Started process (PID=38717) to work on /home/airflow/.local/lib/python3.12/site-packages/airflow/example_dags/example_xcomargs.py
[2026-04-09T02:17:55.298+0000] {processor.py:914} INFO - Processing file /home/airflow/.local/lib/python3.12/site-packages/airflow/example_dags/example_xcomargs.py for tasks to queue
[2026-04-09T02:17:55.299+0000] {logging_mixin.py:190} INFO - [2026-04-09T02:17:55.299+0000] {dagbag.py:588} INFO - Filling up the DagBag from /home/airflow/.local/lib/python3.12/site-packages/airflow/example_dags/example_xcomargs.py
[2026-04-09T02:17:55.303+0000] {processor.py:925} INFO - DAG(s) 'example_xcom_args', 'example_xcom_args_with_operators' retrieved from /home/airflow/.local/lib/python3.12/site-packages/airflow/example_dags/example_xcomargs.py
[2026-04-09T02:17:55.315+0000] {logging_mixin.py:190} INFO - [2026-04-09T02:17:55.315+0000] {dag.py:3239} INFO - Sync 2 DAGs
[2026-04-09T02:17:55.322+0000] {logging_mixin.py:190} INFO - [2026-04-09T02:17:55.322+0000] {dag.py:4180} INFO - Setting next_dagrun for example_xcom_args to None, run_after=None
[2026-04-09T02:17:55.326+0000] {logging_mixin.py:190} INFO - [2026-04-09T02:17:55.325+0000] {dag.py:4180} INFO - Setting next_dagrun for example_xcom_args_with_operators to None, run_after=None
[2026-04-09T02:17:55.333+0000] {processor.py:208} INFO - Processing /home/airflow/.local/lib/python3.12/site-packages/airflow/example_dags/example_xcomargs.py took 0.038 seconds
[2026-04-09T02:18:26.018+0000] {processor.py:186} INFO - Started process (PID=38781) to work on /home/airflow/.local/lib/python3.12/site-packages/airflow/example_dags/example_xcomargs.py
[2026-04-09T02:18:26.018+0000] {processor.py:914} INFO - Processing file /home/airflow/.local/lib/python3.12/site-packages/airflow/example_dags/example_xcomargs.py for tasks to queue
[2026-04-09T02:18:26.019+0000] {logging_mixin.py:190} INFO - [2026-04-09T02:18:26.018+0000] {dagbag.py:588} INFO - Filling up the DagBag from /home/airflow/.local/lib/python3.12/site-packages/airflow/example_dags/example_xcomargs.py
[2026-04-09T02:18:26.023+0000] {processor.py:925} INFO - DAG(s) 'example_xcom_args', 'example_xcom_args_with_operators' retrieved from /home/airflow/.local/lib/python3.12/site-packages/airflow/example_dags/example_xcomargs.py
[2026-04-09T02:18:26.032+0000] {logging_mixin.py:190} INFO - [2026-04-09T02:18:26.032+0000] {dag.py:3239} INFO - Sync 2 DAGs
[2026-04-09T02:18:26.038+0000] {logging_mixin.py:190} INFO - [2026-04-09T02:18:26.038+0000] {dag.py:4180} INFO - Setting next_dagrun for example_xcom_args to None, run_after=None
[2026-04-09T02:18:26.040+0000] {logging_mixin.py:190} INFO - [2026-04-09T02:18:26.040+0000] {dag.py:4180} INFO - Setting next_dagrun for example_xcom_args_with_operators to None, run_after=None
[2026-04-09T02:18:26.048+0000] {processor.py:208} INFO - Processing /home/airflow/.local/lib/python3.12/site-packages/airflow/example_dags/example_xcomargs.py took 0.032 seconds
[2026-04-09T02:27:45.755+0000] {processor.py:186} INFO - Started process (PID=38845) to work on /home/airflow/.local/lib/python3.12/site-packages/airflow/example_dags/example_xcomargs.py
[2026-04-09T02:27:45.755+0000] {processor.py:914} INFO - Processing file /home/airflow/.local/lib/python3.12/site-packages/airflow/example_dags/example_xcomargs.py for tasks to queue
[2026-04-09T02:27:45.755+0000] {logging_mixin.py:190} INFO - [2026-04-09T02:27:45.755+0000] {dagbag.py:588} INFO - Filling up the DagBag from /home/airflow/.local/lib/python3.12/site-packages/airflow/example_dags/example_xcomargs.py
[2026-04-09T02:27:45.761+0000] {processor.py:925} INFO - DAG(s) 'example_xcom_args_with_operators', 'example_xcom_args' retrieved from /home/airflow/.local/lib/python3.12/site-packages/airflow/example_dags/example_xcomargs.py
[2026-04-09T02:27:45.772+0000] {logging_mixin.py:190} INFO - [2026-04-09T02:27:45.772+0000] {dag.py:3239} INFO - Sync 2 DAGs
[2026-04-09T02:27:45.779+0000] {logging_mixin.py:190} INFO - [2026-04-09T02:27:45.779+0000] {dag.py:4180} INFO - Setting next_dagrun for example_xcom_args to None, run_after=None
[2026-04-09T02:27:45.782+0000] {logging_mixin.py:190} INFO - [2026-04-09T02:27:45.782+0000] {dag.py:4180} INFO - Setting next_dagrun for example_xcom_args_with_operators to None, run_after=None
[2026-04-09T02:27:45.788+0000] {processor.py:208} INFO - Processing /home/airflow/.local/lib/python3.12/site-packages/airflow/example_dags/example_xcomargs.py took 0.036 seconds
[2026-04-09T02:43:16.193+0000] {processor.py:186} INFO - Started process (PID=38909) to work on /home/airflow/.local/lib/python3.12/site-packages/airflow/example_dags/example_xcomargs.py
[2026-04-09T02:43:16.194+0000] {processor.py:914} INFO - Processing file /home/airflow/.local/lib/python3.12/site-packages/airflow/example_dags/example_xcomargs.py for tasks to queue
[2026-04-09T02:43:16.195+0000] {logging_mixin.py:190} INFO - [2026-04-09T02:43:16.195+0000] {dagbag.py:588} INFO - Filling up the DagBag from /home/airflow/.local/lib/python3.12/site-packages/airflow/example_dags/example_xcomargs.py
[2026-04-09T02:43:16.204+0000] {processor.py:925} INFO - DAG(s) 'example_xcom_args_with_operators', 'example_xcom_args' retrieved from /home/airflow/.local/lib/python3.12/site-packages/airflow/example_dags/example_xcomargs.py
[2026-04-09T02:43:16.220+0000] {logging_mixin.py:190} INFO - [2026-04-09T02:43:16.220+0000] {dag.py:3239} INFO - Sync 2 DAGs
[2026-04-09T02:43:16.232+0000] {logging_mixin.py:190} INFO - [2026-04-09T02:43:16.232+0000] {dag.py:4180} INFO - Setting next_dagrun for example_xcom_args to None, run_after=None
[2026-04-09T02:43:16.235+0000] {logging_mixin.py:190} INFO - [2026-04-09T02:43:16.235+0000] {dag.py:4180} INFO - Setting next_dagrun for example_xcom_args_with_operators to None, run_after=None
[2026-04-09T02:43:16.249+0000] {processor.py:208} INFO - Processing /home/airflow/.local/lib/python3.12/site-packages/airflow/example_dags/example_xcomargs.py took 0.060 seconds
[2026-04-09T02:43:46.545+0000] {processor.py:186} INFO - Started process (PID=38973) to work on /home/airflow/.local/lib/python3.12/site-packages/airflow/example_dags/example_xcomargs.py
[2026-04-09T02:43:46.546+0000] {processor.py:914} INFO - Processing file /home/airflow/.local/lib/python3.12/site-packages/airflow/example_dags/example_xcomargs.py for tasks to queue
[2026-04-09T02:43:46.546+0000] {logging_mixin.py:190} INFO - [2026-04-09T02:43:46.546+0000] {dagbag.py:588} INFO - Filling up the DagBag from /home/airflow/.local/lib/python3.12/site-packages/airflow/example_dags/example_xcomargs.py
[2026-04-09T02:43:46.550+0000] {processor.py:925} INFO - DAG(s) 'example_xcom_args_with_operators', 'example_xcom_args' retrieved from /home/airflow/.local/lib/python3.12/site-packages/airflow/example_dags/example_xcomargs.py
[2026-04-09T02:43:46.558+0000] {logging_mixin.py:190} INFO - [2026-04-09T02:43:46.558+0000] {dag.py:3239} INFO - Sync 2 DAGs
[2026-04-09T02:43:46.563+0000] {logging_mixin.py:190} INFO - [2026-04-09T02:43:46.563+0000] {dag.py:4180} INFO - Setting next_dagrun for example_xcom_args to None, run_after=None
[2026-04-09T02:43:46.567+0000] {logging_mixin.py:190} INFO - [2026-04-09T02:43:46.567+0000] {dag.py:4180} INFO - Setting next_dagrun for example_xcom_args_with_operators to None, run_after=None
[2026-04-09T02:43:46.576+0000] {processor.py:208} INFO - Processing /home/airflow/.local/lib/python3.12/site-packages/airflow/example_dags/example_xcomargs.py took 0.033 seconds
[2026-04-09T02:59:16.948+0000] {processor.py:186} INFO - Started process (PID=39037) to work on /home/airflow/.local/lib/python3.12/site-packages/airflow/example_dags/example_xcomargs.py
[2026-04-09T02:59:16.949+0000] {processor.py:914} INFO - Processing file /home/airflow/.local/lib/python3.12/site-packages/airflow/example_dags/example_xcomargs.py for tasks to queue
[2026-04-09T02:59:16.950+0000] {logging_mixin.py:190} INFO - [2026-04-09T02:59:16.950+0000] {dagbag.py:588} INFO - Filling up the DagBag from /home/airflow/.local/lib/python3.12/site-packages/airflow/example_dags/example_xcomargs.py
[2026-04-09T02:59:16.954+0000] {processor.py:925} INFO - DAG(s) 'example_xcom_args', 'example_xcom_args_with_operators' retrieved from /home/airflow/.local/lib/python3.12/site-packages/airflow/example_dags/example_xcomargs.py
[2026-04-09T02:59:16.964+0000] {logging_mixin.py:190} INFO - [2026-04-09T02:59:16.964+0000] {dag.py:3239} INFO - Sync 2 DAGs
[2026-04-09T02:59:16.969+0000] {logging_mixin.py:190} INFO - [2026-04-09T02:59:16.969+0000] {dag.py:4180} INFO - Setting next_dagrun for example_xcom_args to None, run_after=None
[2026-04-09T02:59:16.970+0000] {logging_mixin.py:190} INFO - [2026-04-09T02:59:16.970+0000] {dag.py:4180} INFO - Setting next_dagrun for example_xcom_args_with_operators to None, run_after=None
[2026-04-09T02:59:16.975+0000] {processor.py:208} INFO - Processing /home/airflow/.local/lib/python3.12/site-packages/airflow/example_dags/example_xcomargs.py took 0.030 seconds
[2026-04-09T02:59:48.284+0000] {processor.py:186} INFO - Started process (PID=39101) to work on /home/airflow/.local/lib/python3.12/site-packages/airflow/example_dags/example_xcomargs.py
[2026-04-09T02:59:48.285+0000] {processor.py:914} INFO - Processing file /home/airflow/.local/lib/python3.12/site-packages/airflow/example_dags/example_xcomargs.py for tasks to queue
[2026-04-09T02:59:48.286+0000] {logging_mixin.py:190} INFO - [2026-04-09T02:59:48.286+0000] {dagbag.py:588} INFO - Filling up the DagBag from /home/airflow/.local/lib/python3.12/site-packages/airflow/example_dags/example_xcomargs.py
[2026-04-09T02:59:48.291+0000] {processor.py:925} INFO - DAG(s) 'example_xcom_args_with_operators', 'example_xcom_args' retrieved from /home/airflow/.local/lib/python3.12/site-packages/airflow/example_dags/example_xcomargs.py
[2026-04-09T02:59:48.301+0000] {logging_mixin.py:190} INFO - [2026-04-09T02:59:48.301+0000] {dag.py:3239} INFO - Sync 2 DAGs
[2026-04-09T02:59:48.307+0000] {logging_mixin.py:190} INFO - [2026-04-09T02:59:48.307+0000] {dag.py:4180} INFO - Setting next_dagrun for example_xcom_args to None, run_after=None
[2026-04-09T02:59:48.310+0000] {logging_mixin.py:190} INFO - [2026-04-09T02:59:48.309+0000] {dag.py:4180} INFO - Setting next_dagrun for example_xcom_args_with_operators to None, run_after=None
[2026-04-09T02:59:48.316+0000] {processor.py:208} INFO - Processing /home/airflow/.local/lib/python3.12/site-packages/airflow/example_dags/example_xcomargs.py took 0.035 seconds
[2026-04-09T03:15:17.946+0000] {processor.py:186} INFO - Started process (PID=39165) to work on /home/airflow/.local/lib/python3.12/site-packages/airflow/example_dags/example_xcomargs.py
[2026-04-09T03:15:17.946+0000] {processor.py:914} INFO - Processing file /home/airflow/.local/lib/python3.12/site-packages/airflow/example_dags/example_xcomargs.py for tasks to queue
[2026-04-09T03:15:17.947+0000] {logging_mixin.py:190} INFO - [2026-04-09T03:15:17.947+0000] {dagbag.py:588} INFO - Filling up the DagBag from /home/airflow/.local/lib/python3.12/site-packages/airflow/example_dags/example_xcomargs.py
[2026-04-09T03:15:17.953+0000] {processor.py:925} INFO - DAG(s) 'example_xcom_args', 'example_xcom_args_with_operators' retrieved from /home/airflow/.local/lib/python3.12/site-packages/airflow/example_dags/example_xcomargs.py
[2026-04-09T03:15:17.964+0000] {logging_mixin.py:190} INFO - [2026-04-09T03:15:17.964+0000] {dag.py:3239} INFO - Sync 2 DAGs
[2026-04-09T03:15:17.969+0000] {logging_mixin.py:190} INFO - [2026-04-09T03:15:17.969+0000] {dag.py:4180} INFO - Setting next_dagrun for example_xcom_args to None, run_after=None
[2026-04-09T03:15:17.971+0000] {logging_mixin.py:190} INFO - [2026-04-09T03:15:17.971+0000] {dag.py:4180} INFO - Setting next_dagrun for example_xcom_args_with_operators to None, run_after=None
[2026-04-09T03:15:17.978+0000] {processor.py:208} INFO - Processing /home/airflow/.local/lib/python3.12/site-packages/airflow/example_dags/example_xcomargs.py took 0.034 seconds
[2026-04-09T03:28:37.965+0000] {processor.py:186} INFO - Started process (PID=39229) to work on /home/airflow/.local/lib/python3.12/site-packages/airflow/example_dags/example_xcomargs.py
[2026-04-09T03:28:37.966+0000] {processor.py:914} INFO - Processing file /home/airflow/.local/lib/python3.12/site-packages/airflow/example_dags/example_xcomargs.py for tasks to queue
[2026-04-09T03:28:37.967+0000] {logging_mixin.py:190} INFO - [2026-04-09T03:28:37.966+0000] {dagbag.py:588} INFO - Filling up the DagBag from /home/airflow/.local/lib/python3.12/site-packages/airflow/example_dags/example_xcomargs.py
[2026-04-09T03:28:37.973+0000] {processor.py:925} INFO - DAG(s) 'example_xcom_args_with_operators', 'example_xcom_args' retrieved from /home/airflow/.local/lib/python3.12/site-packages/airflow/example_dags/example_xcomargs.py
[2026-04-09T03:28:37.984+0000] {logging_mixin.py:190} INFO - [2026-04-09T03:28:37.984+0000] {dag.py:3239} INFO - Sync 2 DAGs
[2026-04-09T03:28:37.989+0000] {logging_mixin.py:190} INFO - [2026-04-09T03:28:37.989+0000] {dag.py:4180} INFO - Setting next_dagrun for example_xcom_args to None, run_after=None
[2026-04-09T03:28:37.993+0000] {logging_mixin.py:190} INFO - [2026-04-09T03:28:37.993+0000] {dag.py:4180} INFO - Setting next_dagrun for example_xcom_args_with_operators to None, run_after=None
[2026-04-09T03:28:38.002+0000] {processor.py:208} INFO - Processing /home/airflow/.local/lib/python3.12/site-packages/airflow/example_dags/example_xcomargs.py took 0.039 seconds
[2026-04-09T03:29:08.279+0000] {processor.py:186} INFO - Started process (PID=39293) to work on /home/airflow/.local/lib/python3.12/site-packages/airflow/example_dags/example_xcomargs.py
[2026-04-09T03:29:08.279+0000] {processor.py:914} INFO - Processing file /home/airflow/.local/lib/python3.12/site-packages/airflow/example_dags/example_xcomargs.py for tasks to queue
[2026-04-09T03:29:08.280+0000] {logging_mixin.py:190} INFO - [2026-04-09T03:29:08.279+0000] {dagbag.py:588} INFO - Filling up the DagBag from /home/airflow/.local/lib/python3.12/site-packages/airflow/example_dags/example_xcomargs.py
[2026-04-09T03:29:08.283+0000] {processor.py:925} INFO - DAG(s) 'example_xcom_args_with_operators', 'example_xcom_args' retrieved from /home/airflow/.local/lib/python3.12/site-packages/airflow/example_dags/example_xcomargs.py
[2026-04-09T03:29:08.294+0000] {logging_mixin.py:190} INFO - [2026-04-09T03:29:08.294+0000] {dag.py:3239} INFO - Sync 2 DAGs
[2026-04-09T03:29:08.302+0000] {logging_mixin.py:190} INFO - [2026-04-09T03:29:08.302+0000] {dag.py:4180} INFO - Setting next_dagrun for example_xcom_args to None, run_after=None
[2026-04-09T03:29:08.305+0000] {logging_mixin.py:190} INFO - [2026-04-09T03:29:08.305+0000] {dag.py:4180} INFO - Setting next_dagrun for example_xcom_args_with_operators to None, run_after=None
[2026-04-09T03:29:08.312+0000] {processor.py:208} INFO - Processing /home/airflow/.local/lib/python3.12/site-packages/airflow/example_dags/example_xcomargs.py took 0.035 seconds
[2026-04-09T03:44:39.018+0000] {processor.py:186} INFO - Started process (PID=39357) to work on /home/airflow/.local/lib/python3.12/site-packages/airflow/example_dags/example_xcomargs.py
[2026-04-09T03:44:39.019+0000] {processor.py:914} INFO - Processing file /home/airflow/.local/lib/python3.12/site-packages/airflow/example_dags/example_xcomargs.py for tasks to queue
[2026-04-09T03:44:39.019+0000] {logging_mixin.py:190} INFO - [2026-04-09T03:44:39.019+0000] {dagbag.py:588} INFO - Filling up the DagBag from /home/airflow/.local/lib/python3.12/site-packages/airflow/example_dags/example_xcomargs.py
[2026-04-09T03:44:39.024+0000] {processor.py:925} INFO - DAG(s) 'example_xcom_args', 'example_xcom_args_with_operators' retrieved from /home/airflow/.local/lib/python3.12/site-packages/airflow/example_dags/example_xcomargs.py
[2026-04-09T03:44:39.038+0000] {logging_mixin.py:190} INFO - [2026-04-09T03:44:39.038+0000] {dag.py:3239} INFO - Sync 2 DAGs
[2026-04-09T03:44:39.042+0000] {logging_mixin.py:190} INFO - [2026-04-09T03:44:39.042+0000] {dag.py:4180} INFO - Setting next_dagrun for example_xcom_args to None, run_after=None
[2026-04-09T03:44:39.044+0000] {logging_mixin.py:190} INFO - [2026-04-09T03:44:39.044+0000] {dag.py:4180} INFO - Setting next_dagrun for example_xcom_args_with_operators to None, run_after=None
[2026-04-09T03:44:39.050+0000] {processor.py:208} INFO - Processing /home/airflow/.local/lib/python3.12/site-packages/airflow/example_dags/example_xcomargs.py took 0.034 seconds
[2026-04-09T04:00:09.703+0000] {processor.py:186} INFO - Started process (PID=39421) to work on /home/airflow/.local/lib/python3.12/site-packages/airflow/example_dags/example_xcomargs.py
[2026-04-09T04:00:09.704+0000] {processor.py:914} INFO - Processing file /home/airflow/.local/lib/python3.12/site-packages/airflow/example_dags/example_xcomargs.py for tasks to queue
[2026-04-09T04:00:09.705+0000] {logging_mixin.py:190} INFO - [2026-04-09T04:00:09.704+0000] {dagbag.py:588} INFO - Filling up the DagBag from /home/airflow/.local/lib/python3.12/site-packages/airflow/example_dags/example_xcomargs.py
[2026-04-09T04:00:09.710+0000] {processor.py:925} INFO - DAG(s) 'example_xcom_args_with_operators', 'example_xcom_args' retrieved from /home/airflow/.local/lib/python3.12/site-packages/airflow/example_dags/example_xcomargs.py
[2026-04-09T04:00:09.719+0000] {logging_mixin.py:190} INFO - [2026-04-09T04:00:09.719+0000] {dag.py:3239} INFO - Sync 2 DAGs
[2026-04-09T04:00:09.729+0000] {logging_mixin.py:190} INFO - [2026-04-09T04:00:09.728+0000] {dag.py:4180} INFO - Setting next_dagrun for example_xcom_args to None, run_after=None
[2026-04-09T04:00:09.730+0000] {logging_mixin.py:190} INFO - [2026-04-09T04:00:09.730+0000] {dag.py:4180} INFO - Setting next_dagrun for example_xcom_args_with_operators to None, run_after=None
[2026-04-09T04:00:09.739+0000] {processor.py:208} INFO - Processing /home/airflow/.local/lib/python3.12/site-packages/airflow/example_dags/example_xcomargs.py took 0.038 seconds
[2026-04-09T04:00:40.137+0000] {processor.py:186} INFO - Started process (PID=39485) to work on /home/airflow/.local/lib/python3.12/site-packages/airflow/example_dags/example_xcomargs.py
[2026-04-09T04:00:40.139+0000] {processor.py:914} INFO - Processing file /home/airflow/.local/lib/python3.12/site-packages/airflow/example_dags/example_xcomargs.py for tasks to queue
[2026-04-09T04:00:40.140+0000] {logging_mixin.py:190} INFO - [2026-04-09T04:00:40.140+0000] {dagbag.py:588} INFO - Filling up the DagBag from /home/airflow/.local/lib/python3.12/site-packages/airflow/example_dags/example_xcomargs.py
[2026-04-09T04:00:40.143+0000] {processor.py:925} INFO - DAG(s) 'example_xcom_args', 'example_xcom_args_with_operators' retrieved from /home/airflow/.local/lib/python3.12/site-packages/airflow/example_dags/example_xcomargs.py
[2026-04-09T04:00:40.152+0000] {logging_mixin.py:190} INFO - [2026-04-09T04:00:40.152+0000] {dag.py:3239} INFO - Sync 2 DAGs
[2026-04-09T04:00:40.156+0000] {logging_mixin.py:190} INFO - [2026-04-09T04:00:40.156+0000] {dag.py:4180} INFO - Setting next_dagrun for example_xcom_args to None, run_after=None
[2026-04-09T04:00:40.158+0000] {logging_mixin.py:190} INFO - [2026-04-09T04:00:40.158+0000] {dag.py:4180} INFO - Setting next_dagrun for example_xcom_args_with_operators to None, run_after=None
[2026-04-09T04:00:40.162+0000] {processor.py:208} INFO - Processing /home/airflow/.local/lib/python3.12/site-packages/airflow/example_dags/example_xcomargs.py took 0.028 seconds
[2026-04-09T04:16:10.677+0000] {processor.py:186} INFO - Started process (PID=39549) to work on /home/airflow/.local/lib/python3.12/site-packages/airflow/example_dags/example_xcomargs.py
[2026-04-09T04:16:10.679+0000] {processor.py:914} INFO - Processing file /home/airflow/.local/lib/python3.12/site-packages/airflow/example_dags/example_xcomargs.py for tasks to queue
[2026-04-09T04:16:10.680+0000] {logging_mixin.py:190} INFO - [2026-04-09T04:16:10.680+0000] {dagbag.py:588} INFO - Filling up the DagBag from /home/airflow/.local/lib/python3.12/site-packages/airflow/example_dags/example_xcomargs.py
[2026-04-09T04:16:10.687+0000] {processor.py:925} INFO - DAG(s) 'example_xcom_args', 'example_xcom_args_with_operators' retrieved from /home/airflow/.local/lib/python3.12/site-packages/airflow/example_dags/example_xcomargs.py
[2026-04-09T04:16:10.698+0000] {logging_mixin.py:190} INFO - [2026-04-09T04:16:10.697+0000] {dag.py:3239} INFO - Sync 2 DAGs
[2026-04-09T04:16:10.703+0000] {logging_mixin.py:190} INFO - [2026-04-09T04:16:10.703+0000] {dag.py:4180} INFO - Setting next_dagrun for example_xcom_args to None, run_after=None
[2026-04-09T04:16:10.704+0000] {logging_mixin.py:190} INFO - [2026-04-09T04:16:10.704+0000] {dag.py:4180} INFO - Setting next_dagrun for example_xcom_args_with_operators to None, run_after=None
[2026-04-09T04:16:10.713+0000] {processor.py:208} INFO - Processing /home/airflow/.local/lib/python3.12/site-packages/airflow/example_dags/example_xcomargs.py took 0.038 seconds
[2026-04-09T04:28:01.965+0000] {processor.py:186} INFO - Started process (PID=39613) to work on /home/airflow/.local/lib/python3.12/site-packages/airflow/example_dags/example_xcomargs.py
[2026-04-09T04:28:01.965+0000] {processor.py:914} INFO - Processing file /home/airflow/.local/lib/python3.12/site-packages/airflow/example_dags/example_xcomargs.py for tasks to queue
[2026-04-09T04:28:01.966+0000] {logging_mixin.py:190} INFO - [2026-04-09T04:28:01.966+0000] {dagbag.py:588} INFO - Filling up the DagBag from /home/airflow/.local/lib/python3.12/site-packages/airflow/example_dags/example_xcomargs.py
[2026-04-09T04:28:01.972+0000] {processor.py:925} INFO - DAG(s) 'example_xcom_args', 'example_xcom_args_with_operators' retrieved from /home/airflow/.local/lib/python3.12/site-packages/airflow/example_dags/example_xcomargs.py
[2026-04-09T04:28:01.984+0000] {logging_mixin.py:190} INFO - [2026-04-09T04:28:01.983+0000] {dag.py:3239} INFO - Sync 2 DAGs
[2026-04-09T04:28:01.989+0000] {logging_mixin.py:190} INFO - [2026-04-09T04:28:01.989+0000] {dag.py:4180} INFO - Setting next_dagrun for example_xcom_args to None, run_after=None
[2026-04-09T04:28:01.991+0000] {logging_mixin.py:190} INFO - [2026-04-09T04:28:01.991+0000] {dag.py:4180} INFO - Setting next_dagrun for example_xcom_args_with_operators to None, run_after=None
[2026-04-09T04:28:01.999+0000] {processor.py:208} INFO - Processing /home/airflow/.local/lib/python3.12/site-packages/airflow/example_dags/example_xcomargs.py took 0.037 seconds
