[2026-04-09T00:10:45.715+0000] {processor.py:186} INFO - Started process (PID=38002) to work on /home/airflow/.local/lib/python3.12/site-packages/airflow/example_dags/example_task_group.py
[2026-04-09T00:10:45.716+0000] {processor.py:914} INFO - Processing file /home/airflow/.local/lib/python3.12/site-packages/airflow/example_dags/example_task_group.py for tasks to queue
[2026-04-09T00:10:45.716+0000] {logging_mixin.py:190} INFO - [2026-04-09T00:10:45.716+0000] {dagbag.py:588} INFO - Filling up the DagBag from /home/airflow/.local/lib/python3.12/site-packages/airflow/example_dags/example_task_group.py
[2026-04-09T00:10:45.720+0000] {processor.py:925} INFO - DAG(s) 'example_task_group' retrieved from /home/airflow/.local/lib/python3.12/site-packages/airflow/example_dags/example_task_group.py
[2026-04-09T00:10:45.732+0000] {logging_mixin.py:190} INFO - [2026-04-09T00:10:45.732+0000] {dag.py:3239} INFO - Sync 1 DAGs
[2026-04-09T00:10:45.740+0000] {logging_mixin.py:190} INFO - [2026-04-09T00:10:45.740+0000] {dag.py:4180} INFO - Setting next_dagrun for example_task_group to None, run_after=None
[2026-04-09T00:10:45.749+0000] {processor.py:208} INFO - Processing /home/airflow/.local/lib/python3.12/site-packages/airflow/example_dags/example_task_group.py took 0.036 seconds
[2026-04-09T00:11:16.120+0000] {processor.py:186} INFO - Started process (PID=38066) to work on /home/airflow/.local/lib/python3.12/site-packages/airflow/example_dags/example_task_group.py
[2026-04-09T00:11:16.120+0000] {processor.py:914} INFO - Processing file /home/airflow/.local/lib/python3.12/site-packages/airflow/example_dags/example_task_group.py for tasks to queue
[2026-04-09T00:11:16.121+0000] {logging_mixin.py:190} INFO - [2026-04-09T00:11:16.120+0000] {dagbag.py:588} INFO - Filling up the DagBag from /home/airflow/.local/lib/python3.12/site-packages/airflow/example_dags/example_task_group.py
[2026-04-09T00:11:16.124+0000] {processor.py:925} INFO - DAG(s) 'example_task_group' retrieved from /home/airflow/.local/lib/python3.12/site-packages/airflow/example_dags/example_task_group.py
[2026-04-09T00:11:16.134+0000] {logging_mixin.py:190} INFO - [2026-04-09T00:11:16.134+0000] {dag.py:3239} INFO - Sync 1 DAGs
[2026-04-09T00:11:16.144+0000] {logging_mixin.py:190} INFO - [2026-04-09T00:11:16.144+0000] {dag.py:4180} INFO - Setting next_dagrun for example_task_group to None, run_after=None
[2026-04-09T00:11:16.154+0000] {processor.py:208} INFO - Processing /home/airflow/.local/lib/python3.12/site-packages/airflow/example_dags/example_task_group.py took 0.037 seconds
[2026-04-09T00:26:45.621+0000] {processor.py:186} INFO - Started process (PID=38130) to work on /home/airflow/.local/lib/python3.12/site-packages/airflow/example_dags/example_task_group.py
[2026-04-09T00:26:45.621+0000] {processor.py:914} INFO - Processing file /home/airflow/.local/lib/python3.12/site-packages/airflow/example_dags/example_task_group.py for tasks to queue
[2026-04-09T00:26:45.622+0000] {logging_mixin.py:190} INFO - [2026-04-09T00:26:45.622+0000] {dagbag.py:588} INFO - Filling up the DagBag from /home/airflow/.local/lib/python3.12/site-packages/airflow/example_dags/example_task_group.py
[2026-04-09T00:26:45.625+0000] {processor.py:925} INFO - DAG(s) 'example_task_group' retrieved from /home/airflow/.local/lib/python3.12/site-packages/airflow/example_dags/example_task_group.py
[2026-04-09T00:26:45.634+0000] {logging_mixin.py:190} INFO - [2026-04-09T00:26:45.634+0000] {dag.py:3239} INFO - Sync 1 DAGs
[2026-04-09T00:26:45.638+0000] {logging_mixin.py:190} INFO - [2026-04-09T00:26:45.638+0000] {dag.py:4180} INFO - Setting next_dagrun for example_task_group to None, run_after=None
[2026-04-09T00:26:45.648+0000] {processor.py:208} INFO - Processing /home/airflow/.local/lib/python3.12/site-packages/airflow/example_dags/example_task_group.py took 0.030 seconds
[2026-04-09T00:42:15.978+0000] {processor.py:186} INFO - Started process (PID=38194) to work on /home/airflow/.local/lib/python3.12/site-packages/airflow/example_dags/example_task_group.py
[2026-04-09T00:42:15.979+0000] {processor.py:914} INFO - Processing file /home/airflow/.local/lib/python3.12/site-packages/airflow/example_dags/example_task_group.py for tasks to queue
[2026-04-09T00:42:15.979+0000] {logging_mixin.py:190} INFO - [2026-04-09T00:42:15.979+0000] {dagbag.py:588} INFO - Filling up the DagBag from /home/airflow/.local/lib/python3.12/site-packages/airflow/example_dags/example_task_group.py
[2026-04-09T00:42:15.983+0000] {processor.py:925} INFO - DAG(s) 'example_task_group' retrieved from /home/airflow/.local/lib/python3.12/site-packages/airflow/example_dags/example_task_group.py
[2026-04-09T00:42:15.995+0000] {logging_mixin.py:190} INFO - [2026-04-09T00:42:15.994+0000] {dag.py:3239} INFO - Sync 1 DAGs
[2026-04-09T00:42:15.999+0000] {logging_mixin.py:190} INFO - [2026-04-09T00:42:15.999+0000] {dag.py:4180} INFO - Setting next_dagrun for example_task_group to None, run_after=None
[2026-04-09T00:42:16.007+0000] {processor.py:208} INFO - Processing /home/airflow/.local/lib/python3.12/site-packages/airflow/example_dags/example_task_group.py took 0.031 seconds
[2026-04-09T00:59:13.213+0000] {processor.py:186} INFO - Started process (PID=38258) to work on /home/airflow/.local/lib/python3.12/site-packages/airflow/example_dags/example_task_group.py
[2026-04-09T00:59:13.213+0000] {processor.py:914} INFO - Processing file /home/airflow/.local/lib/python3.12/site-packages/airflow/example_dags/example_task_group.py for tasks to queue
[2026-04-09T00:59:13.214+0000] {logging_mixin.py:190} INFO - [2026-04-09T00:59:13.214+0000] {dagbag.py:588} INFO - Filling up the DagBag from /home/airflow/.local/lib/python3.12/site-packages/airflow/example_dags/example_task_group.py
[2026-04-09T00:59:13.220+0000] {processor.py:925} INFO - DAG(s) 'example_task_group' retrieved from /home/airflow/.local/lib/python3.12/site-packages/airflow/example_dags/example_task_group.py
[2026-04-09T00:59:13.230+0000] {logging_mixin.py:190} INFO - [2026-04-09T00:59:13.230+0000] {dag.py:3239} INFO - Sync 1 DAGs
[2026-04-09T00:59:13.236+0000] {logging_mixin.py:190} INFO - [2026-04-09T00:59:13.236+0000] {dag.py:4180} INFO - Setting next_dagrun for example_task_group to None, run_after=None
[2026-04-09T00:59:13.243+0000] {processor.py:208} INFO - Processing /home/airflow/.local/lib/python3.12/site-packages/airflow/example_dags/example_task_group.py took 0.032 seconds
[2026-04-09T01:14:43.276+0000] {processor.py:186} INFO - Started process (PID=38322) to work on /home/airflow/.local/lib/python3.12/site-packages/airflow/example_dags/example_task_group.py
[2026-04-09T01:14:43.277+0000] {processor.py:914} INFO - Processing file /home/airflow/.local/lib/python3.12/site-packages/airflow/example_dags/example_task_group.py for tasks to queue
[2026-04-09T01:14:43.279+0000] {logging_mixin.py:190} INFO - [2026-04-09T01:14:43.277+0000] {dagbag.py:588} INFO - Filling up the DagBag from /home/airflow/.local/lib/python3.12/site-packages/airflow/example_dags/example_task_group.py
[2026-04-09T01:14:43.286+0000] {processor.py:925} INFO - DAG(s) 'example_task_group' retrieved from /home/airflow/.local/lib/python3.12/site-packages/airflow/example_dags/example_task_group.py
[2026-04-09T01:14:43.306+0000] {logging_mixin.py:190} INFO - [2026-04-09T01:14:43.306+0000] {dag.py:3239} INFO - Sync 1 DAGs
[2026-04-09T01:14:43.314+0000] {logging_mixin.py:190} INFO - [2026-04-09T01:14:43.314+0000] {dag.py:4180} INFO - Setting next_dagrun for example_task_group to None, run_after=None
[2026-04-09T01:14:43.324+0000] {processor.py:208} INFO - Processing /home/airflow/.local/lib/python3.12/site-packages/airflow/example_dags/example_task_group.py took 0.052 seconds
[2026-04-09T01:15:13.998+0000] {processor.py:186} INFO - Started process (PID=38386) to work on /home/airflow/.local/lib/python3.12/site-packages/airflow/example_dags/example_task_group.py
[2026-04-09T01:15:13.999+0000] {processor.py:914} INFO - Processing file /home/airflow/.local/lib/python3.12/site-packages/airflow/example_dags/example_task_group.py for tasks to queue
[2026-04-09T01:15:13.999+0000] {logging_mixin.py:190} INFO - [2026-04-09T01:15:13.999+0000] {dagbag.py:588} INFO - Filling up the DagBag from /home/airflow/.local/lib/python3.12/site-packages/airflow/example_dags/example_task_group.py
[2026-04-09T01:15:14.003+0000] {processor.py:925} INFO - DAG(s) 'example_task_group' retrieved from /home/airflow/.local/lib/python3.12/site-packages/airflow/example_dags/example_task_group.py
[2026-04-09T01:15:14.012+0000] {logging_mixin.py:190} INFO - [2026-04-09T01:15:14.011+0000] {dag.py:3239} INFO - Sync 1 DAGs
[2026-04-09T01:15:14.017+0000] {logging_mixin.py:190} INFO - [2026-04-09T01:15:14.017+0000] {dag.py:4180} INFO - Setting next_dagrun for example_task_group to None, run_after=None
[2026-04-09T01:15:14.024+0000] {processor.py:208} INFO - Processing /home/airflow/.local/lib/python3.12/site-packages/airflow/example_dags/example_task_group.py took 0.028 seconds
[2026-04-09T01:30:50.880+0000] {processor.py:186} INFO - Started process (PID=38450) to work on /home/airflow/.local/lib/python3.12/site-packages/airflow/example_dags/example_task_group.py
[2026-04-09T01:30:50.880+0000] {processor.py:914} INFO - Processing file /home/airflow/.local/lib/python3.12/site-packages/airflow/example_dags/example_task_group.py for tasks to queue
[2026-04-09T01:30:50.881+0000] {logging_mixin.py:190} INFO - [2026-04-09T01:30:50.881+0000] {dagbag.py:588} INFO - Filling up the DagBag from /home/airflow/.local/lib/python3.12/site-packages/airflow/example_dags/example_task_group.py
[2026-04-09T01:30:50.885+0000] {processor.py:925} INFO - DAG(s) 'example_task_group' retrieved from /home/airflow/.local/lib/python3.12/site-packages/airflow/example_dags/example_task_group.py
[2026-04-09T01:30:50.894+0000] {logging_mixin.py:190} INFO - [2026-04-09T01:30:50.894+0000] {dag.py:3239} INFO - Sync 1 DAGs
[2026-04-09T01:30:50.899+0000] {logging_mixin.py:190} INFO - [2026-04-09T01:30:50.899+0000] {dag.py:4180} INFO - Setting next_dagrun for example_task_group to None, run_after=None
[2026-04-09T01:30:50.907+0000] {processor.py:208} INFO - Processing /home/airflow/.local/lib/python3.12/site-packages/airflow/example_dags/example_task_group.py took 0.029 seconds
[2026-04-09T01:46:22.359+0000] {processor.py:186} INFO - Started process (PID=38514) to work on /home/airflow/.local/lib/python3.12/site-packages/airflow/example_dags/example_task_group.py
[2026-04-09T01:46:22.360+0000] {processor.py:914} INFO - Processing file /home/airflow/.local/lib/python3.12/site-packages/airflow/example_dags/example_task_group.py for tasks to queue
[2026-04-09T01:46:22.361+0000] {logging_mixin.py:190} INFO - [2026-04-09T01:46:22.360+0000] {dagbag.py:588} INFO - Filling up the DagBag from /home/airflow/.local/lib/python3.12/site-packages/airflow/example_dags/example_task_group.py
[2026-04-09T01:46:22.365+0000] {processor.py:925} INFO - DAG(s) 'example_task_group' retrieved from /home/airflow/.local/lib/python3.12/site-packages/airflow/example_dags/example_task_group.py
[2026-04-09T01:46:22.375+0000] {logging_mixin.py:190} INFO - [2026-04-09T01:46:22.375+0000] {dag.py:3239} INFO - Sync 1 DAGs
[2026-04-09T01:46:22.382+0000] {logging_mixin.py:190} INFO - [2026-04-09T01:46:22.381+0000] {dag.py:4180} INFO - Setting next_dagrun for example_task_group to None, run_after=None
[2026-04-09T01:46:22.393+0000] {processor.py:208} INFO - Processing /home/airflow/.local/lib/python3.12/site-packages/airflow/example_dags/example_task_group.py took 0.036 seconds
[2026-04-09T01:46:52.700+0000] {processor.py:186} INFO - Started process (PID=38578) to work on /home/airflow/.local/lib/python3.12/site-packages/airflow/example_dags/example_task_group.py
[2026-04-09T01:46:52.701+0000] {processor.py:914} INFO - Processing file /home/airflow/.local/lib/python3.12/site-packages/airflow/example_dags/example_task_group.py for tasks to queue
[2026-04-09T01:46:52.702+0000] {logging_mixin.py:190} INFO - [2026-04-09T01:46:52.702+0000] {dagbag.py:588} INFO - Filling up the DagBag from /home/airflow/.local/lib/python3.12/site-packages/airflow/example_dags/example_task_group.py
[2026-04-09T01:46:52.705+0000] {processor.py:925} INFO - DAG(s) 'example_task_group' retrieved from /home/airflow/.local/lib/python3.12/site-packages/airflow/example_dags/example_task_group.py
[2026-04-09T01:46:52.715+0000] {logging_mixin.py:190} INFO - [2026-04-09T01:46:52.715+0000] {dag.py:3239} INFO - Sync 1 DAGs
[2026-04-09T01:46:52.720+0000] {logging_mixin.py:190} INFO - [2026-04-09T01:46:52.720+0000] {dag.py:4180} INFO - Setting next_dagrun for example_task_group to None, run_after=None
[2026-04-09T01:46:52.729+0000] {processor.py:208} INFO - Processing /home/airflow/.local/lib/python3.12/site-packages/airflow/example_dags/example_task_group.py took 0.031 seconds
[2026-04-09T02:02:22.792+0000] {processor.py:186} INFO - Started process (PID=38642) to work on /home/airflow/.local/lib/python3.12/site-packages/airflow/example_dags/example_task_group.py
[2026-04-09T02:02:22.793+0000] {processor.py:914} INFO - Processing file /home/airflow/.local/lib/python3.12/site-packages/airflow/example_dags/example_task_group.py for tasks to queue
[2026-04-09T02:02:22.793+0000] {logging_mixin.py:190} INFO - [2026-04-09T02:02:22.793+0000] {dagbag.py:588} INFO - Filling up the DagBag from /home/airflow/.local/lib/python3.12/site-packages/airflow/example_dags/example_task_group.py
[2026-04-09T02:02:22.797+0000] {processor.py:925} INFO - DAG(s) 'example_task_group' retrieved from /home/airflow/.local/lib/python3.12/site-packages/airflow/example_dags/example_task_group.py
[2026-04-09T02:02:22.811+0000] {logging_mixin.py:190} INFO - [2026-04-09T02:02:22.811+0000] {dag.py:3239} INFO - Sync 1 DAGs
[2026-04-09T02:02:22.820+0000] {logging_mixin.py:190} INFO - [2026-04-09T02:02:22.819+0000] {dag.py:4180} INFO - Setting next_dagrun for example_task_group to None, run_after=None
[2026-04-09T02:02:22.831+0000] {processor.py:208} INFO - Processing /home/airflow/.local/lib/python3.12/site-packages/airflow/example_dags/example_task_group.py took 0.041 seconds
[2026-04-09T02:17:54.615+0000] {processor.py:186} INFO - Started process (PID=38706) to work on /home/airflow/.local/lib/python3.12/site-packages/airflow/example_dags/example_task_group.py
[2026-04-09T02:17:54.616+0000] {processor.py:914} INFO - Processing file /home/airflow/.local/lib/python3.12/site-packages/airflow/example_dags/example_task_group.py for tasks to queue
[2026-04-09T02:17:54.616+0000] {logging_mixin.py:190} INFO - [2026-04-09T02:17:54.616+0000] {dagbag.py:588} INFO - Filling up the DagBag from /home/airflow/.local/lib/python3.12/site-packages/airflow/example_dags/example_task_group.py
[2026-04-09T02:17:54.620+0000] {processor.py:925} INFO - DAG(s) 'example_task_group' retrieved from /home/airflow/.local/lib/python3.12/site-packages/airflow/example_dags/example_task_group.py
[2026-04-09T02:17:54.629+0000] {logging_mixin.py:190} INFO - [2026-04-09T02:17:54.629+0000] {dag.py:3239} INFO - Sync 1 DAGs
[2026-04-09T02:17:54.634+0000] {logging_mixin.py:190} INFO - [2026-04-09T02:17:54.634+0000] {dag.py:4180} INFO - Setting next_dagrun for example_task_group to None, run_after=None
[2026-04-09T02:17:54.642+0000] {processor.py:208} INFO - Processing /home/airflow/.local/lib/python3.12/site-packages/airflow/example_dags/example_task_group.py took 0.029 seconds
[2026-04-09T02:18:25.266+0000] {processor.py:186} INFO - Started process (PID=38770) to work on /home/airflow/.local/lib/python3.12/site-packages/airflow/example_dags/example_task_group.py
[2026-04-09T02:18:25.267+0000] {processor.py:914} INFO - Processing file /home/airflow/.local/lib/python3.12/site-packages/airflow/example_dags/example_task_group.py for tasks to queue
[2026-04-09T02:18:25.268+0000] {logging_mixin.py:190} INFO - [2026-04-09T02:18:25.268+0000] {dagbag.py:588} INFO - Filling up the DagBag from /home/airflow/.local/lib/python3.12/site-packages/airflow/example_dags/example_task_group.py
[2026-04-09T02:18:25.272+0000] {processor.py:925} INFO - DAG(s) 'example_task_group' retrieved from /home/airflow/.local/lib/python3.12/site-packages/airflow/example_dags/example_task_group.py
[2026-04-09T02:18:25.282+0000] {logging_mixin.py:190} INFO - [2026-04-09T02:18:25.282+0000] {dag.py:3239} INFO - Sync 1 DAGs
[2026-04-09T02:18:25.288+0000] {logging_mixin.py:190} INFO - [2026-04-09T02:18:25.288+0000] {dag.py:4180} INFO - Setting next_dagrun for example_task_group to None, run_after=None
[2026-04-09T02:18:25.298+0000] {processor.py:208} INFO - Processing /home/airflow/.local/lib/python3.12/site-packages/airflow/example_dags/example_task_group.py took 0.035 seconds
[2026-04-09T02:27:45.155+0000] {processor.py:186} INFO - Started process (PID=38834) to work on /home/airflow/.local/lib/python3.12/site-packages/airflow/example_dags/example_task_group.py
[2026-04-09T02:27:45.155+0000] {processor.py:914} INFO - Processing file /home/airflow/.local/lib/python3.12/site-packages/airflow/example_dags/example_task_group.py for tasks to queue
[2026-04-09T02:27:45.156+0000] {logging_mixin.py:190} INFO - [2026-04-09T02:27:45.156+0000] {dagbag.py:588} INFO - Filling up the DagBag from /home/airflow/.local/lib/python3.12/site-packages/airflow/example_dags/example_task_group.py
[2026-04-09T02:27:45.162+0000] {processor.py:925} INFO - DAG(s) 'example_task_group' retrieved from /home/airflow/.local/lib/python3.12/site-packages/airflow/example_dags/example_task_group.py
[2026-04-09T02:27:45.173+0000] {logging_mixin.py:190} INFO - [2026-04-09T02:27:45.173+0000] {dag.py:3239} INFO - Sync 1 DAGs
[2026-04-09T02:27:45.182+0000] {logging_mixin.py:190} INFO - [2026-04-09T02:27:45.181+0000] {dag.py:4180} INFO - Setting next_dagrun for example_task_group to None, run_after=None
[2026-04-09T02:27:45.188+0000] {processor.py:208} INFO - Processing /home/airflow/.local/lib/python3.12/site-packages/airflow/example_dags/example_task_group.py took 0.036 seconds
[2026-04-09T02:43:15.556+0000] {processor.py:186} INFO - Started process (PID=38898) to work on /home/airflow/.local/lib/python3.12/site-packages/airflow/example_dags/example_task_group.py
[2026-04-09T02:43:15.557+0000] {processor.py:914} INFO - Processing file /home/airflow/.local/lib/python3.12/site-packages/airflow/example_dags/example_task_group.py for tasks to queue
[2026-04-09T02:43:15.557+0000] {logging_mixin.py:190} INFO - [2026-04-09T02:43:15.557+0000] {dagbag.py:588} INFO - Filling up the DagBag from /home/airflow/.local/lib/python3.12/site-packages/airflow/example_dags/example_task_group.py
[2026-04-09T02:43:15.561+0000] {processor.py:925} INFO - DAG(s) 'example_task_group' retrieved from /home/airflow/.local/lib/python3.12/site-packages/airflow/example_dags/example_task_group.py
[2026-04-09T02:43:15.576+0000] {logging_mixin.py:190} INFO - [2026-04-09T02:43:15.576+0000] {dag.py:3239} INFO - Sync 1 DAGs
[2026-04-09T02:43:15.581+0000] {logging_mixin.py:190} INFO - [2026-04-09T02:43:15.581+0000] {dag.py:4180} INFO - Setting next_dagrun for example_task_group to None, run_after=None
[2026-04-09T02:43:15.588+0000] {processor.py:208} INFO - Processing /home/airflow/.local/lib/python3.12/site-packages/airflow/example_dags/example_task_group.py took 0.034 seconds
[2026-04-09T02:43:45.962+0000] {processor.py:186} INFO - Started process (PID=38962) to work on /home/airflow/.local/lib/python3.12/site-packages/airflow/example_dags/example_task_group.py
[2026-04-09T02:43:45.962+0000] {processor.py:914} INFO - Processing file /home/airflow/.local/lib/python3.12/site-packages/airflow/example_dags/example_task_group.py for tasks to queue
[2026-04-09T02:43:45.963+0000] {logging_mixin.py:190} INFO - [2026-04-09T02:43:45.962+0000] {dagbag.py:588} INFO - Filling up the DagBag from /home/airflow/.local/lib/python3.12/site-packages/airflow/example_dags/example_task_group.py
[2026-04-09T02:43:45.966+0000] {processor.py:925} INFO - DAG(s) 'example_task_group' retrieved from /home/airflow/.local/lib/python3.12/site-packages/airflow/example_dags/example_task_group.py
[2026-04-09T02:43:45.979+0000] {logging_mixin.py:190} INFO - [2026-04-09T02:43:45.979+0000] {dag.py:3239} INFO - Sync 1 DAGs
[2026-04-09T02:43:45.986+0000] {logging_mixin.py:190} INFO - [2026-04-09T02:43:45.986+0000] {dag.py:4180} INFO - Setting next_dagrun for example_task_group to None, run_after=None
[2026-04-09T02:43:45.993+0000] {processor.py:208} INFO - Processing /home/airflow/.local/lib/python3.12/site-packages/airflow/example_dags/example_task_group.py took 0.034 seconds
[2026-04-09T02:59:16.398+0000] {processor.py:186} INFO - Started process (PID=39026) to work on /home/airflow/.local/lib/python3.12/site-packages/airflow/example_dags/example_task_group.py
[2026-04-09T02:59:16.398+0000] {processor.py:914} INFO - Processing file /home/airflow/.local/lib/python3.12/site-packages/airflow/example_dags/example_task_group.py for tasks to queue
[2026-04-09T02:59:16.399+0000] {logging_mixin.py:190} INFO - [2026-04-09T02:59:16.398+0000] {dagbag.py:588} INFO - Filling up the DagBag from /home/airflow/.local/lib/python3.12/site-packages/airflow/example_dags/example_task_group.py
[2026-04-09T02:59:16.403+0000] {processor.py:925} INFO - DAG(s) 'example_task_group' retrieved from /home/airflow/.local/lib/python3.12/site-packages/airflow/example_dags/example_task_group.py
[2026-04-09T02:59:16.413+0000] {logging_mixin.py:190} INFO - [2026-04-09T02:59:16.413+0000] {dag.py:3239} INFO - Sync 1 DAGs
[2026-04-09T02:59:16.419+0000] {logging_mixin.py:190} INFO - [2026-04-09T02:59:16.419+0000] {dag.py:4180} INFO - Setting next_dagrun for example_task_group to None, run_after=None
[2026-04-09T02:59:16.424+0000] {processor.py:208} INFO - Processing /home/airflow/.local/lib/python3.12/site-packages/airflow/example_dags/example_task_group.py took 0.030 seconds
[2026-04-09T02:59:46.690+0000] {processor.py:186} INFO - Started process (PID=39090) to work on /home/airflow/.local/lib/python3.12/site-packages/airflow/example_dags/example_task_group.py
[2026-04-09T02:59:46.691+0000] {processor.py:914} INFO - Processing file /home/airflow/.local/lib/python3.12/site-packages/airflow/example_dags/example_task_group.py for tasks to queue
[2026-04-09T02:59:46.691+0000] {logging_mixin.py:190} INFO - [2026-04-09T02:59:46.691+0000] {dagbag.py:588} INFO - Filling up the DagBag from /home/airflow/.local/lib/python3.12/site-packages/airflow/example_dags/example_task_group.py
[2026-04-09T02:59:46.695+0000] {processor.py:925} INFO - DAG(s) 'example_task_group' retrieved from /home/airflow/.local/lib/python3.12/site-packages/airflow/example_dags/example_task_group.py
[2026-04-09T02:59:46.703+0000] {logging_mixin.py:190} INFO - [2026-04-09T02:59:46.703+0000] {dag.py:3239} INFO - Sync 1 DAGs
[2026-04-09T02:59:46.710+0000] {logging_mixin.py:190} INFO - [2026-04-09T02:59:46.710+0000] {dag.py:4180} INFO - Setting next_dagrun for example_task_group to None, run_after=None
[2026-04-09T02:59:46.721+0000] {processor.py:208} INFO - Processing /home/airflow/.local/lib/python3.12/site-packages/airflow/example_dags/example_task_group.py took 0.033 seconds
[2026-04-09T03:15:17.429+0000] {processor.py:186} INFO - Started process (PID=39154) to work on /home/airflow/.local/lib/python3.12/site-packages/airflow/example_dags/example_task_group.py
[2026-04-09T03:15:17.431+0000] {processor.py:914} INFO - Processing file /home/airflow/.local/lib/python3.12/site-packages/airflow/example_dags/example_task_group.py for tasks to queue
[2026-04-09T03:15:17.432+0000] {logging_mixin.py:190} INFO - [2026-04-09T03:15:17.432+0000] {dagbag.py:588} INFO - Filling up the DagBag from /home/airflow/.local/lib/python3.12/site-packages/airflow/example_dags/example_task_group.py
[2026-04-09T03:15:17.438+0000] {processor.py:925} INFO - DAG(s) 'example_task_group' retrieved from /home/airflow/.local/lib/python3.12/site-packages/airflow/example_dags/example_task_group.py
[2026-04-09T03:15:17.447+0000] {logging_mixin.py:190} INFO - [2026-04-09T03:15:17.447+0000] {dag.py:3239} INFO - Sync 1 DAGs
[2026-04-09T03:15:17.452+0000] {logging_mixin.py:190} INFO - [2026-04-09T03:15:17.452+0000] {dag.py:4180} INFO - Setting next_dagrun for example_task_group to None, run_after=None
[2026-04-09T03:15:17.458+0000] {processor.py:208} INFO - Processing /home/airflow/.local/lib/python3.12/site-packages/airflow/example_dags/example_task_group.py took 0.031 seconds
[2026-04-09T03:28:37.280+0000] {processor.py:186} INFO - Started process (PID=39218) to work on /home/airflow/.local/lib/python3.12/site-packages/airflow/example_dags/example_task_group.py
[2026-04-09T03:28:37.281+0000] {processor.py:914} INFO - Processing file /home/airflow/.local/lib/python3.12/site-packages/airflow/example_dags/example_task_group.py for tasks to queue
[2026-04-09T03:28:37.282+0000] {logging_mixin.py:190} INFO - [2026-04-09T03:28:37.281+0000] {dagbag.py:588} INFO - Filling up the DagBag from /home/airflow/.local/lib/python3.12/site-packages/airflow/example_dags/example_task_group.py
[2026-04-09T03:28:37.285+0000] {processor.py:925} INFO - DAG(s) 'example_task_group' retrieved from /home/airflow/.local/lib/python3.12/site-packages/airflow/example_dags/example_task_group.py
[2026-04-09T03:28:37.295+0000] {logging_mixin.py:190} INFO - [2026-04-09T03:28:37.295+0000] {dag.py:3239} INFO - Sync 1 DAGs
[2026-04-09T03:28:37.300+0000] {logging_mixin.py:190} INFO - [2026-04-09T03:28:37.300+0000] {dag.py:4180} INFO - Setting next_dagrun for example_task_group to None, run_after=None
[2026-04-09T03:28:37.309+0000] {processor.py:208} INFO - Processing /home/airflow/.local/lib/python3.12/site-packages/airflow/example_dags/example_task_group.py took 0.031 seconds
[2026-04-09T03:29:07.717+0000] {processor.py:186} INFO - Started process (PID=39282) to work on /home/airflow/.local/lib/python3.12/site-packages/airflow/example_dags/example_task_group.py
[2026-04-09T03:29:07.717+0000] {processor.py:914} INFO - Processing file /home/airflow/.local/lib/python3.12/site-packages/airflow/example_dags/example_task_group.py for tasks to queue
[2026-04-09T03:29:07.717+0000] {logging_mixin.py:190} INFO - [2026-04-09T03:29:07.717+0000] {dagbag.py:588} INFO - Filling up the DagBag from /home/airflow/.local/lib/python3.12/site-packages/airflow/example_dags/example_task_group.py
[2026-04-09T03:29:07.720+0000] {processor.py:925} INFO - DAG(s) 'example_task_group' retrieved from /home/airflow/.local/lib/python3.12/site-packages/airflow/example_dags/example_task_group.py
[2026-04-09T03:29:07.727+0000] {logging_mixin.py:190} INFO - [2026-04-09T03:29:07.727+0000] {dag.py:3239} INFO - Sync 1 DAGs
[2026-04-09T03:29:07.732+0000] {logging_mixin.py:190} INFO - [2026-04-09T03:29:07.732+0000] {dag.py:4180} INFO - Setting next_dagrun for example_task_group to None, run_after=None
[2026-04-09T03:29:07.736+0000] {processor.py:208} INFO - Processing /home/airflow/.local/lib/python3.12/site-packages/airflow/example_dags/example_task_group.py took 0.022 seconds
[2026-04-09T03:44:38.468+0000] {processor.py:186} INFO - Started process (PID=39346) to work on /home/airflow/.local/lib/python3.12/site-packages/airflow/example_dags/example_task_group.py
[2026-04-09T03:44:38.468+0000] {processor.py:914} INFO - Processing file /home/airflow/.local/lib/python3.12/site-packages/airflow/example_dags/example_task_group.py for tasks to queue
[2026-04-09T03:44:38.469+0000] {logging_mixin.py:190} INFO - [2026-04-09T03:44:38.469+0000] {dagbag.py:588} INFO - Filling up the DagBag from /home/airflow/.local/lib/python3.12/site-packages/airflow/example_dags/example_task_group.py
[2026-04-09T03:44:38.474+0000] {processor.py:925} INFO - DAG(s) 'example_task_group' retrieved from /home/airflow/.local/lib/python3.12/site-packages/airflow/example_dags/example_task_group.py
[2026-04-09T03:44:38.482+0000] {logging_mixin.py:190} INFO - [2026-04-09T03:44:38.482+0000] {dag.py:3239} INFO - Sync 1 DAGs
[2026-04-09T03:44:38.486+0000] {logging_mixin.py:190} INFO - [2026-04-09T03:44:38.486+0000] {dag.py:4180} INFO - Setting next_dagrun for example_task_group to None, run_after=None
[2026-04-09T03:44:38.492+0000] {processor.py:208} INFO - Processing /home/airflow/.local/lib/python3.12/site-packages/airflow/example_dags/example_task_group.py took 0.027 seconds
[2026-04-09T04:00:09.088+0000] {processor.py:186} INFO - Started process (PID=39410) to work on /home/airflow/.local/lib/python3.12/site-packages/airflow/example_dags/example_task_group.py
[2026-04-09T04:00:09.090+0000] {processor.py:914} INFO - Processing file /home/airflow/.local/lib/python3.12/site-packages/airflow/example_dags/example_task_group.py for tasks to queue
[2026-04-09T04:00:09.090+0000] {logging_mixin.py:190} INFO - [2026-04-09T04:00:09.090+0000] {dagbag.py:588} INFO - Filling up the DagBag from /home/airflow/.local/lib/python3.12/site-packages/airflow/example_dags/example_task_group.py
[2026-04-09T04:00:09.093+0000] {processor.py:925} INFO - DAG(s) 'example_task_group' retrieved from /home/airflow/.local/lib/python3.12/site-packages/airflow/example_dags/example_task_group.py
[2026-04-09T04:00:09.104+0000] {logging_mixin.py:190} INFO - [2026-04-09T04:00:09.104+0000] {dag.py:3239} INFO - Sync 1 DAGs
[2026-04-09T04:00:09.110+0000] {logging_mixin.py:190} INFO - [2026-04-09T04:00:09.110+0000] {dag.py:4180} INFO - Setting next_dagrun for example_task_group to None, run_after=None
[2026-04-09T04:00:09.122+0000] {processor.py:208} INFO - Processing /home/airflow/.local/lib/python3.12/site-packages/airflow/example_dags/example_task_group.py took 0.036 seconds
[2026-04-09T04:00:39.569+0000] {processor.py:186} INFO - Started process (PID=39474) to work on /home/airflow/.local/lib/python3.12/site-packages/airflow/example_dags/example_task_group.py
[2026-04-09T04:00:39.569+0000] {processor.py:914} INFO - Processing file /home/airflow/.local/lib/python3.12/site-packages/airflow/example_dags/example_task_group.py for tasks to queue
[2026-04-09T04:00:39.570+0000] {logging_mixin.py:190} INFO - [2026-04-09T04:00:39.570+0000] {dagbag.py:588} INFO - Filling up the DagBag from /home/airflow/.local/lib/python3.12/site-packages/airflow/example_dags/example_task_group.py
[2026-04-09T04:00:39.575+0000] {processor.py:925} INFO - DAG(s) 'example_task_group' retrieved from /home/airflow/.local/lib/python3.12/site-packages/airflow/example_dags/example_task_group.py
[2026-04-09T04:00:39.584+0000] {logging_mixin.py:190} INFO - [2026-04-09T04:00:39.583+0000] {dag.py:3239} INFO - Sync 1 DAGs
[2026-04-09T04:00:39.590+0000] {logging_mixin.py:190} INFO - [2026-04-09T04:00:39.590+0000] {dag.py:4180} INFO - Setting next_dagrun for example_task_group to None, run_after=None
[2026-04-09T04:00:39.598+0000] {processor.py:208} INFO - Processing /home/airflow/.local/lib/python3.12/site-packages/airflow/example_dags/example_task_group.py took 0.032 seconds
[2026-04-09T04:16:10.136+0000] {processor.py:186} INFO - Started process (PID=39538) to work on /home/airflow/.local/lib/python3.12/site-packages/airflow/example_dags/example_task_group.py
[2026-04-09T04:16:10.138+0000] {processor.py:914} INFO - Processing file /home/airflow/.local/lib/python3.12/site-packages/airflow/example_dags/example_task_group.py for tasks to queue
[2026-04-09T04:16:10.138+0000] {logging_mixin.py:190} INFO - [2026-04-09T04:16:10.138+0000] {dagbag.py:588} INFO - Filling up the DagBag from /home/airflow/.local/lib/python3.12/site-packages/airflow/example_dags/example_task_group.py
[2026-04-09T04:16:10.143+0000] {processor.py:925} INFO - DAG(s) 'example_task_group' retrieved from /home/airflow/.local/lib/python3.12/site-packages/airflow/example_dags/example_task_group.py
[2026-04-09T04:16:10.151+0000] {logging_mixin.py:190} INFO - [2026-04-09T04:16:10.151+0000] {dag.py:3239} INFO - Sync 1 DAGs
[2026-04-09T04:16:10.156+0000] {logging_mixin.py:190} INFO - [2026-04-09T04:16:10.156+0000] {dag.py:4180} INFO - Setting next_dagrun for example_task_group to None, run_after=None
[2026-04-09T04:16:10.162+0000] {processor.py:208} INFO - Processing /home/airflow/.local/lib/python3.12/site-packages/airflow/example_dags/example_task_group.py took 0.028 seconds
[2026-04-09T04:28:01.204+0000] {processor.py:186} INFO - Started process (PID=39602) to work on /home/airflow/.local/lib/python3.12/site-packages/airflow/example_dags/example_task_group.py
[2026-04-09T04:28:01.204+0000] {processor.py:914} INFO - Processing file /home/airflow/.local/lib/python3.12/site-packages/airflow/example_dags/example_task_group.py for tasks to queue
[2026-04-09T04:28:01.205+0000] {logging_mixin.py:190} INFO - [2026-04-09T04:28:01.204+0000] {dagbag.py:588} INFO - Filling up the DagBag from /home/airflow/.local/lib/python3.12/site-packages/airflow/example_dags/example_task_group.py
[2026-04-09T04:28:01.209+0000] {processor.py:925} INFO - DAG(s) 'example_task_group' retrieved from /home/airflow/.local/lib/python3.12/site-packages/airflow/example_dags/example_task_group.py
[2026-04-09T04:28:01.220+0000] {logging_mixin.py:190} INFO - [2026-04-09T04:28:01.220+0000] {dag.py:3239} INFO - Sync 1 DAGs
[2026-04-09T04:28:01.227+0000] {logging_mixin.py:190} INFO - [2026-04-09T04:28:01.227+0000] {dag.py:4180} INFO - Setting next_dagrun for example_task_group to None, run_after=None
[2026-04-09T04:28:01.235+0000] {processor.py:208} INFO - Processing /home/airflow/.local/lib/python3.12/site-packages/airflow/example_dags/example_task_group.py took 0.034 seconds
