[2026-04-09T00:10:47.147+0000] {processor.py:186} INFO - Started process (PID=38037) to work on /home/airflow/.local/lib/python3.12/site-packages/airflow/example_dags/example_branch_operator_decorator.py
[2026-04-09T00:10:47.147+0000] {processor.py:914} INFO - Processing file /home/airflow/.local/lib/python3.12/site-packages/airflow/example_dags/example_branch_operator_decorator.py for tasks to queue
[2026-04-09T00:10:47.147+0000] {logging_mixin.py:190} INFO - [2026-04-09T00:10:47.147+0000] {dagbag.py:588} INFO - Filling up the DagBag from /home/airflow/.local/lib/python3.12/site-packages/airflow/example_dags/example_branch_operator_decorator.py
[2026-04-09T00:10:47.157+0000] {processor.py:925} INFO - DAG(s) 'example_branch_python_operator_decorator' retrieved from /home/airflow/.local/lib/python3.12/site-packages/airflow/example_dags/example_branch_operator_decorator.py
[2026-04-09T00:10:47.171+0000] {logging_mixin.py:190} INFO - [2026-04-09T00:10:47.170+0000] {dag.py:3239} INFO - Sync 1 DAGs
[2026-04-09T00:10:47.182+0000] {logging_mixin.py:190} INFO - [2026-04-09T00:10:47.182+0000] {dag.py:4180} INFO - Setting next_dagrun for example_branch_python_operator_decorator to 2026-04-08 00:00:00+00:00, run_after=2026-04-09 00:00:00+00:00
[2026-04-09T00:10:47.193+0000] {processor.py:208} INFO - Processing /home/airflow/.local/lib/python3.12/site-packages/airflow/example_dags/example_branch_operator_decorator.py took 0.049 seconds
[2026-04-09T00:11:17.394+0000] {processor.py:186} INFO - Started process (PID=38101) to work on /home/airflow/.local/lib/python3.12/site-packages/airflow/example_dags/example_branch_operator_decorator.py
[2026-04-09T00:11:17.394+0000] {processor.py:914} INFO - Processing file /home/airflow/.local/lib/python3.12/site-packages/airflow/example_dags/example_branch_operator_decorator.py for tasks to queue
[2026-04-09T00:11:17.395+0000] {logging_mixin.py:190} INFO - [2026-04-09T00:11:17.395+0000] {dagbag.py:588} INFO - Filling up the DagBag from /home/airflow/.local/lib/python3.12/site-packages/airflow/example_dags/example_branch_operator_decorator.py
[2026-04-09T00:11:17.403+0000] {processor.py:925} INFO - DAG(s) 'example_branch_python_operator_decorator' retrieved from /home/airflow/.local/lib/python3.12/site-packages/airflow/example_dags/example_branch_operator_decorator.py
[2026-04-09T00:11:17.413+0000] {logging_mixin.py:190} INFO - [2026-04-09T00:11:17.412+0000] {dag.py:3239} INFO - Sync 1 DAGs
[2026-04-09T00:11:17.421+0000] {logging_mixin.py:190} INFO - [2026-04-09T00:11:17.421+0000] {dag.py:4180} INFO - Setting next_dagrun for example_branch_python_operator_decorator to 2026-04-08 00:00:00+00:00, run_after=2026-04-09 00:00:00+00:00
[2026-04-09T00:11:17.426+0000] {processor.py:208} INFO - Processing /home/airflow/.local/lib/python3.12/site-packages/airflow/example_dags/example_branch_operator_decorator.py took 0.034 seconds
[2026-04-09T00:26:47.179+0000] {processor.py:186} INFO - Started process (PID=38165) to work on /home/airflow/.local/lib/python3.12/site-packages/airflow/example_dags/example_branch_operator_decorator.py
[2026-04-09T00:26:47.179+0000] {processor.py:914} INFO - Processing file /home/airflow/.local/lib/python3.12/site-packages/airflow/example_dags/example_branch_operator_decorator.py for tasks to queue
[2026-04-09T00:26:47.180+0000] {logging_mixin.py:190} INFO - [2026-04-09T00:26:47.179+0000] {dagbag.py:588} INFO - Filling up the DagBag from /home/airflow/.local/lib/python3.12/site-packages/airflow/example_dags/example_branch_operator_decorator.py
[2026-04-09T00:26:47.189+0000] {processor.py:925} INFO - DAG(s) 'example_branch_python_operator_decorator' retrieved from /home/airflow/.local/lib/python3.12/site-packages/airflow/example_dags/example_branch_operator_decorator.py
[2026-04-09T00:26:47.202+0000] {logging_mixin.py:190} INFO - [2026-04-09T00:26:47.202+0000] {dag.py:3239} INFO - Sync 1 DAGs
[2026-04-09T00:26:47.214+0000] {logging_mixin.py:190} INFO - [2026-04-09T00:26:47.214+0000] {dag.py:4180} INFO - Setting next_dagrun for example_branch_python_operator_decorator to 2026-04-08 00:00:00+00:00, run_after=2026-04-09 00:00:00+00:00
[2026-04-09T00:26:47.222+0000] {processor.py:208} INFO - Processing /home/airflow/.local/lib/python3.12/site-packages/airflow/example_dags/example_branch_operator_decorator.py took 0.046 seconds
[2026-04-09T00:42:17.352+0000] {processor.py:186} INFO - Started process (PID=38229) to work on /home/airflow/.local/lib/python3.12/site-packages/airflow/example_dags/example_branch_operator_decorator.py
[2026-04-09T00:42:17.353+0000] {processor.py:914} INFO - Processing file /home/airflow/.local/lib/python3.12/site-packages/airflow/example_dags/example_branch_operator_decorator.py for tasks to queue
[2026-04-09T00:42:17.353+0000] {logging_mixin.py:190} INFO - [2026-04-09T00:42:17.353+0000] {dagbag.py:588} INFO - Filling up the DagBag from /home/airflow/.local/lib/python3.12/site-packages/airflow/example_dags/example_branch_operator_decorator.py
[2026-04-09T00:42:17.361+0000] {processor.py:925} INFO - DAG(s) 'example_branch_python_operator_decorator' retrieved from /home/airflow/.local/lib/python3.12/site-packages/airflow/example_dags/example_branch_operator_decorator.py
[2026-04-09T00:42:17.373+0000] {logging_mixin.py:190} INFO - [2026-04-09T00:42:17.373+0000] {dag.py:3239} INFO - Sync 1 DAGs
[2026-04-09T00:42:17.383+0000] {logging_mixin.py:190} INFO - [2026-04-09T00:42:17.383+0000] {dag.py:4180} INFO - Setting next_dagrun for example_branch_python_operator_decorator to 2026-04-08 00:00:00+00:00, run_after=2026-04-09 00:00:00+00:00
[2026-04-09T00:42:17.389+0000] {processor.py:208} INFO - Processing /home/airflow/.local/lib/python3.12/site-packages/airflow/example_dags/example_branch_operator_decorator.py took 0.039 seconds
[2026-04-09T00:59:14.834+0000] {processor.py:186} INFO - Started process (PID=38293) to work on /home/airflow/.local/lib/python3.12/site-packages/airflow/example_dags/example_branch_operator_decorator.py
[2026-04-09T00:59:14.835+0000] {processor.py:914} INFO - Processing file /home/airflow/.local/lib/python3.12/site-packages/airflow/example_dags/example_branch_operator_decorator.py for tasks to queue
[2026-04-09T00:59:14.836+0000] {logging_mixin.py:190} INFO - [2026-04-09T00:59:14.835+0000] {dagbag.py:588} INFO - Filling up the DagBag from /home/airflow/.local/lib/python3.12/site-packages/airflow/example_dags/example_branch_operator_decorator.py
[2026-04-09T00:59:14.850+0000] {processor.py:925} INFO - DAG(s) 'example_branch_python_operator_decorator' retrieved from /home/airflow/.local/lib/python3.12/site-packages/airflow/example_dags/example_branch_operator_decorator.py
[2026-04-09T00:59:14.873+0000] {logging_mixin.py:190} INFO - [2026-04-09T00:59:14.873+0000] {dag.py:3239} INFO - Sync 1 DAGs
[2026-04-09T00:59:14.891+0000] {logging_mixin.py:190} INFO - [2026-04-09T00:59:14.890+0000] {dag.py:4180} INFO - Setting next_dagrun for example_branch_python_operator_decorator to 2026-04-08 00:00:00+00:00, run_after=2026-04-09 00:00:00+00:00
[2026-04-09T00:59:14.904+0000] {processor.py:208} INFO - Processing /home/airflow/.local/lib/python3.12/site-packages/airflow/example_dags/example_branch_operator_decorator.py took 0.074 seconds
[2026-04-09T01:14:45.700+0000] {processor.py:186} INFO - Started process (PID=38357) to work on /home/airflow/.local/lib/python3.12/site-packages/airflow/example_dags/example_branch_operator_decorator.py
[2026-04-09T01:14:45.701+0000] {processor.py:914} INFO - Processing file /home/airflow/.local/lib/python3.12/site-packages/airflow/example_dags/example_branch_operator_decorator.py for tasks to queue
[2026-04-09T01:14:45.703+0000] {logging_mixin.py:190} INFO - [2026-04-09T01:14:45.702+0000] {dagbag.py:588} INFO - Filling up the DagBag from /home/airflow/.local/lib/python3.12/site-packages/airflow/example_dags/example_branch_operator_decorator.py
[2026-04-09T01:14:45.720+0000] {processor.py:925} INFO - DAG(s) 'example_branch_python_operator_decorator' retrieved from /home/airflow/.local/lib/python3.12/site-packages/airflow/example_dags/example_branch_operator_decorator.py
[2026-04-09T01:14:45.749+0000] {logging_mixin.py:190} INFO - [2026-04-09T01:14:45.749+0000] {dag.py:3239} INFO - Sync 1 DAGs
[2026-04-09T01:14:45.769+0000] {logging_mixin.py:190} INFO - [2026-04-09T01:14:45.769+0000] {dag.py:4180} INFO - Setting next_dagrun for example_branch_python_operator_decorator to 2026-04-08 00:00:00+00:00, run_after=2026-04-09 00:00:00+00:00
[2026-04-09T01:14:45.784+0000] {processor.py:208} INFO - Processing /home/airflow/.local/lib/python3.12/site-packages/airflow/example_dags/example_branch_operator_decorator.py took 0.091 seconds
[2026-04-09T01:15:16.405+0000] {processor.py:186} INFO - Started process (PID=38421) to work on /home/airflow/.local/lib/python3.12/site-packages/airflow/example_dags/example_branch_operator_decorator.py
[2026-04-09T01:15:16.405+0000] {processor.py:914} INFO - Processing file /home/airflow/.local/lib/python3.12/site-packages/airflow/example_dags/example_branch_operator_decorator.py for tasks to queue
[2026-04-09T01:15:16.406+0000] {logging_mixin.py:190} INFO - [2026-04-09T01:15:16.406+0000] {dagbag.py:588} INFO - Filling up the DagBag from /home/airflow/.local/lib/python3.12/site-packages/airflow/example_dags/example_branch_operator_decorator.py
[2026-04-09T01:15:16.413+0000] {processor.py:925} INFO - DAG(s) 'example_branch_python_operator_decorator' retrieved from /home/airflow/.local/lib/python3.12/site-packages/airflow/example_dags/example_branch_operator_decorator.py
[2026-04-09T01:15:16.423+0000] {logging_mixin.py:190} INFO - [2026-04-09T01:15:16.423+0000] {dag.py:3239} INFO - Sync 1 DAGs
[2026-04-09T01:15:16.431+0000] {logging_mixin.py:190} INFO - [2026-04-09T01:15:16.431+0000] {dag.py:4180} INFO - Setting next_dagrun for example_branch_python_operator_decorator to 2026-04-08 00:00:00+00:00, run_after=2026-04-09 00:00:00+00:00
[2026-04-09T01:15:16.441+0000] {processor.py:208} INFO - Processing /home/airflow/.local/lib/python3.12/site-packages/airflow/example_dags/example_branch_operator_decorator.py took 0.038 seconds
[2026-04-09T01:30:52.267+0000] {processor.py:186} INFO - Started process (PID=38485) to work on /home/airflow/.local/lib/python3.12/site-packages/airflow/example_dags/example_branch_operator_decorator.py
[2026-04-09T01:30:52.268+0000] {processor.py:914} INFO - Processing file /home/airflow/.local/lib/python3.12/site-packages/airflow/example_dags/example_branch_operator_decorator.py for tasks to queue
[2026-04-09T01:30:52.269+0000] {logging_mixin.py:190} INFO - [2026-04-09T01:30:52.269+0000] {dagbag.py:588} INFO - Filling up the DagBag from /home/airflow/.local/lib/python3.12/site-packages/airflow/example_dags/example_branch_operator_decorator.py
[2026-04-09T01:30:52.277+0000] {processor.py:925} INFO - DAG(s) 'example_branch_python_operator_decorator' retrieved from /home/airflow/.local/lib/python3.12/site-packages/airflow/example_dags/example_branch_operator_decorator.py
[2026-04-09T01:30:52.289+0000] {logging_mixin.py:190} INFO - [2026-04-09T01:30:52.289+0000] {dag.py:3239} INFO - Sync 1 DAGs
[2026-04-09T01:30:52.298+0000] {logging_mixin.py:190} INFO - [2026-04-09T01:30:52.298+0000] {dag.py:4180} INFO - Setting next_dagrun for example_branch_python_operator_decorator to 2026-04-08 00:00:00+00:00, run_after=2026-04-09 00:00:00+00:00
[2026-04-09T01:30:52.303+0000] {processor.py:208} INFO - Processing /home/airflow/.local/lib/python3.12/site-packages/airflow/example_dags/example_branch_operator_decorator.py took 0.039 seconds
[2026-04-09T01:46:23.770+0000] {processor.py:186} INFO - Started process (PID=38549) to work on /home/airflow/.local/lib/python3.12/site-packages/airflow/example_dags/example_branch_operator_decorator.py
[2026-04-09T01:46:23.770+0000] {processor.py:914} INFO - Processing file /home/airflow/.local/lib/python3.12/site-packages/airflow/example_dags/example_branch_operator_decorator.py for tasks to queue
[2026-04-09T01:46:23.770+0000] {logging_mixin.py:190} INFO - [2026-04-09T01:46:23.770+0000] {dagbag.py:588} INFO - Filling up the DagBag from /home/airflow/.local/lib/python3.12/site-packages/airflow/example_dags/example_branch_operator_decorator.py
[2026-04-09T01:46:23.780+0000] {processor.py:925} INFO - DAG(s) 'example_branch_python_operator_decorator' retrieved from /home/airflow/.local/lib/python3.12/site-packages/airflow/example_dags/example_branch_operator_decorator.py
[2026-04-09T01:46:23.793+0000] {logging_mixin.py:190} INFO - [2026-04-09T01:46:23.793+0000] {dag.py:3239} INFO - Sync 1 DAGs
[2026-04-09T01:46:23.804+0000] {logging_mixin.py:190} INFO - [2026-04-09T01:46:23.804+0000] {dag.py:4180} INFO - Setting next_dagrun for example_branch_python_operator_decorator to 2026-04-08 00:00:00+00:00, run_after=2026-04-09 00:00:00+00:00
[2026-04-09T01:46:23.814+0000] {processor.py:208} INFO - Processing /home/airflow/.local/lib/python3.12/site-packages/airflow/example_dags/example_branch_operator_decorator.py took 0.046 seconds
[2026-04-09T01:46:54.930+0000] {processor.py:186} INFO - Started process (PID=38613) to work on /home/airflow/.local/lib/python3.12/site-packages/airflow/example_dags/example_branch_operator_decorator.py
[2026-04-09T01:46:54.930+0000] {processor.py:914} INFO - Processing file /home/airflow/.local/lib/python3.12/site-packages/airflow/example_dags/example_branch_operator_decorator.py for tasks to queue
[2026-04-09T01:46:54.930+0000] {logging_mixin.py:190} INFO - [2026-04-09T01:46:54.930+0000] {dagbag.py:588} INFO - Filling up the DagBag from /home/airflow/.local/lib/python3.12/site-packages/airflow/example_dags/example_branch_operator_decorator.py
[2026-04-09T01:46:54.937+0000] {processor.py:925} INFO - DAG(s) 'example_branch_python_operator_decorator' retrieved from /home/airflow/.local/lib/python3.12/site-packages/airflow/example_dags/example_branch_operator_decorator.py
[2026-04-09T01:46:54.946+0000] {logging_mixin.py:190} INFO - [2026-04-09T01:46:54.946+0000] {dag.py:3239} INFO - Sync 1 DAGs
[2026-04-09T01:46:54.954+0000] {logging_mixin.py:190} INFO - [2026-04-09T01:46:54.954+0000] {dag.py:4180} INFO - Setting next_dagrun for example_branch_python_operator_decorator to 2026-04-08 00:00:00+00:00, run_after=2026-04-09 00:00:00+00:00
[2026-04-09T01:46:54.960+0000] {processor.py:208} INFO - Processing /home/airflow/.local/lib/python3.12/site-packages/airflow/example_dags/example_branch_operator_decorator.py took 0.033 seconds
[2026-04-09T02:02:24.403+0000] {processor.py:186} INFO - Started process (PID=38677) to work on /home/airflow/.local/lib/python3.12/site-packages/airflow/example_dags/example_branch_operator_decorator.py
[2026-04-09T02:02:24.403+0000] {processor.py:914} INFO - Processing file /home/airflow/.local/lib/python3.12/site-packages/airflow/example_dags/example_branch_operator_decorator.py for tasks to queue
[2026-04-09T02:02:24.404+0000] {logging_mixin.py:190} INFO - [2026-04-09T02:02:24.403+0000] {dagbag.py:588} INFO - Filling up the DagBag from /home/airflow/.local/lib/python3.12/site-packages/airflow/example_dags/example_branch_operator_decorator.py
[2026-04-09T02:02:24.413+0000] {processor.py:925} INFO - DAG(s) 'example_branch_python_operator_decorator' retrieved from /home/airflow/.local/lib/python3.12/site-packages/airflow/example_dags/example_branch_operator_decorator.py
[2026-04-09T02:02:24.426+0000] {logging_mixin.py:190} INFO - [2026-04-09T02:02:24.426+0000] {dag.py:3239} INFO - Sync 1 DAGs
[2026-04-09T02:02:24.434+0000] {logging_mixin.py:190} INFO - [2026-04-09T02:02:24.434+0000] {dag.py:4180} INFO - Setting next_dagrun for example_branch_python_operator_decorator to 2026-04-08 00:00:00+00:00, run_after=2026-04-09 00:00:00+00:00
[2026-04-09T02:02:24.440+0000] {processor.py:208} INFO - Processing /home/airflow/.local/lib/python3.12/site-packages/airflow/example_dags/example_branch_operator_decorator.py took 0.039 seconds
[2026-04-09T02:17:56.199+0000] {processor.py:186} INFO - Started process (PID=38741) to work on /home/airflow/.local/lib/python3.12/site-packages/airflow/example_dags/example_branch_operator_decorator.py
[2026-04-09T02:17:56.199+0000] {processor.py:914} INFO - Processing file /home/airflow/.local/lib/python3.12/site-packages/airflow/example_dags/example_branch_operator_decorator.py for tasks to queue
[2026-04-09T02:17:56.200+0000] {logging_mixin.py:190} INFO - [2026-04-09T02:17:56.200+0000] {dagbag.py:588} INFO - Filling up the DagBag from /home/airflow/.local/lib/python3.12/site-packages/airflow/example_dags/example_branch_operator_decorator.py
[2026-04-09T02:17:56.209+0000] {processor.py:925} INFO - DAG(s) 'example_branch_python_operator_decorator' retrieved from /home/airflow/.local/lib/python3.12/site-packages/airflow/example_dags/example_branch_operator_decorator.py
[2026-04-09T02:17:56.222+0000] {logging_mixin.py:190} INFO - [2026-04-09T02:17:56.222+0000] {dag.py:3239} INFO - Sync 1 DAGs
[2026-04-09T02:17:56.232+0000] {logging_mixin.py:190} INFO - [2026-04-09T02:17:56.232+0000] {dag.py:4180} INFO - Setting next_dagrun for example_branch_python_operator_decorator to 2026-04-08 00:00:00+00:00, run_after=2026-04-09 00:00:00+00:00
[2026-04-09T02:17:56.246+0000] {processor.py:208} INFO - Processing /home/airflow/.local/lib/python3.12/site-packages/airflow/example_dags/example_branch_operator_decorator.py took 0.050 seconds
[2026-04-09T02:18:26.763+0000] {processor.py:186} INFO - Started process (PID=38805) to work on /home/airflow/.local/lib/python3.12/site-packages/airflow/example_dags/example_branch_operator_decorator.py
[2026-04-09T02:18:26.764+0000] {processor.py:914} INFO - Processing file /home/airflow/.local/lib/python3.12/site-packages/airflow/example_dags/example_branch_operator_decorator.py for tasks to queue
[2026-04-09T02:18:26.764+0000] {logging_mixin.py:190} INFO - [2026-04-09T02:18:26.764+0000] {dagbag.py:588} INFO - Filling up the DagBag from /home/airflow/.local/lib/python3.12/site-packages/airflow/example_dags/example_branch_operator_decorator.py
[2026-04-09T02:18:26.772+0000] {processor.py:925} INFO - DAG(s) 'example_branch_python_operator_decorator' retrieved from /home/airflow/.local/lib/python3.12/site-packages/airflow/example_dags/example_branch_operator_decorator.py
[2026-04-09T02:18:26.781+0000] {logging_mixin.py:190} INFO - [2026-04-09T02:18:26.781+0000] {dag.py:3239} INFO - Sync 1 DAGs
[2026-04-09T02:18:26.789+0000] {logging_mixin.py:190} INFO - [2026-04-09T02:18:26.789+0000] {dag.py:4180} INFO - Setting next_dagrun for example_branch_python_operator_decorator to 2026-04-08 00:00:00+00:00, run_after=2026-04-09 00:00:00+00:00
[2026-04-09T02:18:26.795+0000] {processor.py:208} INFO - Processing /home/airflow/.local/lib/python3.12/site-packages/airflow/example_dags/example_branch_operator_decorator.py took 0.034 seconds
[2026-04-09T02:27:46.595+0000] {processor.py:186} INFO - Started process (PID=38869) to work on /home/airflow/.local/lib/python3.12/site-packages/airflow/example_dags/example_branch_operator_decorator.py
[2026-04-09T02:27:46.596+0000] {processor.py:914} INFO - Processing file /home/airflow/.local/lib/python3.12/site-packages/airflow/example_dags/example_branch_operator_decorator.py for tasks to queue
[2026-04-09T02:27:46.596+0000] {logging_mixin.py:190} INFO - [2026-04-09T02:27:46.596+0000] {dagbag.py:588} INFO - Filling up the DagBag from /home/airflow/.local/lib/python3.12/site-packages/airflow/example_dags/example_branch_operator_decorator.py
[2026-04-09T02:27:46.603+0000] {processor.py:925} INFO - DAG(s) 'example_branch_python_operator_decorator' retrieved from /home/airflow/.local/lib/python3.12/site-packages/airflow/example_dags/example_branch_operator_decorator.py
[2026-04-09T02:27:46.613+0000] {logging_mixin.py:190} INFO - [2026-04-09T02:27:46.613+0000] {dag.py:3239} INFO - Sync 1 DAGs
[2026-04-09T02:27:46.623+0000] {logging_mixin.py:190} INFO - [2026-04-09T02:27:46.623+0000] {dag.py:4180} INFO - Setting next_dagrun for example_branch_python_operator_decorator to 2026-04-08 00:00:00+00:00, run_after=2026-04-09 00:00:00+00:00
[2026-04-09T02:27:46.636+0000] {processor.py:208} INFO - Processing /home/airflow/.local/lib/python3.12/site-packages/airflow/example_dags/example_branch_operator_decorator.py took 0.042 seconds
[2026-04-09T02:43:18.371+0000] {processor.py:186} INFO - Started process (PID=38933) to work on /home/airflow/.local/lib/python3.12/site-packages/airflow/example_dags/example_branch_operator_decorator.py
[2026-04-09T02:43:18.372+0000] {processor.py:914} INFO - Processing file /home/airflow/.local/lib/python3.12/site-packages/airflow/example_dags/example_branch_operator_decorator.py for tasks to queue
[2026-04-09T02:43:18.374+0000] {logging_mixin.py:190} INFO - [2026-04-09T02:43:18.373+0000] {dagbag.py:588} INFO - Filling up the DagBag from /home/airflow/.local/lib/python3.12/site-packages/airflow/example_dags/example_branch_operator_decorator.py
[2026-04-09T02:43:18.401+0000] {processor.py:925} INFO - DAG(s) 'example_branch_python_operator_decorator' retrieved from /home/airflow/.local/lib/python3.12/site-packages/airflow/example_dags/example_branch_operator_decorator.py
[2026-04-09T02:43:18.446+0000] {logging_mixin.py:190} INFO - [2026-04-09T02:43:18.445+0000] {dag.py:3239} INFO - Sync 1 DAGs
[2026-04-09T02:43:18.477+0000] {logging_mixin.py:190} INFO - [2026-04-09T02:43:18.476+0000] {dag.py:4180} INFO - Setting next_dagrun for example_branch_python_operator_decorator to 2026-04-08 00:00:00+00:00, run_after=2026-04-09 00:00:00+00:00
[2026-04-09T02:43:18.503+0000] {processor.py:208} INFO - Processing /home/airflow/.local/lib/python3.12/site-packages/airflow/example_dags/example_branch_operator_decorator.py took 0.140 seconds
[2026-04-09T02:43:49.360+0000] {processor.py:186} INFO - Started process (PID=38997) to work on /home/airflow/.local/lib/python3.12/site-packages/airflow/example_dags/example_branch_operator_decorator.py
[2026-04-09T02:43:49.361+0000] {processor.py:914} INFO - Processing file /home/airflow/.local/lib/python3.12/site-packages/airflow/example_dags/example_branch_operator_decorator.py for tasks to queue
[2026-04-09T02:43:49.363+0000] {logging_mixin.py:190} INFO - [2026-04-09T02:43:49.363+0000] {dagbag.py:588} INFO - Filling up the DagBag from /home/airflow/.local/lib/python3.12/site-packages/airflow/example_dags/example_branch_operator_decorator.py
[2026-04-09T02:43:49.371+0000] {processor.py:925} INFO - DAG(s) 'example_branch_python_operator_decorator' retrieved from /home/airflow/.local/lib/python3.12/site-packages/airflow/example_dags/example_branch_operator_decorator.py
[2026-04-09T02:43:49.385+0000] {logging_mixin.py:190} INFO - [2026-04-09T02:43:49.385+0000] {dag.py:3239} INFO - Sync 1 DAGs
[2026-04-09T02:43:49.394+0000] {logging_mixin.py:190} INFO - [2026-04-09T02:43:49.394+0000] {dag.py:4180} INFO - Setting next_dagrun for example_branch_python_operator_decorator to 2026-04-08 00:00:00+00:00, run_after=2026-04-09 00:00:00+00:00
[2026-04-09T02:43:49.400+0000] {processor.py:208} INFO - Processing /home/airflow/.local/lib/python3.12/site-packages/airflow/example_dags/example_branch_operator_decorator.py took 0.043 seconds
[2026-04-09T02:59:17.805+0000] {processor.py:186} INFO - Started process (PID=39061) to work on /home/airflow/.local/lib/python3.12/site-packages/airflow/example_dags/example_branch_operator_decorator.py
[2026-04-09T02:59:17.805+0000] {processor.py:914} INFO - Processing file /home/airflow/.local/lib/python3.12/site-packages/airflow/example_dags/example_branch_operator_decorator.py for tasks to queue
[2026-04-09T02:59:17.807+0000] {logging_mixin.py:190} INFO - [2026-04-09T02:59:17.807+0000] {dagbag.py:588} INFO - Filling up the DagBag from /home/airflow/.local/lib/python3.12/site-packages/airflow/example_dags/example_branch_operator_decorator.py
[2026-04-09T02:59:17.817+0000] {processor.py:925} INFO - DAG(s) 'example_branch_python_operator_decorator' retrieved from /home/airflow/.local/lib/python3.12/site-packages/airflow/example_dags/example_branch_operator_decorator.py
[2026-04-09T02:59:17.829+0000] {logging_mixin.py:190} INFO - [2026-04-09T02:59:17.829+0000] {dag.py:3239} INFO - Sync 1 DAGs
[2026-04-09T02:59:17.837+0000] {logging_mixin.py:190} INFO - [2026-04-09T02:59:17.837+0000] {dag.py:4180} INFO - Setting next_dagrun for example_branch_python_operator_decorator to 2026-04-08 00:00:00+00:00, run_after=2026-04-09 00:00:00+00:00
[2026-04-09T02:59:17.843+0000] {processor.py:208} INFO - Processing /home/airflow/.local/lib/python3.12/site-packages/airflow/example_dags/example_branch_operator_decorator.py took 0.041 seconds
[2026-04-09T02:59:49.132+0000] {processor.py:186} INFO - Started process (PID=39125) to work on /home/airflow/.local/lib/python3.12/site-packages/airflow/example_dags/example_branch_operator_decorator.py
[2026-04-09T02:59:49.132+0000] {processor.py:914} INFO - Processing file /home/airflow/.local/lib/python3.12/site-packages/airflow/example_dags/example_branch_operator_decorator.py for tasks to queue
[2026-04-09T02:59:49.133+0000] {logging_mixin.py:190} INFO - [2026-04-09T02:59:49.133+0000] {dagbag.py:588} INFO - Filling up the DagBag from /home/airflow/.local/lib/python3.12/site-packages/airflow/example_dags/example_branch_operator_decorator.py
[2026-04-09T02:59:49.142+0000] {processor.py:925} INFO - DAG(s) 'example_branch_python_operator_decorator' retrieved from /home/airflow/.local/lib/python3.12/site-packages/airflow/example_dags/example_branch_operator_decorator.py
[2026-04-09T02:59:49.152+0000] {logging_mixin.py:190} INFO - [2026-04-09T02:59:49.152+0000] {dag.py:3239} INFO - Sync 1 DAGs
[2026-04-09T02:59:49.160+0000] {logging_mixin.py:190} INFO - [2026-04-09T02:59:49.160+0000] {dag.py:4180} INFO - Setting next_dagrun for example_branch_python_operator_decorator to 2026-04-08 00:00:00+00:00, run_after=2026-04-09 00:00:00+00:00
[2026-04-09T02:59:49.166+0000] {processor.py:208} INFO - Processing /home/airflow/.local/lib/python3.12/site-packages/airflow/example_dags/example_branch_operator_decorator.py took 0.036 seconds
[2026-04-09T03:15:18.748+0000] {processor.py:186} INFO - Started process (PID=39189) to work on /home/airflow/.local/lib/python3.12/site-packages/airflow/example_dags/example_branch_operator_decorator.py
[2026-04-09T03:15:18.749+0000] {processor.py:914} INFO - Processing file /home/airflow/.local/lib/python3.12/site-packages/airflow/example_dags/example_branch_operator_decorator.py for tasks to queue
[2026-04-09T03:15:18.750+0000] {logging_mixin.py:190} INFO - [2026-04-09T03:15:18.750+0000] {dagbag.py:588} INFO - Filling up the DagBag from /home/airflow/.local/lib/python3.12/site-packages/airflow/example_dags/example_branch_operator_decorator.py
[2026-04-09T03:15:18.759+0000] {processor.py:925} INFO - DAG(s) 'example_branch_python_operator_decorator' retrieved from /home/airflow/.local/lib/python3.12/site-packages/airflow/example_dags/example_branch_operator_decorator.py
[2026-04-09T03:15:18.775+0000] {logging_mixin.py:190} INFO - [2026-04-09T03:15:18.775+0000] {dag.py:3239} INFO - Sync 1 DAGs
[2026-04-09T03:15:18.784+0000] {logging_mixin.py:190} INFO - [2026-04-09T03:15:18.784+0000] {dag.py:4180} INFO - Setting next_dagrun for example_branch_python_operator_decorator to 2026-04-08 00:00:00+00:00, run_after=2026-04-09 00:00:00+00:00
[2026-04-09T03:15:18.794+0000] {processor.py:208} INFO - Processing /home/airflow/.local/lib/python3.12/site-packages/airflow/example_dags/example_branch_operator_decorator.py took 0.049 seconds
[2026-04-09T03:28:38.806+0000] {processor.py:186} INFO - Started process (PID=39253) to work on /home/airflow/.local/lib/python3.12/site-packages/airflow/example_dags/example_branch_operator_decorator.py
[2026-04-09T03:28:38.806+0000] {processor.py:914} INFO - Processing file /home/airflow/.local/lib/python3.12/site-packages/airflow/example_dags/example_branch_operator_decorator.py for tasks to queue
[2026-04-09T03:28:38.807+0000] {logging_mixin.py:190} INFO - [2026-04-09T03:28:38.807+0000] {dagbag.py:588} INFO - Filling up the DagBag from /home/airflow/.local/lib/python3.12/site-packages/airflow/example_dags/example_branch_operator_decorator.py
[2026-04-09T03:28:38.815+0000] {processor.py:925} INFO - DAG(s) 'example_branch_python_operator_decorator' retrieved from /home/airflow/.local/lib/python3.12/site-packages/airflow/example_dags/example_branch_operator_decorator.py
[2026-04-09T03:28:38.825+0000] {logging_mixin.py:190} INFO - [2026-04-09T03:28:38.825+0000] {dag.py:3239} INFO - Sync 1 DAGs
[2026-04-09T03:28:38.834+0000] {logging_mixin.py:190} INFO - [2026-04-09T03:28:38.834+0000] {dag.py:4180} INFO - Setting next_dagrun for example_branch_python_operator_decorator to 2026-04-08 00:00:00+00:00, run_after=2026-04-09 00:00:00+00:00
[2026-04-09T03:28:38.846+0000] {processor.py:208} INFO - Processing /home/airflow/.local/lib/python3.12/site-packages/airflow/example_dags/example_branch_operator_decorator.py took 0.043 seconds
[2026-04-09T03:29:09.130+0000] {processor.py:186} INFO - Started process (PID=39317) to work on /home/airflow/.local/lib/python3.12/site-packages/airflow/example_dags/example_branch_operator_decorator.py
[2026-04-09T03:29:09.130+0000] {processor.py:914} INFO - Processing file /home/airflow/.local/lib/python3.12/site-packages/airflow/example_dags/example_branch_operator_decorator.py for tasks to queue
[2026-04-09T03:29:09.131+0000] {logging_mixin.py:190} INFO - [2026-04-09T03:29:09.130+0000] {dagbag.py:588} INFO - Filling up the DagBag from /home/airflow/.local/lib/python3.12/site-packages/airflow/example_dags/example_branch_operator_decorator.py
[2026-04-09T03:29:09.139+0000] {processor.py:925} INFO - DAG(s) 'example_branch_python_operator_decorator' retrieved from /home/airflow/.local/lib/python3.12/site-packages/airflow/example_dags/example_branch_operator_decorator.py
[2026-04-09T03:29:09.149+0000] {logging_mixin.py:190} INFO - [2026-04-09T03:29:09.149+0000] {dag.py:3239} INFO - Sync 1 DAGs
[2026-04-09T03:29:09.158+0000] {logging_mixin.py:190} INFO - [2026-04-09T03:29:09.158+0000] {dag.py:4180} INFO - Setting next_dagrun for example_branch_python_operator_decorator to 2026-04-08 00:00:00+00:00, run_after=2026-04-09 00:00:00+00:00
[2026-04-09T03:29:09.164+0000] {processor.py:208} INFO - Processing /home/airflow/.local/lib/python3.12/site-packages/airflow/example_dags/example_branch_operator_decorator.py took 0.037 seconds
[2026-04-09T03:44:39.890+0000] {processor.py:186} INFO - Started process (PID=39381) to work on /home/airflow/.local/lib/python3.12/site-packages/airflow/example_dags/example_branch_operator_decorator.py
[2026-04-09T03:44:39.890+0000] {processor.py:914} INFO - Processing file /home/airflow/.local/lib/python3.12/site-packages/airflow/example_dags/example_branch_operator_decorator.py for tasks to queue
[2026-04-09T03:44:39.891+0000] {logging_mixin.py:190} INFO - [2026-04-09T03:44:39.891+0000] {dagbag.py:588} INFO - Filling up the DagBag from /home/airflow/.local/lib/python3.12/site-packages/airflow/example_dags/example_branch_operator_decorator.py
[2026-04-09T03:44:39.898+0000] {processor.py:925} INFO - DAG(s) 'example_branch_python_operator_decorator' retrieved from /home/airflow/.local/lib/python3.12/site-packages/airflow/example_dags/example_branch_operator_decorator.py
[2026-04-09T03:44:39.911+0000] {logging_mixin.py:190} INFO - [2026-04-09T03:44:39.911+0000] {dag.py:3239} INFO - Sync 1 DAGs
[2026-04-09T03:44:39.920+0000] {logging_mixin.py:190} INFO - [2026-04-09T03:44:39.919+0000] {dag.py:4180} INFO - Setting next_dagrun for example_branch_python_operator_decorator to 2026-04-08 00:00:00+00:00, run_after=2026-04-09 00:00:00+00:00
[2026-04-09T03:44:39.931+0000] {processor.py:208} INFO - Processing /home/airflow/.local/lib/python3.12/site-packages/airflow/example_dags/example_branch_operator_decorator.py took 0.043 seconds
[2026-04-09T04:00:10.538+0000] {processor.py:186} INFO - Started process (PID=39445) to work on /home/airflow/.local/lib/python3.12/site-packages/airflow/example_dags/example_branch_operator_decorator.py
[2026-04-09T04:00:10.540+0000] {processor.py:914} INFO - Processing file /home/airflow/.local/lib/python3.12/site-packages/airflow/example_dags/example_branch_operator_decorator.py for tasks to queue
[2026-04-09T04:00:10.540+0000] {logging_mixin.py:190} INFO - [2026-04-09T04:00:10.540+0000] {dagbag.py:588} INFO - Filling up the DagBag from /home/airflow/.local/lib/python3.12/site-packages/airflow/example_dags/example_branch_operator_decorator.py
[2026-04-09T04:00:10.550+0000] {processor.py:925} INFO - DAG(s) 'example_branch_python_operator_decorator' retrieved from /home/airflow/.local/lib/python3.12/site-packages/airflow/example_dags/example_branch_operator_decorator.py
[2026-04-09T04:00:10.567+0000] {logging_mixin.py:190} INFO - [2026-04-09T04:00:10.567+0000] {dag.py:3239} INFO - Sync 1 DAGs
[2026-04-09T04:00:10.576+0000] {logging_mixin.py:190} INFO - [2026-04-09T04:00:10.576+0000] {dag.py:4180} INFO - Setting next_dagrun for example_branch_python_operator_decorator to 2026-04-08 00:00:00+00:00, run_after=2026-04-09 00:00:00+00:00
[2026-04-09T04:00:10.589+0000] {processor.py:208} INFO - Processing /home/airflow/.local/lib/python3.12/site-packages/airflow/example_dags/example_branch_operator_decorator.py took 0.054 seconds
[2026-04-09T04:00:40.976+0000] {processor.py:186} INFO - Started process (PID=39509) to work on /home/airflow/.local/lib/python3.12/site-packages/airflow/example_dags/example_branch_operator_decorator.py
[2026-04-09T04:00:40.977+0000] {processor.py:914} INFO - Processing file /home/airflow/.local/lib/python3.12/site-packages/airflow/example_dags/example_branch_operator_decorator.py for tasks to queue
[2026-04-09T04:00:40.977+0000] {logging_mixin.py:190} INFO - [2026-04-09T04:00:40.977+0000] {dagbag.py:588} INFO - Filling up the DagBag from /home/airflow/.local/lib/python3.12/site-packages/airflow/example_dags/example_branch_operator_decorator.py
[2026-04-09T04:00:40.985+0000] {processor.py:925} INFO - DAG(s) 'example_branch_python_operator_decorator' retrieved from /home/airflow/.local/lib/python3.12/site-packages/airflow/example_dags/example_branch_operator_decorator.py
[2026-04-09T04:00:40.994+0000] {logging_mixin.py:190} INFO - [2026-04-09T04:00:40.994+0000] {dag.py:3239} INFO - Sync 1 DAGs
[2026-04-09T04:00:41.003+0000] {logging_mixin.py:190} INFO - [2026-04-09T04:00:41.002+0000] {dag.py:4180} INFO - Setting next_dagrun for example_branch_python_operator_decorator to 2026-04-08 00:00:00+00:00, run_after=2026-04-09 00:00:00+00:00
[2026-04-09T04:00:41.010+0000] {processor.py:208} INFO - Processing /home/airflow/.local/lib/python3.12/site-packages/airflow/example_dags/example_branch_operator_decorator.py took 0.036 seconds
[2026-04-09T04:16:11.480+0000] {processor.py:186} INFO - Started process (PID=39573) to work on /home/airflow/.local/lib/python3.12/site-packages/airflow/example_dags/example_branch_operator_decorator.py
[2026-04-09T04:16:11.482+0000] {processor.py:914} INFO - Processing file /home/airflow/.local/lib/python3.12/site-packages/airflow/example_dags/example_branch_operator_decorator.py for tasks to queue
[2026-04-09T04:16:11.483+0000] {logging_mixin.py:190} INFO - [2026-04-09T04:16:11.483+0000] {dagbag.py:588} INFO - Filling up the DagBag from /home/airflow/.local/lib/python3.12/site-packages/airflow/example_dags/example_branch_operator_decorator.py
[2026-04-09T04:16:11.493+0000] {processor.py:925} INFO - DAG(s) 'example_branch_python_operator_decorator' retrieved from /home/airflow/.local/lib/python3.12/site-packages/airflow/example_dags/example_branch_operator_decorator.py
[2026-04-09T04:16:11.507+0000] {logging_mixin.py:190} INFO - [2026-04-09T04:16:11.506+0000] {dag.py:3239} INFO - Sync 1 DAGs
[2026-04-09T04:16:11.517+0000] {logging_mixin.py:190} INFO - [2026-04-09T04:16:11.517+0000] {dag.py:4180} INFO - Setting next_dagrun for example_branch_python_operator_decorator to 2026-04-08 00:00:00+00:00, run_after=2026-04-09 00:00:00+00:00
[2026-04-09T04:16:11.523+0000] {processor.py:208} INFO - Processing /home/airflow/.local/lib/python3.12/site-packages/airflow/example_dags/example_branch_operator_decorator.py took 0.045 seconds
[2026-04-09T04:28:02.860+0000] {processor.py:186} INFO - Started process (PID=39637) to work on /home/airflow/.local/lib/python3.12/site-packages/airflow/example_dags/example_branch_operator_decorator.py
[2026-04-09T04:28:02.861+0000] {processor.py:914} INFO - Processing file /home/airflow/.local/lib/python3.12/site-packages/airflow/example_dags/example_branch_operator_decorator.py for tasks to queue
[2026-04-09T04:28:02.862+0000] {logging_mixin.py:190} INFO - [2026-04-09T04:28:02.861+0000] {dagbag.py:588} INFO - Filling up the DagBag from /home/airflow/.local/lib/python3.12/site-packages/airflow/example_dags/example_branch_operator_decorator.py
[2026-04-09T04:28:02.872+0000] {processor.py:925} INFO - DAG(s) 'example_branch_python_operator_decorator' retrieved from /home/airflow/.local/lib/python3.12/site-packages/airflow/example_dags/example_branch_operator_decorator.py
[2026-04-09T04:28:02.885+0000] {logging_mixin.py:190} INFO - [2026-04-09T04:28:02.885+0000] {dag.py:3239} INFO - Sync 1 DAGs
[2026-04-09T04:28:02.894+0000] {logging_mixin.py:190} INFO - [2026-04-09T04:28:02.894+0000] {dag.py:4180} INFO - Setting next_dagrun for example_branch_python_operator_decorator to 2026-04-08 00:00:00+00:00, run_after=2026-04-09 00:00:00+00:00
[2026-04-09T04:28:02.905+0000] {processor.py:208} INFO - Processing /home/airflow/.local/lib/python3.12/site-packages/airflow/example_dags/example_branch_operator_decorator.py took 0.048 seconds
