[2026-04-09T00:10:46.832+0000] {processor.py:186} INFO - Started process (PID=38028) to work on /home/airflow/.local/lib/python3.12/site-packages/airflow/example_dags/tutorial_dag.py
[2026-04-09T00:10:46.832+0000] {processor.py:914} INFO - Processing file /home/airflow/.local/lib/python3.12/site-packages/airflow/example_dags/tutorial_dag.py for tasks to queue
[2026-04-09T00:10:46.833+0000] {logging_mixin.py:190} INFO - [2026-04-09T00:10:46.833+0000] {dagbag.py:588} INFO - Filling up the DagBag from /home/airflow/.local/lib/python3.12/site-packages/airflow/example_dags/tutorial_dag.py
[2026-04-09T00:10:46.839+0000] {processor.py:925} INFO - DAG(s) 'tutorial_dag' retrieved from /home/airflow/.local/lib/python3.12/site-packages/airflow/example_dags/tutorial_dag.py
[2026-04-09T00:10:46.853+0000] {logging_mixin.py:190} INFO - [2026-04-09T00:10:46.853+0000] {dag.py:3239} INFO - Sync 1 DAGs
[2026-04-09T00:10:46.860+0000] {logging_mixin.py:190} INFO - [2026-04-09T00:10:46.860+0000] {dag.py:4180} INFO - Setting next_dagrun for tutorial_dag to None, run_after=None
[2026-04-09T00:10:46.868+0000] {processor.py:208} INFO - Processing /home/airflow/.local/lib/python3.12/site-packages/airflow/example_dags/tutorial_dag.py took 0.039 seconds
[2026-04-09T00:11:17.146+0000] {processor.py:186} INFO - Started process (PID=38092) to work on /home/airflow/.local/lib/python3.12/site-packages/airflow/example_dags/tutorial_dag.py
[2026-04-09T00:11:17.147+0000] {processor.py:914} INFO - Processing file /home/airflow/.local/lib/python3.12/site-packages/airflow/example_dags/tutorial_dag.py for tasks to queue
[2026-04-09T00:11:17.147+0000] {logging_mixin.py:190} INFO - [2026-04-09T00:11:17.147+0000] {dagbag.py:588} INFO - Filling up the DagBag from /home/airflow/.local/lib/python3.12/site-packages/airflow/example_dags/tutorial_dag.py
[2026-04-09T00:11:17.153+0000] {processor.py:925} INFO - DAG(s) 'tutorial_dag' retrieved from /home/airflow/.local/lib/python3.12/site-packages/airflow/example_dags/tutorial_dag.py
[2026-04-09T00:11:17.165+0000] {logging_mixin.py:190} INFO - [2026-04-09T00:11:17.162+0000] {dag.py:3239} INFO - Sync 1 DAGs
[2026-04-09T00:11:17.171+0000] {logging_mixin.py:190} INFO - [2026-04-09T00:11:17.171+0000] {dag.py:4180} INFO - Setting next_dagrun for tutorial_dag to None, run_after=None
[2026-04-09T00:11:17.179+0000] {processor.py:208} INFO - Processing /home/airflow/.local/lib/python3.12/site-packages/airflow/example_dags/tutorial_dag.py took 0.035 seconds
[2026-04-09T00:26:46.914+0000] {processor.py:186} INFO - Started process (PID=38156) to work on /home/airflow/.local/lib/python3.12/site-packages/airflow/example_dags/tutorial_dag.py
[2026-04-09T00:26:46.915+0000] {processor.py:914} INFO - Processing file /home/airflow/.local/lib/python3.12/site-packages/airflow/example_dags/tutorial_dag.py for tasks to queue
[2026-04-09T00:26:46.916+0000] {logging_mixin.py:190} INFO - [2026-04-09T00:26:46.916+0000] {dagbag.py:588} INFO - Filling up the DagBag from /home/airflow/.local/lib/python3.12/site-packages/airflow/example_dags/tutorial_dag.py
[2026-04-09T00:26:46.919+0000] {processor.py:925} INFO - DAG(s) 'tutorial_dag' retrieved from /home/airflow/.local/lib/python3.12/site-packages/airflow/example_dags/tutorial_dag.py
[2026-04-09T00:26:46.927+0000] {logging_mixin.py:190} INFO - [2026-04-09T00:26:46.927+0000] {dag.py:3239} INFO - Sync 1 DAGs
[2026-04-09T00:26:46.932+0000] {logging_mixin.py:190} INFO - [2026-04-09T00:26:46.932+0000] {dag.py:4180} INFO - Setting next_dagrun for tutorial_dag to None, run_after=None
[2026-04-09T00:26:46.941+0000] {processor.py:208} INFO - Processing /home/airflow/.local/lib/python3.12/site-packages/airflow/example_dags/tutorial_dag.py took 0.029 seconds
[2026-04-09T00:42:17.092+0000] {processor.py:186} INFO - Started process (PID=38220) to work on /home/airflow/.local/lib/python3.12/site-packages/airflow/example_dags/tutorial_dag.py
[2026-04-09T00:42:17.092+0000] {processor.py:914} INFO - Processing file /home/airflow/.local/lib/python3.12/site-packages/airflow/example_dags/tutorial_dag.py for tasks to queue
[2026-04-09T00:42:17.092+0000] {logging_mixin.py:190} INFO - [2026-04-09T00:42:17.092+0000] {dagbag.py:588} INFO - Filling up the DagBag from /home/airflow/.local/lib/python3.12/site-packages/airflow/example_dags/tutorial_dag.py
[2026-04-09T00:42:17.095+0000] {processor.py:925} INFO - DAG(s) 'tutorial_dag' retrieved from /home/airflow/.local/lib/python3.12/site-packages/airflow/example_dags/tutorial_dag.py
[2026-04-09T00:42:17.103+0000] {logging_mixin.py:190} INFO - [2026-04-09T00:42:17.103+0000] {dag.py:3239} INFO - Sync 1 DAGs
[2026-04-09T00:42:17.109+0000] {logging_mixin.py:190} INFO - [2026-04-09T00:42:17.109+0000] {dag.py:4180} INFO - Setting next_dagrun for tutorial_dag to None, run_after=None
[2026-04-09T00:42:17.121+0000] {processor.py:208} INFO - Processing /home/airflow/.local/lib/python3.12/site-packages/airflow/example_dags/tutorial_dag.py took 0.032 seconds
[2026-04-09T00:59:14.437+0000] {processor.py:186} INFO - Started process (PID=38284) to work on /home/airflow/.local/lib/python3.12/site-packages/airflow/example_dags/tutorial_dag.py
[2026-04-09T00:59:14.437+0000] {processor.py:914} INFO - Processing file /home/airflow/.local/lib/python3.12/site-packages/airflow/example_dags/tutorial_dag.py for tasks to queue
[2026-04-09T00:59:14.438+0000] {logging_mixin.py:190} INFO - [2026-04-09T00:59:14.438+0000] {dagbag.py:588} INFO - Filling up the DagBag from /home/airflow/.local/lib/python3.12/site-packages/airflow/example_dags/tutorial_dag.py
[2026-04-09T00:59:14.442+0000] {processor.py:925} INFO - DAG(s) 'tutorial_dag' retrieved from /home/airflow/.local/lib/python3.12/site-packages/airflow/example_dags/tutorial_dag.py
[2026-04-09T00:59:14.450+0000] {logging_mixin.py:190} INFO - [2026-04-09T00:59:14.450+0000] {dag.py:3239} INFO - Sync 1 DAGs
[2026-04-09T00:59:14.456+0000] {logging_mixin.py:190} INFO - [2026-04-09T00:59:14.456+0000] {dag.py:4180} INFO - Setting next_dagrun for tutorial_dag to None, run_after=None
[2026-04-09T00:59:14.463+0000] {processor.py:208} INFO - Processing /home/airflow/.local/lib/python3.12/site-packages/airflow/example_dags/tutorial_dag.py took 0.029 seconds
[2026-04-09T01:14:44.929+0000] {processor.py:186} INFO - Started process (PID=38348) to work on /home/airflow/.local/lib/python3.12/site-packages/airflow/example_dags/tutorial_dag.py
[2026-04-09T01:14:44.930+0000] {processor.py:914} INFO - Processing file /home/airflow/.local/lib/python3.12/site-packages/airflow/example_dags/tutorial_dag.py for tasks to queue
[2026-04-09T01:14:44.930+0000] {logging_mixin.py:190} INFO - [2026-04-09T01:14:44.930+0000] {dagbag.py:588} INFO - Filling up the DagBag from /home/airflow/.local/lib/python3.12/site-packages/airflow/example_dags/tutorial_dag.py
[2026-04-09T01:14:44.936+0000] {processor.py:925} INFO - DAG(s) 'tutorial_dag' retrieved from /home/airflow/.local/lib/python3.12/site-packages/airflow/example_dags/tutorial_dag.py
[2026-04-09T01:14:44.948+0000] {logging_mixin.py:190} INFO - [2026-04-09T01:14:44.948+0000] {dag.py:3239} INFO - Sync 1 DAGs
[2026-04-09T01:14:44.957+0000] {logging_mixin.py:190} INFO - [2026-04-09T01:14:44.957+0000] {dag.py:4180} INFO - Setting next_dagrun for tutorial_dag to None, run_after=None
[2026-04-09T01:14:44.967+0000] {processor.py:208} INFO - Processing /home/airflow/.local/lib/python3.12/site-packages/airflow/example_dags/tutorial_dag.py took 0.042 seconds
[2026-04-09T01:15:15.054+0000] {processor.py:186} INFO - Started process (PID=38412) to work on /home/airflow/.local/lib/python3.12/site-packages/airflow/example_dags/tutorial_dag.py
[2026-04-09T01:15:15.055+0000] {processor.py:914} INFO - Processing file /home/airflow/.local/lib/python3.12/site-packages/airflow/example_dags/tutorial_dag.py for tasks to queue
[2026-04-09T01:15:15.056+0000] {logging_mixin.py:190} INFO - [2026-04-09T01:15:15.055+0000] {dagbag.py:588} INFO - Filling up the DagBag from /home/airflow/.local/lib/python3.12/site-packages/airflow/example_dags/tutorial_dag.py
[2026-04-09T01:15:15.061+0000] {processor.py:925} INFO - DAG(s) 'tutorial_dag' retrieved from /home/airflow/.local/lib/python3.12/site-packages/airflow/example_dags/tutorial_dag.py
[2026-04-09T01:15:15.074+0000] {logging_mixin.py:190} INFO - [2026-04-09T01:15:15.074+0000] {dag.py:3239} INFO - Sync 1 DAGs
[2026-04-09T01:15:15.080+0000] {logging_mixin.py:190} INFO - [2026-04-09T01:15:15.080+0000] {dag.py:4180} INFO - Setting next_dagrun for tutorial_dag to None, run_after=None
[2026-04-09T01:15:15.088+0000] {processor.py:208} INFO - Processing /home/airflow/.local/lib/python3.12/site-packages/airflow/example_dags/tutorial_dag.py took 0.036 seconds
[2026-04-09T01:30:51.970+0000] {processor.py:186} INFO - Started process (PID=38476) to work on /home/airflow/.local/lib/python3.12/site-packages/airflow/example_dags/tutorial_dag.py
[2026-04-09T01:30:51.971+0000] {processor.py:914} INFO - Processing file /home/airflow/.local/lib/python3.12/site-packages/airflow/example_dags/tutorial_dag.py for tasks to queue
[2026-04-09T01:30:51.971+0000] {logging_mixin.py:190} INFO - [2026-04-09T01:30:51.971+0000] {dagbag.py:588} INFO - Filling up the DagBag from /home/airflow/.local/lib/python3.12/site-packages/airflow/example_dags/tutorial_dag.py
[2026-04-09T01:30:51.974+0000] {processor.py:925} INFO - DAG(s) 'tutorial_dag' retrieved from /home/airflow/.local/lib/python3.12/site-packages/airflow/example_dags/tutorial_dag.py
[2026-04-09T01:30:51.986+0000] {logging_mixin.py:190} INFO - [2026-04-09T01:30:51.986+0000] {dag.py:3239} INFO - Sync 1 DAGs
[2026-04-09T01:30:51.991+0000] {logging_mixin.py:190} INFO - [2026-04-09T01:30:51.991+0000] {dag.py:4180} INFO - Setting next_dagrun for tutorial_dag to None, run_after=None
[2026-04-09T01:30:52.001+0000] {processor.py:208} INFO - Processing /home/airflow/.local/lib/python3.12/site-packages/airflow/example_dags/tutorial_dag.py took 0.033 seconds
[2026-04-09T01:46:23.498+0000] {processor.py:186} INFO - Started process (PID=38540) to work on /home/airflow/.local/lib/python3.12/site-packages/airflow/example_dags/tutorial_dag.py
[2026-04-09T01:46:23.498+0000] {processor.py:914} INFO - Processing file /home/airflow/.local/lib/python3.12/site-packages/airflow/example_dags/tutorial_dag.py for tasks to queue
[2026-04-09T01:46:23.499+0000] {logging_mixin.py:190} INFO - [2026-04-09T01:46:23.498+0000] {dagbag.py:588} INFO - Filling up the DagBag from /home/airflow/.local/lib/python3.12/site-packages/airflow/example_dags/tutorial_dag.py
[2026-04-09T01:46:23.502+0000] {processor.py:925} INFO - DAG(s) 'tutorial_dag' retrieved from /home/airflow/.local/lib/python3.12/site-packages/airflow/example_dags/tutorial_dag.py
[2026-04-09T01:46:23.509+0000] {logging_mixin.py:190} INFO - [2026-04-09T01:46:23.509+0000] {dag.py:3239} INFO - Sync 1 DAGs
[2026-04-09T01:46:23.517+0000] {logging_mixin.py:190} INFO - [2026-04-09T01:46:23.516+0000] {dag.py:4180} INFO - Setting next_dagrun for tutorial_dag to None, run_after=None
[2026-04-09T01:46:23.529+0000] {processor.py:208} INFO - Processing /home/airflow/.local/lib/python3.12/site-packages/airflow/example_dags/tutorial_dag.py took 0.033 seconds
[2026-04-09T01:46:54.700+0000] {processor.py:186} INFO - Started process (PID=38604) to work on /home/airflow/.local/lib/python3.12/site-packages/airflow/example_dags/tutorial_dag.py
[2026-04-09T01:46:54.701+0000] {processor.py:914} INFO - Processing file /home/airflow/.local/lib/python3.12/site-packages/airflow/example_dags/tutorial_dag.py for tasks to queue
[2026-04-09T01:46:54.701+0000] {logging_mixin.py:190} INFO - [2026-04-09T01:46:54.701+0000] {dagbag.py:588} INFO - Filling up the DagBag from /home/airflow/.local/lib/python3.12/site-packages/airflow/example_dags/tutorial_dag.py
[2026-04-09T01:46:54.704+0000] {processor.py:925} INFO - DAG(s) 'tutorial_dag' retrieved from /home/airflow/.local/lib/python3.12/site-packages/airflow/example_dags/tutorial_dag.py
[2026-04-09T01:46:54.715+0000] {logging_mixin.py:190} INFO - [2026-04-09T01:46:54.715+0000] {dag.py:3239} INFO - Sync 1 DAGs
[2026-04-09T01:46:54.720+0000] {logging_mixin.py:190} INFO - [2026-04-09T01:46:54.720+0000] {dag.py:4180} INFO - Setting next_dagrun for tutorial_dag to None, run_after=None
[2026-04-09T01:46:54.728+0000] {processor.py:208} INFO - Processing /home/airflow/.local/lib/python3.12/site-packages/airflow/example_dags/tutorial_dag.py took 0.031 seconds
[2026-04-09T02:02:24.031+0000] {processor.py:186} INFO - Started process (PID=38668) to work on /home/airflow/.local/lib/python3.12/site-packages/airflow/example_dags/tutorial_dag.py
[2026-04-09T02:02:24.031+0000] {processor.py:914} INFO - Processing file /home/airflow/.local/lib/python3.12/site-packages/airflow/example_dags/tutorial_dag.py for tasks to queue
[2026-04-09T02:02:24.032+0000] {logging_mixin.py:190} INFO - [2026-04-09T02:02:24.032+0000] {dagbag.py:588} INFO - Filling up the DagBag from /home/airflow/.local/lib/python3.12/site-packages/airflow/example_dags/tutorial_dag.py
[2026-04-09T02:02:24.034+0000] {processor.py:925} INFO - DAG(s) 'tutorial_dag' retrieved from /home/airflow/.local/lib/python3.12/site-packages/airflow/example_dags/tutorial_dag.py
[2026-04-09T02:02:24.041+0000] {logging_mixin.py:190} INFO - [2026-04-09T02:02:24.041+0000] {dag.py:3239} INFO - Sync 1 DAGs
[2026-04-09T02:02:24.046+0000] {logging_mixin.py:190} INFO - [2026-04-09T02:02:24.046+0000] {dag.py:4180} INFO - Setting next_dagrun for tutorial_dag to None, run_after=None
[2026-04-09T02:02:24.051+0000] {processor.py:208} INFO - Processing /home/airflow/.local/lib/python3.12/site-packages/airflow/example_dags/tutorial_dag.py took 0.022 seconds
[2026-04-09T02:17:55.893+0000] {processor.py:186} INFO - Started process (PID=38732) to work on /home/airflow/.local/lib/python3.12/site-packages/airflow/example_dags/tutorial_dag.py
[2026-04-09T02:17:55.894+0000] {processor.py:914} INFO - Processing file /home/airflow/.local/lib/python3.12/site-packages/airflow/example_dags/tutorial_dag.py for tasks to queue
[2026-04-09T02:17:55.894+0000] {logging_mixin.py:190} INFO - [2026-04-09T02:17:55.894+0000] {dagbag.py:588} INFO - Filling up the DagBag from /home/airflow/.local/lib/python3.12/site-packages/airflow/example_dags/tutorial_dag.py
[2026-04-09T02:17:55.897+0000] {processor.py:925} INFO - DAG(s) 'tutorial_dag' retrieved from /home/airflow/.local/lib/python3.12/site-packages/airflow/example_dags/tutorial_dag.py
[2026-04-09T02:17:55.904+0000] {logging_mixin.py:190} INFO - [2026-04-09T02:17:55.904+0000] {dag.py:3239} INFO - Sync 1 DAGs
[2026-04-09T02:17:55.909+0000] {logging_mixin.py:190} INFO - [2026-04-09T02:17:55.909+0000] {dag.py:4180} INFO - Setting next_dagrun for tutorial_dag to None, run_after=None
[2026-04-09T02:17:55.915+0000] {processor.py:208} INFO - Processing /home/airflow/.local/lib/python3.12/site-packages/airflow/example_dags/tutorial_dag.py took 0.024 seconds
[2026-04-09T02:18:26.529+0000] {processor.py:186} INFO - Started process (PID=38796) to work on /home/airflow/.local/lib/python3.12/site-packages/airflow/example_dags/tutorial_dag.py
[2026-04-09T02:18:26.530+0000] {processor.py:914} INFO - Processing file /home/airflow/.local/lib/python3.12/site-packages/airflow/example_dags/tutorial_dag.py for tasks to queue
[2026-04-09T02:18:26.530+0000] {logging_mixin.py:190} INFO - [2026-04-09T02:18:26.530+0000] {dagbag.py:588} INFO - Filling up the DagBag from /home/airflow/.local/lib/python3.12/site-packages/airflow/example_dags/tutorial_dag.py
[2026-04-09T02:18:26.533+0000] {processor.py:925} INFO - DAG(s) 'tutorial_dag' retrieved from /home/airflow/.local/lib/python3.12/site-packages/airflow/example_dags/tutorial_dag.py
[2026-04-09T02:18:26.541+0000] {logging_mixin.py:190} INFO - [2026-04-09T02:18:26.541+0000] {dag.py:3239} INFO - Sync 1 DAGs
[2026-04-09T02:18:26.547+0000] {logging_mixin.py:190} INFO - [2026-04-09T02:18:26.547+0000] {dag.py:4180} INFO - Setting next_dagrun for tutorial_dag to None, run_after=None
[2026-04-09T02:18:26.554+0000] {processor.py:208} INFO - Processing /home/airflow/.local/lib/python3.12/site-packages/airflow/example_dags/tutorial_dag.py took 0.028 seconds
[2026-04-09T02:27:46.333+0000] {processor.py:186} INFO - Started process (PID=38860) to work on /home/airflow/.local/lib/python3.12/site-packages/airflow/example_dags/tutorial_dag.py
[2026-04-09T02:27:46.334+0000] {processor.py:914} INFO - Processing file /home/airflow/.local/lib/python3.12/site-packages/airflow/example_dags/tutorial_dag.py for tasks to queue
[2026-04-09T02:27:46.334+0000] {logging_mixin.py:190} INFO - [2026-04-09T02:27:46.334+0000] {dagbag.py:588} INFO - Filling up the DagBag from /home/airflow/.local/lib/python3.12/site-packages/airflow/example_dags/tutorial_dag.py
[2026-04-09T02:27:46.337+0000] {processor.py:925} INFO - DAG(s) 'tutorial_dag' retrieved from /home/airflow/.local/lib/python3.12/site-packages/airflow/example_dags/tutorial_dag.py
[2026-04-09T02:27:46.343+0000] {logging_mixin.py:190} INFO - [2026-04-09T02:27:46.343+0000] {dag.py:3239} INFO - Sync 1 DAGs
[2026-04-09T02:27:46.348+0000] {logging_mixin.py:190} INFO - [2026-04-09T02:27:46.348+0000] {dag.py:4180} INFO - Setting next_dagrun for tutorial_dag to None, run_after=None
[2026-04-09T02:27:46.353+0000] {processor.py:208} INFO - Processing /home/airflow/.local/lib/python3.12/site-packages/airflow/example_dags/tutorial_dag.py took 0.021 seconds
[2026-04-09T02:43:17.319+0000] {processor.py:186} INFO - Started process (PID=38924) to work on /home/airflow/.local/lib/python3.12/site-packages/airflow/example_dags/tutorial_dag.py
[2026-04-09T02:43:17.321+0000] {processor.py:914} INFO - Processing file /home/airflow/.local/lib/python3.12/site-packages/airflow/example_dags/tutorial_dag.py for tasks to queue
[2026-04-09T02:43:17.322+0000] {logging_mixin.py:190} INFO - [2026-04-09T02:43:17.322+0000] {dagbag.py:588} INFO - Filling up the DagBag from /home/airflow/.local/lib/python3.12/site-packages/airflow/example_dags/tutorial_dag.py
[2026-04-09T02:43:17.333+0000] {processor.py:925} INFO - DAG(s) 'tutorial_dag' retrieved from /home/airflow/.local/lib/python3.12/site-packages/airflow/example_dags/tutorial_dag.py
[2026-04-09T02:43:17.359+0000] {logging_mixin.py:190} INFO - [2026-04-09T02:43:17.359+0000] {dag.py:3239} INFO - Sync 1 DAGs
[2026-04-09T02:43:17.376+0000] {logging_mixin.py:190} INFO - [2026-04-09T02:43:17.376+0000] {dag.py:4180} INFO - Setting next_dagrun for tutorial_dag to None, run_after=None
[2026-04-09T02:43:17.397+0000] {processor.py:208} INFO - Processing /home/airflow/.local/lib/python3.12/site-packages/airflow/example_dags/tutorial_dag.py took 0.085 seconds
[2026-04-09T02:43:48.121+0000] {processor.py:186} INFO - Started process (PID=38988) to work on /home/airflow/.local/lib/python3.12/site-packages/airflow/example_dags/tutorial_dag.py
[2026-04-09T02:43:48.122+0000] {processor.py:914} INFO - Processing file /home/airflow/.local/lib/python3.12/site-packages/airflow/example_dags/tutorial_dag.py for tasks to queue
[2026-04-09T02:43:48.122+0000] {logging_mixin.py:190} INFO - [2026-04-09T02:43:48.122+0000] {dagbag.py:588} INFO - Filling up the DagBag from /home/airflow/.local/lib/python3.12/site-packages/airflow/example_dags/tutorial_dag.py
[2026-04-09T02:43:48.125+0000] {processor.py:925} INFO - DAG(s) 'tutorial_dag' retrieved from /home/airflow/.local/lib/python3.12/site-packages/airflow/example_dags/tutorial_dag.py
[2026-04-09T02:43:48.132+0000] {logging_mixin.py:190} INFO - [2026-04-09T02:43:48.131+0000] {dag.py:3239} INFO - Sync 1 DAGs
[2026-04-09T02:43:48.137+0000] {logging_mixin.py:190} INFO - [2026-04-09T02:43:48.137+0000] {dag.py:4180} INFO - Setting next_dagrun for tutorial_dag to None, run_after=None
[2026-04-09T02:43:48.144+0000] {processor.py:208} INFO - Processing /home/airflow/.local/lib/python3.12/site-packages/airflow/example_dags/tutorial_dag.py took 0.025 seconds
[2026-04-09T02:59:17.541+0000] {processor.py:186} INFO - Started process (PID=39052) to work on /home/airflow/.local/lib/python3.12/site-packages/airflow/example_dags/tutorial_dag.py
[2026-04-09T02:59:17.542+0000] {processor.py:914} INFO - Processing file /home/airflow/.local/lib/python3.12/site-packages/airflow/example_dags/tutorial_dag.py for tasks to queue
[2026-04-09T02:59:17.542+0000] {logging_mixin.py:190} INFO - [2026-04-09T02:59:17.542+0000] {dagbag.py:588} INFO - Filling up the DagBag from /home/airflow/.local/lib/python3.12/site-packages/airflow/example_dags/tutorial_dag.py
[2026-04-09T02:59:17.546+0000] {processor.py:925} INFO - DAG(s) 'tutorial_dag' retrieved from /home/airflow/.local/lib/python3.12/site-packages/airflow/example_dags/tutorial_dag.py
[2026-04-09T02:59:17.556+0000] {logging_mixin.py:190} INFO - [2026-04-09T02:59:17.556+0000] {dag.py:3239} INFO - Sync 1 DAGs
[2026-04-09T02:59:17.564+0000] {logging_mixin.py:190} INFO - [2026-04-09T02:59:17.564+0000] {dag.py:4180} INFO - Setting next_dagrun for tutorial_dag to None, run_after=None
[2026-04-09T02:59:17.573+0000] {processor.py:208} INFO - Processing /home/airflow/.local/lib/python3.12/site-packages/airflow/example_dags/tutorial_dag.py took 0.034 seconds
[2026-04-09T02:59:48.846+0000] {processor.py:186} INFO - Started process (PID=39116) to work on /home/airflow/.local/lib/python3.12/site-packages/airflow/example_dags/tutorial_dag.py
[2026-04-09T02:59:48.847+0000] {processor.py:914} INFO - Processing file /home/airflow/.local/lib/python3.12/site-packages/airflow/example_dags/tutorial_dag.py for tasks to queue
[2026-04-09T02:59:48.847+0000] {logging_mixin.py:190} INFO - [2026-04-09T02:59:48.847+0000] {dagbag.py:588} INFO - Filling up the DagBag from /home/airflow/.local/lib/python3.12/site-packages/airflow/example_dags/tutorial_dag.py
[2026-04-09T02:59:48.851+0000] {processor.py:925} INFO - DAG(s) 'tutorial_dag' retrieved from /home/airflow/.local/lib/python3.12/site-packages/airflow/example_dags/tutorial_dag.py
[2026-04-09T02:59:48.857+0000] {logging_mixin.py:190} INFO - [2026-04-09T02:59:48.857+0000] {dag.py:3239} INFO - Sync 1 DAGs
[2026-04-09T02:59:48.862+0000] {logging_mixin.py:190} INFO - [2026-04-09T02:59:48.862+0000] {dag.py:4180} INFO - Setting next_dagrun for tutorial_dag to None, run_after=None
[2026-04-09T02:59:48.868+0000] {processor.py:208} INFO - Processing /home/airflow/.local/lib/python3.12/site-packages/airflow/example_dags/tutorial_dag.py took 0.023 seconds
[2026-04-09T03:15:18.487+0000] {processor.py:186} INFO - Started process (PID=39180) to work on /home/airflow/.local/lib/python3.12/site-packages/airflow/example_dags/tutorial_dag.py
[2026-04-09T03:15:18.488+0000] {processor.py:914} INFO - Processing file /home/airflow/.local/lib/python3.12/site-packages/airflow/example_dags/tutorial_dag.py for tasks to queue
[2026-04-09T03:15:18.488+0000] {logging_mixin.py:190} INFO - [2026-04-09T03:15:18.488+0000] {dagbag.py:588} INFO - Filling up the DagBag from /home/airflow/.local/lib/python3.12/site-packages/airflow/example_dags/tutorial_dag.py
[2026-04-09T03:15:18.491+0000] {processor.py:925} INFO - DAG(s) 'tutorial_dag' retrieved from /home/airflow/.local/lib/python3.12/site-packages/airflow/example_dags/tutorial_dag.py
[2026-04-09T03:15:18.501+0000] {logging_mixin.py:190} INFO - [2026-04-09T03:15:18.501+0000] {dag.py:3239} INFO - Sync 1 DAGs
[2026-04-09T03:15:18.506+0000] {logging_mixin.py:190} INFO - [2026-04-09T03:15:18.506+0000] {dag.py:4180} INFO - Setting next_dagrun for tutorial_dag to None, run_after=None
[2026-04-09T03:15:18.516+0000] {processor.py:208} INFO - Processing /home/airflow/.local/lib/python3.12/site-packages/airflow/example_dags/tutorial_dag.py took 0.031 seconds
[2026-04-09T03:28:38.531+0000] {processor.py:186} INFO - Started process (PID=39244) to work on /home/airflow/.local/lib/python3.12/site-packages/airflow/example_dags/tutorial_dag.py
[2026-04-09T03:28:38.531+0000] {processor.py:914} INFO - Processing file /home/airflow/.local/lib/python3.12/site-packages/airflow/example_dags/tutorial_dag.py for tasks to queue
[2026-04-09T03:28:38.531+0000] {logging_mixin.py:190} INFO - [2026-04-09T03:28:38.531+0000] {dagbag.py:588} INFO - Filling up the DagBag from /home/airflow/.local/lib/python3.12/site-packages/airflow/example_dags/tutorial_dag.py
[2026-04-09T03:28:38.534+0000] {processor.py:925} INFO - DAG(s) 'tutorial_dag' retrieved from /home/airflow/.local/lib/python3.12/site-packages/airflow/example_dags/tutorial_dag.py
[2026-04-09T03:28:38.541+0000] {logging_mixin.py:190} INFO - [2026-04-09T03:28:38.541+0000] {dag.py:3239} INFO - Sync 1 DAGs
[2026-04-09T03:28:38.545+0000] {logging_mixin.py:190} INFO - [2026-04-09T03:28:38.545+0000] {dag.py:4180} INFO - Setting next_dagrun for tutorial_dag to None, run_after=None
[2026-04-09T03:28:38.550+0000] {processor.py:208} INFO - Processing /home/airflow/.local/lib/python3.12/site-packages/airflow/example_dags/tutorial_dag.py took 0.022 seconds
[2026-04-09T03:29:08.842+0000] {processor.py:186} INFO - Started process (PID=39308) to work on /home/airflow/.local/lib/python3.12/site-packages/airflow/example_dags/tutorial_dag.py
[2026-04-09T03:29:08.843+0000] {processor.py:914} INFO - Processing file /home/airflow/.local/lib/python3.12/site-packages/airflow/example_dags/tutorial_dag.py for tasks to queue
[2026-04-09T03:29:08.843+0000] {logging_mixin.py:190} INFO - [2026-04-09T03:29:08.843+0000] {dagbag.py:588} INFO - Filling up the DagBag from /home/airflow/.local/lib/python3.12/site-packages/airflow/example_dags/tutorial_dag.py
[2026-04-09T03:29:08.846+0000] {processor.py:925} INFO - DAG(s) 'tutorial_dag' retrieved from /home/airflow/.local/lib/python3.12/site-packages/airflow/example_dags/tutorial_dag.py
[2026-04-09T03:29:08.856+0000] {logging_mixin.py:190} INFO - [2026-04-09T03:29:08.856+0000] {dag.py:3239} INFO - Sync 1 DAGs
[2026-04-09T03:29:08.861+0000] {logging_mixin.py:190} INFO - [2026-04-09T03:29:08.861+0000] {dag.py:4180} INFO - Setting next_dagrun for tutorial_dag to None, run_after=None
[2026-04-09T03:29:08.870+0000] {processor.py:208} INFO - Processing /home/airflow/.local/lib/python3.12/site-packages/airflow/example_dags/tutorial_dag.py took 0.030 seconds
[2026-04-09T03:44:39.641+0000] {processor.py:186} INFO - Started process (PID=39372) to work on /home/airflow/.local/lib/python3.12/site-packages/airflow/example_dags/tutorial_dag.py
[2026-04-09T03:44:39.641+0000] {processor.py:914} INFO - Processing file /home/airflow/.local/lib/python3.12/site-packages/airflow/example_dags/tutorial_dag.py for tasks to queue
[2026-04-09T03:44:39.642+0000] {logging_mixin.py:190} INFO - [2026-04-09T03:44:39.642+0000] {dagbag.py:588} INFO - Filling up the DagBag from /home/airflow/.local/lib/python3.12/site-packages/airflow/example_dags/tutorial_dag.py
[2026-04-09T03:44:39.644+0000] {processor.py:925} INFO - DAG(s) 'tutorial_dag' retrieved from /home/airflow/.local/lib/python3.12/site-packages/airflow/example_dags/tutorial_dag.py
[2026-04-09T03:44:39.655+0000] {logging_mixin.py:190} INFO - [2026-04-09T03:44:39.655+0000] {dag.py:3239} INFO - Sync 1 DAGs
[2026-04-09T03:44:39.661+0000] {logging_mixin.py:190} INFO - [2026-04-09T03:44:39.661+0000] {dag.py:4180} INFO - Setting next_dagrun for tutorial_dag to None, run_after=None
[2026-04-09T03:44:39.669+0000] {processor.py:208} INFO - Processing /home/airflow/.local/lib/python3.12/site-packages/airflow/example_dags/tutorial_dag.py took 0.030 seconds
[2026-04-09T04:00:10.261+0000] {processor.py:186} INFO - Started process (PID=39436) to work on /home/airflow/.local/lib/python3.12/site-packages/airflow/example_dags/tutorial_dag.py
[2026-04-09T04:00:10.262+0000] {processor.py:914} INFO - Processing file /home/airflow/.local/lib/python3.12/site-packages/airflow/example_dags/tutorial_dag.py for tasks to queue
[2026-04-09T04:00:10.262+0000] {logging_mixin.py:190} INFO - [2026-04-09T04:00:10.262+0000] {dagbag.py:588} INFO - Filling up the DagBag from /home/airflow/.local/lib/python3.12/site-packages/airflow/example_dags/tutorial_dag.py
[2026-04-09T04:00:10.265+0000] {processor.py:925} INFO - DAG(s) 'tutorial_dag' retrieved from /home/airflow/.local/lib/python3.12/site-packages/airflow/example_dags/tutorial_dag.py
[2026-04-09T04:00:10.274+0000] {logging_mixin.py:190} INFO - [2026-04-09T04:00:10.274+0000] {dag.py:3239} INFO - Sync 1 DAGs
[2026-04-09T04:00:10.279+0000] {logging_mixin.py:190} INFO - [2026-04-09T04:00:10.279+0000] {dag.py:4180} INFO - Setting next_dagrun for tutorial_dag to None, run_after=None
[2026-04-09T04:00:10.289+0000] {processor.py:208} INFO - Processing /home/airflow/.local/lib/python3.12/site-packages/airflow/example_dags/tutorial_dag.py took 0.029 seconds
[2026-04-09T04:00:40.713+0000] {processor.py:186} INFO - Started process (PID=39500) to work on /home/airflow/.local/lib/python3.12/site-packages/airflow/example_dags/tutorial_dag.py
[2026-04-09T04:00:40.715+0000] {processor.py:914} INFO - Processing file /home/airflow/.local/lib/python3.12/site-packages/airflow/example_dags/tutorial_dag.py for tasks to queue
[2026-04-09T04:00:40.716+0000] {logging_mixin.py:190} INFO - [2026-04-09T04:00:40.716+0000] {dagbag.py:588} INFO - Filling up the DagBag from /home/airflow/.local/lib/python3.12/site-packages/airflow/example_dags/tutorial_dag.py
[2026-04-09T04:00:40.721+0000] {processor.py:925} INFO - DAG(s) 'tutorial_dag' retrieved from /home/airflow/.local/lib/python3.12/site-packages/airflow/example_dags/tutorial_dag.py
[2026-04-09T04:00:40.730+0000] {logging_mixin.py:190} INFO - [2026-04-09T04:00:40.730+0000] {dag.py:3239} INFO - Sync 1 DAGs
[2026-04-09T04:00:40.737+0000] {logging_mixin.py:190} INFO - [2026-04-09T04:00:40.737+0000] {dag.py:4180} INFO - Setting next_dagrun for tutorial_dag to None, run_after=None
[2026-04-09T04:00:40.743+0000] {processor.py:208} INFO - Processing /home/airflow/.local/lib/python3.12/site-packages/airflow/example_dags/tutorial_dag.py took 0.033 seconds
[2026-04-09T04:16:11.209+0000] {processor.py:186} INFO - Started process (PID=39564) to work on /home/airflow/.local/lib/python3.12/site-packages/airflow/example_dags/tutorial_dag.py
[2026-04-09T04:16:11.210+0000] {processor.py:914} INFO - Processing file /home/airflow/.local/lib/python3.12/site-packages/airflow/example_dags/tutorial_dag.py for tasks to queue
[2026-04-09T04:16:11.210+0000] {logging_mixin.py:190} INFO - [2026-04-09T04:16:11.210+0000] {dagbag.py:588} INFO - Filling up the DagBag from /home/airflow/.local/lib/python3.12/site-packages/airflow/example_dags/tutorial_dag.py
[2026-04-09T04:16:11.214+0000] {processor.py:925} INFO - DAG(s) 'tutorial_dag' retrieved from /home/airflow/.local/lib/python3.12/site-packages/airflow/example_dags/tutorial_dag.py
[2026-04-09T04:16:11.222+0000] {logging_mixin.py:190} INFO - [2026-04-09T04:16:11.222+0000] {dag.py:3239} INFO - Sync 1 DAGs
[2026-04-09T04:16:11.230+0000] {logging_mixin.py:190} INFO - [2026-04-09T04:16:11.230+0000] {dag.py:4180} INFO - Setting next_dagrun for tutorial_dag to None, run_after=None
[2026-04-09T04:16:11.240+0000] {processor.py:208} INFO - Processing /home/airflow/.local/lib/python3.12/site-packages/airflow/example_dags/tutorial_dag.py took 0.033 seconds
[2026-04-09T04:28:02.551+0000] {processor.py:186} INFO - Started process (PID=39628) to work on /home/airflow/.local/lib/python3.12/site-packages/airflow/example_dags/tutorial_dag.py
[2026-04-09T04:28:02.552+0000] {processor.py:914} INFO - Processing file /home/airflow/.local/lib/python3.12/site-packages/airflow/example_dags/tutorial_dag.py for tasks to queue
[2026-04-09T04:28:02.554+0000] {logging_mixin.py:190} INFO - [2026-04-09T04:28:02.553+0000] {dagbag.py:588} INFO - Filling up the DagBag from /home/airflow/.local/lib/python3.12/site-packages/airflow/example_dags/tutorial_dag.py
[2026-04-09T04:28:02.557+0000] {processor.py:925} INFO - DAG(s) 'tutorial_dag' retrieved from /home/airflow/.local/lib/python3.12/site-packages/airflow/example_dags/tutorial_dag.py
[2026-04-09T04:28:02.564+0000] {logging_mixin.py:190} INFO - [2026-04-09T04:28:02.564+0000] {dag.py:3239} INFO - Sync 1 DAGs
[2026-04-09T04:28:02.569+0000] {logging_mixin.py:190} INFO - [2026-04-09T04:28:02.569+0000] {dag.py:4180} INFO - Setting next_dagrun for tutorial_dag to None, run_after=None
[2026-04-09T04:28:02.579+0000] {processor.py:208} INFO - Processing /home/airflow/.local/lib/python3.12/site-packages/airflow/example_dags/tutorial_dag.py took 0.031 seconds
