[2026-04-09T00:10:46.872+0000] {processor.py:186} INFO - Started process (PID=38029) to work on /home/airflow/.local/lib/python3.12/site-packages/airflow/example_dags/tutorial_objectstorage.py
[2026-04-09T00:10:46.872+0000] {processor.py:914} INFO - Processing file /home/airflow/.local/lib/python3.12/site-packages/airflow/example_dags/tutorial_objectstorage.py for tasks to queue
[2026-04-09T00:10:46.872+0000] {logging_mixin.py:190} INFO - [2026-04-09T00:10:46.872+0000] {dagbag.py:588} INFO - Filling up the DagBag from /home/airflow/.local/lib/python3.12/site-packages/airflow/example_dags/tutorial_objectstorage.py
[2026-04-09T00:10:46.877+0000] {processor.py:925} INFO - DAG(s) 'tutorial_objectstorage' retrieved from /home/airflow/.local/lib/python3.12/site-packages/airflow/example_dags/tutorial_objectstorage.py
[2026-04-09T00:10:46.888+0000] {logging_mixin.py:190} INFO - [2026-04-09T00:10:46.888+0000] {dag.py:3239} INFO - Sync 1 DAGs
[2026-04-09T00:10:46.897+0000] {logging_mixin.py:190} INFO - [2026-04-09T00:10:46.897+0000] {dag.py:4180} INFO - Setting next_dagrun for tutorial_objectstorage to None, run_after=None
[2026-04-09T00:10:46.911+0000] {processor.py:208} INFO - Processing /home/airflow/.local/lib/python3.12/site-packages/airflow/example_dags/tutorial_objectstorage.py took 0.042 seconds
[2026-04-09T00:11:17.173+0000] {processor.py:186} INFO - Started process (PID=38093) to work on /home/airflow/.local/lib/python3.12/site-packages/airflow/example_dags/tutorial_objectstorage.py
[2026-04-09T00:11:17.174+0000] {processor.py:914} INFO - Processing file /home/airflow/.local/lib/python3.12/site-packages/airflow/example_dags/tutorial_objectstorage.py for tasks to queue
[2026-04-09T00:11:17.175+0000] {logging_mixin.py:190} INFO - [2026-04-09T00:11:17.174+0000] {dagbag.py:588} INFO - Filling up the DagBag from /home/airflow/.local/lib/python3.12/site-packages/airflow/example_dags/tutorial_objectstorage.py
[2026-04-09T00:11:17.180+0000] {processor.py:925} INFO - DAG(s) 'tutorial_objectstorage' retrieved from /home/airflow/.local/lib/python3.12/site-packages/airflow/example_dags/tutorial_objectstorage.py
[2026-04-09T00:11:17.188+0000] {logging_mixin.py:190} INFO - [2026-04-09T00:11:17.188+0000] {dag.py:3239} INFO - Sync 1 DAGs
[2026-04-09T00:11:17.193+0000] {logging_mixin.py:190} INFO - [2026-04-09T00:11:17.193+0000] {dag.py:4180} INFO - Setting next_dagrun for tutorial_objectstorage to None, run_after=None
[2026-04-09T00:11:17.202+0000] {processor.py:208} INFO - Processing /home/airflow/.local/lib/python3.12/site-packages/airflow/example_dags/tutorial_objectstorage.py took 0.031 seconds
[2026-04-09T00:26:46.930+0000] {processor.py:186} INFO - Started process (PID=38157) to work on /home/airflow/.local/lib/python3.12/site-packages/airflow/example_dags/tutorial_objectstorage.py
[2026-04-09T00:26:46.931+0000] {processor.py:914} INFO - Processing file /home/airflow/.local/lib/python3.12/site-packages/airflow/example_dags/tutorial_objectstorage.py for tasks to queue
[2026-04-09T00:26:46.931+0000] {logging_mixin.py:190} INFO - [2026-04-09T00:26:46.931+0000] {dagbag.py:588} INFO - Filling up the DagBag from /home/airflow/.local/lib/python3.12/site-packages/airflow/example_dags/tutorial_objectstorage.py
[2026-04-09T00:26:46.937+0000] {processor.py:925} INFO - DAG(s) 'tutorial_objectstorage' retrieved from /home/airflow/.local/lib/python3.12/site-packages/airflow/example_dags/tutorial_objectstorage.py
[2026-04-09T00:26:46.947+0000] {logging_mixin.py:190} INFO - [2026-04-09T00:26:46.947+0000] {dag.py:3239} INFO - Sync 1 DAGs
[2026-04-09T00:26:46.952+0000] {logging_mixin.py:190} INFO - [2026-04-09T00:26:46.952+0000] {dag.py:4180} INFO - Setting next_dagrun for tutorial_objectstorage to None, run_after=None
[2026-04-09T00:26:46.961+0000] {processor.py:208} INFO - Processing /home/airflow/.local/lib/python3.12/site-packages/airflow/example_dags/tutorial_objectstorage.py took 0.033 seconds
[2026-04-09T00:42:17.098+0000] {processor.py:186} INFO - Started process (PID=38221) to work on /home/airflow/.local/lib/python3.12/site-packages/airflow/example_dags/tutorial_objectstorage.py
[2026-04-09T00:42:17.098+0000] {processor.py:914} INFO - Processing file /home/airflow/.local/lib/python3.12/site-packages/airflow/example_dags/tutorial_objectstorage.py for tasks to queue
[2026-04-09T00:42:17.099+0000] {logging_mixin.py:190} INFO - [2026-04-09T00:42:17.099+0000] {dagbag.py:588} INFO - Filling up the DagBag from /home/airflow/.local/lib/python3.12/site-packages/airflow/example_dags/tutorial_objectstorage.py
[2026-04-09T00:42:17.103+0000] {processor.py:925} INFO - DAG(s) 'tutorial_objectstorage' retrieved from /home/airflow/.local/lib/python3.12/site-packages/airflow/example_dags/tutorial_objectstorage.py
[2026-04-09T00:42:17.113+0000] {logging_mixin.py:190} INFO - [2026-04-09T00:42:17.113+0000] {dag.py:3239} INFO - Sync 1 DAGs
[2026-04-09T00:42:17.117+0000] {logging_mixin.py:190} INFO - [2026-04-09T00:42:17.117+0000] {dag.py:4180} INFO - Setting next_dagrun for tutorial_objectstorage to None, run_after=None
[2026-04-09T00:42:17.126+0000] {processor.py:208} INFO - Processing /home/airflow/.local/lib/python3.12/site-packages/airflow/example_dags/tutorial_objectstorage.py took 0.030 seconds
[2026-04-09T00:59:14.474+0000] {processor.py:186} INFO - Started process (PID=38285) to work on /home/airflow/.local/lib/python3.12/site-packages/airflow/example_dags/tutorial_objectstorage.py
[2026-04-09T00:59:14.475+0000] {processor.py:914} INFO - Processing file /home/airflow/.local/lib/python3.12/site-packages/airflow/example_dags/tutorial_objectstorage.py for tasks to queue
[2026-04-09T00:59:14.475+0000] {logging_mixin.py:190} INFO - [2026-04-09T00:59:14.475+0000] {dagbag.py:588} INFO - Filling up the DagBag from /home/airflow/.local/lib/python3.12/site-packages/airflow/example_dags/tutorial_objectstorage.py
[2026-04-09T00:59:14.481+0000] {processor.py:925} INFO - DAG(s) 'tutorial_objectstorage' retrieved from /home/airflow/.local/lib/python3.12/site-packages/airflow/example_dags/tutorial_objectstorage.py
[2026-04-09T00:59:14.490+0000] {logging_mixin.py:190} INFO - [2026-04-09T00:59:14.490+0000] {dag.py:3239} INFO - Sync 1 DAGs
[2026-04-09T00:59:14.497+0000] {logging_mixin.py:190} INFO - [2026-04-09T00:59:14.497+0000] {dag.py:4180} INFO - Setting next_dagrun for tutorial_objectstorage to None, run_after=None
[2026-04-09T00:59:14.509+0000] {processor.py:208} INFO - Processing /home/airflow/.local/lib/python3.12/site-packages/airflow/example_dags/tutorial_objectstorage.py took 0.038 seconds
[2026-04-09T01:14:44.983+0000] {processor.py:186} INFO - Started process (PID=38349) to work on /home/airflow/.local/lib/python3.12/site-packages/airflow/example_dags/tutorial_objectstorage.py
[2026-04-09T01:14:44.985+0000] {processor.py:914} INFO - Processing file /home/airflow/.local/lib/python3.12/site-packages/airflow/example_dags/tutorial_objectstorage.py for tasks to queue
[2026-04-09T01:14:44.985+0000] {logging_mixin.py:190} INFO - [2026-04-09T01:14:44.985+0000] {dagbag.py:588} INFO - Filling up the DagBag from /home/airflow/.local/lib/python3.12/site-packages/airflow/example_dags/tutorial_objectstorage.py
[2026-04-09T01:14:44.995+0000] {processor.py:925} INFO - DAG(s) 'tutorial_objectstorage' retrieved from /home/airflow/.local/lib/python3.12/site-packages/airflow/example_dags/tutorial_objectstorage.py
[2026-04-09T01:14:45.011+0000] {logging_mixin.py:190} INFO - [2026-04-09T01:14:45.011+0000] {dag.py:3239} INFO - Sync 1 DAGs
[2026-04-09T01:14:45.022+0000] {logging_mixin.py:190} INFO - [2026-04-09T01:14:45.022+0000] {dag.py:4180} INFO - Setting next_dagrun for tutorial_objectstorage to None, run_after=None
[2026-04-09T01:14:45.038+0000] {processor.py:208} INFO - Processing /home/airflow/.local/lib/python3.12/site-packages/airflow/example_dags/tutorial_objectstorage.py took 0.060 seconds
[2026-04-09T01:15:15.091+0000] {processor.py:186} INFO - Started process (PID=38413) to work on /home/airflow/.local/lib/python3.12/site-packages/airflow/example_dags/tutorial_objectstorage.py
[2026-04-09T01:15:15.092+0000] {processor.py:914} INFO - Processing file /home/airflow/.local/lib/python3.12/site-packages/airflow/example_dags/tutorial_objectstorage.py for tasks to queue
[2026-04-09T01:15:15.092+0000] {logging_mixin.py:190} INFO - [2026-04-09T01:15:15.092+0000] {dagbag.py:588} INFO - Filling up the DagBag from /home/airflow/.local/lib/python3.12/site-packages/airflow/example_dags/tutorial_objectstorage.py
[2026-04-09T01:15:15.098+0000] {processor.py:925} INFO - DAG(s) 'tutorial_objectstorage' retrieved from /home/airflow/.local/lib/python3.12/site-packages/airflow/example_dags/tutorial_objectstorage.py
[2026-04-09T01:15:15.108+0000] {logging_mixin.py:190} INFO - [2026-04-09T01:15:15.108+0000] {dag.py:3239} INFO - Sync 1 DAGs
[2026-04-09T01:15:15.115+0000] {logging_mixin.py:190} INFO - [2026-04-09T01:15:15.115+0000] {dag.py:4180} INFO - Setting next_dagrun for tutorial_objectstorage to None, run_after=None
[2026-04-09T01:15:15.128+0000] {processor.py:208} INFO - Processing /home/airflow/.local/lib/python3.12/site-packages/airflow/example_dags/tutorial_objectstorage.py took 0.039 seconds
[2026-04-09T01:30:52.008+0000] {processor.py:186} INFO - Started process (PID=38477) to work on /home/airflow/.local/lib/python3.12/site-packages/airflow/example_dags/tutorial_objectstorage.py
[2026-04-09T01:30:52.008+0000] {processor.py:914} INFO - Processing file /home/airflow/.local/lib/python3.12/site-packages/airflow/example_dags/tutorial_objectstorage.py for tasks to queue
[2026-04-09T01:30:52.008+0000] {logging_mixin.py:190} INFO - [2026-04-09T01:30:52.008+0000] {dagbag.py:588} INFO - Filling up the DagBag from /home/airflow/.local/lib/python3.12/site-packages/airflow/example_dags/tutorial_objectstorage.py
[2026-04-09T01:30:52.012+0000] {processor.py:925} INFO - DAG(s) 'tutorial_objectstorage' retrieved from /home/airflow/.local/lib/python3.12/site-packages/airflow/example_dags/tutorial_objectstorage.py
[2026-04-09T01:30:52.018+0000] {logging_mixin.py:190} INFO - [2026-04-09T01:30:52.018+0000] {dag.py:3239} INFO - Sync 1 DAGs
[2026-04-09T01:30:52.023+0000] {logging_mixin.py:190} INFO - [2026-04-09T01:30:52.023+0000] {dag.py:4180} INFO - Setting next_dagrun for tutorial_objectstorage to None, run_after=None
[2026-04-09T01:30:52.028+0000] {processor.py:208} INFO - Processing /home/airflow/.local/lib/python3.12/site-packages/airflow/example_dags/tutorial_objectstorage.py took 0.022 seconds
[2026-04-09T01:46:23.505+0000] {processor.py:186} INFO - Started process (PID=38541) to work on /home/airflow/.local/lib/python3.12/site-packages/airflow/example_dags/tutorial_objectstorage.py
[2026-04-09T01:46:23.506+0000] {processor.py:914} INFO - Processing file /home/airflow/.local/lib/python3.12/site-packages/airflow/example_dags/tutorial_objectstorage.py for tasks to queue
[2026-04-09T01:46:23.507+0000] {logging_mixin.py:190} INFO - [2026-04-09T01:46:23.506+0000] {dagbag.py:588} INFO - Filling up the DagBag from /home/airflow/.local/lib/python3.12/site-packages/airflow/example_dags/tutorial_objectstorage.py
[2026-04-09T01:46:23.512+0000] {processor.py:925} INFO - DAG(s) 'tutorial_objectstorage' retrieved from /home/airflow/.local/lib/python3.12/site-packages/airflow/example_dags/tutorial_objectstorage.py
[2026-04-09T01:46:23.519+0000] {logging_mixin.py:190} INFO - [2026-04-09T01:46:23.519+0000] {dag.py:3239} INFO - Sync 1 DAGs
[2026-04-09T01:46:23.524+0000] {logging_mixin.py:190} INFO - [2026-04-09T01:46:23.524+0000] {dag.py:4180} INFO - Setting next_dagrun for tutorial_objectstorage to None, run_after=None
[2026-04-09T01:46:23.532+0000] {processor.py:208} INFO - Processing /home/airflow/.local/lib/python3.12/site-packages/airflow/example_dags/tutorial_objectstorage.py took 0.030 seconds
[2026-04-09T01:46:54.734+0000] {processor.py:186} INFO - Started process (PID=38605) to work on /home/airflow/.local/lib/python3.12/site-packages/airflow/example_dags/tutorial_objectstorage.py
[2026-04-09T01:46:54.734+0000] {processor.py:914} INFO - Processing file /home/airflow/.local/lib/python3.12/site-packages/airflow/example_dags/tutorial_objectstorage.py for tasks to queue
[2026-04-09T01:46:54.735+0000] {logging_mixin.py:190} INFO - [2026-04-09T01:46:54.735+0000] {dagbag.py:588} INFO - Filling up the DagBag from /home/airflow/.local/lib/python3.12/site-packages/airflow/example_dags/tutorial_objectstorage.py
[2026-04-09T01:46:54.739+0000] {processor.py:925} INFO - DAG(s) 'tutorial_objectstorage' retrieved from /home/airflow/.local/lib/python3.12/site-packages/airflow/example_dags/tutorial_objectstorage.py
[2026-04-09T01:46:54.748+0000] {logging_mixin.py:190} INFO - [2026-04-09T01:46:54.748+0000] {dag.py:3239} INFO - Sync 1 DAGs
[2026-04-09T01:46:54.756+0000] {logging_mixin.py:190} INFO - [2026-04-09T01:46:54.756+0000] {dag.py:4180} INFO - Setting next_dagrun for tutorial_objectstorage to None, run_after=None
[2026-04-09T01:46:54.764+0000] {processor.py:208} INFO - Processing /home/airflow/.local/lib/python3.12/site-packages/airflow/example_dags/tutorial_objectstorage.py took 0.032 seconds
[2026-04-09T02:02:24.060+0000] {processor.py:186} INFO - Started process (PID=38669) to work on /home/airflow/.local/lib/python3.12/site-packages/airflow/example_dags/tutorial_objectstorage.py
[2026-04-09T02:02:24.061+0000] {processor.py:914} INFO - Processing file /home/airflow/.local/lib/python3.12/site-packages/airflow/example_dags/tutorial_objectstorage.py for tasks to queue
[2026-04-09T02:02:24.061+0000] {logging_mixin.py:190} INFO - [2026-04-09T02:02:24.061+0000] {dagbag.py:588} INFO - Filling up the DagBag from /home/airflow/.local/lib/python3.12/site-packages/airflow/example_dags/tutorial_objectstorage.py
[2026-04-09T02:02:24.066+0000] {processor.py:925} INFO - DAG(s) 'tutorial_objectstorage' retrieved from /home/airflow/.local/lib/python3.12/site-packages/airflow/example_dags/tutorial_objectstorage.py
[2026-04-09T02:02:24.076+0000] {logging_mixin.py:190} INFO - [2026-04-09T02:02:24.075+0000] {dag.py:3239} INFO - Sync 1 DAGs
[2026-04-09T02:02:24.082+0000] {logging_mixin.py:190} INFO - [2026-04-09T02:02:24.082+0000] {dag.py:4180} INFO - Setting next_dagrun for tutorial_objectstorage to None, run_after=None
[2026-04-09T02:02:24.094+0000] {processor.py:208} INFO - Processing /home/airflow/.local/lib/python3.12/site-packages/airflow/example_dags/tutorial_objectstorage.py took 0.036 seconds
[2026-04-09T02:17:55.925+0000] {processor.py:186} INFO - Started process (PID=38733) to work on /home/airflow/.local/lib/python3.12/site-packages/airflow/example_dags/tutorial_objectstorage.py
[2026-04-09T02:17:55.925+0000] {processor.py:914} INFO - Processing file /home/airflow/.local/lib/python3.12/site-packages/airflow/example_dags/tutorial_objectstorage.py for tasks to queue
[2026-04-09T02:17:55.926+0000] {logging_mixin.py:190} INFO - [2026-04-09T02:17:55.926+0000] {dagbag.py:588} INFO - Filling up the DagBag from /home/airflow/.local/lib/python3.12/site-packages/airflow/example_dags/tutorial_objectstorage.py
[2026-04-09T02:17:55.930+0000] {processor.py:925} INFO - DAG(s) 'tutorial_objectstorage' retrieved from /home/airflow/.local/lib/python3.12/site-packages/airflow/example_dags/tutorial_objectstorage.py
[2026-04-09T02:17:55.941+0000] {logging_mixin.py:190} INFO - [2026-04-09T02:17:55.941+0000] {dag.py:3239} INFO - Sync 1 DAGs
[2026-04-09T02:17:55.947+0000] {logging_mixin.py:190} INFO - [2026-04-09T02:17:55.947+0000] {dag.py:4180} INFO - Setting next_dagrun for tutorial_objectstorage to None, run_after=None
[2026-04-09T02:17:55.957+0000] {processor.py:208} INFO - Processing /home/airflow/.local/lib/python3.12/site-packages/airflow/example_dags/tutorial_objectstorage.py took 0.035 seconds
[2026-04-09T02:18:26.564+0000] {processor.py:186} INFO - Started process (PID=38797) to work on /home/airflow/.local/lib/python3.12/site-packages/airflow/example_dags/tutorial_objectstorage.py
[2026-04-09T02:18:26.565+0000] {processor.py:914} INFO - Processing file /home/airflow/.local/lib/python3.12/site-packages/airflow/example_dags/tutorial_objectstorage.py for tasks to queue
[2026-04-09T02:18:26.565+0000] {logging_mixin.py:190} INFO - [2026-04-09T02:18:26.565+0000] {dagbag.py:588} INFO - Filling up the DagBag from /home/airflow/.local/lib/python3.12/site-packages/airflow/example_dags/tutorial_objectstorage.py
[2026-04-09T02:18:26.571+0000] {processor.py:925} INFO - DAG(s) 'tutorial_objectstorage' retrieved from /home/airflow/.local/lib/python3.12/site-packages/airflow/example_dags/tutorial_objectstorage.py
[2026-04-09T02:18:26.579+0000] {logging_mixin.py:190} INFO - [2026-04-09T02:18:26.579+0000] {dag.py:3239} INFO - Sync 1 DAGs
[2026-04-09T02:18:26.584+0000] {logging_mixin.py:190} INFO - [2026-04-09T02:18:26.584+0000] {dag.py:4180} INFO - Setting next_dagrun for tutorial_objectstorage to None, run_after=None
[2026-04-09T02:18:26.593+0000] {processor.py:208} INFO - Processing /home/airflow/.local/lib/python3.12/site-packages/airflow/example_dags/tutorial_objectstorage.py took 0.032 seconds
[2026-04-09T02:27:46.362+0000] {processor.py:186} INFO - Started process (PID=38861) to work on /home/airflow/.local/lib/python3.12/site-packages/airflow/example_dags/tutorial_objectstorage.py
[2026-04-09T02:27:46.362+0000] {processor.py:914} INFO - Processing file /home/airflow/.local/lib/python3.12/site-packages/airflow/example_dags/tutorial_objectstorage.py for tasks to queue
[2026-04-09T02:27:46.362+0000] {logging_mixin.py:190} INFO - [2026-04-09T02:27:46.362+0000] {dagbag.py:588} INFO - Filling up the DagBag from /home/airflow/.local/lib/python3.12/site-packages/airflow/example_dags/tutorial_objectstorage.py
[2026-04-09T02:27:46.368+0000] {processor.py:925} INFO - DAG(s) 'tutorial_objectstorage' retrieved from /home/airflow/.local/lib/python3.12/site-packages/airflow/example_dags/tutorial_objectstorage.py
[2026-04-09T02:27:46.376+0000] {logging_mixin.py:190} INFO - [2026-04-09T02:27:46.376+0000] {dag.py:3239} INFO - Sync 1 DAGs
[2026-04-09T02:27:46.381+0000] {logging_mixin.py:190} INFO - [2026-04-09T02:27:46.381+0000] {dag.py:4180} INFO - Setting next_dagrun for tutorial_objectstorage to None, run_after=None
[2026-04-09T02:27:46.388+0000] {processor.py:208} INFO - Processing /home/airflow/.local/lib/python3.12/site-packages/airflow/example_dags/tutorial_objectstorage.py took 0.029 seconds
[2026-04-09T02:43:17.375+0000] {processor.py:186} INFO - Started process (PID=38925) to work on /home/airflow/.local/lib/python3.12/site-packages/airflow/example_dags/tutorial_objectstorage.py
[2026-04-09T02:43:17.376+0000] {processor.py:914} INFO - Processing file /home/airflow/.local/lib/python3.12/site-packages/airflow/example_dags/tutorial_objectstorage.py for tasks to queue
[2026-04-09T02:43:17.378+0000] {logging_mixin.py:190} INFO - [2026-04-09T02:43:17.378+0000] {dagbag.py:588} INFO - Filling up the DagBag from /home/airflow/.local/lib/python3.12/site-packages/airflow/example_dags/tutorial_objectstorage.py
[2026-04-09T02:43:17.395+0000] {processor.py:925} INFO - DAG(s) 'tutorial_objectstorage' retrieved from /home/airflow/.local/lib/python3.12/site-packages/airflow/example_dags/tutorial_objectstorage.py
[2026-04-09T02:43:17.416+0000] {logging_mixin.py:190} INFO - [2026-04-09T02:43:17.416+0000] {dag.py:3239} INFO - Sync 1 DAGs
[2026-04-09T02:43:17.434+0000] {logging_mixin.py:190} INFO - [2026-04-09T02:43:17.433+0000] {dag.py:4180} INFO - Setting next_dagrun for tutorial_objectstorage to None, run_after=None
[2026-04-09T02:43:17.459+0000] {processor.py:208} INFO - Processing /home/airflow/.local/lib/python3.12/site-packages/airflow/example_dags/tutorial_objectstorage.py took 0.091 seconds
[2026-04-09T02:43:48.129+0000] {processor.py:186} INFO - Started process (PID=38989) to work on /home/airflow/.local/lib/python3.12/site-packages/airflow/example_dags/tutorial_objectstorage.py
[2026-04-09T02:43:48.131+0000] {processor.py:914} INFO - Processing file /home/airflow/.local/lib/python3.12/site-packages/airflow/example_dags/tutorial_objectstorage.py for tasks to queue
[2026-04-09T02:43:48.132+0000] {logging_mixin.py:190} INFO - [2026-04-09T02:43:48.132+0000] {dagbag.py:588} INFO - Filling up the DagBag from /home/airflow/.local/lib/python3.12/site-packages/airflow/example_dags/tutorial_objectstorage.py
[2026-04-09T02:43:48.136+0000] {processor.py:925} INFO - DAG(s) 'tutorial_objectstorage' retrieved from /home/airflow/.local/lib/python3.12/site-packages/airflow/example_dags/tutorial_objectstorage.py
[2026-04-09T02:43:48.146+0000] {logging_mixin.py:190} INFO - [2026-04-09T02:43:48.146+0000] {dag.py:3239} INFO - Sync 1 DAGs
[2026-04-09T02:43:48.151+0000] {logging_mixin.py:190} INFO - [2026-04-09T02:43:48.151+0000] {dag.py:4180} INFO - Setting next_dagrun for tutorial_objectstorage to None, run_after=None
[2026-04-09T02:43:48.157+0000] {processor.py:208} INFO - Processing /home/airflow/.local/lib/python3.12/site-packages/airflow/example_dags/tutorial_objectstorage.py took 0.030 seconds
[2026-04-09T02:59:17.546+0000] {processor.py:186} INFO - Started process (PID=39053) to work on /home/airflow/.local/lib/python3.12/site-packages/airflow/example_dags/tutorial_objectstorage.py
[2026-04-09T02:59:17.546+0000] {processor.py:914} INFO - Processing file /home/airflow/.local/lib/python3.12/site-packages/airflow/example_dags/tutorial_objectstorage.py for tasks to queue
[2026-04-09T02:59:17.547+0000] {logging_mixin.py:190} INFO - [2026-04-09T02:59:17.547+0000] {dagbag.py:588} INFO - Filling up the DagBag from /home/airflow/.local/lib/python3.12/site-packages/airflow/example_dags/tutorial_objectstorage.py
[2026-04-09T02:59:17.552+0000] {processor.py:925} INFO - DAG(s) 'tutorial_objectstorage' retrieved from /home/airflow/.local/lib/python3.12/site-packages/airflow/example_dags/tutorial_objectstorage.py
[2026-04-09T02:59:17.563+0000] {logging_mixin.py:190} INFO - [2026-04-09T02:59:17.563+0000] {dag.py:3239} INFO - Sync 1 DAGs
[2026-04-09T02:59:17.569+0000] {logging_mixin.py:190} INFO - [2026-04-09T02:59:17.569+0000] {dag.py:4180} INFO - Setting next_dagrun for tutorial_objectstorage to None, run_after=None
[2026-04-09T02:59:17.577+0000] {processor.py:208} INFO - Processing /home/airflow/.local/lib/python3.12/site-packages/airflow/example_dags/tutorial_objectstorage.py took 0.034 seconds
[2026-04-09T02:59:48.877+0000] {processor.py:186} INFO - Started process (PID=39117) to work on /home/airflow/.local/lib/python3.12/site-packages/airflow/example_dags/tutorial_objectstorage.py
[2026-04-09T02:59:48.879+0000] {processor.py:914} INFO - Processing file /home/airflow/.local/lib/python3.12/site-packages/airflow/example_dags/tutorial_objectstorage.py for tasks to queue
[2026-04-09T02:59:48.880+0000] {logging_mixin.py:190} INFO - [2026-04-09T02:59:48.880+0000] {dagbag.py:588} INFO - Filling up the DagBag from /home/airflow/.local/lib/python3.12/site-packages/airflow/example_dags/tutorial_objectstorage.py
[2026-04-09T02:59:48.884+0000] {processor.py:925} INFO - DAG(s) 'tutorial_objectstorage' retrieved from /home/airflow/.local/lib/python3.12/site-packages/airflow/example_dags/tutorial_objectstorage.py
[2026-04-09T02:59:48.905+0000] {logging_mixin.py:190} INFO - [2026-04-09T02:59:48.905+0000] {dag.py:3239} INFO - Sync 1 DAGs
[2026-04-09T02:59:48.914+0000] {logging_mixin.py:190} INFO - [2026-04-09T02:59:48.913+0000] {dag.py:4180} INFO - Setting next_dagrun for tutorial_objectstorage to None, run_after=None
[2026-04-09T02:59:48.927+0000] {processor.py:208} INFO - Processing /home/airflow/.local/lib/python3.12/site-packages/airflow/example_dags/tutorial_objectstorage.py took 0.053 seconds
[2026-04-09T03:15:18.489+0000] {processor.py:186} INFO - Started process (PID=39181) to work on /home/airflow/.local/lib/python3.12/site-packages/airflow/example_dags/tutorial_objectstorage.py
[2026-04-09T03:15:18.490+0000] {processor.py:914} INFO - Processing file /home/airflow/.local/lib/python3.12/site-packages/airflow/example_dags/tutorial_objectstorage.py for tasks to queue
[2026-04-09T03:15:18.491+0000] {logging_mixin.py:190} INFO - [2026-04-09T03:15:18.491+0000] {dagbag.py:588} INFO - Filling up the DagBag from /home/airflow/.local/lib/python3.12/site-packages/airflow/example_dags/tutorial_objectstorage.py
[2026-04-09T03:15:18.496+0000] {processor.py:925} INFO - DAG(s) 'tutorial_objectstorage' retrieved from /home/airflow/.local/lib/python3.12/site-packages/airflow/example_dags/tutorial_objectstorage.py
[2026-04-09T03:15:18.508+0000] {logging_mixin.py:190} INFO - [2026-04-09T03:15:18.508+0000] {dag.py:3239} INFO - Sync 1 DAGs
[2026-04-09T03:15:18.514+0000] {logging_mixin.py:190} INFO - [2026-04-09T03:15:18.514+0000] {dag.py:4180} INFO - Setting next_dagrun for tutorial_objectstorage to None, run_after=None
[2026-04-09T03:15:18.521+0000] {processor.py:208} INFO - Processing /home/airflow/.local/lib/python3.12/site-packages/airflow/example_dags/tutorial_objectstorage.py took 0.034 seconds
[2026-04-09T03:28:38.560+0000] {processor.py:186} INFO - Started process (PID=39245) to work on /home/airflow/.local/lib/python3.12/site-packages/airflow/example_dags/tutorial_objectstorage.py
[2026-04-09T03:28:38.560+0000] {processor.py:914} INFO - Processing file /home/airflow/.local/lib/python3.12/site-packages/airflow/example_dags/tutorial_objectstorage.py for tasks to queue
[2026-04-09T03:28:38.560+0000] {logging_mixin.py:190} INFO - [2026-04-09T03:28:38.560+0000] {dagbag.py:588} INFO - Filling up the DagBag from /home/airflow/.local/lib/python3.12/site-packages/airflow/example_dags/tutorial_objectstorage.py
[2026-04-09T03:28:38.564+0000] {processor.py:925} INFO - DAG(s) 'tutorial_objectstorage' retrieved from /home/airflow/.local/lib/python3.12/site-packages/airflow/example_dags/tutorial_objectstorage.py
[2026-04-09T03:28:38.573+0000] {logging_mixin.py:190} INFO - [2026-04-09T03:28:38.573+0000] {dag.py:3239} INFO - Sync 1 DAGs
[2026-04-09T03:28:38.579+0000] {logging_mixin.py:190} INFO - [2026-04-09T03:28:38.579+0000] {dag.py:4180} INFO - Setting next_dagrun for tutorial_objectstorage to None, run_after=None
[2026-04-09T03:28:38.587+0000] {processor.py:208} INFO - Processing /home/airflow/.local/lib/python3.12/site-packages/airflow/example_dags/tutorial_objectstorage.py took 0.030 seconds
[2026-04-09T03:29:08.876+0000] {processor.py:186} INFO - Started process (PID=39309) to work on /home/airflow/.local/lib/python3.12/site-packages/airflow/example_dags/tutorial_objectstorage.py
[2026-04-09T03:29:08.876+0000] {processor.py:914} INFO - Processing file /home/airflow/.local/lib/python3.12/site-packages/airflow/example_dags/tutorial_objectstorage.py for tasks to queue
[2026-04-09T03:29:08.877+0000] {logging_mixin.py:190} INFO - [2026-04-09T03:29:08.877+0000] {dagbag.py:588} INFO - Filling up the DagBag from /home/airflow/.local/lib/python3.12/site-packages/airflow/example_dags/tutorial_objectstorage.py
[2026-04-09T03:29:08.885+0000] {processor.py:925} INFO - DAG(s) 'tutorial_objectstorage' retrieved from /home/airflow/.local/lib/python3.12/site-packages/airflow/example_dags/tutorial_objectstorage.py
[2026-04-09T03:29:08.891+0000] {logging_mixin.py:190} INFO - [2026-04-09T03:29:08.891+0000] {dag.py:3239} INFO - Sync 1 DAGs
[2026-04-09T03:29:08.899+0000] {logging_mixin.py:190} INFO - [2026-04-09T03:29:08.899+0000] {dag.py:4180} INFO - Setting next_dagrun for tutorial_objectstorage to None, run_after=None
[2026-04-09T03:29:08.911+0000] {processor.py:208} INFO - Processing /home/airflow/.local/lib/python3.12/site-packages/airflow/example_dags/tutorial_objectstorage.py took 0.037 seconds
[2026-04-09T03:44:39.642+0000] {processor.py:186} INFO - Started process (PID=39373) to work on /home/airflow/.local/lib/python3.12/site-packages/airflow/example_dags/tutorial_objectstorage.py
[2026-04-09T03:44:39.644+0000] {processor.py:914} INFO - Processing file /home/airflow/.local/lib/python3.12/site-packages/airflow/example_dags/tutorial_objectstorage.py for tasks to queue
[2026-04-09T03:44:39.645+0000] {logging_mixin.py:190} INFO - [2026-04-09T03:44:39.645+0000] {dagbag.py:588} INFO - Filling up the DagBag from /home/airflow/.local/lib/python3.12/site-packages/airflow/example_dags/tutorial_objectstorage.py
[2026-04-09T03:44:39.649+0000] {processor.py:925} INFO - DAG(s) 'tutorial_objectstorage' retrieved from /home/airflow/.local/lib/python3.12/site-packages/airflow/example_dags/tutorial_objectstorage.py
[2026-04-09T03:44:39.659+0000] {logging_mixin.py:190} INFO - [2026-04-09T03:44:39.659+0000] {dag.py:3239} INFO - Sync 1 DAGs
[2026-04-09T03:44:39.664+0000] {logging_mixin.py:190} INFO - [2026-04-09T03:44:39.664+0000] {dag.py:4180} INFO - Setting next_dagrun for tutorial_objectstorage to None, run_after=None
[2026-04-09T03:44:39.673+0000] {processor.py:208} INFO - Processing /home/airflow/.local/lib/python3.12/site-packages/airflow/example_dags/tutorial_objectstorage.py took 0.032 seconds
[2026-04-09T04:00:10.265+0000] {processor.py:186} INFO - Started process (PID=39437) to work on /home/airflow/.local/lib/python3.12/site-packages/airflow/example_dags/tutorial_objectstorage.py
[2026-04-09T04:00:10.266+0000] {processor.py:914} INFO - Processing file /home/airflow/.local/lib/python3.12/site-packages/airflow/example_dags/tutorial_objectstorage.py for tasks to queue
[2026-04-09T04:00:10.267+0000] {logging_mixin.py:190} INFO - [2026-04-09T04:00:10.267+0000] {dagbag.py:588} INFO - Filling up the DagBag from /home/airflow/.local/lib/python3.12/site-packages/airflow/example_dags/tutorial_objectstorage.py
[2026-04-09T04:00:10.271+0000] {processor.py:925} INFO - DAG(s) 'tutorial_objectstorage' retrieved from /home/airflow/.local/lib/python3.12/site-packages/airflow/example_dags/tutorial_objectstorage.py
[2026-04-09T04:00:10.284+0000] {logging_mixin.py:190} INFO - [2026-04-09T04:00:10.283+0000] {dag.py:3239} INFO - Sync 1 DAGs
[2026-04-09T04:00:10.291+0000] {logging_mixin.py:190} INFO - [2026-04-09T04:00:10.291+0000] {dag.py:4180} INFO - Setting next_dagrun for tutorial_objectstorage to None, run_after=None
[2026-04-09T04:00:10.298+0000] {processor.py:208} INFO - Processing /home/airflow/.local/lib/python3.12/site-packages/airflow/example_dags/tutorial_objectstorage.py took 0.035 seconds
[2026-04-09T04:00:40.744+0000] {processor.py:186} INFO - Started process (PID=39501) to work on /home/airflow/.local/lib/python3.12/site-packages/airflow/example_dags/tutorial_objectstorage.py
[2026-04-09T04:00:40.745+0000] {processor.py:914} INFO - Processing file /home/airflow/.local/lib/python3.12/site-packages/airflow/example_dags/tutorial_objectstorage.py for tasks to queue
[2026-04-09T04:00:40.745+0000] {logging_mixin.py:190} INFO - [2026-04-09T04:00:40.745+0000] {dagbag.py:588} INFO - Filling up the DagBag from /home/airflow/.local/lib/python3.12/site-packages/airflow/example_dags/tutorial_objectstorage.py
[2026-04-09T04:00:40.750+0000] {processor.py:925} INFO - DAG(s) 'tutorial_objectstorage' retrieved from /home/airflow/.local/lib/python3.12/site-packages/airflow/example_dags/tutorial_objectstorage.py
[2026-04-09T04:00:40.756+0000] {logging_mixin.py:190} INFO - [2026-04-09T04:00:40.756+0000] {dag.py:3239} INFO - Sync 1 DAGs
[2026-04-09T04:00:40.761+0000] {logging_mixin.py:190} INFO - [2026-04-09T04:00:40.761+0000] {dag.py:4180} INFO - Setting next_dagrun for tutorial_objectstorage to None, run_after=None
[2026-04-09T04:00:40.773+0000] {processor.py:208} INFO - Processing /home/airflow/.local/lib/python3.12/site-packages/airflow/example_dags/tutorial_objectstorage.py took 0.031 seconds
[2026-04-09T04:16:11.223+0000] {processor.py:186} INFO - Started process (PID=39565) to work on /home/airflow/.local/lib/python3.12/site-packages/airflow/example_dags/tutorial_objectstorage.py
[2026-04-09T04:16:11.224+0000] {processor.py:914} INFO - Processing file /home/airflow/.local/lib/python3.12/site-packages/airflow/example_dags/tutorial_objectstorage.py for tasks to queue
[2026-04-09T04:16:11.225+0000] {logging_mixin.py:190} INFO - [2026-04-09T04:16:11.225+0000] {dagbag.py:588} INFO - Filling up the DagBag from /home/airflow/.local/lib/python3.12/site-packages/airflow/example_dags/tutorial_objectstorage.py
[2026-04-09T04:16:11.230+0000] {processor.py:925} INFO - DAG(s) 'tutorial_objectstorage' retrieved from /home/airflow/.local/lib/python3.12/site-packages/airflow/example_dags/tutorial_objectstorage.py
[2026-04-09T04:16:11.242+0000] {logging_mixin.py:190} INFO - [2026-04-09T04:16:11.242+0000] {dag.py:3239} INFO - Sync 1 DAGs
[2026-04-09T04:16:11.247+0000] {logging_mixin.py:190} INFO - [2026-04-09T04:16:11.247+0000] {dag.py:4180} INFO - Setting next_dagrun for tutorial_objectstorage to None, run_after=None
[2026-04-09T04:16:11.253+0000] {processor.py:208} INFO - Processing /home/airflow/.local/lib/python3.12/site-packages/airflow/example_dags/tutorial_objectstorage.py took 0.032 seconds
[2026-04-09T04:28:02.562+0000] {processor.py:186} INFO - Started process (PID=39629) to work on /home/airflow/.local/lib/python3.12/site-packages/airflow/example_dags/tutorial_objectstorage.py
[2026-04-09T04:28:02.564+0000] {processor.py:914} INFO - Processing file /home/airflow/.local/lib/python3.12/site-packages/airflow/example_dags/tutorial_objectstorage.py for tasks to queue
[2026-04-09T04:28:02.564+0000] {logging_mixin.py:190} INFO - [2026-04-09T04:28:02.564+0000] {dagbag.py:588} INFO - Filling up the DagBag from /home/airflow/.local/lib/python3.12/site-packages/airflow/example_dags/tutorial_objectstorage.py
[2026-04-09T04:28:02.571+0000] {processor.py:925} INFO - DAG(s) 'tutorial_objectstorage' retrieved from /home/airflow/.local/lib/python3.12/site-packages/airflow/example_dags/tutorial_objectstorage.py
[2026-04-09T04:28:02.580+0000] {logging_mixin.py:190} INFO - [2026-04-09T04:28:02.580+0000] {dag.py:3239} INFO - Sync 1 DAGs
[2026-04-09T04:28:02.587+0000] {logging_mixin.py:190} INFO - [2026-04-09T04:28:02.586+0000] {dag.py:4180} INFO - Setting next_dagrun for tutorial_objectstorage to None, run_after=None
[2026-04-09T04:28:02.595+0000] {processor.py:208} INFO - Processing /home/airflow/.local/lib/python3.12/site-packages/airflow/example_dags/tutorial_objectstorage.py took 0.036 seconds
