[2026-04-27T07:52:50.052+0000] {local_task_job_runner.py:123} INFO - ::group::Pre task execution logs
[2026-04-27T07:52:50.061+0000] {taskinstance.py:2614} INFO - Dependencies all met for dep_context=non-requeueable deps ti=<TaskInstance: weather_etl_pipeline.extract scheduled__2026-04-26T07:00:00+00:00 [queued]>
[2026-04-27T07:52:50.152+0000] {taskinstance.py:2614} INFO - Dependencies all met for dep_context=requeueable deps ti=<TaskInstance: weather_etl_pipeline.extract scheduled__2026-04-26T07:00:00+00:00 [queued]>
[2026-04-27T07:52:50.152+0000] {taskinstance.py:2867} INFO - Starting attempt 1 of 4
[2026-04-27T07:52:50.157+0000] {taskinstance.py:2890} INFO - Executing <Task(PythonOperator): extract> on 2026-04-26 07:00:00+00:00
[2026-04-27T07:52:50.163+0000] {standard_task_runner.py:104} INFO - Running: ['***', 'tasks', 'run', 'weather_etl_pipeline', 'extract', 'scheduled__2026-04-26T07:00:00+00:00', '--job-id', '94', '--raw', '--subdir', 'DAGS_FOLDER/etl_pipeline.py', '--cfg-path', '/tmp/tmpvxlqv405']
[2026-04-27T07:52:50.164+0000] {standard_task_runner.py:105} INFO - Job 94: Subtask extract
[2026-04-27T07:52:50.162+0000] {warnings.py:112} WARNING - /home/***/.local/lib/python3.12/site-packages/***/task/task_runner/standard_task_runner.py:70: DeprecationWarning: This process (pid=22132) is multi-threaded, use of fork() may lead to deadlocks in the child.
  pid = os.fork()

[2026-04-27T07:52:50.164+0000] {standard_task_runner.py:72} INFO - Started process 22133 to run task
[2026-04-27T07:52:50.188+0000] {task_command.py:467} INFO - Running <TaskInstance: weather_etl_pipeline.extract scheduled__2026-04-26T07:00:00+00:00 [running]> on host ac5f5f0e497f
[2026-04-27T07:52:50.230+0000] {taskinstance.py:3134} INFO - Exporting env vars: AIRFLOW_CTX_DAG_OWNER='harsh' AIRFLOW_CTX_DAG_ID='weather_etl_pipeline' AIRFLOW_CTX_TASK_ID='extract' AIRFLOW_CTX_EXECUTION_DATE='2026-04-26T07:00:00+00:00' AIRFLOW_CTX_TRY_NUMBER='1' AIRFLOW_CTX_DAG_RUN_ID='scheduled__2026-04-26T07:00:00+00:00'
[2026-04-27T07:52:50.231+0000] {logging_mixin.py:190} INFO - Task instance is in running state
[2026-04-27T07:52:50.231+0000] {logging_mixin.py:190} INFO -  Previous state of the Task instance: queued
[2026-04-27T07:52:50.232+0000] {logging_mixin.py:190} INFO - Current task name:extract state:running start_date:2026-04-27 07:52:50.061687+00:00
[2026-04-27T07:52:50.232+0000] {logging_mixin.py:190} INFO - Dag name:weather_etl_pipeline and current dag run status:running
[2026-04-27T07:52:50.233+0000] {taskinstance.py:732} INFO - ::endgroup::
[2026-04-27T07:52:54.242+0000] {pipeline.py:47} ERROR - Failed to fetch weather data for London, UK: HTTPSConnectionPool(host='api.open-meteo.com', port=443): Max retries exceeded with url: /v1/forecast?latitude=51.5074&longitude=-0.1278&current_weather=True (Caused by NameResolutionError("<urllib3.connection.HTTPSConnection object at 0xffff87c83350>: Failed to resolve 'api.open-meteo.com' ([Errno -5] No address associated with hostname)"))
[2026-04-27T07:52:58.250+0000] {pipeline.py:47} ERROR - Failed to fetch weather data for New York, USA: HTTPSConnectionPool(host='api.open-meteo.com', port=443): Max retries exceeded with url: /v1/forecast?latitude=40.7128&longitude=-74.006&current_weather=True (Caused by NameResolutionError("<urllib3.connection.HTTPSConnection object at 0xffff633167b0>: Failed to resolve 'api.open-meteo.com' ([Errno -5] No address associated with hostname)"))
[2026-04-27T07:53:00.662+0000] {pipeline.py:45} INFO - Successfully fetched weather data for Tokyo, Japan
[2026-04-27T07:53:01.671+0000] {pipeline.py:45} INFO - Successfully fetched weather data for Mumbai, India
[2026-04-27T07:53:02.903+0000] {pipeline.py:45} INFO - Successfully fetched weather data for Sydney, Australia
[2026-04-27T07:53:02.904+0000] {pipeline.py:52} INFO - Raw data saved to raw_weather.json
[2026-04-27T07:53:02.905+0000] {python.py:240} INFO - Done. Returned value was: None
[2026-04-27T07:53:02.918+0000] {taskinstance.py:341} INFO - ::group::Post task execution logs
[2026-04-27T07:53:02.919+0000] {taskinstance.py:353} INFO - Marking task as SUCCESS. dag_id=weather_etl_pipeline, task_id=extract, run_id=scheduled__2026-04-26T07:00:00+00:00, execution_date=20260426T070000, start_date=20260427T075250, end_date=20260427T075302
[2026-04-27T07:53:02.932+0000] {logging_mixin.py:190} INFO - Task instance in success state
[2026-04-27T07:53:02.932+0000] {logging_mixin.py:190} INFO -  Previous state of the Task instance: running
[2026-04-27T07:53:02.932+0000] {logging_mixin.py:190} INFO - Dag name:weather_etl_pipeline queued_at:2026-04-27 07:52:47.636570+00:00
[2026-04-27T07:53:02.933+0000] {logging_mixin.py:190} INFO - Task hostname:ac5f5f0e497f operator:PythonOperator
[2026-04-27T07:53:02.939+0000] {local_task_job_runner.py:266} INFO - Task exited with return code 0
[2026-04-27T07:53:02.958+0000] {taskinstance.py:3901} INFO - 1 downstream tasks scheduled from follow-on schedule check
[2026-04-27T07:53:02.959+0000] {local_task_job_runner.py:245} INFO - ::endgroup::
