[2026-04-06T07:46:22.541+0000] {local_task_job_runner.py:123} INFO - ::group::Pre task execution logs
[2026-04-06T07:46:22.546+0000] {taskinstance.py:2614} INFO - Dependencies all met for dep_context=non-requeueable deps ti=<TaskInstance: weather_etl_pipeline.extract manual__2026-04-06T07:46:21.803995+00:00 [queued]>
[2026-04-06T07:46:22.548+0000] {taskinstance.py:2614} INFO - Dependencies all met for dep_context=requeueable deps ti=<TaskInstance: weather_etl_pipeline.extract manual__2026-04-06T07:46:21.803995+00:00 [queued]>
[2026-04-06T07:46:22.548+0000] {taskinstance.py:2867} INFO - Starting attempt 1 of 4
[2026-04-06T07:46:22.608+0000] {taskinstance.py:2890} INFO - Executing <Task(PythonOperator): extract> on 2026-04-06 07:46:21.803995+00:00
[2026-04-06T07:46:22.610+0000] {warnings.py:112} WARNING - /home/***/.local/lib/python3.12/site-packages/***/task/task_runner/standard_task_runner.py:70: DeprecationWarning: This process (pid=120) is multi-threaded, use of fork() may lead to deadlocks in the child.
  pid = os.fork()

[2026-04-06T07:46:22.611+0000] {standard_task_runner.py:72} INFO - Started process 121 to run task
[2026-04-06T07:46:22.611+0000] {standard_task_runner.py:104} INFO - Running: ['***', 'tasks', 'run', 'weather_etl_pipeline', 'extract', 'manual__2026-04-06T07:46:21.803995+00:00', '--job-id', '6', '--raw', '--subdir', 'DAGS_FOLDER/etl_pipeline.py', '--cfg-path', '/tmp/tmp3u8c79mp']
[2026-04-06T07:46:22.612+0000] {standard_task_runner.py:105} INFO - Job 6: Subtask extract
[2026-04-06T07:46:22.626+0000] {task_command.py:467} INFO - Running <TaskInstance: weather_etl_pipeline.extract manual__2026-04-06T07:46:21.803995+00:00 [running]> on host ac5f5f0e497f
[2026-04-06T07:46:22.647+0000] {taskinstance.py:3134} INFO - Exporting env vars: AIRFLOW_CTX_DAG_OWNER='harsh' AIRFLOW_CTX_DAG_ID='weather_etl_pipeline' AIRFLOW_CTX_TASK_ID='extract' AIRFLOW_CTX_EXECUTION_DATE='2026-04-06T07:46:21.803995+00:00' AIRFLOW_CTX_TRY_NUMBER='1' AIRFLOW_CTX_DAG_RUN_ID='manual__2026-04-06T07:46:21.803995+00:00'
[2026-04-06T07:46:22.647+0000] {logging_mixin.py:190} INFO - Task instance is in running state
[2026-04-06T07:46:22.647+0000] {logging_mixin.py:190} INFO -  Previous state of the Task instance: queued
[2026-04-06T07:46:22.648+0000] {logging_mixin.py:190} INFO - Current task name:extract state:running start_date:2026-04-06 07:46:22.546522+00:00
[2026-04-06T07:46:22.648+0000] {logging_mixin.py:190} INFO - Dag name:weather_etl_pipeline and current dag run status:running
[2026-04-06T07:46:22.648+0000] {taskinstance.py:732} INFO - ::endgroup::
[2026-04-06T07:46:23.645+0000] {pipeline.py:45} INFO - Successfully fetched weather data for London, UK
[2026-04-06T07:46:24.557+0000] {pipeline.py:45} INFO - Successfully fetched weather data for New York, USA
[2026-04-06T07:46:25.647+0000] {pipeline.py:45} INFO - Successfully fetched weather data for Tokyo, Japan
[2026-04-06T07:46:26.534+0000] {pipeline.py:45} INFO - Successfully fetched weather data for Mumbai, India
[2026-04-06T07:46:27.653+0000] {pipeline.py:45} INFO - Successfully fetched weather data for Sydney, Australia
[2026-04-06T07:46:27.653+0000] {pipeline.py:52} INFO - Raw data saved to raw_weather.json
[2026-04-06T07:46:27.653+0000] {python.py:240} INFO - Done. Returned value was: None
[2026-04-06T07:46:27.657+0000] {taskinstance.py:341} INFO - ::group::Post task execution logs
[2026-04-06T07:46:27.657+0000] {taskinstance.py:353} INFO - Marking task as SUCCESS. dag_id=weather_etl_pipeline, task_id=extract, run_id=manual__2026-04-06T07:46:21.803995+00:00, execution_date=20260406T074621, start_date=20260406T074622, end_date=20260406T074627
[2026-04-06T07:46:27.666+0000] {logging_mixin.py:190} INFO - Task instance in success state
[2026-04-06T07:46:27.666+0000] {logging_mixin.py:190} INFO -  Previous state of the Task instance: running
[2026-04-06T07:46:27.666+0000] {logging_mixin.py:190} INFO - Dag name:weather_etl_pipeline queued_at:2026-04-06 07:46:21.825445+00:00
[2026-04-06T07:46:27.666+0000] {logging_mixin.py:190} INFO - Task hostname:ac5f5f0e497f operator:PythonOperator
[2026-04-06T07:46:27.678+0000] {local_task_job_runner.py:266} INFO - Task exited with return code 0
[2026-04-06T07:46:27.688+0000] {taskinstance.py:3901} INFO - 1 downstream tasks scheduled from follow-on schedule check
[2026-04-06T07:46:27.689+0000] {local_task_job_runner.py:245} INFO - ::endgroup::
