[2026-04-08T07:00:01.630+0000] {local_task_job_runner.py:123} INFO - ::group::Pre task execution logs
[2026-04-08T07:00:01.634+0000] {taskinstance.py:2614} INFO - Dependencies all met for dep_context=non-requeueable deps ti=<TaskInstance: weather_etl_pipeline.extract scheduled__2026-04-07T07:00:00+00:00 [queued]>
[2026-04-08T07:00:01.694+0000] {taskinstance.py:2614} INFO - Dependencies all met for dep_context=requeueable deps ti=<TaskInstance: weather_etl_pipeline.extract scheduled__2026-04-07T07:00:00+00:00 [queued]>
[2026-04-08T07:00:01.694+0000] {taskinstance.py:2867} INFO - Starting attempt 1 of 4
[2026-04-08T07:00:01.697+0000] {taskinstance.py:2890} INFO - Executing <Task(PythonOperator): extract> on 2026-04-07 07:00:00+00:00
[2026-04-08T07:00:01.701+0000] {warnings.py:112} WARNING - /home/***/.local/lib/python3.12/site-packages/***/task/task_runner/standard_task_runner.py:70: DeprecationWarning: This process (pid=547) is multi-threaded, use of fork() may lead to deadlocks in the child.
  pid = os.fork()

[2026-04-08T07:00:01.702+0000] {standard_task_runner.py:104} INFO - Running: ['***', 'tasks', 'run', 'weather_etl_pipeline', 'extract', 'scheduled__2026-04-07T07:00:00+00:00', '--job-id', '30', '--raw', '--subdir', 'DAGS_FOLDER/etl_pipeline.py', '--cfg-path', '/tmp/tmpnk_qmup5']
[2026-04-08T07:00:01.703+0000] {standard_task_runner.py:105} INFO - Job 30: Subtask extract
[2026-04-08T07:00:01.702+0000] {standard_task_runner.py:72} INFO - Started process 548 to run task
[2026-04-08T07:00:01.728+0000] {task_command.py:467} INFO - Running <TaskInstance: weather_etl_pipeline.extract scheduled__2026-04-07T07:00:00+00:00 [running]> on host ac5f5f0e497f
[2026-04-08T07:00:01.756+0000] {taskinstance.py:3134} INFO - Exporting env vars: AIRFLOW_CTX_DAG_OWNER='harsh' AIRFLOW_CTX_DAG_ID='weather_etl_pipeline' AIRFLOW_CTX_TASK_ID='extract' AIRFLOW_CTX_EXECUTION_DATE='2026-04-07T07:00:00+00:00' AIRFLOW_CTX_TRY_NUMBER='1' AIRFLOW_CTX_DAG_RUN_ID='scheduled__2026-04-07T07:00:00+00:00'
[2026-04-08T07:00:01.757+0000] {logging_mixin.py:190} INFO - Task instance is in running state
[2026-04-08T07:00:01.757+0000] {logging_mixin.py:190} INFO -  Previous state of the Task instance: queued
[2026-04-08T07:00:01.757+0000] {logging_mixin.py:190} INFO - Current task name:extract state:running start_date:2026-04-08 07:00:01.635039+00:00
[2026-04-08T07:00:01.757+0000] {logging_mixin.py:190} INFO - Dag name:weather_etl_pipeline and current dag run status:running
[2026-04-08T07:00:01.757+0000] {taskinstance.py:732} INFO - ::endgroup::
[2026-04-08T07:00:03.398+0000] {pipeline.py:47} ERROR - Failed to fetch weather data for London, UK: 502 Server Error: Bad Gateway for url: https://api.open-meteo.com/v1/forecast?latitude=51.5074&longitude=-0.1278&current_weather=True
[2026-04-08T07:00:04.426+0000] {pipeline.py:47} ERROR - Failed to fetch weather data for New York, USA: 502 Server Error: Bad Gateway for url: https://api.open-meteo.com/v1/forecast?latitude=40.7128&longitude=-74.006&current_weather=True
[2026-04-08T07:00:05.408+0000] {pipeline.py:47} ERROR - Failed to fetch weather data for Tokyo, Japan: 502 Server Error: Bad Gateway for url: https://api.open-meteo.com/v1/forecast?latitude=35.6895&longitude=139.6917&current_weather=True
[2026-04-08T07:00:09.325+0000] {pipeline.py:45} INFO - Successfully fetched weather data for Mumbai, India
[2026-04-08T07:00:14.134+0000] {pipeline.py:45} INFO - Successfully fetched weather data for Sydney, Australia
[2026-04-08T07:00:14.136+0000] {pipeline.py:52} INFO - Raw data saved to raw_weather.json
[2026-04-08T07:00:14.137+0000] {python.py:240} INFO - Done. Returned value was: None
[2026-04-08T07:00:14.149+0000] {taskinstance.py:341} INFO - ::group::Post task execution logs
[2026-04-08T07:00:14.150+0000] {taskinstance.py:353} INFO - Marking task as SUCCESS. dag_id=weather_etl_pipeline, task_id=extract, run_id=scheduled__2026-04-07T07:00:00+00:00, execution_date=20260407T070000, start_date=20260408T070001, end_date=20260408T070014
[2026-04-08T07:00:14.165+0000] {logging_mixin.py:190} INFO - Task instance in success state
[2026-04-08T07:00:14.166+0000] {logging_mixin.py:190} INFO -  Previous state of the Task instance: running
[2026-04-08T07:00:14.166+0000] {logging_mixin.py:190} INFO - Dag name:weather_etl_pipeline queued_at:2026-04-08 07:00:00.873142+00:00
[2026-04-08T07:00:14.166+0000] {logging_mixin.py:190} INFO - Task hostname:ac5f5f0e497f operator:PythonOperator
[2026-04-08T07:00:14.195+0000] {local_task_job_runner.py:266} INFO - Task exited with return code 0
[2026-04-08T07:00:14.211+0000] {taskinstance.py:3901} INFO - 1 downstream tasks scheduled from follow-on schedule check
[2026-04-08T07:00:14.212+0000] {local_task_job_runner.py:245} INFO - ::endgroup::
