[2026-04-21T06:42:48.655+0000] {local_task_job_runner.py:123} INFO - ::group::Pre task execution logs
[2026-04-21T06:42:48.725+0000] {taskinstance.py:2614} INFO - Dependencies all met for dep_context=non-requeueable deps ti=<TaskInstance: weather_etl_pipeline.transform scheduled__2026-04-19T07:00:00+00:00 [queued]>
[2026-04-21T06:42:48.728+0000] {taskinstance.py:2614} INFO - Dependencies all met for dep_context=requeueable deps ti=<TaskInstance: weather_etl_pipeline.transform scheduled__2026-04-19T07:00:00+00:00 [queued]>
[2026-04-21T06:42:48.728+0000] {taskinstance.py:2867} INFO - Starting attempt 1 of 4
[2026-04-21T06:42:48.732+0000] {taskinstance.py:2890} INFO - Executing <Task(PythonOperator): transform> on 2026-04-19 07:00:00+00:00
[2026-04-21T06:42:48.735+0000] {warnings.py:112} WARNING - /home/***/.local/lib/python3.12/site-packages/***/task/task_runner/standard_task_runner.py:70: DeprecationWarning: This process (pid=77) is multi-threaded, use of fork() may lead to deadlocks in the child.
  pid = os.fork()

[2026-04-21T06:42:48.736+0000] {standard_task_runner.py:72} INFO - Started process 78 to run task
[2026-04-21T06:42:48.736+0000] {standard_task_runner.py:104} INFO - Running: ['***', 'tasks', 'run', 'weather_etl_pipeline', 'transform', 'scheduled__2026-04-19T07:00:00+00:00', '--job-id', '62', '--raw', '--subdir', 'DAGS_FOLDER/etl_pipeline.py', '--cfg-path', '/tmp/tmprtklro89']
[2026-04-21T06:42:48.737+0000] {standard_task_runner.py:105} INFO - Job 62: Subtask transform
[2026-04-21T06:42:48.755+0000] {task_command.py:467} INFO - Running <TaskInstance: weather_etl_pipeline.transform scheduled__2026-04-19T07:00:00+00:00 [running]> on host ac5f5f0e497f
[2026-04-21T06:42:48.783+0000] {taskinstance.py:3134} INFO - Exporting env vars: AIRFLOW_CTX_DAG_OWNER='harsh' AIRFLOW_CTX_DAG_ID='weather_etl_pipeline' AIRFLOW_CTX_TASK_ID='transform' AIRFLOW_CTX_EXECUTION_DATE='2026-04-19T07:00:00+00:00' AIRFLOW_CTX_TRY_NUMBER='1' AIRFLOW_CTX_DAG_RUN_ID='scheduled__2026-04-19T07:00:00+00:00'
[2026-04-21T06:42:48.783+0000] {logging_mixin.py:190} INFO - Task instance is in running state
[2026-04-21T06:42:48.783+0000] {logging_mixin.py:190} INFO -  Previous state of the Task instance: queued
[2026-04-21T06:42:48.784+0000] {logging_mixin.py:190} INFO - Current task name:transform state:running start_date:2026-04-21 06:42:48.725790+00:00
[2026-04-21T06:42:48.784+0000] {logging_mixin.py:190} INFO - Dag name:weather_etl_pipeline and current dag run status:running
[2026-04-21T06:42:48.784+0000] {taskinstance.py:732} INFO - ::endgroup::
[2026-04-21T06:42:48.788+0000] {pipeline.py:66} INFO - Transformation complete
[2026-04-21T06:42:48.816+0000] {pipeline.py:70} INFO - Data saved to weather_data.parquet
[2026-04-21T06:42:48.816+0000] {python.py:240} INFO - Done. Returned value was: None
[2026-04-21T06:42:48.820+0000] {taskinstance.py:341} INFO - ::group::Post task execution logs
[2026-04-21T06:42:48.820+0000] {taskinstance.py:353} INFO - Marking task as SUCCESS. dag_id=weather_etl_pipeline, task_id=transform, run_id=scheduled__2026-04-19T07:00:00+00:00, execution_date=20260419T070000, start_date=20260421T064248, end_date=20260421T064248
[2026-04-21T06:42:48.827+0000] {logging_mixin.py:190} INFO - Task instance in success state
[2026-04-21T06:42:48.827+0000] {logging_mixin.py:190} INFO -  Previous state of the Task instance: running
[2026-04-21T06:42:48.828+0000] {logging_mixin.py:190} INFO - Dag name:weather_etl_pipeline queued_at:2026-04-21 06:42:39.062037+00:00
[2026-04-21T06:42:48.828+0000] {logging_mixin.py:190} INFO - Task hostname:ac5f5f0e497f operator:PythonOperator
[2026-04-21T06:42:48.836+0000] {local_task_job_runner.py:266} INFO - Task exited with return code 0
[2026-04-21T06:42:48.846+0000] {taskinstance.py:3901} INFO - 1 downstream tasks scheduled from follow-on schedule check
[2026-04-21T06:42:48.846+0000] {local_task_job_runner.py:245} INFO - ::endgroup::
