[2026-04-10T00:07:15.417+0000] {processor.py:186} INFO - Started process (PID=78570) to work on /home/airflow/.local/lib/python3.12/site-packages/airflow/example_dags/example_latest_only_with_trigger.py
[2026-04-10T00:07:15.418+0000] {processor.py:914} INFO - Processing file /home/airflow/.local/lib/python3.12/site-packages/airflow/example_dags/example_latest_only_with_trigger.py for tasks to queue
[2026-04-10T00:07:15.418+0000] {logging_mixin.py:190} INFO - [2026-04-10T00:07:15.418+0000] {dagbag.py:588} INFO - Filling up the DagBag from /home/airflow/.local/lib/python3.12/site-packages/airflow/example_dags/example_latest_only_with_trigger.py
[2026-04-10T00:07:15.425+0000] {processor.py:925} INFO - DAG(s) 'latest_only_with_trigger' retrieved from /home/airflow/.local/lib/python3.12/site-packages/airflow/example_dags/example_latest_only_with_trigger.py
[2026-04-10T00:07:15.436+0000] {logging_mixin.py:190} INFO - [2026-04-10T00:07:15.436+0000] {dag.py:3239} INFO - Sync 1 DAGs
[2026-04-10T00:07:15.452+0000] {logging_mixin.py:190} INFO - [2026-04-10T00:07:15.452+0000] {dag.py:4180} INFO - Setting next_dagrun for latest_only_with_trigger to 2026-04-09 20:00:00+00:00, run_after=2026-04-10 00:00:00+00:00
[2026-04-10T00:07:15.463+0000] {processor.py:208} INFO - Processing /home/airflow/.local/lib/python3.12/site-packages/airflow/example_dags/example_latest_only_with_trigger.py took 0.049 seconds
[2026-04-10T00:22:48.267+0000] {processor.py:186} INFO - Started process (PID=78634) to work on /home/airflow/.local/lib/python3.12/site-packages/airflow/example_dags/example_latest_only_with_trigger.py
[2026-04-10T00:22:48.269+0000] {processor.py:914} INFO - Processing file /home/airflow/.local/lib/python3.12/site-packages/airflow/example_dags/example_latest_only_with_trigger.py for tasks to queue
[2026-04-10T00:22:48.270+0000] {logging_mixin.py:190} INFO - [2026-04-10T00:22:48.269+0000] {dagbag.py:588} INFO - Filling up the DagBag from /home/airflow/.local/lib/python3.12/site-packages/airflow/example_dags/example_latest_only_with_trigger.py
[2026-04-10T00:22:48.273+0000] {processor.py:925} INFO - DAG(s) 'latest_only_with_trigger' retrieved from /home/airflow/.local/lib/python3.12/site-packages/airflow/example_dags/example_latest_only_with_trigger.py
[2026-04-10T00:22:48.283+0000] {logging_mixin.py:190} INFO - [2026-04-10T00:22:48.283+0000] {dag.py:3239} INFO - Sync 1 DAGs
[2026-04-10T00:22:48.294+0000] {logging_mixin.py:190} INFO - [2026-04-10T00:22:48.294+0000] {dag.py:4180} INFO - Setting next_dagrun for latest_only_with_trigger to 2026-04-09 20:00:00+00:00, run_after=2026-04-10 00:00:00+00:00
[2026-04-10T00:22:48.308+0000] {processor.py:208} INFO - Processing /home/airflow/.local/lib/python3.12/site-packages/airflow/example_dags/example_latest_only_with_trigger.py took 0.043 seconds
[2026-04-10T00:23:19.215+0000] {processor.py:186} INFO - Started process (PID=78698) to work on /home/airflow/.local/lib/python3.12/site-packages/airflow/example_dags/example_latest_only_with_trigger.py
[2026-04-10T00:23:19.215+0000] {processor.py:914} INFO - Processing file /home/airflow/.local/lib/python3.12/site-packages/airflow/example_dags/example_latest_only_with_trigger.py for tasks to queue
[2026-04-10T00:23:19.216+0000] {logging_mixin.py:190} INFO - [2026-04-10T00:23:19.216+0000] {dagbag.py:588} INFO - Filling up the DagBag from /home/airflow/.local/lib/python3.12/site-packages/airflow/example_dags/example_latest_only_with_trigger.py
[2026-04-10T00:23:19.219+0000] {processor.py:925} INFO - DAG(s) 'latest_only_with_trigger' retrieved from /home/airflow/.local/lib/python3.12/site-packages/airflow/example_dags/example_latest_only_with_trigger.py
[2026-04-10T00:23:19.227+0000] {logging_mixin.py:190} INFO - [2026-04-10T00:23:19.227+0000] {dag.py:3239} INFO - Sync 1 DAGs
[2026-04-10T00:23:19.234+0000] {logging_mixin.py:190} INFO - [2026-04-10T00:23:19.234+0000] {dag.py:4180} INFO - Setting next_dagrun for latest_only_with_trigger to 2026-04-09 20:00:00+00:00, run_after=2026-04-10 00:00:00+00:00
[2026-04-10T00:23:19.247+0000] {processor.py:208} INFO - Processing /home/airflow/.local/lib/python3.12/site-packages/airflow/example_dags/example_latest_only_with_trigger.py took 0.034 seconds
[2026-04-10T00:38:49.105+0000] {processor.py:186} INFO - Started process (PID=78762) to work on /home/airflow/.local/lib/python3.12/site-packages/airflow/example_dags/example_latest_only_with_trigger.py
[2026-04-10T00:38:49.106+0000] {processor.py:914} INFO - Processing file /home/airflow/.local/lib/python3.12/site-packages/airflow/example_dags/example_latest_only_with_trigger.py for tasks to queue
[2026-04-10T00:38:49.106+0000] {logging_mixin.py:190} INFO - [2026-04-10T00:38:49.106+0000] {dagbag.py:588} INFO - Filling up the DagBag from /home/airflow/.local/lib/python3.12/site-packages/airflow/example_dags/example_latest_only_with_trigger.py
[2026-04-10T00:38:49.113+0000] {processor.py:925} INFO - DAG(s) 'latest_only_with_trigger' retrieved from /home/airflow/.local/lib/python3.12/site-packages/airflow/example_dags/example_latest_only_with_trigger.py
[2026-04-10T00:38:49.124+0000] {logging_mixin.py:190} INFO - [2026-04-10T00:38:49.124+0000] {dag.py:3239} INFO - Sync 1 DAGs
[2026-04-10T00:38:49.132+0000] {logging_mixin.py:190} INFO - [2026-04-10T00:38:49.132+0000] {dag.py:4180} INFO - Setting next_dagrun for latest_only_with_trigger to 2026-04-09 20:00:00+00:00, run_after=2026-04-10 00:00:00+00:00
[2026-04-10T00:38:49.139+0000] {processor.py:208} INFO - Processing /home/airflow/.local/lib/python3.12/site-packages/airflow/example_dags/example_latest_only_with_trigger.py took 0.037 seconds
[2026-04-10T00:41:53.501+0000] {processor.py:186} INFO - Started process (PID=78826) to work on /home/airflow/.local/lib/python3.12/site-packages/airflow/example_dags/example_latest_only_with_trigger.py
[2026-04-10T00:41:53.502+0000] {processor.py:914} INFO - Processing file /home/airflow/.local/lib/python3.12/site-packages/airflow/example_dags/example_latest_only_with_trigger.py for tasks to queue
[2026-04-10T00:41:53.502+0000] {logging_mixin.py:190} INFO - [2026-04-10T00:41:53.502+0000] {dagbag.py:588} INFO - Filling up the DagBag from /home/airflow/.local/lib/python3.12/site-packages/airflow/example_dags/example_latest_only_with_trigger.py
[2026-04-10T00:41:53.506+0000] {processor.py:925} INFO - DAG(s) 'latest_only_with_trigger' retrieved from /home/airflow/.local/lib/python3.12/site-packages/airflow/example_dags/example_latest_only_with_trigger.py
[2026-04-10T00:41:53.517+0000] {logging_mixin.py:190} INFO - [2026-04-10T00:41:53.517+0000] {dag.py:3239} INFO - Sync 1 DAGs
[2026-04-10T00:41:53.526+0000] {logging_mixin.py:190} INFO - [2026-04-10T00:41:53.526+0000] {dag.py:4180} INFO - Setting next_dagrun for latest_only_with_trigger to 2026-04-09 20:00:00+00:00, run_after=2026-04-10 00:00:00+00:00
[2026-04-10T00:41:53.534+0000] {processor.py:208} INFO - Processing /home/airflow/.local/lib/python3.12/site-packages/airflow/example_dags/example_latest_only_with_trigger.py took 0.035 seconds
[2026-04-10T00:42:24.835+0000] {processor.py:186} INFO - Started process (PID=78890) to work on /home/airflow/.local/lib/python3.12/site-packages/airflow/example_dags/example_latest_only_with_trigger.py
[2026-04-10T00:42:24.836+0000] {processor.py:914} INFO - Processing file /home/airflow/.local/lib/python3.12/site-packages/airflow/example_dags/example_latest_only_with_trigger.py for tasks to queue
[2026-04-10T00:42:24.836+0000] {logging_mixin.py:190} INFO - [2026-04-10T00:42:24.836+0000] {dagbag.py:588} INFO - Filling up the DagBag from /home/airflow/.local/lib/python3.12/site-packages/airflow/example_dags/example_latest_only_with_trigger.py
[2026-04-10T00:42:24.840+0000] {processor.py:925} INFO - DAG(s) 'latest_only_with_trigger' retrieved from /home/airflow/.local/lib/python3.12/site-packages/airflow/example_dags/example_latest_only_with_trigger.py
[2026-04-10T00:42:24.850+0000] {logging_mixin.py:190} INFO - [2026-04-10T00:42:24.850+0000] {dag.py:3239} INFO - Sync 1 DAGs
[2026-04-10T00:42:24.860+0000] {logging_mixin.py:190} INFO - [2026-04-10T00:42:24.860+0000] {dag.py:4180} INFO - Setting next_dagrun for latest_only_with_trigger to 2026-04-09 20:00:00+00:00, run_after=2026-04-10 00:00:00+00:00
[2026-04-10T00:42:24.870+0000] {processor.py:208} INFO - Processing /home/airflow/.local/lib/python3.12/site-packages/airflow/example_dags/example_latest_only_with_trigger.py took 0.038 seconds
[2026-04-10T00:57:55.200+0000] {processor.py:186} INFO - Started process (PID=78954) to work on /home/airflow/.local/lib/python3.12/site-packages/airflow/example_dags/example_latest_only_with_trigger.py
[2026-04-10T00:57:55.200+0000] {processor.py:914} INFO - Processing file /home/airflow/.local/lib/python3.12/site-packages/airflow/example_dags/example_latest_only_with_trigger.py for tasks to queue
[2026-04-10T00:57:55.201+0000] {logging_mixin.py:190} INFO - [2026-04-10T00:57:55.201+0000] {dagbag.py:588} INFO - Filling up the DagBag from /home/airflow/.local/lib/python3.12/site-packages/airflow/example_dags/example_latest_only_with_trigger.py
[2026-04-10T00:57:55.204+0000] {processor.py:925} INFO - DAG(s) 'latest_only_with_trigger' retrieved from /home/airflow/.local/lib/python3.12/site-packages/airflow/example_dags/example_latest_only_with_trigger.py
[2026-04-10T00:57:55.211+0000] {logging_mixin.py:190} INFO - [2026-04-10T00:57:55.211+0000] {dag.py:3239} INFO - Sync 1 DAGs
[2026-04-10T00:57:55.222+0000] {logging_mixin.py:190} INFO - [2026-04-10T00:57:55.222+0000] {dag.py:4180} INFO - Setting next_dagrun for latest_only_with_trigger to 2026-04-09 20:00:00+00:00, run_after=2026-04-10 00:00:00+00:00
[2026-04-10T00:57:55.230+0000] {processor.py:208} INFO - Processing /home/airflow/.local/lib/python3.12/site-packages/airflow/example_dags/example_latest_only_with_trigger.py took 0.032 seconds
[2026-04-10T01:13:28.188+0000] {processor.py:186} INFO - Started process (PID=79018) to work on /home/airflow/.local/lib/python3.12/site-packages/airflow/example_dags/example_latest_only_with_trigger.py
[2026-04-10T01:13:28.191+0000] {processor.py:914} INFO - Processing file /home/airflow/.local/lib/python3.12/site-packages/airflow/example_dags/example_latest_only_with_trigger.py for tasks to queue
[2026-04-10T01:13:28.193+0000] {logging_mixin.py:190} INFO - [2026-04-10T01:13:28.192+0000] {dagbag.py:588} INFO - Filling up the DagBag from /home/airflow/.local/lib/python3.12/site-packages/airflow/example_dags/example_latest_only_with_trigger.py
[2026-04-10T01:13:28.211+0000] {processor.py:925} INFO - DAG(s) 'latest_only_with_trigger' retrieved from /home/airflow/.local/lib/python3.12/site-packages/airflow/example_dags/example_latest_only_with_trigger.py
[2026-04-10T01:13:28.254+0000] {logging_mixin.py:190} INFO - [2026-04-10T01:13:28.254+0000] {dag.py:3239} INFO - Sync 1 DAGs
[2026-04-10T01:13:28.307+0000] {logging_mixin.py:190} INFO - [2026-04-10T01:13:28.306+0000] {dag.py:4180} INFO - Setting next_dagrun for latest_only_with_trigger to 2026-04-09 20:00:00+00:00, run_after=2026-04-10 00:00:00+00:00
[2026-04-10T01:13:28.340+0000] {processor.py:208} INFO - Processing /home/airflow/.local/lib/python3.12/site-packages/airflow/example_dags/example_latest_only_with_trigger.py took 0.164 seconds
[2026-04-10T01:13:59.053+0000] {processor.py:186} INFO - Started process (PID=79081) to work on /home/airflow/.local/lib/python3.12/site-packages/airflow/example_dags/example_latest_only_with_trigger.py
[2026-04-10T01:13:59.053+0000] {processor.py:914} INFO - Processing file /home/airflow/.local/lib/python3.12/site-packages/airflow/example_dags/example_latest_only_with_trigger.py for tasks to queue
[2026-04-10T01:13:59.055+0000] {logging_mixin.py:190} INFO - [2026-04-10T01:13:59.054+0000] {dagbag.py:588} INFO - Filling up the DagBag from /home/airflow/.local/lib/python3.12/site-packages/airflow/example_dags/example_latest_only_with_trigger.py
[2026-04-10T01:13:59.061+0000] {processor.py:925} INFO - DAG(s) 'latest_only_with_trigger' retrieved from /home/airflow/.local/lib/python3.12/site-packages/airflow/example_dags/example_latest_only_with_trigger.py
[2026-04-10T01:13:59.069+0000] {logging_mixin.py:190} INFO - [2026-04-10T01:13:59.069+0000] {dag.py:3239} INFO - Sync 1 DAGs
[2026-04-10T01:13:59.077+0000] {logging_mixin.py:190} INFO - [2026-04-10T01:13:59.077+0000] {dag.py:4180} INFO - Setting next_dagrun for latest_only_with_trigger to 2026-04-09 20:00:00+00:00, run_after=2026-04-10 00:00:00+00:00
[2026-04-10T01:13:59.086+0000] {processor.py:208} INFO - Processing /home/airflow/.local/lib/python3.12/site-packages/airflow/example_dags/example_latest_only_with_trigger.py took 0.036 seconds
[2026-04-10T01:29:26.514+0000] {processor.py:186} INFO - Started process (PID=79145) to work on /home/airflow/.local/lib/python3.12/site-packages/airflow/example_dags/example_latest_only_with_trigger.py
[2026-04-10T01:29:26.515+0000] {processor.py:914} INFO - Processing file /home/airflow/.local/lib/python3.12/site-packages/airflow/example_dags/example_latest_only_with_trigger.py for tasks to queue
[2026-04-10T01:29:26.515+0000] {logging_mixin.py:190} INFO - [2026-04-10T01:29:26.515+0000] {dagbag.py:588} INFO - Filling up the DagBag from /home/airflow/.local/lib/python3.12/site-packages/airflow/example_dags/example_latest_only_with_trigger.py
[2026-04-10T01:29:26.520+0000] {processor.py:925} INFO - DAG(s) 'latest_only_with_trigger' retrieved from /home/airflow/.local/lib/python3.12/site-packages/airflow/example_dags/example_latest_only_with_trigger.py
[2026-04-10T01:29:26.533+0000] {logging_mixin.py:190} INFO - [2026-04-10T01:29:26.533+0000] {dag.py:3239} INFO - Sync 1 DAGs
[2026-04-10T01:29:26.542+0000] {logging_mixin.py:190} INFO - [2026-04-10T01:29:26.542+0000] {dag.py:4180} INFO - Setting next_dagrun for latest_only_with_trigger to 2026-04-09 20:00:00+00:00, run_after=2026-04-10 00:00:00+00:00
[2026-04-10T01:29:26.550+0000] {processor.py:208} INFO - Processing /home/airflow/.local/lib/python3.12/site-packages/airflow/example_dags/example_latest_only_with_trigger.py took 0.038 seconds
[2026-04-10T01:29:56.970+0000] {processor.py:186} INFO - Started process (PID=79209) to work on /home/airflow/.local/lib/python3.12/site-packages/airflow/example_dags/example_latest_only_with_trigger.py
[2026-04-10T01:29:56.972+0000] {processor.py:914} INFO - Processing file /home/airflow/.local/lib/python3.12/site-packages/airflow/example_dags/example_latest_only_with_trigger.py for tasks to queue
[2026-04-10T01:29:56.972+0000] {logging_mixin.py:190} INFO - [2026-04-10T01:29:56.972+0000] {dagbag.py:588} INFO - Filling up the DagBag from /home/airflow/.local/lib/python3.12/site-packages/airflow/example_dags/example_latest_only_with_trigger.py
[2026-04-10T01:29:56.975+0000] {processor.py:925} INFO - DAG(s) 'latest_only_with_trigger' retrieved from /home/airflow/.local/lib/python3.12/site-packages/airflow/example_dags/example_latest_only_with_trigger.py
[2026-04-10T01:29:56.986+0000] {logging_mixin.py:190} INFO - [2026-04-10T01:29:56.986+0000] {dag.py:3239} INFO - Sync 1 DAGs
[2026-04-10T01:29:56.996+0000] {logging_mixin.py:190} INFO - [2026-04-10T01:29:56.995+0000] {dag.py:4180} INFO - Setting next_dagrun for latest_only_with_trigger to 2026-04-09 20:00:00+00:00, run_after=2026-04-10 00:00:00+00:00
[2026-04-10T01:29:57.005+0000] {processor.py:208} INFO - Processing /home/airflow/.local/lib/python3.12/site-packages/airflow/example_dags/example_latest_only_with_trigger.py took 0.037 seconds
[2026-04-10T01:43:16.301+0000] {processor.py:186} INFO - Started process (PID=79273) to work on /home/airflow/.local/lib/python3.12/site-packages/airflow/example_dags/example_latest_only_with_trigger.py
[2026-04-10T01:43:16.302+0000] {processor.py:914} INFO - Processing file /home/airflow/.local/lib/python3.12/site-packages/airflow/example_dags/example_latest_only_with_trigger.py for tasks to queue
[2026-04-10T01:43:16.302+0000] {logging_mixin.py:190} INFO - [2026-04-10T01:43:16.302+0000] {dagbag.py:588} INFO - Filling up the DagBag from /home/airflow/.local/lib/python3.12/site-packages/airflow/example_dags/example_latest_only_with_trigger.py
[2026-04-10T01:43:16.307+0000] {processor.py:925} INFO - DAG(s) 'latest_only_with_trigger' retrieved from /home/airflow/.local/lib/python3.12/site-packages/airflow/example_dags/example_latest_only_with_trigger.py
[2026-04-10T01:43:16.315+0000] {logging_mixin.py:190} INFO - [2026-04-10T01:43:16.315+0000] {dag.py:3239} INFO - Sync 1 DAGs
[2026-04-10T01:43:16.323+0000] {logging_mixin.py:190} INFO - [2026-04-10T01:43:16.323+0000] {dag.py:4180} INFO - Setting next_dagrun for latest_only_with_trigger to 2026-04-09 20:00:00+00:00, run_after=2026-04-10 00:00:00+00:00
[2026-04-10T01:43:16.336+0000] {processor.py:208} INFO - Processing /home/airflow/.local/lib/python3.12/site-packages/airflow/example_dags/example_latest_only_with_trigger.py took 0.037 seconds
[2026-04-10T01:58:48.167+0000] {processor.py:186} INFO - Started process (PID=79337) to work on /home/airflow/.local/lib/python3.12/site-packages/airflow/example_dags/example_latest_only_with_trigger.py
[2026-04-10T01:58:48.168+0000] {processor.py:914} INFO - Processing file /home/airflow/.local/lib/python3.12/site-packages/airflow/example_dags/example_latest_only_with_trigger.py for tasks to queue
[2026-04-10T01:58:48.169+0000] {logging_mixin.py:190} INFO - [2026-04-10T01:58:48.169+0000] {dagbag.py:588} INFO - Filling up the DagBag from /home/airflow/.local/lib/python3.12/site-packages/airflow/example_dags/example_latest_only_with_trigger.py
[2026-04-10T01:58:48.172+0000] {processor.py:925} INFO - DAG(s) 'latest_only_with_trigger' retrieved from /home/airflow/.local/lib/python3.12/site-packages/airflow/example_dags/example_latest_only_with_trigger.py
[2026-04-10T01:58:48.181+0000] {logging_mixin.py:190} INFO - [2026-04-10T01:58:48.181+0000] {dag.py:3239} INFO - Sync 1 DAGs
[2026-04-10T01:58:48.190+0000] {logging_mixin.py:190} INFO - [2026-04-10T01:58:48.190+0000] {dag.py:4180} INFO - Setting next_dagrun for latest_only_with_trigger to 2026-04-09 20:00:00+00:00, run_after=2026-04-10 00:00:00+00:00
[2026-04-10T01:58:48.198+0000] {processor.py:208} INFO - Processing /home/airflow/.local/lib/python3.12/site-packages/airflow/example_dags/example_latest_only_with_trigger.py took 0.033 seconds
[2026-04-10T01:59:19.457+0000] {processor.py:186} INFO - Started process (PID=79401) to work on /home/airflow/.local/lib/python3.12/site-packages/airflow/example_dags/example_latest_only_with_trigger.py
[2026-04-10T01:59:19.457+0000] {processor.py:914} INFO - Processing file /home/airflow/.local/lib/python3.12/site-packages/airflow/example_dags/example_latest_only_with_trigger.py for tasks to queue
[2026-04-10T01:59:19.459+0000] {logging_mixin.py:190} INFO - [2026-04-10T01:59:19.458+0000] {dagbag.py:588} INFO - Filling up the DagBag from /home/airflow/.local/lib/python3.12/site-packages/airflow/example_dags/example_latest_only_with_trigger.py
[2026-04-10T01:59:19.462+0000] {processor.py:925} INFO - DAG(s) 'latest_only_with_trigger' retrieved from /home/airflow/.local/lib/python3.12/site-packages/airflow/example_dags/example_latest_only_with_trigger.py
[2026-04-10T01:59:19.474+0000] {logging_mixin.py:190} INFO - [2026-04-10T01:59:19.474+0000] {dag.py:3239} INFO - Sync 1 DAGs
[2026-04-10T01:59:19.483+0000] {logging_mixin.py:190} INFO - [2026-04-10T01:59:19.483+0000] {dag.py:4180} INFO - Setting next_dagrun for latest_only_with_trigger to 2026-04-09 20:00:00+00:00, run_after=2026-04-10 00:00:00+00:00
[2026-04-10T01:59:19.491+0000] {processor.py:208} INFO - Processing /home/airflow/.local/lib/python3.12/site-packages/airflow/example_dags/example_latest_only_with_trigger.py took 0.036 seconds
[2026-04-10T02:14:51.850+0000] {processor.py:186} INFO - Started process (PID=79465) to work on /home/airflow/.local/lib/python3.12/site-packages/airflow/example_dags/example_latest_only_with_trigger.py
[2026-04-10T02:14:51.851+0000] {processor.py:914} INFO - Processing file /home/airflow/.local/lib/python3.12/site-packages/airflow/example_dags/example_latest_only_with_trigger.py for tasks to queue
[2026-04-10T02:14:51.852+0000] {logging_mixin.py:190} INFO - [2026-04-10T02:14:51.852+0000] {dagbag.py:588} INFO - Filling up the DagBag from /home/airflow/.local/lib/python3.12/site-packages/airflow/example_dags/example_latest_only_with_trigger.py
[2026-04-10T02:14:51.855+0000] {processor.py:925} INFO - DAG(s) 'latest_only_with_trigger' retrieved from /home/airflow/.local/lib/python3.12/site-packages/airflow/example_dags/example_latest_only_with_trigger.py
[2026-04-10T02:14:51.867+0000] {logging_mixin.py:190} INFO - [2026-04-10T02:14:51.866+0000] {dag.py:3239} INFO - Sync 1 DAGs
[2026-04-10T02:14:51.873+0000] {logging_mixin.py:190} INFO - [2026-04-10T02:14:51.873+0000] {dag.py:4180} INFO - Setting next_dagrun for latest_only_with_trigger to 2026-04-09 20:00:00+00:00, run_after=2026-04-10 00:00:00+00:00
[2026-04-10T02:14:51.881+0000] {processor.py:208} INFO - Processing /home/airflow/.local/lib/python3.12/site-packages/airflow/example_dags/example_latest_only_with_trigger.py took 0.033 seconds
[2026-04-10T02:20:02.434+0000] {processor.py:186} INFO - Started process (PID=79529) to work on /home/airflow/.local/lib/python3.12/site-packages/airflow/example_dags/example_latest_only_with_trigger.py
[2026-04-10T02:20:02.434+0000] {processor.py:914} INFO - Processing file /home/airflow/.local/lib/python3.12/site-packages/airflow/example_dags/example_latest_only_with_trigger.py for tasks to queue
[2026-04-10T02:20:02.435+0000] {logging_mixin.py:190} INFO - [2026-04-10T02:20:02.435+0000] {dagbag.py:588} INFO - Filling up the DagBag from /home/airflow/.local/lib/python3.12/site-packages/airflow/example_dags/example_latest_only_with_trigger.py
[2026-04-10T02:20:02.439+0000] {processor.py:925} INFO - DAG(s) 'latest_only_with_trigger' retrieved from /home/airflow/.local/lib/python3.12/site-packages/airflow/example_dags/example_latest_only_with_trigger.py
[2026-04-10T02:20:02.449+0000] {logging_mixin.py:190} INFO - [2026-04-10T02:20:02.449+0000] {dag.py:3239} INFO - Sync 1 DAGs
[2026-04-10T02:20:02.464+0000] {logging_mixin.py:190} INFO - [2026-04-10T02:20:02.464+0000] {dag.py:4180} INFO - Setting next_dagrun for latest_only_with_trigger to 2026-04-09 20:00:00+00:00, run_after=2026-04-10 00:00:00+00:00
[2026-04-10T02:20:02.475+0000] {processor.py:208} INFO - Processing /home/airflow/.local/lib/python3.12/site-packages/airflow/example_dags/example_latest_only_with_trigger.py took 0.044 seconds
[2026-04-10T02:20:33.141+0000] {processor.py:186} INFO - Started process (PID=79593) to work on /home/airflow/.local/lib/python3.12/site-packages/airflow/example_dags/example_latest_only_with_trigger.py
[2026-04-10T02:20:33.141+0000] {processor.py:914} INFO - Processing file /home/airflow/.local/lib/python3.12/site-packages/airflow/example_dags/example_latest_only_with_trigger.py for tasks to queue
[2026-04-10T02:20:33.142+0000] {logging_mixin.py:190} INFO - [2026-04-10T02:20:33.142+0000] {dagbag.py:588} INFO - Filling up the DagBag from /home/airflow/.local/lib/python3.12/site-packages/airflow/example_dags/example_latest_only_with_trigger.py
[2026-04-10T02:20:33.145+0000] {processor.py:925} INFO - DAG(s) 'latest_only_with_trigger' retrieved from /home/airflow/.local/lib/python3.12/site-packages/airflow/example_dags/example_latest_only_with_trigger.py
[2026-04-10T02:20:33.152+0000] {logging_mixin.py:190} INFO - [2026-04-10T02:20:33.152+0000] {dag.py:3239} INFO - Sync 1 DAGs
[2026-04-10T02:20:33.161+0000] {logging_mixin.py:190} INFO - [2026-04-10T02:20:33.161+0000] {dag.py:4180} INFO - Setting next_dagrun for latest_only_with_trigger to 2026-04-09 20:00:00+00:00, run_after=2026-04-10 00:00:00+00:00
[2026-04-10T02:20:33.170+0000] {processor.py:208} INFO - Processing /home/airflow/.local/lib/python3.12/site-packages/airflow/example_dags/example_latest_only_with_trigger.py took 0.032 seconds
[2026-04-10T02:38:21.977+0000] {processor.py:186} INFO - Started process (PID=79657) to work on /home/airflow/.local/lib/python3.12/site-packages/airflow/example_dags/example_latest_only_with_trigger.py
[2026-04-10T02:38:21.978+0000] {processor.py:914} INFO - Processing file /home/airflow/.local/lib/python3.12/site-packages/airflow/example_dags/example_latest_only_with_trigger.py for tasks to queue
[2026-04-10T02:38:21.978+0000] {logging_mixin.py:190} INFO - [2026-04-10T02:38:21.978+0000] {dagbag.py:588} INFO - Filling up the DagBag from /home/airflow/.local/lib/python3.12/site-packages/airflow/example_dags/example_latest_only_with_trigger.py
[2026-04-10T02:38:21.983+0000] {processor.py:925} INFO - DAG(s) 'latest_only_with_trigger' retrieved from /home/airflow/.local/lib/python3.12/site-packages/airflow/example_dags/example_latest_only_with_trigger.py
[2026-04-10T02:38:21.995+0000] {logging_mixin.py:190} INFO - [2026-04-10T02:38:21.995+0000] {dag.py:3239} INFO - Sync 1 DAGs
[2026-04-10T02:38:22.006+0000] {logging_mixin.py:190} INFO - [2026-04-10T02:38:22.005+0000] {dag.py:4180} INFO - Setting next_dagrun for latest_only_with_trigger to 2026-04-09 20:00:00+00:00, run_after=2026-04-10 00:00:00+00:00
[2026-04-10T02:38:22.015+0000] {processor.py:208} INFO - Processing /home/airflow/.local/lib/python3.12/site-packages/airflow/example_dags/example_latest_only_with_trigger.py took 0.040 seconds
[2026-04-10T02:44:08.848+0000] {processor.py:186} INFO - Started process (PID=79721) to work on /home/airflow/.local/lib/python3.12/site-packages/airflow/example_dags/example_latest_only_with_trigger.py
[2026-04-10T02:44:08.848+0000] {processor.py:914} INFO - Processing file /home/airflow/.local/lib/python3.12/site-packages/airflow/example_dags/example_latest_only_with_trigger.py for tasks to queue
[2026-04-10T02:44:08.849+0000] {logging_mixin.py:190} INFO - [2026-04-10T02:44:08.848+0000] {dagbag.py:588} INFO - Filling up the DagBag from /home/airflow/.local/lib/python3.12/site-packages/airflow/example_dags/example_latest_only_with_trigger.py
[2026-04-10T02:44:08.854+0000] {processor.py:925} INFO - DAG(s) 'latest_only_with_trigger' retrieved from /home/airflow/.local/lib/python3.12/site-packages/airflow/example_dags/example_latest_only_with_trigger.py
[2026-04-10T02:44:08.863+0000] {logging_mixin.py:190} INFO - [2026-04-10T02:44:08.863+0000] {dag.py:3239} INFO - Sync 1 DAGs
[2026-04-10T02:44:08.871+0000] {logging_mixin.py:190} INFO - [2026-04-10T02:44:08.871+0000] {dag.py:4180} INFO - Setting next_dagrun for latest_only_with_trigger to 2026-04-09 20:00:00+00:00, run_after=2026-04-10 00:00:00+00:00
[2026-04-10T02:44:08.880+0000] {processor.py:208} INFO - Processing /home/airflow/.local/lib/python3.12/site-packages/airflow/example_dags/example_latest_only_with_trigger.py took 0.035 seconds
[2026-04-10T02:59:40.443+0000] {processor.py:186} INFO - Started process (PID=79785) to work on /home/airflow/.local/lib/python3.12/site-packages/airflow/example_dags/example_latest_only_with_trigger.py
[2026-04-10T02:59:40.444+0000] {processor.py:914} INFO - Processing file /home/airflow/.local/lib/python3.12/site-packages/airflow/example_dags/example_latest_only_with_trigger.py for tasks to queue
[2026-04-10T02:59:40.445+0000] {logging_mixin.py:190} INFO - [2026-04-10T02:59:40.445+0000] {dagbag.py:588} INFO - Filling up the DagBag from /home/airflow/.local/lib/python3.12/site-packages/airflow/example_dags/example_latest_only_with_trigger.py
[2026-04-10T02:59:40.450+0000] {processor.py:925} INFO - DAG(s) 'latest_only_with_trigger' retrieved from /home/airflow/.local/lib/python3.12/site-packages/airflow/example_dags/example_latest_only_with_trigger.py
[2026-04-10T02:59:40.462+0000] {logging_mixin.py:190} INFO - [2026-04-10T02:59:40.462+0000] {dag.py:3239} INFO - Sync 1 DAGs
[2026-04-10T02:59:40.473+0000] {logging_mixin.py:190} INFO - [2026-04-10T02:59:40.473+0000] {dag.py:4180} INFO - Setting next_dagrun for latest_only_with_trigger to 2026-04-09 20:00:00+00:00, run_after=2026-04-10 00:00:00+00:00
[2026-04-10T02:59:40.480+0000] {processor.py:208} INFO - Processing /home/airflow/.local/lib/python3.12/site-packages/airflow/example_dags/example_latest_only_with_trigger.py took 0.039 seconds
[2026-04-10T03:00:10.781+0000] {processor.py:186} INFO - Started process (PID=79849) to work on /home/airflow/.local/lib/python3.12/site-packages/airflow/example_dags/example_latest_only_with_trigger.py
[2026-04-10T03:00:10.782+0000] {processor.py:914} INFO - Processing file /home/airflow/.local/lib/python3.12/site-packages/airflow/example_dags/example_latest_only_with_trigger.py for tasks to queue
[2026-04-10T03:00:10.782+0000] {logging_mixin.py:190} INFO - [2026-04-10T03:00:10.782+0000] {dagbag.py:588} INFO - Filling up the DagBag from /home/airflow/.local/lib/python3.12/site-packages/airflow/example_dags/example_latest_only_with_trigger.py
[2026-04-10T03:00:10.787+0000] {processor.py:925} INFO - DAG(s) 'latest_only_with_trigger' retrieved from /home/airflow/.local/lib/python3.12/site-packages/airflow/example_dags/example_latest_only_with_trigger.py
[2026-04-10T03:00:10.801+0000] {logging_mixin.py:190} INFO - [2026-04-10T03:00:10.798+0000] {dag.py:3239} INFO - Sync 1 DAGs
[2026-04-10T03:00:10.810+0000] {logging_mixin.py:190} INFO - [2026-04-10T03:00:10.809+0000] {dag.py:4180} INFO - Setting next_dagrun for latest_only_with_trigger to 2026-04-09 20:00:00+00:00, run_after=2026-04-10 00:00:00+00:00
[2026-04-10T03:00:10.819+0000] {processor.py:208} INFO - Processing /home/airflow/.local/lib/python3.12/site-packages/airflow/example_dags/example_latest_only_with_trigger.py took 0.040 seconds
[2026-04-10T03:15:41.556+0000] {processor.py:186} INFO - Started process (PID=79913) to work on /home/airflow/.local/lib/python3.12/site-packages/airflow/example_dags/example_latest_only_with_trigger.py
[2026-04-10T03:15:41.557+0000] {processor.py:914} INFO - Processing file /home/airflow/.local/lib/python3.12/site-packages/airflow/example_dags/example_latest_only_with_trigger.py for tasks to queue
[2026-04-10T03:15:41.557+0000] {logging_mixin.py:190} INFO - [2026-04-10T03:15:41.557+0000] {dagbag.py:588} INFO - Filling up the DagBag from /home/airflow/.local/lib/python3.12/site-packages/airflow/example_dags/example_latest_only_with_trigger.py
[2026-04-10T03:15:41.560+0000] {processor.py:925} INFO - DAG(s) 'latest_only_with_trigger' retrieved from /home/airflow/.local/lib/python3.12/site-packages/airflow/example_dags/example_latest_only_with_trigger.py
[2026-04-10T03:15:41.571+0000] {logging_mixin.py:190} INFO - [2026-04-10T03:15:41.571+0000] {dag.py:3239} INFO - Sync 1 DAGs
[2026-04-10T03:15:41.580+0000] {logging_mixin.py:190} INFO - [2026-04-10T03:15:41.580+0000] {dag.py:4180} INFO - Setting next_dagrun for latest_only_with_trigger to 2026-04-09 20:00:00+00:00, run_after=2026-04-10 00:00:00+00:00
[2026-04-10T03:15:41.590+0000] {processor.py:208} INFO - Processing /home/airflow/.local/lib/python3.12/site-packages/airflow/example_dags/example_latest_only_with_trigger.py took 0.037 seconds
[2026-04-10T03:23:20.763+0000] {processor.py:186} INFO - Started process (PID=79977) to work on /home/airflow/.local/lib/python3.12/site-packages/airflow/example_dags/example_latest_only_with_trigger.py
[2026-04-10T03:23:20.764+0000] {processor.py:914} INFO - Processing file /home/airflow/.local/lib/python3.12/site-packages/airflow/example_dags/example_latest_only_with_trigger.py for tasks to queue
[2026-04-10T03:23:20.765+0000] {logging_mixin.py:190} INFO - [2026-04-10T03:23:20.764+0000] {dagbag.py:588} INFO - Filling up the DagBag from /home/airflow/.local/lib/python3.12/site-packages/airflow/example_dags/example_latest_only_with_trigger.py
[2026-04-10T03:23:20.772+0000] {processor.py:925} INFO - DAG(s) 'latest_only_with_trigger' retrieved from /home/airflow/.local/lib/python3.12/site-packages/airflow/example_dags/example_latest_only_with_trigger.py
[2026-04-10T03:23:20.784+0000] {logging_mixin.py:190} INFO - [2026-04-10T03:23:20.783+0000] {dag.py:3239} INFO - Sync 1 DAGs
[2026-04-10T03:23:20.801+0000] {logging_mixin.py:190} INFO - [2026-04-10T03:23:20.801+0000] {dag.py:4180} INFO - Setting next_dagrun for latest_only_with_trigger to 2026-04-09 20:00:00+00:00, run_after=2026-04-10 00:00:00+00:00
[2026-04-10T03:23:20.814+0000] {processor.py:208} INFO - Processing /home/airflow/.local/lib/python3.12/site-packages/airflow/example_dags/example_latest_only_with_trigger.py took 0.054 seconds
[2026-04-10T03:23:51.638+0000] {processor.py:186} INFO - Started process (PID=80041) to work on /home/airflow/.local/lib/python3.12/site-packages/airflow/example_dags/example_latest_only_with_trigger.py
[2026-04-10T03:23:51.640+0000] {processor.py:914} INFO - Processing file /home/airflow/.local/lib/python3.12/site-packages/airflow/example_dags/example_latest_only_with_trigger.py for tasks to queue
[2026-04-10T03:23:51.640+0000] {logging_mixin.py:190} INFO - [2026-04-10T03:23:51.640+0000] {dagbag.py:588} INFO - Filling up the DagBag from /home/airflow/.local/lib/python3.12/site-packages/airflow/example_dags/example_latest_only_with_trigger.py
[2026-04-10T03:23:51.644+0000] {processor.py:925} INFO - DAG(s) 'latest_only_with_trigger' retrieved from /home/airflow/.local/lib/python3.12/site-packages/airflow/example_dags/example_latest_only_with_trigger.py
[2026-04-10T03:23:51.657+0000] {logging_mixin.py:190} INFO - [2026-04-10T03:23:51.655+0000] {dag.py:3239} INFO - Sync 1 DAGs
[2026-04-10T03:23:51.669+0000] {logging_mixin.py:190} INFO - [2026-04-10T03:23:51.668+0000] {dag.py:4180} INFO - Setting next_dagrun for latest_only_with_trigger to 2026-04-09 20:00:00+00:00, run_after=2026-04-10 00:00:00+00:00
[2026-04-10T03:23:51.675+0000] {processor.py:208} INFO - Processing /home/airflow/.local/lib/python3.12/site-packages/airflow/example_dags/example_latest_only_with_trigger.py took 0.040 seconds
[2026-04-10T03:24:22.254+0000] {processor.py:186} INFO - Started process (PID=80105) to work on /home/airflow/.local/lib/python3.12/site-packages/airflow/example_dags/example_latest_only_with_trigger.py
[2026-04-10T03:24:22.255+0000] {processor.py:914} INFO - Processing file /home/airflow/.local/lib/python3.12/site-packages/airflow/example_dags/example_latest_only_with_trigger.py for tasks to queue
[2026-04-10T03:24:22.256+0000] {logging_mixin.py:190} INFO - [2026-04-10T03:24:22.256+0000] {dagbag.py:588} INFO - Filling up the DagBag from /home/airflow/.local/lib/python3.12/site-packages/airflow/example_dags/example_latest_only_with_trigger.py
[2026-04-10T03:24:22.261+0000] {processor.py:925} INFO - DAG(s) 'latest_only_with_trigger' retrieved from /home/airflow/.local/lib/python3.12/site-packages/airflow/example_dags/example_latest_only_with_trigger.py
[2026-04-10T03:24:22.272+0000] {logging_mixin.py:190} INFO - [2026-04-10T03:24:22.272+0000] {dag.py:3239} INFO - Sync 1 DAGs
[2026-04-10T03:24:22.282+0000] {logging_mixin.py:190} INFO - [2026-04-10T03:24:22.282+0000] {dag.py:4180} INFO - Setting next_dagrun for latest_only_with_trigger to 2026-04-09 20:00:00+00:00, run_after=2026-04-10 00:00:00+00:00
[2026-04-10T03:24:22.289+0000] {processor.py:208} INFO - Processing /home/airflow/.local/lib/python3.12/site-packages/airflow/example_dags/example_latest_only_with_trigger.py took 0.038 seconds
[2026-04-10T03:24:52.631+0000] {processor.py:186} INFO - Started process (PID=80169) to work on /home/airflow/.local/lib/python3.12/site-packages/airflow/example_dags/example_latest_only_with_trigger.py
[2026-04-10T03:24:52.632+0000] {processor.py:914} INFO - Processing file /home/airflow/.local/lib/python3.12/site-packages/airflow/example_dags/example_latest_only_with_trigger.py for tasks to queue
[2026-04-10T03:24:52.632+0000] {logging_mixin.py:190} INFO - [2026-04-10T03:24:52.632+0000] {dagbag.py:588} INFO - Filling up the DagBag from /home/airflow/.local/lib/python3.12/site-packages/airflow/example_dags/example_latest_only_with_trigger.py
[2026-04-10T03:24:52.638+0000] {processor.py:925} INFO - DAG(s) 'latest_only_with_trigger' retrieved from /home/airflow/.local/lib/python3.12/site-packages/airflow/example_dags/example_latest_only_with_trigger.py
[2026-04-10T03:24:52.649+0000] {logging_mixin.py:190} INFO - [2026-04-10T03:24:52.649+0000] {dag.py:3239} INFO - Sync 1 DAGs
[2026-04-10T03:24:52.661+0000] {logging_mixin.py:190} INFO - [2026-04-10T03:24:52.661+0000] {dag.py:4180} INFO - Setting next_dagrun for latest_only_with_trigger to 2026-04-09 20:00:00+00:00, run_after=2026-04-10 00:00:00+00:00
[2026-04-10T03:24:52.681+0000] {processor.py:208} INFO - Processing /home/airflow/.local/lib/python3.12/site-packages/airflow/example_dags/example_latest_only_with_trigger.py took 0.054 seconds
[2026-04-10T03:25:23.086+0000] {processor.py:186} INFO - Started process (PID=80233) to work on /home/airflow/.local/lib/python3.12/site-packages/airflow/example_dags/example_latest_only_with_trigger.py
[2026-04-10T03:25:23.086+0000] {processor.py:914} INFO - Processing file /home/airflow/.local/lib/python3.12/site-packages/airflow/example_dags/example_latest_only_with_trigger.py for tasks to queue
[2026-04-10T03:25:23.086+0000] {logging_mixin.py:190} INFO - [2026-04-10T03:25:23.086+0000] {dagbag.py:588} INFO - Filling up the DagBag from /home/airflow/.local/lib/python3.12/site-packages/airflow/example_dags/example_latest_only_with_trigger.py
[2026-04-10T03:25:23.090+0000] {processor.py:925} INFO - DAG(s) 'latest_only_with_trigger' retrieved from /home/airflow/.local/lib/python3.12/site-packages/airflow/example_dags/example_latest_only_with_trigger.py
[2026-04-10T03:25:23.099+0000] {logging_mixin.py:190} INFO - [2026-04-10T03:25:23.099+0000] {dag.py:3239} INFO - Sync 1 DAGs
[2026-04-10T03:25:23.109+0000] {logging_mixin.py:190} INFO - [2026-04-10T03:25:23.109+0000] {dag.py:4180} INFO - Setting next_dagrun for latest_only_with_trigger to 2026-04-09 20:00:00+00:00, run_after=2026-04-10 00:00:00+00:00
[2026-04-10T03:25:23.115+0000] {processor.py:208} INFO - Processing /home/airflow/.local/lib/python3.12/site-packages/airflow/example_dags/example_latest_only_with_trigger.py took 0.031 seconds
[2026-04-10T03:25:53.606+0000] {processor.py:186} INFO - Started process (PID=80297) to work on /home/airflow/.local/lib/python3.12/site-packages/airflow/example_dags/example_latest_only_with_trigger.py
[2026-04-10T03:25:53.607+0000] {processor.py:914} INFO - Processing file /home/airflow/.local/lib/python3.12/site-packages/airflow/example_dags/example_latest_only_with_trigger.py for tasks to queue
[2026-04-10T03:25:53.608+0000] {logging_mixin.py:190} INFO - [2026-04-10T03:25:53.608+0000] {dagbag.py:588} INFO - Filling up the DagBag from /home/airflow/.local/lib/python3.12/site-packages/airflow/example_dags/example_latest_only_with_trigger.py
[2026-04-10T03:25:53.613+0000] {processor.py:925} INFO - DAG(s) 'latest_only_with_trigger' retrieved from /home/airflow/.local/lib/python3.12/site-packages/airflow/example_dags/example_latest_only_with_trigger.py
[2026-04-10T03:25:53.623+0000] {logging_mixin.py:190} INFO - [2026-04-10T03:25:53.623+0000] {dag.py:3239} INFO - Sync 1 DAGs
[2026-04-10T03:25:53.634+0000] {logging_mixin.py:190} INFO - [2026-04-10T03:25:53.634+0000] {dag.py:4180} INFO - Setting next_dagrun for latest_only_with_trigger to 2026-04-09 20:00:00+00:00, run_after=2026-04-10 00:00:00+00:00
[2026-04-10T03:25:53.646+0000] {processor.py:208} INFO - Processing /home/airflow/.local/lib/python3.12/site-packages/airflow/example_dags/example_latest_only_with_trigger.py took 0.043 seconds
[2026-04-10T03:26:24.833+0000] {processor.py:186} INFO - Started process (PID=80361) to work on /home/airflow/.local/lib/python3.12/site-packages/airflow/example_dags/example_latest_only_with_trigger.py
[2026-04-10T03:26:24.833+0000] {processor.py:914} INFO - Processing file /home/airflow/.local/lib/python3.12/site-packages/airflow/example_dags/example_latest_only_with_trigger.py for tasks to queue
[2026-04-10T03:26:24.833+0000] {logging_mixin.py:190} INFO - [2026-04-10T03:26:24.833+0000] {dagbag.py:588} INFO - Filling up the DagBag from /home/airflow/.local/lib/python3.12/site-packages/airflow/example_dags/example_latest_only_with_trigger.py
[2026-04-10T03:26:24.838+0000] {processor.py:925} INFO - DAG(s) 'latest_only_with_trigger' retrieved from /home/airflow/.local/lib/python3.12/site-packages/airflow/example_dags/example_latest_only_with_trigger.py
[2026-04-10T03:26:24.847+0000] {logging_mixin.py:190} INFO - [2026-04-10T03:26:24.847+0000] {dag.py:3239} INFO - Sync 1 DAGs
[2026-04-10T03:26:24.858+0000] {logging_mixin.py:190} INFO - [2026-04-10T03:26:24.858+0000] {dag.py:4180} INFO - Setting next_dagrun for latest_only_with_trigger to 2026-04-09 20:00:00+00:00, run_after=2026-04-10 00:00:00+00:00
[2026-04-10T03:26:24.870+0000] {processor.py:208} INFO - Processing /home/airflow/.local/lib/python3.12/site-packages/airflow/example_dags/example_latest_only_with_trigger.py took 0.040 seconds
[2026-04-10T03:26:55.246+0000] {processor.py:186} INFO - Started process (PID=80425) to work on /home/airflow/.local/lib/python3.12/site-packages/airflow/example_dags/example_latest_only_with_trigger.py
[2026-04-10T03:26:55.248+0000] {processor.py:914} INFO - Processing file /home/airflow/.local/lib/python3.12/site-packages/airflow/example_dags/example_latest_only_with_trigger.py for tasks to queue
[2026-04-10T03:26:55.249+0000] {logging_mixin.py:190} INFO - [2026-04-10T03:26:55.249+0000] {dagbag.py:588} INFO - Filling up the DagBag from /home/airflow/.local/lib/python3.12/site-packages/airflow/example_dags/example_latest_only_with_trigger.py
[2026-04-10T03:26:55.254+0000] {processor.py:925} INFO - DAG(s) 'latest_only_with_trigger' retrieved from /home/airflow/.local/lib/python3.12/site-packages/airflow/example_dags/example_latest_only_with_trigger.py
[2026-04-10T03:26:55.277+0000] {logging_mixin.py:190} INFO - [2026-04-10T03:26:55.277+0000] {dag.py:3239} INFO - Sync 1 DAGs
[2026-04-10T03:26:55.292+0000] {logging_mixin.py:190} INFO - [2026-04-10T03:26:55.292+0000] {dag.py:4180} INFO - Setting next_dagrun for latest_only_with_trigger to 2026-04-09 20:00:00+00:00, run_after=2026-04-10 00:00:00+00:00
[2026-04-10T03:26:55.301+0000] {processor.py:208} INFO - Processing /home/airflow/.local/lib/python3.12/site-packages/airflow/example_dags/example_latest_only_with_trigger.py took 0.058 seconds
[2026-04-10T03:27:25.662+0000] {processor.py:186} INFO - Started process (PID=80489) to work on /home/airflow/.local/lib/python3.12/site-packages/airflow/example_dags/example_latest_only_with_trigger.py
[2026-04-10T03:27:25.663+0000] {processor.py:914} INFO - Processing file /home/airflow/.local/lib/python3.12/site-packages/airflow/example_dags/example_latest_only_with_trigger.py for tasks to queue
[2026-04-10T03:27:25.665+0000] {logging_mixin.py:190} INFO - [2026-04-10T03:27:25.665+0000] {dagbag.py:588} INFO - Filling up the DagBag from /home/airflow/.local/lib/python3.12/site-packages/airflow/example_dags/example_latest_only_with_trigger.py
[2026-04-10T03:27:25.670+0000] {processor.py:925} INFO - DAG(s) 'latest_only_with_trigger' retrieved from /home/airflow/.local/lib/python3.12/site-packages/airflow/example_dags/example_latest_only_with_trigger.py
[2026-04-10T03:27:25.679+0000] {logging_mixin.py:190} INFO - [2026-04-10T03:27:25.679+0000] {dag.py:3239} INFO - Sync 1 DAGs
[2026-04-10T03:27:25.686+0000] {logging_mixin.py:190} INFO - [2026-04-10T03:27:25.686+0000] {dag.py:4180} INFO - Setting next_dagrun for latest_only_with_trigger to 2026-04-09 20:00:00+00:00, run_after=2026-04-10 00:00:00+00:00
[2026-04-10T03:27:25.695+0000] {processor.py:208} INFO - Processing /home/airflow/.local/lib/python3.12/site-packages/airflow/example_dags/example_latest_only_with_trigger.py took 0.036 seconds
[2026-04-10T03:27:56.030+0000] {processor.py:186} INFO - Started process (PID=80553) to work on /home/airflow/.local/lib/python3.12/site-packages/airflow/example_dags/example_latest_only_with_trigger.py
[2026-04-10T03:27:56.031+0000] {processor.py:914} INFO - Processing file /home/airflow/.local/lib/python3.12/site-packages/airflow/example_dags/example_latest_only_with_trigger.py for tasks to queue
[2026-04-10T03:27:56.031+0000] {logging_mixin.py:190} INFO - [2026-04-10T03:27:56.031+0000] {dagbag.py:588} INFO - Filling up the DagBag from /home/airflow/.local/lib/python3.12/site-packages/airflow/example_dags/example_latest_only_with_trigger.py
[2026-04-10T03:27:56.035+0000] {processor.py:925} INFO - DAG(s) 'latest_only_with_trigger' retrieved from /home/airflow/.local/lib/python3.12/site-packages/airflow/example_dags/example_latest_only_with_trigger.py
[2026-04-10T03:27:56.043+0000] {logging_mixin.py:190} INFO - [2026-04-10T03:27:56.043+0000] {dag.py:3239} INFO - Sync 1 DAGs
[2026-04-10T03:27:56.053+0000] {logging_mixin.py:190} INFO - [2026-04-10T03:27:56.053+0000] {dag.py:4180} INFO - Setting next_dagrun for latest_only_with_trigger to 2026-04-09 20:00:00+00:00, run_after=2026-04-10 00:00:00+00:00
[2026-04-10T03:27:56.064+0000] {processor.py:208} INFO - Processing /home/airflow/.local/lib/python3.12/site-packages/airflow/example_dags/example_latest_only_with_trigger.py took 0.036 seconds
[2026-04-10T03:28:26.738+0000] {processor.py:186} INFO - Started process (PID=80617) to work on /home/airflow/.local/lib/python3.12/site-packages/airflow/example_dags/example_latest_only_with_trigger.py
[2026-04-10T03:28:26.739+0000] {processor.py:914} INFO - Processing file /home/airflow/.local/lib/python3.12/site-packages/airflow/example_dags/example_latest_only_with_trigger.py for tasks to queue
[2026-04-10T03:28:26.740+0000] {logging_mixin.py:190} INFO - [2026-04-10T03:28:26.740+0000] {dagbag.py:588} INFO - Filling up the DagBag from /home/airflow/.local/lib/python3.12/site-packages/airflow/example_dags/example_latest_only_with_trigger.py
[2026-04-10T03:28:26.744+0000] {processor.py:925} INFO - DAG(s) 'latest_only_with_trigger' retrieved from /home/airflow/.local/lib/python3.12/site-packages/airflow/example_dags/example_latest_only_with_trigger.py
[2026-04-10T03:28:26.756+0000] {logging_mixin.py:190} INFO - [2026-04-10T03:28:26.755+0000] {dag.py:3239} INFO - Sync 1 DAGs
[2026-04-10T03:28:26.764+0000] {logging_mixin.py:190} INFO - [2026-04-10T03:28:26.764+0000] {dag.py:4180} INFO - Setting next_dagrun for latest_only_with_trigger to 2026-04-09 20:00:00+00:00, run_after=2026-04-10 00:00:00+00:00
[2026-04-10T03:28:26.772+0000] {processor.py:208} INFO - Processing /home/airflow/.local/lib/python3.12/site-packages/airflow/example_dags/example_latest_only_with_trigger.py took 0.036 seconds
[2026-04-10T03:28:57.245+0000] {processor.py:186} INFO - Started process (PID=80681) to work on /home/airflow/.local/lib/python3.12/site-packages/airflow/example_dags/example_latest_only_with_trigger.py
[2026-04-10T03:28:57.246+0000] {processor.py:914} INFO - Processing file /home/airflow/.local/lib/python3.12/site-packages/airflow/example_dags/example_latest_only_with_trigger.py for tasks to queue
[2026-04-10T03:28:57.246+0000] {logging_mixin.py:190} INFO - [2026-04-10T03:28:57.246+0000] {dagbag.py:588} INFO - Filling up the DagBag from /home/airflow/.local/lib/python3.12/site-packages/airflow/example_dags/example_latest_only_with_trigger.py
[2026-04-10T03:28:57.250+0000] {processor.py:925} INFO - DAG(s) 'latest_only_with_trigger' retrieved from /home/airflow/.local/lib/python3.12/site-packages/airflow/example_dags/example_latest_only_with_trigger.py
[2026-04-10T03:28:57.258+0000] {logging_mixin.py:190} INFO - [2026-04-10T03:28:57.258+0000] {dag.py:3239} INFO - Sync 1 DAGs
[2026-04-10T03:28:57.266+0000] {logging_mixin.py:190} INFO - [2026-04-10T03:28:57.266+0000] {dag.py:4180} INFO - Setting next_dagrun for latest_only_with_trigger to 2026-04-09 20:00:00+00:00, run_after=2026-04-10 00:00:00+00:00
[2026-04-10T03:28:57.276+0000] {processor.py:208} INFO - Processing /home/airflow/.local/lib/python3.12/site-packages/airflow/example_dags/example_latest_only_with_trigger.py took 0.033 seconds
[2026-04-10T03:29:27.667+0000] {processor.py:186} INFO - Started process (PID=80745) to work on /home/airflow/.local/lib/python3.12/site-packages/airflow/example_dags/example_latest_only_with_trigger.py
[2026-04-10T03:29:27.668+0000] {processor.py:914} INFO - Processing file /home/airflow/.local/lib/python3.12/site-packages/airflow/example_dags/example_latest_only_with_trigger.py for tasks to queue
[2026-04-10T03:29:27.668+0000] {logging_mixin.py:190} INFO - [2026-04-10T03:29:27.668+0000] {dagbag.py:588} INFO - Filling up the DagBag from /home/airflow/.local/lib/python3.12/site-packages/airflow/example_dags/example_latest_only_with_trigger.py
[2026-04-10T03:29:27.671+0000] {processor.py:925} INFO - DAG(s) 'latest_only_with_trigger' retrieved from /home/airflow/.local/lib/python3.12/site-packages/airflow/example_dags/example_latest_only_with_trigger.py
[2026-04-10T03:29:27.680+0000] {logging_mixin.py:190} INFO - [2026-04-10T03:29:27.680+0000] {dag.py:3239} INFO - Sync 1 DAGs
[2026-04-10T03:29:27.689+0000] {logging_mixin.py:190} INFO - [2026-04-10T03:29:27.689+0000] {dag.py:4180} INFO - Setting next_dagrun for latest_only_with_trigger to 2026-04-09 20:00:00+00:00, run_after=2026-04-10 00:00:00+00:00
[2026-04-10T03:29:27.699+0000] {processor.py:208} INFO - Processing /home/airflow/.local/lib/python3.12/site-packages/airflow/example_dags/example_latest_only_with_trigger.py took 0.034 seconds
[2026-04-10T03:29:58.197+0000] {processor.py:186} INFO - Started process (PID=80808) to work on /home/airflow/.local/lib/python3.12/site-packages/airflow/example_dags/example_latest_only_with_trigger.py
[2026-04-10T03:29:58.198+0000] {processor.py:914} INFO - Processing file /home/airflow/.local/lib/python3.12/site-packages/airflow/example_dags/example_latest_only_with_trigger.py for tasks to queue
[2026-04-10T03:29:58.199+0000] {logging_mixin.py:190} INFO - [2026-04-10T03:29:58.199+0000] {dagbag.py:588} INFO - Filling up the DagBag from /home/airflow/.local/lib/python3.12/site-packages/airflow/example_dags/example_latest_only_with_trigger.py
[2026-04-10T03:29:58.202+0000] {processor.py:925} INFO - DAG(s) 'latest_only_with_trigger' retrieved from /home/airflow/.local/lib/python3.12/site-packages/airflow/example_dags/example_latest_only_with_trigger.py
[2026-04-10T03:29:58.210+0000] {logging_mixin.py:190} INFO - [2026-04-10T03:29:58.210+0000] {dag.py:3239} INFO - Sync 1 DAGs
[2026-04-10T03:29:58.220+0000] {logging_mixin.py:190} INFO - [2026-04-10T03:29:58.220+0000] {dag.py:4180} INFO - Setting next_dagrun for latest_only_with_trigger to 2026-04-09 20:00:00+00:00, run_after=2026-04-10 00:00:00+00:00
[2026-04-10T03:29:58.228+0000] {processor.py:208} INFO - Processing /home/airflow/.local/lib/python3.12/site-packages/airflow/example_dags/example_latest_only_with_trigger.py took 0.034 seconds
[2026-04-10T03:30:28.525+0000] {processor.py:186} INFO - Started process (PID=80872) to work on /home/airflow/.local/lib/python3.12/site-packages/airflow/example_dags/example_latest_only_with_trigger.py
[2026-04-10T03:30:28.527+0000] {processor.py:914} INFO - Processing file /home/airflow/.local/lib/python3.12/site-packages/airflow/example_dags/example_latest_only_with_trigger.py for tasks to queue
[2026-04-10T03:30:28.527+0000] {logging_mixin.py:190} INFO - [2026-04-10T03:30:28.527+0000] {dagbag.py:588} INFO - Filling up the DagBag from /home/airflow/.local/lib/python3.12/site-packages/airflow/example_dags/example_latest_only_with_trigger.py
[2026-04-10T03:30:28.531+0000] {processor.py:925} INFO - DAG(s) 'latest_only_with_trigger' retrieved from /home/airflow/.local/lib/python3.12/site-packages/airflow/example_dags/example_latest_only_with_trigger.py
[2026-04-10T03:30:28.538+0000] {logging_mixin.py:190} INFO - [2026-04-10T03:30:28.538+0000] {dag.py:3239} INFO - Sync 1 DAGs
[2026-04-10T03:30:28.545+0000] {logging_mixin.py:190} INFO - [2026-04-10T03:30:28.545+0000] {dag.py:4180} INFO - Setting next_dagrun for latest_only_with_trigger to 2026-04-09 20:00:00+00:00, run_after=2026-04-10 00:00:00+00:00
[2026-04-10T03:30:28.551+0000] {processor.py:208} INFO - Processing /home/airflow/.local/lib/python3.12/site-packages/airflow/example_dags/example_latest_only_with_trigger.py took 0.028 seconds
[2026-04-10T03:30:58.774+0000] {processor.py:186} INFO - Started process (PID=80936) to work on /home/airflow/.local/lib/python3.12/site-packages/airflow/example_dags/example_latest_only_with_trigger.py
[2026-04-10T03:30:58.774+0000] {processor.py:914} INFO - Processing file /home/airflow/.local/lib/python3.12/site-packages/airflow/example_dags/example_latest_only_with_trigger.py for tasks to queue
[2026-04-10T03:30:58.775+0000] {logging_mixin.py:190} INFO - [2026-04-10T03:30:58.775+0000] {dagbag.py:588} INFO - Filling up the DagBag from /home/airflow/.local/lib/python3.12/site-packages/airflow/example_dags/example_latest_only_with_trigger.py
[2026-04-10T03:30:58.779+0000] {processor.py:925} INFO - DAG(s) 'latest_only_with_trigger' retrieved from /home/airflow/.local/lib/python3.12/site-packages/airflow/example_dags/example_latest_only_with_trigger.py
[2026-04-10T03:30:58.787+0000] {logging_mixin.py:190} INFO - [2026-04-10T03:30:58.786+0000] {dag.py:3239} INFO - Sync 1 DAGs
[2026-04-10T03:30:58.796+0000] {logging_mixin.py:190} INFO - [2026-04-10T03:30:58.796+0000] {dag.py:4180} INFO - Setting next_dagrun for latest_only_with_trigger to 2026-04-09 20:00:00+00:00, run_after=2026-04-10 00:00:00+00:00
[2026-04-10T03:30:58.803+0000] {processor.py:208} INFO - Processing /home/airflow/.local/lib/python3.12/site-packages/airflow/example_dags/example_latest_only_with_trigger.py took 0.032 seconds
