[2026-04-10T00:07:15.557+0000] {processor.py:186} INFO - Started process (PID=78575) to work on /home/airflow/.local/lib/python3.12/site-packages/airflow/example_dags/example_outlet_event_extra.py
[2026-04-10T00:07:15.557+0000] {processor.py:914} INFO - Processing file /home/airflow/.local/lib/python3.12/site-packages/airflow/example_dags/example_outlet_event_extra.py for tasks to queue
[2026-04-10T00:07:15.559+0000] {logging_mixin.py:190} INFO - [2026-04-10T00:07:15.558+0000] {dagbag.py:588} INFO - Filling up the DagBag from /home/airflow/.local/lib/python3.12/site-packages/airflow/example_dags/example_outlet_event_extra.py
[2026-04-10T00:07:15.715+0000] {processor.py:925} INFO - DAG(s) 'dataset_with_extra_by_yield', 'dataset_with_extra_from_classic_operator', 'dataset_with_extra_by_context' retrieved from /home/airflow/.local/lib/python3.12/site-packages/airflow/example_dags/example_outlet_event_extra.py
[2026-04-10T00:07:15.726+0000] {logging_mixin.py:190} INFO - [2026-04-10T00:07:15.725+0000] {dag.py:3239} INFO - Sync 3 DAGs
[2026-04-10T00:07:15.736+0000] {logging_mixin.py:190} INFO - [2026-04-10T00:07:15.736+0000] {dag.py:4180} INFO - Setting next_dagrun for dataset_with_extra_by_context to 2026-04-09 00:00:00+00:00, run_after=2026-04-10 00:00:00+00:00
[2026-04-10T00:07:15.739+0000] {logging_mixin.py:190} INFO - [2026-04-10T00:07:15.738+0000] {dag.py:4180} INFO - Setting next_dagrun for dataset_with_extra_by_yield to 2026-04-09 00:00:00+00:00, run_after=2026-04-10 00:00:00+00:00
[2026-04-10T00:07:15.741+0000] {logging_mixin.py:190} INFO - [2026-04-10T00:07:15.741+0000] {dag.py:4180} INFO - Setting next_dagrun for dataset_with_extra_from_classic_operator to 2026-04-09 00:00:00+00:00, run_after=2026-04-10 00:00:00+00:00
[2026-04-10T00:07:15.748+0000] {processor.py:208} INFO - Processing /home/airflow/.local/lib/python3.12/site-packages/airflow/example_dags/example_outlet_event_extra.py took 0.194 seconds
[2026-04-10T00:22:48.404+0000] {processor.py:186} INFO - Started process (PID=78639) to work on /home/airflow/.local/lib/python3.12/site-packages/airflow/example_dags/example_outlet_event_extra.py
[2026-04-10T00:22:48.405+0000] {processor.py:914} INFO - Processing file /home/airflow/.local/lib/python3.12/site-packages/airflow/example_dags/example_outlet_event_extra.py for tasks to queue
[2026-04-10T00:22:48.406+0000] {logging_mixin.py:190} INFO - [2026-04-10T00:22:48.406+0000] {dagbag.py:588} INFO - Filling up the DagBag from /home/airflow/.local/lib/python3.12/site-packages/airflow/example_dags/example_outlet_event_extra.py
[2026-04-10T00:22:48.588+0000] {processor.py:925} INFO - DAG(s) 'dataset_with_extra_from_classic_operator', 'dataset_with_extra_by_context', 'dataset_with_extra_by_yield' retrieved from /home/airflow/.local/lib/python3.12/site-packages/airflow/example_dags/example_outlet_event_extra.py
[2026-04-10T00:22:48.610+0000] {logging_mixin.py:190} INFO - [2026-04-10T00:22:48.610+0000] {dag.py:3239} INFO - Sync 3 DAGs
[2026-04-10T00:22:48.625+0000] {logging_mixin.py:190} INFO - [2026-04-10T00:22:48.625+0000] {dag.py:4180} INFO - Setting next_dagrun for dataset_with_extra_by_context to 2026-04-09 00:00:00+00:00, run_after=2026-04-10 00:00:00+00:00
[2026-04-10T00:22:48.629+0000] {logging_mixin.py:190} INFO - [2026-04-10T00:22:48.629+0000] {dag.py:4180} INFO - Setting next_dagrun for dataset_with_extra_by_yield to 2026-04-09 00:00:00+00:00, run_after=2026-04-10 00:00:00+00:00
[2026-04-10T00:22:48.631+0000] {logging_mixin.py:190} INFO - [2026-04-10T00:22:48.631+0000] {dag.py:4180} INFO - Setting next_dagrun for dataset_with_extra_from_classic_operator to 2026-04-09 00:00:00+00:00, run_after=2026-04-10 00:00:00+00:00
[2026-04-10T00:22:48.641+0000] {processor.py:208} INFO - Processing /home/airflow/.local/lib/python3.12/site-packages/airflow/example_dags/example_outlet_event_extra.py took 0.240 seconds
[2026-04-10T00:23:19.368+0000] {processor.py:186} INFO - Started process (PID=78703) to work on /home/airflow/.local/lib/python3.12/site-packages/airflow/example_dags/example_outlet_event_extra.py
[2026-04-10T00:23:19.369+0000] {processor.py:914} INFO - Processing file /home/airflow/.local/lib/python3.12/site-packages/airflow/example_dags/example_outlet_event_extra.py for tasks to queue
[2026-04-10T00:23:19.369+0000] {logging_mixin.py:190} INFO - [2026-04-10T00:23:19.369+0000] {dagbag.py:588} INFO - Filling up the DagBag from /home/airflow/.local/lib/python3.12/site-packages/airflow/example_dags/example_outlet_event_extra.py
[2026-04-10T00:23:19.518+0000] {processor.py:925} INFO - DAG(s) 'dataset_with_extra_from_classic_operator', 'dataset_with_extra_by_yield', 'dataset_with_extra_by_context' retrieved from /home/airflow/.local/lib/python3.12/site-packages/airflow/example_dags/example_outlet_event_extra.py
[2026-04-10T00:23:19.530+0000] {logging_mixin.py:190} INFO - [2026-04-10T00:23:19.530+0000] {dag.py:3239} INFO - Sync 3 DAGs
[2026-04-10T00:23:19.628+0000] {logging_mixin.py:190} INFO - [2026-04-10T00:23:19.628+0000] {dag.py:4180} INFO - Setting next_dagrun for dataset_with_extra_by_context to 2026-04-09 00:00:00+00:00, run_after=2026-04-10 00:00:00+00:00
[2026-04-10T00:23:19.630+0000] {logging_mixin.py:190} INFO - [2026-04-10T00:23:19.630+0000] {dag.py:4180} INFO - Setting next_dagrun for dataset_with_extra_by_yield to 2026-04-09 00:00:00+00:00, run_after=2026-04-10 00:00:00+00:00
[2026-04-10T00:23:19.630+0000] {logging_mixin.py:190} INFO - [2026-04-10T00:23:19.630+0000] {dag.py:4180} INFO - Setting next_dagrun for dataset_with_extra_from_classic_operator to 2026-04-09 00:00:00+00:00, run_after=2026-04-10 00:00:00+00:00
[2026-04-10T00:23:19.636+0000] {processor.py:208} INFO - Processing /home/airflow/.local/lib/python3.12/site-packages/airflow/example_dags/example_outlet_event_extra.py took 0.270 seconds
[2026-04-10T00:38:49.219+0000] {processor.py:186} INFO - Started process (PID=78767) to work on /home/airflow/.local/lib/python3.12/site-packages/airflow/example_dags/example_outlet_event_extra.py
[2026-04-10T00:38:49.220+0000] {processor.py:914} INFO - Processing file /home/airflow/.local/lib/python3.12/site-packages/airflow/example_dags/example_outlet_event_extra.py for tasks to queue
[2026-04-10T00:38:49.221+0000] {logging_mixin.py:190} INFO - [2026-04-10T00:38:49.221+0000] {dagbag.py:588} INFO - Filling up the DagBag from /home/airflow/.local/lib/python3.12/site-packages/airflow/example_dags/example_outlet_event_extra.py
[2026-04-10T00:38:49.352+0000] {processor.py:925} INFO - DAG(s) 'dataset_with_extra_by_context', 'dataset_with_extra_by_yield', 'dataset_with_extra_from_classic_operator' retrieved from /home/airflow/.local/lib/python3.12/site-packages/airflow/example_dags/example_outlet_event_extra.py
[2026-04-10T00:38:49.366+0000] {logging_mixin.py:190} INFO - [2026-04-10T00:38:49.366+0000] {dag.py:3239} INFO - Sync 3 DAGs
[2026-04-10T00:38:49.460+0000] {logging_mixin.py:190} INFO - [2026-04-10T00:38:49.460+0000] {dag.py:4180} INFO - Setting next_dagrun for dataset_with_extra_by_context to 2026-04-09 00:00:00+00:00, run_after=2026-04-10 00:00:00+00:00
[2026-04-10T00:38:49.462+0000] {logging_mixin.py:190} INFO - [2026-04-10T00:38:49.462+0000] {dag.py:4180} INFO - Setting next_dagrun for dataset_with_extra_by_yield to 2026-04-09 00:00:00+00:00, run_after=2026-04-10 00:00:00+00:00
[2026-04-10T00:38:49.463+0000] {logging_mixin.py:190} INFO - [2026-04-10T00:38:49.463+0000] {dag.py:4180} INFO - Setting next_dagrun for dataset_with_extra_from_classic_operator to 2026-04-09 00:00:00+00:00, run_after=2026-04-10 00:00:00+00:00
[2026-04-10T00:38:49.468+0000] {processor.py:208} INFO - Processing /home/airflow/.local/lib/python3.12/site-packages/airflow/example_dags/example_outlet_event_extra.py took 0.252 seconds
[2026-04-10T00:41:53.617+0000] {processor.py:186} INFO - Started process (PID=78831) to work on /home/airflow/.local/lib/python3.12/site-packages/airflow/example_dags/example_outlet_event_extra.py
[2026-04-10T00:41:53.618+0000] {processor.py:914} INFO - Processing file /home/airflow/.local/lib/python3.12/site-packages/airflow/example_dags/example_outlet_event_extra.py for tasks to queue
[2026-04-10T00:41:53.619+0000] {logging_mixin.py:190} INFO - [2026-04-10T00:41:53.619+0000] {dagbag.py:588} INFO - Filling up the DagBag from /home/airflow/.local/lib/python3.12/site-packages/airflow/example_dags/example_outlet_event_extra.py
[2026-04-10T00:41:53.758+0000] {processor.py:925} INFO - DAG(s) 'dataset_with_extra_by_yield', 'dataset_with_extra_from_classic_operator', 'dataset_with_extra_by_context' retrieved from /home/airflow/.local/lib/python3.12/site-packages/airflow/example_dags/example_outlet_event_extra.py
[2026-04-10T00:41:53.768+0000] {logging_mixin.py:190} INFO - [2026-04-10T00:41:53.768+0000] {dag.py:3239} INFO - Sync 3 DAGs
[2026-04-10T00:41:53.873+0000] {logging_mixin.py:190} INFO - [2026-04-10T00:41:53.873+0000] {dag.py:4180} INFO - Setting next_dagrun for dataset_with_extra_by_context to 2026-04-09 00:00:00+00:00, run_after=2026-04-10 00:00:00+00:00
[2026-04-10T00:41:53.876+0000] {logging_mixin.py:190} INFO - [2026-04-10T00:41:53.876+0000] {dag.py:4180} INFO - Setting next_dagrun for dataset_with_extra_by_yield to 2026-04-09 00:00:00+00:00, run_after=2026-04-10 00:00:00+00:00
[2026-04-10T00:41:53.879+0000] {logging_mixin.py:190} INFO - [2026-04-10T00:41:53.879+0000] {dag.py:4180} INFO - Setting next_dagrun for dataset_with_extra_from_classic_operator to 2026-04-09 00:00:00+00:00, run_after=2026-04-10 00:00:00+00:00
[2026-04-10T00:41:53.890+0000] {processor.py:208} INFO - Processing /home/airflow/.local/lib/python3.12/site-packages/airflow/example_dags/example_outlet_event_extra.py took 0.275 seconds
[2026-04-10T00:42:25.063+0000] {processor.py:186} INFO - Started process (PID=78899) to work on /home/airflow/.local/lib/python3.12/site-packages/airflow/example_dags/example_outlet_event_extra.py
[2026-04-10T00:42:25.064+0000] {processor.py:914} INFO - Processing file /home/airflow/.local/lib/python3.12/site-packages/airflow/example_dags/example_outlet_event_extra.py for tasks to queue
[2026-04-10T00:42:25.065+0000] {logging_mixin.py:190} INFO - [2026-04-10T00:42:25.065+0000] {dagbag.py:588} INFO - Filling up the DagBag from /home/airflow/.local/lib/python3.12/site-packages/airflow/example_dags/example_outlet_event_extra.py
[2026-04-10T00:42:25.192+0000] {processor.py:925} INFO - DAG(s) 'dataset_with_extra_by_yield', 'dataset_with_extra_by_context', 'dataset_with_extra_from_classic_operator' retrieved from /home/airflow/.local/lib/python3.12/site-packages/airflow/example_dags/example_outlet_event_extra.py
[2026-04-10T00:42:25.204+0000] {logging_mixin.py:190} INFO - [2026-04-10T00:42:25.204+0000] {dag.py:3239} INFO - Sync 3 DAGs
[2026-04-10T00:42:25.303+0000] {logging_mixin.py:190} INFO - [2026-04-10T00:42:25.302+0000] {dag.py:4180} INFO - Setting next_dagrun for dataset_with_extra_by_context to 2026-04-09 00:00:00+00:00, run_after=2026-04-10 00:00:00+00:00
[2026-04-10T00:42:25.305+0000] {logging_mixin.py:190} INFO - [2026-04-10T00:42:25.305+0000] {dag.py:4180} INFO - Setting next_dagrun for dataset_with_extra_by_yield to 2026-04-09 00:00:00+00:00, run_after=2026-04-10 00:00:00+00:00
[2026-04-10T00:42:25.307+0000] {logging_mixin.py:190} INFO - [2026-04-10T00:42:25.307+0000] {dag.py:4180} INFO - Setting next_dagrun for dataset_with_extra_from_classic_operator to 2026-04-09 00:00:00+00:00, run_after=2026-04-10 00:00:00+00:00
[2026-04-10T00:42:25.318+0000] {processor.py:208} INFO - Processing /home/airflow/.local/lib/python3.12/site-packages/airflow/example_dags/example_outlet_event_extra.py took 0.257 seconds
[2026-04-10T00:57:55.315+0000] {processor.py:186} INFO - Started process (PID=78959) to work on /home/airflow/.local/lib/python3.12/site-packages/airflow/example_dags/example_outlet_event_extra.py
[2026-04-10T00:57:55.315+0000] {processor.py:914} INFO - Processing file /home/airflow/.local/lib/python3.12/site-packages/airflow/example_dags/example_outlet_event_extra.py for tasks to queue
[2026-04-10T00:57:55.316+0000] {logging_mixin.py:190} INFO - [2026-04-10T00:57:55.316+0000] {dagbag.py:588} INFO - Filling up the DagBag from /home/airflow/.local/lib/python3.12/site-packages/airflow/example_dags/example_outlet_event_extra.py
[2026-04-10T00:57:55.422+0000] {processor.py:925} INFO - DAG(s) 'dataset_with_extra_by_context', 'dataset_with_extra_from_classic_operator', 'dataset_with_extra_by_yield' retrieved from /home/airflow/.local/lib/python3.12/site-packages/airflow/example_dags/example_outlet_event_extra.py
[2026-04-10T00:57:55.430+0000] {logging_mixin.py:190} INFO - [2026-04-10T00:57:55.430+0000] {dag.py:3239} INFO - Sync 3 DAGs
[2026-04-10T00:57:55.437+0000] {logging_mixin.py:190} INFO - [2026-04-10T00:57:55.437+0000] {dag.py:4180} INFO - Setting next_dagrun for dataset_with_extra_by_context to 2026-04-09 00:00:00+00:00, run_after=2026-04-10 00:00:00+00:00
[2026-04-10T00:57:55.438+0000] {logging_mixin.py:190} INFO - [2026-04-10T00:57:55.438+0000] {dag.py:4180} INFO - Setting next_dagrun for dataset_with_extra_by_yield to 2026-04-09 00:00:00+00:00, run_after=2026-04-10 00:00:00+00:00
[2026-04-10T00:57:55.439+0000] {logging_mixin.py:190} INFO - [2026-04-10T00:57:55.439+0000] {dag.py:4180} INFO - Setting next_dagrun for dataset_with_extra_from_classic_operator to 2026-04-09 00:00:00+00:00, run_after=2026-04-10 00:00:00+00:00
[2026-04-10T00:57:55.511+0000] {processor.py:208} INFO - Processing /home/airflow/.local/lib/python3.12/site-packages/airflow/example_dags/example_outlet_event_extra.py took 0.198 seconds
[2026-04-10T01:13:28.761+0000] {processor.py:186} INFO - Started process (PID=79023) to work on /home/airflow/.local/lib/python3.12/site-packages/airflow/example_dags/example_outlet_event_extra.py
[2026-04-10T01:13:28.765+0000] {processor.py:914} INFO - Processing file /home/airflow/.local/lib/python3.12/site-packages/airflow/example_dags/example_outlet_event_extra.py for tasks to queue
[2026-04-10T01:13:28.771+0000] {logging_mixin.py:190} INFO - [2026-04-10T01:13:28.770+0000] {dagbag.py:588} INFO - Filling up the DagBag from /home/airflow/.local/lib/python3.12/site-packages/airflow/example_dags/example_outlet_event_extra.py
[2026-04-10T01:13:29.219+0000] {processor.py:925} INFO - DAG(s) 'dataset_with_extra_by_yield', 'dataset_with_extra_from_classic_operator', 'dataset_with_extra_by_context' retrieved from /home/airflow/.local/lib/python3.12/site-packages/airflow/example_dags/example_outlet_event_extra.py
[2026-04-10T01:13:29.249+0000] {logging_mixin.py:190} INFO - [2026-04-10T01:13:29.249+0000] {dag.py:3239} INFO - Sync 3 DAGs
[2026-04-10T01:13:29.271+0000] {logging_mixin.py:190} INFO - [2026-04-10T01:13:29.271+0000] {dag.py:4180} INFO - Setting next_dagrun for dataset_with_extra_by_context to 2026-04-09 00:00:00+00:00, run_after=2026-04-10 00:00:00+00:00
[2026-04-10T01:13:29.277+0000] {logging_mixin.py:190} INFO - [2026-04-10T01:13:29.276+0000] {dag.py:4180} INFO - Setting next_dagrun for dataset_with_extra_by_yield to 2026-04-09 00:00:00+00:00, run_after=2026-04-10 00:00:00+00:00
[2026-04-10T01:13:29.279+0000] {logging_mixin.py:190} INFO - [2026-04-10T01:13:29.279+0000] {dag.py:4180} INFO - Setting next_dagrun for dataset_with_extra_from_classic_operator to 2026-04-09 00:00:00+00:00, run_after=2026-04-10 00:00:00+00:00
[2026-04-10T01:13:29.306+0000] {processor.py:208} INFO - Processing /home/airflow/.local/lib/python3.12/site-packages/airflow/example_dags/example_outlet_event_extra.py took 0.557 seconds
[2026-04-10T01:14:00.240+0000] {processor.py:186} INFO - Started process (PID=79088) to work on /home/airflow/.local/lib/python3.12/site-packages/airflow/example_dags/example_outlet_event_extra.py
[2026-04-10T01:14:00.242+0000] {processor.py:914} INFO - Processing file /home/airflow/.local/lib/python3.12/site-packages/airflow/example_dags/example_outlet_event_extra.py for tasks to queue
[2026-04-10T01:14:00.243+0000] {logging_mixin.py:190} INFO - [2026-04-10T01:14:00.243+0000] {dagbag.py:588} INFO - Filling up the DagBag from /home/airflow/.local/lib/python3.12/site-packages/airflow/example_dags/example_outlet_event_extra.py
[2026-04-10T01:14:00.483+0000] {processor.py:925} INFO - DAG(s) 'dataset_with_extra_by_yield', 'dataset_with_extra_by_context', 'dataset_with_extra_from_classic_operator' retrieved from /home/airflow/.local/lib/python3.12/site-packages/airflow/example_dags/example_outlet_event_extra.py
[2026-04-10T01:14:00.494+0000] {logging_mixin.py:190} INFO - [2026-04-10T01:14:00.494+0000] {dag.py:3239} INFO - Sync 3 DAGs
[2026-04-10T01:14:00.501+0000] {logging_mixin.py:190} INFO - [2026-04-10T01:14:00.501+0000] {dag.py:4180} INFO - Setting next_dagrun for dataset_with_extra_by_context to 2026-04-09 00:00:00+00:00, run_after=2026-04-10 00:00:00+00:00
[2026-04-10T01:14:00.503+0000] {logging_mixin.py:190} INFO - [2026-04-10T01:14:00.503+0000] {dag.py:4180} INFO - Setting next_dagrun for dataset_with_extra_by_yield to 2026-04-09 00:00:00+00:00, run_after=2026-04-10 00:00:00+00:00
[2026-04-10T01:14:00.505+0000] {logging_mixin.py:190} INFO - [2026-04-10T01:14:00.505+0000] {dag.py:4180} INFO - Setting next_dagrun for dataset_with_extra_from_classic_operator to 2026-04-09 00:00:00+00:00, run_after=2026-04-10 00:00:00+00:00
[2026-04-10T01:14:00.515+0000] {processor.py:208} INFO - Processing /home/airflow/.local/lib/python3.12/site-packages/airflow/example_dags/example_outlet_event_extra.py took 0.285 seconds
[2026-04-10T01:29:26.638+0000] {processor.py:186} INFO - Started process (PID=79150) to work on /home/airflow/.local/lib/python3.12/site-packages/airflow/example_dags/example_outlet_event_extra.py
[2026-04-10T01:29:26.638+0000] {processor.py:914} INFO - Processing file /home/airflow/.local/lib/python3.12/site-packages/airflow/example_dags/example_outlet_event_extra.py for tasks to queue
[2026-04-10T01:29:26.639+0000] {logging_mixin.py:190} INFO - [2026-04-10T01:29:26.639+0000] {dagbag.py:588} INFO - Filling up the DagBag from /home/airflow/.local/lib/python3.12/site-packages/airflow/example_dags/example_outlet_event_extra.py
[2026-04-10T01:29:26.767+0000] {processor.py:925} INFO - DAG(s) 'dataset_with_extra_by_context', 'dataset_with_extra_by_yield', 'dataset_with_extra_from_classic_operator' retrieved from /home/airflow/.local/lib/python3.12/site-packages/airflow/example_dags/example_outlet_event_extra.py
[2026-04-10T01:29:26.866+0000] {logging_mixin.py:190} INFO - [2026-04-10T01:29:26.866+0000] {dag.py:3239} INFO - Sync 3 DAGs
[2026-04-10T01:29:26.874+0000] {logging_mixin.py:190} INFO - [2026-04-10T01:29:26.874+0000] {dag.py:4180} INFO - Setting next_dagrun for dataset_with_extra_by_context to 2026-04-09 00:00:00+00:00, run_after=2026-04-10 00:00:00+00:00
[2026-04-10T01:29:26.877+0000] {logging_mixin.py:190} INFO - [2026-04-10T01:29:26.877+0000] {dag.py:4180} INFO - Setting next_dagrun for dataset_with_extra_by_yield to 2026-04-09 00:00:00+00:00, run_after=2026-04-10 00:00:00+00:00
[2026-04-10T01:29:26.878+0000] {logging_mixin.py:190} INFO - [2026-04-10T01:29:26.878+0000] {dag.py:4180} INFO - Setting next_dagrun for dataset_with_extra_from_classic_operator to 2026-04-09 00:00:00+00:00, run_after=2026-04-10 00:00:00+00:00
[2026-04-10T01:29:26.886+0000] {processor.py:208} INFO - Processing /home/airflow/.local/lib/python3.12/site-packages/airflow/example_dags/example_outlet_event_extra.py took 0.251 seconds
[2026-04-10T01:29:57.088+0000] {processor.py:186} INFO - Started process (PID=79214) to work on /home/airflow/.local/lib/python3.12/site-packages/airflow/example_dags/example_outlet_event_extra.py
[2026-04-10T01:29:57.089+0000] {processor.py:914} INFO - Processing file /home/airflow/.local/lib/python3.12/site-packages/airflow/example_dags/example_outlet_event_extra.py for tasks to queue
[2026-04-10T01:29:57.089+0000] {logging_mixin.py:190} INFO - [2026-04-10T01:29:57.089+0000] {dagbag.py:588} INFO - Filling up the DagBag from /home/airflow/.local/lib/python3.12/site-packages/airflow/example_dags/example_outlet_event_extra.py
[2026-04-10T01:29:57.219+0000] {processor.py:925} INFO - DAG(s) 'dataset_with_extra_from_classic_operator', 'dataset_with_extra_by_yield', 'dataset_with_extra_by_context' retrieved from /home/airflow/.local/lib/python3.12/site-packages/airflow/example_dags/example_outlet_event_extra.py
[2026-04-10T01:29:57.320+0000] {logging_mixin.py:190} INFO - [2026-04-10T01:29:57.320+0000] {dag.py:3239} INFO - Sync 3 DAGs
[2026-04-10T01:29:57.331+0000] {logging_mixin.py:190} INFO - [2026-04-10T01:29:57.331+0000] {dag.py:4180} INFO - Setting next_dagrun for dataset_with_extra_by_context to 2026-04-09 00:00:00+00:00, run_after=2026-04-10 00:00:00+00:00
[2026-04-10T01:29:57.333+0000] {logging_mixin.py:190} INFO - [2026-04-10T01:29:57.333+0000] {dag.py:4180} INFO - Setting next_dagrun for dataset_with_extra_by_yield to 2026-04-09 00:00:00+00:00, run_after=2026-04-10 00:00:00+00:00
[2026-04-10T01:29:57.334+0000] {logging_mixin.py:190} INFO - [2026-04-10T01:29:57.334+0000] {dag.py:4180} INFO - Setting next_dagrun for dataset_with_extra_from_classic_operator to 2026-04-09 00:00:00+00:00, run_after=2026-04-10 00:00:00+00:00
[2026-04-10T01:29:57.345+0000] {processor.py:208} INFO - Processing /home/airflow/.local/lib/python3.12/site-packages/airflow/example_dags/example_outlet_event_extra.py took 0.259 seconds
[2026-04-10T01:43:16.403+0000] {processor.py:186} INFO - Started process (PID=79278) to work on /home/airflow/.local/lib/python3.12/site-packages/airflow/example_dags/example_outlet_event_extra.py
[2026-04-10T01:43:16.405+0000] {processor.py:914} INFO - Processing file /home/airflow/.local/lib/python3.12/site-packages/airflow/example_dags/example_outlet_event_extra.py for tasks to queue
[2026-04-10T01:43:16.406+0000] {logging_mixin.py:190} INFO - [2026-04-10T01:43:16.406+0000] {dagbag.py:588} INFO - Filling up the DagBag from /home/airflow/.local/lib/python3.12/site-packages/airflow/example_dags/example_outlet_event_extra.py
[2026-04-10T01:43:16.534+0000] {processor.py:925} INFO - DAG(s) 'dataset_with_extra_from_classic_operator', 'dataset_with_extra_by_yield', 'dataset_with_extra_by_context' retrieved from /home/airflow/.local/lib/python3.12/site-packages/airflow/example_dags/example_outlet_event_extra.py
[2026-04-10T01:43:16.547+0000] {logging_mixin.py:190} INFO - [2026-04-10T01:43:16.547+0000] {dag.py:3239} INFO - Sync 3 DAGs
[2026-04-10T01:43:16.648+0000] {logging_mixin.py:190} INFO - [2026-04-10T01:43:16.648+0000] {dag.py:4180} INFO - Setting next_dagrun for dataset_with_extra_by_context to 2026-04-09 00:00:00+00:00, run_after=2026-04-10 00:00:00+00:00
[2026-04-10T01:43:16.652+0000] {logging_mixin.py:190} INFO - [2026-04-10T01:43:16.652+0000] {dag.py:4180} INFO - Setting next_dagrun for dataset_with_extra_by_yield to 2026-04-09 00:00:00+00:00, run_after=2026-04-10 00:00:00+00:00
[2026-04-10T01:43:16.654+0000] {logging_mixin.py:190} INFO - [2026-04-10T01:43:16.654+0000] {dag.py:4180} INFO - Setting next_dagrun for dataset_with_extra_from_classic_operator to 2026-04-09 00:00:00+00:00, run_after=2026-04-10 00:00:00+00:00
[2026-04-10T01:43:16.664+0000] {processor.py:208} INFO - Processing /home/airflow/.local/lib/python3.12/site-packages/airflow/example_dags/example_outlet_event_extra.py took 0.263 seconds
[2026-04-10T01:58:48.279+0000] {processor.py:186} INFO - Started process (PID=79342) to work on /home/airflow/.local/lib/python3.12/site-packages/airflow/example_dags/example_outlet_event_extra.py
[2026-04-10T01:58:48.280+0000] {processor.py:914} INFO - Processing file /home/airflow/.local/lib/python3.12/site-packages/airflow/example_dags/example_outlet_event_extra.py for tasks to queue
[2026-04-10T01:58:48.280+0000] {logging_mixin.py:190} INFO - [2026-04-10T01:58:48.280+0000] {dagbag.py:588} INFO - Filling up the DagBag from /home/airflow/.local/lib/python3.12/site-packages/airflow/example_dags/example_outlet_event_extra.py
[2026-04-10T01:58:48.507+0000] {processor.py:925} INFO - DAG(s) 'dataset_with_extra_by_context', 'dataset_with_extra_from_classic_operator', 'dataset_with_extra_by_yield' retrieved from /home/airflow/.local/lib/python3.12/site-packages/airflow/example_dags/example_outlet_event_extra.py
[2026-04-10T01:58:48.519+0000] {logging_mixin.py:190} INFO - [2026-04-10T01:58:48.519+0000] {dag.py:3239} INFO - Sync 3 DAGs
[2026-04-10T01:58:48.528+0000] {logging_mixin.py:190} INFO - [2026-04-10T01:58:48.528+0000] {dag.py:4180} INFO - Setting next_dagrun for dataset_with_extra_by_context to 2026-04-09 00:00:00+00:00, run_after=2026-04-10 00:00:00+00:00
[2026-04-10T01:58:48.530+0000] {logging_mixin.py:190} INFO - [2026-04-10T01:58:48.530+0000] {dag.py:4180} INFO - Setting next_dagrun for dataset_with_extra_by_yield to 2026-04-09 00:00:00+00:00, run_after=2026-04-10 00:00:00+00:00
[2026-04-10T01:58:48.531+0000] {logging_mixin.py:190} INFO - [2026-04-10T01:58:48.530+0000] {dag.py:4180} INFO - Setting next_dagrun for dataset_with_extra_from_classic_operator to 2026-04-09 00:00:00+00:00, run_after=2026-04-10 00:00:00+00:00
[2026-04-10T01:58:48.536+0000] {processor.py:208} INFO - Processing /home/airflow/.local/lib/python3.12/site-packages/airflow/example_dags/example_outlet_event_extra.py took 0.259 seconds
[2026-04-10T01:59:19.661+0000] {processor.py:186} INFO - Started process (PID=79410) to work on /home/airflow/.local/lib/python3.12/site-packages/airflow/example_dags/example_outlet_event_extra.py
[2026-04-10T01:59:19.662+0000] {processor.py:914} INFO - Processing file /home/airflow/.local/lib/python3.12/site-packages/airflow/example_dags/example_outlet_event_extra.py for tasks to queue
[2026-04-10T01:59:19.662+0000] {logging_mixin.py:190} INFO - [2026-04-10T01:59:19.662+0000] {dagbag.py:588} INFO - Filling up the DagBag from /home/airflow/.local/lib/python3.12/site-packages/airflow/example_dags/example_outlet_event_extra.py
[2026-04-10T01:59:19.869+0000] {processor.py:925} INFO - DAG(s) 'dataset_with_extra_by_yield', 'dataset_with_extra_from_classic_operator', 'dataset_with_extra_by_context' retrieved from /home/airflow/.local/lib/python3.12/site-packages/airflow/example_dags/example_outlet_event_extra.py
[2026-04-10T01:59:19.879+0000] {logging_mixin.py:190} INFO - [2026-04-10T01:59:19.878+0000] {dag.py:3239} INFO - Sync 3 DAGs
[2026-04-10T01:59:19.886+0000] {logging_mixin.py:190} INFO - [2026-04-10T01:59:19.886+0000] {dag.py:4180} INFO - Setting next_dagrun for dataset_with_extra_by_context to 2026-04-09 00:00:00+00:00, run_after=2026-04-10 00:00:00+00:00
[2026-04-10T01:59:19.888+0000] {logging_mixin.py:190} INFO - [2026-04-10T01:59:19.888+0000] {dag.py:4180} INFO - Setting next_dagrun for dataset_with_extra_by_yield to 2026-04-09 00:00:00+00:00, run_after=2026-04-10 00:00:00+00:00
[2026-04-10T01:59:19.889+0000] {logging_mixin.py:190} INFO - [2026-04-10T01:59:19.889+0000] {dag.py:4180} INFO - Setting next_dagrun for dataset_with_extra_from_classic_operator to 2026-04-09 00:00:00+00:00, run_after=2026-04-10 00:00:00+00:00
[2026-04-10T01:59:19.900+0000] {processor.py:208} INFO - Processing /home/airflow/.local/lib/python3.12/site-packages/airflow/example_dags/example_outlet_event_extra.py took 0.241 seconds
[2026-04-10T02:14:51.959+0000] {processor.py:186} INFO - Started process (PID=79470) to work on /home/airflow/.local/lib/python3.12/site-packages/airflow/example_dags/example_outlet_event_extra.py
[2026-04-10T02:14:51.960+0000] {processor.py:914} INFO - Processing file /home/airflow/.local/lib/python3.12/site-packages/airflow/example_dags/example_outlet_event_extra.py for tasks to queue
[2026-04-10T02:14:51.961+0000] {logging_mixin.py:190} INFO - [2026-04-10T02:14:51.961+0000] {dagbag.py:588} INFO - Filling up the DagBag from /home/airflow/.local/lib/python3.12/site-packages/airflow/example_dags/example_outlet_event_extra.py
[2026-04-10T02:14:52.170+0000] {processor.py:925} INFO - DAG(s) 'dataset_with_extra_by_context', 'dataset_with_extra_by_yield', 'dataset_with_extra_from_classic_operator' retrieved from /home/airflow/.local/lib/python3.12/site-packages/airflow/example_dags/example_outlet_event_extra.py
[2026-04-10T02:14:52.179+0000] {logging_mixin.py:190} INFO - [2026-04-10T02:14:52.179+0000] {dag.py:3239} INFO - Sync 3 DAGs
[2026-04-10T02:14:52.187+0000] {logging_mixin.py:190} INFO - [2026-04-10T02:14:52.187+0000] {dag.py:4180} INFO - Setting next_dagrun for dataset_with_extra_by_context to 2026-04-09 00:00:00+00:00, run_after=2026-04-10 00:00:00+00:00
[2026-04-10T02:14:52.190+0000] {logging_mixin.py:190} INFO - [2026-04-10T02:14:52.190+0000] {dag.py:4180} INFO - Setting next_dagrun for dataset_with_extra_by_yield to 2026-04-09 00:00:00+00:00, run_after=2026-04-10 00:00:00+00:00
[2026-04-10T02:14:52.191+0000] {logging_mixin.py:190} INFO - [2026-04-10T02:14:52.191+0000] {dag.py:4180} INFO - Setting next_dagrun for dataset_with_extra_from_classic_operator to 2026-04-09 00:00:00+00:00, run_after=2026-04-10 00:00:00+00:00
[2026-04-10T02:14:52.198+0000] {processor.py:208} INFO - Processing /home/airflow/.local/lib/python3.12/site-packages/airflow/example_dags/example_outlet_event_extra.py took 0.240 seconds
[2026-04-10T02:20:02.599+0000] {processor.py:186} INFO - Started process (PID=79534) to work on /home/airflow/.local/lib/python3.12/site-packages/airflow/example_dags/example_outlet_event_extra.py
[2026-04-10T02:20:02.600+0000] {processor.py:914} INFO - Processing file /home/airflow/.local/lib/python3.12/site-packages/airflow/example_dags/example_outlet_event_extra.py for tasks to queue
[2026-04-10T02:20:02.602+0000] {logging_mixin.py:190} INFO - [2026-04-10T02:20:02.602+0000] {dagbag.py:588} INFO - Filling up the DagBag from /home/airflow/.local/lib/python3.12/site-packages/airflow/example_dags/example_outlet_event_extra.py
[2026-04-10T02:20:02.943+0000] {processor.py:925} INFO - DAG(s) 'dataset_with_extra_from_classic_operator', 'dataset_with_extra_by_context', 'dataset_with_extra_by_yield' retrieved from /home/airflow/.local/lib/python3.12/site-packages/airflow/example_dags/example_outlet_event_extra.py
[2026-04-10T02:20:02.954+0000] {logging_mixin.py:190} INFO - [2026-04-10T02:20:02.954+0000] {dag.py:3239} INFO - Sync 3 DAGs
[2026-04-10T02:20:02.969+0000] {logging_mixin.py:190} INFO - [2026-04-10T02:20:02.969+0000] {dag.py:4180} INFO - Setting next_dagrun for dataset_with_extra_by_context to 2026-04-09 00:00:00+00:00, run_after=2026-04-10 00:00:00+00:00
[2026-04-10T02:20:02.973+0000] {logging_mixin.py:190} INFO - [2026-04-10T02:20:02.973+0000] {dag.py:4180} INFO - Setting next_dagrun for dataset_with_extra_by_yield to 2026-04-09 00:00:00+00:00, run_after=2026-04-10 00:00:00+00:00
[2026-04-10T02:20:02.975+0000] {logging_mixin.py:190} INFO - [2026-04-10T02:20:02.975+0000] {dag.py:4180} INFO - Setting next_dagrun for dataset_with_extra_from_classic_operator to 2026-04-09 00:00:00+00:00, run_after=2026-04-10 00:00:00+00:00
[2026-04-10T02:20:02.992+0000] {processor.py:208} INFO - Processing /home/airflow/.local/lib/python3.12/site-packages/airflow/example_dags/example_outlet_event_extra.py took 0.397 seconds
[2026-04-10T02:20:33.271+0000] {processor.py:186} INFO - Started process (PID=79599) to work on /home/airflow/.local/lib/python3.12/site-packages/airflow/example_dags/example_outlet_event_extra.py
[2026-04-10T02:20:33.272+0000] {processor.py:914} INFO - Processing file /home/airflow/.local/lib/python3.12/site-packages/airflow/example_dags/example_outlet_event_extra.py for tasks to queue
[2026-04-10T02:20:33.272+0000] {logging_mixin.py:190} INFO - [2026-04-10T02:20:33.272+0000] {dagbag.py:588} INFO - Filling up the DagBag from /home/airflow/.local/lib/python3.12/site-packages/airflow/example_dags/example_outlet_event_extra.py
[2026-04-10T02:20:33.486+0000] {processor.py:925} INFO - DAG(s) 'dataset_with_extra_by_context', 'dataset_with_extra_from_classic_operator', 'dataset_with_extra_by_yield' retrieved from /home/airflow/.local/lib/python3.12/site-packages/airflow/example_dags/example_outlet_event_extra.py
[2026-04-10T02:20:33.494+0000] {logging_mixin.py:190} INFO - [2026-04-10T02:20:33.494+0000] {dag.py:3239} INFO - Sync 3 DAGs
[2026-04-10T02:20:33.502+0000] {logging_mixin.py:190} INFO - [2026-04-10T02:20:33.502+0000] {dag.py:4180} INFO - Setting next_dagrun for dataset_with_extra_by_context to 2026-04-09 00:00:00+00:00, run_after=2026-04-10 00:00:00+00:00
[2026-04-10T02:20:33.505+0000] {logging_mixin.py:190} INFO - [2026-04-10T02:20:33.505+0000] {dag.py:4180} INFO - Setting next_dagrun for dataset_with_extra_by_yield to 2026-04-09 00:00:00+00:00, run_after=2026-04-10 00:00:00+00:00
[2026-04-10T02:20:33.505+0000] {logging_mixin.py:190} INFO - [2026-04-10T02:20:33.505+0000] {dag.py:4180} INFO - Setting next_dagrun for dataset_with_extra_from_classic_operator to 2026-04-09 00:00:00+00:00, run_after=2026-04-10 00:00:00+00:00
[2026-04-10T02:20:33.514+0000] {processor.py:208} INFO - Processing /home/airflow/.local/lib/python3.12/site-packages/airflow/example_dags/example_outlet_event_extra.py took 0.245 seconds
[2026-04-10T02:38:22.109+0000] {processor.py:186} INFO - Started process (PID=79662) to work on /home/airflow/.local/lib/python3.12/site-packages/airflow/example_dags/example_outlet_event_extra.py
[2026-04-10T02:38:22.112+0000] {processor.py:914} INFO - Processing file /home/airflow/.local/lib/python3.12/site-packages/airflow/example_dags/example_outlet_event_extra.py for tasks to queue
[2026-04-10T02:38:22.112+0000] {logging_mixin.py:190} INFO - [2026-04-10T02:38:22.112+0000] {dagbag.py:588} INFO - Filling up the DagBag from /home/airflow/.local/lib/python3.12/site-packages/airflow/example_dags/example_outlet_event_extra.py
[2026-04-10T02:38:22.347+0000] {processor.py:925} INFO - DAG(s) 'dataset_with_extra_by_context', 'dataset_with_extra_by_yield', 'dataset_with_extra_from_classic_operator' retrieved from /home/airflow/.local/lib/python3.12/site-packages/airflow/example_dags/example_outlet_event_extra.py
[2026-04-10T02:38:22.361+0000] {logging_mixin.py:190} INFO - [2026-04-10T02:38:22.361+0000] {dag.py:3239} INFO - Sync 3 DAGs
[2026-04-10T02:38:22.373+0000] {logging_mixin.py:190} INFO - [2026-04-10T02:38:22.373+0000] {dag.py:4180} INFO - Setting next_dagrun for dataset_with_extra_by_context to 2026-04-09 00:00:00+00:00, run_after=2026-04-10 00:00:00+00:00
[2026-04-10T02:38:22.375+0000] {logging_mixin.py:190} INFO - [2026-04-10T02:38:22.375+0000] {dag.py:4180} INFO - Setting next_dagrun for dataset_with_extra_by_yield to 2026-04-09 00:00:00+00:00, run_after=2026-04-10 00:00:00+00:00
[2026-04-10T02:38:22.376+0000] {logging_mixin.py:190} INFO - [2026-04-10T02:38:22.376+0000] {dag.py:4180} INFO - Setting next_dagrun for dataset_with_extra_from_classic_operator to 2026-04-09 00:00:00+00:00, run_after=2026-04-10 00:00:00+00:00
[2026-04-10T02:38:22.385+0000] {processor.py:208} INFO - Processing /home/airflow/.local/lib/python3.12/site-packages/airflow/example_dags/example_outlet_event_extra.py took 0.279 seconds
[2026-04-10T02:44:08.957+0000] {processor.py:186} INFO - Started process (PID=79726) to work on /home/airflow/.local/lib/python3.12/site-packages/airflow/example_dags/example_outlet_event_extra.py
[2026-04-10T02:44:08.961+0000] {processor.py:914} INFO - Processing file /home/airflow/.local/lib/python3.12/site-packages/airflow/example_dags/example_outlet_event_extra.py for tasks to queue
[2026-04-10T02:44:08.961+0000] {logging_mixin.py:190} INFO - [2026-04-10T02:44:08.961+0000] {dagbag.py:588} INFO - Filling up the DagBag from /home/airflow/.local/lib/python3.12/site-packages/airflow/example_dags/example_outlet_event_extra.py
[2026-04-10T02:44:09.171+0000] {processor.py:925} INFO - DAG(s) 'dataset_with_extra_from_classic_operator', 'dataset_with_extra_by_yield', 'dataset_with_extra_by_context' retrieved from /home/airflow/.local/lib/python3.12/site-packages/airflow/example_dags/example_outlet_event_extra.py
[2026-04-10T02:44:09.180+0000] {logging_mixin.py:190} INFO - [2026-04-10T02:44:09.180+0000] {dag.py:3239} INFO - Sync 3 DAGs
[2026-04-10T02:44:09.188+0000] {logging_mixin.py:190} INFO - [2026-04-10T02:44:09.188+0000] {dag.py:4180} INFO - Setting next_dagrun for dataset_with_extra_by_context to 2026-04-09 00:00:00+00:00, run_after=2026-04-10 00:00:00+00:00
[2026-04-10T02:44:09.190+0000] {logging_mixin.py:190} INFO - [2026-04-10T02:44:09.190+0000] {dag.py:4180} INFO - Setting next_dagrun for dataset_with_extra_by_yield to 2026-04-09 00:00:00+00:00, run_after=2026-04-10 00:00:00+00:00
[2026-04-10T02:44:09.192+0000] {logging_mixin.py:190} INFO - [2026-04-10T02:44:09.191+0000] {dag.py:4180} INFO - Setting next_dagrun for dataset_with_extra_from_classic_operator to 2026-04-09 00:00:00+00:00, run_after=2026-04-10 00:00:00+00:00
[2026-04-10T02:44:09.204+0000] {processor.py:208} INFO - Processing /home/airflow/.local/lib/python3.12/site-packages/airflow/example_dags/example_outlet_event_extra.py took 0.249 seconds
[2026-04-10T02:59:40.555+0000] {processor.py:186} INFO - Started process (PID=79790) to work on /home/airflow/.local/lib/python3.12/site-packages/airflow/example_dags/example_outlet_event_extra.py
[2026-04-10T02:59:40.556+0000] {processor.py:914} INFO - Processing file /home/airflow/.local/lib/python3.12/site-packages/airflow/example_dags/example_outlet_event_extra.py for tasks to queue
[2026-04-10T02:59:40.556+0000] {logging_mixin.py:190} INFO - [2026-04-10T02:59:40.556+0000] {dagbag.py:588} INFO - Filling up the DagBag from /home/airflow/.local/lib/python3.12/site-packages/airflow/example_dags/example_outlet_event_extra.py
[2026-04-10T02:59:40.797+0000] {processor.py:925} INFO - DAG(s) 'dataset_with_extra_by_yield', 'dataset_with_extra_from_classic_operator', 'dataset_with_extra_by_context' retrieved from /home/airflow/.local/lib/python3.12/site-packages/airflow/example_dags/example_outlet_event_extra.py
[2026-04-10T02:59:40.808+0000] {logging_mixin.py:190} INFO - [2026-04-10T02:59:40.808+0000] {dag.py:3239} INFO - Sync 3 DAGs
[2026-04-10T02:59:40.820+0000] {logging_mixin.py:190} INFO - [2026-04-10T02:59:40.820+0000] {dag.py:4180} INFO - Setting next_dagrun for dataset_with_extra_by_context to 2026-04-09 00:00:00+00:00, run_after=2026-04-10 00:00:00+00:00
[2026-04-10T02:59:40.823+0000] {logging_mixin.py:190} INFO - [2026-04-10T02:59:40.823+0000] {dag.py:4180} INFO - Setting next_dagrun for dataset_with_extra_by_yield to 2026-04-09 00:00:00+00:00, run_after=2026-04-10 00:00:00+00:00
[2026-04-10T02:59:40.825+0000] {logging_mixin.py:190} INFO - [2026-04-10T02:59:40.825+0000] {dag.py:4180} INFO - Setting next_dagrun for dataset_with_extra_from_classic_operator to 2026-04-09 00:00:00+00:00, run_after=2026-04-10 00:00:00+00:00
[2026-04-10T02:59:40.837+0000] {processor.py:208} INFO - Processing /home/airflow/.local/lib/python3.12/site-packages/airflow/example_dags/example_outlet_event_extra.py took 0.285 seconds
[2026-04-10T03:00:10.900+0000] {processor.py:186} INFO - Started process (PID=79855) to work on /home/airflow/.local/lib/python3.12/site-packages/airflow/example_dags/example_outlet_event_extra.py
[2026-04-10T03:00:10.900+0000] {processor.py:914} INFO - Processing file /home/airflow/.local/lib/python3.12/site-packages/airflow/example_dags/example_outlet_event_extra.py for tasks to queue
[2026-04-10T03:00:10.901+0000] {logging_mixin.py:190} INFO - [2026-04-10T03:00:10.900+0000] {dagbag.py:588} INFO - Filling up the DagBag from /home/airflow/.local/lib/python3.12/site-packages/airflow/example_dags/example_outlet_event_extra.py
[2026-04-10T03:00:11.116+0000] {processor.py:925} INFO - DAG(s) 'dataset_with_extra_by_yield', 'dataset_with_extra_by_context', 'dataset_with_extra_from_classic_operator' retrieved from /home/airflow/.local/lib/python3.12/site-packages/airflow/example_dags/example_outlet_event_extra.py
[2026-04-10T03:00:11.125+0000] {logging_mixin.py:190} INFO - [2026-04-10T03:00:11.125+0000] {dag.py:3239} INFO - Sync 3 DAGs
[2026-04-10T03:00:11.135+0000] {logging_mixin.py:190} INFO - [2026-04-10T03:00:11.134+0000] {dag.py:4180} INFO - Setting next_dagrun for dataset_with_extra_by_context to 2026-04-09 00:00:00+00:00, run_after=2026-04-10 00:00:00+00:00
[2026-04-10T03:00:11.136+0000] {logging_mixin.py:190} INFO - [2026-04-10T03:00:11.136+0000] {dag.py:4180} INFO - Setting next_dagrun for dataset_with_extra_by_yield to 2026-04-09 00:00:00+00:00, run_after=2026-04-10 00:00:00+00:00
[2026-04-10T03:00:11.137+0000] {logging_mixin.py:190} INFO - [2026-04-10T03:00:11.137+0000] {dag.py:4180} INFO - Setting next_dagrun for dataset_with_extra_from_classic_operator to 2026-04-09 00:00:00+00:00, run_after=2026-04-10 00:00:00+00:00
[2026-04-10T03:00:11.142+0000] {processor.py:208} INFO - Processing /home/airflow/.local/lib/python3.12/site-packages/airflow/example_dags/example_outlet_event_extra.py took 0.245 seconds
[2026-04-10T03:15:41.668+0000] {processor.py:186} INFO - Started process (PID=79918) to work on /home/airflow/.local/lib/python3.12/site-packages/airflow/example_dags/example_outlet_event_extra.py
[2026-04-10T03:15:41.668+0000] {processor.py:914} INFO - Processing file /home/airflow/.local/lib/python3.12/site-packages/airflow/example_dags/example_outlet_event_extra.py for tasks to queue
[2026-04-10T03:15:41.669+0000] {logging_mixin.py:190} INFO - [2026-04-10T03:15:41.669+0000] {dagbag.py:588} INFO - Filling up the DagBag from /home/airflow/.local/lib/python3.12/site-packages/airflow/example_dags/example_outlet_event_extra.py
[2026-04-10T03:15:41.880+0000] {processor.py:925} INFO - DAG(s) 'dataset_with_extra_by_yield', 'dataset_with_extra_by_context', 'dataset_with_extra_from_classic_operator' retrieved from /home/airflow/.local/lib/python3.12/site-packages/airflow/example_dags/example_outlet_event_extra.py
[2026-04-10T03:15:41.891+0000] {logging_mixin.py:190} INFO - [2026-04-10T03:15:41.891+0000] {dag.py:3239} INFO - Sync 3 DAGs
[2026-04-10T03:15:41.900+0000] {logging_mixin.py:190} INFO - [2026-04-10T03:15:41.900+0000] {dag.py:4180} INFO - Setting next_dagrun for dataset_with_extra_by_context to 2026-04-09 00:00:00+00:00, run_after=2026-04-10 00:00:00+00:00
[2026-04-10T03:15:41.902+0000] {logging_mixin.py:190} INFO - [2026-04-10T03:15:41.902+0000] {dag.py:4180} INFO - Setting next_dagrun for dataset_with_extra_by_yield to 2026-04-09 00:00:00+00:00, run_after=2026-04-10 00:00:00+00:00
[2026-04-10T03:15:41.903+0000] {logging_mixin.py:190} INFO - [2026-04-10T03:15:41.902+0000] {dag.py:4180} INFO - Setting next_dagrun for dataset_with_extra_from_classic_operator to 2026-04-09 00:00:00+00:00, run_after=2026-04-10 00:00:00+00:00
[2026-04-10T03:15:41.911+0000] {processor.py:208} INFO - Processing /home/airflow/.local/lib/python3.12/site-packages/airflow/example_dags/example_outlet_event_extra.py took 0.245 seconds
[2026-04-10T03:23:20.956+0000] {processor.py:186} INFO - Started process (PID=79982) to work on /home/airflow/.local/lib/python3.12/site-packages/airflow/example_dags/example_outlet_event_extra.py
[2026-04-10T03:23:20.957+0000] {processor.py:914} INFO - Processing file /home/airflow/.local/lib/python3.12/site-packages/airflow/example_dags/example_outlet_event_extra.py for tasks to queue
[2026-04-10T03:23:20.957+0000] {logging_mixin.py:190} INFO - [2026-04-10T03:23:20.957+0000] {dagbag.py:588} INFO - Filling up the DagBag from /home/airflow/.local/lib/python3.12/site-packages/airflow/example_dags/example_outlet_event_extra.py
[2026-04-10T03:23:21.267+0000] {processor.py:925} INFO - DAG(s) 'dataset_with_extra_by_context', 'dataset_with_extra_by_yield', 'dataset_with_extra_from_classic_operator' retrieved from /home/airflow/.local/lib/python3.12/site-packages/airflow/example_dags/example_outlet_event_extra.py
[2026-04-10T03:23:21.284+0000] {logging_mixin.py:190} INFO - [2026-04-10T03:23:21.283+0000] {dag.py:3239} INFO - Sync 3 DAGs
[2026-04-10T03:23:21.297+0000] {logging_mixin.py:190} INFO - [2026-04-10T03:23:21.297+0000] {dag.py:4180} INFO - Setting next_dagrun for dataset_with_extra_by_context to 2026-04-09 00:00:00+00:00, run_after=2026-04-10 00:00:00+00:00
[2026-04-10T03:23:21.299+0000] {logging_mixin.py:190} INFO - [2026-04-10T03:23:21.299+0000] {dag.py:4180} INFO - Setting next_dagrun for dataset_with_extra_by_yield to 2026-04-09 00:00:00+00:00, run_after=2026-04-10 00:00:00+00:00
[2026-04-10T03:23:21.300+0000] {logging_mixin.py:190} INFO - [2026-04-10T03:23:21.300+0000] {dag.py:4180} INFO - Setting next_dagrun for dataset_with_extra_from_classic_operator to 2026-04-09 00:00:00+00:00, run_after=2026-04-10 00:00:00+00:00
[2026-04-10T03:23:21.309+0000] {processor.py:208} INFO - Processing /home/airflow/.local/lib/python3.12/site-packages/airflow/example_dags/example_outlet_event_extra.py took 0.356 seconds
[2026-04-10T03:23:51.760+0000] {processor.py:186} INFO - Started process (PID=80046) to work on /home/airflow/.local/lib/python3.12/site-packages/airflow/example_dags/example_outlet_event_extra.py
[2026-04-10T03:23:51.761+0000] {processor.py:914} INFO - Processing file /home/airflow/.local/lib/python3.12/site-packages/airflow/example_dags/example_outlet_event_extra.py for tasks to queue
[2026-04-10T03:23:51.761+0000] {logging_mixin.py:190} INFO - [2026-04-10T03:23:51.761+0000] {dagbag.py:588} INFO - Filling up the DagBag from /home/airflow/.local/lib/python3.12/site-packages/airflow/example_dags/example_outlet_event_extra.py
[2026-04-10T03:23:51.970+0000] {processor.py:925} INFO - DAG(s) 'dataset_with_extra_by_yield', 'dataset_with_extra_by_context', 'dataset_with_extra_from_classic_operator' retrieved from /home/airflow/.local/lib/python3.12/site-packages/airflow/example_dags/example_outlet_event_extra.py
[2026-04-10T03:23:51.978+0000] {logging_mixin.py:190} INFO - [2026-04-10T03:23:51.978+0000] {dag.py:3239} INFO - Sync 3 DAGs
[2026-04-10T03:23:51.987+0000] {logging_mixin.py:190} INFO - [2026-04-10T03:23:51.987+0000] {dag.py:4180} INFO - Setting next_dagrun for dataset_with_extra_by_context to 2026-04-09 00:00:00+00:00, run_after=2026-04-10 00:00:00+00:00
[2026-04-10T03:23:51.989+0000] {logging_mixin.py:190} INFO - [2026-04-10T03:23:51.989+0000] {dag.py:4180} INFO - Setting next_dagrun for dataset_with_extra_by_yield to 2026-04-09 00:00:00+00:00, run_after=2026-04-10 00:00:00+00:00
[2026-04-10T03:23:51.990+0000] {logging_mixin.py:190} INFO - [2026-04-10T03:23:51.990+0000] {dag.py:4180} INFO - Setting next_dagrun for dataset_with_extra_from_classic_operator to 2026-04-09 00:00:00+00:00, run_after=2026-04-10 00:00:00+00:00
[2026-04-10T03:23:51.998+0000] {processor.py:208} INFO - Processing /home/airflow/.local/lib/python3.12/site-packages/airflow/example_dags/example_outlet_event_extra.py took 0.240 seconds
[2026-04-10T03:24:22.371+0000] {processor.py:186} INFO - Started process (PID=80110) to work on /home/airflow/.local/lib/python3.12/site-packages/airflow/example_dags/example_outlet_event_extra.py
[2026-04-10T03:24:22.372+0000] {processor.py:914} INFO - Processing file /home/airflow/.local/lib/python3.12/site-packages/airflow/example_dags/example_outlet_event_extra.py for tasks to queue
[2026-04-10T03:24:22.372+0000] {logging_mixin.py:190} INFO - [2026-04-10T03:24:22.372+0000] {dagbag.py:588} INFO - Filling up the DagBag from /home/airflow/.local/lib/python3.12/site-packages/airflow/example_dags/example_outlet_event_extra.py
[2026-04-10T03:24:22.557+0000] {processor.py:925} INFO - DAG(s) 'dataset_with_extra_by_yield', 'dataset_with_extra_by_context', 'dataset_with_extra_from_classic_operator' retrieved from /home/airflow/.local/lib/python3.12/site-packages/airflow/example_dags/example_outlet_event_extra.py
[2026-04-10T03:24:22.563+0000] {logging_mixin.py:190} INFO - [2026-04-10T03:24:22.563+0000] {dag.py:3239} INFO - Sync 3 DAGs
[2026-04-10T03:24:22.570+0000] {logging_mixin.py:190} INFO - [2026-04-10T03:24:22.570+0000] {dag.py:4180} INFO - Setting next_dagrun for dataset_with_extra_by_context to 2026-04-09 00:00:00+00:00, run_after=2026-04-10 00:00:00+00:00
[2026-04-10T03:24:22.571+0000] {logging_mixin.py:190} INFO - [2026-04-10T03:24:22.571+0000] {dag.py:4180} INFO - Setting next_dagrun for dataset_with_extra_by_yield to 2026-04-09 00:00:00+00:00, run_after=2026-04-10 00:00:00+00:00
[2026-04-10T03:24:22.571+0000] {logging_mixin.py:190} INFO - [2026-04-10T03:24:22.571+0000] {dag.py:4180} INFO - Setting next_dagrun for dataset_with_extra_from_classic_operator to 2026-04-09 00:00:00+00:00, run_after=2026-04-10 00:00:00+00:00
[2026-04-10T03:24:22.577+0000] {processor.py:208} INFO - Processing /home/airflow/.local/lib/python3.12/site-packages/airflow/example_dags/example_outlet_event_extra.py took 0.207 seconds
[2026-04-10T03:24:52.745+0000] {processor.py:186} INFO - Started process (PID=80174) to work on /home/airflow/.local/lib/python3.12/site-packages/airflow/example_dags/example_outlet_event_extra.py
[2026-04-10T03:24:52.746+0000] {processor.py:914} INFO - Processing file /home/airflow/.local/lib/python3.12/site-packages/airflow/example_dags/example_outlet_event_extra.py for tasks to queue
[2026-04-10T03:24:52.746+0000] {logging_mixin.py:190} INFO - [2026-04-10T03:24:52.746+0000] {dagbag.py:588} INFO - Filling up the DagBag from /home/airflow/.local/lib/python3.12/site-packages/airflow/example_dags/example_outlet_event_extra.py
[2026-04-10T03:24:53.004+0000] {processor.py:925} INFO - DAG(s) 'dataset_with_extra_by_context', 'dataset_with_extra_by_yield', 'dataset_with_extra_from_classic_operator' retrieved from /home/airflow/.local/lib/python3.12/site-packages/airflow/example_dags/example_outlet_event_extra.py
[2026-04-10T03:24:53.019+0000] {logging_mixin.py:190} INFO - [2026-04-10T03:24:53.018+0000] {dag.py:3239} INFO - Sync 3 DAGs
[2026-04-10T03:24:53.049+0000] {logging_mixin.py:190} INFO - [2026-04-10T03:24:53.049+0000] {dag.py:4180} INFO - Setting next_dagrun for dataset_with_extra_by_context to 2026-04-09 00:00:00+00:00, run_after=2026-04-10 00:00:00+00:00
[2026-04-10T03:24:53.057+0000] {logging_mixin.py:190} INFO - [2026-04-10T03:24:53.056+0000] {dag.py:4180} INFO - Setting next_dagrun for dataset_with_extra_by_yield to 2026-04-09 00:00:00+00:00, run_after=2026-04-10 00:00:00+00:00
[2026-04-10T03:24:53.057+0000] {logging_mixin.py:190} INFO - [2026-04-10T03:24:53.057+0000] {dag.py:4180} INFO - Setting next_dagrun for dataset_with_extra_from_classic_operator to 2026-04-09 00:00:00+00:00, run_after=2026-04-10 00:00:00+00:00
[2026-04-10T03:24:53.066+0000] {processor.py:208} INFO - Processing /home/airflow/.local/lib/python3.12/site-packages/airflow/example_dags/example_outlet_event_extra.py took 0.323 seconds
[2026-04-10T03:25:23.175+0000] {processor.py:186} INFO - Started process (PID=80238) to work on /home/airflow/.local/lib/python3.12/site-packages/airflow/example_dags/example_outlet_event_extra.py
[2026-04-10T03:25:23.175+0000] {processor.py:914} INFO - Processing file /home/airflow/.local/lib/python3.12/site-packages/airflow/example_dags/example_outlet_event_extra.py for tasks to queue
[2026-04-10T03:25:23.176+0000] {logging_mixin.py:190} INFO - [2026-04-10T03:25:23.176+0000] {dagbag.py:588} INFO - Filling up the DagBag from /home/airflow/.local/lib/python3.12/site-packages/airflow/example_dags/example_outlet_event_extra.py
[2026-04-10T03:25:23.418+0000] {processor.py:925} INFO - DAG(s) 'dataset_with_extra_by_yield', 'dataset_with_extra_by_context', 'dataset_with_extra_from_classic_operator' retrieved from /home/airflow/.local/lib/python3.12/site-packages/airflow/example_dags/example_outlet_event_extra.py
[2026-04-10T03:25:23.426+0000] {logging_mixin.py:190} INFO - [2026-04-10T03:25:23.426+0000] {dag.py:3239} INFO - Sync 3 DAGs
[2026-04-10T03:25:23.438+0000] {logging_mixin.py:190} INFO - [2026-04-10T03:25:23.438+0000] {dag.py:4180} INFO - Setting next_dagrun for dataset_with_extra_by_context to 2026-04-09 00:00:00+00:00, run_after=2026-04-10 00:00:00+00:00
[2026-04-10T03:25:23.440+0000] {logging_mixin.py:190} INFO - [2026-04-10T03:25:23.440+0000] {dag.py:4180} INFO - Setting next_dagrun for dataset_with_extra_by_yield to 2026-04-09 00:00:00+00:00, run_after=2026-04-10 00:00:00+00:00
[2026-04-10T03:25:23.442+0000] {logging_mixin.py:190} INFO - [2026-04-10T03:25:23.442+0000] {dag.py:4180} INFO - Setting next_dagrun for dataset_with_extra_from_classic_operator to 2026-04-09 00:00:00+00:00, run_after=2026-04-10 00:00:00+00:00
[2026-04-10T03:25:23.453+0000] {processor.py:208} INFO - Processing /home/airflow/.local/lib/python3.12/site-packages/airflow/example_dags/example_outlet_event_extra.py took 0.281 seconds
[2026-04-10T03:25:53.713+0000] {processor.py:186} INFO - Started process (PID=80302) to work on /home/airflow/.local/lib/python3.12/site-packages/airflow/example_dags/example_outlet_event_extra.py
[2026-04-10T03:25:53.714+0000] {processor.py:914} INFO - Processing file /home/airflow/.local/lib/python3.12/site-packages/airflow/example_dags/example_outlet_event_extra.py for tasks to queue
[2026-04-10T03:25:53.715+0000] {logging_mixin.py:190} INFO - [2026-04-10T03:25:53.715+0000] {dagbag.py:588} INFO - Filling up the DagBag from /home/airflow/.local/lib/python3.12/site-packages/airflow/example_dags/example_outlet_event_extra.py
[2026-04-10T03:25:53.945+0000] {processor.py:925} INFO - DAG(s) 'dataset_with_extra_from_classic_operator', 'dataset_with_extra_by_yield', 'dataset_with_extra_by_context' retrieved from /home/airflow/.local/lib/python3.12/site-packages/airflow/example_dags/example_outlet_event_extra.py
[2026-04-10T03:25:53.958+0000] {logging_mixin.py:190} INFO - [2026-04-10T03:25:53.958+0000] {dag.py:3239} INFO - Sync 3 DAGs
[2026-04-10T03:25:53.965+0000] {logging_mixin.py:190} INFO - [2026-04-10T03:25:53.965+0000] {dag.py:4180} INFO - Setting next_dagrun for dataset_with_extra_by_context to 2026-04-09 00:00:00+00:00, run_after=2026-04-10 00:00:00+00:00
[2026-04-10T03:25:53.967+0000] {logging_mixin.py:190} INFO - [2026-04-10T03:25:53.967+0000] {dag.py:4180} INFO - Setting next_dagrun for dataset_with_extra_by_yield to 2026-04-09 00:00:00+00:00, run_after=2026-04-10 00:00:00+00:00
[2026-04-10T03:25:53.967+0000] {logging_mixin.py:190} INFO - [2026-04-10T03:25:53.967+0000] {dag.py:4180} INFO - Setting next_dagrun for dataset_with_extra_from_classic_operator to 2026-04-09 00:00:00+00:00, run_after=2026-04-10 00:00:00+00:00
[2026-04-10T03:25:53.978+0000] {processor.py:208} INFO - Processing /home/airflow/.local/lib/python3.12/site-packages/airflow/example_dags/example_outlet_event_extra.py took 0.268 seconds
[2026-04-10T03:26:24.942+0000] {processor.py:186} INFO - Started process (PID=80366) to work on /home/airflow/.local/lib/python3.12/site-packages/airflow/example_dags/example_outlet_event_extra.py
[2026-04-10T03:26:24.942+0000] {processor.py:914} INFO - Processing file /home/airflow/.local/lib/python3.12/site-packages/airflow/example_dags/example_outlet_event_extra.py for tasks to queue
[2026-04-10T03:26:24.944+0000] {logging_mixin.py:190} INFO - [2026-04-10T03:26:24.944+0000] {dagbag.py:588} INFO - Filling up the DagBag from /home/airflow/.local/lib/python3.12/site-packages/airflow/example_dags/example_outlet_event_extra.py
[2026-04-10T03:26:25.213+0000] {processor.py:925} INFO - DAG(s) 'dataset_with_extra_by_yield', 'dataset_with_extra_from_classic_operator', 'dataset_with_extra_by_context' retrieved from /home/airflow/.local/lib/python3.12/site-packages/airflow/example_dags/example_outlet_event_extra.py
[2026-04-10T03:26:25.225+0000] {logging_mixin.py:190} INFO - [2026-04-10T03:26:25.225+0000] {dag.py:3239} INFO - Sync 3 DAGs
[2026-04-10T03:26:25.236+0000] {logging_mixin.py:190} INFO - [2026-04-10T03:26:25.236+0000] {dag.py:4180} INFO - Setting next_dagrun for dataset_with_extra_by_context to 2026-04-09 00:00:00+00:00, run_after=2026-04-10 00:00:00+00:00
[2026-04-10T03:26:25.237+0000] {logging_mixin.py:190} INFO - [2026-04-10T03:26:25.237+0000] {dag.py:4180} INFO - Setting next_dagrun for dataset_with_extra_by_yield to 2026-04-09 00:00:00+00:00, run_after=2026-04-10 00:00:00+00:00
[2026-04-10T03:26:25.238+0000] {logging_mixin.py:190} INFO - [2026-04-10T03:26:25.238+0000] {dag.py:4180} INFO - Setting next_dagrun for dataset_with_extra_from_classic_operator to 2026-04-09 00:00:00+00:00, run_after=2026-04-10 00:00:00+00:00
[2026-04-10T03:26:25.247+0000] {processor.py:208} INFO - Processing /home/airflow/.local/lib/python3.12/site-packages/airflow/example_dags/example_outlet_event_extra.py took 0.309 seconds
[2026-04-10T03:26:55.539+0000] {processor.py:186} INFO - Started process (PID=80433) to work on /home/airflow/.local/lib/python3.12/site-packages/airflow/example_dags/example_outlet_event_extra.py
[2026-04-10T03:26:55.539+0000] {processor.py:914} INFO - Processing file /home/airflow/.local/lib/python3.12/site-packages/airflow/example_dags/example_outlet_event_extra.py for tasks to queue
[2026-04-10T03:26:55.540+0000] {logging_mixin.py:190} INFO - [2026-04-10T03:26:55.539+0000] {dagbag.py:588} INFO - Filling up the DagBag from /home/airflow/.local/lib/python3.12/site-packages/airflow/example_dags/example_outlet_event_extra.py
[2026-04-10T03:26:55.821+0000] {processor.py:925} INFO - DAG(s) 'dataset_with_extra_by_yield', 'dataset_with_extra_by_context', 'dataset_with_extra_from_classic_operator' retrieved from /home/airflow/.local/lib/python3.12/site-packages/airflow/example_dags/example_outlet_event_extra.py
[2026-04-10T03:26:55.831+0000] {logging_mixin.py:190} INFO - [2026-04-10T03:26:55.831+0000] {dag.py:3239} INFO - Sync 3 DAGs
[2026-04-10T03:26:55.839+0000] {logging_mixin.py:190} INFO - [2026-04-10T03:26:55.839+0000] {dag.py:4180} INFO - Setting next_dagrun for dataset_with_extra_by_context to 2026-04-09 00:00:00+00:00, run_after=2026-04-10 00:00:00+00:00
[2026-04-10T03:26:55.841+0000] {logging_mixin.py:190} INFO - [2026-04-10T03:26:55.841+0000] {dag.py:4180} INFO - Setting next_dagrun for dataset_with_extra_by_yield to 2026-04-09 00:00:00+00:00, run_after=2026-04-10 00:00:00+00:00
[2026-04-10T03:26:55.842+0000] {logging_mixin.py:190} INFO - [2026-04-10T03:26:55.842+0000] {dag.py:4180} INFO - Setting next_dagrun for dataset_with_extra_from_classic_operator to 2026-04-09 00:00:00+00:00, run_after=2026-04-10 00:00:00+00:00
[2026-04-10T03:26:55.858+0000] {processor.py:208} INFO - Processing /home/airflow/.local/lib/python3.12/site-packages/airflow/example_dags/example_outlet_event_extra.py took 0.322 seconds
[2026-04-10T03:27:25.902+0000] {processor.py:186} INFO - Started process (PID=80498) to work on /home/airflow/.local/lib/python3.12/site-packages/airflow/example_dags/example_outlet_event_extra.py
[2026-04-10T03:27:25.902+0000] {processor.py:914} INFO - Processing file /home/airflow/.local/lib/python3.12/site-packages/airflow/example_dags/example_outlet_event_extra.py for tasks to queue
[2026-04-10T03:27:25.903+0000] {logging_mixin.py:190} INFO - [2026-04-10T03:27:25.903+0000] {dagbag.py:588} INFO - Filling up the DagBag from /home/airflow/.local/lib/python3.12/site-packages/airflow/example_dags/example_outlet_event_extra.py
[2026-04-10T03:27:26.119+0000] {processor.py:925} INFO - DAG(s) 'dataset_with_extra_by_yield', 'dataset_with_extra_from_classic_operator', 'dataset_with_extra_by_context' retrieved from /home/airflow/.local/lib/python3.12/site-packages/airflow/example_dags/example_outlet_event_extra.py
[2026-04-10T03:27:26.132+0000] {logging_mixin.py:190} INFO - [2026-04-10T03:27:26.132+0000] {dag.py:3239} INFO - Sync 3 DAGs
[2026-04-10T03:27:26.140+0000] {logging_mixin.py:190} INFO - [2026-04-10T03:27:26.140+0000] {dag.py:4180} INFO - Setting next_dagrun for dataset_with_extra_by_context to 2026-04-09 00:00:00+00:00, run_after=2026-04-10 00:00:00+00:00
[2026-04-10T03:27:26.143+0000] {logging_mixin.py:190} INFO - [2026-04-10T03:27:26.143+0000] {dag.py:4180} INFO - Setting next_dagrun for dataset_with_extra_by_yield to 2026-04-09 00:00:00+00:00, run_after=2026-04-10 00:00:00+00:00
[2026-04-10T03:27:26.143+0000] {logging_mixin.py:190} INFO - [2026-04-10T03:27:26.143+0000] {dag.py:4180} INFO - Setting next_dagrun for dataset_with_extra_from_classic_operator to 2026-04-09 00:00:00+00:00, run_after=2026-04-10 00:00:00+00:00
[2026-04-10T03:27:26.149+0000] {processor.py:208} INFO - Processing /home/airflow/.local/lib/python3.12/site-packages/airflow/example_dags/example_outlet_event_extra.py took 0.250 seconds
[2026-04-10T03:27:56.167+0000] {processor.py:186} INFO - Started process (PID=80558) to work on /home/airflow/.local/lib/python3.12/site-packages/airflow/example_dags/example_outlet_event_extra.py
[2026-04-10T03:27:56.168+0000] {processor.py:914} INFO - Processing file /home/airflow/.local/lib/python3.12/site-packages/airflow/example_dags/example_outlet_event_extra.py for tasks to queue
[2026-04-10T03:27:56.168+0000] {logging_mixin.py:190} INFO - [2026-04-10T03:27:56.168+0000] {dagbag.py:588} INFO - Filling up the DagBag from /home/airflow/.local/lib/python3.12/site-packages/airflow/example_dags/example_outlet_event_extra.py
[2026-04-10T03:27:56.426+0000] {processor.py:925} INFO - DAG(s) 'dataset_with_extra_from_classic_operator', 'dataset_with_extra_by_yield', 'dataset_with_extra_by_context' retrieved from /home/airflow/.local/lib/python3.12/site-packages/airflow/example_dags/example_outlet_event_extra.py
[2026-04-10T03:27:56.437+0000] {logging_mixin.py:190} INFO - [2026-04-10T03:27:56.437+0000] {dag.py:3239} INFO - Sync 3 DAGs
[2026-04-10T03:27:56.446+0000] {logging_mixin.py:190} INFO - [2026-04-10T03:27:56.446+0000] {dag.py:4180} INFO - Setting next_dagrun for dataset_with_extra_by_context to 2026-04-09 00:00:00+00:00, run_after=2026-04-10 00:00:00+00:00
[2026-04-10T03:27:56.449+0000] {logging_mixin.py:190} INFO - [2026-04-10T03:27:56.449+0000] {dag.py:4180} INFO - Setting next_dagrun for dataset_with_extra_by_yield to 2026-04-09 00:00:00+00:00, run_after=2026-04-10 00:00:00+00:00
[2026-04-10T03:27:56.450+0000] {logging_mixin.py:190} INFO - [2026-04-10T03:27:56.450+0000] {dag.py:4180} INFO - Setting next_dagrun for dataset_with_extra_from_classic_operator to 2026-04-09 00:00:00+00:00, run_after=2026-04-10 00:00:00+00:00
[2026-04-10T03:27:56.462+0000] {processor.py:208} INFO - Processing /home/airflow/.local/lib/python3.12/site-packages/airflow/example_dags/example_outlet_event_extra.py took 0.297 seconds
[2026-04-10T03:28:26.945+0000] {processor.py:186} INFO - Started process (PID=80623) to work on /home/airflow/.local/lib/python3.12/site-packages/airflow/example_dags/example_outlet_event_extra.py
[2026-04-10T03:28:26.945+0000] {processor.py:914} INFO - Processing file /home/airflow/.local/lib/python3.12/site-packages/airflow/example_dags/example_outlet_event_extra.py for tasks to queue
[2026-04-10T03:28:26.946+0000] {logging_mixin.py:190} INFO - [2026-04-10T03:28:26.946+0000] {dagbag.py:588} INFO - Filling up the DagBag from /home/airflow/.local/lib/python3.12/site-packages/airflow/example_dags/example_outlet_event_extra.py
[2026-04-10T03:28:27.170+0000] {processor.py:925} INFO - DAG(s) 'dataset_with_extra_from_classic_operator', 'dataset_with_extra_by_context', 'dataset_with_extra_by_yield' retrieved from /home/airflow/.local/lib/python3.12/site-packages/airflow/example_dags/example_outlet_event_extra.py
[2026-04-10T03:28:27.184+0000] {logging_mixin.py:190} INFO - [2026-04-10T03:28:27.184+0000] {dag.py:3239} INFO - Sync 3 DAGs
[2026-04-10T03:28:27.194+0000] {logging_mixin.py:190} INFO - [2026-04-10T03:28:27.194+0000] {dag.py:4180} INFO - Setting next_dagrun for dataset_with_extra_by_context to 2026-04-09 00:00:00+00:00, run_after=2026-04-10 00:00:00+00:00
[2026-04-10T03:28:27.195+0000] {logging_mixin.py:190} INFO - [2026-04-10T03:28:27.195+0000] {dag.py:4180} INFO - Setting next_dagrun for dataset_with_extra_by_yield to 2026-04-09 00:00:00+00:00, run_after=2026-04-10 00:00:00+00:00
[2026-04-10T03:28:27.196+0000] {logging_mixin.py:190} INFO - [2026-04-10T03:28:27.196+0000] {dag.py:4180} INFO - Setting next_dagrun for dataset_with_extra_from_classic_operator to 2026-04-09 00:00:00+00:00, run_after=2026-04-10 00:00:00+00:00
[2026-04-10T03:28:27.202+0000] {processor.py:208} INFO - Processing /home/airflow/.local/lib/python3.12/site-packages/airflow/example_dags/example_outlet_event_extra.py took 0.260 seconds
[2026-04-10T03:28:57.523+0000] {processor.py:186} INFO - Started process (PID=80693) to work on /home/airflow/.local/lib/python3.12/site-packages/airflow/example_dags/example_outlet_event_extra.py
[2026-04-10T03:28:57.524+0000] {processor.py:914} INFO - Processing file /home/airflow/.local/lib/python3.12/site-packages/airflow/example_dags/example_outlet_event_extra.py for tasks to queue
[2026-04-10T03:28:57.525+0000] {logging_mixin.py:190} INFO - [2026-04-10T03:28:57.525+0000] {dagbag.py:588} INFO - Filling up the DagBag from /home/airflow/.local/lib/python3.12/site-packages/airflow/example_dags/example_outlet_event_extra.py
[2026-04-10T03:28:57.733+0000] {processor.py:925} INFO - DAG(s) 'dataset_with_extra_by_context', 'dataset_with_extra_from_classic_operator', 'dataset_with_extra_by_yield' retrieved from /home/airflow/.local/lib/python3.12/site-packages/airflow/example_dags/example_outlet_event_extra.py
[2026-04-10T03:28:57.746+0000] {logging_mixin.py:190} INFO - [2026-04-10T03:28:57.745+0000] {dag.py:3239} INFO - Sync 3 DAGs
[2026-04-10T03:28:57.753+0000] {logging_mixin.py:190} INFO - [2026-04-10T03:28:57.753+0000] {dag.py:4180} INFO - Setting next_dagrun for dataset_with_extra_by_context to 2026-04-09 00:00:00+00:00, run_after=2026-04-10 00:00:00+00:00
[2026-04-10T03:28:57.755+0000] {logging_mixin.py:190} INFO - [2026-04-10T03:28:57.755+0000] {dag.py:4180} INFO - Setting next_dagrun for dataset_with_extra_by_yield to 2026-04-09 00:00:00+00:00, run_after=2026-04-10 00:00:00+00:00
[2026-04-10T03:28:57.756+0000] {logging_mixin.py:190} INFO - [2026-04-10T03:28:57.756+0000] {dag.py:4180} INFO - Setting next_dagrun for dataset_with_extra_from_classic_operator to 2026-04-09 00:00:00+00:00, run_after=2026-04-10 00:00:00+00:00
[2026-04-10T03:28:57.763+0000] {processor.py:208} INFO - Processing /home/airflow/.local/lib/python3.12/site-packages/airflow/example_dags/example_outlet_event_extra.py took 0.242 seconds
[2026-04-10T03:29:28.015+0000] {processor.py:186} INFO - Started process (PID=80760) to work on /home/airflow/.local/lib/python3.12/site-packages/airflow/example_dags/example_outlet_event_extra.py
[2026-04-10T03:29:28.016+0000] {processor.py:914} INFO - Processing file /home/airflow/.local/lib/python3.12/site-packages/airflow/example_dags/example_outlet_event_extra.py for tasks to queue
[2026-04-10T03:29:28.016+0000] {logging_mixin.py:190} INFO - [2026-04-10T03:29:28.016+0000] {dagbag.py:588} INFO - Filling up the DagBag from /home/airflow/.local/lib/python3.12/site-packages/airflow/example_dags/example_outlet_event_extra.py
[2026-04-10T03:29:28.237+0000] {processor.py:925} INFO - DAG(s) 'dataset_with_extra_by_context', 'dataset_with_extra_by_yield', 'dataset_with_extra_from_classic_operator' retrieved from /home/airflow/.local/lib/python3.12/site-packages/airflow/example_dags/example_outlet_event_extra.py
[2026-04-10T03:29:28.249+0000] {logging_mixin.py:190} INFO - [2026-04-10T03:29:28.249+0000] {dag.py:3239} INFO - Sync 3 DAGs
[2026-04-10T03:29:28.256+0000] {logging_mixin.py:190} INFO - [2026-04-10T03:29:28.256+0000] {dag.py:4180} INFO - Setting next_dagrun for dataset_with_extra_by_context to 2026-04-09 00:00:00+00:00, run_after=2026-04-10 00:00:00+00:00
[2026-04-10T03:29:28.258+0000] {logging_mixin.py:190} INFO - [2026-04-10T03:29:28.257+0000] {dag.py:4180} INFO - Setting next_dagrun for dataset_with_extra_by_yield to 2026-04-09 00:00:00+00:00, run_after=2026-04-10 00:00:00+00:00
[2026-04-10T03:29:28.258+0000] {logging_mixin.py:190} INFO - [2026-04-10T03:29:28.258+0000] {dag.py:4180} INFO - Setting next_dagrun for dataset_with_extra_from_classic_operator to 2026-04-09 00:00:00+00:00, run_after=2026-04-10 00:00:00+00:00
[2026-04-10T03:29:28.264+0000] {processor.py:208} INFO - Processing /home/airflow/.local/lib/python3.12/site-packages/airflow/example_dags/example_outlet_event_extra.py took 0.251 seconds
[2026-04-10T03:29:58.314+0000] {processor.py:186} INFO - Started process (PID=80813) to work on /home/airflow/.local/lib/python3.12/site-packages/airflow/example_dags/example_outlet_event_extra.py
[2026-04-10T03:29:58.315+0000] {processor.py:914} INFO - Processing file /home/airflow/.local/lib/python3.12/site-packages/airflow/example_dags/example_outlet_event_extra.py for tasks to queue
[2026-04-10T03:29:58.315+0000] {logging_mixin.py:190} INFO - [2026-04-10T03:29:58.315+0000] {dagbag.py:588} INFO - Filling up the DagBag from /home/airflow/.local/lib/python3.12/site-packages/airflow/example_dags/example_outlet_event_extra.py
[2026-04-10T03:29:58.545+0000] {processor.py:925} INFO - DAG(s) 'dataset_with_extra_from_classic_operator', 'dataset_with_extra_by_context', 'dataset_with_extra_by_yield' retrieved from /home/airflow/.local/lib/python3.12/site-packages/airflow/example_dags/example_outlet_event_extra.py
[2026-04-10T03:29:58.553+0000] {logging_mixin.py:190} INFO - [2026-04-10T03:29:58.553+0000] {dag.py:3239} INFO - Sync 3 DAGs
[2026-04-10T03:29:58.566+0000] {logging_mixin.py:190} INFO - [2026-04-10T03:29:58.565+0000] {dag.py:4180} INFO - Setting next_dagrun for dataset_with_extra_by_context to 2026-04-09 00:00:00+00:00, run_after=2026-04-10 00:00:00+00:00
[2026-04-10T03:29:58.568+0000] {logging_mixin.py:190} INFO - [2026-04-10T03:29:58.568+0000] {dag.py:4180} INFO - Setting next_dagrun for dataset_with_extra_by_yield to 2026-04-09 00:00:00+00:00, run_after=2026-04-10 00:00:00+00:00
[2026-04-10T03:29:58.570+0000] {logging_mixin.py:190} INFO - [2026-04-10T03:29:58.569+0000] {dag.py:4180} INFO - Setting next_dagrun for dataset_with_extra_from_classic_operator to 2026-04-09 00:00:00+00:00, run_after=2026-04-10 00:00:00+00:00
[2026-04-10T03:29:58.581+0000] {processor.py:208} INFO - Processing /home/airflow/.local/lib/python3.12/site-packages/airflow/example_dags/example_outlet_event_extra.py took 0.269 seconds
