[2026-04-10T00:07:14.041+0000] {processor.py:186} INFO - Started process (PID=78542) to work on /home/airflow/.local/lib/python3.12/site-packages/airflow/example_dags/example_dynamic_task_mapping.py
[2026-04-10T00:07:14.041+0000] {processor.py:914} INFO - Processing file /home/airflow/.local/lib/python3.12/site-packages/airflow/example_dags/example_dynamic_task_mapping.py for tasks to queue
[2026-04-10T00:07:14.042+0000] {logging_mixin.py:190} INFO - [2026-04-10T00:07:14.042+0000] {dagbag.py:588} INFO - Filling up the DagBag from /home/airflow/.local/lib/python3.12/site-packages/airflow/example_dags/example_dynamic_task_mapping.py
[2026-04-10T00:07:14.046+0000] {processor.py:925} INFO - DAG(s) 'example_dynamic_task_mapping' retrieved from /home/airflow/.local/lib/python3.12/site-packages/airflow/example_dags/example_dynamic_task_mapping.py
[2026-04-10T00:07:14.053+0000] {logging_mixin.py:190} INFO - [2026-04-10T00:07:14.053+0000] {dag.py:3239} INFO - Sync 1 DAGs
[2026-04-10T00:07:14.057+0000] {logging_mixin.py:190} INFO - [2026-04-10T00:07:14.057+0000] {dag.py:4180} INFO - Setting next_dagrun for example_dynamic_task_mapping to None, run_after=None
[2026-04-10T00:07:14.063+0000] {processor.py:208} INFO - Processing /home/airflow/.local/lib/python3.12/site-packages/airflow/example_dags/example_dynamic_task_mapping.py took 0.025 seconds
[2026-04-10T00:22:47.207+0000] {processor.py:186} INFO - Started process (PID=78606) to work on /home/airflow/.local/lib/python3.12/site-packages/airflow/example_dags/example_dynamic_task_mapping.py
[2026-04-10T00:22:47.207+0000] {processor.py:914} INFO - Processing file /home/airflow/.local/lib/python3.12/site-packages/airflow/example_dags/example_dynamic_task_mapping.py for tasks to queue
[2026-04-10T00:22:47.207+0000] {logging_mixin.py:190} INFO - [2026-04-10T00:22:47.207+0000] {dagbag.py:588} INFO - Filling up the DagBag from /home/airflow/.local/lib/python3.12/site-packages/airflow/example_dags/example_dynamic_task_mapping.py
[2026-04-10T00:22:47.212+0000] {processor.py:925} INFO - DAG(s) 'example_dynamic_task_mapping' retrieved from /home/airflow/.local/lib/python3.12/site-packages/airflow/example_dags/example_dynamic_task_mapping.py
[2026-04-10T00:22:47.221+0000] {logging_mixin.py:190} INFO - [2026-04-10T00:22:47.221+0000] {dag.py:3239} INFO - Sync 1 DAGs
[2026-04-10T00:22:47.227+0000] {logging_mixin.py:190} INFO - [2026-04-10T00:22:47.227+0000] {dag.py:4180} INFO - Setting next_dagrun for example_dynamic_task_mapping to None, run_after=None
[2026-04-10T00:22:47.233+0000] {processor.py:208} INFO - Processing /home/airflow/.local/lib/python3.12/site-packages/airflow/example_dags/example_dynamic_task_mapping.py took 0.029 seconds
[2026-04-10T00:23:17.817+0000] {processor.py:186} INFO - Started process (PID=78670) to work on /home/airflow/.local/lib/python3.12/site-packages/airflow/example_dags/example_dynamic_task_mapping.py
[2026-04-10T00:23:17.818+0000] {processor.py:914} INFO - Processing file /home/airflow/.local/lib/python3.12/site-packages/airflow/example_dags/example_dynamic_task_mapping.py for tasks to queue
[2026-04-10T00:23:17.818+0000] {logging_mixin.py:190} INFO - [2026-04-10T00:23:17.818+0000] {dagbag.py:588} INFO - Filling up the DagBag from /home/airflow/.local/lib/python3.12/site-packages/airflow/example_dags/example_dynamic_task_mapping.py
[2026-04-10T00:23:17.822+0000] {processor.py:925} INFO - DAG(s) 'example_dynamic_task_mapping' retrieved from /home/airflow/.local/lib/python3.12/site-packages/airflow/example_dags/example_dynamic_task_mapping.py
[2026-04-10T00:23:17.830+0000] {logging_mixin.py:190} INFO - [2026-04-10T00:23:17.830+0000] {dag.py:3239} INFO - Sync 1 DAGs
[2026-04-10T00:23:17.835+0000] {logging_mixin.py:190} INFO - [2026-04-10T00:23:17.835+0000] {dag.py:4180} INFO - Setting next_dagrun for example_dynamic_task_mapping to None, run_after=None
[2026-04-10T00:23:17.840+0000] {processor.py:208} INFO - Processing /home/airflow/.local/lib/python3.12/site-packages/airflow/example_dags/example_dynamic_task_mapping.py took 0.025 seconds
[2026-04-10T00:38:47.918+0000] {processor.py:186} INFO - Started process (PID=78734) to work on /home/airflow/.local/lib/python3.12/site-packages/airflow/example_dags/example_dynamic_task_mapping.py
[2026-04-10T00:38:47.918+0000] {processor.py:914} INFO - Processing file /home/airflow/.local/lib/python3.12/site-packages/airflow/example_dags/example_dynamic_task_mapping.py for tasks to queue
[2026-04-10T00:38:47.919+0000] {logging_mixin.py:190} INFO - [2026-04-10T00:38:47.919+0000] {dagbag.py:588} INFO - Filling up the DagBag from /home/airflow/.local/lib/python3.12/site-packages/airflow/example_dags/example_dynamic_task_mapping.py
[2026-04-10T00:38:47.923+0000] {processor.py:925} INFO - DAG(s) 'example_dynamic_task_mapping' retrieved from /home/airflow/.local/lib/python3.12/site-packages/airflow/example_dags/example_dynamic_task_mapping.py
[2026-04-10T00:38:47.929+0000] {logging_mixin.py:190} INFO - [2026-04-10T00:38:47.929+0000] {dag.py:3239} INFO - Sync 1 DAGs
[2026-04-10T00:38:47.933+0000] {logging_mixin.py:190} INFO - [2026-04-10T00:38:47.933+0000] {dag.py:4180} INFO - Setting next_dagrun for example_dynamic_task_mapping to None, run_after=None
[2026-04-10T00:38:47.938+0000] {processor.py:208} INFO - Processing /home/airflow/.local/lib/python3.12/site-packages/airflow/example_dags/example_dynamic_task_mapping.py took 0.028 seconds
[2026-04-10T00:41:52.468+0000] {processor.py:186} INFO - Started process (PID=78798) to work on /home/airflow/.local/lib/python3.12/site-packages/airflow/example_dags/example_dynamic_task_mapping.py
[2026-04-10T00:41:52.469+0000] {processor.py:914} INFO - Processing file /home/airflow/.local/lib/python3.12/site-packages/airflow/example_dags/example_dynamic_task_mapping.py for tasks to queue
[2026-04-10T00:41:52.469+0000] {logging_mixin.py:190} INFO - [2026-04-10T00:41:52.469+0000] {dagbag.py:588} INFO - Filling up the DagBag from /home/airflow/.local/lib/python3.12/site-packages/airflow/example_dags/example_dynamic_task_mapping.py
[2026-04-10T00:41:52.474+0000] {processor.py:925} INFO - DAG(s) 'example_dynamic_task_mapping' retrieved from /home/airflow/.local/lib/python3.12/site-packages/airflow/example_dags/example_dynamic_task_mapping.py
[2026-04-10T00:41:52.481+0000] {logging_mixin.py:190} INFO - [2026-04-10T00:41:52.481+0000] {dag.py:3239} INFO - Sync 1 DAGs
[2026-04-10T00:41:52.485+0000] {logging_mixin.py:190} INFO - [2026-04-10T00:41:52.485+0000] {dag.py:4180} INFO - Setting next_dagrun for example_dynamic_task_mapping to None, run_after=None
[2026-04-10T00:41:52.492+0000] {processor.py:208} INFO - Processing /home/airflow/.local/lib/python3.12/site-packages/airflow/example_dags/example_dynamic_task_mapping.py took 0.026 seconds
[2026-04-10T00:42:22.676+0000] {processor.py:186} INFO - Started process (PID=78862) to work on /home/airflow/.local/lib/python3.12/site-packages/airflow/example_dags/example_dynamic_task_mapping.py
[2026-04-10T00:42:22.676+0000] {processor.py:914} INFO - Processing file /home/airflow/.local/lib/python3.12/site-packages/airflow/example_dags/example_dynamic_task_mapping.py for tasks to queue
[2026-04-10T00:42:22.677+0000] {logging_mixin.py:190} INFO - [2026-04-10T00:42:22.677+0000] {dagbag.py:588} INFO - Filling up the DagBag from /home/airflow/.local/lib/python3.12/site-packages/airflow/example_dags/example_dynamic_task_mapping.py
[2026-04-10T00:42:22.680+0000] {processor.py:925} INFO - DAG(s) 'example_dynamic_task_mapping' retrieved from /home/airflow/.local/lib/python3.12/site-packages/airflow/example_dags/example_dynamic_task_mapping.py
[2026-04-10T00:42:22.687+0000] {logging_mixin.py:190} INFO - [2026-04-10T00:42:22.687+0000] {dag.py:3239} INFO - Sync 1 DAGs
[2026-04-10T00:42:22.691+0000] {logging_mixin.py:190} INFO - [2026-04-10T00:42:22.691+0000] {dag.py:4180} INFO - Setting next_dagrun for example_dynamic_task_mapping to None, run_after=None
[2026-04-10T00:42:22.696+0000] {processor.py:208} INFO - Processing /home/airflow/.local/lib/python3.12/site-packages/airflow/example_dags/example_dynamic_task_mapping.py took 0.023 seconds
[2026-04-10T00:57:54.110+0000] {processor.py:186} INFO - Started process (PID=78926) to work on /home/airflow/.local/lib/python3.12/site-packages/airflow/example_dags/example_dynamic_task_mapping.py
[2026-04-10T00:57:54.110+0000] {processor.py:914} INFO - Processing file /home/airflow/.local/lib/python3.12/site-packages/airflow/example_dags/example_dynamic_task_mapping.py for tasks to queue
[2026-04-10T00:57:54.111+0000] {logging_mixin.py:190} INFO - [2026-04-10T00:57:54.111+0000] {dagbag.py:588} INFO - Filling up the DagBag from /home/airflow/.local/lib/python3.12/site-packages/airflow/example_dags/example_dynamic_task_mapping.py
[2026-04-10T00:57:54.114+0000] {processor.py:925} INFO - DAG(s) 'example_dynamic_task_mapping' retrieved from /home/airflow/.local/lib/python3.12/site-packages/airflow/example_dags/example_dynamic_task_mapping.py
[2026-04-10T00:57:54.121+0000] {logging_mixin.py:190} INFO - [2026-04-10T00:57:54.121+0000] {dag.py:3239} INFO - Sync 1 DAGs
[2026-04-10T00:57:54.125+0000] {logging_mixin.py:190} INFO - [2026-04-10T00:57:54.125+0000] {dag.py:4180} INFO - Setting next_dagrun for example_dynamic_task_mapping to None, run_after=None
[2026-04-10T00:57:54.131+0000] {processor.py:208} INFO - Processing /home/airflow/.local/lib/python3.12/site-packages/airflow/example_dags/example_dynamic_task_mapping.py took 0.023 seconds
[2026-04-10T01:13:25.246+0000] {processor.py:186} INFO - Started process (PID=78990) to work on /home/airflow/.local/lib/python3.12/site-packages/airflow/example_dags/example_dynamic_task_mapping.py
[2026-04-10T01:13:25.247+0000] {processor.py:914} INFO - Processing file /home/airflow/.local/lib/python3.12/site-packages/airflow/example_dags/example_dynamic_task_mapping.py for tasks to queue
[2026-04-10T01:13:25.247+0000] {logging_mixin.py:190} INFO - [2026-04-10T01:13:25.247+0000] {dagbag.py:588} INFO - Filling up the DagBag from /home/airflow/.local/lib/python3.12/site-packages/airflow/example_dags/example_dynamic_task_mapping.py
[2026-04-10T01:13:25.252+0000] {processor.py:925} INFO - DAG(s) 'example_dynamic_task_mapping' retrieved from /home/airflow/.local/lib/python3.12/site-packages/airflow/example_dags/example_dynamic_task_mapping.py
[2026-04-10T01:13:25.259+0000] {logging_mixin.py:190} INFO - [2026-04-10T01:13:25.259+0000] {dag.py:3239} INFO - Sync 1 DAGs
[2026-04-10T01:13:25.263+0000] {logging_mixin.py:190} INFO - [2026-04-10T01:13:25.263+0000] {dag.py:4180} INFO - Setting next_dagrun for example_dynamic_task_mapping to None, run_after=None
[2026-04-10T01:13:25.268+0000] {processor.py:208} INFO - Processing /home/airflow/.local/lib/python3.12/site-packages/airflow/example_dags/example_dynamic_task_mapping.py took 0.025 seconds
[2026-04-10T01:13:55.780+0000] {processor.py:186} INFO - Started process (PID=79053) to work on /home/airflow/.local/lib/python3.12/site-packages/airflow/example_dags/example_dynamic_task_mapping.py
[2026-04-10T01:13:55.781+0000] {processor.py:914} INFO - Processing file /home/airflow/.local/lib/python3.12/site-packages/airflow/example_dags/example_dynamic_task_mapping.py for tasks to queue
[2026-04-10T01:13:55.781+0000] {logging_mixin.py:190} INFO - [2026-04-10T01:13:55.781+0000] {dagbag.py:588} INFO - Filling up the DagBag from /home/airflow/.local/lib/python3.12/site-packages/airflow/example_dags/example_dynamic_task_mapping.py
[2026-04-10T01:13:55.785+0000] {processor.py:925} INFO - DAG(s) 'example_dynamic_task_mapping' retrieved from /home/airflow/.local/lib/python3.12/site-packages/airflow/example_dags/example_dynamic_task_mapping.py
[2026-04-10T01:13:55.791+0000] {logging_mixin.py:190} INFO - [2026-04-10T01:13:55.791+0000] {dag.py:3239} INFO - Sync 1 DAGs
[2026-04-10T01:13:55.796+0000] {logging_mixin.py:190} INFO - [2026-04-10T01:13:55.796+0000] {dag.py:4180} INFO - Setting next_dagrun for example_dynamic_task_mapping to None, run_after=None
[2026-04-10T01:13:55.800+0000] {processor.py:208} INFO - Processing /home/airflow/.local/lib/python3.12/site-packages/airflow/example_dags/example_dynamic_task_mapping.py took 0.023 seconds
[2026-04-10T01:29:25.301+0000] {processor.py:186} INFO - Started process (PID=79117) to work on /home/airflow/.local/lib/python3.12/site-packages/airflow/example_dags/example_dynamic_task_mapping.py
[2026-04-10T01:29:25.302+0000] {processor.py:914} INFO - Processing file /home/airflow/.local/lib/python3.12/site-packages/airflow/example_dags/example_dynamic_task_mapping.py for tasks to queue
[2026-04-10T01:29:25.302+0000] {logging_mixin.py:190} INFO - [2026-04-10T01:29:25.302+0000] {dagbag.py:588} INFO - Filling up the DagBag from /home/airflow/.local/lib/python3.12/site-packages/airflow/example_dags/example_dynamic_task_mapping.py
[2026-04-10T01:29:25.307+0000] {processor.py:925} INFO - DAG(s) 'example_dynamic_task_mapping' retrieved from /home/airflow/.local/lib/python3.12/site-packages/airflow/example_dags/example_dynamic_task_mapping.py
[2026-04-10T01:29:25.314+0000] {logging_mixin.py:190} INFO - [2026-04-10T01:29:25.314+0000] {dag.py:3239} INFO - Sync 1 DAGs
[2026-04-10T01:29:25.318+0000] {logging_mixin.py:190} INFO - [2026-04-10T01:29:25.318+0000] {dag.py:4180} INFO - Setting next_dagrun for example_dynamic_task_mapping to None, run_after=None
[2026-04-10T01:29:25.323+0000] {processor.py:208} INFO - Processing /home/airflow/.local/lib/python3.12/site-packages/airflow/example_dags/example_dynamic_task_mapping.py took 0.024 seconds
[2026-04-10T01:29:55.685+0000] {processor.py:186} INFO - Started process (PID=79181) to work on /home/airflow/.local/lib/python3.12/site-packages/airflow/example_dags/example_dynamic_task_mapping.py
[2026-04-10T01:29:55.685+0000] {processor.py:914} INFO - Processing file /home/airflow/.local/lib/python3.12/site-packages/airflow/example_dags/example_dynamic_task_mapping.py for tasks to queue
[2026-04-10T01:29:55.686+0000] {logging_mixin.py:190} INFO - [2026-04-10T01:29:55.686+0000] {dagbag.py:588} INFO - Filling up the DagBag from /home/airflow/.local/lib/python3.12/site-packages/airflow/example_dags/example_dynamic_task_mapping.py
[2026-04-10T01:29:55.690+0000] {processor.py:925} INFO - DAG(s) 'example_dynamic_task_mapping' retrieved from /home/airflow/.local/lib/python3.12/site-packages/airflow/example_dags/example_dynamic_task_mapping.py
[2026-04-10T01:29:55.697+0000] {logging_mixin.py:190} INFO - [2026-04-10T01:29:55.697+0000] {dag.py:3239} INFO - Sync 1 DAGs
[2026-04-10T01:29:55.702+0000] {logging_mixin.py:190} INFO - [2026-04-10T01:29:55.702+0000] {dag.py:4180} INFO - Setting next_dagrun for example_dynamic_task_mapping to None, run_after=None
[2026-04-10T01:29:55.708+0000] {processor.py:208} INFO - Processing /home/airflow/.local/lib/python3.12/site-packages/airflow/example_dags/example_dynamic_task_mapping.py took 0.026 seconds
[2026-04-10T01:43:15.117+0000] {processor.py:186} INFO - Started process (PID=79245) to work on /home/airflow/.local/lib/python3.12/site-packages/airflow/example_dags/example_dynamic_task_mapping.py
[2026-04-10T01:43:15.118+0000] {processor.py:914} INFO - Processing file /home/airflow/.local/lib/python3.12/site-packages/airflow/example_dags/example_dynamic_task_mapping.py for tasks to queue
[2026-04-10T01:43:15.119+0000] {logging_mixin.py:190} INFO - [2026-04-10T01:43:15.118+0000] {dagbag.py:588} INFO - Filling up the DagBag from /home/airflow/.local/lib/python3.12/site-packages/airflow/example_dags/example_dynamic_task_mapping.py
[2026-04-10T01:43:15.123+0000] {processor.py:925} INFO - DAG(s) 'example_dynamic_task_mapping' retrieved from /home/airflow/.local/lib/python3.12/site-packages/airflow/example_dags/example_dynamic_task_mapping.py
[2026-04-10T01:43:15.132+0000] {logging_mixin.py:190} INFO - [2026-04-10T01:43:15.132+0000] {dag.py:3239} INFO - Sync 1 DAGs
[2026-04-10T01:43:15.137+0000] {logging_mixin.py:190} INFO - [2026-04-10T01:43:15.137+0000] {dag.py:4180} INFO - Setting next_dagrun for example_dynamic_task_mapping to None, run_after=None
[2026-04-10T01:43:15.144+0000] {processor.py:208} INFO - Processing /home/airflow/.local/lib/python3.12/site-packages/airflow/example_dags/example_dynamic_task_mapping.py took 0.029 seconds
[2026-04-10T01:58:47.067+0000] {processor.py:186} INFO - Started process (PID=79309) to work on /home/airflow/.local/lib/python3.12/site-packages/airflow/example_dags/example_dynamic_task_mapping.py
[2026-04-10T01:58:47.068+0000] {processor.py:914} INFO - Processing file /home/airflow/.local/lib/python3.12/site-packages/airflow/example_dags/example_dynamic_task_mapping.py for tasks to queue
[2026-04-10T01:58:47.068+0000] {logging_mixin.py:190} INFO - [2026-04-10T01:58:47.068+0000] {dagbag.py:588} INFO - Filling up the DagBag from /home/airflow/.local/lib/python3.12/site-packages/airflow/example_dags/example_dynamic_task_mapping.py
[2026-04-10T01:58:47.072+0000] {processor.py:925} INFO - DAG(s) 'example_dynamic_task_mapping' retrieved from /home/airflow/.local/lib/python3.12/site-packages/airflow/example_dags/example_dynamic_task_mapping.py
[2026-04-10T01:58:47.078+0000] {logging_mixin.py:190} INFO - [2026-04-10T01:58:47.078+0000] {dag.py:3239} INFO - Sync 1 DAGs
[2026-04-10T01:58:47.083+0000] {logging_mixin.py:190} INFO - [2026-04-10T01:58:47.083+0000] {dag.py:4180} INFO - Setting next_dagrun for example_dynamic_task_mapping to None, run_after=None
[2026-04-10T01:58:47.088+0000] {processor.py:208} INFO - Processing /home/airflow/.local/lib/python3.12/site-packages/airflow/example_dags/example_dynamic_task_mapping.py took 0.022 seconds
[2026-04-10T01:59:17.309+0000] {processor.py:186} INFO - Started process (PID=79373) to work on /home/airflow/.local/lib/python3.12/site-packages/airflow/example_dags/example_dynamic_task_mapping.py
[2026-04-10T01:59:17.310+0000] {processor.py:914} INFO - Processing file /home/airflow/.local/lib/python3.12/site-packages/airflow/example_dags/example_dynamic_task_mapping.py for tasks to queue
[2026-04-10T01:59:17.310+0000] {logging_mixin.py:190} INFO - [2026-04-10T01:59:17.310+0000] {dagbag.py:588} INFO - Filling up the DagBag from /home/airflow/.local/lib/python3.12/site-packages/airflow/example_dags/example_dynamic_task_mapping.py
[2026-04-10T01:59:17.314+0000] {processor.py:925} INFO - DAG(s) 'example_dynamic_task_mapping' retrieved from /home/airflow/.local/lib/python3.12/site-packages/airflow/example_dags/example_dynamic_task_mapping.py
[2026-04-10T01:59:17.321+0000] {logging_mixin.py:190} INFO - [2026-04-10T01:59:17.321+0000] {dag.py:3239} INFO - Sync 1 DAGs
[2026-04-10T01:59:17.326+0000] {logging_mixin.py:190} INFO - [2026-04-10T01:59:17.326+0000] {dag.py:4180} INFO - Setting next_dagrun for example_dynamic_task_mapping to None, run_after=None
[2026-04-10T01:59:17.331+0000] {processor.py:208} INFO - Processing /home/airflow/.local/lib/python3.12/site-packages/airflow/example_dags/example_dynamic_task_mapping.py took 0.024 seconds
[2026-04-10T02:14:50.730+0000] {processor.py:186} INFO - Started process (PID=79437) to work on /home/airflow/.local/lib/python3.12/site-packages/airflow/example_dags/example_dynamic_task_mapping.py
[2026-04-10T02:14:50.731+0000] {processor.py:914} INFO - Processing file /home/airflow/.local/lib/python3.12/site-packages/airflow/example_dags/example_dynamic_task_mapping.py for tasks to queue
[2026-04-10T02:14:50.732+0000] {logging_mixin.py:190} INFO - [2026-04-10T02:14:50.732+0000] {dagbag.py:588} INFO - Filling up the DagBag from /home/airflow/.local/lib/python3.12/site-packages/airflow/example_dags/example_dynamic_task_mapping.py
[2026-04-10T02:14:50.737+0000] {processor.py:925} INFO - DAG(s) 'example_dynamic_task_mapping' retrieved from /home/airflow/.local/lib/python3.12/site-packages/airflow/example_dags/example_dynamic_task_mapping.py
[2026-04-10T02:14:50.752+0000] {logging_mixin.py:190} INFO - [2026-04-10T02:14:50.751+0000] {dag.py:3239} INFO - Sync 1 DAGs
[2026-04-10T02:14:50.759+0000] {logging_mixin.py:190} INFO - [2026-04-10T02:14:50.759+0000] {dag.py:4180} INFO - Setting next_dagrun for example_dynamic_task_mapping to None, run_after=None
[2026-04-10T02:14:50.772+0000] {processor.py:208} INFO - Processing /home/airflow/.local/lib/python3.12/site-packages/airflow/example_dags/example_dynamic_task_mapping.py took 0.045 seconds
[2026-04-10T02:20:00.933+0000] {processor.py:186} INFO - Started process (PID=79501) to work on /home/airflow/.local/lib/python3.12/site-packages/airflow/example_dags/example_dynamic_task_mapping.py
[2026-04-10T02:20:00.933+0000] {processor.py:914} INFO - Processing file /home/airflow/.local/lib/python3.12/site-packages/airflow/example_dags/example_dynamic_task_mapping.py for tasks to queue
[2026-04-10T02:20:00.934+0000] {logging_mixin.py:190} INFO - [2026-04-10T02:20:00.934+0000] {dagbag.py:588} INFO - Filling up the DagBag from /home/airflow/.local/lib/python3.12/site-packages/airflow/example_dags/example_dynamic_task_mapping.py
[2026-04-10T02:20:00.938+0000] {processor.py:925} INFO - DAG(s) 'example_dynamic_task_mapping' retrieved from /home/airflow/.local/lib/python3.12/site-packages/airflow/example_dags/example_dynamic_task_mapping.py
[2026-04-10T02:20:00.945+0000] {logging_mixin.py:190} INFO - [2026-04-10T02:20:00.945+0000] {dag.py:3239} INFO - Sync 1 DAGs
[2026-04-10T02:20:00.950+0000] {logging_mixin.py:190} INFO - [2026-04-10T02:20:00.950+0000] {dag.py:4180} INFO - Setting next_dagrun for example_dynamic_task_mapping to None, run_after=None
[2026-04-10T02:20:00.955+0000] {processor.py:208} INFO - Processing /home/airflow/.local/lib/python3.12/site-packages/airflow/example_dags/example_dynamic_task_mapping.py took 0.024 seconds
[2026-04-10T02:20:31.989+0000] {processor.py:186} INFO - Started process (PID=79565) to work on /home/airflow/.local/lib/python3.12/site-packages/airflow/example_dags/example_dynamic_task_mapping.py
[2026-04-10T02:20:31.990+0000] {processor.py:914} INFO - Processing file /home/airflow/.local/lib/python3.12/site-packages/airflow/example_dags/example_dynamic_task_mapping.py for tasks to queue
[2026-04-10T02:20:31.990+0000] {logging_mixin.py:190} INFO - [2026-04-10T02:20:31.990+0000] {dagbag.py:588} INFO - Filling up the DagBag from /home/airflow/.local/lib/python3.12/site-packages/airflow/example_dags/example_dynamic_task_mapping.py
[2026-04-10T02:20:31.994+0000] {processor.py:925} INFO - DAG(s) 'example_dynamic_task_mapping' retrieved from /home/airflow/.local/lib/python3.12/site-packages/airflow/example_dags/example_dynamic_task_mapping.py
[2026-04-10T02:20:32.000+0000] {logging_mixin.py:190} INFO - [2026-04-10T02:20:32.000+0000] {dag.py:3239} INFO - Sync 1 DAGs
[2026-04-10T02:20:32.005+0000] {logging_mixin.py:190} INFO - [2026-04-10T02:20:32.005+0000] {dag.py:4180} INFO - Setting next_dagrun for example_dynamic_task_mapping to None, run_after=None
[2026-04-10T02:20:32.010+0000] {processor.py:208} INFO - Processing /home/airflow/.local/lib/python3.12/site-packages/airflow/example_dags/example_dynamic_task_mapping.py took 0.022 seconds
[2026-04-10T02:38:20.689+0000] {processor.py:186} INFO - Started process (PID=79629) to work on /home/airflow/.local/lib/python3.12/site-packages/airflow/example_dags/example_dynamic_task_mapping.py
[2026-04-10T02:38:20.690+0000] {processor.py:914} INFO - Processing file /home/airflow/.local/lib/python3.12/site-packages/airflow/example_dags/example_dynamic_task_mapping.py for tasks to queue
[2026-04-10T02:38:20.690+0000] {logging_mixin.py:190} INFO - [2026-04-10T02:38:20.690+0000] {dagbag.py:588} INFO - Filling up the DagBag from /home/airflow/.local/lib/python3.12/site-packages/airflow/example_dags/example_dynamic_task_mapping.py
[2026-04-10T02:38:20.694+0000] {processor.py:925} INFO - DAG(s) 'example_dynamic_task_mapping' retrieved from /home/airflow/.local/lib/python3.12/site-packages/airflow/example_dags/example_dynamic_task_mapping.py
[2026-04-10T02:38:20.700+0000] {logging_mixin.py:190} INFO - [2026-04-10T02:38:20.700+0000] {dag.py:3239} INFO - Sync 1 DAGs
[2026-04-10T02:38:20.705+0000] {logging_mixin.py:190} INFO - [2026-04-10T02:38:20.705+0000] {dag.py:4180} INFO - Setting next_dagrun for example_dynamic_task_mapping to None, run_after=None
[2026-04-10T02:38:20.710+0000] {processor.py:208} INFO - Processing /home/airflow/.local/lib/python3.12/site-packages/airflow/example_dags/example_dynamic_task_mapping.py took 0.023 seconds
[2026-04-10T02:44:07.602+0000] {processor.py:186} INFO - Started process (PID=79693) to work on /home/airflow/.local/lib/python3.12/site-packages/airflow/example_dags/example_dynamic_task_mapping.py
[2026-04-10T02:44:07.603+0000] {processor.py:914} INFO - Processing file /home/airflow/.local/lib/python3.12/site-packages/airflow/example_dags/example_dynamic_task_mapping.py for tasks to queue
[2026-04-10T02:44:07.604+0000] {logging_mixin.py:190} INFO - [2026-04-10T02:44:07.604+0000] {dagbag.py:588} INFO - Filling up the DagBag from /home/airflow/.local/lib/python3.12/site-packages/airflow/example_dags/example_dynamic_task_mapping.py
[2026-04-10T02:44:07.608+0000] {processor.py:925} INFO - DAG(s) 'example_dynamic_task_mapping' retrieved from /home/airflow/.local/lib/python3.12/site-packages/airflow/example_dags/example_dynamic_task_mapping.py
[2026-04-10T02:44:07.615+0000] {logging_mixin.py:190} INFO - [2026-04-10T02:44:07.615+0000] {dag.py:3239} INFO - Sync 1 DAGs
[2026-04-10T02:44:07.619+0000] {logging_mixin.py:190} INFO - [2026-04-10T02:44:07.619+0000] {dag.py:4180} INFO - Setting next_dagrun for example_dynamic_task_mapping to None, run_after=None
[2026-04-10T02:44:07.624+0000] {processor.py:208} INFO - Processing /home/airflow/.local/lib/python3.12/site-packages/airflow/example_dags/example_dynamic_task_mapping.py took 0.025 seconds
[2026-04-10T02:59:39.228+0000] {processor.py:186} INFO - Started process (PID=79757) to work on /home/airflow/.local/lib/python3.12/site-packages/airflow/example_dags/example_dynamic_task_mapping.py
[2026-04-10T02:59:39.229+0000] {processor.py:914} INFO - Processing file /home/airflow/.local/lib/python3.12/site-packages/airflow/example_dags/example_dynamic_task_mapping.py for tasks to queue
[2026-04-10T02:59:39.229+0000] {logging_mixin.py:190} INFO - [2026-04-10T02:59:39.229+0000] {dagbag.py:588} INFO - Filling up the DagBag from /home/airflow/.local/lib/python3.12/site-packages/airflow/example_dags/example_dynamic_task_mapping.py
[2026-04-10T02:59:39.234+0000] {processor.py:925} INFO - DAG(s) 'example_dynamic_task_mapping' retrieved from /home/airflow/.local/lib/python3.12/site-packages/airflow/example_dags/example_dynamic_task_mapping.py
[2026-04-10T02:59:39.243+0000] {logging_mixin.py:190} INFO - [2026-04-10T02:59:39.243+0000] {dag.py:3239} INFO - Sync 1 DAGs
[2026-04-10T02:59:39.249+0000] {logging_mixin.py:190} INFO - [2026-04-10T02:59:39.248+0000] {dag.py:4180} INFO - Setting next_dagrun for example_dynamic_task_mapping to None, run_after=None
[2026-04-10T02:59:39.260+0000] {processor.py:208} INFO - Processing /home/airflow/.local/lib/python3.12/site-packages/airflow/example_dags/example_dynamic_task_mapping.py took 0.037 seconds
[2026-04-10T03:00:09.680+0000] {processor.py:186} INFO - Started process (PID=79821) to work on /home/airflow/.local/lib/python3.12/site-packages/airflow/example_dags/example_dynamic_task_mapping.py
[2026-04-10T03:00:09.681+0000] {processor.py:914} INFO - Processing file /home/airflow/.local/lib/python3.12/site-packages/airflow/example_dags/example_dynamic_task_mapping.py for tasks to queue
[2026-04-10T03:00:09.681+0000] {logging_mixin.py:190} INFO - [2026-04-10T03:00:09.681+0000] {dagbag.py:588} INFO - Filling up the DagBag from /home/airflow/.local/lib/python3.12/site-packages/airflow/example_dags/example_dynamic_task_mapping.py
[2026-04-10T03:00:09.685+0000] {processor.py:925} INFO - DAG(s) 'example_dynamic_task_mapping' retrieved from /home/airflow/.local/lib/python3.12/site-packages/airflow/example_dags/example_dynamic_task_mapping.py
[2026-04-10T03:00:09.691+0000] {logging_mixin.py:190} INFO - [2026-04-10T03:00:09.691+0000] {dag.py:3239} INFO - Sync 1 DAGs
[2026-04-10T03:00:09.696+0000] {logging_mixin.py:190} INFO - [2026-04-10T03:00:09.696+0000] {dag.py:4180} INFO - Setting next_dagrun for example_dynamic_task_mapping to None, run_after=None
[2026-04-10T03:00:09.702+0000] {processor.py:208} INFO - Processing /home/airflow/.local/lib/python3.12/site-packages/airflow/example_dags/example_dynamic_task_mapping.py took 0.024 seconds
[2026-04-10T03:15:40.288+0000] {processor.py:186} INFO - Started process (PID=79885) to work on /home/airflow/.local/lib/python3.12/site-packages/airflow/example_dags/example_dynamic_task_mapping.py
[2026-04-10T03:15:40.289+0000] {processor.py:914} INFO - Processing file /home/airflow/.local/lib/python3.12/site-packages/airflow/example_dags/example_dynamic_task_mapping.py for tasks to queue
[2026-04-10T03:15:40.289+0000] {logging_mixin.py:190} INFO - [2026-04-10T03:15:40.289+0000] {dagbag.py:588} INFO - Filling up the DagBag from /home/airflow/.local/lib/python3.12/site-packages/airflow/example_dags/example_dynamic_task_mapping.py
[2026-04-10T03:15:40.294+0000] {processor.py:925} INFO - DAG(s) 'example_dynamic_task_mapping' retrieved from /home/airflow/.local/lib/python3.12/site-packages/airflow/example_dags/example_dynamic_task_mapping.py
[2026-04-10T03:15:40.301+0000] {logging_mixin.py:190} INFO - [2026-04-10T03:15:40.300+0000] {dag.py:3239} INFO - Sync 1 DAGs
[2026-04-10T03:15:40.305+0000] {logging_mixin.py:190} INFO - [2026-04-10T03:15:40.305+0000] {dag.py:4180} INFO - Setting next_dagrun for example_dynamic_task_mapping to None, run_after=None
[2026-04-10T03:15:40.310+0000] {processor.py:208} INFO - Processing /home/airflow/.local/lib/python3.12/site-packages/airflow/example_dags/example_dynamic_task_mapping.py took 0.025 seconds
[2026-04-10T03:23:18.787+0000] {processor.py:186} INFO - Started process (PID=79949) to work on /home/airflow/.local/lib/python3.12/site-packages/airflow/example_dags/example_dynamic_task_mapping.py
[2026-04-10T03:23:18.789+0000] {processor.py:914} INFO - Processing file /home/airflow/.local/lib/python3.12/site-packages/airflow/example_dags/example_dynamic_task_mapping.py for tasks to queue
[2026-04-10T03:23:18.790+0000] {logging_mixin.py:190} INFO - [2026-04-10T03:23:18.790+0000] {dagbag.py:588} INFO - Filling up the DagBag from /home/airflow/.local/lib/python3.12/site-packages/airflow/example_dags/example_dynamic_task_mapping.py
[2026-04-10T03:23:18.796+0000] {processor.py:925} INFO - DAG(s) 'example_dynamic_task_mapping' retrieved from /home/airflow/.local/lib/python3.12/site-packages/airflow/example_dags/example_dynamic_task_mapping.py
[2026-04-10T03:23:18.815+0000] {logging_mixin.py:190} INFO - [2026-04-10T03:23:18.815+0000] {dag.py:3239} INFO - Sync 1 DAGs
[2026-04-10T03:23:18.825+0000] {logging_mixin.py:190} INFO - [2026-04-10T03:23:18.825+0000] {dag.py:4180} INFO - Setting next_dagrun for example_dynamic_task_mapping to None, run_after=None
[2026-04-10T03:23:18.842+0000] {processor.py:208} INFO - Processing /home/airflow/.local/lib/python3.12/site-packages/airflow/example_dags/example_dynamic_task_mapping.py took 0.071 seconds
[2026-04-10T03:23:49.272+0000] {processor.py:186} INFO - Started process (PID=80013) to work on /home/airflow/.local/lib/python3.12/site-packages/airflow/example_dags/example_dynamic_task_mapping.py
[2026-04-10T03:23:49.273+0000] {processor.py:914} INFO - Processing file /home/airflow/.local/lib/python3.12/site-packages/airflow/example_dags/example_dynamic_task_mapping.py for tasks to queue
[2026-04-10T03:23:49.274+0000] {logging_mixin.py:190} INFO - [2026-04-10T03:23:49.274+0000] {dagbag.py:588} INFO - Filling up the DagBag from /home/airflow/.local/lib/python3.12/site-packages/airflow/example_dags/example_dynamic_task_mapping.py
[2026-04-10T03:23:49.281+0000] {processor.py:925} INFO - DAG(s) 'example_dynamic_task_mapping' retrieved from /home/airflow/.local/lib/python3.12/site-packages/airflow/example_dags/example_dynamic_task_mapping.py
[2026-04-10T03:23:49.290+0000] {logging_mixin.py:190} INFO - [2026-04-10T03:23:49.290+0000] {dag.py:3239} INFO - Sync 1 DAGs
[2026-04-10T03:23:49.295+0000] {logging_mixin.py:190} INFO - [2026-04-10T03:23:49.295+0000] {dag.py:4180} INFO - Setting next_dagrun for example_dynamic_task_mapping to None, run_after=None
[2026-04-10T03:23:49.301+0000] {processor.py:208} INFO - Processing /home/airflow/.local/lib/python3.12/site-packages/airflow/example_dags/example_dynamic_task_mapping.py took 0.031 seconds
[2026-04-10T03:24:20.038+0000] {processor.py:186} INFO - Started process (PID=80077) to work on /home/airflow/.local/lib/python3.12/site-packages/airflow/example_dags/example_dynamic_task_mapping.py
[2026-04-10T03:24:20.038+0000] {processor.py:914} INFO - Processing file /home/airflow/.local/lib/python3.12/site-packages/airflow/example_dags/example_dynamic_task_mapping.py for tasks to queue
[2026-04-10T03:24:20.039+0000] {logging_mixin.py:190} INFO - [2026-04-10T03:24:20.039+0000] {dagbag.py:588} INFO - Filling up the DagBag from /home/airflow/.local/lib/python3.12/site-packages/airflow/example_dags/example_dynamic_task_mapping.py
[2026-04-10T03:24:20.043+0000] {processor.py:925} INFO - DAG(s) 'example_dynamic_task_mapping' retrieved from /home/airflow/.local/lib/python3.12/site-packages/airflow/example_dags/example_dynamic_task_mapping.py
[2026-04-10T03:24:20.050+0000] {logging_mixin.py:190} INFO - [2026-04-10T03:24:20.050+0000] {dag.py:3239} INFO - Sync 1 DAGs
[2026-04-10T03:24:20.054+0000] {logging_mixin.py:190} INFO - [2026-04-10T03:24:20.054+0000] {dag.py:4180} INFO - Setting next_dagrun for example_dynamic_task_mapping to None, run_after=None
[2026-04-10T03:24:20.059+0000] {processor.py:208} INFO - Processing /home/airflow/.local/lib/python3.12/site-packages/airflow/example_dags/example_dynamic_task_mapping.py took 0.024 seconds
[2026-04-10T03:24:50.420+0000] {processor.py:186} INFO - Started process (PID=80141) to work on /home/airflow/.local/lib/python3.12/site-packages/airflow/example_dags/example_dynamic_task_mapping.py
[2026-04-10T03:24:50.421+0000] {processor.py:914} INFO - Processing file /home/airflow/.local/lib/python3.12/site-packages/airflow/example_dags/example_dynamic_task_mapping.py for tasks to queue
[2026-04-10T03:24:50.421+0000] {logging_mixin.py:190} INFO - [2026-04-10T03:24:50.421+0000] {dagbag.py:588} INFO - Filling up the DagBag from /home/airflow/.local/lib/python3.12/site-packages/airflow/example_dags/example_dynamic_task_mapping.py
[2026-04-10T03:24:50.426+0000] {processor.py:925} INFO - DAG(s) 'example_dynamic_task_mapping' retrieved from /home/airflow/.local/lib/python3.12/site-packages/airflow/example_dags/example_dynamic_task_mapping.py
[2026-04-10T03:24:50.434+0000] {logging_mixin.py:190} INFO - [2026-04-10T03:24:50.434+0000] {dag.py:3239} INFO - Sync 1 DAGs
[2026-04-10T03:24:50.439+0000] {logging_mixin.py:190} INFO - [2026-04-10T03:24:50.439+0000] {dag.py:4180} INFO - Setting next_dagrun for example_dynamic_task_mapping to None, run_after=None
[2026-04-10T03:24:50.445+0000] {processor.py:208} INFO - Processing /home/airflow/.local/lib/python3.12/site-packages/airflow/example_dags/example_dynamic_task_mapping.py took 0.029 seconds
[2026-04-10T03:25:20.793+0000] {processor.py:186} INFO - Started process (PID=80205) to work on /home/airflow/.local/lib/python3.12/site-packages/airflow/example_dags/example_dynamic_task_mapping.py
[2026-04-10T03:25:20.794+0000] {processor.py:914} INFO - Processing file /home/airflow/.local/lib/python3.12/site-packages/airflow/example_dags/example_dynamic_task_mapping.py for tasks to queue
[2026-04-10T03:25:20.794+0000] {logging_mixin.py:190} INFO - [2026-04-10T03:25:20.794+0000] {dagbag.py:588} INFO - Filling up the DagBag from /home/airflow/.local/lib/python3.12/site-packages/airflow/example_dags/example_dynamic_task_mapping.py
[2026-04-10T03:25:20.798+0000] {processor.py:925} INFO - DAG(s) 'example_dynamic_task_mapping' retrieved from /home/airflow/.local/lib/python3.12/site-packages/airflow/example_dags/example_dynamic_task_mapping.py
[2026-04-10T03:25:20.805+0000] {logging_mixin.py:190} INFO - [2026-04-10T03:25:20.805+0000] {dag.py:3239} INFO - Sync 1 DAGs
[2026-04-10T03:25:20.809+0000] {logging_mixin.py:190} INFO - [2026-04-10T03:25:20.809+0000] {dag.py:4180} INFO - Setting next_dagrun for example_dynamic_task_mapping to None, run_after=None
[2026-04-10T03:25:20.814+0000] {processor.py:208} INFO - Processing /home/airflow/.local/lib/python3.12/site-packages/airflow/example_dags/example_dynamic_task_mapping.py took 0.023 seconds
[2026-04-10T03:25:51.194+0000] {processor.py:186} INFO - Started process (PID=80269) to work on /home/airflow/.local/lib/python3.12/site-packages/airflow/example_dags/example_dynamic_task_mapping.py
[2026-04-10T03:25:51.195+0000] {processor.py:914} INFO - Processing file /home/airflow/.local/lib/python3.12/site-packages/airflow/example_dags/example_dynamic_task_mapping.py for tasks to queue
[2026-04-10T03:25:51.195+0000] {logging_mixin.py:190} INFO - [2026-04-10T03:25:51.195+0000] {dagbag.py:588} INFO - Filling up the DagBag from /home/airflow/.local/lib/python3.12/site-packages/airflow/example_dags/example_dynamic_task_mapping.py
[2026-04-10T03:25:51.199+0000] {processor.py:925} INFO - DAG(s) 'example_dynamic_task_mapping' retrieved from /home/airflow/.local/lib/python3.12/site-packages/airflow/example_dags/example_dynamic_task_mapping.py
[2026-04-10T03:25:51.210+0000] {logging_mixin.py:190} INFO - [2026-04-10T03:25:51.209+0000] {dag.py:3239} INFO - Sync 1 DAGs
[2026-04-10T03:25:51.214+0000] {logging_mixin.py:190} INFO - [2026-04-10T03:25:51.214+0000] {dag.py:4180} INFO - Setting next_dagrun for example_dynamic_task_mapping to None, run_after=None
[2026-04-10T03:25:51.219+0000] {processor.py:208} INFO - Processing /home/airflow/.local/lib/python3.12/site-packages/airflow/example_dags/example_dynamic_task_mapping.py took 0.027 seconds
[2026-04-10T03:26:21.684+0000] {processor.py:186} INFO - Started process (PID=80333) to work on /home/airflow/.local/lib/python3.12/site-packages/airflow/example_dags/example_dynamic_task_mapping.py
[2026-04-10T03:26:21.684+0000] {processor.py:914} INFO - Processing file /home/airflow/.local/lib/python3.12/site-packages/airflow/example_dags/example_dynamic_task_mapping.py for tasks to queue
[2026-04-10T03:26:21.685+0000] {logging_mixin.py:190} INFO - [2026-04-10T03:26:21.685+0000] {dagbag.py:588} INFO - Filling up the DagBag from /home/airflow/.local/lib/python3.12/site-packages/airflow/example_dags/example_dynamic_task_mapping.py
[2026-04-10T03:26:21.689+0000] {processor.py:925} INFO - DAG(s) 'example_dynamic_task_mapping' retrieved from /home/airflow/.local/lib/python3.12/site-packages/airflow/example_dags/example_dynamic_task_mapping.py
[2026-04-10T03:26:21.700+0000] {logging_mixin.py:190} INFO - [2026-04-10T03:26:21.700+0000] {dag.py:3239} INFO - Sync 1 DAGs
[2026-04-10T03:26:21.705+0000] {logging_mixin.py:190} INFO - [2026-04-10T03:26:21.705+0000] {dag.py:4180} INFO - Setting next_dagrun for example_dynamic_task_mapping to None, run_after=None
[2026-04-10T03:26:21.716+0000] {processor.py:208} INFO - Processing /home/airflow/.local/lib/python3.12/site-packages/airflow/example_dags/example_dynamic_task_mapping.py took 0.035 seconds
[2026-04-10T03:26:51.945+0000] {processor.py:186} INFO - Started process (PID=80397) to work on /home/airflow/.local/lib/python3.12/site-packages/airflow/example_dags/example_dynamic_task_mapping.py
[2026-04-10T03:26:51.946+0000] {processor.py:914} INFO - Processing file /home/airflow/.local/lib/python3.12/site-packages/airflow/example_dags/example_dynamic_task_mapping.py for tasks to queue
[2026-04-10T03:26:51.947+0000] {logging_mixin.py:190} INFO - [2026-04-10T03:26:51.946+0000] {dagbag.py:588} INFO - Filling up the DagBag from /home/airflow/.local/lib/python3.12/site-packages/airflow/example_dags/example_dynamic_task_mapping.py
[2026-04-10T03:26:51.951+0000] {processor.py:925} INFO - DAG(s) 'example_dynamic_task_mapping' retrieved from /home/airflow/.local/lib/python3.12/site-packages/airflow/example_dags/example_dynamic_task_mapping.py
[2026-04-10T03:26:51.958+0000] {logging_mixin.py:190} INFO - [2026-04-10T03:26:51.958+0000] {dag.py:3239} INFO - Sync 1 DAGs
[2026-04-10T03:26:51.963+0000] {logging_mixin.py:190} INFO - [2026-04-10T03:26:51.963+0000] {dag.py:4180} INFO - Setting next_dagrun for example_dynamic_task_mapping to None, run_after=None
[2026-04-10T03:26:51.968+0000] {processor.py:208} INFO - Processing /home/airflow/.local/lib/python3.12/site-packages/airflow/example_dags/example_dynamic_task_mapping.py took 0.025 seconds
[2026-04-10T03:27:22.554+0000] {processor.py:186} INFO - Started process (PID=80461) to work on /home/airflow/.local/lib/python3.12/site-packages/airflow/example_dags/example_dynamic_task_mapping.py
[2026-04-10T03:27:22.555+0000] {processor.py:914} INFO - Processing file /home/airflow/.local/lib/python3.12/site-packages/airflow/example_dags/example_dynamic_task_mapping.py for tasks to queue
[2026-04-10T03:27:22.555+0000] {logging_mixin.py:190} INFO - [2026-04-10T03:27:22.555+0000] {dagbag.py:588} INFO - Filling up the DagBag from /home/airflow/.local/lib/python3.12/site-packages/airflow/example_dags/example_dynamic_task_mapping.py
[2026-04-10T03:27:22.559+0000] {processor.py:925} INFO - DAG(s) 'example_dynamic_task_mapping' retrieved from /home/airflow/.local/lib/python3.12/site-packages/airflow/example_dags/example_dynamic_task_mapping.py
[2026-04-10T03:27:22.566+0000] {logging_mixin.py:190} INFO - [2026-04-10T03:27:22.566+0000] {dag.py:3239} INFO - Sync 1 DAGs
[2026-04-10T03:27:22.571+0000] {logging_mixin.py:190} INFO - [2026-04-10T03:27:22.571+0000] {dag.py:4180} INFO - Setting next_dagrun for example_dynamic_task_mapping to None, run_after=None
[2026-04-10T03:27:22.577+0000] {processor.py:208} INFO - Processing /home/airflow/.local/lib/python3.12/site-packages/airflow/example_dags/example_dynamic_task_mapping.py took 0.026 seconds
[2026-04-10T03:27:52.781+0000] {processor.py:186} INFO - Started process (PID=80525) to work on /home/airflow/.local/lib/python3.12/site-packages/airflow/example_dags/example_dynamic_task_mapping.py
[2026-04-10T03:27:52.782+0000] {processor.py:914} INFO - Processing file /home/airflow/.local/lib/python3.12/site-packages/airflow/example_dags/example_dynamic_task_mapping.py for tasks to queue
[2026-04-10T03:27:52.782+0000] {logging_mixin.py:190} INFO - [2026-04-10T03:27:52.782+0000] {dagbag.py:588} INFO - Filling up the DagBag from /home/airflow/.local/lib/python3.12/site-packages/airflow/example_dags/example_dynamic_task_mapping.py
[2026-04-10T03:27:52.787+0000] {processor.py:925} INFO - DAG(s) 'example_dynamic_task_mapping' retrieved from /home/airflow/.local/lib/python3.12/site-packages/airflow/example_dags/example_dynamic_task_mapping.py
[2026-04-10T03:27:52.795+0000] {logging_mixin.py:190} INFO - [2026-04-10T03:27:52.795+0000] {dag.py:3239} INFO - Sync 1 DAGs
[2026-04-10T03:27:52.800+0000] {logging_mixin.py:190} INFO - [2026-04-10T03:27:52.800+0000] {dag.py:4180} INFO - Setting next_dagrun for example_dynamic_task_mapping to None, run_after=None
[2026-04-10T03:27:52.805+0000] {processor.py:208} INFO - Processing /home/airflow/.local/lib/python3.12/site-packages/airflow/example_dags/example_dynamic_task_mapping.py took 0.031 seconds
[2026-04-10T03:28:23.430+0000] {processor.py:186} INFO - Started process (PID=80589) to work on /home/airflow/.local/lib/python3.12/site-packages/airflow/example_dags/example_dynamic_task_mapping.py
[2026-04-10T03:28:23.430+0000] {processor.py:914} INFO - Processing file /home/airflow/.local/lib/python3.12/site-packages/airflow/example_dags/example_dynamic_task_mapping.py for tasks to queue
[2026-04-10T03:28:23.431+0000] {logging_mixin.py:190} INFO - [2026-04-10T03:28:23.430+0000] {dagbag.py:588} INFO - Filling up the DagBag from /home/airflow/.local/lib/python3.12/site-packages/airflow/example_dags/example_dynamic_task_mapping.py
[2026-04-10T03:28:23.438+0000] {processor.py:925} INFO - DAG(s) 'example_dynamic_task_mapping' retrieved from /home/airflow/.local/lib/python3.12/site-packages/airflow/example_dags/example_dynamic_task_mapping.py
[2026-04-10T03:28:23.454+0000] {logging_mixin.py:190} INFO - [2026-04-10T03:28:23.454+0000] {dag.py:3239} INFO - Sync 1 DAGs
[2026-04-10T03:28:23.462+0000] {logging_mixin.py:190} INFO - [2026-04-10T03:28:23.462+0000] {dag.py:4180} INFO - Setting next_dagrun for example_dynamic_task_mapping to None, run_after=None
[2026-04-10T03:28:23.471+0000] {processor.py:208} INFO - Processing /home/airflow/.local/lib/python3.12/site-packages/airflow/example_dags/example_dynamic_task_mapping.py took 0.044 seconds
[2026-04-10T03:28:53.897+0000] {processor.py:186} INFO - Started process (PID=80653) to work on /home/airflow/.local/lib/python3.12/site-packages/airflow/example_dags/example_dynamic_task_mapping.py
[2026-04-10T03:28:53.898+0000] {processor.py:914} INFO - Processing file /home/airflow/.local/lib/python3.12/site-packages/airflow/example_dags/example_dynamic_task_mapping.py for tasks to queue
[2026-04-10T03:28:53.898+0000] {logging_mixin.py:190} INFO - [2026-04-10T03:28:53.898+0000] {dagbag.py:588} INFO - Filling up the DagBag from /home/airflow/.local/lib/python3.12/site-packages/airflow/example_dags/example_dynamic_task_mapping.py
[2026-04-10T03:28:53.902+0000] {processor.py:925} INFO - DAG(s) 'example_dynamic_task_mapping' retrieved from /home/airflow/.local/lib/python3.12/site-packages/airflow/example_dags/example_dynamic_task_mapping.py
[2026-04-10T03:28:53.909+0000] {logging_mixin.py:190} INFO - [2026-04-10T03:28:53.908+0000] {dag.py:3239} INFO - Sync 1 DAGs
[2026-04-10T03:28:53.913+0000] {logging_mixin.py:190} INFO - [2026-04-10T03:28:53.913+0000] {dag.py:4180} INFO - Setting next_dagrun for example_dynamic_task_mapping to None, run_after=None
[2026-04-10T03:28:53.918+0000] {processor.py:208} INFO - Processing /home/airflow/.local/lib/python3.12/site-packages/airflow/example_dags/example_dynamic_task_mapping.py took 0.023 seconds
[2026-04-10T03:29:24.259+0000] {processor.py:186} INFO - Started process (PID=80717) to work on /home/airflow/.local/lib/python3.12/site-packages/airflow/example_dags/example_dynamic_task_mapping.py
[2026-04-10T03:29:24.259+0000] {processor.py:914} INFO - Processing file /home/airflow/.local/lib/python3.12/site-packages/airflow/example_dags/example_dynamic_task_mapping.py for tasks to queue
[2026-04-10T03:29:24.260+0000] {logging_mixin.py:190} INFO - [2026-04-10T03:29:24.260+0000] {dagbag.py:588} INFO - Filling up the DagBag from /home/airflow/.local/lib/python3.12/site-packages/airflow/example_dags/example_dynamic_task_mapping.py
[2026-04-10T03:29:24.264+0000] {processor.py:925} INFO - DAG(s) 'example_dynamic_task_mapping' retrieved from /home/airflow/.local/lib/python3.12/site-packages/airflow/example_dags/example_dynamic_task_mapping.py
[2026-04-10T03:29:24.271+0000] {logging_mixin.py:190} INFO - [2026-04-10T03:29:24.271+0000] {dag.py:3239} INFO - Sync 1 DAGs
[2026-04-10T03:29:24.276+0000] {logging_mixin.py:190} INFO - [2026-04-10T03:29:24.276+0000] {dag.py:4180} INFO - Setting next_dagrun for example_dynamic_task_mapping to None, run_after=None
[2026-04-10T03:29:24.282+0000] {processor.py:208} INFO - Processing /home/airflow/.local/lib/python3.12/site-packages/airflow/example_dags/example_dynamic_task_mapping.py took 0.025 seconds
[2026-04-10T03:29:54.770+0000] {processor.py:186} INFO - Started process (PID=80780) to work on /home/airflow/.local/lib/python3.12/site-packages/airflow/example_dags/example_dynamic_task_mapping.py
[2026-04-10T03:29:54.771+0000] {processor.py:914} INFO - Processing file /home/airflow/.local/lib/python3.12/site-packages/airflow/example_dags/example_dynamic_task_mapping.py for tasks to queue
[2026-04-10T03:29:54.771+0000] {logging_mixin.py:190} INFO - [2026-04-10T03:29:54.771+0000] {dagbag.py:588} INFO - Filling up the DagBag from /home/airflow/.local/lib/python3.12/site-packages/airflow/example_dags/example_dynamic_task_mapping.py
[2026-04-10T03:29:54.776+0000] {processor.py:925} INFO - DAG(s) 'example_dynamic_task_mapping' retrieved from /home/airflow/.local/lib/python3.12/site-packages/airflow/example_dags/example_dynamic_task_mapping.py
[2026-04-10T03:29:54.785+0000] {logging_mixin.py:190} INFO - [2026-04-10T03:29:54.785+0000] {dag.py:3239} INFO - Sync 1 DAGs
[2026-04-10T03:29:54.791+0000] {logging_mixin.py:190} INFO - [2026-04-10T03:29:54.791+0000] {dag.py:4180} INFO - Setting next_dagrun for example_dynamic_task_mapping to None, run_after=None
[2026-04-10T03:29:54.797+0000] {processor.py:208} INFO - Processing /home/airflow/.local/lib/python3.12/site-packages/airflow/example_dags/example_dynamic_task_mapping.py took 0.029 seconds
