[2026-04-10T00:07:15.829+0000] {processor.py:186} INFO - Started process (PID=78583) to work on /home/airflow/.local/lib/python3.12/site-packages/airflow/example_dags/example_params_ui_tutorial.py
[2026-04-10T00:07:15.830+0000] {processor.py:914} INFO - Processing file /home/airflow/.local/lib/python3.12/site-packages/airflow/example_dags/example_params_ui_tutorial.py for tasks to queue
[2026-04-10T00:07:15.831+0000] {logging_mixin.py:190} INFO - [2026-04-10T00:07:15.831+0000] {dagbag.py:588} INFO - Filling up the DagBag from /home/airflow/.local/lib/python3.12/site-packages/airflow/example_dags/example_params_ui_tutorial.py
[2026-04-10T00:07:15.836+0000] {processor.py:925} INFO - DAG(s) 'example_params_ui_tutorial' retrieved from /home/airflow/.local/lib/python3.12/site-packages/airflow/example_dags/example_params_ui_tutorial.py
[2026-04-10T00:07:15.884+0000] {logging_mixin.py:190} INFO - [2026-04-10T00:07:15.884+0000] {dag.py:3239} INFO - Sync 1 DAGs
[2026-04-10T00:07:15.888+0000] {logging_mixin.py:190} INFO - [2026-04-10T00:07:15.888+0000] {dag.py:4180} INFO - Setting next_dagrun for example_params_ui_tutorial to None, run_after=None
[2026-04-10T00:07:15.896+0000] {processor.py:208} INFO - Processing /home/airflow/.local/lib/python3.12/site-packages/airflow/example_dags/example_params_ui_tutorial.py took 0.070 seconds
[2026-04-10T00:22:48.747+0000] {processor.py:186} INFO - Started process (PID=78647) to work on /home/airflow/.local/lib/python3.12/site-packages/airflow/example_dags/example_params_ui_tutorial.py
[2026-04-10T00:22:48.748+0000] {processor.py:914} INFO - Processing file /home/airflow/.local/lib/python3.12/site-packages/airflow/example_dags/example_params_ui_tutorial.py for tasks to queue
[2026-04-10T00:22:48.750+0000] {logging_mixin.py:190} INFO - [2026-04-10T00:22:48.750+0000] {dagbag.py:588} INFO - Filling up the DagBag from /home/airflow/.local/lib/python3.12/site-packages/airflow/example_dags/example_params_ui_tutorial.py
[2026-04-10T00:22:48.757+0000] {processor.py:925} INFO - DAG(s) 'example_params_ui_tutorial' retrieved from /home/airflow/.local/lib/python3.12/site-packages/airflow/example_dags/example_params_ui_tutorial.py
[2026-04-10T00:22:48.782+0000] {logging_mixin.py:190} INFO - [2026-04-10T00:22:48.782+0000] {dag.py:3239} INFO - Sync 1 DAGs
[2026-04-10T00:22:48.790+0000] {logging_mixin.py:190} INFO - [2026-04-10T00:22:48.790+0000] {dag.py:4180} INFO - Setting next_dagrun for example_params_ui_tutorial to None, run_after=None
[2026-04-10T00:22:48.810+0000] {processor.py:208} INFO - Processing /home/airflow/.local/lib/python3.12/site-packages/airflow/example_dags/example_params_ui_tutorial.py took 0.068 seconds
[2026-04-10T00:23:19.652+0000] {processor.py:186} INFO - Started process (PID=78711) to work on /home/airflow/.local/lib/python3.12/site-packages/airflow/example_dags/example_params_ui_tutorial.py
[2026-04-10T00:23:19.654+0000] {processor.py:914} INFO - Processing file /home/airflow/.local/lib/python3.12/site-packages/airflow/example_dags/example_params_ui_tutorial.py for tasks to queue
[2026-04-10T00:23:19.654+0000] {logging_mixin.py:190} INFO - [2026-04-10T00:23:19.654+0000] {dagbag.py:588} INFO - Filling up the DagBag from /home/airflow/.local/lib/python3.12/site-packages/airflow/example_dags/example_params_ui_tutorial.py
[2026-04-10T00:23:19.658+0000] {processor.py:925} INFO - DAG(s) 'example_params_ui_tutorial' retrieved from /home/airflow/.local/lib/python3.12/site-packages/airflow/example_dags/example_params_ui_tutorial.py
[2026-04-10T00:23:19.675+0000] {logging_mixin.py:190} INFO - [2026-04-10T00:23:19.675+0000] {dag.py:3239} INFO - Sync 1 DAGs
[2026-04-10T00:23:19.680+0000] {logging_mixin.py:190} INFO - [2026-04-10T00:23:19.680+0000] {dag.py:4180} INFO - Setting next_dagrun for example_params_ui_tutorial to None, run_after=None
[2026-04-10T00:23:19.690+0000] {processor.py:208} INFO - Processing /home/airflow/.local/lib/python3.12/site-packages/airflow/example_dags/example_params_ui_tutorial.py took 0.040 seconds
[2026-04-10T00:38:49.483+0000] {processor.py:186} INFO - Started process (PID=78775) to work on /home/airflow/.local/lib/python3.12/site-packages/airflow/example_dags/example_params_ui_tutorial.py
[2026-04-10T00:38:49.484+0000] {processor.py:914} INFO - Processing file /home/airflow/.local/lib/python3.12/site-packages/airflow/example_dags/example_params_ui_tutorial.py for tasks to queue
[2026-04-10T00:38:49.485+0000] {logging_mixin.py:190} INFO - [2026-04-10T00:38:49.485+0000] {dagbag.py:588} INFO - Filling up the DagBag from /home/airflow/.local/lib/python3.12/site-packages/airflow/example_dags/example_params_ui_tutorial.py
[2026-04-10T00:38:49.489+0000] {processor.py:925} INFO - DAG(s) 'example_params_ui_tutorial' retrieved from /home/airflow/.local/lib/python3.12/site-packages/airflow/example_dags/example_params_ui_tutorial.py
[2026-04-10T00:38:49.509+0000] {logging_mixin.py:190} INFO - [2026-04-10T00:38:49.509+0000] {dag.py:3239} INFO - Sync 1 DAGs
[2026-04-10T00:38:49.514+0000] {logging_mixin.py:190} INFO - [2026-04-10T00:38:49.514+0000] {dag.py:4180} INFO - Setting next_dagrun for example_params_ui_tutorial to None, run_after=None
[2026-04-10T00:38:49.521+0000] {processor.py:208} INFO - Processing /home/airflow/.local/lib/python3.12/site-packages/airflow/example_dags/example_params_ui_tutorial.py took 0.040 seconds
[2026-04-10T00:41:53.912+0000] {processor.py:186} INFO - Started process (PID=78839) to work on /home/airflow/.local/lib/python3.12/site-packages/airflow/example_dags/example_params_ui_tutorial.py
[2026-04-10T00:41:53.913+0000] {processor.py:914} INFO - Processing file /home/airflow/.local/lib/python3.12/site-packages/airflow/example_dags/example_params_ui_tutorial.py for tasks to queue
[2026-04-10T00:41:53.913+0000] {logging_mixin.py:190} INFO - [2026-04-10T00:41:53.913+0000] {dagbag.py:588} INFO - Filling up the DagBag from /home/airflow/.local/lib/python3.12/site-packages/airflow/example_dags/example_params_ui_tutorial.py
[2026-04-10T00:41:53.919+0000] {processor.py:925} INFO - DAG(s) 'example_params_ui_tutorial' retrieved from /home/airflow/.local/lib/python3.12/site-packages/airflow/example_dags/example_params_ui_tutorial.py
[2026-04-10T00:41:53.941+0000] {logging_mixin.py:190} INFO - [2026-04-10T00:41:53.941+0000] {dag.py:3239} INFO - Sync 1 DAGs
[2026-04-10T00:41:53.947+0000] {logging_mixin.py:190} INFO - [2026-04-10T00:41:53.947+0000] {dag.py:4180} INFO - Setting next_dagrun for example_params_ui_tutorial to None, run_after=None
[2026-04-10T00:41:53.953+0000] {processor.py:208} INFO - Processing /home/airflow/.local/lib/python3.12/site-packages/airflow/example_dags/example_params_ui_tutorial.py took 0.044 seconds
[2026-04-10T00:42:25.177+0000] {processor.py:186} INFO - Started process (PID=78903) to work on /home/airflow/.local/lib/python3.12/site-packages/airflow/example_dags/example_params_ui_tutorial.py
[2026-04-10T00:42:25.177+0000] {processor.py:914} INFO - Processing file /home/airflow/.local/lib/python3.12/site-packages/airflow/example_dags/example_params_ui_tutorial.py for tasks to queue
[2026-04-10T00:42:25.178+0000] {logging_mixin.py:190} INFO - [2026-04-10T00:42:25.178+0000] {dagbag.py:588} INFO - Filling up the DagBag from /home/airflow/.local/lib/python3.12/site-packages/airflow/example_dags/example_params_ui_tutorial.py
[2026-04-10T00:42:25.181+0000] {processor.py:925} INFO - DAG(s) 'example_params_ui_tutorial' retrieved from /home/airflow/.local/lib/python3.12/site-packages/airflow/example_dags/example_params_ui_tutorial.py
[2026-04-10T00:42:25.194+0000] {logging_mixin.py:190} INFO - [2026-04-10T00:42:25.194+0000] {dag.py:3239} INFO - Sync 1 DAGs
[2026-04-10T00:42:25.199+0000] {logging_mixin.py:190} INFO - [2026-04-10T00:42:25.199+0000] {dag.py:4180} INFO - Setting next_dagrun for example_params_ui_tutorial to None, run_after=None
[2026-04-10T00:42:25.210+0000] {processor.py:208} INFO - Processing /home/airflow/.local/lib/python3.12/site-packages/airflow/example_dags/example_params_ui_tutorial.py took 0.035 seconds
[2026-04-10T00:57:55.697+0000] {processor.py:186} INFO - Started process (PID=78967) to work on /home/airflow/.local/lib/python3.12/site-packages/airflow/example_dags/example_params_ui_tutorial.py
[2026-04-10T00:57:55.697+0000] {processor.py:914} INFO - Processing file /home/airflow/.local/lib/python3.12/site-packages/airflow/example_dags/example_params_ui_tutorial.py for tasks to queue
[2026-04-10T00:57:55.697+0000] {logging_mixin.py:190} INFO - [2026-04-10T00:57:55.697+0000] {dagbag.py:588} INFO - Filling up the DagBag from /home/airflow/.local/lib/python3.12/site-packages/airflow/example_dags/example_params_ui_tutorial.py
[2026-04-10T00:57:55.700+0000] {processor.py:925} INFO - DAG(s) 'example_params_ui_tutorial' retrieved from /home/airflow/.local/lib/python3.12/site-packages/airflow/example_dags/example_params_ui_tutorial.py
[2026-04-10T00:57:55.713+0000] {logging_mixin.py:190} INFO - [2026-04-10T00:57:55.713+0000] {dag.py:3239} INFO - Sync 1 DAGs
[2026-04-10T00:57:55.718+0000] {logging_mixin.py:190} INFO - [2026-04-10T00:57:55.718+0000] {dag.py:4180} INFO - Setting next_dagrun for example_params_ui_tutorial to None, run_after=None
[2026-04-10T00:57:55.723+0000] {processor.py:208} INFO - Processing /home/airflow/.local/lib/python3.12/site-packages/airflow/example_dags/example_params_ui_tutorial.py took 0.028 seconds
[2026-04-10T01:13:29.553+0000] {processor.py:186} INFO - Started process (PID=79031) to work on /home/airflow/.local/lib/python3.12/site-packages/airflow/example_dags/example_params_ui_tutorial.py
[2026-04-10T01:13:29.554+0000] {processor.py:914} INFO - Processing file /home/airflow/.local/lib/python3.12/site-packages/airflow/example_dags/example_params_ui_tutorial.py for tasks to queue
[2026-04-10T01:13:29.556+0000] {logging_mixin.py:190} INFO - [2026-04-10T01:13:29.556+0000] {dagbag.py:588} INFO - Filling up the DagBag from /home/airflow/.local/lib/python3.12/site-packages/airflow/example_dags/example_params_ui_tutorial.py
[2026-04-10T01:13:29.565+0000] {processor.py:925} INFO - DAG(s) 'example_params_ui_tutorial' retrieved from /home/airflow/.local/lib/python3.12/site-packages/airflow/example_dags/example_params_ui_tutorial.py
[2026-04-10T01:13:29.603+0000] {logging_mixin.py:190} INFO - [2026-04-10T01:13:29.602+0000] {dag.py:3239} INFO - Sync 1 DAGs
[2026-04-10T01:13:29.616+0000] {logging_mixin.py:190} INFO - [2026-04-10T01:13:29.616+0000] {dag.py:4180} INFO - Setting next_dagrun for example_params_ui_tutorial to None, run_after=None
[2026-04-10T01:13:29.631+0000] {processor.py:208} INFO - Processing /home/airflow/.local/lib/python3.12/site-packages/airflow/example_dags/example_params_ui_tutorial.py took 0.085 seconds
[2026-04-10T01:14:00.457+0000] {processor.py:186} INFO - Started process (PID=79094) to work on /home/airflow/.local/lib/python3.12/site-packages/airflow/example_dags/example_params_ui_tutorial.py
[2026-04-10T01:14:00.458+0000] {processor.py:914} INFO - Processing file /home/airflow/.local/lib/python3.12/site-packages/airflow/example_dags/example_params_ui_tutorial.py for tasks to queue
[2026-04-10T01:14:00.458+0000] {logging_mixin.py:190} INFO - [2026-04-10T01:14:00.458+0000] {dagbag.py:588} INFO - Filling up the DagBag from /home/airflow/.local/lib/python3.12/site-packages/airflow/example_dags/example_params_ui_tutorial.py
[2026-04-10T01:14:00.462+0000] {processor.py:925} INFO - DAG(s) 'example_params_ui_tutorial' retrieved from /home/airflow/.local/lib/python3.12/site-packages/airflow/example_dags/example_params_ui_tutorial.py
[2026-04-10T01:14:00.475+0000] {logging_mixin.py:190} INFO - [2026-04-10T01:14:00.475+0000] {dag.py:3239} INFO - Sync 1 DAGs
[2026-04-10T01:14:00.481+0000] {logging_mixin.py:190} INFO - [2026-04-10T01:14:00.481+0000] {dag.py:4180} INFO - Setting next_dagrun for example_params_ui_tutorial to None, run_after=None
[2026-04-10T01:14:00.489+0000] {processor.py:208} INFO - Processing /home/airflow/.local/lib/python3.12/site-packages/airflow/example_dags/example_params_ui_tutorial.py took 0.035 seconds
[2026-04-10T01:29:26.900+0000] {processor.py:186} INFO - Started process (PID=79158) to work on /home/airflow/.local/lib/python3.12/site-packages/airflow/example_dags/example_params_ui_tutorial.py
[2026-04-10T01:29:26.900+0000] {processor.py:914} INFO - Processing file /home/airflow/.local/lib/python3.12/site-packages/airflow/example_dags/example_params_ui_tutorial.py for tasks to queue
[2026-04-10T01:29:26.901+0000] {logging_mixin.py:190} INFO - [2026-04-10T01:29:26.901+0000] {dagbag.py:588} INFO - Filling up the DagBag from /home/airflow/.local/lib/python3.12/site-packages/airflow/example_dags/example_params_ui_tutorial.py
[2026-04-10T01:29:26.905+0000] {processor.py:925} INFO - DAG(s) 'example_params_ui_tutorial' retrieved from /home/airflow/.local/lib/python3.12/site-packages/airflow/example_dags/example_params_ui_tutorial.py
[2026-04-10T01:29:26.925+0000] {logging_mixin.py:190} INFO - [2026-04-10T01:29:26.925+0000] {dag.py:3239} INFO - Sync 1 DAGs
[2026-04-10T01:29:26.932+0000] {logging_mixin.py:190} INFO - [2026-04-10T01:29:26.932+0000] {dag.py:4180} INFO - Setting next_dagrun for example_params_ui_tutorial to None, run_after=None
[2026-04-10T01:29:26.938+0000] {processor.py:208} INFO - Processing /home/airflow/.local/lib/python3.12/site-packages/airflow/example_dags/example_params_ui_tutorial.py took 0.041 seconds
[2026-04-10T01:29:57.384+0000] {processor.py:186} INFO - Started process (PID=79222) to work on /home/airflow/.local/lib/python3.12/site-packages/airflow/example_dags/example_params_ui_tutorial.py
[2026-04-10T01:29:57.385+0000] {processor.py:914} INFO - Processing file /home/airflow/.local/lib/python3.12/site-packages/airflow/example_dags/example_params_ui_tutorial.py for tasks to queue
[2026-04-10T01:29:57.389+0000] {logging_mixin.py:190} INFO - [2026-04-10T01:29:57.385+0000] {dagbag.py:588} INFO - Filling up the DagBag from /home/airflow/.local/lib/python3.12/site-packages/airflow/example_dags/example_params_ui_tutorial.py
[2026-04-10T01:29:57.392+0000] {processor.py:925} INFO - DAG(s) 'example_params_ui_tutorial' retrieved from /home/airflow/.local/lib/python3.12/site-packages/airflow/example_dags/example_params_ui_tutorial.py
[2026-04-10T01:29:57.413+0000] {logging_mixin.py:190} INFO - [2026-04-10T01:29:57.412+0000] {dag.py:3239} INFO - Sync 1 DAGs
[2026-04-10T01:29:57.421+0000] {logging_mixin.py:190} INFO - [2026-04-10T01:29:57.421+0000] {dag.py:4180} INFO - Setting next_dagrun for example_params_ui_tutorial to None, run_after=None
[2026-04-10T01:29:57.434+0000] {processor.py:208} INFO - Processing /home/airflow/.local/lib/python3.12/site-packages/airflow/example_dags/example_params_ui_tutorial.py took 0.052 seconds
[2026-04-10T01:43:16.710+0000] {processor.py:186} INFO - Started process (PID=79286) to work on /home/airflow/.local/lib/python3.12/site-packages/airflow/example_dags/example_params_ui_tutorial.py
[2026-04-10T01:43:16.710+0000] {processor.py:914} INFO - Processing file /home/airflow/.local/lib/python3.12/site-packages/airflow/example_dags/example_params_ui_tutorial.py for tasks to queue
[2026-04-10T01:43:16.711+0000] {logging_mixin.py:190} INFO - [2026-04-10T01:43:16.710+0000] {dagbag.py:588} INFO - Filling up the DagBag from /home/airflow/.local/lib/python3.12/site-packages/airflow/example_dags/example_params_ui_tutorial.py
[2026-04-10T01:43:16.715+0000] {processor.py:925} INFO - DAG(s) 'example_params_ui_tutorial' retrieved from /home/airflow/.local/lib/python3.12/site-packages/airflow/example_dags/example_params_ui_tutorial.py
[2026-04-10T01:43:16.731+0000] {logging_mixin.py:190} INFO - [2026-04-10T01:43:16.731+0000] {dag.py:3239} INFO - Sync 1 DAGs
[2026-04-10T01:43:16.738+0000] {logging_mixin.py:190} INFO - [2026-04-10T01:43:16.738+0000] {dag.py:4180} INFO - Setting next_dagrun for example_params_ui_tutorial to None, run_after=None
[2026-04-10T01:43:16.747+0000] {processor.py:208} INFO - Processing /home/airflow/.local/lib/python3.12/site-packages/airflow/example_dags/example_params_ui_tutorial.py took 0.040 seconds
[2026-04-10T01:58:48.550+0000] {processor.py:186} INFO - Started process (PID=79350) to work on /home/airflow/.local/lib/python3.12/site-packages/airflow/example_dags/example_params_ui_tutorial.py
[2026-04-10T01:58:48.551+0000] {processor.py:914} INFO - Processing file /home/airflow/.local/lib/python3.12/site-packages/airflow/example_dags/example_params_ui_tutorial.py for tasks to queue
[2026-04-10T01:58:48.553+0000] {logging_mixin.py:190} INFO - [2026-04-10T01:58:48.553+0000] {dagbag.py:588} INFO - Filling up the DagBag from /home/airflow/.local/lib/python3.12/site-packages/airflow/example_dags/example_params_ui_tutorial.py
[2026-04-10T01:58:48.558+0000] {processor.py:925} INFO - DAG(s) 'example_params_ui_tutorial' retrieved from /home/airflow/.local/lib/python3.12/site-packages/airflow/example_dags/example_params_ui_tutorial.py
[2026-04-10T01:58:48.577+0000] {logging_mixin.py:190} INFO - [2026-04-10T01:58:48.577+0000] {dag.py:3239} INFO - Sync 1 DAGs
[2026-04-10T01:58:48.582+0000] {logging_mixin.py:190} INFO - [2026-04-10T01:58:48.582+0000] {dag.py:4180} INFO - Setting next_dagrun for example_params_ui_tutorial to None, run_after=None
[2026-04-10T01:58:48.587+0000] {processor.py:208} INFO - Processing /home/airflow/.local/lib/python3.12/site-packages/airflow/example_dags/example_params_ui_tutorial.py took 0.040 seconds
[2026-04-10T01:59:19.805+0000] {processor.py:186} INFO - Started process (PID=79414) to work on /home/airflow/.local/lib/python3.12/site-packages/airflow/example_dags/example_params_ui_tutorial.py
[2026-04-10T01:59:19.806+0000] {processor.py:914} INFO - Processing file /home/airflow/.local/lib/python3.12/site-packages/airflow/example_dags/example_params_ui_tutorial.py for tasks to queue
[2026-04-10T01:59:19.806+0000] {logging_mixin.py:190} INFO - [2026-04-10T01:59:19.806+0000] {dagbag.py:588} INFO - Filling up the DagBag from /home/airflow/.local/lib/python3.12/site-packages/airflow/example_dags/example_params_ui_tutorial.py
[2026-04-10T01:59:19.810+0000] {processor.py:925} INFO - DAG(s) 'example_params_ui_tutorial' retrieved from /home/airflow/.local/lib/python3.12/site-packages/airflow/example_dags/example_params_ui_tutorial.py
[2026-04-10T01:59:19.823+0000] {logging_mixin.py:190} INFO - [2026-04-10T01:59:19.823+0000] {dag.py:3239} INFO - Sync 1 DAGs
[2026-04-10T01:59:19.828+0000] {logging_mixin.py:190} INFO - [2026-04-10T01:59:19.828+0000] {dag.py:4180} INFO - Setting next_dagrun for example_params_ui_tutorial to None, run_after=None
[2026-04-10T01:59:19.834+0000] {processor.py:208} INFO - Processing /home/airflow/.local/lib/python3.12/site-packages/airflow/example_dags/example_params_ui_tutorial.py took 0.031 seconds
[2026-04-10T02:14:52.238+0000] {processor.py:186} INFO - Started process (PID=79478) to work on /home/airflow/.local/lib/python3.12/site-packages/airflow/example_dags/example_params_ui_tutorial.py
[2026-04-10T02:14:52.238+0000] {processor.py:914} INFO - Processing file /home/airflow/.local/lib/python3.12/site-packages/airflow/example_dags/example_params_ui_tutorial.py for tasks to queue
[2026-04-10T02:14:52.239+0000] {logging_mixin.py:190} INFO - [2026-04-10T02:14:52.238+0000] {dagbag.py:588} INFO - Filling up the DagBag from /home/airflow/.local/lib/python3.12/site-packages/airflow/example_dags/example_params_ui_tutorial.py
[2026-04-10T02:14:52.242+0000] {processor.py:925} INFO - DAG(s) 'example_params_ui_tutorial' retrieved from /home/airflow/.local/lib/python3.12/site-packages/airflow/example_dags/example_params_ui_tutorial.py
[2026-04-10T02:14:52.257+0000] {logging_mixin.py:190} INFO - [2026-04-10T02:14:52.257+0000] {dag.py:3239} INFO - Sync 1 DAGs
[2026-04-10T02:14:52.262+0000] {logging_mixin.py:190} INFO - [2026-04-10T02:14:52.262+0000] {dag.py:4180} INFO - Setting next_dagrun for example_params_ui_tutorial to None, run_after=None
[2026-04-10T02:14:52.278+0000] {processor.py:208} INFO - Processing /home/airflow/.local/lib/python3.12/site-packages/airflow/example_dags/example_params_ui_tutorial.py took 0.042 seconds
[2026-04-10T02:20:03.039+0000] {processor.py:186} INFO - Started process (PID=79542) to work on /home/airflow/.local/lib/python3.12/site-packages/airflow/example_dags/example_params_ui_tutorial.py
[2026-04-10T02:20:03.040+0000] {processor.py:914} INFO - Processing file /home/airflow/.local/lib/python3.12/site-packages/airflow/example_dags/example_params_ui_tutorial.py for tasks to queue
[2026-04-10T02:20:03.044+0000] {logging_mixin.py:190} INFO - [2026-04-10T02:20:03.044+0000] {dagbag.py:588} INFO - Filling up the DagBag from /home/airflow/.local/lib/python3.12/site-packages/airflow/example_dags/example_params_ui_tutorial.py
[2026-04-10T02:20:03.053+0000] {processor.py:925} INFO - DAG(s) 'example_params_ui_tutorial' retrieved from /home/airflow/.local/lib/python3.12/site-packages/airflow/example_dags/example_params_ui_tutorial.py
[2026-04-10T02:20:03.084+0000] {logging_mixin.py:190} INFO - [2026-04-10T02:20:03.084+0000] {dag.py:3239} INFO - Sync 1 DAGs
[2026-04-10T02:20:03.098+0000] {logging_mixin.py:190} INFO - [2026-04-10T02:20:03.098+0000] {dag.py:4180} INFO - Setting next_dagrun for example_params_ui_tutorial to None, run_after=None
[2026-04-10T02:20:03.109+0000] {processor.py:208} INFO - Processing /home/airflow/.local/lib/python3.12/site-packages/airflow/example_dags/example_params_ui_tutorial.py took 0.074 seconds
[2026-04-10T02:20:33.528+0000] {processor.py:186} INFO - Started process (PID=79606) to work on /home/airflow/.local/lib/python3.12/site-packages/airflow/example_dags/example_params_ui_tutorial.py
[2026-04-10T02:20:33.528+0000] {processor.py:914} INFO - Processing file /home/airflow/.local/lib/python3.12/site-packages/airflow/example_dags/example_params_ui_tutorial.py for tasks to queue
[2026-04-10T02:20:33.529+0000] {logging_mixin.py:190} INFO - [2026-04-10T02:20:33.529+0000] {dagbag.py:588} INFO - Filling up the DagBag from /home/airflow/.local/lib/python3.12/site-packages/airflow/example_dags/example_params_ui_tutorial.py
[2026-04-10T02:20:33.533+0000] {processor.py:925} INFO - DAG(s) 'example_params_ui_tutorial' retrieved from /home/airflow/.local/lib/python3.12/site-packages/airflow/example_dags/example_params_ui_tutorial.py
[2026-04-10T02:20:33.547+0000] {logging_mixin.py:190} INFO - [2026-04-10T02:20:33.547+0000] {dag.py:3239} INFO - Sync 1 DAGs
[2026-04-10T02:20:33.554+0000] {logging_mixin.py:190} INFO - [2026-04-10T02:20:33.554+0000] {dag.py:4180} INFO - Setting next_dagrun for example_params_ui_tutorial to None, run_after=None
[2026-04-10T02:20:33.562+0000] {processor.py:208} INFO - Processing /home/airflow/.local/lib/python3.12/site-packages/airflow/example_dags/example_params_ui_tutorial.py took 0.037 seconds
[2026-04-10T02:38:22.401+0000] {processor.py:186} INFO - Started process (PID=79670) to work on /home/airflow/.local/lib/python3.12/site-packages/airflow/example_dags/example_params_ui_tutorial.py
[2026-04-10T02:38:22.402+0000] {processor.py:914} INFO - Processing file /home/airflow/.local/lib/python3.12/site-packages/airflow/example_dags/example_params_ui_tutorial.py for tasks to queue
[2026-04-10T02:38:22.402+0000] {logging_mixin.py:190} INFO - [2026-04-10T02:38:22.402+0000] {dagbag.py:588} INFO - Filling up the DagBag from /home/airflow/.local/lib/python3.12/site-packages/airflow/example_dags/example_params_ui_tutorial.py
[2026-04-10T02:38:22.406+0000] {processor.py:925} INFO - DAG(s) 'example_params_ui_tutorial' retrieved from /home/airflow/.local/lib/python3.12/site-packages/airflow/example_dags/example_params_ui_tutorial.py
[2026-04-10T02:38:22.428+0000] {logging_mixin.py:190} INFO - [2026-04-10T02:38:22.428+0000] {dag.py:3239} INFO - Sync 1 DAGs
[2026-04-10T02:38:22.433+0000] {logging_mixin.py:190} INFO - [2026-04-10T02:38:22.433+0000] {dag.py:4180} INFO - Setting next_dagrun for example_params_ui_tutorial to None, run_after=None
[2026-04-10T02:38:22.440+0000] {processor.py:208} INFO - Processing /home/airflow/.local/lib/python3.12/site-packages/airflow/example_dags/example_params_ui_tutorial.py took 0.042 seconds
[2026-04-10T02:44:09.226+0000] {processor.py:186} INFO - Started process (PID=79734) to work on /home/airflow/.local/lib/python3.12/site-packages/airflow/example_dags/example_params_ui_tutorial.py
[2026-04-10T02:44:09.227+0000] {processor.py:914} INFO - Processing file /home/airflow/.local/lib/python3.12/site-packages/airflow/example_dags/example_params_ui_tutorial.py for tasks to queue
[2026-04-10T02:44:09.227+0000] {logging_mixin.py:190} INFO - [2026-04-10T02:44:09.227+0000] {dagbag.py:588} INFO - Filling up the DagBag from /home/airflow/.local/lib/python3.12/site-packages/airflow/example_dags/example_params_ui_tutorial.py
[2026-04-10T02:44:09.231+0000] {processor.py:925} INFO - DAG(s) 'example_params_ui_tutorial' retrieved from /home/airflow/.local/lib/python3.12/site-packages/airflow/example_dags/example_params_ui_tutorial.py
[2026-04-10T02:44:09.244+0000] {logging_mixin.py:190} INFO - [2026-04-10T02:44:09.244+0000] {dag.py:3239} INFO - Sync 1 DAGs
[2026-04-10T02:44:09.250+0000] {logging_mixin.py:190} INFO - [2026-04-10T02:44:09.250+0000] {dag.py:4180} INFO - Setting next_dagrun for example_params_ui_tutorial to None, run_after=None
[2026-04-10T02:44:09.256+0000] {processor.py:208} INFO - Processing /home/airflow/.local/lib/python3.12/site-packages/airflow/example_dags/example_params_ui_tutorial.py took 0.032 seconds
[2026-04-10T02:59:40.851+0000] {processor.py:186} INFO - Started process (PID=79798) to work on /home/airflow/.local/lib/python3.12/site-packages/airflow/example_dags/example_params_ui_tutorial.py
[2026-04-10T02:59:40.853+0000] {processor.py:914} INFO - Processing file /home/airflow/.local/lib/python3.12/site-packages/airflow/example_dags/example_params_ui_tutorial.py for tasks to queue
[2026-04-10T02:59:40.853+0000] {logging_mixin.py:190} INFO - [2026-04-10T02:59:40.853+0000] {dagbag.py:588} INFO - Filling up the DagBag from /home/airflow/.local/lib/python3.12/site-packages/airflow/example_dags/example_params_ui_tutorial.py
[2026-04-10T02:59:40.857+0000] {processor.py:925} INFO - DAG(s) 'example_params_ui_tutorial' retrieved from /home/airflow/.local/lib/python3.12/site-packages/airflow/example_dags/example_params_ui_tutorial.py
[2026-04-10T02:59:40.883+0000] {logging_mixin.py:190} INFO - [2026-04-10T02:59:40.883+0000] {dag.py:3239} INFO - Sync 1 DAGs
[2026-04-10T02:59:40.890+0000] {logging_mixin.py:190} INFO - [2026-04-10T02:59:40.889+0000] {dag.py:4180} INFO - Setting next_dagrun for example_params_ui_tutorial to None, run_after=None
[2026-04-10T02:59:40.896+0000] {processor.py:208} INFO - Processing /home/airflow/.local/lib/python3.12/site-packages/airflow/example_dags/example_params_ui_tutorial.py took 0.048 seconds
[2026-04-10T03:00:11.157+0000] {processor.py:186} INFO - Started process (PID=79862) to work on /home/airflow/.local/lib/python3.12/site-packages/airflow/example_dags/example_params_ui_tutorial.py
[2026-04-10T03:00:11.158+0000] {processor.py:914} INFO - Processing file /home/airflow/.local/lib/python3.12/site-packages/airflow/example_dags/example_params_ui_tutorial.py for tasks to queue
[2026-04-10T03:00:11.159+0000] {logging_mixin.py:190} INFO - [2026-04-10T03:00:11.159+0000] {dagbag.py:588} INFO - Filling up the DagBag from /home/airflow/.local/lib/python3.12/site-packages/airflow/example_dags/example_params_ui_tutorial.py
[2026-04-10T03:00:11.163+0000] {processor.py:925} INFO - DAG(s) 'example_params_ui_tutorial' retrieved from /home/airflow/.local/lib/python3.12/site-packages/airflow/example_dags/example_params_ui_tutorial.py
[2026-04-10T03:00:11.180+0000] {logging_mixin.py:190} INFO - [2026-04-10T03:00:11.180+0000] {dag.py:3239} INFO - Sync 1 DAGs
[2026-04-10T03:00:11.187+0000] {logging_mixin.py:190} INFO - [2026-04-10T03:00:11.187+0000] {dag.py:4180} INFO - Setting next_dagrun for example_params_ui_tutorial to None, run_after=None
[2026-04-10T03:00:11.199+0000] {processor.py:208} INFO - Processing /home/airflow/.local/lib/python3.12/site-packages/airflow/example_dags/example_params_ui_tutorial.py took 0.045 seconds
[2026-04-10T03:15:41.966+0000] {processor.py:186} INFO - Started process (PID=79926) to work on /home/airflow/.local/lib/python3.12/site-packages/airflow/example_dags/example_params_ui_tutorial.py
[2026-04-10T03:15:41.967+0000] {processor.py:914} INFO - Processing file /home/airflow/.local/lib/python3.12/site-packages/airflow/example_dags/example_params_ui_tutorial.py for tasks to queue
[2026-04-10T03:15:41.967+0000] {logging_mixin.py:190} INFO - [2026-04-10T03:15:41.967+0000] {dagbag.py:588} INFO - Filling up the DagBag from /home/airflow/.local/lib/python3.12/site-packages/airflow/example_dags/example_params_ui_tutorial.py
[2026-04-10T03:15:41.972+0000] {processor.py:925} INFO - DAG(s) 'example_params_ui_tutorial' retrieved from /home/airflow/.local/lib/python3.12/site-packages/airflow/example_dags/example_params_ui_tutorial.py
[2026-04-10T03:15:41.986+0000] {logging_mixin.py:190} INFO - [2026-04-10T03:15:41.986+0000] {dag.py:3239} INFO - Sync 1 DAGs
[2026-04-10T03:15:41.992+0000] {logging_mixin.py:190} INFO - [2026-04-10T03:15:41.992+0000] {dag.py:4180} INFO - Setting next_dagrun for example_params_ui_tutorial to None, run_after=None
[2026-04-10T03:15:42.001+0000] {processor.py:208} INFO - Processing /home/airflow/.local/lib/python3.12/site-packages/airflow/example_dags/example_params_ui_tutorial.py took 0.038 seconds
[2026-04-10T03:23:21.506+0000] {processor.py:186} INFO - Started process (PID=79990) to work on /home/airflow/.local/lib/python3.12/site-packages/airflow/example_dags/example_params_ui_tutorial.py
[2026-04-10T03:23:21.507+0000] {processor.py:914} INFO - Processing file /home/airflow/.local/lib/python3.12/site-packages/airflow/example_dags/example_params_ui_tutorial.py for tasks to queue
[2026-04-10T03:23:21.508+0000] {logging_mixin.py:190} INFO - [2026-04-10T03:23:21.507+0000] {dagbag.py:588} INFO - Filling up the DagBag from /home/airflow/.local/lib/python3.12/site-packages/airflow/example_dags/example_params_ui_tutorial.py
[2026-04-10T03:23:21.515+0000] {processor.py:925} INFO - DAG(s) 'example_params_ui_tutorial' retrieved from /home/airflow/.local/lib/python3.12/site-packages/airflow/example_dags/example_params_ui_tutorial.py
[2026-04-10T03:23:21.533+0000] {logging_mixin.py:190} INFO - [2026-04-10T03:23:21.533+0000] {dag.py:3239} INFO - Sync 1 DAGs
[2026-04-10T03:23:21.538+0000] {logging_mixin.py:190} INFO - [2026-04-10T03:23:21.538+0000] {dag.py:4180} INFO - Setting next_dagrun for example_params_ui_tutorial to None, run_after=None
[2026-04-10T03:23:21.550+0000] {processor.py:208} INFO - Processing /home/airflow/.local/lib/python3.12/site-packages/airflow/example_dags/example_params_ui_tutorial.py took 0.046 seconds
[2026-04-10T03:23:52.306+0000] {processor.py:186} INFO - Started process (PID=80054) to work on /home/airflow/.local/lib/python3.12/site-packages/airflow/example_dags/example_params_ui_tutorial.py
[2026-04-10T03:23:52.308+0000] {processor.py:914} INFO - Processing file /home/airflow/.local/lib/python3.12/site-packages/airflow/example_dags/example_params_ui_tutorial.py for tasks to queue
[2026-04-10T03:23:52.308+0000] {logging_mixin.py:190} INFO - [2026-04-10T03:23:52.308+0000] {dagbag.py:588} INFO - Filling up the DagBag from /home/airflow/.local/lib/python3.12/site-packages/airflow/example_dags/example_params_ui_tutorial.py
[2026-04-10T03:23:52.313+0000] {processor.py:925} INFO - DAG(s) 'example_params_ui_tutorial' retrieved from /home/airflow/.local/lib/python3.12/site-packages/airflow/example_dags/example_params_ui_tutorial.py
[2026-04-10T03:23:52.339+0000] {logging_mixin.py:190} INFO - [2026-04-10T03:23:52.339+0000] {dag.py:3239} INFO - Sync 1 DAGs
[2026-04-10T03:23:52.345+0000] {logging_mixin.py:190} INFO - [2026-04-10T03:23:52.344+0000] {dag.py:4180} INFO - Setting next_dagrun for example_params_ui_tutorial to None, run_after=None
[2026-04-10T03:23:52.361+0000] {processor.py:208} INFO - Processing /home/airflow/.local/lib/python3.12/site-packages/airflow/example_dags/example_params_ui_tutorial.py took 0.059 seconds
[2026-04-10T03:24:22.765+0000] {processor.py:186} INFO - Started process (PID=80118) to work on /home/airflow/.local/lib/python3.12/site-packages/airflow/example_dags/example_params_ui_tutorial.py
[2026-04-10T03:24:22.765+0000] {processor.py:914} INFO - Processing file /home/airflow/.local/lib/python3.12/site-packages/airflow/example_dags/example_params_ui_tutorial.py for tasks to queue
[2026-04-10T03:24:22.767+0000] {logging_mixin.py:190} INFO - [2026-04-10T03:24:22.766+0000] {dagbag.py:588} INFO - Filling up the DagBag from /home/airflow/.local/lib/python3.12/site-packages/airflow/example_dags/example_params_ui_tutorial.py
[2026-04-10T03:24:22.772+0000] {processor.py:925} INFO - DAG(s) 'example_params_ui_tutorial' retrieved from /home/airflow/.local/lib/python3.12/site-packages/airflow/example_dags/example_params_ui_tutorial.py
[2026-04-10T03:24:22.792+0000] {logging_mixin.py:190} INFO - [2026-04-10T03:24:22.792+0000] {dag.py:3239} INFO - Sync 1 DAGs
[2026-04-10T03:24:22.798+0000] {logging_mixin.py:190} INFO - [2026-04-10T03:24:22.798+0000] {dag.py:4180} INFO - Setting next_dagrun for example_params_ui_tutorial to None, run_after=None
[2026-04-10T03:24:22.810+0000] {processor.py:208} INFO - Processing /home/airflow/.local/lib/python3.12/site-packages/airflow/example_dags/example_params_ui_tutorial.py took 0.048 seconds
[2026-04-10T03:24:53.107+0000] {processor.py:186} INFO - Started process (PID=80182) to work on /home/airflow/.local/lib/python3.12/site-packages/airflow/example_dags/example_params_ui_tutorial.py
[2026-04-10T03:24:53.108+0000] {processor.py:914} INFO - Processing file /home/airflow/.local/lib/python3.12/site-packages/airflow/example_dags/example_params_ui_tutorial.py for tasks to queue
[2026-04-10T03:24:53.108+0000] {logging_mixin.py:190} INFO - [2026-04-10T03:24:53.108+0000] {dagbag.py:588} INFO - Filling up the DagBag from /home/airflow/.local/lib/python3.12/site-packages/airflow/example_dags/example_params_ui_tutorial.py
[2026-04-10T03:24:53.116+0000] {processor.py:925} INFO - DAG(s) 'example_params_ui_tutorial' retrieved from /home/airflow/.local/lib/python3.12/site-packages/airflow/example_dags/example_params_ui_tutorial.py
[2026-04-10T03:24:53.133+0000] {logging_mixin.py:190} INFO - [2026-04-10T03:24:53.133+0000] {dag.py:3239} INFO - Sync 1 DAGs
[2026-04-10T03:24:53.141+0000] {logging_mixin.py:190} INFO - [2026-04-10T03:24:53.141+0000] {dag.py:4180} INFO - Setting next_dagrun for example_params_ui_tutorial to None, run_after=None
[2026-04-10T03:24:53.155+0000] {processor.py:208} INFO - Processing /home/airflow/.local/lib/python3.12/site-packages/airflow/example_dags/example_params_ui_tutorial.py took 0.051 seconds
[2026-04-10T03:25:23.482+0000] {processor.py:186} INFO - Started process (PID=80246) to work on /home/airflow/.local/lib/python3.12/site-packages/airflow/example_dags/example_params_ui_tutorial.py
[2026-04-10T03:25:23.483+0000] {processor.py:914} INFO - Processing file /home/airflow/.local/lib/python3.12/site-packages/airflow/example_dags/example_params_ui_tutorial.py for tasks to queue
[2026-04-10T03:25:23.484+0000] {logging_mixin.py:190} INFO - [2026-04-10T03:25:23.484+0000] {dagbag.py:588} INFO - Filling up the DagBag from /home/airflow/.local/lib/python3.12/site-packages/airflow/example_dags/example_params_ui_tutorial.py
[2026-04-10T03:25:23.490+0000] {processor.py:925} INFO - DAG(s) 'example_params_ui_tutorial' retrieved from /home/airflow/.local/lib/python3.12/site-packages/airflow/example_dags/example_params_ui_tutorial.py
[2026-04-10T03:25:23.507+0000] {logging_mixin.py:190} INFO - [2026-04-10T03:25:23.507+0000] {dag.py:3239} INFO - Sync 1 DAGs
[2026-04-10T03:25:23.517+0000] {logging_mixin.py:190} INFO - [2026-04-10T03:25:23.517+0000] {dag.py:4180} INFO - Setting next_dagrun for example_params_ui_tutorial to None, run_after=None
[2026-04-10T03:25:23.523+0000] {processor.py:208} INFO - Processing /home/airflow/.local/lib/python3.12/site-packages/airflow/example_dags/example_params_ui_tutorial.py took 0.043 seconds
[2026-04-10T03:25:54.023+0000] {processor.py:186} INFO - Started process (PID=80310) to work on /home/airflow/.local/lib/python3.12/site-packages/airflow/example_dags/example_params_ui_tutorial.py
[2026-04-10T03:25:54.025+0000] {processor.py:914} INFO - Processing file /home/airflow/.local/lib/python3.12/site-packages/airflow/example_dags/example_params_ui_tutorial.py for tasks to queue
[2026-04-10T03:25:54.026+0000] {logging_mixin.py:190} INFO - [2026-04-10T03:25:54.026+0000] {dagbag.py:588} INFO - Filling up the DagBag from /home/airflow/.local/lib/python3.12/site-packages/airflow/example_dags/example_params_ui_tutorial.py
[2026-04-10T03:25:54.030+0000] {processor.py:925} INFO - DAG(s) 'example_params_ui_tutorial' retrieved from /home/airflow/.local/lib/python3.12/site-packages/airflow/example_dags/example_params_ui_tutorial.py
[2026-04-10T03:25:54.044+0000] {logging_mixin.py:190} INFO - [2026-04-10T03:25:54.044+0000] {dag.py:3239} INFO - Sync 1 DAGs
[2026-04-10T03:25:54.051+0000] {logging_mixin.py:190} INFO - [2026-04-10T03:25:54.051+0000] {dag.py:4180} INFO - Setting next_dagrun for example_params_ui_tutorial to None, run_after=None
[2026-04-10T03:25:54.066+0000] {processor.py:208} INFO - Processing /home/airflow/.local/lib/python3.12/site-packages/airflow/example_dags/example_params_ui_tutorial.py took 0.045 seconds
[2026-04-10T03:26:25.294+0000] {processor.py:186} INFO - Started process (PID=80374) to work on /home/airflow/.local/lib/python3.12/site-packages/airflow/example_dags/example_params_ui_tutorial.py
[2026-04-10T03:26:25.296+0000] {processor.py:914} INFO - Processing file /home/airflow/.local/lib/python3.12/site-packages/airflow/example_dags/example_params_ui_tutorial.py for tasks to queue
[2026-04-10T03:26:25.296+0000] {logging_mixin.py:190} INFO - [2026-04-10T03:26:25.296+0000] {dagbag.py:588} INFO - Filling up the DagBag from /home/airflow/.local/lib/python3.12/site-packages/airflow/example_dags/example_params_ui_tutorial.py
[2026-04-10T03:26:25.300+0000] {processor.py:925} INFO - DAG(s) 'example_params_ui_tutorial' retrieved from /home/airflow/.local/lib/python3.12/site-packages/airflow/example_dags/example_params_ui_tutorial.py
[2026-04-10T03:26:25.318+0000] {logging_mixin.py:190} INFO - [2026-04-10T03:26:25.318+0000] {dag.py:3239} INFO - Sync 1 DAGs
[2026-04-10T03:26:25.325+0000] {logging_mixin.py:190} INFO - [2026-04-10T03:26:25.325+0000] {dag.py:4180} INFO - Setting next_dagrun for example_params_ui_tutorial to None, run_after=None
[2026-04-10T03:26:25.334+0000] {processor.py:208} INFO - Processing /home/airflow/.local/lib/python3.12/site-packages/airflow/example_dags/example_params_ui_tutorial.py took 0.043 seconds
[2026-04-10T03:26:55.747+0000] {processor.py:186} INFO - Started process (PID=80438) to work on /home/airflow/.local/lib/python3.12/site-packages/airflow/example_dags/example_params_ui_tutorial.py
[2026-04-10T03:26:55.748+0000] {processor.py:914} INFO - Processing file /home/airflow/.local/lib/python3.12/site-packages/airflow/example_dags/example_params_ui_tutorial.py for tasks to queue
[2026-04-10T03:26:55.748+0000] {logging_mixin.py:190} INFO - [2026-04-10T03:26:55.748+0000] {dagbag.py:588} INFO - Filling up the DagBag from /home/airflow/.local/lib/python3.12/site-packages/airflow/example_dags/example_params_ui_tutorial.py
[2026-04-10T03:26:55.753+0000] {processor.py:925} INFO - DAG(s) 'example_params_ui_tutorial' retrieved from /home/airflow/.local/lib/python3.12/site-packages/airflow/example_dags/example_params_ui_tutorial.py
[2026-04-10T03:26:55.769+0000] {logging_mixin.py:190} INFO - [2026-04-10T03:26:55.769+0000] {dag.py:3239} INFO - Sync 1 DAGs
[2026-04-10T03:26:55.775+0000] {logging_mixin.py:190} INFO - [2026-04-10T03:26:55.775+0000] {dag.py:4180} INFO - Setting next_dagrun for example_params_ui_tutorial to None, run_after=None
[2026-04-10T03:26:55.782+0000] {processor.py:208} INFO - Processing /home/airflow/.local/lib/python3.12/site-packages/airflow/example_dags/example_params_ui_tutorial.py took 0.038 seconds
[2026-04-10T03:27:26.022+0000] {processor.py:186} INFO - Started process (PID=80502) to work on /home/airflow/.local/lib/python3.12/site-packages/airflow/example_dags/example_params_ui_tutorial.py
[2026-04-10T03:27:26.022+0000] {processor.py:914} INFO - Processing file /home/airflow/.local/lib/python3.12/site-packages/airflow/example_dags/example_params_ui_tutorial.py for tasks to queue
[2026-04-10T03:27:26.022+0000] {logging_mixin.py:190} INFO - [2026-04-10T03:27:26.022+0000] {dagbag.py:588} INFO - Filling up the DagBag from /home/airflow/.local/lib/python3.12/site-packages/airflow/example_dags/example_params_ui_tutorial.py
[2026-04-10T03:27:26.026+0000] {processor.py:925} INFO - DAG(s) 'example_params_ui_tutorial' retrieved from /home/airflow/.local/lib/python3.12/site-packages/airflow/example_dags/example_params_ui_tutorial.py
[2026-04-10T03:27:26.041+0000] {logging_mixin.py:190} INFO - [2026-04-10T03:27:26.041+0000] {dag.py:3239} INFO - Sync 1 DAGs
[2026-04-10T03:27:26.047+0000] {logging_mixin.py:190} INFO - [2026-04-10T03:27:26.046+0000] {dag.py:4180} INFO - Setting next_dagrun for example_params_ui_tutorial to None, run_after=None
[2026-04-10T03:27:26.052+0000] {processor.py:208} INFO - Processing /home/airflow/.local/lib/python3.12/site-packages/airflow/example_dags/example_params_ui_tutorial.py took 0.033 seconds
[2026-04-10T03:27:56.501+0000] {processor.py:186} INFO - Started process (PID=80566) to work on /home/airflow/.local/lib/python3.12/site-packages/airflow/example_dags/example_params_ui_tutorial.py
[2026-04-10T03:27:56.502+0000] {processor.py:914} INFO - Processing file /home/airflow/.local/lib/python3.12/site-packages/airflow/example_dags/example_params_ui_tutorial.py for tasks to queue
[2026-04-10T03:27:56.502+0000] {logging_mixin.py:190} INFO - [2026-04-10T03:27:56.502+0000] {dagbag.py:588} INFO - Filling up the DagBag from /home/airflow/.local/lib/python3.12/site-packages/airflow/example_dags/example_params_ui_tutorial.py
[2026-04-10T03:27:56.509+0000] {processor.py:925} INFO - DAG(s) 'example_params_ui_tutorial' retrieved from /home/airflow/.local/lib/python3.12/site-packages/airflow/example_dags/example_params_ui_tutorial.py
[2026-04-10T03:27:56.527+0000] {logging_mixin.py:190} INFO - [2026-04-10T03:27:56.527+0000] {dag.py:3239} INFO - Sync 1 DAGs
[2026-04-10T03:27:56.536+0000] {logging_mixin.py:190} INFO - [2026-04-10T03:27:56.535+0000] {dag.py:4180} INFO - Setting next_dagrun for example_params_ui_tutorial to None, run_after=None
[2026-04-10T03:27:56.551+0000] {processor.py:208} INFO - Processing /home/airflow/.local/lib/python3.12/site-packages/airflow/example_dags/example_params_ui_tutorial.py took 0.054 seconds
[2026-04-10T03:28:27.201+0000] {processor.py:186} INFO - Started process (PID=80630) to work on /home/airflow/.local/lib/python3.12/site-packages/airflow/example_dags/example_params_ui_tutorial.py
[2026-04-10T03:28:27.201+0000] {processor.py:914} INFO - Processing file /home/airflow/.local/lib/python3.12/site-packages/airflow/example_dags/example_params_ui_tutorial.py for tasks to queue
[2026-04-10T03:28:27.202+0000] {logging_mixin.py:190} INFO - [2026-04-10T03:28:27.202+0000] {dagbag.py:588} INFO - Filling up the DagBag from /home/airflow/.local/lib/python3.12/site-packages/airflow/example_dags/example_params_ui_tutorial.py
[2026-04-10T03:28:27.206+0000] {processor.py:925} INFO - DAG(s) 'example_params_ui_tutorial' retrieved from /home/airflow/.local/lib/python3.12/site-packages/airflow/example_dags/example_params_ui_tutorial.py
[2026-04-10T03:28:27.221+0000] {logging_mixin.py:190} INFO - [2026-04-10T03:28:27.221+0000] {dag.py:3239} INFO - Sync 1 DAGs
[2026-04-10T03:28:27.227+0000] {logging_mixin.py:190} INFO - [2026-04-10T03:28:27.227+0000] {dag.py:4180} INFO - Setting next_dagrun for example_params_ui_tutorial to None, run_after=None
[2026-04-10T03:28:27.239+0000] {processor.py:208} INFO - Processing /home/airflow/.local/lib/python3.12/site-packages/airflow/example_dags/example_params_ui_tutorial.py took 0.041 seconds
[2026-04-10T03:28:57.533+0000] {processor.py:186} INFO - Started process (PID=80694) to work on /home/airflow/.local/lib/python3.12/site-packages/airflow/example_dags/example_params_ui_tutorial.py
[2026-04-10T03:28:57.534+0000] {processor.py:914} INFO - Processing file /home/airflow/.local/lib/python3.12/site-packages/airflow/example_dags/example_params_ui_tutorial.py for tasks to queue
[2026-04-10T03:28:57.535+0000] {logging_mixin.py:190} INFO - [2026-04-10T03:28:57.535+0000] {dagbag.py:588} INFO - Filling up the DagBag from /home/airflow/.local/lib/python3.12/site-packages/airflow/example_dags/example_params_ui_tutorial.py
[2026-04-10T03:28:57.539+0000] {processor.py:925} INFO - DAG(s) 'example_params_ui_tutorial' retrieved from /home/airflow/.local/lib/python3.12/site-packages/airflow/example_dags/example_params_ui_tutorial.py
[2026-04-10T03:28:57.552+0000] {logging_mixin.py:190} INFO - [2026-04-10T03:28:57.551+0000] {dag.py:3239} INFO - Sync 1 DAGs
[2026-04-10T03:28:57.557+0000] {logging_mixin.py:190} INFO - [2026-04-10T03:28:57.556+0000] {dag.py:4180} INFO - Setting next_dagrun for example_params_ui_tutorial to None, run_after=None
[2026-04-10T03:28:57.562+0000] {processor.py:208} INFO - Processing /home/airflow/.local/lib/python3.12/site-packages/airflow/example_dags/example_params_ui_tutorial.py took 0.032 seconds
[2026-04-10T03:29:27.926+0000] {processor.py:186} INFO - Started process (PID=80757) to work on /home/airflow/.local/lib/python3.12/site-packages/airflow/example_dags/example_params_ui_tutorial.py
[2026-04-10T03:29:27.926+0000] {processor.py:914} INFO - Processing file /home/airflow/.local/lib/python3.12/site-packages/airflow/example_dags/example_params_ui_tutorial.py for tasks to queue
[2026-04-10T03:29:27.927+0000] {logging_mixin.py:190} INFO - [2026-04-10T03:29:27.927+0000] {dagbag.py:588} INFO - Filling up the DagBag from /home/airflow/.local/lib/python3.12/site-packages/airflow/example_dags/example_params_ui_tutorial.py
[2026-04-10T03:29:27.930+0000] {processor.py:925} INFO - DAG(s) 'example_params_ui_tutorial' retrieved from /home/airflow/.local/lib/python3.12/site-packages/airflow/example_dags/example_params_ui_tutorial.py
[2026-04-10T03:29:27.948+0000] {logging_mixin.py:190} INFO - [2026-04-10T03:29:27.948+0000] {dag.py:3239} INFO - Sync 1 DAGs
[2026-04-10T03:29:27.953+0000] {logging_mixin.py:190} INFO - [2026-04-10T03:29:27.953+0000] {dag.py:4180} INFO - Setting next_dagrun for example_params_ui_tutorial to None, run_after=None
[2026-04-10T03:29:27.962+0000] {processor.py:208} INFO - Processing /home/airflow/.local/lib/python3.12/site-packages/airflow/example_dags/example_params_ui_tutorial.py took 0.038 seconds
[2026-04-10T03:29:58.610+0000] {processor.py:186} INFO - Started process (PID=80821) to work on /home/airflow/.local/lib/python3.12/site-packages/airflow/example_dags/example_params_ui_tutorial.py
[2026-04-10T03:29:58.611+0000] {processor.py:914} INFO - Processing file /home/airflow/.local/lib/python3.12/site-packages/airflow/example_dags/example_params_ui_tutorial.py for tasks to queue
[2026-04-10T03:29:58.613+0000] {logging_mixin.py:190} INFO - [2026-04-10T03:29:58.613+0000] {dagbag.py:588} INFO - Filling up the DagBag from /home/airflow/.local/lib/python3.12/site-packages/airflow/example_dags/example_params_ui_tutorial.py
[2026-04-10T03:29:58.617+0000] {processor.py:925} INFO - DAG(s) 'example_params_ui_tutorial' retrieved from /home/airflow/.local/lib/python3.12/site-packages/airflow/example_dags/example_params_ui_tutorial.py
[2026-04-10T03:29:58.636+0000] {logging_mixin.py:190} INFO - [2026-04-10T03:29:58.636+0000] {dag.py:3239} INFO - Sync 1 DAGs
[2026-04-10T03:29:58.641+0000] {logging_mixin.py:190} INFO - [2026-04-10T03:29:58.641+0000] {dag.py:4180} INFO - Setting next_dagrun for example_params_ui_tutorial to None, run_after=None
[2026-04-10T03:29:58.648+0000] {processor.py:208} INFO - Processing /home/airflow/.local/lib/python3.12/site-packages/airflow/example_dags/example_params_ui_tutorial.py took 0.041 seconds
