[2026-04-10T00:07:14.910+0000] {processor.py:186} INFO - Started process (PID=78563) to work on /home/airflow/.local/lib/python3.12/site-packages/airflow/example_dags/example_dataset_alias.py
[2026-04-10T00:07:14.911+0000] {processor.py:914} INFO - Processing file /home/airflow/.local/lib/python3.12/site-packages/airflow/example_dags/example_dataset_alias.py for tasks to queue
[2026-04-10T00:07:14.912+0000] {logging_mixin.py:190} INFO - [2026-04-10T00:07:14.911+0000] {dagbag.py:588} INFO - Filling up the DagBag from /home/airflow/.local/lib/python3.12/site-packages/airflow/example_dags/example_dataset_alias.py
[2026-04-10T00:07:15.170+0000] {processor.py:925} INFO - DAG(s) 'dataset_s3_bucket_producer', 'dataset_alias_example_alias_consumer', 'dataset_alias_example_alias_producer', 'dataset_s3_bucket_consumer' retrieved from /home/airflow/.local/lib/python3.12/site-packages/airflow/example_dags/example_dataset_alias.py
[2026-04-10T00:07:15.183+0000] {logging_mixin.py:190} INFO - [2026-04-10T00:07:15.182+0000] {dag.py:3239} INFO - Sync 4 DAGs
[2026-04-10T00:07:15.201+0000] {logging_mixin.py:190} INFO - [2026-04-10T00:07:15.201+0000] {dag.py:4180} INFO - Setting next_dagrun for dataset_alias_example_alias_consumer to None, run_after=None
[2026-04-10T00:07:15.204+0000] {logging_mixin.py:190} INFO - [2026-04-10T00:07:15.203+0000] {dag.py:4180} INFO - Setting next_dagrun for dataset_alias_example_alias_producer to None, run_after=None
[2026-04-10T00:07:15.207+0000] {logging_mixin.py:190} INFO - [2026-04-10T00:07:15.206+0000] {dag.py:4180} INFO - Setting next_dagrun for dataset_s3_bucket_consumer to None, run_after=None
[2026-04-10T00:07:15.208+0000] {logging_mixin.py:190} INFO - [2026-04-10T00:07:15.208+0000] {dag.py:4180} INFO - Setting next_dagrun for dataset_s3_bucket_producer to None, run_after=None
[2026-04-10T00:07:15.227+0000] {processor.py:208} INFO - Processing /home/airflow/.local/lib/python3.12/site-packages/airflow/example_dags/example_dataset_alias.py took 0.324 seconds
[2026-04-10T00:22:47.944+0000] {processor.py:186} INFO - Started process (PID=78627) to work on /home/airflow/.local/lib/python3.12/site-packages/airflow/example_dags/example_dataset_alias.py
[2026-04-10T00:22:47.944+0000] {processor.py:914} INFO - Processing file /home/airflow/.local/lib/python3.12/site-packages/airflow/example_dags/example_dataset_alias.py for tasks to queue
[2026-04-10T00:22:47.945+0000] {logging_mixin.py:190} INFO - [2026-04-10T00:22:47.945+0000] {dagbag.py:588} INFO - Filling up the DagBag from /home/airflow/.local/lib/python3.12/site-packages/airflow/example_dags/example_dataset_alias.py
[2026-04-10T00:22:48.084+0000] {processor.py:925} INFO - DAG(s) 'dataset_alias_example_alias_consumer', 'dataset_s3_bucket_consumer', 'dataset_alias_example_alias_producer', 'dataset_s3_bucket_producer' retrieved from /home/airflow/.local/lib/python3.12/site-packages/airflow/example_dags/example_dataset_alias.py
[2026-04-10T00:22:48.098+0000] {logging_mixin.py:190} INFO - [2026-04-10T00:22:48.098+0000] {dag.py:3239} INFO - Sync 4 DAGs
[2026-04-10T00:22:48.112+0000] {logging_mixin.py:190} INFO - [2026-04-10T00:22:48.112+0000] {dag.py:4180} INFO - Setting next_dagrun for dataset_alias_example_alias_consumer to None, run_after=None
[2026-04-10T00:22:48.114+0000] {logging_mixin.py:190} INFO - [2026-04-10T00:22:48.114+0000] {dag.py:4180} INFO - Setting next_dagrun for dataset_alias_example_alias_producer to None, run_after=None
[2026-04-10T00:22:48.115+0000] {logging_mixin.py:190} INFO - [2026-04-10T00:22:48.115+0000] {dag.py:4180} INFO - Setting next_dagrun for dataset_s3_bucket_consumer to None, run_after=None
[2026-04-10T00:22:48.115+0000] {logging_mixin.py:190} INFO - [2026-04-10T00:22:48.115+0000] {dag.py:4180} INFO - Setting next_dagrun for dataset_s3_bucket_producer to None, run_after=None
[2026-04-10T00:22:48.126+0000] {processor.py:208} INFO - Processing /home/airflow/.local/lib/python3.12/site-packages/airflow/example_dags/example_dataset_alias.py took 0.184 seconds
[2026-04-10T00:23:18.707+0000] {processor.py:186} INFO - Started process (PID=78691) to work on /home/airflow/.local/lib/python3.12/site-packages/airflow/example_dags/example_dataset_alias.py
[2026-04-10T00:23:18.708+0000] {processor.py:914} INFO - Processing file /home/airflow/.local/lib/python3.12/site-packages/airflow/example_dags/example_dataset_alias.py for tasks to queue
[2026-04-10T00:23:18.708+0000] {logging_mixin.py:190} INFO - [2026-04-10T00:23:18.708+0000] {dagbag.py:588} INFO - Filling up the DagBag from /home/airflow/.local/lib/python3.12/site-packages/airflow/example_dags/example_dataset_alias.py
[2026-04-10T00:23:18.826+0000] {processor.py:925} INFO - DAG(s) 'dataset_alias_example_alias_consumer', 'dataset_s3_bucket_consumer', 'dataset_s3_bucket_producer', 'dataset_alias_example_alias_producer' retrieved from /home/airflow/.local/lib/python3.12/site-packages/airflow/example_dags/example_dataset_alias.py
[2026-04-10T00:23:18.832+0000] {logging_mixin.py:190} INFO - [2026-04-10T00:23:18.832+0000] {dag.py:3239} INFO - Sync 4 DAGs
[2026-04-10T00:23:18.913+0000] {logging_mixin.py:190} INFO - [2026-04-10T00:23:18.913+0000] {dag.py:4180} INFO - Setting next_dagrun for dataset_alias_example_alias_consumer to None, run_after=None
[2026-04-10T00:23:18.914+0000] {logging_mixin.py:190} INFO - [2026-04-10T00:23:18.914+0000] {dag.py:4180} INFO - Setting next_dagrun for dataset_alias_example_alias_producer to None, run_after=None
[2026-04-10T00:23:18.915+0000] {logging_mixin.py:190} INFO - [2026-04-10T00:23:18.915+0000] {dag.py:4180} INFO - Setting next_dagrun for dataset_s3_bucket_consumer to None, run_after=None
[2026-04-10T00:23:18.915+0000] {logging_mixin.py:190} INFO - [2026-04-10T00:23:18.915+0000] {dag.py:4180} INFO - Setting next_dagrun for dataset_s3_bucket_producer to None, run_after=None
[2026-04-10T00:23:18.921+0000] {processor.py:208} INFO - Processing /home/airflow/.local/lib/python3.12/site-packages/airflow/example_dags/example_dataset_alias.py took 0.216 seconds
[2026-04-10T00:38:48.740+0000] {processor.py:186} INFO - Started process (PID=78755) to work on /home/airflow/.local/lib/python3.12/site-packages/airflow/example_dags/example_dataset_alias.py
[2026-04-10T00:38:48.740+0000] {processor.py:914} INFO - Processing file /home/airflow/.local/lib/python3.12/site-packages/airflow/example_dags/example_dataset_alias.py for tasks to queue
[2026-04-10T00:38:48.741+0000] {logging_mixin.py:190} INFO - [2026-04-10T00:38:48.741+0000] {dagbag.py:588} INFO - Filling up the DagBag from /home/airflow/.local/lib/python3.12/site-packages/airflow/example_dags/example_dataset_alias.py
[2026-04-10T00:38:48.858+0000] {processor.py:925} INFO - DAG(s) 'dataset_s3_bucket_consumer', 'dataset_alias_example_alias_producer', 'dataset_s3_bucket_producer', 'dataset_alias_example_alias_consumer' retrieved from /home/airflow/.local/lib/python3.12/site-packages/airflow/example_dags/example_dataset_alias.py
[2026-04-10T00:38:48.872+0000] {logging_mixin.py:190} INFO - [2026-04-10T00:38:48.872+0000] {dag.py:3239} INFO - Sync 4 DAGs
[2026-04-10T00:38:48.981+0000] {logging_mixin.py:190} INFO - [2026-04-10T00:38:48.981+0000] {dag.py:4180} INFO - Setting next_dagrun for dataset_alias_example_alias_consumer to None, run_after=None
[2026-04-10T00:38:48.982+0000] {logging_mixin.py:190} INFO - [2026-04-10T00:38:48.982+0000] {dag.py:4180} INFO - Setting next_dagrun for dataset_alias_example_alias_producer to None, run_after=None
[2026-04-10T00:38:48.983+0000] {logging_mixin.py:190} INFO - [2026-04-10T00:38:48.982+0000] {dag.py:4180} INFO - Setting next_dagrun for dataset_s3_bucket_consumer to None, run_after=None
[2026-04-10T00:38:48.983+0000] {logging_mixin.py:190} INFO - [2026-04-10T00:38:48.983+0000] {dag.py:4180} INFO - Setting next_dagrun for dataset_s3_bucket_producer to None, run_after=None
[2026-04-10T00:38:48.993+0000] {processor.py:208} INFO - Processing /home/airflow/.local/lib/python3.12/site-packages/airflow/example_dags/example_dataset_alias.py took 0.256 seconds
[2026-04-10T00:41:53.176+0000] {processor.py:186} INFO - Started process (PID=78819) to work on /home/airflow/.local/lib/python3.12/site-packages/airflow/example_dags/example_dataset_alias.py
[2026-04-10T00:41:53.178+0000] {processor.py:914} INFO - Processing file /home/airflow/.local/lib/python3.12/site-packages/airflow/example_dags/example_dataset_alias.py for tasks to queue
[2026-04-10T00:41:53.178+0000] {logging_mixin.py:190} INFO - [2026-04-10T00:41:53.178+0000] {dagbag.py:588} INFO - Filling up the DagBag from /home/airflow/.local/lib/python3.12/site-packages/airflow/example_dags/example_dataset_alias.py
[2026-04-10T00:41:53.313+0000] {processor.py:925} INFO - DAG(s) 'dataset_alias_example_alias_producer', 'dataset_s3_bucket_producer', 'dataset_s3_bucket_consumer', 'dataset_alias_example_alias_consumer' retrieved from /home/airflow/.local/lib/python3.12/site-packages/airflow/example_dags/example_dataset_alias.py
[2026-04-10T00:41:53.325+0000] {logging_mixin.py:190} INFO - [2026-04-10T00:41:53.325+0000] {dag.py:3239} INFO - Sync 4 DAGs
[2026-04-10T00:41:53.336+0000] {logging_mixin.py:190} INFO - [2026-04-10T00:41:53.336+0000] {dag.py:4180} INFO - Setting next_dagrun for dataset_alias_example_alias_consumer to None, run_after=None
[2026-04-10T00:41:53.336+0000] {logging_mixin.py:190} INFO - [2026-04-10T00:41:53.336+0000] {dag.py:4180} INFO - Setting next_dagrun for dataset_alias_example_alias_producer to None, run_after=None
[2026-04-10T00:41:53.431+0000] {logging_mixin.py:190} INFO - [2026-04-10T00:41:53.431+0000] {dag.py:4180} INFO - Setting next_dagrun for dataset_s3_bucket_consumer to None, run_after=None
[2026-04-10T00:41:53.432+0000] {logging_mixin.py:190} INFO - [2026-04-10T00:41:53.432+0000] {dag.py:4180} INFO - Setting next_dagrun for dataset_s3_bucket_producer to None, run_after=None
[2026-04-10T00:41:53.440+0000] {processor.py:208} INFO - Processing /home/airflow/.local/lib/python3.12/site-packages/airflow/example_dags/example_dataset_alias.py took 0.267 seconds
[2026-04-10T00:42:24.485+0000] {processor.py:186} INFO - Started process (PID=78883) to work on /home/airflow/.local/lib/python3.12/site-packages/airflow/example_dags/example_dataset_alias.py
[2026-04-10T00:42:24.485+0000] {processor.py:914} INFO - Processing file /home/airflow/.local/lib/python3.12/site-packages/airflow/example_dags/example_dataset_alias.py for tasks to queue
[2026-04-10T00:42:24.486+0000] {logging_mixin.py:190} INFO - [2026-04-10T00:42:24.486+0000] {dagbag.py:588} INFO - Filling up the DagBag from /home/airflow/.local/lib/python3.12/site-packages/airflow/example_dags/example_dataset_alias.py
[2026-04-10T00:42:24.611+0000] {processor.py:925} INFO - DAG(s) 'dataset_s3_bucket_producer', 'dataset_s3_bucket_consumer', 'dataset_alias_example_alias_consumer', 'dataset_alias_example_alias_producer' retrieved from /home/airflow/.local/lib/python3.12/site-packages/airflow/example_dags/example_dataset_alias.py
[2026-04-10T00:42:24.627+0000] {logging_mixin.py:190} INFO - [2026-04-10T00:42:24.627+0000] {dag.py:3239} INFO - Sync 4 DAGs
[2026-04-10T00:42:24.635+0000] {logging_mixin.py:190} INFO - [2026-04-10T00:42:24.635+0000] {dag.py:4180} INFO - Setting next_dagrun for dataset_alias_example_alias_consumer to None, run_after=None
[2026-04-10T00:42:24.636+0000] {logging_mixin.py:190} INFO - [2026-04-10T00:42:24.636+0000] {dag.py:4180} INFO - Setting next_dagrun for dataset_alias_example_alias_producer to None, run_after=None
[2026-04-10T00:42:24.638+0000] {logging_mixin.py:190} INFO - [2026-04-10T00:42:24.638+0000] {dag.py:4180} INFO - Setting next_dagrun for dataset_s3_bucket_consumer to None, run_after=None
[2026-04-10T00:42:24.641+0000] {logging_mixin.py:190} INFO - [2026-04-10T00:42:24.641+0000] {dag.py:4180} INFO - Setting next_dagrun for dataset_s3_bucket_producer to None, run_after=None
[2026-04-10T00:42:24.739+0000] {processor.py:208} INFO - Processing /home/airflow/.local/lib/python3.12/site-packages/airflow/example_dags/example_dataset_alias.py took 0.256 seconds
[2026-04-10T00:57:54.864+0000] {processor.py:186} INFO - Started process (PID=78947) to work on /home/airflow/.local/lib/python3.12/site-packages/airflow/example_dags/example_dataset_alias.py
[2026-04-10T00:57:54.865+0000] {processor.py:914} INFO - Processing file /home/airflow/.local/lib/python3.12/site-packages/airflow/example_dags/example_dataset_alias.py for tasks to queue
[2026-04-10T00:57:54.865+0000] {logging_mixin.py:190} INFO - [2026-04-10T00:57:54.865+0000] {dagbag.py:588} INFO - Filling up the DagBag from /home/airflow/.local/lib/python3.12/site-packages/airflow/example_dags/example_dataset_alias.py
[2026-04-10T00:57:55.017+0000] {processor.py:925} INFO - DAG(s) 'dataset_s3_bucket_producer', 'dataset_alias_example_alias_producer', 'dataset_s3_bucket_consumer', 'dataset_alias_example_alias_consumer' retrieved from /home/airflow/.local/lib/python3.12/site-packages/airflow/example_dags/example_dataset_alias.py
[2026-04-10T00:57:55.027+0000] {logging_mixin.py:190} INFO - [2026-04-10T00:57:55.027+0000] {dag.py:3239} INFO - Sync 4 DAGs
[2026-04-10T00:57:55.036+0000] {logging_mixin.py:190} INFO - [2026-04-10T00:57:55.036+0000] {dag.py:4180} INFO - Setting next_dagrun for dataset_alias_example_alias_consumer to None, run_after=None
[2026-04-10T00:57:55.037+0000] {logging_mixin.py:190} INFO - [2026-04-10T00:57:55.037+0000] {dag.py:4180} INFO - Setting next_dagrun for dataset_alias_example_alias_producer to None, run_after=None
[2026-04-10T00:57:55.039+0000] {logging_mixin.py:190} INFO - [2026-04-10T00:57:55.039+0000] {dag.py:4180} INFO - Setting next_dagrun for dataset_s3_bucket_consumer to None, run_after=None
[2026-04-10T00:57:55.040+0000] {logging_mixin.py:190} INFO - [2026-04-10T00:57:55.040+0000] {dag.py:4180} INFO - Setting next_dagrun for dataset_s3_bucket_producer to None, run_after=None
[2026-04-10T00:57:55.144+0000] {processor.py:208} INFO - Processing /home/airflow/.local/lib/python3.12/site-packages/airflow/example_dags/example_dataset_alias.py took 0.282 seconds
[2026-04-10T01:13:26.569+0000] {processor.py:186} INFO - Started process (PID=79011) to work on /home/airflow/.local/lib/python3.12/site-packages/airflow/example_dags/example_dataset_alias.py
[2026-04-10T01:13:26.571+0000] {processor.py:914} INFO - Processing file /home/airflow/.local/lib/python3.12/site-packages/airflow/example_dags/example_dataset_alias.py for tasks to queue
[2026-04-10T01:13:26.572+0000] {logging_mixin.py:190} INFO - [2026-04-10T01:13:26.572+0000] {dagbag.py:588} INFO - Filling up the DagBag from /home/airflow/.local/lib/python3.12/site-packages/airflow/example_dags/example_dataset_alias.py
[2026-04-10T01:13:26.987+0000] {processor.py:925} INFO - DAG(s) 'dataset_alias_example_alias_producer', 'dataset_s3_bucket_producer', 'dataset_alias_example_alias_consumer', 'dataset_s3_bucket_consumer' retrieved from /home/airflow/.local/lib/python3.12/site-packages/airflow/example_dags/example_dataset_alias.py
[2026-04-10T01:13:27.035+0000] {logging_mixin.py:190} INFO - [2026-04-10T01:13:27.031+0000] {dag.py:3239} INFO - Sync 4 DAGs
[2026-04-10T01:13:27.081+0000] {logging_mixin.py:190} INFO - [2026-04-10T01:13:27.081+0000] {dag.py:4180} INFO - Setting next_dagrun for dataset_alias_example_alias_consumer to None, run_after=None
[2026-04-10T01:13:27.087+0000] {logging_mixin.py:190} INFO - [2026-04-10T01:13:27.086+0000] {dag.py:4180} INFO - Setting next_dagrun for dataset_alias_example_alias_producer to None, run_after=None
[2026-04-10T01:13:27.094+0000] {logging_mixin.py:190} INFO - [2026-04-10T01:13:27.094+0000] {dag.py:4180} INFO - Setting next_dagrun for dataset_s3_bucket_consumer to None, run_after=None
[2026-04-10T01:13:27.130+0000] {logging_mixin.py:190} INFO - [2026-04-10T01:13:27.129+0000] {dag.py:4180} INFO - Setting next_dagrun for dataset_s3_bucket_producer to None, run_after=None
[2026-04-10T01:13:27.259+0000] {processor.py:208} INFO - Processing /home/airflow/.local/lib/python3.12/site-packages/airflow/example_dags/example_dataset_alias.py took 0.696 seconds
[2026-04-10T01:13:57.639+0000] {processor.py:186} INFO - Started process (PID=79074) to work on /home/airflow/.local/lib/python3.12/site-packages/airflow/example_dags/example_dataset_alias.py
[2026-04-10T01:13:57.640+0000] {processor.py:914} INFO - Processing file /home/airflow/.local/lib/python3.12/site-packages/airflow/example_dags/example_dataset_alias.py for tasks to queue
[2026-04-10T01:13:57.641+0000] {logging_mixin.py:190} INFO - [2026-04-10T01:13:57.640+0000] {dagbag.py:588} INFO - Filling up the DagBag from /home/airflow/.local/lib/python3.12/site-packages/airflow/example_dags/example_dataset_alias.py
[2026-04-10T01:13:57.875+0000] {processor.py:925} INFO - DAG(s) 'dataset_alias_example_alias_consumer', 'dataset_s3_bucket_producer', 'dataset_alias_example_alias_producer', 'dataset_s3_bucket_consumer' retrieved from /home/airflow/.local/lib/python3.12/site-packages/airflow/example_dags/example_dataset_alias.py
[2026-04-10T01:13:57.885+0000] {logging_mixin.py:190} INFO - [2026-04-10T01:13:57.885+0000] {dag.py:3239} INFO - Sync 4 DAGs
[2026-04-10T01:13:57.895+0000] {logging_mixin.py:190} INFO - [2026-04-10T01:13:57.895+0000] {dag.py:4180} INFO - Setting next_dagrun for dataset_alias_example_alias_consumer to None, run_after=None
[2026-04-10T01:13:57.896+0000] {logging_mixin.py:190} INFO - [2026-04-10T01:13:57.896+0000] {dag.py:4180} INFO - Setting next_dagrun for dataset_alias_example_alias_producer to None, run_after=None
[2026-04-10T01:13:57.897+0000] {logging_mixin.py:190} INFO - [2026-04-10T01:13:57.897+0000] {dag.py:4180} INFO - Setting next_dagrun for dataset_s3_bucket_consumer to None, run_after=None
[2026-04-10T01:13:57.897+0000] {logging_mixin.py:190} INFO - [2026-04-10T01:13:57.897+0000] {dag.py:4180} INFO - Setting next_dagrun for dataset_s3_bucket_producer to None, run_after=None
[2026-04-10T01:13:57.905+0000] {processor.py:208} INFO - Processing /home/airflow/.local/lib/python3.12/site-packages/airflow/example_dags/example_dataset_alias.py took 0.273 seconds
[2026-04-10T01:29:26.153+0000] {processor.py:186} INFO - Started process (PID=79138) to work on /home/airflow/.local/lib/python3.12/site-packages/airflow/example_dags/example_dataset_alias.py
[2026-04-10T01:29:26.154+0000] {processor.py:914} INFO - Processing file /home/airflow/.local/lib/python3.12/site-packages/airflow/example_dags/example_dataset_alias.py for tasks to queue
[2026-04-10T01:29:26.154+0000] {logging_mixin.py:190} INFO - [2026-04-10T01:29:26.154+0000] {dagbag.py:588} INFO - Filling up the DagBag from /home/airflow/.local/lib/python3.12/site-packages/airflow/example_dags/example_dataset_alias.py
[2026-04-10T01:29:26.287+0000] {processor.py:925} INFO - DAG(s) 'dataset_s3_bucket_consumer', 'dataset_s3_bucket_producer', 'dataset_alias_example_alias_consumer', 'dataset_alias_example_alias_producer' retrieved from /home/airflow/.local/lib/python3.12/site-packages/airflow/example_dags/example_dataset_alias.py
[2026-04-10T01:29:26.386+0000] {logging_mixin.py:190} INFO - [2026-04-10T01:29:26.386+0000] {dag.py:3239} INFO - Sync 4 DAGs
[2026-04-10T01:29:26.394+0000] {logging_mixin.py:190} INFO - [2026-04-10T01:29:26.394+0000] {dag.py:4180} INFO - Setting next_dagrun for dataset_alias_example_alias_consumer to None, run_after=None
[2026-04-10T01:29:26.395+0000] {logging_mixin.py:190} INFO - [2026-04-10T01:29:26.395+0000] {dag.py:4180} INFO - Setting next_dagrun for dataset_alias_example_alias_producer to None, run_after=None
[2026-04-10T01:29:26.396+0000] {logging_mixin.py:190} INFO - [2026-04-10T01:29:26.396+0000] {dag.py:4180} INFO - Setting next_dagrun for dataset_s3_bucket_consumer to None, run_after=None
[2026-04-10T01:29:26.397+0000] {logging_mixin.py:190} INFO - [2026-04-10T01:29:26.397+0000] {dag.py:4180} INFO - Setting next_dagrun for dataset_s3_bucket_producer to None, run_after=None
[2026-04-10T01:29:26.407+0000] {processor.py:208} INFO - Processing /home/airflow/.local/lib/python3.12/site-packages/airflow/example_dags/example_dataset_alias.py took 0.258 seconds
[2026-04-10T01:29:56.581+0000] {processor.py:186} INFO - Started process (PID=79202) to work on /home/airflow/.local/lib/python3.12/site-packages/airflow/example_dags/example_dataset_alias.py
[2026-04-10T01:29:56.583+0000] {processor.py:914} INFO - Processing file /home/airflow/.local/lib/python3.12/site-packages/airflow/example_dags/example_dataset_alias.py for tasks to queue
[2026-04-10T01:29:56.583+0000] {logging_mixin.py:190} INFO - [2026-04-10T01:29:56.583+0000] {dagbag.py:588} INFO - Filling up the DagBag from /home/airflow/.local/lib/python3.12/site-packages/airflow/example_dags/example_dataset_alias.py
[2026-04-10T01:29:56.723+0000] {processor.py:925} INFO - DAG(s) 'dataset_alias_example_alias_producer', 'dataset_alias_example_alias_consumer', 'dataset_s3_bucket_consumer', 'dataset_s3_bucket_producer' retrieved from /home/airflow/.local/lib/python3.12/site-packages/airflow/example_dags/example_dataset_alias.py
[2026-04-10T01:29:56.833+0000] {logging_mixin.py:190} INFO - [2026-04-10T01:29:56.833+0000] {dag.py:3239} INFO - Sync 4 DAGs
[2026-04-10T01:29:56.842+0000] {logging_mixin.py:190} INFO - [2026-04-10T01:29:56.842+0000] {dag.py:4180} INFO - Setting next_dagrun for dataset_alias_example_alias_consumer to None, run_after=None
[2026-04-10T01:29:56.843+0000] {logging_mixin.py:190} INFO - [2026-04-10T01:29:56.843+0000] {dag.py:4180} INFO - Setting next_dagrun for dataset_alias_example_alias_producer to None, run_after=None
[2026-04-10T01:29:56.844+0000] {logging_mixin.py:190} INFO - [2026-04-10T01:29:56.844+0000] {dag.py:4180} INFO - Setting next_dagrun for dataset_s3_bucket_consumer to None, run_after=None
[2026-04-10T01:29:56.844+0000] {logging_mixin.py:190} INFO - [2026-04-10T01:29:56.844+0000] {dag.py:4180} INFO - Setting next_dagrun for dataset_s3_bucket_producer to None, run_after=None
[2026-04-10T01:29:56.853+0000] {processor.py:208} INFO - Processing /home/airflow/.local/lib/python3.12/site-packages/airflow/example_dags/example_dataset_alias.py took 0.275 seconds
[2026-04-10T01:43:15.928+0000] {processor.py:186} INFO - Started process (PID=79266) to work on /home/airflow/.local/lib/python3.12/site-packages/airflow/example_dags/example_dataset_alias.py
[2026-04-10T01:43:15.929+0000] {processor.py:914} INFO - Processing file /home/airflow/.local/lib/python3.12/site-packages/airflow/example_dags/example_dataset_alias.py for tasks to queue
[2026-04-10T01:43:15.929+0000] {logging_mixin.py:190} INFO - [2026-04-10T01:43:15.929+0000] {dagbag.py:588} INFO - Filling up the DagBag from /home/airflow/.local/lib/python3.12/site-packages/airflow/example_dags/example_dataset_alias.py
[2026-04-10T01:43:16.053+0000] {processor.py:925} INFO - DAG(s) 'dataset_s3_bucket_consumer', 'dataset_alias_example_alias_producer', 'dataset_alias_example_alias_consumer', 'dataset_s3_bucket_producer' retrieved from /home/airflow/.local/lib/python3.12/site-packages/airflow/example_dags/example_dataset_alias.py
[2026-04-10T01:43:16.066+0000] {logging_mixin.py:190} INFO - [2026-04-10T01:43:16.066+0000] {dag.py:3239} INFO - Sync 4 DAGs
[2026-04-10T01:43:16.157+0000] {logging_mixin.py:190} INFO - [2026-04-10T01:43:16.157+0000] {dag.py:4180} INFO - Setting next_dagrun for dataset_alias_example_alias_consumer to None, run_after=None
[2026-04-10T01:43:16.158+0000] {logging_mixin.py:190} INFO - [2026-04-10T01:43:16.158+0000] {dag.py:4180} INFO - Setting next_dagrun for dataset_alias_example_alias_producer to None, run_after=None
[2026-04-10T01:43:16.159+0000] {logging_mixin.py:190} INFO - [2026-04-10T01:43:16.159+0000] {dag.py:4180} INFO - Setting next_dagrun for dataset_s3_bucket_consumer to None, run_after=None
[2026-04-10T01:43:16.160+0000] {logging_mixin.py:190} INFO - [2026-04-10T01:43:16.160+0000] {dag.py:4180} INFO - Setting next_dagrun for dataset_s3_bucket_producer to None, run_after=None
[2026-04-10T01:43:16.171+0000] {processor.py:208} INFO - Processing /home/airflow/.local/lib/python3.12/site-packages/airflow/example_dags/example_dataset_alias.py took 0.245 seconds
[2026-04-10T01:58:47.794+0000] {processor.py:186} INFO - Started process (PID=79330) to work on /home/airflow/.local/lib/python3.12/site-packages/airflow/example_dags/example_dataset_alias.py
[2026-04-10T01:58:47.795+0000] {processor.py:914} INFO - Processing file /home/airflow/.local/lib/python3.12/site-packages/airflow/example_dags/example_dataset_alias.py for tasks to queue
[2026-04-10T01:58:47.795+0000] {logging_mixin.py:190} INFO - [2026-04-10T01:58:47.795+0000] {dagbag.py:588} INFO - Filling up the DagBag from /home/airflow/.local/lib/python3.12/site-packages/airflow/example_dags/example_dataset_alias.py
[2026-04-10T01:58:47.997+0000] {processor.py:925} INFO - DAG(s) 'dataset_alias_example_alias_producer', 'dataset_alias_example_alias_consumer', 'dataset_s3_bucket_consumer', 'dataset_s3_bucket_producer' retrieved from /home/airflow/.local/lib/python3.12/site-packages/airflow/example_dags/example_dataset_alias.py
[2026-04-10T01:58:48.010+0000] {logging_mixin.py:190} INFO - [2026-04-10T01:58:48.009+0000] {dag.py:3239} INFO - Sync 4 DAGs
[2026-04-10T01:58:48.018+0000] {logging_mixin.py:190} INFO - [2026-04-10T01:58:48.018+0000] {dag.py:4180} INFO - Setting next_dagrun for dataset_alias_example_alias_consumer to None, run_after=None
[2026-04-10T01:58:48.019+0000] {logging_mixin.py:190} INFO - [2026-04-10T01:58:48.019+0000] {dag.py:4180} INFO - Setting next_dagrun for dataset_alias_example_alias_producer to None, run_after=None
[2026-04-10T01:58:48.020+0000] {logging_mixin.py:190} INFO - [2026-04-10T01:58:48.020+0000] {dag.py:4180} INFO - Setting next_dagrun for dataset_s3_bucket_consumer to None, run_after=None
[2026-04-10T01:58:48.021+0000] {logging_mixin.py:190} INFO - [2026-04-10T01:58:48.021+0000] {dag.py:4180} INFO - Setting next_dagrun for dataset_s3_bucket_producer to None, run_after=None
[2026-04-10T01:58:48.031+0000] {processor.py:208} INFO - Processing /home/airflow/.local/lib/python3.12/site-packages/airflow/example_dags/example_dataset_alias.py took 0.239 seconds
[2026-04-10T01:59:19.071+0000] {processor.py:186} INFO - Started process (PID=79394) to work on /home/airflow/.local/lib/python3.12/site-packages/airflow/example_dags/example_dataset_alias.py
[2026-04-10T01:59:19.071+0000] {processor.py:914} INFO - Processing file /home/airflow/.local/lib/python3.12/site-packages/airflow/example_dags/example_dataset_alias.py for tasks to queue
[2026-04-10T01:59:19.072+0000] {logging_mixin.py:190} INFO - [2026-04-10T01:59:19.072+0000] {dagbag.py:588} INFO - Filling up the DagBag from /home/airflow/.local/lib/python3.12/site-packages/airflow/example_dags/example_dataset_alias.py
[2026-04-10T01:59:19.317+0000] {processor.py:925} INFO - DAG(s) 'dataset_s3_bucket_consumer', 'dataset_alias_example_alias_producer', 'dataset_s3_bucket_producer', 'dataset_alias_example_alias_consumer' retrieved from /home/airflow/.local/lib/python3.12/site-packages/airflow/example_dags/example_dataset_alias.py
[2026-04-10T01:59:19.329+0000] {logging_mixin.py:190} INFO - [2026-04-10T01:59:19.329+0000] {dag.py:3239} INFO - Sync 4 DAGs
[2026-04-10T01:59:19.339+0000] {logging_mixin.py:190} INFO - [2026-04-10T01:59:19.338+0000] {dag.py:4180} INFO - Setting next_dagrun for dataset_alias_example_alias_consumer to None, run_after=None
[2026-04-10T01:59:19.339+0000] {logging_mixin.py:190} INFO - [2026-04-10T01:59:19.339+0000] {dag.py:4180} INFO - Setting next_dagrun for dataset_alias_example_alias_producer to None, run_after=None
[2026-04-10T01:59:19.340+0000] {logging_mixin.py:190} INFO - [2026-04-10T01:59:19.340+0000] {dag.py:4180} INFO - Setting next_dagrun for dataset_s3_bucket_consumer to None, run_after=None
[2026-04-10T01:59:19.342+0000] {logging_mixin.py:190} INFO - [2026-04-10T01:59:19.342+0000] {dag.py:4180} INFO - Setting next_dagrun for dataset_s3_bucket_producer to None, run_after=None
[2026-04-10T01:59:19.349+0000] {processor.py:208} INFO - Processing /home/airflow/.local/lib/python3.12/site-packages/airflow/example_dags/example_dataset_alias.py took 0.281 seconds
[2026-04-10T02:14:51.492+0000] {processor.py:186} INFO - Started process (PID=79458) to work on /home/airflow/.local/lib/python3.12/site-packages/airflow/example_dags/example_dataset_alias.py
[2026-04-10T02:14:51.494+0000] {processor.py:914} INFO - Processing file /home/airflow/.local/lib/python3.12/site-packages/airflow/example_dags/example_dataset_alias.py for tasks to queue
[2026-04-10T02:14:51.495+0000] {logging_mixin.py:190} INFO - [2026-04-10T02:14:51.495+0000] {dagbag.py:588} INFO - Filling up the DagBag from /home/airflow/.local/lib/python3.12/site-packages/airflow/example_dags/example_dataset_alias.py
[2026-04-10T02:14:51.704+0000] {processor.py:925} INFO - DAG(s) 'dataset_s3_bucket_consumer', 'dataset_alias_example_alias_consumer', 'dataset_alias_example_alias_producer', 'dataset_s3_bucket_producer' retrieved from /home/airflow/.local/lib/python3.12/site-packages/airflow/example_dags/example_dataset_alias.py
[2026-04-10T02:14:51.714+0000] {logging_mixin.py:190} INFO - [2026-04-10T02:14:51.714+0000] {dag.py:3239} INFO - Sync 4 DAGs
[2026-04-10T02:14:51.724+0000] {logging_mixin.py:190} INFO - [2026-04-10T02:14:51.724+0000] {dag.py:4180} INFO - Setting next_dagrun for dataset_alias_example_alias_consumer to None, run_after=None
[2026-04-10T02:14:51.726+0000] {logging_mixin.py:190} INFO - [2026-04-10T02:14:51.726+0000] {dag.py:4180} INFO - Setting next_dagrun for dataset_alias_example_alias_producer to None, run_after=None
[2026-04-10T02:14:51.728+0000] {logging_mixin.py:190} INFO - [2026-04-10T02:14:51.728+0000] {dag.py:4180} INFO - Setting next_dagrun for dataset_s3_bucket_consumer to None, run_after=None
[2026-04-10T02:14:51.729+0000] {logging_mixin.py:190} INFO - [2026-04-10T02:14:51.729+0000] {dag.py:4180} INFO - Setting next_dagrun for dataset_s3_bucket_producer to None, run_after=None
[2026-04-10T02:14:51.740+0000] {processor.py:208} INFO - Processing /home/airflow/.local/lib/python3.12/site-packages/airflow/example_dags/example_dataset_alias.py took 0.249 seconds
[2026-04-10T02:20:01.873+0000] {processor.py:186} INFO - Started process (PID=79522) to work on /home/airflow/.local/lib/python3.12/site-packages/airflow/example_dags/example_dataset_alias.py
[2026-04-10T02:20:01.873+0000] {processor.py:914} INFO - Processing file /home/airflow/.local/lib/python3.12/site-packages/airflow/example_dags/example_dataset_alias.py for tasks to queue
[2026-04-10T02:20:01.874+0000] {logging_mixin.py:190} INFO - [2026-04-10T02:20:01.874+0000] {dagbag.py:588} INFO - Filling up the DagBag from /home/airflow/.local/lib/python3.12/site-packages/airflow/example_dags/example_dataset_alias.py
[2026-04-10T02:20:02.110+0000] {processor.py:925} INFO - DAG(s) 'dataset_s3_bucket_consumer', 'dataset_s3_bucket_producer', 'dataset_alias_example_alias_producer', 'dataset_alias_example_alias_consumer' retrieved from /home/airflow/.local/lib/python3.12/site-packages/airflow/example_dags/example_dataset_alias.py
[2026-04-10T02:20:02.117+0000] {logging_mixin.py:190} INFO - [2026-04-10T02:20:02.117+0000] {dag.py:3239} INFO - Sync 4 DAGs
[2026-04-10T02:20:02.126+0000] {logging_mixin.py:190} INFO - [2026-04-10T02:20:02.126+0000] {dag.py:4180} INFO - Setting next_dagrun for dataset_alias_example_alias_consumer to None, run_after=None
[2026-04-10T02:20:02.127+0000] {logging_mixin.py:190} INFO - [2026-04-10T02:20:02.127+0000] {dag.py:4180} INFO - Setting next_dagrun for dataset_alias_example_alias_producer to None, run_after=None
[2026-04-10T02:20:02.127+0000] {logging_mixin.py:190} INFO - [2026-04-10T02:20:02.127+0000] {dag.py:4180} INFO - Setting next_dagrun for dataset_s3_bucket_consumer to None, run_after=None
[2026-04-10T02:20:02.128+0000] {logging_mixin.py:190} INFO - [2026-04-10T02:20:02.128+0000] {dag.py:4180} INFO - Setting next_dagrun for dataset_s3_bucket_producer to None, run_after=None
[2026-04-10T02:20:02.135+0000] {processor.py:208} INFO - Processing /home/airflow/.local/lib/python3.12/site-packages/airflow/example_dags/example_dataset_alias.py took 0.264 seconds
[2026-04-10T02:20:32.715+0000] {processor.py:186} INFO - Started process (PID=79586) to work on /home/airflow/.local/lib/python3.12/site-packages/airflow/example_dags/example_dataset_alias.py
[2026-04-10T02:20:32.715+0000] {processor.py:914} INFO - Processing file /home/airflow/.local/lib/python3.12/site-packages/airflow/example_dags/example_dataset_alias.py for tasks to queue
[2026-04-10T02:20:32.716+0000] {logging_mixin.py:190} INFO - [2026-04-10T02:20:32.716+0000] {dagbag.py:588} INFO - Filling up the DagBag from /home/airflow/.local/lib/python3.12/site-packages/airflow/example_dags/example_dataset_alias.py
[2026-04-10T02:20:32.909+0000] {processor.py:925} INFO - DAG(s) 'dataset_s3_bucket_consumer', 'dataset_s3_bucket_producer', 'dataset_alias_example_alias_consumer', 'dataset_alias_example_alias_producer' retrieved from /home/airflow/.local/lib/python3.12/site-packages/airflow/example_dags/example_dataset_alias.py
[2026-04-10T02:20:32.916+0000] {logging_mixin.py:190} INFO - [2026-04-10T02:20:32.916+0000] {dag.py:3239} INFO - Sync 4 DAGs
[2026-04-10T02:20:32.923+0000] {logging_mixin.py:190} INFO - [2026-04-10T02:20:32.923+0000] {dag.py:4180} INFO - Setting next_dagrun for dataset_alias_example_alias_consumer to None, run_after=None
[2026-04-10T02:20:32.923+0000] {logging_mixin.py:190} INFO - [2026-04-10T02:20:32.923+0000] {dag.py:4180} INFO - Setting next_dagrun for dataset_alias_example_alias_producer to None, run_after=None
[2026-04-10T02:20:32.924+0000] {logging_mixin.py:190} INFO - [2026-04-10T02:20:32.924+0000] {dag.py:4180} INFO - Setting next_dagrun for dataset_s3_bucket_consumer to None, run_after=None
[2026-04-10T02:20:32.924+0000] {logging_mixin.py:190} INFO - [2026-04-10T02:20:32.924+0000] {dag.py:4180} INFO - Setting next_dagrun for dataset_s3_bucket_producer to None, run_after=None
[2026-04-10T02:20:32.929+0000] {processor.py:208} INFO - Processing /home/airflow/.local/lib/python3.12/site-packages/airflow/example_dags/example_dataset_alias.py took 0.216 seconds
[2026-04-10T02:38:21.552+0000] {processor.py:186} INFO - Started process (PID=79650) to work on /home/airflow/.local/lib/python3.12/site-packages/airflow/example_dags/example_dataset_alias.py
[2026-04-10T02:38:21.554+0000] {processor.py:914} INFO - Processing file /home/airflow/.local/lib/python3.12/site-packages/airflow/example_dags/example_dataset_alias.py for tasks to queue
[2026-04-10T02:38:21.554+0000] {logging_mixin.py:190} INFO - [2026-04-10T02:38:21.554+0000] {dagbag.py:588} INFO - Filling up the DagBag from /home/airflow/.local/lib/python3.12/site-packages/airflow/example_dags/example_dataset_alias.py
[2026-04-10T02:38:21.790+0000] {processor.py:925} INFO - DAG(s) 'dataset_s3_bucket_consumer', 'dataset_alias_example_alias_producer', 'dataset_alias_example_alias_consumer', 'dataset_s3_bucket_producer' retrieved from /home/airflow/.local/lib/python3.12/site-packages/airflow/example_dags/example_dataset_alias.py
[2026-04-10T02:38:21.804+0000] {logging_mixin.py:190} INFO - [2026-04-10T02:38:21.803+0000] {dag.py:3239} INFO - Sync 4 DAGs
[2026-04-10T02:38:21.814+0000] {logging_mixin.py:190} INFO - [2026-04-10T02:38:21.814+0000] {dag.py:4180} INFO - Setting next_dagrun for dataset_alias_example_alias_consumer to None, run_after=None
[2026-04-10T02:38:21.815+0000] {logging_mixin.py:190} INFO - [2026-04-10T02:38:21.815+0000] {dag.py:4180} INFO - Setting next_dagrun for dataset_alias_example_alias_producer to None, run_after=None
[2026-04-10T02:38:21.815+0000] {logging_mixin.py:190} INFO - [2026-04-10T02:38:21.815+0000] {dag.py:4180} INFO - Setting next_dagrun for dataset_s3_bucket_consumer to None, run_after=None
[2026-04-10T02:38:21.816+0000] {logging_mixin.py:190} INFO - [2026-04-10T02:38:21.816+0000] {dag.py:4180} INFO - Setting next_dagrun for dataset_s3_bucket_producer to None, run_after=None
[2026-04-10T02:38:21.822+0000] {processor.py:208} INFO - Processing /home/airflow/.local/lib/python3.12/site-packages/airflow/example_dags/example_dataset_alias.py took 0.273 seconds
[2026-04-10T02:44:08.514+0000] {processor.py:186} INFO - Started process (PID=79714) to work on /home/airflow/.local/lib/python3.12/site-packages/airflow/example_dags/example_dataset_alias.py
[2026-04-10T02:44:08.515+0000] {processor.py:914} INFO - Processing file /home/airflow/.local/lib/python3.12/site-packages/airflow/example_dags/example_dataset_alias.py for tasks to queue
[2026-04-10T02:44:08.515+0000] {logging_mixin.py:190} INFO - [2026-04-10T02:44:08.515+0000] {dagbag.py:588} INFO - Filling up the DagBag from /home/airflow/.local/lib/python3.12/site-packages/airflow/example_dags/example_dataset_alias.py
[2026-04-10T02:44:08.721+0000] {processor.py:925} INFO - DAG(s) 'dataset_alias_example_alias_consumer', 'dataset_alias_example_alias_producer', 'dataset_s3_bucket_consumer', 'dataset_s3_bucket_producer' retrieved from /home/airflow/.local/lib/python3.12/site-packages/airflow/example_dags/example_dataset_alias.py
[2026-04-10T02:44:08.733+0000] {logging_mixin.py:190} INFO - [2026-04-10T02:44:08.732+0000] {dag.py:3239} INFO - Sync 4 DAGs
[2026-04-10T02:44:08.740+0000] {logging_mixin.py:190} INFO - [2026-04-10T02:44:08.740+0000] {dag.py:4180} INFO - Setting next_dagrun for dataset_alias_example_alias_consumer to None, run_after=None
[2026-04-10T02:44:08.741+0000] {logging_mixin.py:190} INFO - [2026-04-10T02:44:08.741+0000] {dag.py:4180} INFO - Setting next_dagrun for dataset_alias_example_alias_producer to None, run_after=None
[2026-04-10T02:44:08.742+0000] {logging_mixin.py:190} INFO - [2026-04-10T02:44:08.742+0000] {dag.py:4180} INFO - Setting next_dagrun for dataset_s3_bucket_consumer to None, run_after=None
[2026-04-10T02:44:08.743+0000] {logging_mixin.py:190} INFO - [2026-04-10T02:44:08.743+0000] {dag.py:4180} INFO - Setting next_dagrun for dataset_s3_bucket_producer to None, run_after=None
[2026-04-10T02:44:08.752+0000] {processor.py:208} INFO - Processing /home/airflow/.local/lib/python3.12/site-packages/airflow/example_dags/example_dataset_alias.py took 0.240 seconds
[2026-04-10T02:59:40.048+0000] {processor.py:186} INFO - Started process (PID=79778) to work on /home/airflow/.local/lib/python3.12/site-packages/airflow/example_dags/example_dataset_alias.py
[2026-04-10T02:59:40.048+0000] {processor.py:914} INFO - Processing file /home/airflow/.local/lib/python3.12/site-packages/airflow/example_dags/example_dataset_alias.py for tasks to queue
[2026-04-10T02:59:40.048+0000] {logging_mixin.py:190} INFO - [2026-04-10T02:59:40.048+0000] {dagbag.py:588} INFO - Filling up the DagBag from /home/airflow/.local/lib/python3.12/site-packages/airflow/example_dags/example_dataset_alias.py
[2026-04-10T02:59:40.273+0000] {processor.py:925} INFO - DAG(s) 'dataset_alias_example_alias_producer', 'dataset_s3_bucket_consumer', 'dataset_s3_bucket_producer', 'dataset_alias_example_alias_consumer' retrieved from /home/airflow/.local/lib/python3.12/site-packages/airflow/example_dags/example_dataset_alias.py
[2026-04-10T02:59:40.282+0000] {logging_mixin.py:190} INFO - [2026-04-10T02:59:40.282+0000] {dag.py:3239} INFO - Sync 4 DAGs
[2026-04-10T02:59:40.292+0000] {logging_mixin.py:190} INFO - [2026-04-10T02:59:40.292+0000] {dag.py:4180} INFO - Setting next_dagrun for dataset_alias_example_alias_consumer to None, run_after=None
[2026-04-10T02:59:40.294+0000] {logging_mixin.py:190} INFO - [2026-04-10T02:59:40.294+0000] {dag.py:4180} INFO - Setting next_dagrun for dataset_alias_example_alias_producer to None, run_after=None
[2026-04-10T02:59:40.294+0000] {logging_mixin.py:190} INFO - [2026-04-10T02:59:40.294+0000] {dag.py:4180} INFO - Setting next_dagrun for dataset_s3_bucket_consumer to None, run_after=None
[2026-04-10T02:59:40.295+0000] {logging_mixin.py:190} INFO - [2026-04-10T02:59:40.295+0000] {dag.py:4180} INFO - Setting next_dagrun for dataset_s3_bucket_producer to None, run_after=None
[2026-04-10T02:59:40.302+0000] {processor.py:208} INFO - Processing /home/airflow/.local/lib/python3.12/site-packages/airflow/example_dags/example_dataset_alias.py took 0.256 seconds
[2026-04-10T03:00:10.393+0000] {processor.py:186} INFO - Started process (PID=79842) to work on /home/airflow/.local/lib/python3.12/site-packages/airflow/example_dags/example_dataset_alias.py
[2026-04-10T03:00:10.394+0000] {processor.py:914} INFO - Processing file /home/airflow/.local/lib/python3.12/site-packages/airflow/example_dags/example_dataset_alias.py for tasks to queue
[2026-04-10T03:00:10.394+0000] {logging_mixin.py:190} INFO - [2026-04-10T03:00:10.394+0000] {dagbag.py:588} INFO - Filling up the DagBag from /home/airflow/.local/lib/python3.12/site-packages/airflow/example_dags/example_dataset_alias.py
[2026-04-10T03:00:10.606+0000] {processor.py:925} INFO - DAG(s) 'dataset_alias_example_alias_producer', 'dataset_s3_bucket_consumer', 'dataset_alias_example_alias_consumer', 'dataset_s3_bucket_producer' retrieved from /home/airflow/.local/lib/python3.12/site-packages/airflow/example_dags/example_dataset_alias.py
[2026-04-10T03:00:10.617+0000] {logging_mixin.py:190} INFO - [2026-04-10T03:00:10.617+0000] {dag.py:3239} INFO - Sync 4 DAGs
[2026-04-10T03:00:10.625+0000] {logging_mixin.py:190} INFO - [2026-04-10T03:00:10.624+0000] {dag.py:4180} INFO - Setting next_dagrun for dataset_alias_example_alias_consumer to None, run_after=None
[2026-04-10T03:00:10.626+0000] {logging_mixin.py:190} INFO - [2026-04-10T03:00:10.626+0000] {dag.py:4180} INFO - Setting next_dagrun for dataset_alias_example_alias_producer to None, run_after=None
[2026-04-10T03:00:10.627+0000] {logging_mixin.py:190} INFO - [2026-04-10T03:00:10.627+0000] {dag.py:4180} INFO - Setting next_dagrun for dataset_s3_bucket_consumer to None, run_after=None
[2026-04-10T03:00:10.628+0000] {logging_mixin.py:190} INFO - [2026-04-10T03:00:10.628+0000] {dag.py:4180} INFO - Setting next_dagrun for dataset_s3_bucket_producer to None, run_after=None
[2026-04-10T03:00:10.637+0000] {processor.py:208} INFO - Processing /home/airflow/.local/lib/python3.12/site-packages/airflow/example_dags/example_dataset_alias.py took 0.245 seconds
[2026-04-10T03:15:41.184+0000] {processor.py:186} INFO - Started process (PID=79906) to work on /home/airflow/.local/lib/python3.12/site-packages/airflow/example_dags/example_dataset_alias.py
[2026-04-10T03:15:41.185+0000] {processor.py:914} INFO - Processing file /home/airflow/.local/lib/python3.12/site-packages/airflow/example_dags/example_dataset_alias.py for tasks to queue
[2026-04-10T03:15:41.186+0000] {logging_mixin.py:190} INFO - [2026-04-10T03:15:41.185+0000] {dagbag.py:588} INFO - Filling up the DagBag from /home/airflow/.local/lib/python3.12/site-packages/airflow/example_dags/example_dataset_alias.py
[2026-04-10T03:15:41.414+0000] {processor.py:925} INFO - DAG(s) 'dataset_s3_bucket_producer', 'dataset_alias_example_alias_producer', 'dataset_s3_bucket_consumer', 'dataset_alias_example_alias_consumer' retrieved from /home/airflow/.local/lib/python3.12/site-packages/airflow/example_dags/example_dataset_alias.py
[2026-04-10T03:15:41.424+0000] {logging_mixin.py:190} INFO - [2026-04-10T03:15:41.424+0000] {dag.py:3239} INFO - Sync 4 DAGs
[2026-04-10T03:15:41.431+0000] {logging_mixin.py:190} INFO - [2026-04-10T03:15:41.431+0000] {dag.py:4180} INFO - Setting next_dagrun for dataset_alias_example_alias_consumer to None, run_after=None
[2026-04-10T03:15:41.433+0000] {logging_mixin.py:190} INFO - [2026-04-10T03:15:41.433+0000] {dag.py:4180} INFO - Setting next_dagrun for dataset_alias_example_alias_producer to None, run_after=None
[2026-04-10T03:15:41.433+0000] {logging_mixin.py:190} INFO - [2026-04-10T03:15:41.433+0000] {dag.py:4180} INFO - Setting next_dagrun for dataset_s3_bucket_consumer to None, run_after=None
[2026-04-10T03:15:41.434+0000] {logging_mixin.py:190} INFO - [2026-04-10T03:15:41.433+0000] {dag.py:4180} INFO - Setting next_dagrun for dataset_s3_bucket_producer to None, run_after=None
[2026-04-10T03:15:41.445+0000] {processor.py:208} INFO - Processing /home/airflow/.local/lib/python3.12/site-packages/airflow/example_dags/example_dataset_alias.py took 0.264 seconds
[2026-04-10T03:23:20.349+0000] {processor.py:186} INFO - Started process (PID=79970) to work on /home/airflow/.local/lib/python3.12/site-packages/airflow/example_dags/example_dataset_alias.py
[2026-04-10T03:23:20.350+0000] {processor.py:914} INFO - Processing file /home/airflow/.local/lib/python3.12/site-packages/airflow/example_dags/example_dataset_alias.py for tasks to queue
[2026-04-10T03:23:20.351+0000] {logging_mixin.py:190} INFO - [2026-04-10T03:23:20.351+0000] {dagbag.py:588} INFO - Filling up the DagBag from /home/airflow/.local/lib/python3.12/site-packages/airflow/example_dags/example_dataset_alias.py
[2026-04-10T03:23:20.573+0000] {processor.py:925} INFO - DAG(s) 'dataset_alias_example_alias_consumer', 'dataset_s3_bucket_producer', 'dataset_s3_bucket_consumer', 'dataset_alias_example_alias_producer' retrieved from /home/airflow/.local/lib/python3.12/site-packages/airflow/example_dags/example_dataset_alias.py
[2026-04-10T03:23:20.585+0000] {logging_mixin.py:190} INFO - [2026-04-10T03:23:20.585+0000] {dag.py:3239} INFO - Sync 4 DAGs
[2026-04-10T03:23:20.591+0000] {logging_mixin.py:190} INFO - [2026-04-10T03:23:20.591+0000] {dag.py:4180} INFO - Setting next_dagrun for dataset_alias_example_alias_consumer to None, run_after=None
[2026-04-10T03:23:20.592+0000] {logging_mixin.py:190} INFO - [2026-04-10T03:23:20.592+0000] {dag.py:4180} INFO - Setting next_dagrun for dataset_alias_example_alias_producer to None, run_after=None
[2026-04-10T03:23:20.593+0000] {logging_mixin.py:190} INFO - [2026-04-10T03:23:20.592+0000] {dag.py:4180} INFO - Setting next_dagrun for dataset_s3_bucket_consumer to None, run_after=None
[2026-04-10T03:23:20.593+0000] {logging_mixin.py:190} INFO - [2026-04-10T03:23:20.593+0000] {dag.py:4180} INFO - Setting next_dagrun for dataset_s3_bucket_producer to None, run_after=None
[2026-04-10T03:23:20.605+0000] {processor.py:208} INFO - Processing /home/airflow/.local/lib/python3.12/site-packages/airflow/example_dags/example_dataset_alias.py took 0.258 seconds
[2026-04-10T03:23:51.224+0000] {processor.py:186} INFO - Started process (PID=80034) to work on /home/airflow/.local/lib/python3.12/site-packages/airflow/example_dags/example_dataset_alias.py
[2026-04-10T03:23:51.225+0000] {processor.py:914} INFO - Processing file /home/airflow/.local/lib/python3.12/site-packages/airflow/example_dags/example_dataset_alias.py for tasks to queue
[2026-04-10T03:23:51.225+0000] {logging_mixin.py:190} INFO - [2026-04-10T03:23:51.225+0000] {dagbag.py:588} INFO - Filling up the DagBag from /home/airflow/.local/lib/python3.12/site-packages/airflow/example_dags/example_dataset_alias.py
[2026-04-10T03:23:51.454+0000] {processor.py:925} INFO - DAG(s) 'dataset_alias_example_alias_producer', 'dataset_s3_bucket_producer', 'dataset_alias_example_alias_consumer', 'dataset_s3_bucket_consumer' retrieved from /home/airflow/.local/lib/python3.12/site-packages/airflow/example_dags/example_dataset_alias.py
[2026-04-10T03:23:51.466+0000] {logging_mixin.py:190} INFO - [2026-04-10T03:23:51.466+0000] {dag.py:3239} INFO - Sync 4 DAGs
[2026-04-10T03:23:51.473+0000] {logging_mixin.py:190} INFO - [2026-04-10T03:23:51.473+0000] {dag.py:4180} INFO - Setting next_dagrun for dataset_alias_example_alias_consumer to None, run_after=None
[2026-04-10T03:23:51.474+0000] {logging_mixin.py:190} INFO - [2026-04-10T03:23:51.474+0000] {dag.py:4180} INFO - Setting next_dagrun for dataset_alias_example_alias_producer to None, run_after=None
[2026-04-10T03:23:51.475+0000] {logging_mixin.py:190} INFO - [2026-04-10T03:23:51.475+0000] {dag.py:4180} INFO - Setting next_dagrun for dataset_s3_bucket_consumer to None, run_after=None
[2026-04-10T03:23:51.475+0000] {logging_mixin.py:190} INFO - [2026-04-10T03:23:51.475+0000] {dag.py:4180} INFO - Setting next_dagrun for dataset_s3_bucket_producer to None, run_after=None
[2026-04-10T03:23:51.484+0000] {processor.py:208} INFO - Processing /home/airflow/.local/lib/python3.12/site-packages/airflow/example_dags/example_dataset_alias.py took 0.263 seconds
[2026-04-10T03:24:21.866+0000] {processor.py:186} INFO - Started process (PID=80098) to work on /home/airflow/.local/lib/python3.12/site-packages/airflow/example_dags/example_dataset_alias.py
[2026-04-10T03:24:21.866+0000] {processor.py:914} INFO - Processing file /home/airflow/.local/lib/python3.12/site-packages/airflow/example_dags/example_dataset_alias.py for tasks to queue
[2026-04-10T03:24:21.867+0000] {logging_mixin.py:190} INFO - [2026-04-10T03:24:21.867+0000] {dagbag.py:588} INFO - Filling up the DagBag from /home/airflow/.local/lib/python3.12/site-packages/airflow/example_dags/example_dataset_alias.py
[2026-04-10T03:24:22.085+0000] {processor.py:925} INFO - DAG(s) 'dataset_alias_example_alias_producer', 'dataset_s3_bucket_producer', 'dataset_s3_bucket_consumer', 'dataset_alias_example_alias_consumer' retrieved from /home/airflow/.local/lib/python3.12/site-packages/airflow/example_dags/example_dataset_alias.py
[2026-04-10T03:24:22.098+0000] {logging_mixin.py:190} INFO - [2026-04-10T03:24:22.097+0000] {dag.py:3239} INFO - Sync 4 DAGs
[2026-04-10T03:24:22.104+0000] {logging_mixin.py:190} INFO - [2026-04-10T03:24:22.104+0000] {dag.py:4180} INFO - Setting next_dagrun for dataset_alias_example_alias_consumer to None, run_after=None
[2026-04-10T03:24:22.106+0000] {logging_mixin.py:190} INFO - [2026-04-10T03:24:22.106+0000] {dag.py:4180} INFO - Setting next_dagrun for dataset_alias_example_alias_producer to None, run_after=None
[2026-04-10T03:24:22.107+0000] {logging_mixin.py:190} INFO - [2026-04-10T03:24:22.107+0000] {dag.py:4180} INFO - Setting next_dagrun for dataset_s3_bucket_consumer to None, run_after=None
[2026-04-10T03:24:22.108+0000] {logging_mixin.py:190} INFO - [2026-04-10T03:24:22.108+0000] {dag.py:4180} INFO - Setting next_dagrun for dataset_s3_bucket_producer to None, run_after=None
[2026-04-10T03:24:22.114+0000] {processor.py:208} INFO - Processing /home/airflow/.local/lib/python3.12/site-packages/airflow/example_dags/example_dataset_alias.py took 0.250 seconds
[2026-04-10T03:24:52.232+0000] {processor.py:186} INFO - Started process (PID=80162) to work on /home/airflow/.local/lib/python3.12/site-packages/airflow/example_dags/example_dataset_alias.py
[2026-04-10T03:24:52.233+0000] {processor.py:914} INFO - Processing file /home/airflow/.local/lib/python3.12/site-packages/airflow/example_dags/example_dataset_alias.py for tasks to queue
[2026-04-10T03:24:52.233+0000] {logging_mixin.py:190} INFO - [2026-04-10T03:24:52.233+0000] {dagbag.py:588} INFO - Filling up the DagBag from /home/airflow/.local/lib/python3.12/site-packages/airflow/example_dags/example_dataset_alias.py
[2026-04-10T03:24:52.446+0000] {processor.py:925} INFO - DAG(s) 'dataset_s3_bucket_producer', 'dataset_alias_example_alias_consumer', 'dataset_alias_example_alias_producer', 'dataset_s3_bucket_consumer' retrieved from /home/airflow/.local/lib/python3.12/site-packages/airflow/example_dags/example_dataset_alias.py
[2026-04-10T03:24:52.454+0000] {logging_mixin.py:190} INFO - [2026-04-10T03:24:52.454+0000] {dag.py:3239} INFO - Sync 4 DAGs
[2026-04-10T03:24:52.461+0000] {logging_mixin.py:190} INFO - [2026-04-10T03:24:52.461+0000] {dag.py:4180} INFO - Setting next_dagrun for dataset_alias_example_alias_consumer to None, run_after=None
[2026-04-10T03:24:52.462+0000] {logging_mixin.py:190} INFO - [2026-04-10T03:24:52.461+0000] {dag.py:4180} INFO - Setting next_dagrun for dataset_alias_example_alias_producer to None, run_after=None
[2026-04-10T03:24:52.464+0000] {logging_mixin.py:190} INFO - [2026-04-10T03:24:52.464+0000] {dag.py:4180} INFO - Setting next_dagrun for dataset_s3_bucket_consumer to None, run_after=None
[2026-04-10T03:24:52.465+0000] {logging_mixin.py:190} INFO - [2026-04-10T03:24:52.464+0000] {dag.py:4180} INFO - Setting next_dagrun for dataset_s3_bucket_producer to None, run_after=None
[2026-04-10T03:24:52.473+0000] {processor.py:208} INFO - Processing /home/airflow/.local/lib/python3.12/site-packages/airflow/example_dags/example_dataset_alias.py took 0.244 seconds
[2026-04-10T03:25:22.712+0000] {processor.py:186} INFO - Started process (PID=80226) to work on /home/airflow/.local/lib/python3.12/site-packages/airflow/example_dags/example_dataset_alias.py
[2026-04-10T03:25:22.713+0000] {processor.py:914} INFO - Processing file /home/airflow/.local/lib/python3.12/site-packages/airflow/example_dags/example_dataset_alias.py for tasks to queue
[2026-04-10T03:25:22.713+0000] {logging_mixin.py:190} INFO - [2026-04-10T03:25:22.713+0000] {dagbag.py:588} INFO - Filling up the DagBag from /home/airflow/.local/lib/python3.12/site-packages/airflow/example_dags/example_dataset_alias.py
[2026-04-10T03:25:22.919+0000] {processor.py:925} INFO - DAG(s) 'dataset_alias_example_alias_producer', 'dataset_s3_bucket_consumer', 'dataset_s3_bucket_producer', 'dataset_alias_example_alias_consumer' retrieved from /home/airflow/.local/lib/python3.12/site-packages/airflow/example_dags/example_dataset_alias.py
[2026-04-10T03:25:22.930+0000] {logging_mixin.py:190} INFO - [2026-04-10T03:25:22.930+0000] {dag.py:3239} INFO - Sync 4 DAGs
[2026-04-10T03:25:22.936+0000] {logging_mixin.py:190} INFO - [2026-04-10T03:25:22.936+0000] {dag.py:4180} INFO - Setting next_dagrun for dataset_alias_example_alias_consumer to None, run_after=None
[2026-04-10T03:25:22.937+0000] {logging_mixin.py:190} INFO - [2026-04-10T03:25:22.937+0000] {dag.py:4180} INFO - Setting next_dagrun for dataset_alias_example_alias_producer to None, run_after=None
[2026-04-10T03:25:22.938+0000] {logging_mixin.py:190} INFO - [2026-04-10T03:25:22.938+0000] {dag.py:4180} INFO - Setting next_dagrun for dataset_s3_bucket_consumer to None, run_after=None
[2026-04-10T03:25:22.938+0000] {logging_mixin.py:190} INFO - [2026-04-10T03:25:22.938+0000] {dag.py:4180} INFO - Setting next_dagrun for dataset_s3_bucket_producer to None, run_after=None
[2026-04-10T03:25:22.946+0000] {processor.py:208} INFO - Processing /home/airflow/.local/lib/python3.12/site-packages/airflow/example_dags/example_dataset_alias.py took 0.236 seconds
[2026-04-10T03:25:53.100+0000] {processor.py:186} INFO - Started process (PID=80290) to work on /home/airflow/.local/lib/python3.12/site-packages/airflow/example_dags/example_dataset_alias.py
[2026-04-10T03:25:53.102+0000] {processor.py:914} INFO - Processing file /home/airflow/.local/lib/python3.12/site-packages/airflow/example_dags/example_dataset_alias.py for tasks to queue
[2026-04-10T03:25:53.102+0000] {logging_mixin.py:190} INFO - [2026-04-10T03:25:53.102+0000] {dagbag.py:588} INFO - Filling up the DagBag from /home/airflow/.local/lib/python3.12/site-packages/airflow/example_dags/example_dataset_alias.py
[2026-04-10T03:25:53.382+0000] {processor.py:925} INFO - DAG(s) 'dataset_alias_example_alias_consumer', 'dataset_alias_example_alias_producer', 'dataset_s3_bucket_consumer', 'dataset_s3_bucket_producer' retrieved from /home/airflow/.local/lib/python3.12/site-packages/airflow/example_dags/example_dataset_alias.py
[2026-04-10T03:25:53.394+0000] {logging_mixin.py:190} INFO - [2026-04-10T03:25:53.393+0000] {dag.py:3239} INFO - Sync 4 DAGs
[2026-04-10T03:25:53.404+0000] {logging_mixin.py:190} INFO - [2026-04-10T03:25:53.404+0000] {dag.py:4180} INFO - Setting next_dagrun for dataset_alias_example_alias_consumer to None, run_after=None
[2026-04-10T03:25:53.405+0000] {logging_mixin.py:190} INFO - [2026-04-10T03:25:53.405+0000] {dag.py:4180} INFO - Setting next_dagrun for dataset_alias_example_alias_producer to None, run_after=None
[2026-04-10T03:25:53.406+0000] {logging_mixin.py:190} INFO - [2026-04-10T03:25:53.406+0000] {dag.py:4180} INFO - Setting next_dagrun for dataset_s3_bucket_consumer to None, run_after=None
[2026-04-10T03:25:53.406+0000] {logging_mixin.py:190} INFO - [2026-04-10T03:25:53.406+0000] {dag.py:4180} INFO - Setting next_dagrun for dataset_s3_bucket_producer to None, run_after=None
[2026-04-10T03:25:53.417+0000] {processor.py:208} INFO - Processing /home/airflow/.local/lib/python3.12/site-packages/airflow/example_dags/example_dataset_alias.py took 0.319 seconds
[2026-04-10T03:26:24.390+0000] {processor.py:186} INFO - Started process (PID=80354) to work on /home/airflow/.local/lib/python3.12/site-packages/airflow/example_dags/example_dataset_alias.py
[2026-04-10T03:26:24.390+0000] {processor.py:914} INFO - Processing file /home/airflow/.local/lib/python3.12/site-packages/airflow/example_dags/example_dataset_alias.py for tasks to queue
[2026-04-10T03:26:24.391+0000] {logging_mixin.py:190} INFO - [2026-04-10T03:26:24.391+0000] {dagbag.py:588} INFO - Filling up the DagBag from /home/airflow/.local/lib/python3.12/site-packages/airflow/example_dags/example_dataset_alias.py
[2026-04-10T03:26:24.644+0000] {processor.py:925} INFO - DAG(s) 'dataset_s3_bucket_consumer', 'dataset_alias_example_alias_producer', 'dataset_alias_example_alias_consumer', 'dataset_s3_bucket_producer' retrieved from /home/airflow/.local/lib/python3.12/site-packages/airflow/example_dags/example_dataset_alias.py
[2026-04-10T03:26:24.660+0000] {logging_mixin.py:190} INFO - [2026-04-10T03:26:24.659+0000] {dag.py:3239} INFO - Sync 4 DAGs
[2026-04-10T03:26:24.672+0000] {logging_mixin.py:190} INFO - [2026-04-10T03:26:24.672+0000] {dag.py:4180} INFO - Setting next_dagrun for dataset_alias_example_alias_consumer to None, run_after=None
[2026-04-10T03:26:24.674+0000] {logging_mixin.py:190} INFO - [2026-04-10T03:26:24.674+0000] {dag.py:4180} INFO - Setting next_dagrun for dataset_alias_example_alias_producer to None, run_after=None
[2026-04-10T03:26:24.675+0000] {logging_mixin.py:190} INFO - [2026-04-10T03:26:24.675+0000] {dag.py:4180} INFO - Setting next_dagrun for dataset_s3_bucket_consumer to None, run_after=None
[2026-04-10T03:26:24.675+0000] {logging_mixin.py:190} INFO - [2026-04-10T03:26:24.675+0000] {dag.py:4180} INFO - Setting next_dagrun for dataset_s3_bucket_producer to None, run_after=None
[2026-04-10T03:26:24.682+0000] {processor.py:208} INFO - Processing /home/airflow/.local/lib/python3.12/site-packages/airflow/example_dags/example_dataset_alias.py took 0.295 seconds
[2026-04-10T03:26:54.786+0000] {processor.py:186} INFO - Started process (PID=80418) to work on /home/airflow/.local/lib/python3.12/site-packages/airflow/example_dags/example_dataset_alias.py
[2026-04-10T03:26:54.787+0000] {processor.py:914} INFO - Processing file /home/airflow/.local/lib/python3.12/site-packages/airflow/example_dags/example_dataset_alias.py for tasks to queue
[2026-04-10T03:26:54.788+0000] {logging_mixin.py:190} INFO - [2026-04-10T03:26:54.788+0000] {dagbag.py:588} INFO - Filling up the DagBag from /home/airflow/.local/lib/python3.12/site-packages/airflow/example_dags/example_dataset_alias.py
[2026-04-10T03:26:55.043+0000] {processor.py:925} INFO - DAG(s) 'dataset_s3_bucket_consumer', 'dataset_alias_example_alias_consumer', 'dataset_alias_example_alias_producer', 'dataset_s3_bucket_producer' retrieved from /home/airflow/.local/lib/python3.12/site-packages/airflow/example_dags/example_dataset_alias.py
[2026-04-10T03:26:55.058+0000] {logging_mixin.py:190} INFO - [2026-04-10T03:26:55.057+0000] {dag.py:3239} INFO - Sync 4 DAGs
[2026-04-10T03:26:55.078+0000] {logging_mixin.py:190} INFO - [2026-04-10T03:26:55.077+0000] {dag.py:4180} INFO - Setting next_dagrun for dataset_alias_example_alias_consumer to None, run_after=None
[2026-04-10T03:26:55.080+0000] {logging_mixin.py:190} INFO - [2026-04-10T03:26:55.080+0000] {dag.py:4180} INFO - Setting next_dagrun for dataset_alias_example_alias_producer to None, run_after=None
[2026-04-10T03:26:55.081+0000] {logging_mixin.py:190} INFO - [2026-04-10T03:26:55.080+0000] {dag.py:4180} INFO - Setting next_dagrun for dataset_s3_bucket_consumer to None, run_after=None
[2026-04-10T03:26:55.081+0000] {logging_mixin.py:190} INFO - [2026-04-10T03:26:55.081+0000] {dag.py:4180} INFO - Setting next_dagrun for dataset_s3_bucket_producer to None, run_after=None
[2026-04-10T03:26:55.096+0000] {processor.py:208} INFO - Processing /home/airflow/.local/lib/python3.12/site-packages/airflow/example_dags/example_dataset_alias.py took 0.318 seconds
[2026-04-10T03:27:25.251+0000] {processor.py:186} INFO - Started process (PID=80482) to work on /home/airflow/.local/lib/python3.12/site-packages/airflow/example_dags/example_dataset_alias.py
[2026-04-10T03:27:25.252+0000] {processor.py:914} INFO - Processing file /home/airflow/.local/lib/python3.12/site-packages/airflow/example_dags/example_dataset_alias.py for tasks to queue
[2026-04-10T03:27:25.253+0000] {logging_mixin.py:190} INFO - [2026-04-10T03:27:25.253+0000] {dagbag.py:588} INFO - Filling up the DagBag from /home/airflow/.local/lib/python3.12/site-packages/airflow/example_dags/example_dataset_alias.py
[2026-04-10T03:27:25.492+0000] {processor.py:925} INFO - DAG(s) 'dataset_s3_bucket_consumer', 'dataset_alias_example_alias_producer', 'dataset_alias_example_alias_consumer', 'dataset_s3_bucket_producer' retrieved from /home/airflow/.local/lib/python3.12/site-packages/airflow/example_dags/example_dataset_alias.py
[2026-04-10T03:27:25.503+0000] {logging_mixin.py:190} INFO - [2026-04-10T03:27:25.503+0000] {dag.py:3239} INFO - Sync 4 DAGs
[2026-04-10T03:27:25.513+0000] {logging_mixin.py:190} INFO - [2026-04-10T03:27:25.513+0000] {dag.py:4180} INFO - Setting next_dagrun for dataset_alias_example_alias_consumer to None, run_after=None
[2026-04-10T03:27:25.514+0000] {logging_mixin.py:190} INFO - [2026-04-10T03:27:25.514+0000] {dag.py:4180} INFO - Setting next_dagrun for dataset_alias_example_alias_producer to None, run_after=None
[2026-04-10T03:27:25.515+0000] {logging_mixin.py:190} INFO - [2026-04-10T03:27:25.515+0000] {dag.py:4180} INFO - Setting next_dagrun for dataset_s3_bucket_consumer to None, run_after=None
[2026-04-10T03:27:25.516+0000] {logging_mixin.py:190} INFO - [2026-04-10T03:27:25.516+0000] {dag.py:4180} INFO - Setting next_dagrun for dataset_s3_bucket_producer to None, run_after=None
[2026-04-10T03:27:25.523+0000] {processor.py:208} INFO - Processing /home/airflow/.local/lib/python3.12/site-packages/airflow/example_dags/example_dataset_alias.py took 0.276 seconds
[2026-04-10T03:27:55.795+0000] {processor.py:186} INFO - Started process (PID=80547) to work on /home/airflow/.local/lib/python3.12/site-packages/airflow/example_dags/example_dataset_alias.py
[2026-04-10T03:27:55.795+0000] {processor.py:914} INFO - Processing file /home/airflow/.local/lib/python3.12/site-packages/airflow/example_dags/example_dataset_alias.py for tasks to queue
[2026-04-10T03:27:55.796+0000] {logging_mixin.py:190} INFO - [2026-04-10T03:27:55.796+0000] {dagbag.py:588} INFO - Filling up the DagBag from /home/airflow/.local/lib/python3.12/site-packages/airflow/example_dags/example_dataset_alias.py
[2026-04-10T03:27:56.058+0000] {processor.py:925} INFO - DAG(s) 'dataset_alias_example_alias_producer', 'dataset_alias_example_alias_consumer', 'dataset_s3_bucket_producer', 'dataset_s3_bucket_consumer' retrieved from /home/airflow/.local/lib/python3.12/site-packages/airflow/example_dags/example_dataset_alias.py
[2026-04-10T03:27:56.069+0000] {logging_mixin.py:190} INFO - [2026-04-10T03:27:56.069+0000] {dag.py:3239} INFO - Sync 4 DAGs
[2026-04-10T03:27:56.079+0000] {logging_mixin.py:190} INFO - [2026-04-10T03:27:56.078+0000] {dag.py:4180} INFO - Setting next_dagrun for dataset_alias_example_alias_consumer to None, run_after=None
[2026-04-10T03:27:56.080+0000] {logging_mixin.py:190} INFO - [2026-04-10T03:27:56.080+0000] {dag.py:4180} INFO - Setting next_dagrun for dataset_alias_example_alias_producer to None, run_after=None
[2026-04-10T03:27:56.081+0000] {logging_mixin.py:190} INFO - [2026-04-10T03:27:56.081+0000] {dag.py:4180} INFO - Setting next_dagrun for dataset_s3_bucket_consumer to None, run_after=None
[2026-04-10T03:27:56.085+0000] {logging_mixin.py:190} INFO - [2026-04-10T03:27:56.085+0000] {dag.py:4180} INFO - Setting next_dagrun for dataset_s3_bucket_producer to None, run_after=None
[2026-04-10T03:27:56.093+0000] {processor.py:208} INFO - Processing /home/airflow/.local/lib/python3.12/site-packages/airflow/example_dags/example_dataset_alias.py took 0.301 seconds
[2026-04-10T03:28:26.293+0000] {processor.py:186} INFO - Started process (PID=80610) to work on /home/airflow/.local/lib/python3.12/site-packages/airflow/example_dags/example_dataset_alias.py
[2026-04-10T03:28:26.294+0000] {processor.py:914} INFO - Processing file /home/airflow/.local/lib/python3.12/site-packages/airflow/example_dags/example_dataset_alias.py for tasks to queue
[2026-04-10T03:28:26.296+0000] {logging_mixin.py:190} INFO - [2026-04-10T03:28:26.295+0000] {dagbag.py:588} INFO - Filling up the DagBag from /home/airflow/.local/lib/python3.12/site-packages/airflow/example_dags/example_dataset_alias.py
[2026-04-10T03:28:26.582+0000] {processor.py:925} INFO - DAG(s) 'dataset_alias_example_alias_producer', 'dataset_s3_bucket_consumer', 'dataset_alias_example_alias_consumer', 'dataset_s3_bucket_producer' retrieved from /home/airflow/.local/lib/python3.12/site-packages/airflow/example_dags/example_dataset_alias.py
[2026-04-10T03:28:26.596+0000] {logging_mixin.py:190} INFO - [2026-04-10T03:28:26.596+0000] {dag.py:3239} INFO - Sync 4 DAGs
[2026-04-10T03:28:26.609+0000] {logging_mixin.py:190} INFO - [2026-04-10T03:28:26.609+0000] {dag.py:4180} INFO - Setting next_dagrun for dataset_alias_example_alias_consumer to None, run_after=None
[2026-04-10T03:28:26.611+0000] {logging_mixin.py:190} INFO - [2026-04-10T03:28:26.611+0000] {dag.py:4180} INFO - Setting next_dagrun for dataset_alias_example_alias_producer to None, run_after=None
[2026-04-10T03:28:26.611+0000] {logging_mixin.py:190} INFO - [2026-04-10T03:28:26.611+0000] {dag.py:4180} INFO - Setting next_dagrun for dataset_s3_bucket_consumer to None, run_after=None
[2026-04-10T03:28:26.612+0000] {logging_mixin.py:190} INFO - [2026-04-10T03:28:26.612+0000] {dag.py:4180} INFO - Setting next_dagrun for dataset_s3_bucket_producer to None, run_after=None
[2026-04-10T03:28:26.624+0000] {processor.py:208} INFO - Processing /home/airflow/.local/lib/python3.12/site-packages/airflow/example_dags/example_dataset_alias.py took 0.339 seconds
[2026-04-10T03:28:56.788+0000] {processor.py:186} INFO - Started process (PID=80674) to work on /home/airflow/.local/lib/python3.12/site-packages/airflow/example_dags/example_dataset_alias.py
[2026-04-10T03:28:56.789+0000] {processor.py:914} INFO - Processing file /home/airflow/.local/lib/python3.12/site-packages/airflow/example_dags/example_dataset_alias.py for tasks to queue
[2026-04-10T03:28:56.791+0000] {logging_mixin.py:190} INFO - [2026-04-10T03:28:56.791+0000] {dagbag.py:588} INFO - Filling up the DagBag from /home/airflow/.local/lib/python3.12/site-packages/airflow/example_dags/example_dataset_alias.py
[2026-04-10T03:28:57.065+0000] {processor.py:925} INFO - DAG(s) 'dataset_s3_bucket_producer', 'dataset_alias_example_alias_consumer', 'dataset_alias_example_alias_producer', 'dataset_s3_bucket_consumer' retrieved from /home/airflow/.local/lib/python3.12/site-packages/airflow/example_dags/example_dataset_alias.py
[2026-04-10T03:28:57.082+0000] {logging_mixin.py:190} INFO - [2026-04-10T03:28:57.082+0000] {dag.py:3239} INFO - Sync 4 DAGs
[2026-04-10T03:28:57.091+0000] {logging_mixin.py:190} INFO - [2026-04-10T03:28:57.091+0000] {dag.py:4180} INFO - Setting next_dagrun for dataset_alias_example_alias_consumer to None, run_after=None
[2026-04-10T03:28:57.092+0000] {logging_mixin.py:190} INFO - [2026-04-10T03:28:57.092+0000] {dag.py:4180} INFO - Setting next_dagrun for dataset_alias_example_alias_producer to None, run_after=None
[2026-04-10T03:28:57.093+0000] {logging_mixin.py:190} INFO - [2026-04-10T03:28:57.093+0000] {dag.py:4180} INFO - Setting next_dagrun for dataset_s3_bucket_consumer to None, run_after=None
[2026-04-10T03:28:57.093+0000] {logging_mixin.py:190} INFO - [2026-04-10T03:28:57.093+0000] {dag.py:4180} INFO - Setting next_dagrun for dataset_s3_bucket_producer to None, run_after=None
[2026-04-10T03:28:57.103+0000] {processor.py:208} INFO - Processing /home/airflow/.local/lib/python3.12/site-packages/airflow/example_dags/example_dataset_alias.py took 0.321 seconds
[2026-04-10T03:29:27.278+0000] {processor.py:186} INFO - Started process (PID=80738) to work on /home/airflow/.local/lib/python3.12/site-packages/airflow/example_dags/example_dataset_alias.py
[2026-04-10T03:29:27.279+0000] {processor.py:914} INFO - Processing file /home/airflow/.local/lib/python3.12/site-packages/airflow/example_dags/example_dataset_alias.py for tasks to queue
[2026-04-10T03:29:27.280+0000] {logging_mixin.py:190} INFO - [2026-04-10T03:29:27.279+0000] {dagbag.py:588} INFO - Filling up the DagBag from /home/airflow/.local/lib/python3.12/site-packages/airflow/example_dags/example_dataset_alias.py
[2026-04-10T03:29:27.511+0000] {processor.py:925} INFO - DAG(s) 'dataset_s3_bucket_consumer', 'dataset_alias_example_alias_producer', 'dataset_s3_bucket_producer', 'dataset_alias_example_alias_consumer' retrieved from /home/airflow/.local/lib/python3.12/site-packages/airflow/example_dags/example_dataset_alias.py
[2026-04-10T03:29:27.521+0000] {logging_mixin.py:190} INFO - [2026-04-10T03:29:27.521+0000] {dag.py:3239} INFO - Sync 4 DAGs
[2026-04-10T03:29:27.529+0000] {logging_mixin.py:190} INFO - [2026-04-10T03:29:27.529+0000] {dag.py:4180} INFO - Setting next_dagrun for dataset_alias_example_alias_consumer to None, run_after=None
[2026-04-10T03:29:27.530+0000] {logging_mixin.py:190} INFO - [2026-04-10T03:29:27.530+0000] {dag.py:4180} INFO - Setting next_dagrun for dataset_alias_example_alias_producer to None, run_after=None
[2026-04-10T03:29:27.534+0000] {logging_mixin.py:190} INFO - [2026-04-10T03:29:27.534+0000] {dag.py:4180} INFO - Setting next_dagrun for dataset_s3_bucket_consumer to None, run_after=None
[2026-04-10T03:29:27.534+0000] {logging_mixin.py:190} INFO - [2026-04-10T03:29:27.534+0000] {dag.py:4180} INFO - Setting next_dagrun for dataset_s3_bucket_producer to None, run_after=None
[2026-04-10T03:29:27.540+0000] {processor.py:208} INFO - Processing /home/airflow/.local/lib/python3.12/site-packages/airflow/example_dags/example_dataset_alias.py took 0.269 seconds
[2026-04-10T03:29:57.788+0000] {processor.py:186} INFO - Started process (PID=80801) to work on /home/airflow/.local/lib/python3.12/site-packages/airflow/example_dags/example_dataset_alias.py
[2026-04-10T03:29:57.791+0000] {processor.py:914} INFO - Processing file /home/airflow/.local/lib/python3.12/site-packages/airflow/example_dags/example_dataset_alias.py for tasks to queue
[2026-04-10T03:29:57.794+0000] {logging_mixin.py:190} INFO - [2026-04-10T03:29:57.794+0000] {dagbag.py:588} INFO - Filling up the DagBag from /home/airflow/.local/lib/python3.12/site-packages/airflow/example_dags/example_dataset_alias.py
[2026-04-10T03:29:58.039+0000] {processor.py:925} INFO - DAG(s) 'dataset_s3_bucket_consumer', 'dataset_s3_bucket_producer', 'dataset_alias_example_alias_consumer', 'dataset_alias_example_alias_producer' retrieved from /home/airflow/.local/lib/python3.12/site-packages/airflow/example_dags/example_dataset_alias.py
[2026-04-10T03:29:58.048+0000] {logging_mixin.py:190} INFO - [2026-04-10T03:29:58.047+0000] {dag.py:3239} INFO - Sync 4 DAGs
[2026-04-10T03:29:58.054+0000] {logging_mixin.py:190} INFO - [2026-04-10T03:29:58.054+0000] {dag.py:4180} INFO - Setting next_dagrun for dataset_alias_example_alias_consumer to None, run_after=None
[2026-04-10T03:29:58.056+0000] {logging_mixin.py:190} INFO - [2026-04-10T03:29:58.056+0000] {dag.py:4180} INFO - Setting next_dagrun for dataset_alias_example_alias_producer to None, run_after=None
[2026-04-10T03:29:58.056+0000] {logging_mixin.py:190} INFO - [2026-04-10T03:29:58.056+0000] {dag.py:4180} INFO - Setting next_dagrun for dataset_s3_bucket_consumer to None, run_after=None
[2026-04-10T03:29:58.057+0000] {logging_mixin.py:190} INFO - [2026-04-10T03:29:58.057+0000] {dag.py:4180} INFO - Setting next_dagrun for dataset_s3_bucket_producer to None, run_after=None
[2026-04-10T03:29:58.067+0000] {processor.py:208} INFO - Processing /home/airflow/.local/lib/python3.12/site-packages/airflow/example_dags/example_dataset_alias.py took 0.287 seconds
[2026-04-10T03:30:28.289+0000] {processor.py:186} INFO - Started process (PID=80866) to work on /home/airflow/.local/lib/python3.12/site-packages/airflow/example_dags/example_dataset_alias.py
[2026-04-10T03:30:28.289+0000] {processor.py:914} INFO - Processing file /home/airflow/.local/lib/python3.12/site-packages/airflow/example_dags/example_dataset_alias.py for tasks to queue
[2026-04-10T03:30:28.292+0000] {logging_mixin.py:190} INFO - [2026-04-10T03:30:28.291+0000] {dagbag.py:588} INFO - Filling up the DagBag from /home/airflow/.local/lib/python3.12/site-packages/airflow/example_dags/example_dataset_alias.py
[2026-04-10T03:30:28.515+0000] {processor.py:925} INFO - DAG(s) 'dataset_s3_bucket_producer', 'dataset_alias_example_alias_producer', 'dataset_s3_bucket_consumer', 'dataset_alias_example_alias_consumer' retrieved from /home/airflow/.local/lib/python3.12/site-packages/airflow/example_dags/example_dataset_alias.py
[2026-04-10T03:30:28.524+0000] {logging_mixin.py:190} INFO - [2026-04-10T03:30:28.524+0000] {dag.py:3239} INFO - Sync 4 DAGs
[2026-04-10T03:30:28.531+0000] {logging_mixin.py:190} INFO - [2026-04-10T03:30:28.531+0000] {dag.py:4180} INFO - Setting next_dagrun for dataset_alias_example_alias_consumer to None, run_after=None
[2026-04-10T03:30:28.532+0000] {logging_mixin.py:190} INFO - [2026-04-10T03:30:28.532+0000] {dag.py:4180} INFO - Setting next_dagrun for dataset_alias_example_alias_producer to None, run_after=None
[2026-04-10T03:30:28.533+0000] {logging_mixin.py:190} INFO - [2026-04-10T03:30:28.533+0000] {dag.py:4180} INFO - Setting next_dagrun for dataset_s3_bucket_consumer to None, run_after=None
[2026-04-10T03:30:28.533+0000] {logging_mixin.py:190} INFO - [2026-04-10T03:30:28.533+0000] {dag.py:4180} INFO - Setting next_dagrun for dataset_s3_bucket_producer to None, run_after=None
[2026-04-10T03:30:28.539+0000] {processor.py:208} INFO - Processing /home/airflow/.local/lib/python3.12/site-packages/airflow/example_dags/example_dataset_alias.py took 0.253 seconds
[2026-04-10T03:30:58.555+0000] {processor.py:186} INFO - Started process (PID=80930) to work on /home/airflow/.local/lib/python3.12/site-packages/airflow/example_dags/example_dataset_alias.py
[2026-04-10T03:30:58.556+0000] {processor.py:914} INFO - Processing file /home/airflow/.local/lib/python3.12/site-packages/airflow/example_dags/example_dataset_alias.py for tasks to queue
[2026-04-10T03:30:58.556+0000] {logging_mixin.py:190} INFO - [2026-04-10T03:30:58.556+0000] {dagbag.py:588} INFO - Filling up the DagBag from /home/airflow/.local/lib/python3.12/site-packages/airflow/example_dags/example_dataset_alias.py
[2026-04-10T03:30:58.776+0000] {processor.py:925} INFO - DAG(s) 'dataset_alias_example_alias_consumer', 'dataset_s3_bucket_producer', 'dataset_alias_example_alias_producer', 'dataset_s3_bucket_consumer' retrieved from /home/airflow/.local/lib/python3.12/site-packages/airflow/example_dags/example_dataset_alias.py
[2026-04-10T03:30:58.787+0000] {logging_mixin.py:190} INFO - [2026-04-10T03:30:58.787+0000] {dag.py:3239} INFO - Sync 4 DAGs
[2026-04-10T03:30:58.795+0000] {logging_mixin.py:190} INFO - [2026-04-10T03:30:58.795+0000] {dag.py:4180} INFO - Setting next_dagrun for dataset_alias_example_alias_consumer to None, run_after=None
[2026-04-10T03:30:58.797+0000] {logging_mixin.py:190} INFO - [2026-04-10T03:30:58.797+0000] {dag.py:4180} INFO - Setting next_dagrun for dataset_alias_example_alias_producer to None, run_after=None
[2026-04-10T03:30:58.798+0000] {logging_mixin.py:190} INFO - [2026-04-10T03:30:58.797+0000] {dag.py:4180} INFO - Setting next_dagrun for dataset_s3_bucket_consumer to None, run_after=None
[2026-04-10T03:30:58.799+0000] {logging_mixin.py:190} INFO - [2026-04-10T03:30:58.799+0000] {dag.py:4180} INFO - Setting next_dagrun for dataset_s3_bucket_producer to None, run_after=None
[2026-04-10T03:30:58.807+0000] {processor.py:208} INFO - Processing /home/airflow/.local/lib/python3.12/site-packages/airflow/example_dags/example_dataset_alias.py took 0.254 seconds
