[2026-04-10T00:07:15.569+0000] {processor.py:186} INFO - Started process (PID=78576) to work on /home/airflow/.local/lib/python3.12/site-packages/airflow/example_dags/example_subdag_operator.py
[2026-04-10T00:07:15.571+0000] {processor.py:914} INFO - Processing file /home/airflow/.local/lib/python3.12/site-packages/airflow/example_dags/example_subdag_operator.py for tasks to queue
[2026-04-10T00:07:15.572+0000] {logging_mixin.py:190} INFO - [2026-04-10T00:07:15.572+0000] {dagbag.py:588} INFO - Filling up the DagBag from /home/airflow/.local/lib/python3.12/site-packages/airflow/example_dags/example_subdag_operator.py
[2026-04-10T00:07:15.586+0000] {processor.py:925} INFO - DAG(s) 'example_subdag_operator.section-1', 'example_subdag_operator.section-2', 'example_subdag_operator' retrieved from /home/airflow/.local/lib/python3.12/site-packages/airflow/example_dags/example_subdag_operator.py
[2026-04-10T00:07:15.592+0000] {logging_mixin.py:190} INFO - [2026-04-10T00:07:15.592+0000] {dag.py:3239} INFO - Sync 3 DAGs
[2026-04-10T00:07:15.602+0000] {logging_mixin.py:190} INFO - [2026-04-10T00:07:15.602+0000] {dag.py:4180} INFO - Setting next_dagrun for example_subdag_operator to 2022-01-01 00:00:00+00:00, run_after=2022-01-01 00:00:00+00:00
[2026-04-10T00:07:15.604+0000] {logging_mixin.py:190} INFO - [2026-04-10T00:07:15.604+0000] {dag.py:4180} INFO - Setting next_dagrun for example_subdag_operator.section-1 to None, run_after=None
[2026-04-10T00:07:15.604+0000] {logging_mixin.py:190} INFO - [2026-04-10T00:07:15.604+0000] {dag.py:4180} INFO - Setting next_dagrun for example_subdag_operator.section-2 to None, run_after=None
[2026-04-10T00:07:15.607+0000] {logging_mixin.py:190} INFO - [2026-04-10T00:07:15.607+0000] {dag.py:3239} INFO - Sync 2 DAGs
[2026-04-10T00:07:15.609+0000] {logging_mixin.py:190} INFO - [2026-04-10T00:07:15.609+0000] {dag.py:4180} INFO - Setting next_dagrun for example_subdag_operator.section-1 to None, run_after=None
[2026-04-10T00:07:15.609+0000] {logging_mixin.py:190} INFO - [2026-04-10T00:07:15.609+0000] {dag.py:4180} INFO - Setting next_dagrun for example_subdag_operator.section-2 to None, run_after=None
[2026-04-10T00:07:15.613+0000] {processor.py:208} INFO - Processing /home/airflow/.local/lib/python3.12/site-packages/airflow/example_dags/example_subdag_operator.py took 0.050 seconds
[2026-04-10T00:22:48.418+0000] {processor.py:186} INFO - Started process (PID=78640) to work on /home/airflow/.local/lib/python3.12/site-packages/airflow/example_dags/example_subdag_operator.py
[2026-04-10T00:22:48.419+0000] {processor.py:914} INFO - Processing file /home/airflow/.local/lib/python3.12/site-packages/airflow/example_dags/example_subdag_operator.py for tasks to queue
[2026-04-10T00:22:48.421+0000] {logging_mixin.py:190} INFO - [2026-04-10T00:22:48.421+0000] {dagbag.py:588} INFO - Filling up the DagBag from /home/airflow/.local/lib/python3.12/site-packages/airflow/example_dags/example_subdag_operator.py
[2026-04-10T00:22:48.434+0000] {processor.py:925} INFO - DAG(s) 'example_subdag_operator.section-1', 'example_subdag_operator.section-2', 'example_subdag_operator' retrieved from /home/airflow/.local/lib/python3.12/site-packages/airflow/example_dags/example_subdag_operator.py
[2026-04-10T00:22:48.441+0000] {logging_mixin.py:190} INFO - [2026-04-10T00:22:48.440+0000] {dag.py:3239} INFO - Sync 3 DAGs
[2026-04-10T00:22:48.451+0000] {logging_mixin.py:190} INFO - [2026-04-10T00:22:48.451+0000] {dag.py:4180} INFO - Setting next_dagrun for example_subdag_operator to 2022-01-01 00:00:00+00:00, run_after=2022-01-01 00:00:00+00:00
[2026-04-10T00:22:48.453+0000] {logging_mixin.py:190} INFO - [2026-04-10T00:22:48.452+0000] {dag.py:4180} INFO - Setting next_dagrun for example_subdag_operator.section-1 to None, run_after=None
[2026-04-10T00:22:48.453+0000] {logging_mixin.py:190} INFO - [2026-04-10T00:22:48.453+0000] {dag.py:4180} INFO - Setting next_dagrun for example_subdag_operator.section-2 to None, run_after=None
[2026-04-10T00:22:48.456+0000] {logging_mixin.py:190} INFO - [2026-04-10T00:22:48.456+0000] {dag.py:3239} INFO - Sync 2 DAGs
[2026-04-10T00:22:48.459+0000] {logging_mixin.py:190} INFO - [2026-04-10T00:22:48.458+0000] {dag.py:4180} INFO - Setting next_dagrun for example_subdag_operator.section-1 to None, run_after=None
[2026-04-10T00:22:48.459+0000] {logging_mixin.py:190} INFO - [2026-04-10T00:22:48.459+0000] {dag.py:4180} INFO - Setting next_dagrun for example_subdag_operator.section-2 to None, run_after=None
[2026-04-10T00:22:48.463+0000] {processor.py:208} INFO - Processing /home/airflow/.local/lib/python3.12/site-packages/airflow/example_dags/example_subdag_operator.py took 0.047 seconds
[2026-04-10T00:23:19.373+0000] {processor.py:186} INFO - Started process (PID=78704) to work on /home/airflow/.local/lib/python3.12/site-packages/airflow/example_dags/example_subdag_operator.py
[2026-04-10T00:23:19.374+0000] {processor.py:914} INFO - Processing file /home/airflow/.local/lib/python3.12/site-packages/airflow/example_dags/example_subdag_operator.py for tasks to queue
[2026-04-10T00:23:19.375+0000] {logging_mixin.py:190} INFO - [2026-04-10T00:23:19.375+0000] {dagbag.py:588} INFO - Filling up the DagBag from /home/airflow/.local/lib/python3.12/site-packages/airflow/example_dags/example_subdag_operator.py
[2026-04-10T00:23:19.389+0000] {processor.py:925} INFO - DAG(s) 'example_subdag_operator.section-1', 'example_subdag_operator.section-2', 'example_subdag_operator' retrieved from /home/airflow/.local/lib/python3.12/site-packages/airflow/example_dags/example_subdag_operator.py
[2026-04-10T00:23:19.394+0000] {logging_mixin.py:190} INFO - [2026-04-10T00:23:19.394+0000] {dag.py:3239} INFO - Sync 3 DAGs
[2026-04-10T00:23:19.401+0000] {logging_mixin.py:190} INFO - [2026-04-10T00:23:19.401+0000] {dag.py:4180} INFO - Setting next_dagrun for example_subdag_operator to 2022-01-01 00:00:00+00:00, run_after=2022-01-01 00:00:00+00:00
[2026-04-10T00:23:19.402+0000] {logging_mixin.py:190} INFO - [2026-04-10T00:23:19.402+0000] {dag.py:4180} INFO - Setting next_dagrun for example_subdag_operator.section-1 to None, run_after=None
[2026-04-10T00:23:19.403+0000] {logging_mixin.py:190} INFO - [2026-04-10T00:23:19.403+0000] {dag.py:4180} INFO - Setting next_dagrun for example_subdag_operator.section-2 to None, run_after=None
[2026-04-10T00:23:19.405+0000] {logging_mixin.py:190} INFO - [2026-04-10T00:23:19.405+0000] {dag.py:3239} INFO - Sync 2 DAGs
[2026-04-10T00:23:19.406+0000] {logging_mixin.py:190} INFO - [2026-04-10T00:23:19.406+0000] {dag.py:4180} INFO - Setting next_dagrun for example_subdag_operator.section-1 to None, run_after=None
[2026-04-10T00:23:19.407+0000] {logging_mixin.py:190} INFO - [2026-04-10T00:23:19.406+0000] {dag.py:4180} INFO - Setting next_dagrun for example_subdag_operator.section-2 to None, run_after=None
[2026-04-10T00:23:19.410+0000] {processor.py:208} INFO - Processing /home/airflow/.local/lib/python3.12/site-packages/airflow/example_dags/example_subdag_operator.py took 0.039 seconds
[2026-04-10T00:38:49.228+0000] {processor.py:186} INFO - Started process (PID=78768) to work on /home/airflow/.local/lib/python3.12/site-packages/airflow/example_dags/example_subdag_operator.py
[2026-04-10T00:38:49.230+0000] {processor.py:914} INFO - Processing file /home/airflow/.local/lib/python3.12/site-packages/airflow/example_dags/example_subdag_operator.py for tasks to queue
[2026-04-10T00:38:49.231+0000] {logging_mixin.py:190} INFO - [2026-04-10T00:38:49.231+0000] {dagbag.py:588} INFO - Filling up the DagBag from /home/airflow/.local/lib/python3.12/site-packages/airflow/example_dags/example_subdag_operator.py
[2026-04-10T00:38:49.240+0000] {processor.py:925} INFO - DAG(s) 'example_subdag_operator.section-1', 'example_subdag_operator.section-2', 'example_subdag_operator' retrieved from /home/airflow/.local/lib/python3.12/site-packages/airflow/example_dags/example_subdag_operator.py
[2026-04-10T00:38:49.244+0000] {logging_mixin.py:190} INFO - [2026-04-10T00:38:49.244+0000] {dag.py:3239} INFO - Sync 3 DAGs
[2026-04-10T00:38:49.252+0000] {logging_mixin.py:190} INFO - [2026-04-10T00:38:49.252+0000] {dag.py:4180} INFO - Setting next_dagrun for example_subdag_operator to 2022-01-01 00:00:00+00:00, run_after=2022-01-01 00:00:00+00:00
[2026-04-10T00:38:49.253+0000] {logging_mixin.py:190} INFO - [2026-04-10T00:38:49.253+0000] {dag.py:4180} INFO - Setting next_dagrun for example_subdag_operator.section-1 to None, run_after=None
[2026-04-10T00:38:49.253+0000] {logging_mixin.py:190} INFO - [2026-04-10T00:38:49.253+0000] {dag.py:4180} INFO - Setting next_dagrun for example_subdag_operator.section-2 to None, run_after=None
[2026-04-10T00:38:49.255+0000] {logging_mixin.py:190} INFO - [2026-04-10T00:38:49.255+0000] {dag.py:3239} INFO - Sync 2 DAGs
[2026-04-10T00:38:49.257+0000] {logging_mixin.py:190} INFO - [2026-04-10T00:38:49.257+0000] {dag.py:4180} INFO - Setting next_dagrun for example_subdag_operator.section-1 to None, run_after=None
[2026-04-10T00:38:49.257+0000] {logging_mixin.py:190} INFO - [2026-04-10T00:38:49.257+0000] {dag.py:4180} INFO - Setting next_dagrun for example_subdag_operator.section-2 to None, run_after=None
[2026-04-10T00:38:49.259+0000] {processor.py:208} INFO - Processing /home/airflow/.local/lib/python3.12/site-packages/airflow/example_dags/example_subdag_operator.py took 0.034 seconds
[2026-04-10T00:41:53.655+0000] {processor.py:186} INFO - Started process (PID=78832) to work on /home/airflow/.local/lib/python3.12/site-packages/airflow/example_dags/example_subdag_operator.py
[2026-04-10T00:41:53.655+0000] {processor.py:914} INFO - Processing file /home/airflow/.local/lib/python3.12/site-packages/airflow/example_dags/example_subdag_operator.py for tasks to queue
[2026-04-10T00:41:53.656+0000] {logging_mixin.py:190} INFO - [2026-04-10T00:41:53.656+0000] {dagbag.py:588} INFO - Filling up the DagBag from /home/airflow/.local/lib/python3.12/site-packages/airflow/example_dags/example_subdag_operator.py
[2026-04-10T00:41:53.666+0000] {processor.py:925} INFO - DAG(s) 'example_subdag_operator.section-1', 'example_subdag_operator.section-2', 'example_subdag_operator' retrieved from /home/airflow/.local/lib/python3.12/site-packages/airflow/example_dags/example_subdag_operator.py
[2026-04-10T00:41:53.672+0000] {logging_mixin.py:190} INFO - [2026-04-10T00:41:53.672+0000] {dag.py:3239} INFO - Sync 3 DAGs
[2026-04-10T00:41:53.681+0000] {logging_mixin.py:190} INFO - [2026-04-10T00:41:53.680+0000] {dag.py:4180} INFO - Setting next_dagrun for example_subdag_operator to 2022-01-01 00:00:00+00:00, run_after=2022-01-01 00:00:00+00:00
[2026-04-10T00:41:53.682+0000] {logging_mixin.py:190} INFO - [2026-04-10T00:41:53.682+0000] {dag.py:4180} INFO - Setting next_dagrun for example_subdag_operator.section-1 to None, run_after=None
[2026-04-10T00:41:53.682+0000] {logging_mixin.py:190} INFO - [2026-04-10T00:41:53.682+0000] {dag.py:4180} INFO - Setting next_dagrun for example_subdag_operator.section-2 to None, run_after=None
[2026-04-10T00:41:53.685+0000] {logging_mixin.py:190} INFO - [2026-04-10T00:41:53.685+0000] {dag.py:3239} INFO - Sync 2 DAGs
[2026-04-10T00:41:53.686+0000] {logging_mixin.py:190} INFO - [2026-04-10T00:41:53.686+0000] {dag.py:4180} INFO - Setting next_dagrun for example_subdag_operator.section-1 to None, run_after=None
[2026-04-10T00:41:53.686+0000] {logging_mixin.py:190} INFO - [2026-04-10T00:41:53.686+0000] {dag.py:4180} INFO - Setting next_dagrun for example_subdag_operator.section-2 to None, run_after=None
[2026-04-10T00:41:53.690+0000] {processor.py:208} INFO - Processing /home/airflow/.local/lib/python3.12/site-packages/airflow/example_dags/example_subdag_operator.py took 0.037 seconds
[2026-04-10T00:42:24.947+0000] {processor.py:186} INFO - Started process (PID=78895) to work on /home/airflow/.local/lib/python3.12/site-packages/airflow/example_dags/example_subdag_operator.py
[2026-04-10T00:42:24.948+0000] {processor.py:914} INFO - Processing file /home/airflow/.local/lib/python3.12/site-packages/airflow/example_dags/example_subdag_operator.py for tasks to queue
[2026-04-10T00:42:24.948+0000] {logging_mixin.py:190} INFO - [2026-04-10T00:42:24.948+0000] {dagbag.py:588} INFO - Filling up the DagBag from /home/airflow/.local/lib/python3.12/site-packages/airflow/example_dags/example_subdag_operator.py
[2026-04-10T00:42:24.960+0000] {processor.py:925} INFO - DAG(s) 'example_subdag_operator.section-1', 'example_subdag_operator.section-2', 'example_subdag_operator' retrieved from /home/airflow/.local/lib/python3.12/site-packages/airflow/example_dags/example_subdag_operator.py
[2026-04-10T00:42:24.967+0000] {logging_mixin.py:190} INFO - [2026-04-10T00:42:24.966+0000] {dag.py:3239} INFO - Sync 3 DAGs
[2026-04-10T00:42:24.977+0000] {logging_mixin.py:190} INFO - [2026-04-10T00:42:24.977+0000] {dag.py:4180} INFO - Setting next_dagrun for example_subdag_operator to 2022-01-01 00:00:00+00:00, run_after=2022-01-01 00:00:00+00:00
[2026-04-10T00:42:24.979+0000] {logging_mixin.py:190} INFO - [2026-04-10T00:42:24.979+0000] {dag.py:4180} INFO - Setting next_dagrun for example_subdag_operator.section-1 to None, run_after=None
[2026-04-10T00:42:24.979+0000] {logging_mixin.py:190} INFO - [2026-04-10T00:42:24.979+0000] {dag.py:4180} INFO - Setting next_dagrun for example_subdag_operator.section-2 to None, run_after=None
[2026-04-10T00:42:24.982+0000] {logging_mixin.py:190} INFO - [2026-04-10T00:42:24.982+0000] {dag.py:3239} INFO - Sync 2 DAGs
[2026-04-10T00:42:24.984+0000] {logging_mixin.py:190} INFO - [2026-04-10T00:42:24.984+0000] {dag.py:4180} INFO - Setting next_dagrun for example_subdag_operator.section-1 to None, run_after=None
[2026-04-10T00:42:24.985+0000] {logging_mixin.py:190} INFO - [2026-04-10T00:42:24.985+0000] {dag.py:4180} INFO - Setting next_dagrun for example_subdag_operator.section-2 to None, run_after=None
[2026-04-10T00:42:24.990+0000] {processor.py:208} INFO - Processing /home/airflow/.local/lib/python3.12/site-packages/airflow/example_dags/example_subdag_operator.py took 0.045 seconds
[2026-04-10T00:57:55.522+0000] {processor.py:186} INFO - Started process (PID=78960) to work on /home/airflow/.local/lib/python3.12/site-packages/airflow/example_dags/example_subdag_operator.py
[2026-04-10T00:57:55.522+0000] {processor.py:914} INFO - Processing file /home/airflow/.local/lib/python3.12/site-packages/airflow/example_dags/example_subdag_operator.py for tasks to queue
[2026-04-10T00:57:55.523+0000] {logging_mixin.py:190} INFO - [2026-04-10T00:57:55.523+0000] {dagbag.py:588} INFO - Filling up the DagBag from /home/airflow/.local/lib/python3.12/site-packages/airflow/example_dags/example_subdag_operator.py
[2026-04-10T00:57:55.533+0000] {processor.py:925} INFO - DAG(s) 'example_subdag_operator.section-1', 'example_subdag_operator.section-2', 'example_subdag_operator' retrieved from /home/airflow/.local/lib/python3.12/site-packages/airflow/example_dags/example_subdag_operator.py
[2026-04-10T00:57:55.538+0000] {logging_mixin.py:190} INFO - [2026-04-10T00:57:55.538+0000] {dag.py:3239} INFO - Sync 3 DAGs
[2026-04-10T00:57:55.550+0000] {logging_mixin.py:190} INFO - [2026-04-10T00:57:55.550+0000] {dag.py:4180} INFO - Setting next_dagrun for example_subdag_operator to 2022-01-01 00:00:00+00:00, run_after=2022-01-01 00:00:00+00:00
[2026-04-10T00:57:55.551+0000] {logging_mixin.py:190} INFO - [2026-04-10T00:57:55.551+0000] {dag.py:4180} INFO - Setting next_dagrun for example_subdag_operator.section-1 to None, run_after=None
[2026-04-10T00:57:55.552+0000] {logging_mixin.py:190} INFO - [2026-04-10T00:57:55.552+0000] {dag.py:4180} INFO - Setting next_dagrun for example_subdag_operator.section-2 to None, run_after=None
[2026-04-10T00:57:55.555+0000] {logging_mixin.py:190} INFO - [2026-04-10T00:57:55.555+0000] {dag.py:3239} INFO - Sync 2 DAGs
[2026-04-10T00:57:55.559+0000] {logging_mixin.py:190} INFO - [2026-04-10T00:57:55.559+0000] {dag.py:4180} INFO - Setting next_dagrun for example_subdag_operator.section-1 to None, run_after=None
[2026-04-10T00:57:55.559+0000] {logging_mixin.py:190} INFO - [2026-04-10T00:57:55.559+0000] {dag.py:4180} INFO - Setting next_dagrun for example_subdag_operator.section-2 to None, run_after=None
[2026-04-10T00:57:55.563+0000] {processor.py:208} INFO - Processing /home/airflow/.local/lib/python3.12/site-packages/airflow/example_dags/example_subdag_operator.py took 0.044 seconds
[2026-04-10T01:13:28.817+0000] {processor.py:186} INFO - Started process (PID=79024) to work on /home/airflow/.local/lib/python3.12/site-packages/airflow/example_dags/example_subdag_operator.py
[2026-04-10T01:13:28.821+0000] {processor.py:914} INFO - Processing file /home/airflow/.local/lib/python3.12/site-packages/airflow/example_dags/example_subdag_operator.py for tasks to queue
[2026-04-10T01:13:28.826+0000] {logging_mixin.py:190} INFO - [2026-04-10T01:13:28.825+0000] {dagbag.py:588} INFO - Filling up the DagBag from /home/airflow/.local/lib/python3.12/site-packages/airflow/example_dags/example_subdag_operator.py
[2026-04-10T01:13:28.861+0000] {processor.py:925} INFO - DAG(s) 'example_subdag_operator.section-1', 'example_subdag_operator.section-2', 'example_subdag_operator' retrieved from /home/airflow/.local/lib/python3.12/site-packages/airflow/example_dags/example_subdag_operator.py
[2026-04-10T01:13:28.881+0000] {logging_mixin.py:190} INFO - [2026-04-10T01:13:28.881+0000] {dag.py:3239} INFO - Sync 3 DAGs
[2026-04-10T01:13:28.914+0000] {logging_mixin.py:190} INFO - [2026-04-10T01:13:28.913+0000] {dag.py:4180} INFO - Setting next_dagrun for example_subdag_operator to 2022-01-01 00:00:00+00:00, run_after=2022-01-01 00:00:00+00:00
[2026-04-10T01:13:28.919+0000] {logging_mixin.py:190} INFO - [2026-04-10T01:13:28.919+0000] {dag.py:4180} INFO - Setting next_dagrun for example_subdag_operator.section-1 to None, run_after=None
[2026-04-10T01:13:28.921+0000] {logging_mixin.py:190} INFO - [2026-04-10T01:13:28.921+0000] {dag.py:4180} INFO - Setting next_dagrun for example_subdag_operator.section-2 to None, run_after=None
[2026-04-10T01:13:28.932+0000] {logging_mixin.py:190} INFO - [2026-04-10T01:13:28.931+0000] {dag.py:3239} INFO - Sync 2 DAGs
[2026-04-10T01:13:28.939+0000] {logging_mixin.py:190} INFO - [2026-04-10T01:13:28.939+0000] {dag.py:4180} INFO - Setting next_dagrun for example_subdag_operator.section-1 to None, run_after=None
[2026-04-10T01:13:28.940+0000] {logging_mixin.py:190} INFO - [2026-04-10T01:13:28.940+0000] {dag.py:4180} INFO - Setting next_dagrun for example_subdag_operator.section-2 to None, run_after=None
[2026-04-10T01:13:28.954+0000] {processor.py:208} INFO - Processing /home/airflow/.local/lib/python3.12/site-packages/airflow/example_dags/example_subdag_operator.py took 0.145 seconds
[2026-04-10T01:13:59.156+0000] {processor.py:186} INFO - Started process (PID=79086) to work on /home/airflow/.local/lib/python3.12/site-packages/airflow/example_dags/example_subdag_operator.py
[2026-04-10T01:13:59.156+0000] {processor.py:914} INFO - Processing file /home/airflow/.local/lib/python3.12/site-packages/airflow/example_dags/example_subdag_operator.py for tasks to queue
[2026-04-10T01:13:59.157+0000] {logging_mixin.py:190} INFO - [2026-04-10T01:13:59.157+0000] {dagbag.py:588} INFO - Filling up the DagBag from /home/airflow/.local/lib/python3.12/site-packages/airflow/example_dags/example_subdag_operator.py
[2026-04-10T01:13:59.168+0000] {processor.py:925} INFO - DAG(s) 'example_subdag_operator.section-1', 'example_subdag_operator.section-2', 'example_subdag_operator' retrieved from /home/airflow/.local/lib/python3.12/site-packages/airflow/example_dags/example_subdag_operator.py
[2026-04-10T01:13:59.175+0000] {logging_mixin.py:190} INFO - [2026-04-10T01:13:59.175+0000] {dag.py:3239} INFO - Sync 3 DAGs
[2026-04-10T01:13:59.183+0000] {logging_mixin.py:190} INFO - [2026-04-10T01:13:59.183+0000] {dag.py:4180} INFO - Setting next_dagrun for example_subdag_operator to 2022-01-01 00:00:00+00:00, run_after=2022-01-01 00:00:00+00:00
[2026-04-10T01:13:59.186+0000] {logging_mixin.py:190} INFO - [2026-04-10T01:13:59.186+0000] {dag.py:4180} INFO - Setting next_dagrun for example_subdag_operator.section-1 to None, run_after=None
[2026-04-10T01:13:59.186+0000] {logging_mixin.py:190} INFO - [2026-04-10T01:13:59.186+0000] {dag.py:4180} INFO - Setting next_dagrun for example_subdag_operator.section-2 to None, run_after=None
[2026-04-10T01:13:59.189+0000] {logging_mixin.py:190} INFO - [2026-04-10T01:13:59.189+0000] {dag.py:3239} INFO - Sync 2 DAGs
[2026-04-10T01:13:59.192+0000] {logging_mixin.py:190} INFO - [2026-04-10T01:13:59.192+0000] {dag.py:4180} INFO - Setting next_dagrun for example_subdag_operator.section-1 to None, run_after=None
[2026-04-10T01:13:59.193+0000] {logging_mixin.py:190} INFO - [2026-04-10T01:13:59.193+0000] {dag.py:4180} INFO - Setting next_dagrun for example_subdag_operator.section-2 to None, run_after=None
[2026-04-10T01:13:59.200+0000] {processor.py:208} INFO - Processing /home/airflow/.local/lib/python3.12/site-packages/airflow/example_dags/example_subdag_operator.py took 0.047 seconds
[2026-04-10T01:29:26.642+0000] {processor.py:186} INFO - Started process (PID=79151) to work on /home/airflow/.local/lib/python3.12/site-packages/airflow/example_dags/example_subdag_operator.py
[2026-04-10T01:29:26.643+0000] {processor.py:914} INFO - Processing file /home/airflow/.local/lib/python3.12/site-packages/airflow/example_dags/example_subdag_operator.py for tasks to queue
[2026-04-10T01:29:26.643+0000] {logging_mixin.py:190} INFO - [2026-04-10T01:29:26.643+0000] {dagbag.py:588} INFO - Filling up the DagBag from /home/airflow/.local/lib/python3.12/site-packages/airflow/example_dags/example_subdag_operator.py
[2026-04-10T01:29:26.653+0000] {processor.py:925} INFO - DAG(s) 'example_subdag_operator.section-1', 'example_subdag_operator.section-2', 'example_subdag_operator' retrieved from /home/airflow/.local/lib/python3.12/site-packages/airflow/example_dags/example_subdag_operator.py
[2026-04-10T01:29:26.658+0000] {logging_mixin.py:190} INFO - [2026-04-10T01:29:26.658+0000] {dag.py:3239} INFO - Sync 3 DAGs
[2026-04-10T01:29:26.665+0000] {logging_mixin.py:190} INFO - [2026-04-10T01:29:26.665+0000] {dag.py:4180} INFO - Setting next_dagrun for example_subdag_operator to 2022-01-01 00:00:00+00:00, run_after=2022-01-01 00:00:00+00:00
[2026-04-10T01:29:26.666+0000] {logging_mixin.py:190} INFO - [2026-04-10T01:29:26.666+0000] {dag.py:4180} INFO - Setting next_dagrun for example_subdag_operator.section-1 to None, run_after=None
[2026-04-10T01:29:26.667+0000] {logging_mixin.py:190} INFO - [2026-04-10T01:29:26.667+0000] {dag.py:4180} INFO - Setting next_dagrun for example_subdag_operator.section-2 to None, run_after=None
[2026-04-10T01:29:26.669+0000] {logging_mixin.py:190} INFO - [2026-04-10T01:29:26.669+0000] {dag.py:3239} INFO - Sync 2 DAGs
[2026-04-10T01:29:26.671+0000] {logging_mixin.py:190} INFO - [2026-04-10T01:29:26.671+0000] {dag.py:4180} INFO - Setting next_dagrun for example_subdag_operator.section-1 to None, run_after=None
[2026-04-10T01:29:26.671+0000] {logging_mixin.py:190} INFO - [2026-04-10T01:29:26.671+0000] {dag.py:4180} INFO - Setting next_dagrun for example_subdag_operator.section-2 to None, run_after=None
[2026-04-10T01:29:26.674+0000] {processor.py:208} INFO - Processing /home/airflow/.local/lib/python3.12/site-packages/airflow/example_dags/example_subdag_operator.py took 0.034 seconds
[2026-04-10T01:29:57.120+0000] {processor.py:186} INFO - Started process (PID=79215) to work on /home/airflow/.local/lib/python3.12/site-packages/airflow/example_dags/example_subdag_operator.py
[2026-04-10T01:29:57.120+0000] {processor.py:914} INFO - Processing file /home/airflow/.local/lib/python3.12/site-packages/airflow/example_dags/example_subdag_operator.py for tasks to queue
[2026-04-10T01:29:57.121+0000] {logging_mixin.py:190} INFO - [2026-04-10T01:29:57.120+0000] {dagbag.py:588} INFO - Filling up the DagBag from /home/airflow/.local/lib/python3.12/site-packages/airflow/example_dags/example_subdag_operator.py
[2026-04-10T01:29:57.130+0000] {processor.py:925} INFO - DAG(s) 'example_subdag_operator.section-1', 'example_subdag_operator.section-2', 'example_subdag_operator' retrieved from /home/airflow/.local/lib/python3.12/site-packages/airflow/example_dags/example_subdag_operator.py
[2026-04-10T01:29:57.135+0000] {logging_mixin.py:190} INFO - [2026-04-10T01:29:57.135+0000] {dag.py:3239} INFO - Sync 3 DAGs
[2026-04-10T01:29:57.142+0000] {logging_mixin.py:190} INFO - [2026-04-10T01:29:57.142+0000] {dag.py:4180} INFO - Setting next_dagrun for example_subdag_operator to 2022-01-01 00:00:00+00:00, run_after=2022-01-01 00:00:00+00:00
[2026-04-10T01:29:57.144+0000] {logging_mixin.py:190} INFO - [2026-04-10T01:29:57.143+0000] {dag.py:4180} INFO - Setting next_dagrun for example_subdag_operator.section-1 to None, run_after=None
[2026-04-10T01:29:57.144+0000] {logging_mixin.py:190} INFO - [2026-04-10T01:29:57.144+0000] {dag.py:4180} INFO - Setting next_dagrun for example_subdag_operator.section-2 to None, run_after=None
[2026-04-10T01:29:57.146+0000] {logging_mixin.py:190} INFO - [2026-04-10T01:29:57.146+0000] {dag.py:3239} INFO - Sync 2 DAGs
[2026-04-10T01:29:57.148+0000] {logging_mixin.py:190} INFO - [2026-04-10T01:29:57.148+0000] {dag.py:4180} INFO - Setting next_dagrun for example_subdag_operator.section-1 to None, run_after=None
[2026-04-10T01:29:57.148+0000] {logging_mixin.py:190} INFO - [2026-04-10T01:29:57.148+0000] {dag.py:4180} INFO - Setting next_dagrun for example_subdag_operator.section-2 to None, run_after=None
[2026-04-10T01:29:57.151+0000] {processor.py:208} INFO - Processing /home/airflow/.local/lib/python3.12/site-packages/airflow/example_dags/example_subdag_operator.py took 0.034 seconds
[2026-04-10T01:43:16.427+0000] {processor.py:186} INFO - Started process (PID=79279) to work on /home/airflow/.local/lib/python3.12/site-packages/airflow/example_dags/example_subdag_operator.py
[2026-04-10T01:43:16.428+0000] {processor.py:914} INFO - Processing file /home/airflow/.local/lib/python3.12/site-packages/airflow/example_dags/example_subdag_operator.py for tasks to queue
[2026-04-10T01:43:16.428+0000] {logging_mixin.py:190} INFO - [2026-04-10T01:43:16.428+0000] {dagbag.py:588} INFO - Filling up the DagBag from /home/airflow/.local/lib/python3.12/site-packages/airflow/example_dags/example_subdag_operator.py
[2026-04-10T01:43:16.437+0000] {processor.py:925} INFO - DAG(s) 'example_subdag_operator.section-1', 'example_subdag_operator.section-2', 'example_subdag_operator' retrieved from /home/airflow/.local/lib/python3.12/site-packages/airflow/example_dags/example_subdag_operator.py
[2026-04-10T01:43:16.442+0000] {logging_mixin.py:190} INFO - [2026-04-10T01:43:16.442+0000] {dag.py:3239} INFO - Sync 3 DAGs
[2026-04-10T01:43:16.449+0000] {logging_mixin.py:190} INFO - [2026-04-10T01:43:16.449+0000] {dag.py:4180} INFO - Setting next_dagrun for example_subdag_operator to 2022-01-01 00:00:00+00:00, run_after=2022-01-01 00:00:00+00:00
[2026-04-10T01:43:16.450+0000] {logging_mixin.py:190} INFO - [2026-04-10T01:43:16.450+0000] {dag.py:4180} INFO - Setting next_dagrun for example_subdag_operator.section-1 to None, run_after=None
[2026-04-10T01:43:16.451+0000] {logging_mixin.py:190} INFO - [2026-04-10T01:43:16.451+0000] {dag.py:4180} INFO - Setting next_dagrun for example_subdag_operator.section-2 to None, run_after=None
[2026-04-10T01:43:16.453+0000] {logging_mixin.py:190} INFO - [2026-04-10T01:43:16.453+0000] {dag.py:3239} INFO - Sync 2 DAGs
[2026-04-10T01:43:16.454+0000] {logging_mixin.py:190} INFO - [2026-04-10T01:43:16.454+0000] {dag.py:4180} INFO - Setting next_dagrun for example_subdag_operator.section-1 to None, run_after=None
[2026-04-10T01:43:16.454+0000] {logging_mixin.py:190} INFO - [2026-04-10T01:43:16.454+0000] {dag.py:4180} INFO - Setting next_dagrun for example_subdag_operator.section-2 to None, run_after=None
[2026-04-10T01:43:16.457+0000] {processor.py:208} INFO - Processing /home/airflow/.local/lib/python3.12/site-packages/airflow/example_dags/example_subdag_operator.py took 0.032 seconds
[2026-04-10T01:58:48.283+0000] {processor.py:186} INFO - Started process (PID=79343) to work on /home/airflow/.local/lib/python3.12/site-packages/airflow/example_dags/example_subdag_operator.py
[2026-04-10T01:58:48.284+0000] {processor.py:914} INFO - Processing file /home/airflow/.local/lib/python3.12/site-packages/airflow/example_dags/example_subdag_operator.py for tasks to queue
[2026-04-10T01:58:48.285+0000] {logging_mixin.py:190} INFO - [2026-04-10T01:58:48.285+0000] {dagbag.py:588} INFO - Filling up the DagBag from /home/airflow/.local/lib/python3.12/site-packages/airflow/example_dags/example_subdag_operator.py
[2026-04-10T01:58:48.300+0000] {processor.py:925} INFO - DAG(s) 'example_subdag_operator.section-1', 'example_subdag_operator.section-2', 'example_subdag_operator' retrieved from /home/airflow/.local/lib/python3.12/site-packages/airflow/example_dags/example_subdag_operator.py
[2026-04-10T01:58:48.310+0000] {logging_mixin.py:190} INFO - [2026-04-10T01:58:48.310+0000] {dag.py:3239} INFO - Sync 3 DAGs
[2026-04-10T01:58:48.318+0000] {logging_mixin.py:190} INFO - [2026-04-10T01:58:48.318+0000] {dag.py:4180} INFO - Setting next_dagrun for example_subdag_operator to 2022-01-01 00:00:00+00:00, run_after=2022-01-01 00:00:00+00:00
[2026-04-10T01:58:48.319+0000] {logging_mixin.py:190} INFO - [2026-04-10T01:58:48.319+0000] {dag.py:4180} INFO - Setting next_dagrun for example_subdag_operator.section-1 to None, run_after=None
[2026-04-10T01:58:48.319+0000] {logging_mixin.py:190} INFO - [2026-04-10T01:58:48.319+0000] {dag.py:4180} INFO - Setting next_dagrun for example_subdag_operator.section-2 to None, run_after=None
[2026-04-10T01:58:48.322+0000] {logging_mixin.py:190} INFO - [2026-04-10T01:58:48.322+0000] {dag.py:3239} INFO - Sync 2 DAGs
[2026-04-10T01:58:48.323+0000] {logging_mixin.py:190} INFO - [2026-04-10T01:58:48.323+0000] {dag.py:4180} INFO - Setting next_dagrun for example_subdag_operator.section-1 to None, run_after=None
[2026-04-10T01:58:48.324+0000] {logging_mixin.py:190} INFO - [2026-04-10T01:58:48.324+0000] {dag.py:4180} INFO - Setting next_dagrun for example_subdag_operator.section-2 to None, run_after=None
[2026-04-10T01:58:48.327+0000] {processor.py:208} INFO - Processing /home/airflow/.local/lib/python3.12/site-packages/airflow/example_dags/example_subdag_operator.py took 0.046 seconds
[2026-04-10T01:59:19.577+0000] {processor.py:186} INFO - Started process (PID=79406) to work on /home/airflow/.local/lib/python3.12/site-packages/airflow/example_dags/example_subdag_operator.py
[2026-04-10T01:59:19.577+0000] {processor.py:914} INFO - Processing file /home/airflow/.local/lib/python3.12/site-packages/airflow/example_dags/example_subdag_operator.py for tasks to queue
[2026-04-10T01:59:19.578+0000] {logging_mixin.py:190} INFO - [2026-04-10T01:59:19.577+0000] {dagbag.py:588} INFO - Filling up the DagBag from /home/airflow/.local/lib/python3.12/site-packages/airflow/example_dags/example_subdag_operator.py
[2026-04-10T01:59:19.586+0000] {processor.py:925} INFO - DAG(s) 'example_subdag_operator.section-1', 'example_subdag_operator.section-2', 'example_subdag_operator' retrieved from /home/airflow/.local/lib/python3.12/site-packages/airflow/example_dags/example_subdag_operator.py
[2026-04-10T01:59:19.590+0000] {logging_mixin.py:190} INFO - [2026-04-10T01:59:19.590+0000] {dag.py:3239} INFO - Sync 3 DAGs
[2026-04-10T01:59:19.597+0000] {logging_mixin.py:190} INFO - [2026-04-10T01:59:19.597+0000] {dag.py:4180} INFO - Setting next_dagrun for example_subdag_operator to 2022-01-01 00:00:00+00:00, run_after=2022-01-01 00:00:00+00:00
[2026-04-10T01:59:19.598+0000] {logging_mixin.py:190} INFO - [2026-04-10T01:59:19.598+0000] {dag.py:4180} INFO - Setting next_dagrun for example_subdag_operator.section-1 to None, run_after=None
[2026-04-10T01:59:19.599+0000] {logging_mixin.py:190} INFO - [2026-04-10T01:59:19.599+0000] {dag.py:4180} INFO - Setting next_dagrun for example_subdag_operator.section-2 to None, run_after=None
[2026-04-10T01:59:19.601+0000] {logging_mixin.py:190} INFO - [2026-04-10T01:59:19.601+0000] {dag.py:3239} INFO - Sync 2 DAGs
[2026-04-10T01:59:19.602+0000] {logging_mixin.py:190} INFO - [2026-04-10T01:59:19.602+0000] {dag.py:4180} INFO - Setting next_dagrun for example_subdag_operator.section-1 to None, run_after=None
[2026-04-10T01:59:19.602+0000] {logging_mixin.py:190} INFO - [2026-04-10T01:59:19.602+0000] {dag.py:4180} INFO - Setting next_dagrun for example_subdag_operator.section-2 to None, run_after=None
[2026-04-10T01:59:19.605+0000] {processor.py:208} INFO - Processing /home/airflow/.local/lib/python3.12/site-packages/airflow/example_dags/example_subdag_operator.py took 0.030 seconds
[2026-04-10T02:14:51.992+0000] {processor.py:186} INFO - Started process (PID=79471) to work on /home/airflow/.local/lib/python3.12/site-packages/airflow/example_dags/example_subdag_operator.py
[2026-04-10T02:14:51.993+0000] {processor.py:914} INFO - Processing file /home/airflow/.local/lib/python3.12/site-packages/airflow/example_dags/example_subdag_operator.py for tasks to queue
[2026-04-10T02:14:51.993+0000] {logging_mixin.py:190} INFO - [2026-04-10T02:14:51.993+0000] {dagbag.py:588} INFO - Filling up the DagBag from /home/airflow/.local/lib/python3.12/site-packages/airflow/example_dags/example_subdag_operator.py
[2026-04-10T02:14:52.003+0000] {processor.py:925} INFO - DAG(s) 'example_subdag_operator.section-1', 'example_subdag_operator.section-2', 'example_subdag_operator' retrieved from /home/airflow/.local/lib/python3.12/site-packages/airflow/example_dags/example_subdag_operator.py
[2026-04-10T02:14:52.008+0000] {logging_mixin.py:190} INFO - [2026-04-10T02:14:52.008+0000] {dag.py:3239} INFO - Sync 3 DAGs
[2026-04-10T02:14:52.016+0000] {logging_mixin.py:190} INFO - [2026-04-10T02:14:52.016+0000] {dag.py:4180} INFO - Setting next_dagrun for example_subdag_operator to 2022-01-01 00:00:00+00:00, run_after=2022-01-01 00:00:00+00:00
[2026-04-10T02:14:52.017+0000] {logging_mixin.py:190} INFO - [2026-04-10T02:14:52.017+0000] {dag.py:4180} INFO - Setting next_dagrun for example_subdag_operator.section-1 to None, run_after=None
[2026-04-10T02:14:52.018+0000] {logging_mixin.py:190} INFO - [2026-04-10T02:14:52.018+0000] {dag.py:4180} INFO - Setting next_dagrun for example_subdag_operator.section-2 to None, run_after=None
[2026-04-10T02:14:52.020+0000] {logging_mixin.py:190} INFO - [2026-04-10T02:14:52.020+0000] {dag.py:3239} INFO - Sync 2 DAGs
[2026-04-10T02:14:52.021+0000] {logging_mixin.py:190} INFO - [2026-04-10T02:14:52.021+0000] {dag.py:4180} INFO - Setting next_dagrun for example_subdag_operator.section-1 to None, run_after=None
[2026-04-10T02:14:52.022+0000] {logging_mixin.py:190} INFO - [2026-04-10T02:14:52.021+0000] {dag.py:4180} INFO - Setting next_dagrun for example_subdag_operator.section-2 to None, run_after=None
[2026-04-10T02:14:52.025+0000] {processor.py:208} INFO - Processing /home/airflow/.local/lib/python3.12/site-packages/airflow/example_dags/example_subdag_operator.py took 0.034 seconds
[2026-04-10T02:20:02.661+0000] {processor.py:186} INFO - Started process (PID=79535) to work on /home/airflow/.local/lib/python3.12/site-packages/airflow/example_dags/example_subdag_operator.py
[2026-04-10T02:20:02.661+0000] {processor.py:914} INFO - Processing file /home/airflow/.local/lib/python3.12/site-packages/airflow/example_dags/example_subdag_operator.py for tasks to queue
[2026-04-10T02:20:02.662+0000] {logging_mixin.py:190} INFO - [2026-04-10T02:20:02.662+0000] {dagbag.py:588} INFO - Filling up the DagBag from /home/airflow/.local/lib/python3.12/site-packages/airflow/example_dags/example_subdag_operator.py
[2026-04-10T02:20:02.675+0000] {processor.py:925} INFO - DAG(s) 'example_subdag_operator.section-1', 'example_subdag_operator.section-2', 'example_subdag_operator' retrieved from /home/airflow/.local/lib/python3.12/site-packages/airflow/example_dags/example_subdag_operator.py
[2026-04-10T02:20:02.682+0000] {logging_mixin.py:190} INFO - [2026-04-10T02:20:02.682+0000] {dag.py:3239} INFO - Sync 3 DAGs
[2026-04-10T02:20:02.693+0000] {logging_mixin.py:190} INFO - [2026-04-10T02:20:02.693+0000] {dag.py:4180} INFO - Setting next_dagrun for example_subdag_operator to 2022-01-01 00:00:00+00:00, run_after=2022-01-01 00:00:00+00:00
[2026-04-10T02:20:02.695+0000] {logging_mixin.py:190} INFO - [2026-04-10T02:20:02.695+0000] {dag.py:4180} INFO - Setting next_dagrun for example_subdag_operator.section-1 to None, run_after=None
[2026-04-10T02:20:02.695+0000] {logging_mixin.py:190} INFO - [2026-04-10T02:20:02.695+0000] {dag.py:4180} INFO - Setting next_dagrun for example_subdag_operator.section-2 to None, run_after=None
[2026-04-10T02:20:02.699+0000] {logging_mixin.py:190} INFO - [2026-04-10T02:20:02.698+0000] {dag.py:3239} INFO - Sync 2 DAGs
[2026-04-10T02:20:02.701+0000] {logging_mixin.py:190} INFO - [2026-04-10T02:20:02.701+0000] {dag.py:4180} INFO - Setting next_dagrun for example_subdag_operator.section-1 to None, run_after=None
[2026-04-10T02:20:02.701+0000] {logging_mixin.py:190} INFO - [2026-04-10T02:20:02.701+0000] {dag.py:4180} INFO - Setting next_dagrun for example_subdag_operator.section-2 to None, run_after=None
[2026-04-10T02:20:02.705+0000] {processor.py:208} INFO - Processing /home/airflow/.local/lib/python3.12/site-packages/airflow/example_dags/example_subdag_operator.py took 0.048 seconds
[2026-04-10T02:20:33.257+0000] {processor.py:186} INFO - Started process (PID=79598) to work on /home/airflow/.local/lib/python3.12/site-packages/airflow/example_dags/example_subdag_operator.py
[2026-04-10T02:20:33.258+0000] {processor.py:914} INFO - Processing file /home/airflow/.local/lib/python3.12/site-packages/airflow/example_dags/example_subdag_operator.py for tasks to queue
[2026-04-10T02:20:33.258+0000] {logging_mixin.py:190} INFO - [2026-04-10T02:20:33.258+0000] {dagbag.py:588} INFO - Filling up the DagBag from /home/airflow/.local/lib/python3.12/site-packages/airflow/example_dags/example_subdag_operator.py
[2026-04-10T02:20:33.268+0000] {processor.py:925} INFO - DAG(s) 'example_subdag_operator.section-1', 'example_subdag_operator.section-2', 'example_subdag_operator' retrieved from /home/airflow/.local/lib/python3.12/site-packages/airflow/example_dags/example_subdag_operator.py
[2026-04-10T02:20:33.276+0000] {logging_mixin.py:190} INFO - [2026-04-10T02:20:33.276+0000] {dag.py:3239} INFO - Sync 3 DAGs
[2026-04-10T02:20:33.284+0000] {logging_mixin.py:190} INFO - [2026-04-10T02:20:33.284+0000] {dag.py:4180} INFO - Setting next_dagrun for example_subdag_operator to 2022-01-01 00:00:00+00:00, run_after=2022-01-01 00:00:00+00:00
[2026-04-10T02:20:33.285+0000] {logging_mixin.py:190} INFO - [2026-04-10T02:20:33.285+0000] {dag.py:4180} INFO - Setting next_dagrun for example_subdag_operator.section-1 to None, run_after=None
[2026-04-10T02:20:33.286+0000] {logging_mixin.py:190} INFO - [2026-04-10T02:20:33.286+0000] {dag.py:4180} INFO - Setting next_dagrun for example_subdag_operator.section-2 to None, run_after=None
[2026-04-10T02:20:33.288+0000] {logging_mixin.py:190} INFO - [2026-04-10T02:20:33.288+0000] {dag.py:3239} INFO - Sync 2 DAGs
[2026-04-10T02:20:33.290+0000] {logging_mixin.py:190} INFO - [2026-04-10T02:20:33.290+0000] {dag.py:4180} INFO - Setting next_dagrun for example_subdag_operator.section-1 to None, run_after=None
[2026-04-10T02:20:33.290+0000] {logging_mixin.py:190} INFO - [2026-04-10T02:20:33.290+0000] {dag.py:4180} INFO - Setting next_dagrun for example_subdag_operator.section-2 to None, run_after=None
[2026-04-10T02:20:33.293+0000] {processor.py:208} INFO - Processing /home/airflow/.local/lib/python3.12/site-packages/airflow/example_dags/example_subdag_operator.py took 0.039 seconds
[2026-04-10T02:38:22.120+0000] {processor.py:186} INFO - Started process (PID=79663) to work on /home/airflow/.local/lib/python3.12/site-packages/airflow/example_dags/example_subdag_operator.py
[2026-04-10T02:38:22.121+0000] {processor.py:914} INFO - Processing file /home/airflow/.local/lib/python3.12/site-packages/airflow/example_dags/example_subdag_operator.py for tasks to queue
[2026-04-10T02:38:22.122+0000] {logging_mixin.py:190} INFO - [2026-04-10T02:38:22.122+0000] {dagbag.py:588} INFO - Filling up the DagBag from /home/airflow/.local/lib/python3.12/site-packages/airflow/example_dags/example_subdag_operator.py
[2026-04-10T02:38:22.137+0000] {processor.py:925} INFO - DAG(s) 'example_subdag_operator.section-1', 'example_subdag_operator.section-2', 'example_subdag_operator' retrieved from /home/airflow/.local/lib/python3.12/site-packages/airflow/example_dags/example_subdag_operator.py
[2026-04-10T02:38:22.143+0000] {logging_mixin.py:190} INFO - [2026-04-10T02:38:22.143+0000] {dag.py:3239} INFO - Sync 3 DAGs
[2026-04-10T02:38:22.151+0000] {logging_mixin.py:190} INFO - [2026-04-10T02:38:22.151+0000] {dag.py:4180} INFO - Setting next_dagrun for example_subdag_operator to 2022-01-01 00:00:00+00:00, run_after=2022-01-01 00:00:00+00:00
[2026-04-10T02:38:22.153+0000] {logging_mixin.py:190} INFO - [2026-04-10T02:38:22.153+0000] {dag.py:4180} INFO - Setting next_dagrun for example_subdag_operator.section-1 to None, run_after=None
[2026-04-10T02:38:22.153+0000] {logging_mixin.py:190} INFO - [2026-04-10T02:38:22.153+0000] {dag.py:4180} INFO - Setting next_dagrun for example_subdag_operator.section-2 to None, run_after=None
[2026-04-10T02:38:22.156+0000] {logging_mixin.py:190} INFO - [2026-04-10T02:38:22.156+0000] {dag.py:3239} INFO - Sync 2 DAGs
[2026-04-10T02:38:22.158+0000] {logging_mixin.py:190} INFO - [2026-04-10T02:38:22.158+0000] {dag.py:4180} INFO - Setting next_dagrun for example_subdag_operator.section-1 to None, run_after=None
[2026-04-10T02:38:22.158+0000] {logging_mixin.py:190} INFO - [2026-04-10T02:38:22.158+0000] {dag.py:4180} INFO - Setting next_dagrun for example_subdag_operator.section-2 to None, run_after=None
[2026-04-10T02:38:22.161+0000] {processor.py:208} INFO - Processing /home/airflow/.local/lib/python3.12/site-packages/airflow/example_dags/example_subdag_operator.py took 0.043 seconds
[2026-04-10T02:44:08.996+0000] {processor.py:186} INFO - Started process (PID=79727) to work on /home/airflow/.local/lib/python3.12/site-packages/airflow/example_dags/example_subdag_operator.py
[2026-04-10T02:44:08.997+0000] {processor.py:914} INFO - Processing file /home/airflow/.local/lib/python3.12/site-packages/airflow/example_dags/example_subdag_operator.py for tasks to queue
[2026-04-10T02:44:08.997+0000] {logging_mixin.py:190} INFO - [2026-04-10T02:44:08.997+0000] {dagbag.py:588} INFO - Filling up the DagBag from /home/airflow/.local/lib/python3.12/site-packages/airflow/example_dags/example_subdag_operator.py
[2026-04-10T02:44:09.006+0000] {processor.py:925} INFO - DAG(s) 'example_subdag_operator.section-1', 'example_subdag_operator.section-2', 'example_subdag_operator' retrieved from /home/airflow/.local/lib/python3.12/site-packages/airflow/example_dags/example_subdag_operator.py
[2026-04-10T02:44:09.011+0000] {logging_mixin.py:190} INFO - [2026-04-10T02:44:09.011+0000] {dag.py:3239} INFO - Sync 3 DAGs
[2026-04-10T02:44:09.018+0000] {logging_mixin.py:190} INFO - [2026-04-10T02:44:09.018+0000] {dag.py:4180} INFO - Setting next_dagrun for example_subdag_operator to 2022-01-01 00:00:00+00:00, run_after=2022-01-01 00:00:00+00:00
[2026-04-10T02:44:09.019+0000] {logging_mixin.py:190} INFO - [2026-04-10T02:44:09.019+0000] {dag.py:4180} INFO - Setting next_dagrun for example_subdag_operator.section-1 to None, run_after=None
[2026-04-10T02:44:09.020+0000] {logging_mixin.py:190} INFO - [2026-04-10T02:44:09.020+0000] {dag.py:4180} INFO - Setting next_dagrun for example_subdag_operator.section-2 to None, run_after=None
[2026-04-10T02:44:09.022+0000] {logging_mixin.py:190} INFO - [2026-04-10T02:44:09.022+0000] {dag.py:3239} INFO - Sync 2 DAGs
[2026-04-10T02:44:09.023+0000] {logging_mixin.py:190} INFO - [2026-04-10T02:44:09.023+0000] {dag.py:4180} INFO - Setting next_dagrun for example_subdag_operator.section-1 to None, run_after=None
[2026-04-10T02:44:09.023+0000] {logging_mixin.py:190} INFO - [2026-04-10T02:44:09.023+0000] {dag.py:4180} INFO - Setting next_dagrun for example_subdag_operator.section-2 to None, run_after=None
[2026-04-10T02:44:09.026+0000] {processor.py:208} INFO - Processing /home/airflow/.local/lib/python3.12/site-packages/airflow/example_dags/example_subdag_operator.py took 0.032 seconds
[2026-04-10T02:59:40.587+0000] {processor.py:186} INFO - Started process (PID=79791) to work on /home/airflow/.local/lib/python3.12/site-packages/airflow/example_dags/example_subdag_operator.py
[2026-04-10T02:59:40.587+0000] {processor.py:914} INFO - Processing file /home/airflow/.local/lib/python3.12/site-packages/airflow/example_dags/example_subdag_operator.py for tasks to queue
[2026-04-10T02:59:40.588+0000] {logging_mixin.py:190} INFO - [2026-04-10T02:59:40.588+0000] {dagbag.py:588} INFO - Filling up the DagBag from /home/airflow/.local/lib/python3.12/site-packages/airflow/example_dags/example_subdag_operator.py
[2026-04-10T02:59:40.598+0000] {processor.py:925} INFO - DAG(s) 'example_subdag_operator.section-1', 'example_subdag_operator.section-2', 'example_subdag_operator' retrieved from /home/airflow/.local/lib/python3.12/site-packages/airflow/example_dags/example_subdag_operator.py
[2026-04-10T02:59:40.604+0000] {logging_mixin.py:190} INFO - [2026-04-10T02:59:40.604+0000] {dag.py:3239} INFO - Sync 3 DAGs
[2026-04-10T02:59:40.612+0000] {logging_mixin.py:190} INFO - [2026-04-10T02:59:40.612+0000] {dag.py:4180} INFO - Setting next_dagrun for example_subdag_operator to 2022-01-01 00:00:00+00:00, run_after=2022-01-01 00:00:00+00:00
[2026-04-10T02:59:40.613+0000] {logging_mixin.py:190} INFO - [2026-04-10T02:59:40.613+0000] {dag.py:4180} INFO - Setting next_dagrun for example_subdag_operator.section-1 to None, run_after=None
[2026-04-10T02:59:40.613+0000] {logging_mixin.py:190} INFO - [2026-04-10T02:59:40.613+0000] {dag.py:4180} INFO - Setting next_dagrun for example_subdag_operator.section-2 to None, run_after=None
[2026-04-10T02:59:40.616+0000] {logging_mixin.py:190} INFO - [2026-04-10T02:59:40.616+0000] {dag.py:3239} INFO - Sync 2 DAGs
[2026-04-10T02:59:40.617+0000] {logging_mixin.py:190} INFO - [2026-04-10T02:59:40.617+0000] {dag.py:4180} INFO - Setting next_dagrun for example_subdag_operator.section-1 to None, run_after=None
[2026-04-10T02:59:40.618+0000] {logging_mixin.py:190} INFO - [2026-04-10T02:59:40.618+0000] {dag.py:4180} INFO - Setting next_dagrun for example_subdag_operator.section-2 to None, run_after=None
[2026-04-10T02:59:40.621+0000] {processor.py:208} INFO - Processing /home/airflow/.local/lib/python3.12/site-packages/airflow/example_dags/example_subdag_operator.py took 0.036 seconds
[2026-04-10T03:00:10.894+0000] {processor.py:186} INFO - Started process (PID=79854) to work on /home/airflow/.local/lib/python3.12/site-packages/airflow/example_dags/example_subdag_operator.py
[2026-04-10T03:00:10.894+0000] {processor.py:914} INFO - Processing file /home/airflow/.local/lib/python3.12/site-packages/airflow/example_dags/example_subdag_operator.py for tasks to queue
[2026-04-10T03:00:10.895+0000] {logging_mixin.py:190} INFO - [2026-04-10T03:00:10.894+0000] {dagbag.py:588} INFO - Filling up the DagBag from /home/airflow/.local/lib/python3.12/site-packages/airflow/example_dags/example_subdag_operator.py
[2026-04-10T03:00:10.912+0000] {processor.py:925} INFO - DAG(s) 'example_subdag_operator.section-1', 'example_subdag_operator.section-2', 'example_subdag_operator' retrieved from /home/airflow/.local/lib/python3.12/site-packages/airflow/example_dags/example_subdag_operator.py
[2026-04-10T03:00:10.919+0000] {logging_mixin.py:190} INFO - [2026-04-10T03:00:10.919+0000] {dag.py:3239} INFO - Sync 3 DAGs
[2026-04-10T03:00:10.932+0000] {logging_mixin.py:190} INFO - [2026-04-10T03:00:10.932+0000] {dag.py:4180} INFO - Setting next_dagrun for example_subdag_operator to 2022-01-01 00:00:00+00:00, run_after=2022-01-01 00:00:00+00:00
[2026-04-10T03:00:10.937+0000] {logging_mixin.py:190} INFO - [2026-04-10T03:00:10.937+0000] {dag.py:4180} INFO - Setting next_dagrun for example_subdag_operator.section-1 to None, run_after=None
[2026-04-10T03:00:10.937+0000] {logging_mixin.py:190} INFO - [2026-04-10T03:00:10.937+0000] {dag.py:4180} INFO - Setting next_dagrun for example_subdag_operator.section-2 to None, run_after=None
[2026-04-10T03:00:10.939+0000] {logging_mixin.py:190} INFO - [2026-04-10T03:00:10.939+0000] {dag.py:3239} INFO - Sync 2 DAGs
[2026-04-10T03:00:10.941+0000] {logging_mixin.py:190} INFO - [2026-04-10T03:00:10.941+0000] {dag.py:4180} INFO - Setting next_dagrun for example_subdag_operator.section-1 to None, run_after=None
[2026-04-10T03:00:10.941+0000] {logging_mixin.py:190} INFO - [2026-04-10T03:00:10.941+0000] {dag.py:4180} INFO - Setting next_dagrun for example_subdag_operator.section-2 to None, run_after=None
[2026-04-10T03:00:10.944+0000] {processor.py:208} INFO - Processing /home/airflow/.local/lib/python3.12/site-packages/airflow/example_dags/example_subdag_operator.py took 0.052 seconds
[2026-04-10T03:15:41.703+0000] {processor.py:186} INFO - Started process (PID=79919) to work on /home/airflow/.local/lib/python3.12/site-packages/airflow/example_dags/example_subdag_operator.py
[2026-04-10T03:15:41.704+0000] {processor.py:914} INFO - Processing file /home/airflow/.local/lib/python3.12/site-packages/airflow/example_dags/example_subdag_operator.py for tasks to queue
[2026-04-10T03:15:41.704+0000] {logging_mixin.py:190} INFO - [2026-04-10T03:15:41.704+0000] {dagbag.py:588} INFO - Filling up the DagBag from /home/airflow/.local/lib/python3.12/site-packages/airflow/example_dags/example_subdag_operator.py
[2026-04-10T03:15:41.714+0000] {processor.py:925} INFO - DAG(s) 'example_subdag_operator.section-1', 'example_subdag_operator.section-2', 'example_subdag_operator' retrieved from /home/airflow/.local/lib/python3.12/site-packages/airflow/example_dags/example_subdag_operator.py
[2026-04-10T03:15:41.718+0000] {logging_mixin.py:190} INFO - [2026-04-10T03:15:41.718+0000] {dag.py:3239} INFO - Sync 3 DAGs
[2026-04-10T03:15:41.727+0000] {logging_mixin.py:190} INFO - [2026-04-10T03:15:41.727+0000] {dag.py:4180} INFO - Setting next_dagrun for example_subdag_operator to 2022-01-01 00:00:00+00:00, run_after=2022-01-01 00:00:00+00:00
[2026-04-10T03:15:41.728+0000] {logging_mixin.py:190} INFO - [2026-04-10T03:15:41.728+0000] {dag.py:4180} INFO - Setting next_dagrun for example_subdag_operator.section-1 to None, run_after=None
[2026-04-10T03:15:41.728+0000] {logging_mixin.py:190} INFO - [2026-04-10T03:15:41.728+0000] {dag.py:4180} INFO - Setting next_dagrun for example_subdag_operator.section-2 to None, run_after=None
[2026-04-10T03:15:41.731+0000] {logging_mixin.py:190} INFO - [2026-04-10T03:15:41.731+0000] {dag.py:3239} INFO - Sync 2 DAGs
[2026-04-10T03:15:41.732+0000] {logging_mixin.py:190} INFO - [2026-04-10T03:15:41.732+0000] {dag.py:4180} INFO - Setting next_dagrun for example_subdag_operator.section-1 to None, run_after=None
[2026-04-10T03:15:41.732+0000] {logging_mixin.py:190} INFO - [2026-04-10T03:15:41.732+0000] {dag.py:4180} INFO - Setting next_dagrun for example_subdag_operator.section-2 to None, run_after=None
[2026-04-10T03:15:41.735+0000] {processor.py:208} INFO - Processing /home/airflow/.local/lib/python3.12/site-packages/airflow/example_dags/example_subdag_operator.py took 0.034 seconds
[2026-04-10T03:23:21.326+0000] {processor.py:186} INFO - Started process (PID=79983) to work on /home/airflow/.local/lib/python3.12/site-packages/airflow/example_dags/example_subdag_operator.py
[2026-04-10T03:23:21.326+0000] {processor.py:914} INFO - Processing file /home/airflow/.local/lib/python3.12/site-packages/airflow/example_dags/example_subdag_operator.py for tasks to queue
[2026-04-10T03:23:21.327+0000] {logging_mixin.py:190} INFO - [2026-04-10T03:23:21.327+0000] {dagbag.py:588} INFO - Filling up the DagBag from /home/airflow/.local/lib/python3.12/site-packages/airflow/example_dags/example_subdag_operator.py
[2026-04-10T03:23:21.341+0000] {processor.py:925} INFO - DAG(s) 'example_subdag_operator.section-1', 'example_subdag_operator.section-2', 'example_subdag_operator' retrieved from /home/airflow/.local/lib/python3.12/site-packages/airflow/example_dags/example_subdag_operator.py
[2026-04-10T03:23:21.347+0000] {logging_mixin.py:190} INFO - [2026-04-10T03:23:21.347+0000] {dag.py:3239} INFO - Sync 3 DAGs
[2026-04-10T03:23:21.359+0000] {logging_mixin.py:190} INFO - [2026-04-10T03:23:21.359+0000] {dag.py:4180} INFO - Setting next_dagrun for example_subdag_operator to 2022-01-01 00:00:00+00:00, run_after=2022-01-01 00:00:00+00:00
[2026-04-10T03:23:21.361+0000] {logging_mixin.py:190} INFO - [2026-04-10T03:23:21.361+0000] {dag.py:4180} INFO - Setting next_dagrun for example_subdag_operator.section-1 to None, run_after=None
[2026-04-10T03:23:21.361+0000] {logging_mixin.py:190} INFO - [2026-04-10T03:23:21.361+0000] {dag.py:4180} INFO - Setting next_dagrun for example_subdag_operator.section-2 to None, run_after=None
[2026-04-10T03:23:21.365+0000] {logging_mixin.py:190} INFO - [2026-04-10T03:23:21.365+0000] {dag.py:3239} INFO - Sync 2 DAGs
[2026-04-10T03:23:21.368+0000] {logging_mixin.py:190} INFO - [2026-04-10T03:23:21.368+0000] {dag.py:4180} INFO - Setting next_dagrun for example_subdag_operator.section-1 to None, run_after=None
[2026-04-10T03:23:21.368+0000] {logging_mixin.py:190} INFO - [2026-04-10T03:23:21.368+0000] {dag.py:4180} INFO - Setting next_dagrun for example_subdag_operator.section-2 to None, run_after=None
[2026-04-10T03:23:21.374+0000] {processor.py:208} INFO - Processing /home/airflow/.local/lib/python3.12/site-packages/airflow/example_dags/example_subdag_operator.py took 0.052 seconds
[2026-04-10T03:23:52.014+0000] {processor.py:186} INFO - Started process (PID=80047) to work on /home/airflow/.local/lib/python3.12/site-packages/airflow/example_dags/example_subdag_operator.py
[2026-04-10T03:23:52.014+0000] {processor.py:914} INFO - Processing file /home/airflow/.local/lib/python3.12/site-packages/airflow/example_dags/example_subdag_operator.py for tasks to queue
[2026-04-10T03:23:52.015+0000] {logging_mixin.py:190} INFO - [2026-04-10T03:23:52.015+0000] {dagbag.py:588} INFO - Filling up the DagBag from /home/airflow/.local/lib/python3.12/site-packages/airflow/example_dags/example_subdag_operator.py
[2026-04-10T03:23:52.029+0000] {processor.py:925} INFO - DAG(s) 'example_subdag_operator.section-1', 'example_subdag_operator.section-2', 'example_subdag_operator' retrieved from /home/airflow/.local/lib/python3.12/site-packages/airflow/example_dags/example_subdag_operator.py
[2026-04-10T03:23:52.035+0000] {logging_mixin.py:190} INFO - [2026-04-10T03:23:52.035+0000] {dag.py:3239} INFO - Sync 3 DAGs
[2026-04-10T03:23:52.052+0000] {logging_mixin.py:190} INFO - [2026-04-10T03:23:52.052+0000] {dag.py:4180} INFO - Setting next_dagrun for example_subdag_operator to 2022-01-01 00:00:00+00:00, run_after=2022-01-01 00:00:00+00:00
[2026-04-10T03:23:52.054+0000] {logging_mixin.py:190} INFO - [2026-04-10T03:23:52.054+0000] {dag.py:4180} INFO - Setting next_dagrun for example_subdag_operator.section-1 to None, run_after=None
[2026-04-10T03:23:52.055+0000] {logging_mixin.py:190} INFO - [2026-04-10T03:23:52.055+0000] {dag.py:4180} INFO - Setting next_dagrun for example_subdag_operator.section-2 to None, run_after=None
[2026-04-10T03:23:52.060+0000] {logging_mixin.py:190} INFO - [2026-04-10T03:23:52.060+0000] {dag.py:3239} INFO - Sync 2 DAGs
[2026-04-10T03:23:52.064+0000] {logging_mixin.py:190} INFO - [2026-04-10T03:23:52.064+0000] {dag.py:4180} INFO - Setting next_dagrun for example_subdag_operator.section-1 to None, run_after=None
[2026-04-10T03:23:52.065+0000] {logging_mixin.py:190} INFO - [2026-04-10T03:23:52.065+0000] {dag.py:4180} INFO - Setting next_dagrun for example_subdag_operator.section-2 to None, run_after=None
[2026-04-10T03:23:52.072+0000] {processor.py:208} INFO - Processing /home/airflow/.local/lib/python3.12/site-packages/airflow/example_dags/example_subdag_operator.py took 0.062 seconds
[2026-04-10T03:24:22.588+0000] {processor.py:186} INFO - Started process (PID=80111) to work on /home/airflow/.local/lib/python3.12/site-packages/airflow/example_dags/example_subdag_operator.py
[2026-04-10T03:24:22.588+0000] {processor.py:914} INFO - Processing file /home/airflow/.local/lib/python3.12/site-packages/airflow/example_dags/example_subdag_operator.py for tasks to queue
[2026-04-10T03:24:22.589+0000] {logging_mixin.py:190} INFO - [2026-04-10T03:24:22.588+0000] {dagbag.py:588} INFO - Filling up the DagBag from /home/airflow/.local/lib/python3.12/site-packages/airflow/example_dags/example_subdag_operator.py
[2026-04-10T03:24:22.602+0000] {processor.py:925} INFO - DAG(s) 'example_subdag_operator.section-1', 'example_subdag_operator.section-2', 'example_subdag_operator' retrieved from /home/airflow/.local/lib/python3.12/site-packages/airflow/example_dags/example_subdag_operator.py
[2026-04-10T03:24:22.608+0000] {logging_mixin.py:190} INFO - [2026-04-10T03:24:22.608+0000] {dag.py:3239} INFO - Sync 3 DAGs
[2026-04-10T03:24:22.616+0000] {logging_mixin.py:190} INFO - [2026-04-10T03:24:22.616+0000] {dag.py:4180} INFO - Setting next_dagrun for example_subdag_operator to 2022-01-01 00:00:00+00:00, run_after=2022-01-01 00:00:00+00:00
[2026-04-10T03:24:22.617+0000] {logging_mixin.py:190} INFO - [2026-04-10T03:24:22.617+0000] {dag.py:4180} INFO - Setting next_dagrun for example_subdag_operator.section-1 to None, run_after=None
[2026-04-10T03:24:22.618+0000] {logging_mixin.py:190} INFO - [2026-04-10T03:24:22.618+0000] {dag.py:4180} INFO - Setting next_dagrun for example_subdag_operator.section-2 to None, run_after=None
[2026-04-10T03:24:22.621+0000] {logging_mixin.py:190} INFO - [2026-04-10T03:24:22.621+0000] {dag.py:3239} INFO - Sync 2 DAGs
[2026-04-10T03:24:22.624+0000] {logging_mixin.py:190} INFO - [2026-04-10T03:24:22.624+0000] {dag.py:4180} INFO - Setting next_dagrun for example_subdag_operator.section-1 to None, run_after=None
[2026-04-10T03:24:22.625+0000] {logging_mixin.py:190} INFO - [2026-04-10T03:24:22.625+0000] {dag.py:4180} INFO - Setting next_dagrun for example_subdag_operator.section-2 to None, run_after=None
[2026-04-10T03:24:22.630+0000] {processor.py:208} INFO - Processing /home/airflow/.local/lib/python3.12/site-packages/airflow/example_dags/example_subdag_operator.py took 0.044 seconds
[2026-04-10T03:24:52.782+0000] {processor.py:186} INFO - Started process (PID=80175) to work on /home/airflow/.local/lib/python3.12/site-packages/airflow/example_dags/example_subdag_operator.py
[2026-04-10T03:24:52.782+0000] {processor.py:914} INFO - Processing file /home/airflow/.local/lib/python3.12/site-packages/airflow/example_dags/example_subdag_operator.py for tasks to queue
[2026-04-10T03:24:52.783+0000] {logging_mixin.py:190} INFO - [2026-04-10T03:24:52.783+0000] {dagbag.py:588} INFO - Filling up the DagBag from /home/airflow/.local/lib/python3.12/site-packages/airflow/example_dags/example_subdag_operator.py
[2026-04-10T03:24:52.792+0000] {processor.py:925} INFO - DAG(s) 'example_subdag_operator.section-1', 'example_subdag_operator.section-2', 'example_subdag_operator' retrieved from /home/airflow/.local/lib/python3.12/site-packages/airflow/example_dags/example_subdag_operator.py
[2026-04-10T03:24:52.798+0000] {logging_mixin.py:190} INFO - [2026-04-10T03:24:52.798+0000] {dag.py:3239} INFO - Sync 3 DAGs
[2026-04-10T03:24:52.806+0000] {logging_mixin.py:190} INFO - [2026-04-10T03:24:52.806+0000] {dag.py:4180} INFO - Setting next_dagrun for example_subdag_operator to 2022-01-01 00:00:00+00:00, run_after=2022-01-01 00:00:00+00:00
[2026-04-10T03:24:52.807+0000] {logging_mixin.py:190} INFO - [2026-04-10T03:24:52.807+0000] {dag.py:4180} INFO - Setting next_dagrun for example_subdag_operator.section-1 to None, run_after=None
[2026-04-10T03:24:52.807+0000] {logging_mixin.py:190} INFO - [2026-04-10T03:24:52.807+0000] {dag.py:4180} INFO - Setting next_dagrun for example_subdag_operator.section-2 to None, run_after=None
[2026-04-10T03:24:52.810+0000] {logging_mixin.py:190} INFO - [2026-04-10T03:24:52.810+0000] {dag.py:3239} INFO - Sync 2 DAGs
[2026-04-10T03:24:52.811+0000] {logging_mixin.py:190} INFO - [2026-04-10T03:24:52.811+0000] {dag.py:4180} INFO - Setting next_dagrun for example_subdag_operator.section-1 to None, run_after=None
[2026-04-10T03:24:52.811+0000] {logging_mixin.py:190} INFO - [2026-04-10T03:24:52.811+0000] {dag.py:4180} INFO - Setting next_dagrun for example_subdag_operator.section-2 to None, run_after=None
[2026-04-10T03:24:52.815+0000] {processor.py:208} INFO - Processing /home/airflow/.local/lib/python3.12/site-packages/airflow/example_dags/example_subdag_operator.py took 0.035 seconds
[2026-04-10T03:25:23.213+0000] {processor.py:186} INFO - Started process (PID=80239) to work on /home/airflow/.local/lib/python3.12/site-packages/airflow/example_dags/example_subdag_operator.py
[2026-04-10T03:25:23.216+0000] {processor.py:914} INFO - Processing file /home/airflow/.local/lib/python3.12/site-packages/airflow/example_dags/example_subdag_operator.py for tasks to queue
[2026-04-10T03:25:23.216+0000] {logging_mixin.py:190} INFO - [2026-04-10T03:25:23.216+0000] {dagbag.py:588} INFO - Filling up the DagBag from /home/airflow/.local/lib/python3.12/site-packages/airflow/example_dags/example_subdag_operator.py
[2026-04-10T03:25:23.227+0000] {processor.py:925} INFO - DAG(s) 'example_subdag_operator.section-1', 'example_subdag_operator.section-2', 'example_subdag_operator' retrieved from /home/airflow/.local/lib/python3.12/site-packages/airflow/example_dags/example_subdag_operator.py
[2026-04-10T03:25:23.233+0000] {logging_mixin.py:190} INFO - [2026-04-10T03:25:23.233+0000] {dag.py:3239} INFO - Sync 3 DAGs
[2026-04-10T03:25:23.244+0000] {logging_mixin.py:190} INFO - [2026-04-10T03:25:23.244+0000] {dag.py:4180} INFO - Setting next_dagrun for example_subdag_operator to 2022-01-01 00:00:00+00:00, run_after=2022-01-01 00:00:00+00:00
[2026-04-10T03:25:23.246+0000] {logging_mixin.py:190} INFO - [2026-04-10T03:25:23.246+0000] {dag.py:4180} INFO - Setting next_dagrun for example_subdag_operator.section-1 to None, run_after=None
[2026-04-10T03:25:23.246+0000] {logging_mixin.py:190} INFO - [2026-04-10T03:25:23.246+0000] {dag.py:4180} INFO - Setting next_dagrun for example_subdag_operator.section-2 to None, run_after=None
[2026-04-10T03:25:23.250+0000] {logging_mixin.py:190} INFO - [2026-04-10T03:25:23.250+0000] {dag.py:3239} INFO - Sync 2 DAGs
[2026-04-10T03:25:23.252+0000] {logging_mixin.py:190} INFO - [2026-04-10T03:25:23.252+0000] {dag.py:4180} INFO - Setting next_dagrun for example_subdag_operator.section-1 to None, run_after=None
[2026-04-10T03:25:23.252+0000] {logging_mixin.py:190} INFO - [2026-04-10T03:25:23.252+0000] {dag.py:4180} INFO - Setting next_dagrun for example_subdag_operator.section-2 to None, run_after=None
[2026-04-10T03:25:23.257+0000] {processor.py:208} INFO - Processing /home/airflow/.local/lib/python3.12/site-packages/airflow/example_dags/example_subdag_operator.py took 0.046 seconds
[2026-04-10T03:25:53.753+0000] {processor.py:186} INFO - Started process (PID=80303) to work on /home/airflow/.local/lib/python3.12/site-packages/airflow/example_dags/example_subdag_operator.py
[2026-04-10T03:25:53.754+0000] {processor.py:914} INFO - Processing file /home/airflow/.local/lib/python3.12/site-packages/airflow/example_dags/example_subdag_operator.py for tasks to queue
[2026-04-10T03:25:53.754+0000] {logging_mixin.py:190} INFO - [2026-04-10T03:25:53.754+0000] {dagbag.py:588} INFO - Filling up the DagBag from /home/airflow/.local/lib/python3.12/site-packages/airflow/example_dags/example_subdag_operator.py
[2026-04-10T03:25:53.766+0000] {processor.py:925} INFO - DAG(s) 'example_subdag_operator.section-1', 'example_subdag_operator.section-2', 'example_subdag_operator' retrieved from /home/airflow/.local/lib/python3.12/site-packages/airflow/example_dags/example_subdag_operator.py
[2026-04-10T03:25:53.772+0000] {logging_mixin.py:190} INFO - [2026-04-10T03:25:53.772+0000] {dag.py:3239} INFO - Sync 3 DAGs
[2026-04-10T03:25:53.781+0000] {logging_mixin.py:190} INFO - [2026-04-10T03:25:53.781+0000] {dag.py:4180} INFO - Setting next_dagrun for example_subdag_operator to 2022-01-01 00:00:00+00:00, run_after=2022-01-01 00:00:00+00:00
[2026-04-10T03:25:53.783+0000] {logging_mixin.py:190} INFO - [2026-04-10T03:25:53.783+0000] {dag.py:4180} INFO - Setting next_dagrun for example_subdag_operator.section-1 to None, run_after=None
[2026-04-10T03:25:53.783+0000] {logging_mixin.py:190} INFO - [2026-04-10T03:25:53.783+0000] {dag.py:4180} INFO - Setting next_dagrun for example_subdag_operator.section-2 to None, run_after=None
[2026-04-10T03:25:53.787+0000] {logging_mixin.py:190} INFO - [2026-04-10T03:25:53.787+0000] {dag.py:3239} INFO - Sync 2 DAGs
[2026-04-10T03:25:53.789+0000] {logging_mixin.py:190} INFO - [2026-04-10T03:25:53.789+0000] {dag.py:4180} INFO - Setting next_dagrun for example_subdag_operator.section-1 to None, run_after=None
[2026-04-10T03:25:53.789+0000] {logging_mixin.py:190} INFO - [2026-04-10T03:25:53.789+0000] {dag.py:4180} INFO - Setting next_dagrun for example_subdag_operator.section-2 to None, run_after=None
[2026-04-10T03:25:53.792+0000] {processor.py:208} INFO - Processing /home/airflow/.local/lib/python3.12/site-packages/airflow/example_dags/example_subdag_operator.py took 0.042 seconds
[2026-04-10T03:26:24.978+0000] {processor.py:186} INFO - Started process (PID=80367) to work on /home/airflow/.local/lib/python3.12/site-packages/airflow/example_dags/example_subdag_operator.py
[2026-04-10T03:26:24.978+0000] {processor.py:914} INFO - Processing file /home/airflow/.local/lib/python3.12/site-packages/airflow/example_dags/example_subdag_operator.py for tasks to queue
[2026-04-10T03:26:24.979+0000] {logging_mixin.py:190} INFO - [2026-04-10T03:26:24.979+0000] {dagbag.py:588} INFO - Filling up the DagBag from /home/airflow/.local/lib/python3.12/site-packages/airflow/example_dags/example_subdag_operator.py
[2026-04-10T03:26:24.989+0000] {processor.py:925} INFO - DAG(s) 'example_subdag_operator.section-1', 'example_subdag_operator.section-2', 'example_subdag_operator' retrieved from /home/airflow/.local/lib/python3.12/site-packages/airflow/example_dags/example_subdag_operator.py
[2026-04-10T03:26:24.994+0000] {logging_mixin.py:190} INFO - [2026-04-10T03:26:24.994+0000] {dag.py:3239} INFO - Sync 3 DAGs
[2026-04-10T03:26:25.006+0000] {logging_mixin.py:190} INFO - [2026-04-10T03:26:25.006+0000] {dag.py:4180} INFO - Setting next_dagrun for example_subdag_operator to 2022-01-01 00:00:00+00:00, run_after=2022-01-01 00:00:00+00:00
[2026-04-10T03:26:25.008+0000] {logging_mixin.py:190} INFO - [2026-04-10T03:26:25.008+0000] {dag.py:4180} INFO - Setting next_dagrun for example_subdag_operator.section-1 to None, run_after=None
[2026-04-10T03:26:25.009+0000] {logging_mixin.py:190} INFO - [2026-04-10T03:26:25.009+0000] {dag.py:4180} INFO - Setting next_dagrun for example_subdag_operator.section-2 to None, run_after=None
[2026-04-10T03:26:25.011+0000] {logging_mixin.py:190} INFO - [2026-04-10T03:26:25.011+0000] {dag.py:3239} INFO - Sync 2 DAGs
[2026-04-10T03:26:25.013+0000] {logging_mixin.py:190} INFO - [2026-04-10T03:26:25.013+0000] {dag.py:4180} INFO - Setting next_dagrun for example_subdag_operator.section-1 to None, run_after=None
[2026-04-10T03:26:25.013+0000] {logging_mixin.py:190} INFO - [2026-04-10T03:26:25.013+0000] {dag.py:4180} INFO - Setting next_dagrun for example_subdag_operator.section-2 to None, run_after=None
[2026-04-10T03:26:25.017+0000] {processor.py:208} INFO - Processing /home/airflow/.local/lib/python3.12/site-packages/airflow/example_dags/example_subdag_operator.py took 0.042 seconds
[2026-04-10T03:26:55.438+0000] {processor.py:186} INFO - Started process (PID=80430) to work on /home/airflow/.local/lib/python3.12/site-packages/airflow/example_dags/example_subdag_operator.py
[2026-04-10T03:26:55.438+0000] {processor.py:914} INFO - Processing file /home/airflow/.local/lib/python3.12/site-packages/airflow/example_dags/example_subdag_operator.py for tasks to queue
[2026-04-10T03:26:55.439+0000] {logging_mixin.py:190} INFO - [2026-04-10T03:26:55.438+0000] {dagbag.py:588} INFO - Filling up the DagBag from /home/airflow/.local/lib/python3.12/site-packages/airflow/example_dags/example_subdag_operator.py
[2026-04-10T03:26:55.451+0000] {processor.py:925} INFO - DAG(s) 'example_subdag_operator.section-1', 'example_subdag_operator.section-2', 'example_subdag_operator' retrieved from /home/airflow/.local/lib/python3.12/site-packages/airflow/example_dags/example_subdag_operator.py
[2026-04-10T03:26:55.460+0000] {logging_mixin.py:190} INFO - [2026-04-10T03:26:55.460+0000] {dag.py:3239} INFO - Sync 3 DAGs
[2026-04-10T03:26:55.471+0000] {logging_mixin.py:190} INFO - [2026-04-10T03:26:55.471+0000] {dag.py:4180} INFO - Setting next_dagrun for example_subdag_operator to 2022-01-01 00:00:00+00:00, run_after=2022-01-01 00:00:00+00:00
[2026-04-10T03:26:55.474+0000] {logging_mixin.py:190} INFO - [2026-04-10T03:26:55.474+0000] {dag.py:4180} INFO - Setting next_dagrun for example_subdag_operator.section-1 to None, run_after=None
[2026-04-10T03:26:55.475+0000] {logging_mixin.py:190} INFO - [2026-04-10T03:26:55.475+0000] {dag.py:4180} INFO - Setting next_dagrun for example_subdag_operator.section-2 to None, run_after=None
[2026-04-10T03:26:55.479+0000] {logging_mixin.py:190} INFO - [2026-04-10T03:26:55.479+0000] {dag.py:3239} INFO - Sync 2 DAGs
[2026-04-10T03:26:55.483+0000] {logging_mixin.py:190} INFO - [2026-04-10T03:26:55.483+0000] {dag.py:4180} INFO - Setting next_dagrun for example_subdag_operator.section-1 to None, run_after=None
[2026-04-10T03:26:55.484+0000] {logging_mixin.py:190} INFO - [2026-04-10T03:26:55.484+0000] {dag.py:4180} INFO - Setting next_dagrun for example_subdag_operator.section-2 to None, run_after=None
[2026-04-10T03:26:55.492+0000] {processor.py:208} INFO - Processing /home/airflow/.local/lib/python3.12/site-packages/airflow/example_dags/example_subdag_operator.py took 0.057 seconds
[2026-04-10T03:27:25.779+0000] {processor.py:186} INFO - Started process (PID=80494) to work on /home/airflow/.local/lib/python3.12/site-packages/airflow/example_dags/example_subdag_operator.py
[2026-04-10T03:27:25.779+0000] {processor.py:914} INFO - Processing file /home/airflow/.local/lib/python3.12/site-packages/airflow/example_dags/example_subdag_operator.py for tasks to queue
[2026-04-10T03:27:25.780+0000] {logging_mixin.py:190} INFO - [2026-04-10T03:27:25.780+0000] {dagbag.py:588} INFO - Filling up the DagBag from /home/airflow/.local/lib/python3.12/site-packages/airflow/example_dags/example_subdag_operator.py
[2026-04-10T03:27:25.792+0000] {processor.py:925} INFO - DAG(s) 'example_subdag_operator.section-1', 'example_subdag_operator.section-2', 'example_subdag_operator' retrieved from /home/airflow/.local/lib/python3.12/site-packages/airflow/example_dags/example_subdag_operator.py
[2026-04-10T03:27:25.798+0000] {logging_mixin.py:190} INFO - [2026-04-10T03:27:25.797+0000] {dag.py:3239} INFO - Sync 3 DAGs
[2026-04-10T03:27:25.809+0000] {logging_mixin.py:190} INFO - [2026-04-10T03:27:25.809+0000] {dag.py:4180} INFO - Setting next_dagrun for example_subdag_operator to 2022-01-01 00:00:00+00:00, run_after=2022-01-01 00:00:00+00:00
[2026-04-10T03:27:25.812+0000] {logging_mixin.py:190} INFO - [2026-04-10T03:27:25.812+0000] {dag.py:4180} INFO - Setting next_dagrun for example_subdag_operator.section-1 to None, run_after=None
[2026-04-10T03:27:25.813+0000] {logging_mixin.py:190} INFO - [2026-04-10T03:27:25.813+0000] {dag.py:4180} INFO - Setting next_dagrun for example_subdag_operator.section-2 to None, run_after=None
[2026-04-10T03:27:25.818+0000] {logging_mixin.py:190} INFO - [2026-04-10T03:27:25.817+0000] {dag.py:3239} INFO - Sync 2 DAGs
[2026-04-10T03:27:25.820+0000] {logging_mixin.py:190} INFO - [2026-04-10T03:27:25.820+0000] {dag.py:4180} INFO - Setting next_dagrun for example_subdag_operator.section-1 to None, run_after=None
[2026-04-10T03:27:25.820+0000] {logging_mixin.py:190} INFO - [2026-04-10T03:27:25.820+0000] {dag.py:4180} INFO - Setting next_dagrun for example_subdag_operator.section-2 to None, run_after=None
[2026-04-10T03:27:25.825+0000] {processor.py:208} INFO - Processing /home/airflow/.local/lib/python3.12/site-packages/airflow/example_dags/example_subdag_operator.py took 0.049 seconds
[2026-04-10T03:27:56.200+0000] {processor.py:186} INFO - Started process (PID=80559) to work on /home/airflow/.local/lib/python3.12/site-packages/airflow/example_dags/example_subdag_operator.py
[2026-04-10T03:27:56.201+0000] {processor.py:914} INFO - Processing file /home/airflow/.local/lib/python3.12/site-packages/airflow/example_dags/example_subdag_operator.py for tasks to queue
[2026-04-10T03:27:56.201+0000] {logging_mixin.py:190} INFO - [2026-04-10T03:27:56.201+0000] {dagbag.py:588} INFO - Filling up the DagBag from /home/airflow/.local/lib/python3.12/site-packages/airflow/example_dags/example_subdag_operator.py
[2026-04-10T03:27:56.211+0000] {processor.py:925} INFO - DAG(s) 'example_subdag_operator.section-1', 'example_subdag_operator.section-2', 'example_subdag_operator' retrieved from /home/airflow/.local/lib/python3.12/site-packages/airflow/example_dags/example_subdag_operator.py
[2026-04-10T03:27:56.216+0000] {logging_mixin.py:190} INFO - [2026-04-10T03:27:56.216+0000] {dag.py:3239} INFO - Sync 3 DAGs
[2026-04-10T03:27:56.224+0000] {logging_mixin.py:190} INFO - [2026-04-10T03:27:56.223+0000] {dag.py:4180} INFO - Setting next_dagrun for example_subdag_operator to 2022-01-01 00:00:00+00:00, run_after=2022-01-01 00:00:00+00:00
[2026-04-10T03:27:56.225+0000] {logging_mixin.py:190} INFO - [2026-04-10T03:27:56.225+0000] {dag.py:4180} INFO - Setting next_dagrun for example_subdag_operator.section-1 to None, run_after=None
[2026-04-10T03:27:56.225+0000] {logging_mixin.py:190} INFO - [2026-04-10T03:27:56.225+0000] {dag.py:4180} INFO - Setting next_dagrun for example_subdag_operator.section-2 to None, run_after=None
[2026-04-10T03:27:56.227+0000] {logging_mixin.py:190} INFO - [2026-04-10T03:27:56.227+0000] {dag.py:3239} INFO - Sync 2 DAGs
[2026-04-10T03:27:56.229+0000] {logging_mixin.py:190} INFO - [2026-04-10T03:27:56.229+0000] {dag.py:4180} INFO - Setting next_dagrun for example_subdag_operator.section-1 to None, run_after=None
[2026-04-10T03:27:56.229+0000] {logging_mixin.py:190} INFO - [2026-04-10T03:27:56.229+0000] {dag.py:4180} INFO - Setting next_dagrun for example_subdag_operator.section-2 to None, run_after=None
[2026-04-10T03:27:56.232+0000] {processor.py:208} INFO - Processing /home/airflow/.local/lib/python3.12/site-packages/airflow/example_dags/example_subdag_operator.py took 0.035 seconds
[2026-04-10T03:28:26.905+0000] {processor.py:186} INFO - Started process (PID=80622) to work on /home/airflow/.local/lib/python3.12/site-packages/airflow/example_dags/example_subdag_operator.py
[2026-04-10T03:28:26.905+0000] {processor.py:914} INFO - Processing file /home/airflow/.local/lib/python3.12/site-packages/airflow/example_dags/example_subdag_operator.py for tasks to queue
[2026-04-10T03:28:26.906+0000] {logging_mixin.py:190} INFO - [2026-04-10T03:28:26.906+0000] {dagbag.py:588} INFO - Filling up the DagBag from /home/airflow/.local/lib/python3.12/site-packages/airflow/example_dags/example_subdag_operator.py
[2026-04-10T03:28:26.916+0000] {processor.py:925} INFO - DAG(s) 'example_subdag_operator.section-1', 'example_subdag_operator.section-2', 'example_subdag_operator' retrieved from /home/airflow/.local/lib/python3.12/site-packages/airflow/example_dags/example_subdag_operator.py
[2026-04-10T03:28:26.920+0000] {logging_mixin.py:190} INFO - [2026-04-10T03:28:26.920+0000] {dag.py:3239} INFO - Sync 3 DAGs
[2026-04-10T03:28:26.927+0000] {logging_mixin.py:190} INFO - [2026-04-10T03:28:26.927+0000] {dag.py:4180} INFO - Setting next_dagrun for example_subdag_operator to 2022-01-01 00:00:00+00:00, run_after=2022-01-01 00:00:00+00:00
[2026-04-10T03:28:26.928+0000] {logging_mixin.py:190} INFO - [2026-04-10T03:28:26.928+0000] {dag.py:4180} INFO - Setting next_dagrun for example_subdag_operator.section-1 to None, run_after=None
[2026-04-10T03:28:26.929+0000] {logging_mixin.py:190} INFO - [2026-04-10T03:28:26.929+0000] {dag.py:4180} INFO - Setting next_dagrun for example_subdag_operator.section-2 to None, run_after=None
[2026-04-10T03:28:26.931+0000] {logging_mixin.py:190} INFO - [2026-04-10T03:28:26.931+0000] {dag.py:3239} INFO - Sync 2 DAGs
[2026-04-10T03:28:26.932+0000] {logging_mixin.py:190} INFO - [2026-04-10T03:28:26.932+0000] {dag.py:4180} INFO - Setting next_dagrun for example_subdag_operator.section-1 to None, run_after=None
[2026-04-10T03:28:26.932+0000] {logging_mixin.py:190} INFO - [2026-04-10T03:28:26.932+0000] {dag.py:4180} INFO - Setting next_dagrun for example_subdag_operator.section-2 to None, run_after=None
[2026-04-10T03:28:26.935+0000] {processor.py:208} INFO - Processing /home/airflow/.local/lib/python3.12/site-packages/airflow/example_dags/example_subdag_operator.py took 0.036 seconds
[2026-04-10T03:28:57.361+0000] {processor.py:186} INFO - Started process (PID=80686) to work on /home/airflow/.local/lib/python3.12/site-packages/airflow/example_dags/example_subdag_operator.py
[2026-04-10T03:28:57.361+0000] {processor.py:914} INFO - Processing file /home/airflow/.local/lib/python3.12/site-packages/airflow/example_dags/example_subdag_operator.py for tasks to queue
[2026-04-10T03:28:57.362+0000] {logging_mixin.py:190} INFO - [2026-04-10T03:28:57.362+0000] {dagbag.py:588} INFO - Filling up the DagBag from /home/airflow/.local/lib/python3.12/site-packages/airflow/example_dags/example_subdag_operator.py
[2026-04-10T03:28:57.373+0000] {processor.py:925} INFO - DAG(s) 'example_subdag_operator.section-1', 'example_subdag_operator.section-2', 'example_subdag_operator' retrieved from /home/airflow/.local/lib/python3.12/site-packages/airflow/example_dags/example_subdag_operator.py
[2026-04-10T03:28:57.380+0000] {logging_mixin.py:190} INFO - [2026-04-10T03:28:57.380+0000] {dag.py:3239} INFO - Sync 3 DAGs
[2026-04-10T03:28:57.391+0000] {logging_mixin.py:190} INFO - [2026-04-10T03:28:57.391+0000] {dag.py:4180} INFO - Setting next_dagrun for example_subdag_operator to 2022-01-01 00:00:00+00:00, run_after=2022-01-01 00:00:00+00:00
[2026-04-10T03:28:57.393+0000] {logging_mixin.py:190} INFO - [2026-04-10T03:28:57.393+0000] {dag.py:4180} INFO - Setting next_dagrun for example_subdag_operator.section-1 to None, run_after=None
[2026-04-10T03:28:57.394+0000] {logging_mixin.py:190} INFO - [2026-04-10T03:28:57.394+0000] {dag.py:4180} INFO - Setting next_dagrun for example_subdag_operator.section-2 to None, run_after=None
[2026-04-10T03:28:57.397+0000] {logging_mixin.py:190} INFO - [2026-04-10T03:28:57.397+0000] {dag.py:3239} INFO - Sync 2 DAGs
[2026-04-10T03:28:57.399+0000] {logging_mixin.py:190} INFO - [2026-04-10T03:28:57.399+0000] {dag.py:4180} INFO - Setting next_dagrun for example_subdag_operator.section-1 to None, run_after=None
[2026-04-10T03:28:57.400+0000] {logging_mixin.py:190} INFO - [2026-04-10T03:28:57.400+0000] {dag.py:4180} INFO - Setting next_dagrun for example_subdag_operator.section-2 to None, run_after=None
[2026-04-10T03:28:57.405+0000] {processor.py:208} INFO - Processing /home/airflow/.local/lib/python3.12/site-packages/airflow/example_dags/example_subdag_operator.py took 0.047 seconds
[2026-04-10T03:29:27.755+0000] {processor.py:186} INFO - Started process (PID=80750) to work on /home/airflow/.local/lib/python3.12/site-packages/airflow/example_dags/example_subdag_operator.py
[2026-04-10T03:29:27.756+0000] {processor.py:914} INFO - Processing file /home/airflow/.local/lib/python3.12/site-packages/airflow/example_dags/example_subdag_operator.py for tasks to queue
[2026-04-10T03:29:27.756+0000] {logging_mixin.py:190} INFO - [2026-04-10T03:29:27.756+0000] {dagbag.py:588} INFO - Filling up the DagBag from /home/airflow/.local/lib/python3.12/site-packages/airflow/example_dags/example_subdag_operator.py
[2026-04-10T03:29:27.770+0000] {processor.py:925} INFO - DAG(s) 'example_subdag_operator.section-1', 'example_subdag_operator.section-2', 'example_subdag_operator' retrieved from /home/airflow/.local/lib/python3.12/site-packages/airflow/example_dags/example_subdag_operator.py
[2026-04-10T03:29:27.775+0000] {logging_mixin.py:190} INFO - [2026-04-10T03:29:27.775+0000] {dag.py:3239} INFO - Sync 3 DAGs
[2026-04-10T03:29:27.783+0000] {logging_mixin.py:190} INFO - [2026-04-10T03:29:27.783+0000] {dag.py:4180} INFO - Setting next_dagrun for example_subdag_operator to 2022-01-01 00:00:00+00:00, run_after=2022-01-01 00:00:00+00:00
[2026-04-10T03:29:27.784+0000] {logging_mixin.py:190} INFO - [2026-04-10T03:29:27.784+0000] {dag.py:4180} INFO - Setting next_dagrun for example_subdag_operator.section-1 to None, run_after=None
[2026-04-10T03:29:27.785+0000] {logging_mixin.py:190} INFO - [2026-04-10T03:29:27.785+0000] {dag.py:4180} INFO - Setting next_dagrun for example_subdag_operator.section-2 to None, run_after=None
[2026-04-10T03:29:27.788+0000] {logging_mixin.py:190} INFO - [2026-04-10T03:29:27.788+0000] {dag.py:3239} INFO - Sync 2 DAGs
[2026-04-10T03:29:27.790+0000] {logging_mixin.py:190} INFO - [2026-04-10T03:29:27.790+0000] {dag.py:4180} INFO - Setting next_dagrun for example_subdag_operator.section-1 to None, run_after=None
[2026-04-10T03:29:27.790+0000] {logging_mixin.py:190} INFO - [2026-04-10T03:29:27.790+0000] {dag.py:4180} INFO - Setting next_dagrun for example_subdag_operator.section-2 to None, run_after=None
[2026-04-10T03:29:27.793+0000] {processor.py:208} INFO - Processing /home/airflow/.local/lib/python3.12/site-packages/airflow/example_dags/example_subdag_operator.py took 0.040 seconds
[2026-04-10T03:29:58.349+0000] {processor.py:186} INFO - Started process (PID=80814) to work on /home/airflow/.local/lib/python3.12/site-packages/airflow/example_dags/example_subdag_operator.py
[2026-04-10T03:29:58.350+0000] {processor.py:914} INFO - Processing file /home/airflow/.local/lib/python3.12/site-packages/airflow/example_dags/example_subdag_operator.py for tasks to queue
[2026-04-10T03:29:58.350+0000] {logging_mixin.py:190} INFO - [2026-04-10T03:29:58.350+0000] {dagbag.py:588} INFO - Filling up the DagBag from /home/airflow/.local/lib/python3.12/site-packages/airflow/example_dags/example_subdag_operator.py
[2026-04-10T03:29:58.359+0000] {processor.py:925} INFO - DAG(s) 'example_subdag_operator.section-1', 'example_subdag_operator.section-2', 'example_subdag_operator' retrieved from /home/airflow/.local/lib/python3.12/site-packages/airflow/example_dags/example_subdag_operator.py
[2026-04-10T03:29:58.364+0000] {logging_mixin.py:190} INFO - [2026-04-10T03:29:58.364+0000] {dag.py:3239} INFO - Sync 3 DAGs
[2026-04-10T03:29:58.373+0000] {logging_mixin.py:190} INFO - [2026-04-10T03:29:58.373+0000] {dag.py:4180} INFO - Setting next_dagrun for example_subdag_operator to 2022-01-01 00:00:00+00:00, run_after=2022-01-01 00:00:00+00:00
[2026-04-10T03:29:58.374+0000] {logging_mixin.py:190} INFO - [2026-04-10T03:29:58.374+0000] {dag.py:4180} INFO - Setting next_dagrun for example_subdag_operator.section-1 to None, run_after=None
[2026-04-10T03:29:58.374+0000] {logging_mixin.py:190} INFO - [2026-04-10T03:29:58.374+0000] {dag.py:4180} INFO - Setting next_dagrun for example_subdag_operator.section-2 to None, run_after=None
[2026-04-10T03:29:58.376+0000] {logging_mixin.py:190} INFO - [2026-04-10T03:29:58.376+0000] {dag.py:3239} INFO - Sync 2 DAGs
[2026-04-10T03:29:58.378+0000] {logging_mixin.py:190} INFO - [2026-04-10T03:29:58.378+0000] {dag.py:4180} INFO - Setting next_dagrun for example_subdag_operator.section-1 to None, run_after=None
[2026-04-10T03:29:58.378+0000] {logging_mixin.py:190} INFO - [2026-04-10T03:29:58.378+0000] {dag.py:4180} INFO - Setting next_dagrun for example_subdag_operator.section-2 to None, run_after=None
[2026-04-10T03:29:58.381+0000] {processor.py:208} INFO - Processing /home/airflow/.local/lib/python3.12/site-packages/airflow/example_dags/example_subdag_operator.py took 0.034 seconds
[2026-04-10T03:30:28.636+0000] {processor.py:186} INFO - Started process (PID=80877) to work on /home/airflow/.local/lib/python3.12/site-packages/airflow/example_dags/example_subdag_operator.py
[2026-04-10T03:30:28.636+0000] {processor.py:914} INFO - Processing file /home/airflow/.local/lib/python3.12/site-packages/airflow/example_dags/example_subdag_operator.py for tasks to queue
[2026-04-10T03:30:28.637+0000] {logging_mixin.py:190} INFO - [2026-04-10T03:30:28.636+0000] {dagbag.py:588} INFO - Filling up the DagBag from /home/airflow/.local/lib/python3.12/site-packages/airflow/example_dags/example_subdag_operator.py
[2026-04-10T03:30:28.650+0000] {processor.py:925} INFO - DAG(s) 'example_subdag_operator.section-1', 'example_subdag_operator.section-2', 'example_subdag_operator' retrieved from /home/airflow/.local/lib/python3.12/site-packages/airflow/example_dags/example_subdag_operator.py
[2026-04-10T03:30:28.657+0000] {logging_mixin.py:190} INFO - [2026-04-10T03:30:28.656+0000] {dag.py:3239} INFO - Sync 3 DAGs
[2026-04-10T03:30:28.666+0000] {logging_mixin.py:190} INFO - [2026-04-10T03:30:28.665+0000] {dag.py:4180} INFO - Setting next_dagrun for example_subdag_operator to 2022-01-01 00:00:00+00:00, run_after=2022-01-01 00:00:00+00:00
[2026-04-10T03:30:28.668+0000] {logging_mixin.py:190} INFO - [2026-04-10T03:30:28.668+0000] {dag.py:4180} INFO - Setting next_dagrun for example_subdag_operator.section-1 to None, run_after=None
[2026-04-10T03:30:28.668+0000] {logging_mixin.py:190} INFO - [2026-04-10T03:30:28.668+0000] {dag.py:4180} INFO - Setting next_dagrun for example_subdag_operator.section-2 to None, run_after=None
[2026-04-10T03:30:28.671+0000] {logging_mixin.py:190} INFO - [2026-04-10T03:30:28.671+0000] {dag.py:3239} INFO - Sync 2 DAGs
[2026-04-10T03:30:28.674+0000] {logging_mixin.py:190} INFO - [2026-04-10T03:30:28.674+0000] {dag.py:4180} INFO - Setting next_dagrun for example_subdag_operator.section-1 to None, run_after=None
[2026-04-10T03:30:28.674+0000] {logging_mixin.py:190} INFO - [2026-04-10T03:30:28.674+0000] {dag.py:4180} INFO - Setting next_dagrun for example_subdag_operator.section-2 to None, run_after=None
[2026-04-10T03:30:28.679+0000] {processor.py:208} INFO - Processing /home/airflow/.local/lib/python3.12/site-packages/airflow/example_dags/example_subdag_operator.py took 0.045 seconds
[2026-04-10T03:30:58.895+0000] {processor.py:186} INFO - Started process (PID=80941) to work on /home/airflow/.local/lib/python3.12/site-packages/airflow/example_dags/example_subdag_operator.py
[2026-04-10T03:30:58.896+0000] {processor.py:914} INFO - Processing file /home/airflow/.local/lib/python3.12/site-packages/airflow/example_dags/example_subdag_operator.py for tasks to queue
[2026-04-10T03:30:58.896+0000] {logging_mixin.py:190} INFO - [2026-04-10T03:30:58.896+0000] {dagbag.py:588} INFO - Filling up the DagBag from /home/airflow/.local/lib/python3.12/site-packages/airflow/example_dags/example_subdag_operator.py
[2026-04-10T03:30:58.908+0000] {processor.py:925} INFO - DAG(s) 'example_subdag_operator.section-1', 'example_subdag_operator.section-2', 'example_subdag_operator' retrieved from /home/airflow/.local/lib/python3.12/site-packages/airflow/example_dags/example_subdag_operator.py
[2026-04-10T03:30:58.913+0000] {logging_mixin.py:190} INFO - [2026-04-10T03:30:58.913+0000] {dag.py:3239} INFO - Sync 3 DAGs
[2026-04-10T03:30:58.921+0000] {logging_mixin.py:190} INFO - [2026-04-10T03:30:58.921+0000] {dag.py:4180} INFO - Setting next_dagrun for example_subdag_operator to 2022-01-01 00:00:00+00:00, run_after=2022-01-01 00:00:00+00:00
[2026-04-10T03:30:58.922+0000] {logging_mixin.py:190} INFO - [2026-04-10T03:30:58.922+0000] {dag.py:4180} INFO - Setting next_dagrun for example_subdag_operator.section-1 to None, run_after=None
[2026-04-10T03:30:58.922+0000] {logging_mixin.py:190} INFO - [2026-04-10T03:30:58.922+0000] {dag.py:4180} INFO - Setting next_dagrun for example_subdag_operator.section-2 to None, run_after=None
[2026-04-10T03:30:58.926+0000] {logging_mixin.py:190} INFO - [2026-04-10T03:30:58.926+0000] {dag.py:3239} INFO - Sync 2 DAGs
[2026-04-10T03:30:58.928+0000] {logging_mixin.py:190} INFO - [2026-04-10T03:30:58.928+0000] {dag.py:4180} INFO - Setting next_dagrun for example_subdag_operator.section-1 to None, run_after=None
[2026-04-10T03:30:58.928+0000] {logging_mixin.py:190} INFO - [2026-04-10T03:30:58.928+0000] {dag.py:4180} INFO - Setting next_dagrun for example_subdag_operator.section-2 to None, run_after=None
[2026-04-10T03:30:58.932+0000] {processor.py:208} INFO - Processing /home/airflow/.local/lib/python3.12/site-packages/airflow/example_dags/example_subdag_operator.py took 0.039 seconds
