[2026-04-10T00:07:15.718+0000] {processor.py:186} INFO - Started process (PID=78579) to work on /home/airflow/.local/lib/python3.12/site-packages/airflow/example_dags/example_params_trigger_ui.py
[2026-04-10T00:07:15.719+0000] {processor.py:914} INFO - Processing file /home/airflow/.local/lib/python3.12/site-packages/airflow/example_dags/example_params_trigger_ui.py for tasks to queue
[2026-04-10T00:07:15.720+0000] {logging_mixin.py:190} INFO - [2026-04-10T00:07:15.720+0000] {dagbag.py:588} INFO - Filling up the DagBag from /home/airflow/.local/lib/python3.12/site-packages/airflow/example_dags/example_params_trigger_ui.py
[2026-04-10T00:07:15.725+0000] {processor.py:925} INFO - DAG(s) 'example_params_trigger_ui' retrieved from /home/airflow/.local/lib/python3.12/site-packages/airflow/example_dags/example_params_trigger_ui.py
[2026-04-10T00:07:15.743+0000] {logging_mixin.py:190} INFO - [2026-04-10T00:07:15.743+0000] {dag.py:3239} INFO - Sync 1 DAGs
[2026-04-10T00:07:15.750+0000] {logging_mixin.py:190} INFO - [2026-04-10T00:07:15.750+0000] {dag.py:4180} INFO - Setting next_dagrun for example_params_trigger_ui to None, run_after=None
[2026-04-10T00:07:15.758+0000] {processor.py:208} INFO - Processing /home/airflow/.local/lib/python3.12/site-packages/airflow/example_dags/example_params_trigger_ui.py took 0.042 seconds
[2026-04-10T00:22:48.574+0000] {processor.py:186} INFO - Started process (PID=78643) to work on /home/airflow/.local/lib/python3.12/site-packages/airflow/example_dags/example_params_trigger_ui.py
[2026-04-10T00:22:48.575+0000] {processor.py:914} INFO - Processing file /home/airflow/.local/lib/python3.12/site-packages/airflow/example_dags/example_params_trigger_ui.py for tasks to queue
[2026-04-10T00:22:48.575+0000] {logging_mixin.py:190} INFO - [2026-04-10T00:22:48.575+0000] {dagbag.py:588} INFO - Filling up the DagBag from /home/airflow/.local/lib/python3.12/site-packages/airflow/example_dags/example_params_trigger_ui.py
[2026-04-10T00:22:48.582+0000] {processor.py:925} INFO - DAG(s) 'example_params_trigger_ui' retrieved from /home/airflow/.local/lib/python3.12/site-packages/airflow/example_dags/example_params_trigger_ui.py
[2026-04-10T00:22:48.605+0000] {logging_mixin.py:190} INFO - [2026-04-10T00:22:48.605+0000] {dag.py:3239} INFO - Sync 1 DAGs
[2026-04-10T00:22:48.614+0000] {logging_mixin.py:190} INFO - [2026-04-10T00:22:48.614+0000] {dag.py:4180} INFO - Setting next_dagrun for example_params_trigger_ui to None, run_after=None
[2026-04-10T00:22:48.627+0000] {processor.py:208} INFO - Processing /home/airflow/.local/lib/python3.12/site-packages/airflow/example_dags/example_params_trigger_ui.py took 0.056 seconds
[2026-04-10T00:23:19.511+0000] {processor.py:186} INFO - Started process (PID=78707) to work on /home/airflow/.local/lib/python3.12/site-packages/airflow/example_dags/example_params_trigger_ui.py
[2026-04-10T00:23:19.511+0000] {processor.py:914} INFO - Processing file /home/airflow/.local/lib/python3.12/site-packages/airflow/example_dags/example_params_trigger_ui.py for tasks to queue
[2026-04-10T00:23:19.512+0000] {logging_mixin.py:190} INFO - [2026-04-10T00:23:19.511+0000] {dagbag.py:588} INFO - Filling up the DagBag from /home/airflow/.local/lib/python3.12/site-packages/airflow/example_dags/example_params_trigger_ui.py
[2026-04-10T00:23:19.518+0000] {processor.py:925} INFO - DAG(s) 'example_params_trigger_ui' retrieved from /home/airflow/.local/lib/python3.12/site-packages/airflow/example_dags/example_params_trigger_ui.py
[2026-04-10T00:23:19.533+0000] {logging_mixin.py:190} INFO - [2026-04-10T00:23:19.533+0000] {dag.py:3239} INFO - Sync 1 DAGs
[2026-04-10T00:23:19.538+0000] {logging_mixin.py:190} INFO - [2026-04-10T00:23:19.538+0000] {dag.py:4180} INFO - Setting next_dagrun for example_params_trigger_ui to None, run_after=None
[2026-04-10T00:23:19.547+0000] {processor.py:208} INFO - Processing /home/airflow/.local/lib/python3.12/site-packages/airflow/example_dags/example_params_trigger_ui.py took 0.038 seconds
[2026-04-10T00:38:49.342+0000] {processor.py:186} INFO - Started process (PID=78771) to work on /home/airflow/.local/lib/python3.12/site-packages/airflow/example_dags/example_params_trigger_ui.py
[2026-04-10T00:38:49.343+0000] {processor.py:914} INFO - Processing file /home/airflow/.local/lib/python3.12/site-packages/airflow/example_dags/example_params_trigger_ui.py for tasks to queue
[2026-04-10T00:38:49.344+0000] {logging_mixin.py:190} INFO - [2026-04-10T00:38:49.344+0000] {dagbag.py:588} INFO - Filling up the DagBag from /home/airflow/.local/lib/python3.12/site-packages/airflow/example_dags/example_params_trigger_ui.py
[2026-04-10T00:38:49.349+0000] {processor.py:925} INFO - DAG(s) 'example_params_trigger_ui' retrieved from /home/airflow/.local/lib/python3.12/site-packages/airflow/example_dags/example_params_trigger_ui.py
[2026-04-10T00:38:49.368+0000] {logging_mixin.py:190} INFO - [2026-04-10T00:38:49.368+0000] {dag.py:3239} INFO - Sync 1 DAGs
[2026-04-10T00:38:49.373+0000] {logging_mixin.py:190} INFO - [2026-04-10T00:38:49.373+0000] {dag.py:4180} INFO - Setting next_dagrun for example_params_trigger_ui to None, run_after=None
[2026-04-10T00:38:49.380+0000] {processor.py:208} INFO - Processing /home/airflow/.local/lib/python3.12/site-packages/airflow/example_dags/example_params_trigger_ui.py took 0.043 seconds
[2026-04-10T00:41:53.773+0000] {processor.py:186} INFO - Started process (PID=78835) to work on /home/airflow/.local/lib/python3.12/site-packages/airflow/example_dags/example_params_trigger_ui.py
[2026-04-10T00:41:53.774+0000] {processor.py:914} INFO - Processing file /home/airflow/.local/lib/python3.12/site-packages/airflow/example_dags/example_params_trigger_ui.py for tasks to queue
[2026-04-10T00:41:53.774+0000] {logging_mixin.py:190} INFO - [2026-04-10T00:41:53.774+0000] {dagbag.py:588} INFO - Filling up the DagBag from /home/airflow/.local/lib/python3.12/site-packages/airflow/example_dags/example_params_trigger_ui.py
[2026-04-10T00:41:53.781+0000] {processor.py:925} INFO - DAG(s) 'example_params_trigger_ui' retrieved from /home/airflow/.local/lib/python3.12/site-packages/airflow/example_dags/example_params_trigger_ui.py
[2026-04-10T00:41:53.803+0000] {logging_mixin.py:190} INFO - [2026-04-10T00:41:53.803+0000] {dag.py:3239} INFO - Sync 1 DAGs
[2026-04-10T00:41:53.808+0000] {logging_mixin.py:190} INFO - [2026-04-10T00:41:53.808+0000] {dag.py:4180} INFO - Setting next_dagrun for example_params_trigger_ui to None, run_after=None
[2026-04-10T00:41:53.814+0000] {processor.py:208} INFO - Processing /home/airflow/.local/lib/python3.12/site-packages/airflow/example_dags/example_params_trigger_ui.py took 0.043 seconds
[2026-04-10T00:42:25.028+0000] {processor.py:186} INFO - Started process (PID=78898) to work on /home/airflow/.local/lib/python3.12/site-packages/airflow/example_dags/example_params_trigger_ui.py
[2026-04-10T00:42:25.028+0000] {processor.py:914} INFO - Processing file /home/airflow/.local/lib/python3.12/site-packages/airflow/example_dags/example_params_trigger_ui.py for tasks to queue
[2026-04-10T00:42:25.029+0000] {logging_mixin.py:190} INFO - [2026-04-10T00:42:25.028+0000] {dagbag.py:588} INFO - Filling up the DagBag from /home/airflow/.local/lib/python3.12/site-packages/airflow/example_dags/example_params_trigger_ui.py
[2026-04-10T00:42:25.033+0000] {processor.py:925} INFO - DAG(s) 'example_params_trigger_ui' retrieved from /home/airflow/.local/lib/python3.12/site-packages/airflow/example_dags/example_params_trigger_ui.py
[2026-04-10T00:42:25.045+0000] {logging_mixin.py:190} INFO - [2026-04-10T00:42:25.045+0000] {dag.py:3239} INFO - Sync 1 DAGs
[2026-04-10T00:42:25.049+0000] {logging_mixin.py:190} INFO - [2026-04-10T00:42:25.049+0000] {dag.py:4180} INFO - Setting next_dagrun for example_params_trigger_ui to None, run_after=None
[2026-04-10T00:42:25.054+0000] {processor.py:208} INFO - Processing /home/airflow/.local/lib/python3.12/site-packages/airflow/example_dags/example_params_trigger_ui.py took 0.028 seconds
[2026-04-10T00:57:55.605+0000] {processor.py:186} INFO - Started process (PID=78963) to work on /home/airflow/.local/lib/python3.12/site-packages/airflow/example_dags/example_params_trigger_ui.py
[2026-04-10T00:57:55.606+0000] {processor.py:914} INFO - Processing file /home/airflow/.local/lib/python3.12/site-packages/airflow/example_dags/example_params_trigger_ui.py for tasks to queue
[2026-04-10T00:57:55.607+0000] {logging_mixin.py:190} INFO - [2026-04-10T00:57:55.607+0000] {dagbag.py:588} INFO - Filling up the DagBag from /home/airflow/.local/lib/python3.12/site-packages/airflow/example_dags/example_params_trigger_ui.py
[2026-04-10T00:57:55.612+0000] {processor.py:925} INFO - DAG(s) 'example_params_trigger_ui' retrieved from /home/airflow/.local/lib/python3.12/site-packages/airflow/example_dags/example_params_trigger_ui.py
[2026-04-10T00:57:55.632+0000] {logging_mixin.py:190} INFO - [2026-04-10T00:57:55.632+0000] {dag.py:3239} INFO - Sync 1 DAGs
[2026-04-10T00:57:55.636+0000] {logging_mixin.py:190} INFO - [2026-04-10T00:57:55.636+0000] {dag.py:4180} INFO - Setting next_dagrun for example_params_trigger_ui to None, run_after=None
[2026-04-10T00:57:55.643+0000] {processor.py:208} INFO - Processing /home/airflow/.local/lib/python3.12/site-packages/airflow/example_dags/example_params_trigger_ui.py took 0.040 seconds
[2026-04-10T01:13:29.274+0000] {processor.py:186} INFO - Started process (PID=79027) to work on /home/airflow/.local/lib/python3.12/site-packages/airflow/example_dags/example_params_trigger_ui.py
[2026-04-10T01:13:29.277+0000] {processor.py:914} INFO - Processing file /home/airflow/.local/lib/python3.12/site-packages/airflow/example_dags/example_params_trigger_ui.py for tasks to queue
[2026-04-10T01:13:29.280+0000] {logging_mixin.py:190} INFO - [2026-04-10T01:13:29.279+0000] {dagbag.py:588} INFO - Filling up the DagBag from /home/airflow/.local/lib/python3.12/site-packages/airflow/example_dags/example_params_trigger_ui.py
[2026-04-10T01:13:29.296+0000] {processor.py:925} INFO - DAG(s) 'example_params_trigger_ui' retrieved from /home/airflow/.local/lib/python3.12/site-packages/airflow/example_dags/example_params_trigger_ui.py
[2026-04-10T01:13:29.339+0000] {logging_mixin.py:190} INFO - [2026-04-10T01:13:29.338+0000] {dag.py:3239} INFO - Sync 1 DAGs
[2026-04-10T01:13:29.357+0000] {logging_mixin.py:190} INFO - [2026-04-10T01:13:29.357+0000] {dag.py:4180} INFO - Setting next_dagrun for example_params_trigger_ui to None, run_after=None
[2026-04-10T01:13:29.386+0000] {processor.py:208} INFO - Processing /home/airflow/.local/lib/python3.12/site-packages/airflow/example_dags/example_params_trigger_ui.py took 0.119 seconds
[2026-04-10T01:14:00.291+0000] {processor.py:186} INFO - Started process (PID=79090) to work on /home/airflow/.local/lib/python3.12/site-packages/airflow/example_dags/example_params_trigger_ui.py
[2026-04-10T01:14:00.292+0000] {processor.py:914} INFO - Processing file /home/airflow/.local/lib/python3.12/site-packages/airflow/example_dags/example_params_trigger_ui.py for tasks to queue
[2026-04-10T01:14:00.292+0000] {logging_mixin.py:190} INFO - [2026-04-10T01:14:00.292+0000] {dagbag.py:588} INFO - Filling up the DagBag from /home/airflow/.local/lib/python3.12/site-packages/airflow/example_dags/example_params_trigger_ui.py
[2026-04-10T01:14:00.297+0000] {processor.py:925} INFO - DAG(s) 'example_params_trigger_ui' retrieved from /home/airflow/.local/lib/python3.12/site-packages/airflow/example_dags/example_params_trigger_ui.py
[2026-04-10T01:14:00.311+0000] {logging_mixin.py:190} INFO - [2026-04-10T01:14:00.311+0000] {dag.py:3239} INFO - Sync 1 DAGs
[2026-04-10T01:14:00.316+0000] {logging_mixin.py:190} INFO - [2026-04-10T01:14:00.316+0000] {dag.py:4180} INFO - Setting next_dagrun for example_params_trigger_ui to None, run_after=None
[2026-04-10T01:14:00.322+0000] {processor.py:208} INFO - Processing /home/airflow/.local/lib/python3.12/site-packages/airflow/example_dags/example_params_trigger_ui.py took 0.033 seconds
[2026-04-10T01:29:26.762+0000] {processor.py:186} INFO - Started process (PID=79154) to work on /home/airflow/.local/lib/python3.12/site-packages/airflow/example_dags/example_params_trigger_ui.py
[2026-04-10T01:29:26.763+0000] {processor.py:914} INFO - Processing file /home/airflow/.local/lib/python3.12/site-packages/airflow/example_dags/example_params_trigger_ui.py for tasks to queue
[2026-04-10T01:29:26.763+0000] {logging_mixin.py:190} INFO - [2026-04-10T01:29:26.763+0000] {dagbag.py:588} INFO - Filling up the DagBag from /home/airflow/.local/lib/python3.12/site-packages/airflow/example_dags/example_params_trigger_ui.py
[2026-04-10T01:29:26.767+0000] {processor.py:925} INFO - DAG(s) 'example_params_trigger_ui' retrieved from /home/airflow/.local/lib/python3.12/site-packages/airflow/example_dags/example_params_trigger_ui.py
[2026-04-10T01:29:26.785+0000] {logging_mixin.py:190} INFO - [2026-04-10T01:29:26.785+0000] {dag.py:3239} INFO - Sync 1 DAGs
[2026-04-10T01:29:26.790+0000] {logging_mixin.py:190} INFO - [2026-04-10T01:29:26.790+0000] {dag.py:4180} INFO - Setting next_dagrun for example_params_trigger_ui to None, run_after=None
[2026-04-10T01:29:26.796+0000] {processor.py:208} INFO - Processing /home/airflow/.local/lib/python3.12/site-packages/airflow/example_dags/example_params_trigger_ui.py took 0.036 seconds
[2026-04-10T01:29:57.241+0000] {processor.py:186} INFO - Started process (PID=79218) to work on /home/airflow/.local/lib/python3.12/site-packages/airflow/example_dags/example_params_trigger_ui.py
[2026-04-10T01:29:57.242+0000] {processor.py:914} INFO - Processing file /home/airflow/.local/lib/python3.12/site-packages/airflow/example_dags/example_params_trigger_ui.py for tasks to queue
[2026-04-10T01:29:57.242+0000] {logging_mixin.py:190} INFO - [2026-04-10T01:29:57.242+0000] {dagbag.py:588} INFO - Filling up the DagBag from /home/airflow/.local/lib/python3.12/site-packages/airflow/example_dags/example_params_trigger_ui.py
[2026-04-10T01:29:57.248+0000] {processor.py:925} INFO - DAG(s) 'example_params_trigger_ui' retrieved from /home/airflow/.local/lib/python3.12/site-packages/airflow/example_dags/example_params_trigger_ui.py
[2026-04-10T01:29:57.263+0000] {logging_mixin.py:190} INFO - [2026-04-10T01:29:57.263+0000] {dag.py:3239} INFO - Sync 1 DAGs
[2026-04-10T01:29:57.269+0000] {logging_mixin.py:190} INFO - [2026-04-10T01:29:57.269+0000] {dag.py:4180} INFO - Setting next_dagrun for example_params_trigger_ui to None, run_after=None
[2026-04-10T01:29:57.275+0000] {processor.py:208} INFO - Processing /home/airflow/.local/lib/python3.12/site-packages/airflow/example_dags/example_params_trigger_ui.py took 0.036 seconds
[2026-04-10T01:43:16.537+0000] {processor.py:186} INFO - Started process (PID=79282) to work on /home/airflow/.local/lib/python3.12/site-packages/airflow/example_dags/example_params_trigger_ui.py
[2026-04-10T01:43:16.537+0000] {processor.py:914} INFO - Processing file /home/airflow/.local/lib/python3.12/site-packages/airflow/example_dags/example_params_trigger_ui.py for tasks to queue
[2026-04-10T01:43:16.541+0000] {logging_mixin.py:190} INFO - [2026-04-10T01:43:16.541+0000] {dagbag.py:588} INFO - Filling up the DagBag from /home/airflow/.local/lib/python3.12/site-packages/airflow/example_dags/example_params_trigger_ui.py
[2026-04-10T01:43:16.547+0000] {processor.py:925} INFO - DAG(s) 'example_params_trigger_ui' retrieved from /home/airflow/.local/lib/python3.12/site-packages/airflow/example_dags/example_params_trigger_ui.py
[2026-04-10T01:43:16.565+0000] {logging_mixin.py:190} INFO - [2026-04-10T01:43:16.565+0000] {dag.py:3239} INFO - Sync 1 DAGs
[2026-04-10T01:43:16.571+0000] {logging_mixin.py:190} INFO - [2026-04-10T01:43:16.571+0000] {dag.py:4180} INFO - Setting next_dagrun for example_params_trigger_ui to None, run_after=None
[2026-04-10T01:43:16.578+0000] {processor.py:208} INFO - Processing /home/airflow/.local/lib/python3.12/site-packages/airflow/example_dags/example_params_trigger_ui.py took 0.044 seconds
[2026-04-10T01:58:48.410+0000] {processor.py:186} INFO - Started process (PID=79346) to work on /home/airflow/.local/lib/python3.12/site-packages/airflow/example_dags/example_params_trigger_ui.py
[2026-04-10T01:58:48.411+0000] {processor.py:914} INFO - Processing file /home/airflow/.local/lib/python3.12/site-packages/airflow/example_dags/example_params_trigger_ui.py for tasks to queue
[2026-04-10T01:58:48.411+0000] {logging_mixin.py:190} INFO - [2026-04-10T01:58:48.411+0000] {dagbag.py:588} INFO - Filling up the DagBag from /home/airflow/.local/lib/python3.12/site-packages/airflow/example_dags/example_params_trigger_ui.py
[2026-04-10T01:58:48.417+0000] {processor.py:925} INFO - DAG(s) 'example_params_trigger_ui' retrieved from /home/airflow/.local/lib/python3.12/site-packages/airflow/example_dags/example_params_trigger_ui.py
[2026-04-10T01:58:48.430+0000] {logging_mixin.py:190} INFO - [2026-04-10T01:58:48.430+0000] {dag.py:3239} INFO - Sync 1 DAGs
[2026-04-10T01:58:48.435+0000] {logging_mixin.py:190} INFO - [2026-04-10T01:58:48.435+0000] {dag.py:4180} INFO - Setting next_dagrun for example_params_trigger_ui to None, run_after=None
[2026-04-10T01:58:48.441+0000] {processor.py:208} INFO - Processing /home/airflow/.local/lib/python3.12/site-packages/airflow/example_dags/example_params_trigger_ui.py took 0.033 seconds
[2026-04-10T01:59:19.657+0000] {processor.py:186} INFO - Started process (PID=79409) to work on /home/airflow/.local/lib/python3.12/site-packages/airflow/example_dags/example_params_trigger_ui.py
[2026-04-10T01:59:19.657+0000] {processor.py:914} INFO - Processing file /home/airflow/.local/lib/python3.12/site-packages/airflow/example_dags/example_params_trigger_ui.py for tasks to queue
[2026-04-10T01:59:19.657+0000] {logging_mixin.py:190} INFO - [2026-04-10T01:59:19.657+0000] {dagbag.py:588} INFO - Filling up the DagBag from /home/airflow/.local/lib/python3.12/site-packages/airflow/example_dags/example_params_trigger_ui.py
[2026-04-10T01:59:19.663+0000] {processor.py:925} INFO - DAG(s) 'example_params_trigger_ui' retrieved from /home/airflow/.local/lib/python3.12/site-packages/airflow/example_dags/example_params_trigger_ui.py
[2026-04-10T01:59:19.680+0000] {logging_mixin.py:190} INFO - [2026-04-10T01:59:19.680+0000] {dag.py:3239} INFO - Sync 1 DAGs
[2026-04-10T01:59:19.684+0000] {logging_mixin.py:190} INFO - [2026-04-10T01:59:19.684+0000] {dag.py:4180} INFO - Setting next_dagrun for example_params_trigger_ui to None, run_after=None
[2026-04-10T01:59:19.690+0000] {processor.py:208} INFO - Processing /home/airflow/.local/lib/python3.12/site-packages/airflow/example_dags/example_params_trigger_ui.py took 0.035 seconds
[2026-04-10T02:14:52.110+0000] {processor.py:186} INFO - Started process (PID=79474) to work on /home/airflow/.local/lib/python3.12/site-packages/airflow/example_dags/example_params_trigger_ui.py
[2026-04-10T02:14:52.110+0000] {processor.py:914} INFO - Processing file /home/airflow/.local/lib/python3.12/site-packages/airflow/example_dags/example_params_trigger_ui.py for tasks to queue
[2026-04-10T02:14:52.111+0000] {logging_mixin.py:190} INFO - [2026-04-10T02:14:52.111+0000] {dagbag.py:588} INFO - Filling up the DagBag from /home/airflow/.local/lib/python3.12/site-packages/airflow/example_dags/example_params_trigger_ui.py
[2026-04-10T02:14:52.116+0000] {processor.py:925} INFO - DAG(s) 'example_params_trigger_ui' retrieved from /home/airflow/.local/lib/python3.12/site-packages/airflow/example_dags/example_params_trigger_ui.py
[2026-04-10T02:14:52.130+0000] {logging_mixin.py:190} INFO - [2026-04-10T02:14:52.130+0000] {dag.py:3239} INFO - Sync 1 DAGs
[2026-04-10T02:14:52.135+0000] {logging_mixin.py:190} INFO - [2026-04-10T02:14:52.134+0000] {dag.py:4180} INFO - Setting next_dagrun for example_params_trigger_ui to None, run_after=None
[2026-04-10T02:14:52.140+0000] {processor.py:208} INFO - Processing /home/airflow/.local/lib/python3.12/site-packages/airflow/example_dags/example_params_trigger_ui.py took 0.033 seconds
[2026-04-10T02:20:02.836+0000] {processor.py:186} INFO - Started process (PID=79538) to work on /home/airflow/.local/lib/python3.12/site-packages/airflow/example_dags/example_params_trigger_ui.py
[2026-04-10T02:20:02.837+0000] {processor.py:914} INFO - Processing file /home/airflow/.local/lib/python3.12/site-packages/airflow/example_dags/example_params_trigger_ui.py for tasks to queue
[2026-04-10T02:20:02.838+0000] {logging_mixin.py:190} INFO - [2026-04-10T02:20:02.837+0000] {dagbag.py:588} INFO - Filling up the DagBag from /home/airflow/.local/lib/python3.12/site-packages/airflow/example_dags/example_params_trigger_ui.py
[2026-04-10T02:20:02.845+0000] {processor.py:925} INFO - DAG(s) 'example_params_trigger_ui' retrieved from /home/airflow/.local/lib/python3.12/site-packages/airflow/example_dags/example_params_trigger_ui.py
[2026-04-10T02:20:02.867+0000] {logging_mixin.py:190} INFO - [2026-04-10T02:20:02.867+0000] {dag.py:3239} INFO - Sync 1 DAGs
[2026-04-10T02:20:02.875+0000] {logging_mixin.py:190} INFO - [2026-04-10T02:20:02.875+0000] {dag.py:4180} INFO - Setting next_dagrun for example_params_trigger_ui to None, run_after=None
[2026-04-10T02:20:02.885+0000] {processor.py:208} INFO - Processing /home/airflow/.local/lib/python3.12/site-packages/airflow/example_dags/example_params_trigger_ui.py took 0.052 seconds
[2026-04-10T02:20:33.379+0000] {processor.py:186} INFO - Started process (PID=79602) to work on /home/airflow/.local/lib/python3.12/site-packages/airflow/example_dags/example_params_trigger_ui.py
[2026-04-10T02:20:33.379+0000] {processor.py:914} INFO - Processing file /home/airflow/.local/lib/python3.12/site-packages/airflow/example_dags/example_params_trigger_ui.py for tasks to queue
[2026-04-10T02:20:33.379+0000] {logging_mixin.py:190} INFO - [2026-04-10T02:20:33.379+0000] {dagbag.py:588} INFO - Filling up the DagBag from /home/airflow/.local/lib/python3.12/site-packages/airflow/example_dags/example_params_trigger_ui.py
[2026-04-10T02:20:33.384+0000] {processor.py:925} INFO - DAG(s) 'example_params_trigger_ui' retrieved from /home/airflow/.local/lib/python3.12/site-packages/airflow/example_dags/example_params_trigger_ui.py
[2026-04-10T02:20:33.398+0000] {logging_mixin.py:190} INFO - [2026-04-10T02:20:33.398+0000] {dag.py:3239} INFO - Sync 1 DAGs
[2026-04-10T02:20:33.403+0000] {logging_mixin.py:190} INFO - [2026-04-10T02:20:33.403+0000] {dag.py:4180} INFO - Setting next_dagrun for example_params_trigger_ui to None, run_after=None
[2026-04-10T02:20:33.409+0000] {processor.py:208} INFO - Processing /home/airflow/.local/lib/python3.12/site-packages/airflow/example_dags/example_params_trigger_ui.py took 0.033 seconds
[2026-04-10T02:38:22.250+0000] {processor.py:186} INFO - Started process (PID=79666) to work on /home/airflow/.local/lib/python3.12/site-packages/airflow/example_dags/example_params_trigger_ui.py
[2026-04-10T02:38:22.250+0000] {processor.py:914} INFO - Processing file /home/airflow/.local/lib/python3.12/site-packages/airflow/example_dags/example_params_trigger_ui.py for tasks to queue
[2026-04-10T02:38:22.251+0000] {logging_mixin.py:190} INFO - [2026-04-10T02:38:22.251+0000] {dagbag.py:588} INFO - Filling up the DagBag from /home/airflow/.local/lib/python3.12/site-packages/airflow/example_dags/example_params_trigger_ui.py
[2026-04-10T02:38:22.257+0000] {processor.py:925} INFO - DAG(s) 'example_params_trigger_ui' retrieved from /home/airflow/.local/lib/python3.12/site-packages/airflow/example_dags/example_params_trigger_ui.py
[2026-04-10T02:38:22.271+0000] {logging_mixin.py:190} INFO - [2026-04-10T02:38:22.271+0000] {dag.py:3239} INFO - Sync 1 DAGs
[2026-04-10T02:38:22.276+0000] {logging_mixin.py:190} INFO - [2026-04-10T02:38:22.276+0000] {dag.py:4180} INFO - Setting next_dagrun for example_params_trigger_ui to None, run_after=None
[2026-04-10T02:38:22.283+0000] {processor.py:208} INFO - Processing /home/airflow/.local/lib/python3.12/site-packages/airflow/example_dags/example_params_trigger_ui.py took 0.036 seconds
[2026-04-10T02:44:09.108+0000] {processor.py:186} INFO - Started process (PID=79730) to work on /home/airflow/.local/lib/python3.12/site-packages/airflow/example_dags/example_params_trigger_ui.py
[2026-04-10T02:44:09.108+0000] {processor.py:914} INFO - Processing file /home/airflow/.local/lib/python3.12/site-packages/airflow/example_dags/example_params_trigger_ui.py for tasks to queue
[2026-04-10T02:44:09.109+0000] {logging_mixin.py:190} INFO - [2026-04-10T02:44:09.109+0000] {dagbag.py:588} INFO - Filling up the DagBag from /home/airflow/.local/lib/python3.12/site-packages/airflow/example_dags/example_params_trigger_ui.py
[2026-04-10T02:44:09.114+0000] {processor.py:925} INFO - DAG(s) 'example_params_trigger_ui' retrieved from /home/airflow/.local/lib/python3.12/site-packages/airflow/example_dags/example_params_trigger_ui.py
[2026-04-10T02:44:09.127+0000] {logging_mixin.py:190} INFO - [2026-04-10T02:44:09.127+0000] {dag.py:3239} INFO - Sync 1 DAGs
[2026-04-10T02:44:09.132+0000] {logging_mixin.py:190} INFO - [2026-04-10T02:44:09.132+0000] {dag.py:4180} INFO - Setting next_dagrun for example_params_trigger_ui to None, run_after=None
[2026-04-10T02:44:09.138+0000] {processor.py:208} INFO - Processing /home/airflow/.local/lib/python3.12/site-packages/airflow/example_dags/example_params_trigger_ui.py took 0.033 seconds
[2026-04-10T02:59:40.711+0000] {processor.py:186} INFO - Started process (PID=79794) to work on /home/airflow/.local/lib/python3.12/site-packages/airflow/example_dags/example_params_trigger_ui.py
[2026-04-10T02:59:40.712+0000] {processor.py:914} INFO - Processing file /home/airflow/.local/lib/python3.12/site-packages/airflow/example_dags/example_params_trigger_ui.py for tasks to queue
[2026-04-10T02:59:40.712+0000] {logging_mixin.py:190} INFO - [2026-04-10T02:59:40.712+0000] {dagbag.py:588} INFO - Filling up the DagBag from /home/airflow/.local/lib/python3.12/site-packages/airflow/example_dags/example_params_trigger_ui.py
[2026-04-10T02:59:40.718+0000] {processor.py:925} INFO - DAG(s) 'example_params_trigger_ui' retrieved from /home/airflow/.local/lib/python3.12/site-packages/airflow/example_dags/example_params_trigger_ui.py
[2026-04-10T02:59:40.734+0000] {logging_mixin.py:190} INFO - [2026-04-10T02:59:40.733+0000] {dag.py:3239} INFO - Sync 1 DAGs
[2026-04-10T02:59:40.739+0000] {logging_mixin.py:190} INFO - [2026-04-10T02:59:40.739+0000] {dag.py:4180} INFO - Setting next_dagrun for example_params_trigger_ui to None, run_after=None
[2026-04-10T02:59:40.746+0000] {processor.py:208} INFO - Processing /home/airflow/.local/lib/python3.12/site-packages/airflow/example_dags/example_params_trigger_ui.py took 0.038 seconds
[2026-04-10T03:00:11.023+0000] {processor.py:186} INFO - Started process (PID=79858) to work on /home/airflow/.local/lib/python3.12/site-packages/airflow/example_dags/example_params_trigger_ui.py
[2026-04-10T03:00:11.024+0000] {processor.py:914} INFO - Processing file /home/airflow/.local/lib/python3.12/site-packages/airflow/example_dags/example_params_trigger_ui.py for tasks to queue
[2026-04-10T03:00:11.024+0000] {logging_mixin.py:190} INFO - [2026-04-10T03:00:11.024+0000] {dagbag.py:588} INFO - Filling up the DagBag from /home/airflow/.local/lib/python3.12/site-packages/airflow/example_dags/example_params_trigger_ui.py
[2026-04-10T03:00:11.029+0000] {processor.py:925} INFO - DAG(s) 'example_params_trigger_ui' retrieved from /home/airflow/.local/lib/python3.12/site-packages/airflow/example_dags/example_params_trigger_ui.py
[2026-04-10T03:00:11.042+0000] {logging_mixin.py:190} INFO - [2026-04-10T03:00:11.042+0000] {dag.py:3239} INFO - Sync 1 DAGs
[2026-04-10T03:00:11.047+0000] {logging_mixin.py:190} INFO - [2026-04-10T03:00:11.047+0000] {dag.py:4180} INFO - Setting next_dagrun for example_params_trigger_ui to None, run_after=None
[2026-04-10T03:00:11.053+0000] {processor.py:208} INFO - Processing /home/airflow/.local/lib/python3.12/site-packages/airflow/example_dags/example_params_trigger_ui.py took 0.031 seconds
[2026-04-10T03:15:41.823+0000] {processor.py:186} INFO - Started process (PID=79922) to work on /home/airflow/.local/lib/python3.12/site-packages/airflow/example_dags/example_params_trigger_ui.py
[2026-04-10T03:15:41.823+0000] {processor.py:914} INFO - Processing file /home/airflow/.local/lib/python3.12/site-packages/airflow/example_dags/example_params_trigger_ui.py for tasks to queue
[2026-04-10T03:15:41.824+0000] {logging_mixin.py:190} INFO - [2026-04-10T03:15:41.824+0000] {dagbag.py:588} INFO - Filling up the DagBag from /home/airflow/.local/lib/python3.12/site-packages/airflow/example_dags/example_params_trigger_ui.py
[2026-04-10T03:15:41.829+0000] {processor.py:925} INFO - DAG(s) 'example_params_trigger_ui' retrieved from /home/airflow/.local/lib/python3.12/site-packages/airflow/example_dags/example_params_trigger_ui.py
[2026-04-10T03:15:41.845+0000] {logging_mixin.py:190} INFO - [2026-04-10T03:15:41.845+0000] {dag.py:3239} INFO - Sync 1 DAGs
[2026-04-10T03:15:41.850+0000] {logging_mixin.py:190} INFO - [2026-04-10T03:15:41.850+0000] {dag.py:4180} INFO - Setting next_dagrun for example_params_trigger_ui to None, run_after=None
[2026-04-10T03:15:41.857+0000] {processor.py:208} INFO - Processing /home/airflow/.local/lib/python3.12/site-packages/airflow/example_dags/example_params_trigger_ui.py took 0.036 seconds
[2026-04-10T03:23:21.386+0000] {processor.py:186} INFO - Started process (PID=79986) to work on /home/airflow/.local/lib/python3.12/site-packages/airflow/example_dags/example_params_trigger_ui.py
[2026-04-10T03:23:21.388+0000] {processor.py:914} INFO - Processing file /home/airflow/.local/lib/python3.12/site-packages/airflow/example_dags/example_params_trigger_ui.py for tasks to queue
[2026-04-10T03:23:21.389+0000] {logging_mixin.py:190} INFO - [2026-04-10T03:23:21.389+0000] {dagbag.py:588} INFO - Filling up the DagBag from /home/airflow/.local/lib/python3.12/site-packages/airflow/example_dags/example_params_trigger_ui.py
[2026-04-10T03:23:21.395+0000] {processor.py:925} INFO - DAG(s) 'example_params_trigger_ui' retrieved from /home/airflow/.local/lib/python3.12/site-packages/airflow/example_dags/example_params_trigger_ui.py
[2026-04-10T03:23:21.417+0000] {logging_mixin.py:190} INFO - [2026-04-10T03:23:21.416+0000] {dag.py:3239} INFO - Sync 1 DAGs
[2026-04-10T03:23:21.422+0000] {logging_mixin.py:190} INFO - [2026-04-10T03:23:21.422+0000] {dag.py:4180} INFO - Setting next_dagrun for example_params_trigger_ui to None, run_after=None
[2026-04-10T03:23:21.430+0000] {processor.py:208} INFO - Processing /home/airflow/.local/lib/python3.12/site-packages/airflow/example_dags/example_params_trigger_ui.py took 0.047 seconds
[2026-04-10T03:23:52.090+0000] {processor.py:186} INFO - Started process (PID=80050) to work on /home/airflow/.local/lib/python3.12/site-packages/airflow/example_dags/example_params_trigger_ui.py
[2026-04-10T03:23:52.090+0000] {processor.py:914} INFO - Processing file /home/airflow/.local/lib/python3.12/site-packages/airflow/example_dags/example_params_trigger_ui.py for tasks to queue
[2026-04-10T03:23:52.092+0000] {logging_mixin.py:190} INFO - [2026-04-10T03:23:52.092+0000] {dagbag.py:588} INFO - Filling up the DagBag from /home/airflow/.local/lib/python3.12/site-packages/airflow/example_dags/example_params_trigger_ui.py
[2026-04-10T03:23:52.106+0000] {processor.py:925} INFO - DAG(s) 'example_params_trigger_ui' retrieved from /home/airflow/.local/lib/python3.12/site-packages/airflow/example_dags/example_params_trigger_ui.py
[2026-04-10T03:23:52.133+0000] {logging_mixin.py:190} INFO - [2026-04-10T03:23:52.133+0000] {dag.py:3239} INFO - Sync 1 DAGs
[2026-04-10T03:23:52.139+0000] {logging_mixin.py:190} INFO - [2026-04-10T03:23:52.139+0000] {dag.py:4180} INFO - Setting next_dagrun for example_params_trigger_ui to None, run_after=None
[2026-04-10T03:23:52.186+0000] {processor.py:208} INFO - Processing /home/airflow/.local/lib/python3.12/site-packages/airflow/example_dags/example_params_trigger_ui.py took 0.100 seconds
[2026-04-10T03:24:22.640+0000] {processor.py:186} INFO - Started process (PID=80114) to work on /home/airflow/.local/lib/python3.12/site-packages/airflow/example_dags/example_params_trigger_ui.py
[2026-04-10T03:24:22.641+0000] {processor.py:914} INFO - Processing file /home/airflow/.local/lib/python3.12/site-packages/airflow/example_dags/example_params_trigger_ui.py for tasks to queue
[2026-04-10T03:24:22.643+0000] {logging_mixin.py:190} INFO - [2026-04-10T03:24:22.642+0000] {dagbag.py:588} INFO - Filling up the DagBag from /home/airflow/.local/lib/python3.12/site-packages/airflow/example_dags/example_params_trigger_ui.py
[2026-04-10T03:24:22.647+0000] {processor.py:925} INFO - DAG(s) 'example_params_trigger_ui' retrieved from /home/airflow/.local/lib/python3.12/site-packages/airflow/example_dags/example_params_trigger_ui.py
[2026-04-10T03:24:22.666+0000] {logging_mixin.py:190} INFO - [2026-04-10T03:24:22.666+0000] {dag.py:3239} INFO - Sync 1 DAGs
[2026-04-10T03:24:22.673+0000] {logging_mixin.py:190} INFO - [2026-04-10T03:24:22.673+0000] {dag.py:4180} INFO - Setting next_dagrun for example_params_trigger_ui to None, run_after=None
[2026-04-10T03:24:22.683+0000] {processor.py:208} INFO - Processing /home/airflow/.local/lib/python3.12/site-packages/airflow/example_dags/example_params_trigger_ui.py took 0.045 seconds
[2026-04-10T03:24:52.906+0000] {processor.py:186} INFO - Started process (PID=80178) to work on /home/airflow/.local/lib/python3.12/site-packages/airflow/example_dags/example_params_trigger_ui.py
[2026-04-10T03:24:52.907+0000] {processor.py:914} INFO - Processing file /home/airflow/.local/lib/python3.12/site-packages/airflow/example_dags/example_params_trigger_ui.py for tasks to queue
[2026-04-10T03:24:52.908+0000] {logging_mixin.py:190} INFO - [2026-04-10T03:24:52.907+0000] {dagbag.py:588} INFO - Filling up the DagBag from /home/airflow/.local/lib/python3.12/site-packages/airflow/example_dags/example_params_trigger_ui.py
[2026-04-10T03:24:52.914+0000] {processor.py:925} INFO - DAG(s) 'example_params_trigger_ui' retrieved from /home/airflow/.local/lib/python3.12/site-packages/airflow/example_dags/example_params_trigger_ui.py
[2026-04-10T03:24:52.928+0000] {logging_mixin.py:190} INFO - [2026-04-10T03:24:52.928+0000] {dag.py:3239} INFO - Sync 1 DAGs
[2026-04-10T03:24:52.934+0000] {logging_mixin.py:190} INFO - [2026-04-10T03:24:52.934+0000] {dag.py:4180} INFO - Setting next_dagrun for example_params_trigger_ui to None, run_after=None
[2026-04-10T03:24:52.939+0000] {processor.py:208} INFO - Processing /home/airflow/.local/lib/python3.12/site-packages/airflow/example_dags/example_params_trigger_ui.py took 0.036 seconds
[2026-04-10T03:25:23.351+0000] {processor.py:186} INFO - Started process (PID=80242) to work on /home/airflow/.local/lib/python3.12/site-packages/airflow/example_dags/example_params_trigger_ui.py
[2026-04-10T03:25:23.351+0000] {processor.py:914} INFO - Processing file /home/airflow/.local/lib/python3.12/site-packages/airflow/example_dags/example_params_trigger_ui.py for tasks to queue
[2026-04-10T03:25:23.352+0000] {logging_mixin.py:190} INFO - [2026-04-10T03:25:23.352+0000] {dagbag.py:588} INFO - Filling up the DagBag from /home/airflow/.local/lib/python3.12/site-packages/airflow/example_dags/example_params_trigger_ui.py
[2026-04-10T03:25:23.357+0000] {processor.py:925} INFO - DAG(s) 'example_params_trigger_ui' retrieved from /home/airflow/.local/lib/python3.12/site-packages/airflow/example_dags/example_params_trigger_ui.py
[2026-04-10T03:25:23.371+0000] {logging_mixin.py:190} INFO - [2026-04-10T03:25:23.371+0000] {dag.py:3239} INFO - Sync 1 DAGs
[2026-04-10T03:25:23.376+0000] {logging_mixin.py:190} INFO - [2026-04-10T03:25:23.376+0000] {dag.py:4180} INFO - Setting next_dagrun for example_params_trigger_ui to None, run_after=None
[2026-04-10T03:25:23.383+0000] {processor.py:208} INFO - Processing /home/airflow/.local/lib/python3.12/site-packages/airflow/example_dags/example_params_trigger_ui.py took 0.034 seconds
[2026-04-10T03:25:53.887+0000] {processor.py:186} INFO - Started process (PID=80306) to work on /home/airflow/.local/lib/python3.12/site-packages/airflow/example_dags/example_params_trigger_ui.py
[2026-04-10T03:25:53.887+0000] {processor.py:914} INFO - Processing file /home/airflow/.local/lib/python3.12/site-packages/airflow/example_dags/example_params_trigger_ui.py for tasks to queue
[2026-04-10T03:25:53.888+0000] {logging_mixin.py:190} INFO - [2026-04-10T03:25:53.888+0000] {dagbag.py:588} INFO - Filling up the DagBag from /home/airflow/.local/lib/python3.12/site-packages/airflow/example_dags/example_params_trigger_ui.py
[2026-04-10T03:25:53.893+0000] {processor.py:925} INFO - DAG(s) 'example_params_trigger_ui' retrieved from /home/airflow/.local/lib/python3.12/site-packages/airflow/example_dags/example_params_trigger_ui.py
[2026-04-10T03:25:53.908+0000] {logging_mixin.py:190} INFO - [2026-04-10T03:25:53.907+0000] {dag.py:3239} INFO - Sync 1 DAGs
[2026-04-10T03:25:53.912+0000] {logging_mixin.py:190} INFO - [2026-04-10T03:25:53.912+0000] {dag.py:4180} INFO - Setting next_dagrun for example_params_trigger_ui to None, run_after=None
[2026-04-10T03:25:53.918+0000] {processor.py:208} INFO - Processing /home/airflow/.local/lib/python3.12/site-packages/airflow/example_dags/example_params_trigger_ui.py took 0.034 seconds
[2026-04-10T03:26:25.129+0000] {processor.py:186} INFO - Started process (PID=80370) to work on /home/airflow/.local/lib/python3.12/site-packages/airflow/example_dags/example_params_trigger_ui.py
[2026-04-10T03:26:25.129+0000] {processor.py:914} INFO - Processing file /home/airflow/.local/lib/python3.12/site-packages/airflow/example_dags/example_params_trigger_ui.py for tasks to queue
[2026-04-10T03:26:25.130+0000] {logging_mixin.py:190} INFO - [2026-04-10T03:26:25.130+0000] {dagbag.py:588} INFO - Filling up the DagBag from /home/airflow/.local/lib/python3.12/site-packages/airflow/example_dags/example_params_trigger_ui.py
[2026-04-10T03:26:25.136+0000] {processor.py:925} INFO - DAG(s) 'example_params_trigger_ui' retrieved from /home/airflow/.local/lib/python3.12/site-packages/airflow/example_dags/example_params_trigger_ui.py
[2026-04-10T03:26:25.152+0000] {logging_mixin.py:190} INFO - [2026-04-10T03:26:25.152+0000] {dag.py:3239} INFO - Sync 1 DAGs
[2026-04-10T03:26:25.158+0000] {logging_mixin.py:190} INFO - [2026-04-10T03:26:25.157+0000] {dag.py:4180} INFO - Setting next_dagrun for example_params_trigger_ui to None, run_after=None
[2026-04-10T03:26:25.163+0000] {processor.py:208} INFO - Processing /home/airflow/.local/lib/python3.12/site-packages/airflow/example_dags/example_params_trigger_ui.py took 0.037 seconds
[2026-04-10T03:26:55.542+0000] {processor.py:186} INFO - Started process (PID=80434) to work on /home/airflow/.local/lib/python3.12/site-packages/airflow/example_dags/example_params_trigger_ui.py
[2026-04-10T03:26:55.542+0000] {processor.py:914} INFO - Processing file /home/airflow/.local/lib/python3.12/site-packages/airflow/example_dags/example_params_trigger_ui.py for tasks to queue
[2026-04-10T03:26:55.543+0000] {logging_mixin.py:190} INFO - [2026-04-10T03:26:55.543+0000] {dagbag.py:588} INFO - Filling up the DagBag from /home/airflow/.local/lib/python3.12/site-packages/airflow/example_dags/example_params_trigger_ui.py
[2026-04-10T03:26:55.549+0000] {processor.py:925} INFO - DAG(s) 'example_params_trigger_ui' retrieved from /home/airflow/.local/lib/python3.12/site-packages/airflow/example_dags/example_params_trigger_ui.py
[2026-04-10T03:26:55.568+0000] {logging_mixin.py:190} INFO - [2026-04-10T03:26:55.567+0000] {dag.py:3239} INFO - Sync 1 DAGs
[2026-04-10T03:26:55.574+0000] {logging_mixin.py:190} INFO - [2026-04-10T03:26:55.574+0000] {dag.py:4180} INFO - Setting next_dagrun for example_params_trigger_ui to None, run_after=None
[2026-04-10T03:26:55.581+0000] {processor.py:208} INFO - Processing /home/airflow/.local/lib/python3.12/site-packages/airflow/example_dags/example_params_trigger_ui.py took 0.042 seconds
[2026-04-10T03:27:25.865+0000] {processor.py:186} INFO - Started process (PID=80497) to work on /home/airflow/.local/lib/python3.12/site-packages/airflow/example_dags/example_params_trigger_ui.py
[2026-04-10T03:27:25.865+0000] {processor.py:914} INFO - Processing file /home/airflow/.local/lib/python3.12/site-packages/airflow/example_dags/example_params_trigger_ui.py for tasks to queue
[2026-04-10T03:27:25.866+0000] {logging_mixin.py:190} INFO - [2026-04-10T03:27:25.865+0000] {dagbag.py:588} INFO - Filling up the DagBag from /home/airflow/.local/lib/python3.12/site-packages/airflow/example_dags/example_params_trigger_ui.py
[2026-04-10T03:27:25.870+0000] {processor.py:925} INFO - DAG(s) 'example_params_trigger_ui' retrieved from /home/airflow/.local/lib/python3.12/site-packages/airflow/example_dags/example_params_trigger_ui.py
[2026-04-10T03:27:25.882+0000] {logging_mixin.py:190} INFO - [2026-04-10T03:27:25.882+0000] {dag.py:3239} INFO - Sync 1 DAGs
[2026-04-10T03:27:25.887+0000] {logging_mixin.py:190} INFO - [2026-04-10T03:27:25.887+0000] {dag.py:4180} INFO - Setting next_dagrun for example_params_trigger_ui to None, run_after=None
[2026-04-10T03:27:25.892+0000] {processor.py:208} INFO - Processing /home/airflow/.local/lib/python3.12/site-packages/airflow/example_dags/example_params_trigger_ui.py took 0.029 seconds
[2026-04-10T03:27:56.331+0000] {processor.py:186} INFO - Started process (PID=80562) to work on /home/airflow/.local/lib/python3.12/site-packages/airflow/example_dags/example_params_trigger_ui.py
[2026-04-10T03:27:56.331+0000] {processor.py:914} INFO - Processing file /home/airflow/.local/lib/python3.12/site-packages/airflow/example_dags/example_params_trigger_ui.py for tasks to queue
[2026-04-10T03:27:56.332+0000] {logging_mixin.py:190} INFO - [2026-04-10T03:27:56.332+0000] {dagbag.py:588} INFO - Filling up the DagBag from /home/airflow/.local/lib/python3.12/site-packages/airflow/example_dags/example_params_trigger_ui.py
[2026-04-10T03:27:56.337+0000] {processor.py:925} INFO - DAG(s) 'example_params_trigger_ui' retrieved from /home/airflow/.local/lib/python3.12/site-packages/airflow/example_dags/example_params_trigger_ui.py
[2026-04-10T03:27:56.353+0000] {logging_mixin.py:190} INFO - [2026-04-10T03:27:56.353+0000] {dag.py:3239} INFO - Sync 1 DAGs
[2026-04-10T03:27:56.375+0000] {logging_mixin.py:190} INFO - [2026-04-10T03:27:56.375+0000] {dag.py:4180} INFO - Setting next_dagrun for example_params_trigger_ui to None, run_after=None
[2026-04-10T03:27:56.389+0000] {processor.py:208} INFO - Processing /home/airflow/.local/lib/python3.12/site-packages/airflow/example_dags/example_params_trigger_ui.py took 0.061 seconds
[2026-04-10T03:28:27.018+0000] {processor.py:186} INFO - Started process (PID=80626) to work on /home/airflow/.local/lib/python3.12/site-packages/airflow/example_dags/example_params_trigger_ui.py
[2026-04-10T03:28:27.019+0000] {processor.py:914} INFO - Processing file /home/airflow/.local/lib/python3.12/site-packages/airflow/example_dags/example_params_trigger_ui.py for tasks to queue
[2026-04-10T03:28:27.019+0000] {logging_mixin.py:190} INFO - [2026-04-10T03:28:27.019+0000] {dagbag.py:588} INFO - Filling up the DagBag from /home/airflow/.local/lib/python3.12/site-packages/airflow/example_dags/example_params_trigger_ui.py
[2026-04-10T03:28:27.024+0000] {processor.py:925} INFO - DAG(s) 'example_params_trigger_ui' retrieved from /home/airflow/.local/lib/python3.12/site-packages/airflow/example_dags/example_params_trigger_ui.py
[2026-04-10T03:28:27.037+0000] {logging_mixin.py:190} INFO - [2026-04-10T03:28:27.037+0000] {dag.py:3239} INFO - Sync 1 DAGs
[2026-04-10T03:28:27.041+0000] {logging_mixin.py:190} INFO - [2026-04-10T03:28:27.041+0000] {dag.py:4180} INFO - Setting next_dagrun for example_params_trigger_ui to None, run_after=None
[2026-04-10T03:28:27.047+0000] {processor.py:208} INFO - Processing /home/airflow/.local/lib/python3.12/site-packages/airflow/example_dags/example_params_trigger_ui.py took 0.031 seconds
[2026-04-10T03:28:57.416+0000] {processor.py:186} INFO - Started process (PID=80689) to work on /home/airflow/.local/lib/python3.12/site-packages/airflow/example_dags/example_params_trigger_ui.py
[2026-04-10T03:28:57.418+0000] {processor.py:914} INFO - Processing file /home/airflow/.local/lib/python3.12/site-packages/airflow/example_dags/example_params_trigger_ui.py for tasks to queue
[2026-04-10T03:28:57.418+0000] {logging_mixin.py:190} INFO - [2026-04-10T03:28:57.418+0000] {dagbag.py:588} INFO - Filling up the DagBag from /home/airflow/.local/lib/python3.12/site-packages/airflow/example_dags/example_params_trigger_ui.py
[2026-04-10T03:28:57.427+0000] {processor.py:925} INFO - DAG(s) 'example_params_trigger_ui' retrieved from /home/airflow/.local/lib/python3.12/site-packages/airflow/example_dags/example_params_trigger_ui.py
[2026-04-10T03:28:57.446+0000] {logging_mixin.py:190} INFO - [2026-04-10T03:28:57.446+0000] {dag.py:3239} INFO - Sync 1 DAGs
[2026-04-10T03:28:57.451+0000] {logging_mixin.py:190} INFO - [2026-04-10T03:28:57.451+0000] {dag.py:4180} INFO - Setting next_dagrun for example_params_trigger_ui to None, run_after=None
[2026-04-10T03:28:57.457+0000] {processor.py:208} INFO - Processing /home/airflow/.local/lib/python3.12/site-packages/airflow/example_dags/example_params_trigger_ui.py took 0.043 seconds
[2026-04-10T03:29:27.838+0000] {processor.py:186} INFO - Started process (PID=80753) to work on /home/airflow/.local/lib/python3.12/site-packages/airflow/example_dags/example_params_trigger_ui.py
[2026-04-10T03:29:27.839+0000] {processor.py:914} INFO - Processing file /home/airflow/.local/lib/python3.12/site-packages/airflow/example_dags/example_params_trigger_ui.py for tasks to queue
[2026-04-10T03:29:27.839+0000] {logging_mixin.py:190} INFO - [2026-04-10T03:29:27.839+0000] {dagbag.py:588} INFO - Filling up the DagBag from /home/airflow/.local/lib/python3.12/site-packages/airflow/example_dags/example_params_trigger_ui.py
[2026-04-10T03:29:27.844+0000] {processor.py:925} INFO - DAG(s) 'example_params_trigger_ui' retrieved from /home/airflow/.local/lib/python3.12/site-packages/airflow/example_dags/example_params_trigger_ui.py
[2026-04-10T03:29:27.864+0000] {logging_mixin.py:190} INFO - [2026-04-10T03:29:27.864+0000] {dag.py:3239} INFO - Sync 1 DAGs
[2026-04-10T03:29:27.868+0000] {logging_mixin.py:190} INFO - [2026-04-10T03:29:27.868+0000] {dag.py:4180} INFO - Setting next_dagrun for example_params_trigger_ui to None, run_after=None
[2026-04-10T03:29:27.877+0000] {processor.py:208} INFO - Processing /home/airflow/.local/lib/python3.12/site-packages/airflow/example_dags/example_params_trigger_ui.py took 0.041 seconds
[2026-04-10T03:29:58.465+0000] {processor.py:186} INFO - Started process (PID=80817) to work on /home/airflow/.local/lib/python3.12/site-packages/airflow/example_dags/example_params_trigger_ui.py
[2026-04-10T03:29:58.465+0000] {processor.py:914} INFO - Processing file /home/airflow/.local/lib/python3.12/site-packages/airflow/example_dags/example_params_trigger_ui.py for tasks to queue
[2026-04-10T03:29:58.466+0000] {logging_mixin.py:190} INFO - [2026-04-10T03:29:58.466+0000] {dagbag.py:588} INFO - Filling up the DagBag from /home/airflow/.local/lib/python3.12/site-packages/airflow/example_dags/example_params_trigger_ui.py
[2026-04-10T03:29:58.471+0000] {processor.py:925} INFO - DAG(s) 'example_params_trigger_ui' retrieved from /home/airflow/.local/lib/python3.12/site-packages/airflow/example_dags/example_params_trigger_ui.py
[2026-04-10T03:29:58.486+0000] {logging_mixin.py:190} INFO - [2026-04-10T03:29:58.486+0000] {dag.py:3239} INFO - Sync 1 DAGs
[2026-04-10T03:29:58.494+0000] {logging_mixin.py:190} INFO - [2026-04-10T03:29:58.493+0000] {dag.py:4180} INFO - Setting next_dagrun for example_params_trigger_ui to None, run_after=None
[2026-04-10T03:29:58.503+0000] {processor.py:208} INFO - Processing /home/airflow/.local/lib/python3.12/site-packages/airflow/example_dags/example_params_trigger_ui.py took 0.041 seconds
