[2026-04-10T00:07:15.984+0000] {processor.py:186} INFO - Started process (PID=78589) to work on /home/airflow/.local/lib/python3.12/site-packages/airflow/example_dags/example_branch_datetime_operator.py
[2026-04-10T00:07:15.985+0000] {processor.py:914} INFO - Processing file /home/airflow/.local/lib/python3.12/site-packages/airflow/example_dags/example_branch_datetime_operator.py for tasks to queue
[2026-04-10T00:07:15.985+0000] {logging_mixin.py:190} INFO - [2026-04-10T00:07:15.985+0000] {dagbag.py:588} INFO - Filling up the DagBag from /home/airflow/.local/lib/python3.12/site-packages/airflow/example_dags/example_branch_datetime_operator.py
[2026-04-10T00:07:15.990+0000] {processor.py:925} INFO - DAG(s) 'example_branch_datetime_operator_3', 'example_branch_datetime_operator_2', 'example_branch_datetime_operator' retrieved from /home/airflow/.local/lib/python3.12/site-packages/airflow/example_dags/example_branch_datetime_operator.py
[2026-04-10T00:07:15.999+0000] {logging_mixin.py:190} INFO - [2026-04-10T00:07:15.998+0000] {dag.py:3239} INFO - Sync 3 DAGs
[2026-04-10T00:07:16.007+0000] {logging_mixin.py:190} INFO - [2026-04-10T00:07:16.007+0000] {dag.py:4180} INFO - Setting next_dagrun for example_branch_datetime_operator to 2026-04-09 00:00:00+00:00, run_after=2026-04-10 00:00:00+00:00
[2026-04-10T00:07:16.012+0000] {logging_mixin.py:190} INFO - [2026-04-10T00:07:16.012+0000] {dag.py:4180} INFO - Setting next_dagrun for example_branch_datetime_operator_2 to 2026-04-09 00:00:00+00:00, run_after=2026-04-10 00:00:00+00:00
[2026-04-10T00:07:16.012+0000] {logging_mixin.py:190} INFO - [2026-04-10T00:07:16.012+0000] {dag.py:4180} INFO - Setting next_dagrun for example_branch_datetime_operator_3 to 2026-04-09 00:00:00+00:00, run_after=2026-04-10 00:00:00+00:00
[2026-04-10T00:07:16.019+0000] {processor.py:208} INFO - Processing /home/airflow/.local/lib/python3.12/site-packages/airflow/example_dags/example_branch_datetime_operator.py took 0.038 seconds
[2026-04-10T00:22:48.977+0000] {processor.py:186} INFO - Started process (PID=78653) to work on /home/airflow/.local/lib/python3.12/site-packages/airflow/example_dags/example_branch_datetime_operator.py
[2026-04-10T00:22:48.978+0000] {processor.py:914} INFO - Processing file /home/airflow/.local/lib/python3.12/site-packages/airflow/example_dags/example_branch_datetime_operator.py for tasks to queue
[2026-04-10T00:22:48.979+0000] {logging_mixin.py:190} INFO - [2026-04-10T00:22:48.979+0000] {dagbag.py:588} INFO - Filling up the DagBag from /home/airflow/.local/lib/python3.12/site-packages/airflow/example_dags/example_branch_datetime_operator.py
[2026-04-10T00:22:48.988+0000] {processor.py:925} INFO - DAG(s) 'example_branch_datetime_operator_2', 'example_branch_datetime_operator', 'example_branch_datetime_operator_3' retrieved from /home/airflow/.local/lib/python3.12/site-packages/airflow/example_dags/example_branch_datetime_operator.py
[2026-04-10T00:22:49.006+0000] {logging_mixin.py:190} INFO - [2026-04-10T00:22:49.006+0000] {dag.py:3239} INFO - Sync 3 DAGs
[2026-04-10T00:22:49.025+0000] {logging_mixin.py:190} INFO - [2026-04-10T00:22:49.024+0000] {dag.py:4180} INFO - Setting next_dagrun for example_branch_datetime_operator to 2026-04-09 00:00:00+00:00, run_after=2026-04-10 00:00:00+00:00
[2026-04-10T00:22:49.030+0000] {logging_mixin.py:190} INFO - [2026-04-10T00:22:49.030+0000] {dag.py:4180} INFO - Setting next_dagrun for example_branch_datetime_operator_2 to 2026-04-09 00:00:00+00:00, run_after=2026-04-10 00:00:00+00:00
[2026-04-10T00:22:49.033+0000] {logging_mixin.py:190} INFO - [2026-04-10T00:22:49.033+0000] {dag.py:4180} INFO - Setting next_dagrun for example_branch_datetime_operator_3 to 2026-04-09 00:00:00+00:00, run_after=2026-04-10 00:00:00+00:00
[2026-04-10T00:22:49.048+0000] {processor.py:208} INFO - Processing /home/airflow/.local/lib/python3.12/site-packages/airflow/example_dags/example_branch_datetime_operator.py took 0.078 seconds
[2026-04-10T00:23:19.794+0000] {processor.py:186} INFO - Started process (PID=78717) to work on /home/airflow/.local/lib/python3.12/site-packages/airflow/example_dags/example_branch_datetime_operator.py
[2026-04-10T00:23:19.796+0000] {processor.py:914} INFO - Processing file /home/airflow/.local/lib/python3.12/site-packages/airflow/example_dags/example_branch_datetime_operator.py for tasks to queue
[2026-04-10T00:23:19.796+0000] {logging_mixin.py:190} INFO - [2026-04-10T00:23:19.796+0000] {dagbag.py:588} INFO - Filling up the DagBag from /home/airflow/.local/lib/python3.12/site-packages/airflow/example_dags/example_branch_datetime_operator.py
[2026-04-10T00:23:19.804+0000] {processor.py:925} INFO - DAG(s) 'example_branch_datetime_operator', 'example_branch_datetime_operator_2', 'example_branch_datetime_operator_3' retrieved from /home/airflow/.local/lib/python3.12/site-packages/airflow/example_dags/example_branch_datetime_operator.py
[2026-04-10T00:23:19.815+0000] {logging_mixin.py:190} INFO - [2026-04-10T00:23:19.815+0000] {dag.py:3239} INFO - Sync 3 DAGs
[2026-04-10T00:23:19.823+0000] {logging_mixin.py:190} INFO - [2026-04-10T00:23:19.823+0000] {dag.py:4180} INFO - Setting next_dagrun for example_branch_datetime_operator to 2026-04-09 00:00:00+00:00, run_after=2026-04-10 00:00:00+00:00
[2026-04-10T00:23:19.825+0000] {logging_mixin.py:190} INFO - [2026-04-10T00:23:19.825+0000] {dag.py:4180} INFO - Setting next_dagrun for example_branch_datetime_operator_2 to 2026-04-09 00:00:00+00:00, run_after=2026-04-10 00:00:00+00:00
[2026-04-10T00:23:19.826+0000] {logging_mixin.py:190} INFO - [2026-04-10T00:23:19.826+0000] {dag.py:4180} INFO - Setting next_dagrun for example_branch_datetime_operator_3 to 2026-04-09 00:00:00+00:00, run_after=2026-04-10 00:00:00+00:00
[2026-04-10T00:23:19.834+0000] {processor.py:208} INFO - Processing /home/airflow/.local/lib/python3.12/site-packages/airflow/example_dags/example_branch_datetime_operator.py took 0.043 seconds
[2026-04-10T00:38:49.622+0000] {processor.py:186} INFO - Started process (PID=78781) to work on /home/airflow/.local/lib/python3.12/site-packages/airflow/example_dags/example_branch_datetime_operator.py
[2026-04-10T00:38:49.622+0000] {processor.py:914} INFO - Processing file /home/airflow/.local/lib/python3.12/site-packages/airflow/example_dags/example_branch_datetime_operator.py for tasks to queue
[2026-04-10T00:38:49.623+0000] {logging_mixin.py:190} INFO - [2026-04-10T00:38:49.623+0000] {dagbag.py:588} INFO - Filling up the DagBag from /home/airflow/.local/lib/python3.12/site-packages/airflow/example_dags/example_branch_datetime_operator.py
[2026-04-10T00:38:49.628+0000] {processor.py:925} INFO - DAG(s) 'example_branch_datetime_operator', 'example_branch_datetime_operator_3', 'example_branch_datetime_operator_2' retrieved from /home/airflow/.local/lib/python3.12/site-packages/airflow/example_dags/example_branch_datetime_operator.py
[2026-04-10T00:38:49.638+0000] {logging_mixin.py:190} INFO - [2026-04-10T00:38:49.638+0000] {dag.py:3239} INFO - Sync 3 DAGs
[2026-04-10T00:38:49.651+0000] {logging_mixin.py:190} INFO - [2026-04-10T00:38:49.651+0000] {dag.py:4180} INFO - Setting next_dagrun for example_branch_datetime_operator to 2026-04-09 00:00:00+00:00, run_after=2026-04-10 00:00:00+00:00
[2026-04-10T00:38:49.653+0000] {logging_mixin.py:190} INFO - [2026-04-10T00:38:49.653+0000] {dag.py:4180} INFO - Setting next_dagrun for example_branch_datetime_operator_2 to 2026-04-09 00:00:00+00:00, run_after=2026-04-10 00:00:00+00:00
[2026-04-10T00:38:49.654+0000] {logging_mixin.py:190} INFO - [2026-04-10T00:38:49.654+0000] {dag.py:4180} INFO - Setting next_dagrun for example_branch_datetime_operator_3 to 2026-04-09 00:00:00+00:00, run_after=2026-04-10 00:00:00+00:00
[2026-04-10T00:38:49.665+0000] {processor.py:208} INFO - Processing /home/airflow/.local/lib/python3.12/site-packages/airflow/example_dags/example_branch_datetime_operator.py took 0.045 seconds
[2026-04-10T00:41:54.057+0000] {processor.py:186} INFO - Started process (PID=78845) to work on /home/airflow/.local/lib/python3.12/site-packages/airflow/example_dags/example_branch_datetime_operator.py
[2026-04-10T00:41:54.057+0000] {processor.py:914} INFO - Processing file /home/airflow/.local/lib/python3.12/site-packages/airflow/example_dags/example_branch_datetime_operator.py for tasks to queue
[2026-04-10T00:41:54.058+0000] {logging_mixin.py:190} INFO - [2026-04-10T00:41:54.058+0000] {dagbag.py:588} INFO - Filling up the DagBag from /home/airflow/.local/lib/python3.12/site-packages/airflow/example_dags/example_branch_datetime_operator.py
[2026-04-10T00:41:54.062+0000] {processor.py:925} INFO - DAG(s) 'example_branch_datetime_operator', 'example_branch_datetime_operator_2', 'example_branch_datetime_operator_3' retrieved from /home/airflow/.local/lib/python3.12/site-packages/airflow/example_dags/example_branch_datetime_operator.py
[2026-04-10T00:41:54.074+0000] {logging_mixin.py:190} INFO - [2026-04-10T00:41:54.074+0000] {dag.py:3239} INFO - Sync 3 DAGs
[2026-04-10T00:41:54.086+0000] {logging_mixin.py:190} INFO - [2026-04-10T00:41:54.086+0000] {dag.py:4180} INFO - Setting next_dagrun for example_branch_datetime_operator to 2026-04-09 00:00:00+00:00, run_after=2026-04-10 00:00:00+00:00
[2026-04-10T00:41:54.088+0000] {logging_mixin.py:190} INFO - [2026-04-10T00:41:54.088+0000] {dag.py:4180} INFO - Setting next_dagrun for example_branch_datetime_operator_2 to 2026-04-09 00:00:00+00:00, run_after=2026-04-10 00:00:00+00:00
[2026-04-10T00:41:54.089+0000] {logging_mixin.py:190} INFO - [2026-04-10T00:41:54.089+0000] {dag.py:4180} INFO - Setting next_dagrun for example_branch_datetime_operator_3 to 2026-04-09 00:00:00+00:00, run_after=2026-04-10 00:00:00+00:00
[2026-04-10T00:41:54.097+0000] {processor.py:208} INFO - Processing /home/airflow/.local/lib/python3.12/site-packages/airflow/example_dags/example_branch_datetime_operator.py took 0.043 seconds
[2026-04-10T00:42:25.385+0000] {processor.py:186} INFO - Started process (PID=78909) to work on /home/airflow/.local/lib/python3.12/site-packages/airflow/example_dags/example_branch_datetime_operator.py
[2026-04-10T00:42:25.386+0000] {processor.py:914} INFO - Processing file /home/airflow/.local/lib/python3.12/site-packages/airflow/example_dags/example_branch_datetime_operator.py for tasks to queue
[2026-04-10T00:42:25.387+0000] {logging_mixin.py:190} INFO - [2026-04-10T00:42:25.387+0000] {dagbag.py:588} INFO - Filling up the DagBag from /home/airflow/.local/lib/python3.12/site-packages/airflow/example_dags/example_branch_datetime_operator.py
[2026-04-10T00:42:25.395+0000] {processor.py:925} INFO - DAG(s) 'example_branch_datetime_operator_3', 'example_branch_datetime_operator', 'example_branch_datetime_operator_2' retrieved from /home/airflow/.local/lib/python3.12/site-packages/airflow/example_dags/example_branch_datetime_operator.py
[2026-04-10T00:42:25.413+0000] {logging_mixin.py:190} INFO - [2026-04-10T00:42:25.412+0000] {dag.py:3239} INFO - Sync 3 DAGs
[2026-04-10T00:42:25.425+0000] {logging_mixin.py:190} INFO - [2026-04-10T00:42:25.425+0000] {dag.py:4180} INFO - Setting next_dagrun for example_branch_datetime_operator to 2026-04-09 00:00:00+00:00, run_after=2026-04-10 00:00:00+00:00
[2026-04-10T00:42:25.427+0000] {logging_mixin.py:190} INFO - [2026-04-10T00:42:25.427+0000] {dag.py:4180} INFO - Setting next_dagrun for example_branch_datetime_operator_2 to 2026-04-09 00:00:00+00:00, run_after=2026-04-10 00:00:00+00:00
[2026-04-10T00:42:25.429+0000] {logging_mixin.py:190} INFO - [2026-04-10T00:42:25.429+0000] {dag.py:4180} INFO - Setting next_dagrun for example_branch_datetime_operator_3 to 2026-04-09 00:00:00+00:00, run_after=2026-04-10 00:00:00+00:00
[2026-04-10T00:42:25.436+0000] {processor.py:208} INFO - Processing /home/airflow/.local/lib/python3.12/site-packages/airflow/example_dags/example_branch_datetime_operator.py took 0.054 seconds
[2026-04-10T00:57:55.853+0000] {processor.py:186} INFO - Started process (PID=78973) to work on /home/airflow/.local/lib/python3.12/site-packages/airflow/example_dags/example_branch_datetime_operator.py
[2026-04-10T00:57:55.853+0000] {processor.py:914} INFO - Processing file /home/airflow/.local/lib/python3.12/site-packages/airflow/example_dags/example_branch_datetime_operator.py for tasks to queue
[2026-04-10T00:57:55.854+0000] {logging_mixin.py:190} INFO - [2026-04-10T00:57:55.854+0000] {dagbag.py:588} INFO - Filling up the DagBag from /home/airflow/.local/lib/python3.12/site-packages/airflow/example_dags/example_branch_datetime_operator.py
[2026-04-10T00:57:55.858+0000] {processor.py:925} INFO - DAG(s) 'example_branch_datetime_operator_3', 'example_branch_datetime_operator', 'example_branch_datetime_operator_2' retrieved from /home/airflow/.local/lib/python3.12/site-packages/airflow/example_dags/example_branch_datetime_operator.py
[2026-04-10T00:57:55.867+0000] {logging_mixin.py:190} INFO - [2026-04-10T00:57:55.866+0000] {dag.py:3239} INFO - Sync 3 DAGs
[2026-04-10T00:57:55.874+0000] {logging_mixin.py:190} INFO - [2026-04-10T00:57:55.874+0000] {dag.py:4180} INFO - Setting next_dagrun for example_branch_datetime_operator to 2026-04-09 00:00:00+00:00, run_after=2026-04-10 00:00:00+00:00
[2026-04-10T00:57:55.876+0000] {logging_mixin.py:190} INFO - [2026-04-10T00:57:55.875+0000] {dag.py:4180} INFO - Setting next_dagrun for example_branch_datetime_operator_2 to 2026-04-09 00:00:00+00:00, run_after=2026-04-10 00:00:00+00:00
[2026-04-10T00:57:55.876+0000] {logging_mixin.py:190} INFO - [2026-04-10T00:57:55.876+0000] {dag.py:4180} INFO - Setting next_dagrun for example_branch_datetime_operator_3 to 2026-04-09 00:00:00+00:00, run_after=2026-04-10 00:00:00+00:00
[2026-04-10T00:57:55.880+0000] {processor.py:208} INFO - Processing /home/airflow/.local/lib/python3.12/site-packages/airflow/example_dags/example_branch_datetime_operator.py took 0.029 seconds
[2026-04-10T01:13:29.970+0000] {processor.py:186} INFO - Started process (PID=79037) to work on /home/airflow/.local/lib/python3.12/site-packages/airflow/example_dags/example_branch_datetime_operator.py
[2026-04-10T01:13:29.972+0000] {processor.py:914} INFO - Processing file /home/airflow/.local/lib/python3.12/site-packages/airflow/example_dags/example_branch_datetime_operator.py for tasks to queue
[2026-04-10T01:13:29.973+0000] {logging_mixin.py:190} INFO - [2026-04-10T01:13:29.972+0000] {dagbag.py:588} INFO - Filling up the DagBag from /home/airflow/.local/lib/python3.12/site-packages/airflow/example_dags/example_branch_datetime_operator.py
[2026-04-10T01:13:29.984+0000] {processor.py:925} INFO - DAG(s) 'example_branch_datetime_operator_2', 'example_branch_datetime_operator', 'example_branch_datetime_operator_3' retrieved from /home/airflow/.local/lib/python3.12/site-packages/airflow/example_dags/example_branch_datetime_operator.py
[2026-04-10T01:13:30.007+0000] {logging_mixin.py:190} INFO - [2026-04-10T01:13:30.007+0000] {dag.py:3239} INFO - Sync 3 DAGs
[2026-04-10T01:13:30.030+0000] {logging_mixin.py:190} INFO - [2026-04-10T01:13:30.030+0000] {dag.py:4180} INFO - Setting next_dagrun for example_branch_datetime_operator to 2026-04-09 00:00:00+00:00, run_after=2026-04-10 00:00:00+00:00
[2026-04-10T01:13:30.034+0000] {logging_mixin.py:190} INFO - [2026-04-10T01:13:30.033+0000] {dag.py:4180} INFO - Setting next_dagrun for example_branch_datetime_operator_2 to 2026-04-09 00:00:00+00:00, run_after=2026-04-10 00:00:00+00:00
[2026-04-10T01:13:30.035+0000] {logging_mixin.py:190} INFO - [2026-04-10T01:13:30.035+0000] {dag.py:4180} INFO - Setting next_dagrun for example_branch_datetime_operator_3 to 2026-04-09 00:00:00+00:00, run_after=2026-04-10 00:00:00+00:00
[2026-04-10T01:13:30.046+0000] {processor.py:208} INFO - Processing /home/airflow/.local/lib/python3.12/site-packages/airflow/example_dags/example_branch_datetime_operator.py took 0.081 seconds
[2026-04-10T01:14:00.621+0000] {processor.py:186} INFO - Started process (PID=79100) to work on /home/airflow/.local/lib/python3.12/site-packages/airflow/example_dags/example_branch_datetime_operator.py
[2026-04-10T01:14:00.622+0000] {processor.py:914} INFO - Processing file /home/airflow/.local/lib/python3.12/site-packages/airflow/example_dags/example_branch_datetime_operator.py for tasks to queue
[2026-04-10T01:14:00.622+0000] {logging_mixin.py:190} INFO - [2026-04-10T01:14:00.622+0000] {dagbag.py:588} INFO - Filling up the DagBag from /home/airflow/.local/lib/python3.12/site-packages/airflow/example_dags/example_branch_datetime_operator.py
[2026-04-10T01:14:00.627+0000] {processor.py:925} INFO - DAG(s) 'example_branch_datetime_operator', 'example_branch_datetime_operator_3', 'example_branch_datetime_operator_2' retrieved from /home/airflow/.local/lib/python3.12/site-packages/airflow/example_dags/example_branch_datetime_operator.py
[2026-04-10T01:14:00.640+0000] {logging_mixin.py:190} INFO - [2026-04-10T01:14:00.640+0000] {dag.py:3239} INFO - Sync 3 DAGs
[2026-04-10T01:14:00.652+0000] {logging_mixin.py:190} INFO - [2026-04-10T01:14:00.652+0000] {dag.py:4180} INFO - Setting next_dagrun for example_branch_datetime_operator to 2026-04-09 00:00:00+00:00, run_after=2026-04-10 00:00:00+00:00
[2026-04-10T01:14:00.654+0000] {logging_mixin.py:190} INFO - [2026-04-10T01:14:00.654+0000] {dag.py:4180} INFO - Setting next_dagrun for example_branch_datetime_operator_2 to 2026-04-09 00:00:00+00:00, run_after=2026-04-10 00:00:00+00:00
[2026-04-10T01:14:00.655+0000] {logging_mixin.py:190} INFO - [2026-04-10T01:14:00.655+0000] {dag.py:4180} INFO - Setting next_dagrun for example_branch_datetime_operator_3 to 2026-04-09 00:00:00+00:00, run_after=2026-04-10 00:00:00+00:00
[2026-04-10T01:14:00.662+0000] {processor.py:208} INFO - Processing /home/airflow/.local/lib/python3.12/site-packages/airflow/example_dags/example_branch_datetime_operator.py took 0.043 seconds
[2026-04-10T01:29:27.054+0000] {processor.py:186} INFO - Started process (PID=79164) to work on /home/airflow/.local/lib/python3.12/site-packages/airflow/example_dags/example_branch_datetime_operator.py
[2026-04-10T01:29:27.055+0000] {processor.py:914} INFO - Processing file /home/airflow/.local/lib/python3.12/site-packages/airflow/example_dags/example_branch_datetime_operator.py for tasks to queue
[2026-04-10T01:29:27.056+0000] {logging_mixin.py:190} INFO - [2026-04-10T01:29:27.056+0000] {dagbag.py:588} INFO - Filling up the DagBag from /home/airflow/.local/lib/python3.12/site-packages/airflow/example_dags/example_branch_datetime_operator.py
[2026-04-10T01:29:27.062+0000] {processor.py:925} INFO - DAG(s) 'example_branch_datetime_operator_3', 'example_branch_datetime_operator', 'example_branch_datetime_operator_2' retrieved from /home/airflow/.local/lib/python3.12/site-packages/airflow/example_dags/example_branch_datetime_operator.py
[2026-04-10T01:29:27.078+0000] {logging_mixin.py:190} INFO - [2026-04-10T01:29:27.078+0000] {dag.py:3239} INFO - Sync 3 DAGs
[2026-04-10T01:29:27.089+0000] {logging_mixin.py:190} INFO - [2026-04-10T01:29:27.089+0000] {dag.py:4180} INFO - Setting next_dagrun for example_branch_datetime_operator to 2026-04-09 00:00:00+00:00, run_after=2026-04-10 00:00:00+00:00
[2026-04-10T01:29:27.091+0000] {logging_mixin.py:190} INFO - [2026-04-10T01:29:27.091+0000] {dag.py:4180} INFO - Setting next_dagrun for example_branch_datetime_operator_2 to 2026-04-09 00:00:00+00:00, run_after=2026-04-10 00:00:00+00:00
[2026-04-10T01:29:27.091+0000] {logging_mixin.py:190} INFO - [2026-04-10T01:29:27.091+0000] {dag.py:4180} INFO - Setting next_dagrun for example_branch_datetime_operator_3 to 2026-04-09 00:00:00+00:00, run_after=2026-04-10 00:00:00+00:00
[2026-04-10T01:29:27.096+0000] {processor.py:208} INFO - Processing /home/airflow/.local/lib/python3.12/site-packages/airflow/example_dags/example_branch_datetime_operator.py took 0.044 seconds
[2026-04-10T01:29:57.545+0000] {processor.py:186} INFO - Started process (PID=79228) to work on /home/airflow/.local/lib/python3.12/site-packages/airflow/example_dags/example_branch_datetime_operator.py
[2026-04-10T01:29:57.546+0000] {processor.py:914} INFO - Processing file /home/airflow/.local/lib/python3.12/site-packages/airflow/example_dags/example_branch_datetime_operator.py for tasks to queue
[2026-04-10T01:29:57.546+0000] {logging_mixin.py:190} INFO - [2026-04-10T01:29:57.546+0000] {dagbag.py:588} INFO - Filling up the DagBag from /home/airflow/.local/lib/python3.12/site-packages/airflow/example_dags/example_branch_datetime_operator.py
[2026-04-10T01:29:57.551+0000] {processor.py:925} INFO - DAG(s) 'example_branch_datetime_operator_2', 'example_branch_datetime_operator_3', 'example_branch_datetime_operator' retrieved from /home/airflow/.local/lib/python3.12/site-packages/airflow/example_dags/example_branch_datetime_operator.py
[2026-04-10T01:29:57.565+0000] {logging_mixin.py:190} INFO - [2026-04-10T01:29:57.565+0000] {dag.py:3239} INFO - Sync 3 DAGs
[2026-04-10T01:29:57.579+0000] {logging_mixin.py:190} INFO - [2026-04-10T01:29:57.579+0000] {dag.py:4180} INFO - Setting next_dagrun for example_branch_datetime_operator to 2026-04-09 00:00:00+00:00, run_after=2026-04-10 00:00:00+00:00
[2026-04-10T01:29:57.582+0000] {logging_mixin.py:190} INFO - [2026-04-10T01:29:57.582+0000] {dag.py:4180} INFO - Setting next_dagrun for example_branch_datetime_operator_2 to 2026-04-09 00:00:00+00:00, run_after=2026-04-10 00:00:00+00:00
[2026-04-10T01:29:57.584+0000] {logging_mixin.py:190} INFO - [2026-04-10T01:29:57.584+0000] {dag.py:4180} INFO - Setting next_dagrun for example_branch_datetime_operator_3 to 2026-04-09 00:00:00+00:00, run_after=2026-04-10 00:00:00+00:00
[2026-04-10T01:29:57.594+0000] {processor.py:208} INFO - Processing /home/airflow/.local/lib/python3.12/site-packages/airflow/example_dags/example_branch_datetime_operator.py took 0.051 seconds
[2026-04-10T01:43:16.838+0000] {processor.py:186} INFO - Started process (PID=79292) to work on /home/airflow/.local/lib/python3.12/site-packages/airflow/example_dags/example_branch_datetime_operator.py
[2026-04-10T01:43:16.839+0000] {processor.py:914} INFO - Processing file /home/airflow/.local/lib/python3.12/site-packages/airflow/example_dags/example_branch_datetime_operator.py for tasks to queue
[2026-04-10T01:43:16.839+0000] {logging_mixin.py:190} INFO - [2026-04-10T01:43:16.839+0000] {dagbag.py:588} INFO - Filling up the DagBag from /home/airflow/.local/lib/python3.12/site-packages/airflow/example_dags/example_branch_datetime_operator.py
[2026-04-10T01:43:16.844+0000] {processor.py:925} INFO - DAG(s) 'example_branch_datetime_operator_2', 'example_branch_datetime_operator', 'example_branch_datetime_operator_3' retrieved from /home/airflow/.local/lib/python3.12/site-packages/airflow/example_dags/example_branch_datetime_operator.py
[2026-04-10T01:43:16.862+0000] {logging_mixin.py:190} INFO - [2026-04-10T01:43:16.861+0000] {dag.py:3239} INFO - Sync 3 DAGs
[2026-04-10T01:43:16.871+0000] {logging_mixin.py:190} INFO - [2026-04-10T01:43:16.871+0000] {dag.py:4180} INFO - Setting next_dagrun for example_branch_datetime_operator to 2026-04-09 00:00:00+00:00, run_after=2026-04-10 00:00:00+00:00
[2026-04-10T01:43:16.873+0000] {logging_mixin.py:190} INFO - [2026-04-10T01:43:16.873+0000] {dag.py:4180} INFO - Setting next_dagrun for example_branch_datetime_operator_2 to 2026-04-09 00:00:00+00:00, run_after=2026-04-10 00:00:00+00:00
[2026-04-10T01:43:16.875+0000] {logging_mixin.py:190} INFO - [2026-04-10T01:43:16.875+0000] {dag.py:4180} INFO - Setting next_dagrun for example_branch_datetime_operator_3 to 2026-04-09 00:00:00+00:00, run_after=2026-04-10 00:00:00+00:00
[2026-04-10T01:43:16.880+0000] {processor.py:208} INFO - Processing /home/airflow/.local/lib/python3.12/site-packages/airflow/example_dags/example_branch_datetime_operator.py took 0.044 seconds
[2026-04-10T01:58:48.705+0000] {processor.py:186} INFO - Started process (PID=79356) to work on /home/airflow/.local/lib/python3.12/site-packages/airflow/example_dags/example_branch_datetime_operator.py
[2026-04-10T01:58:48.706+0000] {processor.py:914} INFO - Processing file /home/airflow/.local/lib/python3.12/site-packages/airflow/example_dags/example_branch_datetime_operator.py for tasks to queue
[2026-04-10T01:58:48.706+0000] {logging_mixin.py:190} INFO - [2026-04-10T01:58:48.706+0000] {dagbag.py:588} INFO - Filling up the DagBag from /home/airflow/.local/lib/python3.12/site-packages/airflow/example_dags/example_branch_datetime_operator.py
[2026-04-10T01:58:48.712+0000] {processor.py:925} INFO - DAG(s) 'example_branch_datetime_operator_3', 'example_branch_datetime_operator', 'example_branch_datetime_operator_2' retrieved from /home/airflow/.local/lib/python3.12/site-packages/airflow/example_dags/example_branch_datetime_operator.py
[2026-04-10T01:58:48.723+0000] {logging_mixin.py:190} INFO - [2026-04-10T01:58:48.723+0000] {dag.py:3239} INFO - Sync 3 DAGs
[2026-04-10T01:58:48.734+0000] {logging_mixin.py:190} INFO - [2026-04-10T01:58:48.734+0000] {dag.py:4180} INFO - Setting next_dagrun for example_branch_datetime_operator to 2026-04-09 00:00:00+00:00, run_after=2026-04-10 00:00:00+00:00
[2026-04-10T01:58:48.736+0000] {logging_mixin.py:190} INFO - [2026-04-10T01:58:48.736+0000] {dag.py:4180} INFO - Setting next_dagrun for example_branch_datetime_operator_2 to 2026-04-09 00:00:00+00:00, run_after=2026-04-10 00:00:00+00:00
[2026-04-10T01:58:48.737+0000] {logging_mixin.py:190} INFO - [2026-04-10T01:58:48.737+0000] {dag.py:4180} INFO - Setting next_dagrun for example_branch_datetime_operator_3 to 2026-04-09 00:00:00+00:00, run_after=2026-04-10 00:00:00+00:00
[2026-04-10T01:58:48.742+0000] {processor.py:208} INFO - Processing /home/airflow/.local/lib/python3.12/site-packages/airflow/example_dags/example_branch_datetime_operator.py took 0.039 seconds
[2026-04-10T01:59:19.967+0000] {processor.py:186} INFO - Started process (PID=79420) to work on /home/airflow/.local/lib/python3.12/site-packages/airflow/example_dags/example_branch_datetime_operator.py
[2026-04-10T01:59:19.969+0000] {processor.py:914} INFO - Processing file /home/airflow/.local/lib/python3.12/site-packages/airflow/example_dags/example_branch_datetime_operator.py for tasks to queue
[2026-04-10T01:59:19.969+0000] {logging_mixin.py:190} INFO - [2026-04-10T01:59:19.969+0000] {dagbag.py:588} INFO - Filling up the DagBag from /home/airflow/.local/lib/python3.12/site-packages/airflow/example_dags/example_branch_datetime_operator.py
[2026-04-10T01:59:19.973+0000] {processor.py:925} INFO - DAG(s) 'example_branch_datetime_operator_2', 'example_branch_datetime_operator_3', 'example_branch_datetime_operator' retrieved from /home/airflow/.local/lib/python3.12/site-packages/airflow/example_dags/example_branch_datetime_operator.py
[2026-04-10T01:59:19.984+0000] {logging_mixin.py:190} INFO - [2026-04-10T01:59:19.984+0000] {dag.py:3239} INFO - Sync 3 DAGs
[2026-04-10T01:59:19.996+0000] {logging_mixin.py:190} INFO - [2026-04-10T01:59:19.996+0000] {dag.py:4180} INFO - Setting next_dagrun for example_branch_datetime_operator to 2026-04-09 00:00:00+00:00, run_after=2026-04-10 00:00:00+00:00
[2026-04-10T01:59:19.997+0000] {logging_mixin.py:190} INFO - [2026-04-10T01:59:19.997+0000] {dag.py:4180} INFO - Setting next_dagrun for example_branch_datetime_operator_2 to 2026-04-09 00:00:00+00:00, run_after=2026-04-10 00:00:00+00:00
[2026-04-10T01:59:19.998+0000] {logging_mixin.py:190} INFO - [2026-04-10T01:59:19.998+0000] {dag.py:4180} INFO - Setting next_dagrun for example_branch_datetime_operator_3 to 2026-04-09 00:00:00+00:00, run_after=2026-04-10 00:00:00+00:00
[2026-04-10T01:59:20.003+0000] {processor.py:208} INFO - Processing /home/airflow/.local/lib/python3.12/site-packages/airflow/example_dags/example_branch_datetime_operator.py took 0.039 seconds
[2026-04-10T02:14:52.373+0000] {processor.py:186} INFO - Started process (PID=79484) to work on /home/airflow/.local/lib/python3.12/site-packages/airflow/example_dags/example_branch_datetime_operator.py
[2026-04-10T02:14:52.375+0000] {processor.py:914} INFO - Processing file /home/airflow/.local/lib/python3.12/site-packages/airflow/example_dags/example_branch_datetime_operator.py for tasks to queue
[2026-04-10T02:14:52.376+0000] {logging_mixin.py:190} INFO - [2026-04-10T02:14:52.376+0000] {dagbag.py:588} INFO - Filling up the DagBag from /home/airflow/.local/lib/python3.12/site-packages/airflow/example_dags/example_branch_datetime_operator.py
[2026-04-10T02:14:52.381+0000] {processor.py:925} INFO - DAG(s) 'example_branch_datetime_operator_3', 'example_branch_datetime_operator', 'example_branch_datetime_operator_2' retrieved from /home/airflow/.local/lib/python3.12/site-packages/airflow/example_dags/example_branch_datetime_operator.py
[2026-04-10T02:14:52.389+0000] {logging_mixin.py:190} INFO - [2026-04-10T02:14:52.389+0000] {dag.py:3239} INFO - Sync 3 DAGs
[2026-04-10T02:14:52.399+0000] {logging_mixin.py:190} INFO - [2026-04-10T02:14:52.399+0000] {dag.py:4180} INFO - Setting next_dagrun for example_branch_datetime_operator to 2026-04-09 00:00:00+00:00, run_after=2026-04-10 00:00:00+00:00
[2026-04-10T02:14:52.402+0000] {logging_mixin.py:190} INFO - [2026-04-10T02:14:52.401+0000] {dag.py:4180} INFO - Setting next_dagrun for example_branch_datetime_operator_2 to 2026-04-09 00:00:00+00:00, run_after=2026-04-10 00:00:00+00:00
[2026-04-10T02:14:52.404+0000] {logging_mixin.py:190} INFO - [2026-04-10T02:14:52.404+0000] {dag.py:4180} INFO - Setting next_dagrun for example_branch_datetime_operator_3 to 2026-04-09 00:00:00+00:00, run_after=2026-04-10 00:00:00+00:00
[2026-04-10T02:14:52.411+0000] {processor.py:208} INFO - Processing /home/airflow/.local/lib/python3.12/site-packages/airflow/example_dags/example_branch_datetime_operator.py took 0.040 seconds
[2026-04-10T02:20:03.296+0000] {processor.py:186} INFO - Started process (PID=79548) to work on /home/airflow/.local/lib/python3.12/site-packages/airflow/example_dags/example_branch_datetime_operator.py
[2026-04-10T02:20:03.297+0000] {processor.py:914} INFO - Processing file /home/airflow/.local/lib/python3.12/site-packages/airflow/example_dags/example_branch_datetime_operator.py for tasks to queue
[2026-04-10T02:20:03.299+0000] {logging_mixin.py:190} INFO - [2026-04-10T02:20:03.298+0000] {dagbag.py:588} INFO - Filling up the DagBag from /home/airflow/.local/lib/python3.12/site-packages/airflow/example_dags/example_branch_datetime_operator.py
[2026-04-10T02:20:03.311+0000] {processor.py:925} INFO - DAG(s) 'example_branch_datetime_operator_2', 'example_branch_datetime_operator', 'example_branch_datetime_operator_3' retrieved from /home/airflow/.local/lib/python3.12/site-packages/airflow/example_dags/example_branch_datetime_operator.py
[2026-04-10T02:20:03.337+0000] {logging_mixin.py:190} INFO - [2026-04-10T02:20:03.336+0000] {dag.py:3239} INFO - Sync 3 DAGs
[2026-04-10T02:20:03.366+0000] {logging_mixin.py:190} INFO - [2026-04-10T02:20:03.365+0000] {dag.py:4180} INFO - Setting next_dagrun for example_branch_datetime_operator to 2026-04-09 00:00:00+00:00, run_after=2026-04-10 00:00:00+00:00
[2026-04-10T02:20:03.372+0000] {logging_mixin.py:190} INFO - [2026-04-10T02:20:03.372+0000] {dag.py:4180} INFO - Setting next_dagrun for example_branch_datetime_operator_2 to 2026-04-09 00:00:00+00:00, run_after=2026-04-10 00:00:00+00:00
[2026-04-10T02:20:03.374+0000] {logging_mixin.py:190} INFO - [2026-04-10T02:20:03.374+0000] {dag.py:4180} INFO - Setting next_dagrun for example_branch_datetime_operator_3 to 2026-04-09 00:00:00+00:00, run_after=2026-04-10 00:00:00+00:00
[2026-04-10T02:20:03.390+0000] {processor.py:208} INFO - Processing /home/airflow/.local/lib/python3.12/site-packages/airflow/example_dags/example_branch_datetime_operator.py took 0.100 seconds
[2026-04-10T02:20:33.658+0000] {processor.py:186} INFO - Started process (PID=79612) to work on /home/airflow/.local/lib/python3.12/site-packages/airflow/example_dags/example_branch_datetime_operator.py
[2026-04-10T02:20:33.658+0000] {processor.py:914} INFO - Processing file /home/airflow/.local/lib/python3.12/site-packages/airflow/example_dags/example_branch_datetime_operator.py for tasks to queue
[2026-04-10T02:20:33.659+0000] {logging_mixin.py:190} INFO - [2026-04-10T02:20:33.658+0000] {dagbag.py:588} INFO - Filling up the DagBag from /home/airflow/.local/lib/python3.12/site-packages/airflow/example_dags/example_branch_datetime_operator.py
[2026-04-10T02:20:33.663+0000] {processor.py:925} INFO - DAG(s) 'example_branch_datetime_operator_3', 'example_branch_datetime_operator_2', 'example_branch_datetime_operator' retrieved from /home/airflow/.local/lib/python3.12/site-packages/airflow/example_dags/example_branch_datetime_operator.py
[2026-04-10T02:20:33.675+0000] {logging_mixin.py:190} INFO - [2026-04-10T02:20:33.675+0000] {dag.py:3239} INFO - Sync 3 DAGs
[2026-04-10T02:20:33.684+0000] {logging_mixin.py:190} INFO - [2026-04-10T02:20:33.684+0000] {dag.py:4180} INFO - Setting next_dagrun for example_branch_datetime_operator to 2026-04-09 00:00:00+00:00, run_after=2026-04-10 00:00:00+00:00
[2026-04-10T02:20:33.687+0000] {logging_mixin.py:190} INFO - [2026-04-10T02:20:33.687+0000] {dag.py:4180} INFO - Setting next_dagrun for example_branch_datetime_operator_2 to 2026-04-09 00:00:00+00:00, run_after=2026-04-10 00:00:00+00:00
[2026-04-10T02:20:33.690+0000] {logging_mixin.py:190} INFO - [2026-04-10T02:20:33.690+0000] {dag.py:4180} INFO - Setting next_dagrun for example_branch_datetime_operator_3 to 2026-04-09 00:00:00+00:00, run_after=2026-04-10 00:00:00+00:00
[2026-04-10T02:20:33.697+0000] {processor.py:208} INFO - Processing /home/airflow/.local/lib/python3.12/site-packages/airflow/example_dags/example_branch_datetime_operator.py took 0.041 seconds
[2026-04-10T02:38:22.540+0000] {processor.py:186} INFO - Started process (PID=79676) to work on /home/airflow/.local/lib/python3.12/site-packages/airflow/example_dags/example_branch_datetime_operator.py
[2026-04-10T02:38:22.541+0000] {processor.py:914} INFO - Processing file /home/airflow/.local/lib/python3.12/site-packages/airflow/example_dags/example_branch_datetime_operator.py for tasks to queue
[2026-04-10T02:38:22.542+0000] {logging_mixin.py:190} INFO - [2026-04-10T02:38:22.542+0000] {dagbag.py:588} INFO - Filling up the DagBag from /home/airflow/.local/lib/python3.12/site-packages/airflow/example_dags/example_branch_datetime_operator.py
[2026-04-10T02:38:22.548+0000] {processor.py:925} INFO - DAG(s) 'example_branch_datetime_operator_3', 'example_branch_datetime_operator_2', 'example_branch_datetime_operator' retrieved from /home/airflow/.local/lib/python3.12/site-packages/airflow/example_dags/example_branch_datetime_operator.py
[2026-04-10T02:38:22.561+0000] {logging_mixin.py:190} INFO - [2026-04-10T02:38:22.561+0000] {dag.py:3239} INFO - Sync 3 DAGs
[2026-04-10T02:38:22.570+0000] {logging_mixin.py:190} INFO - [2026-04-10T02:38:22.570+0000] {dag.py:4180} INFO - Setting next_dagrun for example_branch_datetime_operator to 2026-04-09 00:00:00+00:00, run_after=2026-04-10 00:00:00+00:00
[2026-04-10T02:38:22.573+0000] {logging_mixin.py:190} INFO - [2026-04-10T02:38:22.573+0000] {dag.py:4180} INFO - Setting next_dagrun for example_branch_datetime_operator_2 to 2026-04-09 00:00:00+00:00, run_after=2026-04-10 00:00:00+00:00
[2026-04-10T02:38:22.574+0000] {logging_mixin.py:190} INFO - [2026-04-10T02:38:22.574+0000] {dag.py:4180} INFO - Setting next_dagrun for example_branch_datetime_operator_3 to 2026-04-09 00:00:00+00:00, run_after=2026-04-10 00:00:00+00:00
[2026-04-10T02:38:22.584+0000] {processor.py:208} INFO - Processing /home/airflow/.local/lib/python3.12/site-packages/airflow/example_dags/example_branch_datetime_operator.py took 0.046 seconds
[2026-04-10T02:44:09.360+0000] {processor.py:186} INFO - Started process (PID=79740) to work on /home/airflow/.local/lib/python3.12/site-packages/airflow/example_dags/example_branch_datetime_operator.py
[2026-04-10T02:44:09.361+0000] {processor.py:914} INFO - Processing file /home/airflow/.local/lib/python3.12/site-packages/airflow/example_dags/example_branch_datetime_operator.py for tasks to queue
[2026-04-10T02:44:09.361+0000] {logging_mixin.py:190} INFO - [2026-04-10T02:44:09.361+0000] {dagbag.py:588} INFO - Filling up the DagBag from /home/airflow/.local/lib/python3.12/site-packages/airflow/example_dags/example_branch_datetime_operator.py
[2026-04-10T02:44:09.366+0000] {processor.py:925} INFO - DAG(s) 'example_branch_datetime_operator', 'example_branch_datetime_operator_2', 'example_branch_datetime_operator_3' retrieved from /home/airflow/.local/lib/python3.12/site-packages/airflow/example_dags/example_branch_datetime_operator.py
[2026-04-10T02:44:09.378+0000] {logging_mixin.py:190} INFO - [2026-04-10T02:44:09.378+0000] {dag.py:3239} INFO - Sync 3 DAGs
[2026-04-10T02:44:09.388+0000] {logging_mixin.py:190} INFO - [2026-04-10T02:44:09.388+0000] {dag.py:4180} INFO - Setting next_dagrun for example_branch_datetime_operator to 2026-04-09 00:00:00+00:00, run_after=2026-04-10 00:00:00+00:00
[2026-04-10T02:44:09.391+0000] {logging_mixin.py:190} INFO - [2026-04-10T02:44:09.391+0000] {dag.py:4180} INFO - Setting next_dagrun for example_branch_datetime_operator_2 to 2026-04-09 00:00:00+00:00, run_after=2026-04-10 00:00:00+00:00
[2026-04-10T02:44:09.393+0000] {logging_mixin.py:190} INFO - [2026-04-10T02:44:09.393+0000] {dag.py:4180} INFO - Setting next_dagrun for example_branch_datetime_operator_3 to 2026-04-09 00:00:00+00:00, run_after=2026-04-10 00:00:00+00:00
[2026-04-10T02:44:09.402+0000] {processor.py:208} INFO - Processing /home/airflow/.local/lib/python3.12/site-packages/airflow/example_dags/example_branch_datetime_operator.py took 0.044 seconds
[2026-04-10T02:59:41.020+0000] {processor.py:186} INFO - Started process (PID=79804) to work on /home/airflow/.local/lib/python3.12/site-packages/airflow/example_dags/example_branch_datetime_operator.py
[2026-04-10T02:59:41.022+0000] {processor.py:914} INFO - Processing file /home/airflow/.local/lib/python3.12/site-packages/airflow/example_dags/example_branch_datetime_operator.py for tasks to queue
[2026-04-10T02:59:41.022+0000] {logging_mixin.py:190} INFO - [2026-04-10T02:59:41.022+0000] {dagbag.py:588} INFO - Filling up the DagBag from /home/airflow/.local/lib/python3.12/site-packages/airflow/example_dags/example_branch_datetime_operator.py
[2026-04-10T02:59:41.028+0000] {processor.py:925} INFO - DAG(s) 'example_branch_datetime_operator_3', 'example_branch_datetime_operator', 'example_branch_datetime_operator_2' retrieved from /home/airflow/.local/lib/python3.12/site-packages/airflow/example_dags/example_branch_datetime_operator.py
[2026-04-10T02:59:41.043+0000] {logging_mixin.py:190} INFO - [2026-04-10T02:59:41.043+0000] {dag.py:3239} INFO - Sync 3 DAGs
[2026-04-10T02:59:41.055+0000] {logging_mixin.py:190} INFO - [2026-04-10T02:59:41.054+0000] {dag.py:4180} INFO - Setting next_dagrun for example_branch_datetime_operator to 2026-04-09 00:00:00+00:00, run_after=2026-04-10 00:00:00+00:00
[2026-04-10T02:59:41.057+0000] {logging_mixin.py:190} INFO - [2026-04-10T02:59:41.057+0000] {dag.py:4180} INFO - Setting next_dagrun for example_branch_datetime_operator_2 to 2026-04-09 00:00:00+00:00, run_after=2026-04-10 00:00:00+00:00
[2026-04-10T02:59:41.060+0000] {logging_mixin.py:190} INFO - [2026-04-10T02:59:41.060+0000] {dag.py:4180} INFO - Setting next_dagrun for example_branch_datetime_operator_3 to 2026-04-09 00:00:00+00:00, run_after=2026-04-10 00:00:00+00:00
[2026-04-10T02:59:41.071+0000] {processor.py:208} INFO - Processing /home/airflow/.local/lib/python3.12/site-packages/airflow/example_dags/example_branch_datetime_operator.py took 0.053 seconds
[2026-04-10T03:00:11.296+0000] {processor.py:186} INFO - Started process (PID=79868) to work on /home/airflow/.local/lib/python3.12/site-packages/airflow/example_dags/example_branch_datetime_operator.py
[2026-04-10T03:00:11.296+0000] {processor.py:914} INFO - Processing file /home/airflow/.local/lib/python3.12/site-packages/airflow/example_dags/example_branch_datetime_operator.py for tasks to queue
[2026-04-10T03:00:11.297+0000] {logging_mixin.py:190} INFO - [2026-04-10T03:00:11.297+0000] {dagbag.py:588} INFO - Filling up the DagBag from /home/airflow/.local/lib/python3.12/site-packages/airflow/example_dags/example_branch_datetime_operator.py
[2026-04-10T03:00:11.301+0000] {processor.py:925} INFO - DAG(s) 'example_branch_datetime_operator', 'example_branch_datetime_operator_2', 'example_branch_datetime_operator_3' retrieved from /home/airflow/.local/lib/python3.12/site-packages/airflow/example_dags/example_branch_datetime_operator.py
[2026-04-10T03:00:11.309+0000] {logging_mixin.py:190} INFO - [2026-04-10T03:00:11.309+0000] {dag.py:3239} INFO - Sync 3 DAGs
[2026-04-10T03:00:11.316+0000] {logging_mixin.py:190} INFO - [2026-04-10T03:00:11.316+0000] {dag.py:4180} INFO - Setting next_dagrun for example_branch_datetime_operator to 2026-04-09 00:00:00+00:00, run_after=2026-04-10 00:00:00+00:00
[2026-04-10T03:00:11.318+0000] {logging_mixin.py:190} INFO - [2026-04-10T03:00:11.317+0000] {dag.py:4180} INFO - Setting next_dagrun for example_branch_datetime_operator_2 to 2026-04-09 00:00:00+00:00, run_after=2026-04-10 00:00:00+00:00
[2026-04-10T03:00:11.318+0000] {logging_mixin.py:190} INFO - [2026-04-10T03:00:11.318+0000] {dag.py:4180} INFO - Setting next_dagrun for example_branch_datetime_operator_3 to 2026-04-09 00:00:00+00:00, run_after=2026-04-10 00:00:00+00:00
[2026-04-10T03:00:11.322+0000] {processor.py:208} INFO - Processing /home/airflow/.local/lib/python3.12/site-packages/airflow/example_dags/example_branch_datetime_operator.py took 0.028 seconds
[2026-04-10T03:15:42.113+0000] {processor.py:186} INFO - Started process (PID=79932) to work on /home/airflow/.local/lib/python3.12/site-packages/airflow/example_dags/example_branch_datetime_operator.py
[2026-04-10T03:15:42.114+0000] {processor.py:914} INFO - Processing file /home/airflow/.local/lib/python3.12/site-packages/airflow/example_dags/example_branch_datetime_operator.py for tasks to queue
[2026-04-10T03:15:42.114+0000] {logging_mixin.py:190} INFO - [2026-04-10T03:15:42.114+0000] {dagbag.py:588} INFO - Filling up the DagBag from /home/airflow/.local/lib/python3.12/site-packages/airflow/example_dags/example_branch_datetime_operator.py
[2026-04-10T03:15:42.119+0000] {processor.py:925} INFO - DAG(s) 'example_branch_datetime_operator', 'example_branch_datetime_operator_3', 'example_branch_datetime_operator_2' retrieved from /home/airflow/.local/lib/python3.12/site-packages/airflow/example_dags/example_branch_datetime_operator.py
[2026-04-10T03:15:42.128+0000] {logging_mixin.py:190} INFO - [2026-04-10T03:15:42.128+0000] {dag.py:3239} INFO - Sync 3 DAGs
[2026-04-10T03:15:42.137+0000] {logging_mixin.py:190} INFO - [2026-04-10T03:15:42.137+0000] {dag.py:4180} INFO - Setting next_dagrun for example_branch_datetime_operator to 2026-04-09 00:00:00+00:00, run_after=2026-04-10 00:00:00+00:00
[2026-04-10T03:15:42.138+0000] {logging_mixin.py:190} INFO - [2026-04-10T03:15:42.138+0000] {dag.py:4180} INFO - Setting next_dagrun for example_branch_datetime_operator_2 to 2026-04-09 00:00:00+00:00, run_after=2026-04-10 00:00:00+00:00
[2026-04-10T03:15:42.139+0000] {logging_mixin.py:190} INFO - [2026-04-10T03:15:42.139+0000] {dag.py:4180} INFO - Setting next_dagrun for example_branch_datetime_operator_3 to 2026-04-09 00:00:00+00:00, run_after=2026-04-10 00:00:00+00:00
[2026-04-10T03:15:42.145+0000] {processor.py:208} INFO - Processing /home/airflow/.local/lib/python3.12/site-packages/airflow/example_dags/example_branch_datetime_operator.py took 0.034 seconds
[2026-04-10T03:23:21.669+0000] {processor.py:186} INFO - Started process (PID=79996) to work on /home/airflow/.local/lib/python3.12/site-packages/airflow/example_dags/example_branch_datetime_operator.py
[2026-04-10T03:23:21.669+0000] {processor.py:914} INFO - Processing file /home/airflow/.local/lib/python3.12/site-packages/airflow/example_dags/example_branch_datetime_operator.py for tasks to queue
[2026-04-10T03:23:21.670+0000] {logging_mixin.py:190} INFO - [2026-04-10T03:23:21.670+0000] {dagbag.py:588} INFO - Filling up the DagBag from /home/airflow/.local/lib/python3.12/site-packages/airflow/example_dags/example_branch_datetime_operator.py
[2026-04-10T03:23:21.675+0000] {processor.py:925} INFO - DAG(s) 'example_branch_datetime_operator_2', 'example_branch_datetime_operator_3', 'example_branch_datetime_operator' retrieved from /home/airflow/.local/lib/python3.12/site-packages/airflow/example_dags/example_branch_datetime_operator.py
[2026-04-10T03:23:21.686+0000] {logging_mixin.py:190} INFO - [2026-04-10T03:23:21.686+0000] {dag.py:3239} INFO - Sync 3 DAGs
[2026-04-10T03:23:21.696+0000] {logging_mixin.py:190} INFO - [2026-04-10T03:23:21.696+0000] {dag.py:4180} INFO - Setting next_dagrun for example_branch_datetime_operator to 2026-04-09 00:00:00+00:00, run_after=2026-04-10 00:00:00+00:00
[2026-04-10T03:23:21.700+0000] {logging_mixin.py:190} INFO - [2026-04-10T03:23:21.700+0000] {dag.py:4180} INFO - Setting next_dagrun for example_branch_datetime_operator_2 to 2026-04-09 00:00:00+00:00, run_after=2026-04-10 00:00:00+00:00
[2026-04-10T03:23:21.702+0000] {logging_mixin.py:190} INFO - [2026-04-10T03:23:21.702+0000] {dag.py:4180} INFO - Setting next_dagrun for example_branch_datetime_operator_3 to 2026-04-09 00:00:00+00:00, run_after=2026-04-10 00:00:00+00:00
[2026-04-10T03:23:21.712+0000] {processor.py:208} INFO - Processing /home/airflow/.local/lib/python3.12/site-packages/airflow/example_dags/example_branch_datetime_operator.py took 0.046 seconds
[2026-04-10T03:23:52.496+0000] {processor.py:186} INFO - Started process (PID=80060) to work on /home/airflow/.local/lib/python3.12/site-packages/airflow/example_dags/example_branch_datetime_operator.py
[2026-04-10T03:23:52.497+0000] {processor.py:914} INFO - Processing file /home/airflow/.local/lib/python3.12/site-packages/airflow/example_dags/example_branch_datetime_operator.py for tasks to queue
[2026-04-10T03:23:52.497+0000] {logging_mixin.py:190} INFO - [2026-04-10T03:23:52.497+0000] {dagbag.py:588} INFO - Filling up the DagBag from /home/airflow/.local/lib/python3.12/site-packages/airflow/example_dags/example_branch_datetime_operator.py
[2026-04-10T03:23:52.502+0000] {processor.py:925} INFO - DAG(s) 'example_branch_datetime_operator_2', 'example_branch_datetime_operator', 'example_branch_datetime_operator_3' retrieved from /home/airflow/.local/lib/python3.12/site-packages/airflow/example_dags/example_branch_datetime_operator.py
[2026-04-10T03:23:52.515+0000] {logging_mixin.py:190} INFO - [2026-04-10T03:23:52.515+0000] {dag.py:3239} INFO - Sync 3 DAGs
[2026-04-10T03:23:52.528+0000] {logging_mixin.py:190} INFO - [2026-04-10T03:23:52.528+0000] {dag.py:4180} INFO - Setting next_dagrun for example_branch_datetime_operator to 2026-04-09 00:00:00+00:00, run_after=2026-04-10 00:00:00+00:00
[2026-04-10T03:23:52.530+0000] {logging_mixin.py:190} INFO - [2026-04-10T03:23:52.530+0000] {dag.py:4180} INFO - Setting next_dagrun for example_branch_datetime_operator_2 to 2026-04-09 00:00:00+00:00, run_after=2026-04-10 00:00:00+00:00
[2026-04-10T03:23:52.532+0000] {logging_mixin.py:190} INFO - [2026-04-10T03:23:52.532+0000] {dag.py:4180} INFO - Setting next_dagrun for example_branch_datetime_operator_3 to 2026-04-09 00:00:00+00:00, run_after=2026-04-10 00:00:00+00:00
[2026-04-10T03:23:52.543+0000] {processor.py:208} INFO - Processing /home/airflow/.local/lib/python3.12/site-packages/airflow/example_dags/example_branch_datetime_operator.py took 0.050 seconds
[2026-04-10T03:24:22.913+0000] {processor.py:186} INFO - Started process (PID=80124) to work on /home/airflow/.local/lib/python3.12/site-packages/airflow/example_dags/example_branch_datetime_operator.py
[2026-04-10T03:24:22.914+0000] {processor.py:914} INFO - Processing file /home/airflow/.local/lib/python3.12/site-packages/airflow/example_dags/example_branch_datetime_operator.py for tasks to queue
[2026-04-10T03:24:22.914+0000] {logging_mixin.py:190} INFO - [2026-04-10T03:24:22.914+0000] {dagbag.py:588} INFO - Filling up the DagBag from /home/airflow/.local/lib/python3.12/site-packages/airflow/example_dags/example_branch_datetime_operator.py
[2026-04-10T03:24:22.919+0000] {processor.py:925} INFO - DAG(s) 'example_branch_datetime_operator_2', 'example_branch_datetime_operator', 'example_branch_datetime_operator_3' retrieved from /home/airflow/.local/lib/python3.12/site-packages/airflow/example_dags/example_branch_datetime_operator.py
[2026-04-10T03:24:22.935+0000] {logging_mixin.py:190} INFO - [2026-04-10T03:24:22.934+0000] {dag.py:3239} INFO - Sync 3 DAGs
[2026-04-10T03:24:22.946+0000] {logging_mixin.py:190} INFO - [2026-04-10T03:24:22.946+0000] {dag.py:4180} INFO - Setting next_dagrun for example_branch_datetime_operator to 2026-04-09 00:00:00+00:00, run_after=2026-04-10 00:00:00+00:00
[2026-04-10T03:24:22.948+0000] {logging_mixin.py:190} INFO - [2026-04-10T03:24:22.948+0000] {dag.py:4180} INFO - Setting next_dagrun for example_branch_datetime_operator_2 to 2026-04-09 00:00:00+00:00, run_after=2026-04-10 00:00:00+00:00
[2026-04-10T03:24:22.949+0000] {logging_mixin.py:190} INFO - [2026-04-10T03:24:22.949+0000] {dag.py:4180} INFO - Setting next_dagrun for example_branch_datetime_operator_3 to 2026-04-09 00:00:00+00:00, run_after=2026-04-10 00:00:00+00:00
[2026-04-10T03:24:22.954+0000] {processor.py:208} INFO - Processing /home/airflow/.local/lib/python3.12/site-packages/airflow/example_dags/example_branch_datetime_operator.py took 0.043 seconds
[2026-04-10T03:24:53.265+0000] {processor.py:186} INFO - Started process (PID=80188) to work on /home/airflow/.local/lib/python3.12/site-packages/airflow/example_dags/example_branch_datetime_operator.py
[2026-04-10T03:24:53.265+0000] {processor.py:914} INFO - Processing file /home/airflow/.local/lib/python3.12/site-packages/airflow/example_dags/example_branch_datetime_operator.py for tasks to queue
[2026-04-10T03:24:53.267+0000] {logging_mixin.py:190} INFO - [2026-04-10T03:24:53.267+0000] {dagbag.py:588} INFO - Filling up the DagBag from /home/airflow/.local/lib/python3.12/site-packages/airflow/example_dags/example_branch_datetime_operator.py
[2026-04-10T03:24:53.272+0000] {processor.py:925} INFO - DAG(s) 'example_branch_datetime_operator', 'example_branch_datetime_operator_2', 'example_branch_datetime_operator_3' retrieved from /home/airflow/.local/lib/python3.12/site-packages/airflow/example_dags/example_branch_datetime_operator.py
[2026-04-10T03:24:53.281+0000] {logging_mixin.py:190} INFO - [2026-04-10T03:24:53.281+0000] {dag.py:3239} INFO - Sync 3 DAGs
[2026-04-10T03:24:53.290+0000] {logging_mixin.py:190} INFO - [2026-04-10T03:24:53.290+0000] {dag.py:4180} INFO - Setting next_dagrun for example_branch_datetime_operator to 2026-04-09 00:00:00+00:00, run_after=2026-04-10 00:00:00+00:00
[2026-04-10T03:24:53.292+0000] {logging_mixin.py:190} INFO - [2026-04-10T03:24:53.291+0000] {dag.py:4180} INFO - Setting next_dagrun for example_branch_datetime_operator_2 to 2026-04-09 00:00:00+00:00, run_after=2026-04-10 00:00:00+00:00
[2026-04-10T03:24:53.293+0000] {logging_mixin.py:190} INFO - [2026-04-10T03:24:53.293+0000] {dag.py:4180} INFO - Setting next_dagrun for example_branch_datetime_operator_3 to 2026-04-09 00:00:00+00:00, run_after=2026-04-10 00:00:00+00:00
[2026-04-10T03:24:53.301+0000] {processor.py:208} INFO - Processing /home/airflow/.local/lib/python3.12/site-packages/airflow/example_dags/example_branch_datetime_operator.py took 0.039 seconds
[2026-04-10T03:25:23.625+0000] {processor.py:186} INFO - Started process (PID=80252) to work on /home/airflow/.local/lib/python3.12/site-packages/airflow/example_dags/example_branch_datetime_operator.py
[2026-04-10T03:25:23.626+0000] {processor.py:914} INFO - Processing file /home/airflow/.local/lib/python3.12/site-packages/airflow/example_dags/example_branch_datetime_operator.py for tasks to queue
[2026-04-10T03:25:23.626+0000] {logging_mixin.py:190} INFO - [2026-04-10T03:25:23.626+0000] {dagbag.py:588} INFO - Filling up the DagBag from /home/airflow/.local/lib/python3.12/site-packages/airflow/example_dags/example_branch_datetime_operator.py
[2026-04-10T03:25:23.634+0000] {processor.py:925} INFO - DAG(s) 'example_branch_datetime_operator', 'example_branch_datetime_operator_3', 'example_branch_datetime_operator_2' retrieved from /home/airflow/.local/lib/python3.12/site-packages/airflow/example_dags/example_branch_datetime_operator.py
[2026-04-10T03:25:23.646+0000] {logging_mixin.py:190} INFO - [2026-04-10T03:25:23.646+0000] {dag.py:3239} INFO - Sync 3 DAGs
[2026-04-10T03:25:23.656+0000] {logging_mixin.py:190} INFO - [2026-04-10T03:25:23.656+0000] {dag.py:4180} INFO - Setting next_dagrun for example_branch_datetime_operator to 2026-04-09 00:00:00+00:00, run_after=2026-04-10 00:00:00+00:00
[2026-04-10T03:25:23.658+0000] {logging_mixin.py:190} INFO - [2026-04-10T03:25:23.658+0000] {dag.py:4180} INFO - Setting next_dagrun for example_branch_datetime_operator_2 to 2026-04-09 00:00:00+00:00, run_after=2026-04-10 00:00:00+00:00
[2026-04-10T03:25:23.659+0000] {logging_mixin.py:190} INFO - [2026-04-10T03:25:23.659+0000] {dag.py:4180} INFO - Setting next_dagrun for example_branch_datetime_operator_3 to 2026-04-09 00:00:00+00:00, run_after=2026-04-10 00:00:00+00:00
[2026-04-10T03:25:23.664+0000] {processor.py:208} INFO - Processing /home/airflow/.local/lib/python3.12/site-packages/airflow/example_dags/example_branch_datetime_operator.py took 0.041 seconds
[2026-04-10T03:25:54.161+0000] {processor.py:186} INFO - Started process (PID=80316) to work on /home/airflow/.local/lib/python3.12/site-packages/airflow/example_dags/example_branch_datetime_operator.py
[2026-04-10T03:25:54.162+0000] {processor.py:914} INFO - Processing file /home/airflow/.local/lib/python3.12/site-packages/airflow/example_dags/example_branch_datetime_operator.py for tasks to queue
[2026-04-10T03:25:54.163+0000] {logging_mixin.py:190} INFO - [2026-04-10T03:25:54.163+0000] {dagbag.py:588} INFO - Filling up the DagBag from /home/airflow/.local/lib/python3.12/site-packages/airflow/example_dags/example_branch_datetime_operator.py
[2026-04-10T03:25:54.168+0000] {processor.py:925} INFO - DAG(s) 'example_branch_datetime_operator', 'example_branch_datetime_operator_3', 'example_branch_datetime_operator_2' retrieved from /home/airflow/.local/lib/python3.12/site-packages/airflow/example_dags/example_branch_datetime_operator.py
[2026-04-10T03:25:54.177+0000] {logging_mixin.py:190} INFO - [2026-04-10T03:25:54.177+0000] {dag.py:3239} INFO - Sync 3 DAGs
[2026-04-10T03:25:54.189+0000] {logging_mixin.py:190} INFO - [2026-04-10T03:25:54.189+0000] {dag.py:4180} INFO - Setting next_dagrun for example_branch_datetime_operator to 2026-04-09 00:00:00+00:00, run_after=2026-04-10 00:00:00+00:00
[2026-04-10T03:25:54.193+0000] {logging_mixin.py:190} INFO - [2026-04-10T03:25:54.193+0000] {dag.py:4180} INFO - Setting next_dagrun for example_branch_datetime_operator_2 to 2026-04-09 00:00:00+00:00, run_after=2026-04-10 00:00:00+00:00
[2026-04-10T03:25:54.193+0000] {logging_mixin.py:190} INFO - [2026-04-10T03:25:54.193+0000] {dag.py:4180} INFO - Setting next_dagrun for example_branch_datetime_operator_3 to 2026-04-09 00:00:00+00:00, run_after=2026-04-10 00:00:00+00:00
[2026-04-10T03:25:54.201+0000] {processor.py:208} INFO - Processing /home/airflow/.local/lib/python3.12/site-packages/airflow/example_dags/example_branch_datetime_operator.py took 0.042 seconds
[2026-04-10T03:26:25.425+0000] {processor.py:186} INFO - Started process (PID=80380) to work on /home/airflow/.local/lib/python3.12/site-packages/airflow/example_dags/example_branch_datetime_operator.py
[2026-04-10T03:26:25.426+0000] {processor.py:914} INFO - Processing file /home/airflow/.local/lib/python3.12/site-packages/airflow/example_dags/example_branch_datetime_operator.py for tasks to queue
[2026-04-10T03:26:25.426+0000] {logging_mixin.py:190} INFO - [2026-04-10T03:26:25.426+0000] {dagbag.py:588} INFO - Filling up the DagBag from /home/airflow/.local/lib/python3.12/site-packages/airflow/example_dags/example_branch_datetime_operator.py
[2026-04-10T03:26:25.433+0000] {processor.py:925} INFO - DAG(s) 'example_branch_datetime_operator_3', 'example_branch_datetime_operator', 'example_branch_datetime_operator_2' retrieved from /home/airflow/.local/lib/python3.12/site-packages/airflow/example_dags/example_branch_datetime_operator.py
[2026-04-10T03:26:25.447+0000] {logging_mixin.py:190} INFO - [2026-04-10T03:26:25.447+0000] {dag.py:3239} INFO - Sync 3 DAGs
[2026-04-10T03:26:25.457+0000] {logging_mixin.py:190} INFO - [2026-04-10T03:26:25.457+0000] {dag.py:4180} INFO - Setting next_dagrun for example_branch_datetime_operator to 2026-04-09 00:00:00+00:00, run_after=2026-04-10 00:00:00+00:00
[2026-04-10T03:26:25.458+0000] {logging_mixin.py:190} INFO - [2026-04-10T03:26:25.458+0000] {dag.py:4180} INFO - Setting next_dagrun for example_branch_datetime_operator_2 to 2026-04-09 00:00:00+00:00, run_after=2026-04-10 00:00:00+00:00
[2026-04-10T03:26:25.459+0000] {logging_mixin.py:190} INFO - [2026-04-10T03:26:25.459+0000] {dag.py:4180} INFO - Setting next_dagrun for example_branch_datetime_operator_3 to 2026-04-09 00:00:00+00:00, run_after=2026-04-10 00:00:00+00:00
[2026-04-10T03:26:25.464+0000] {processor.py:208} INFO - Processing /home/airflow/.local/lib/python3.12/site-packages/airflow/example_dags/example_branch_datetime_operator.py took 0.041 seconds
[2026-04-10T03:26:55.982+0000] {processor.py:186} INFO - Started process (PID=80444) to work on /home/airflow/.local/lib/python3.12/site-packages/airflow/example_dags/example_branch_datetime_operator.py
[2026-04-10T03:26:55.982+0000] {processor.py:914} INFO - Processing file /home/airflow/.local/lib/python3.12/site-packages/airflow/example_dags/example_branch_datetime_operator.py for tasks to queue
[2026-04-10T03:26:55.983+0000] {logging_mixin.py:190} INFO - [2026-04-10T03:26:55.983+0000] {dagbag.py:588} INFO - Filling up the DagBag from /home/airflow/.local/lib/python3.12/site-packages/airflow/example_dags/example_branch_datetime_operator.py
[2026-04-10T03:26:55.989+0000] {processor.py:925} INFO - DAG(s) 'example_branch_datetime_operator', 'example_branch_datetime_operator_2', 'example_branch_datetime_operator_3' retrieved from /home/airflow/.local/lib/python3.12/site-packages/airflow/example_dags/example_branch_datetime_operator.py
[2026-04-10T03:26:56.001+0000] {logging_mixin.py:190} INFO - [2026-04-10T03:26:56.001+0000] {dag.py:3239} INFO - Sync 3 DAGs
[2026-04-10T03:26:56.013+0000] {logging_mixin.py:190} INFO - [2026-04-10T03:26:56.013+0000] {dag.py:4180} INFO - Setting next_dagrun for example_branch_datetime_operator to 2026-04-09 00:00:00+00:00, run_after=2026-04-10 00:00:00+00:00
[2026-04-10T03:26:56.016+0000] {logging_mixin.py:190} INFO - [2026-04-10T03:26:56.016+0000] {dag.py:4180} INFO - Setting next_dagrun for example_branch_datetime_operator_2 to 2026-04-09 00:00:00+00:00, run_after=2026-04-10 00:00:00+00:00
[2026-04-10T03:26:56.018+0000] {logging_mixin.py:190} INFO - [2026-04-10T03:26:56.018+0000] {dag.py:4180} INFO - Setting next_dagrun for example_branch_datetime_operator_3 to 2026-04-09 00:00:00+00:00, run_after=2026-04-10 00:00:00+00:00
[2026-04-10T03:26:56.031+0000] {processor.py:208} INFO - Processing /home/airflow/.local/lib/python3.12/site-packages/airflow/example_dags/example_branch_datetime_operator.py took 0.052 seconds
[2026-04-10T03:27:26.206+0000] {processor.py:186} INFO - Started process (PID=80508) to work on /home/airflow/.local/lib/python3.12/site-packages/airflow/example_dags/example_branch_datetime_operator.py
[2026-04-10T03:27:26.207+0000] {processor.py:914} INFO - Processing file /home/airflow/.local/lib/python3.12/site-packages/airflow/example_dags/example_branch_datetime_operator.py for tasks to queue
[2026-04-10T03:27:26.208+0000] {logging_mixin.py:190} INFO - [2026-04-10T03:27:26.207+0000] {dagbag.py:588} INFO - Filling up the DagBag from /home/airflow/.local/lib/python3.12/site-packages/airflow/example_dags/example_branch_datetime_operator.py
[2026-04-10T03:27:26.213+0000] {processor.py:925} INFO - DAG(s) 'example_branch_datetime_operator_3', 'example_branch_datetime_operator', 'example_branch_datetime_operator_2' retrieved from /home/airflow/.local/lib/python3.12/site-packages/airflow/example_dags/example_branch_datetime_operator.py
[2026-04-10T03:27:26.226+0000] {logging_mixin.py:190} INFO - [2026-04-10T03:27:26.226+0000] {dag.py:3239} INFO - Sync 3 DAGs
[2026-04-10T03:27:26.235+0000] {logging_mixin.py:190} INFO - [2026-04-10T03:27:26.235+0000] {dag.py:4180} INFO - Setting next_dagrun for example_branch_datetime_operator to 2026-04-09 00:00:00+00:00, run_after=2026-04-10 00:00:00+00:00
[2026-04-10T03:27:26.237+0000] {logging_mixin.py:190} INFO - [2026-04-10T03:27:26.237+0000] {dag.py:4180} INFO - Setting next_dagrun for example_branch_datetime_operator_2 to 2026-04-09 00:00:00+00:00, run_after=2026-04-10 00:00:00+00:00
[2026-04-10T03:27:26.238+0000] {logging_mixin.py:190} INFO - [2026-04-10T03:27:26.238+0000] {dag.py:4180} INFO - Setting next_dagrun for example_branch_datetime_operator_3 to 2026-04-09 00:00:00+00:00, run_after=2026-04-10 00:00:00+00:00
[2026-04-10T03:27:26.247+0000] {processor.py:208} INFO - Processing /home/airflow/.local/lib/python3.12/site-packages/airflow/example_dags/example_branch_datetime_operator.py took 0.043 seconds
[2026-04-10T03:27:56.680+0000] {processor.py:186} INFO - Started process (PID=80572) to work on /home/airflow/.local/lib/python3.12/site-packages/airflow/example_dags/example_branch_datetime_operator.py
[2026-04-10T03:27:56.681+0000] {processor.py:914} INFO - Processing file /home/airflow/.local/lib/python3.12/site-packages/airflow/example_dags/example_branch_datetime_operator.py for tasks to queue
[2026-04-10T03:27:56.683+0000] {logging_mixin.py:190} INFO - [2026-04-10T03:27:56.683+0000] {dagbag.py:588} INFO - Filling up the DagBag from /home/airflow/.local/lib/python3.12/site-packages/airflow/example_dags/example_branch_datetime_operator.py
[2026-04-10T03:27:56.690+0000] {processor.py:925} INFO - DAG(s) 'example_branch_datetime_operator_2', 'example_branch_datetime_operator_3', 'example_branch_datetime_operator' retrieved from /home/airflow/.local/lib/python3.12/site-packages/airflow/example_dags/example_branch_datetime_operator.py
[2026-04-10T03:27:56.702+0000] {logging_mixin.py:190} INFO - [2026-04-10T03:27:56.702+0000] {dag.py:3239} INFO - Sync 3 DAGs
[2026-04-10T03:27:56.716+0000] {logging_mixin.py:190} INFO - [2026-04-10T03:27:56.716+0000] {dag.py:4180} INFO - Setting next_dagrun for example_branch_datetime_operator to 2026-04-09 00:00:00+00:00, run_after=2026-04-10 00:00:00+00:00
[2026-04-10T03:27:56.718+0000] {logging_mixin.py:190} INFO - [2026-04-10T03:27:56.718+0000] {dag.py:4180} INFO - Setting next_dagrun for example_branch_datetime_operator_2 to 2026-04-09 00:00:00+00:00, run_after=2026-04-10 00:00:00+00:00
[2026-04-10T03:27:56.721+0000] {logging_mixin.py:190} INFO - [2026-04-10T03:27:56.721+0000] {dag.py:4180} INFO - Setting next_dagrun for example_branch_datetime_operator_3 to 2026-04-09 00:00:00+00:00, run_after=2026-04-10 00:00:00+00:00
[2026-04-10T03:27:56.732+0000] {processor.py:208} INFO - Processing /home/airflow/.local/lib/python3.12/site-packages/airflow/example_dags/example_branch_datetime_operator.py took 0.055 seconds
[2026-04-10T03:28:27.357+0000] {processor.py:186} INFO - Started process (PID=80636) to work on /home/airflow/.local/lib/python3.12/site-packages/airflow/example_dags/example_branch_datetime_operator.py
[2026-04-10T03:28:27.357+0000] {processor.py:914} INFO - Processing file /home/airflow/.local/lib/python3.12/site-packages/airflow/example_dags/example_branch_datetime_operator.py for tasks to queue
[2026-04-10T03:28:27.358+0000] {logging_mixin.py:190} INFO - [2026-04-10T03:28:27.358+0000] {dagbag.py:588} INFO - Filling up the DagBag from /home/airflow/.local/lib/python3.12/site-packages/airflow/example_dags/example_branch_datetime_operator.py
[2026-04-10T03:28:27.364+0000] {processor.py:925} INFO - DAG(s) 'example_branch_datetime_operator_2', 'example_branch_datetime_operator', 'example_branch_datetime_operator_3' retrieved from /home/airflow/.local/lib/python3.12/site-packages/airflow/example_dags/example_branch_datetime_operator.py
[2026-04-10T03:28:27.373+0000] {logging_mixin.py:190} INFO - [2026-04-10T03:28:27.373+0000] {dag.py:3239} INFO - Sync 3 DAGs
[2026-04-10T03:28:27.386+0000] {logging_mixin.py:190} INFO - [2026-04-10T03:28:27.386+0000] {dag.py:4180} INFO - Setting next_dagrun for example_branch_datetime_operator to 2026-04-09 00:00:00+00:00, run_after=2026-04-10 00:00:00+00:00
[2026-04-10T03:28:27.388+0000] {logging_mixin.py:190} INFO - [2026-04-10T03:28:27.388+0000] {dag.py:4180} INFO - Setting next_dagrun for example_branch_datetime_operator_2 to 2026-04-09 00:00:00+00:00, run_after=2026-04-10 00:00:00+00:00
[2026-04-10T03:28:27.389+0000] {logging_mixin.py:190} INFO - [2026-04-10T03:28:27.389+0000] {dag.py:4180} INFO - Setting next_dagrun for example_branch_datetime_operator_3 to 2026-04-09 00:00:00+00:00, run_after=2026-04-10 00:00:00+00:00
[2026-04-10T03:28:27.401+0000] {processor.py:208} INFO - Processing /home/airflow/.local/lib/python3.12/site-packages/airflow/example_dags/example_branch_datetime_operator.py took 0.046 seconds
[2026-04-10T03:28:57.767+0000] {processor.py:186} INFO - Started process (PID=80700) to work on /home/airflow/.local/lib/python3.12/site-packages/airflow/example_dags/example_branch_datetime_operator.py
[2026-04-10T03:28:57.768+0000] {processor.py:914} INFO - Processing file /home/airflow/.local/lib/python3.12/site-packages/airflow/example_dags/example_branch_datetime_operator.py for tasks to queue
[2026-04-10T03:28:57.769+0000] {logging_mixin.py:190} INFO - [2026-04-10T03:28:57.769+0000] {dagbag.py:588} INFO - Filling up the DagBag from /home/airflow/.local/lib/python3.12/site-packages/airflow/example_dags/example_branch_datetime_operator.py
[2026-04-10T03:28:57.774+0000] {processor.py:925} INFO - DAG(s) 'example_branch_datetime_operator', 'example_branch_datetime_operator_3', 'example_branch_datetime_operator_2' retrieved from /home/airflow/.local/lib/python3.12/site-packages/airflow/example_dags/example_branch_datetime_operator.py
[2026-04-10T03:28:57.782+0000] {logging_mixin.py:190} INFO - [2026-04-10T03:28:57.782+0000] {dag.py:3239} INFO - Sync 3 DAGs
[2026-04-10T03:28:57.790+0000] {logging_mixin.py:190} INFO - [2026-04-10T03:28:57.790+0000] {dag.py:4180} INFO - Setting next_dagrun for example_branch_datetime_operator to 2026-04-09 00:00:00+00:00, run_after=2026-04-10 00:00:00+00:00
[2026-04-10T03:28:57.792+0000] {logging_mixin.py:190} INFO - [2026-04-10T03:28:57.792+0000] {dag.py:4180} INFO - Setting next_dagrun for example_branch_datetime_operator_2 to 2026-04-09 00:00:00+00:00, run_after=2026-04-10 00:00:00+00:00
[2026-04-10T03:28:57.795+0000] {logging_mixin.py:190} INFO - [2026-04-10T03:28:57.795+0000] {dag.py:4180} INFO - Setting next_dagrun for example_branch_datetime_operator_3 to 2026-04-09 00:00:00+00:00, run_after=2026-04-10 00:00:00+00:00
[2026-04-10T03:28:57.803+0000] {processor.py:208} INFO - Processing /home/airflow/.local/lib/python3.12/site-packages/airflow/example_dags/example_branch_datetime_operator.py took 0.038 seconds
[2026-04-10T03:29:28.133+0000] {processor.py:186} INFO - Started process (PID=80764) to work on /home/airflow/.local/lib/python3.12/site-packages/airflow/example_dags/example_branch_datetime_operator.py
[2026-04-10T03:29:28.133+0000] {processor.py:914} INFO - Processing file /home/airflow/.local/lib/python3.12/site-packages/airflow/example_dags/example_branch_datetime_operator.py for tasks to queue
[2026-04-10T03:29:28.133+0000] {logging_mixin.py:190} INFO - [2026-04-10T03:29:28.133+0000] {dagbag.py:588} INFO - Filling up the DagBag from /home/airflow/.local/lib/python3.12/site-packages/airflow/example_dags/example_branch_datetime_operator.py
[2026-04-10T03:29:28.138+0000] {processor.py:925} INFO - DAG(s) 'example_branch_datetime_operator', 'example_branch_datetime_operator_2', 'example_branch_datetime_operator_3' retrieved from /home/airflow/.local/lib/python3.12/site-packages/airflow/example_dags/example_branch_datetime_operator.py
[2026-04-10T03:29:28.148+0000] {logging_mixin.py:190} INFO - [2026-04-10T03:29:28.148+0000] {dag.py:3239} INFO - Sync 3 DAGs
[2026-04-10T03:29:28.157+0000] {logging_mixin.py:190} INFO - [2026-04-10T03:29:28.157+0000] {dag.py:4180} INFO - Setting next_dagrun for example_branch_datetime_operator to 2026-04-09 00:00:00+00:00, run_after=2026-04-10 00:00:00+00:00
[2026-04-10T03:29:28.159+0000] {logging_mixin.py:190} INFO - [2026-04-10T03:29:28.159+0000] {dag.py:4180} INFO - Setting next_dagrun for example_branch_datetime_operator_2 to 2026-04-09 00:00:00+00:00, run_after=2026-04-10 00:00:00+00:00
[2026-04-10T03:29:28.159+0000] {logging_mixin.py:190} INFO - [2026-04-10T03:29:28.159+0000] {dag.py:4180} INFO - Setting next_dagrun for example_branch_datetime_operator_3 to 2026-04-09 00:00:00+00:00, run_after=2026-04-10 00:00:00+00:00
[2026-04-10T03:29:28.165+0000] {processor.py:208} INFO - Processing /home/airflow/.local/lib/python3.12/site-packages/airflow/example_dags/example_branch_datetime_operator.py took 0.035 seconds
[2026-04-10T03:29:58.751+0000] {processor.py:186} INFO - Started process (PID=80827) to work on /home/airflow/.local/lib/python3.12/site-packages/airflow/example_dags/example_branch_datetime_operator.py
[2026-04-10T03:29:58.753+0000] {processor.py:914} INFO - Processing file /home/airflow/.local/lib/python3.12/site-packages/airflow/example_dags/example_branch_datetime_operator.py for tasks to queue
[2026-04-10T03:29:58.753+0000] {logging_mixin.py:190} INFO - [2026-04-10T03:29:58.753+0000] {dagbag.py:588} INFO - Filling up the DagBag from /home/airflow/.local/lib/python3.12/site-packages/airflow/example_dags/example_branch_datetime_operator.py
[2026-04-10T03:29:58.760+0000] {processor.py:925} INFO - DAG(s) 'example_branch_datetime_operator_3', 'example_branch_datetime_operator', 'example_branch_datetime_operator_2' retrieved from /home/airflow/.local/lib/python3.12/site-packages/airflow/example_dags/example_branch_datetime_operator.py
[2026-04-10T03:29:58.774+0000] {logging_mixin.py:190} INFO - [2026-04-10T03:29:58.773+0000] {dag.py:3239} INFO - Sync 3 DAGs
[2026-04-10T03:29:58.783+0000] {logging_mixin.py:190} INFO - [2026-04-10T03:29:58.783+0000] {dag.py:4180} INFO - Setting next_dagrun for example_branch_datetime_operator to 2026-04-09 00:00:00+00:00, run_after=2026-04-10 00:00:00+00:00
[2026-04-10T03:29:58.785+0000] {logging_mixin.py:190} INFO - [2026-04-10T03:29:58.785+0000] {dag.py:4180} INFO - Setting next_dagrun for example_branch_datetime_operator_2 to 2026-04-09 00:00:00+00:00, run_after=2026-04-10 00:00:00+00:00
[2026-04-10T03:29:58.788+0000] {logging_mixin.py:190} INFO - [2026-04-10T03:29:58.788+0000] {dag.py:4180} INFO - Setting next_dagrun for example_branch_datetime_operator_3 to 2026-04-09 00:00:00+00:00, run_after=2026-04-10 00:00:00+00:00
[2026-04-10T03:29:58.796+0000] {processor.py:208} INFO - Processing /home/airflow/.local/lib/python3.12/site-packages/airflow/example_dags/example_branch_datetime_operator.py took 0.047 seconds
