[2026-04-10T00:07:15.763+0000] {processor.py:186} INFO - Started process (PID=78580) to work on /home/airflow/.local/lib/python3.12/site-packages/airflow/example_dags/example_short_circuit_operator.py
[2026-04-10T00:07:15.763+0000] {processor.py:914} INFO - Processing file /home/airflow/.local/lib/python3.12/site-packages/airflow/example_dags/example_short_circuit_operator.py for tasks to queue
[2026-04-10T00:07:15.764+0000] {logging_mixin.py:190} INFO - [2026-04-10T00:07:15.763+0000] {dagbag.py:588} INFO - Filling up the DagBag from /home/airflow/.local/lib/python3.12/site-packages/airflow/example_dags/example_short_circuit_operator.py
[2026-04-10T00:07:15.768+0000] {processor.py:925} INFO - DAG(s) 'example_short_circuit_operator' retrieved from /home/airflow/.local/lib/python3.12/site-packages/airflow/example_dags/example_short_circuit_operator.py
[2026-04-10T00:07:15.776+0000] {logging_mixin.py:190} INFO - [2026-04-10T00:07:15.776+0000] {dag.py:3239} INFO - Sync 1 DAGs
[2026-04-10T00:07:15.782+0000] {logging_mixin.py:190} INFO - [2026-04-10T00:07:15.782+0000] {dag.py:4180} INFO - Setting next_dagrun for example_short_circuit_operator to None, run_after=None
[2026-04-10T00:07:15.794+0000] {processor.py:208} INFO - Processing /home/airflow/.local/lib/python3.12/site-packages/airflow/example_dags/example_short_circuit_operator.py took 0.034 seconds
[2026-04-10T00:22:48.643+0000] {processor.py:186} INFO - Started process (PID=78644) to work on /home/airflow/.local/lib/python3.12/site-packages/airflow/example_dags/example_short_circuit_operator.py
[2026-04-10T00:22:48.644+0000] {processor.py:914} INFO - Processing file /home/airflow/.local/lib/python3.12/site-packages/airflow/example_dags/example_short_circuit_operator.py for tasks to queue
[2026-04-10T00:22:48.645+0000] {logging_mixin.py:190} INFO - [2026-04-10T00:22:48.644+0000] {dagbag.py:588} INFO - Filling up the DagBag from /home/airflow/.local/lib/python3.12/site-packages/airflow/example_dags/example_short_circuit_operator.py
[2026-04-10T00:22:48.651+0000] {processor.py:925} INFO - DAG(s) 'example_short_circuit_operator' retrieved from /home/airflow/.local/lib/python3.12/site-packages/airflow/example_dags/example_short_circuit_operator.py
[2026-04-10T00:22:48.663+0000] {logging_mixin.py:190} INFO - [2026-04-10T00:22:48.663+0000] {dag.py:3239} INFO - Sync 1 DAGs
[2026-04-10T00:22:48.672+0000] {logging_mixin.py:190} INFO - [2026-04-10T00:22:48.672+0000] {dag.py:4180} INFO - Setting next_dagrun for example_short_circuit_operator to None, run_after=None
[2026-04-10T00:22:48.687+0000] {processor.py:208} INFO - Processing /home/airflow/.local/lib/python3.12/site-packages/airflow/example_dags/example_short_circuit_operator.py took 0.048 seconds
[2026-04-10T00:23:19.557+0000] {processor.py:186} INFO - Started process (PID=78708) to work on /home/airflow/.local/lib/python3.12/site-packages/airflow/example_dags/example_short_circuit_operator.py
[2026-04-10T00:23:19.558+0000] {processor.py:914} INFO - Processing file /home/airflow/.local/lib/python3.12/site-packages/airflow/example_dags/example_short_circuit_operator.py for tasks to queue
[2026-04-10T00:23:19.558+0000] {logging_mixin.py:190} INFO - [2026-04-10T00:23:19.558+0000] {dagbag.py:588} INFO - Filling up the DagBag from /home/airflow/.local/lib/python3.12/site-packages/airflow/example_dags/example_short_circuit_operator.py
[2026-04-10T00:23:19.562+0000] {processor.py:925} INFO - DAG(s) 'example_short_circuit_operator' retrieved from /home/airflow/.local/lib/python3.12/site-packages/airflow/example_dags/example_short_circuit_operator.py
[2026-04-10T00:23:19.570+0000] {logging_mixin.py:190} INFO - [2026-04-10T00:23:19.570+0000] {dag.py:3239} INFO - Sync 1 DAGs
[2026-04-10T00:23:19.575+0000] {logging_mixin.py:190} INFO - [2026-04-10T00:23:19.575+0000] {dag.py:4180} INFO - Setting next_dagrun for example_short_circuit_operator to None, run_after=None
[2026-04-10T00:23:19.581+0000] {processor.py:208} INFO - Processing /home/airflow/.local/lib/python3.12/site-packages/airflow/example_dags/example_short_circuit_operator.py took 0.027 seconds
[2026-04-10T00:38:49.391+0000] {processor.py:186} INFO - Started process (PID=78772) to work on /home/airflow/.local/lib/python3.12/site-packages/airflow/example_dags/example_short_circuit_operator.py
[2026-04-10T00:38:49.391+0000] {processor.py:914} INFO - Processing file /home/airflow/.local/lib/python3.12/site-packages/airflow/example_dags/example_short_circuit_operator.py for tasks to queue
[2026-04-10T00:38:49.392+0000] {logging_mixin.py:190} INFO - [2026-04-10T00:38:49.391+0000] {dagbag.py:588} INFO - Filling up the DagBag from /home/airflow/.local/lib/python3.12/site-packages/airflow/example_dags/example_short_circuit_operator.py
[2026-04-10T00:38:49.395+0000] {processor.py:925} INFO - DAG(s) 'example_short_circuit_operator' retrieved from /home/airflow/.local/lib/python3.12/site-packages/airflow/example_dags/example_short_circuit_operator.py
[2026-04-10T00:38:49.405+0000] {logging_mixin.py:190} INFO - [2026-04-10T00:38:49.405+0000] {dag.py:3239} INFO - Sync 1 DAGs
[2026-04-10T00:38:49.410+0000] {logging_mixin.py:190} INFO - [2026-04-10T00:38:49.410+0000] {dag.py:4180} INFO - Setting next_dagrun for example_short_circuit_operator to None, run_after=None
[2026-04-10T00:38:49.416+0000] {processor.py:208} INFO - Processing /home/airflow/.local/lib/python3.12/site-packages/airflow/example_dags/example_short_circuit_operator.py took 0.028 seconds
[2026-04-10T00:41:53.825+0000] {processor.py:186} INFO - Started process (PID=78836) to work on /home/airflow/.local/lib/python3.12/site-packages/airflow/example_dags/example_short_circuit_operator.py
[2026-04-10T00:41:53.825+0000] {processor.py:914} INFO - Processing file /home/airflow/.local/lib/python3.12/site-packages/airflow/example_dags/example_short_circuit_operator.py for tasks to queue
[2026-04-10T00:41:53.826+0000] {logging_mixin.py:190} INFO - [2026-04-10T00:41:53.826+0000] {dagbag.py:588} INFO - Filling up the DagBag from /home/airflow/.local/lib/python3.12/site-packages/airflow/example_dags/example_short_circuit_operator.py
[2026-04-10T00:41:53.829+0000] {processor.py:925} INFO - DAG(s) 'example_short_circuit_operator' retrieved from /home/airflow/.local/lib/python3.12/site-packages/airflow/example_dags/example_short_circuit_operator.py
[2026-04-10T00:41:53.839+0000] {logging_mixin.py:190} INFO - [2026-04-10T00:41:53.838+0000] {dag.py:3239} INFO - Sync 1 DAGs
[2026-04-10T00:41:53.845+0000] {logging_mixin.py:190} INFO - [2026-04-10T00:41:53.844+0000] {dag.py:4180} INFO - Setting next_dagrun for example_short_circuit_operator to None, run_after=None
[2026-04-10T00:41:53.851+0000] {processor.py:208} INFO - Processing /home/airflow/.local/lib/python3.12/site-packages/airflow/example_dags/example_short_circuit_operator.py took 0.028 seconds
[2026-04-10T00:42:25.064+0000] {processor.py:186} INFO - Started process (PID=78900) to work on /home/airflow/.local/lib/python3.12/site-packages/airflow/example_dags/example_short_circuit_operator.py
[2026-04-10T00:42:25.068+0000] {processor.py:914} INFO - Processing file /home/airflow/.local/lib/python3.12/site-packages/airflow/example_dags/example_short_circuit_operator.py for tasks to queue
[2026-04-10T00:42:25.068+0000] {logging_mixin.py:190} INFO - [2026-04-10T00:42:25.068+0000] {dagbag.py:588} INFO - Filling up the DagBag from /home/airflow/.local/lib/python3.12/site-packages/airflow/example_dags/example_short_circuit_operator.py
[2026-04-10T00:42:25.071+0000] {processor.py:925} INFO - DAG(s) 'example_short_circuit_operator' retrieved from /home/airflow/.local/lib/python3.12/site-packages/airflow/example_dags/example_short_circuit_operator.py
[2026-04-10T00:42:25.079+0000] {logging_mixin.py:190} INFO - [2026-04-10T00:42:25.078+0000] {dag.py:3239} INFO - Sync 1 DAGs
[2026-04-10T00:42:25.083+0000] {logging_mixin.py:190} INFO - [2026-04-10T00:42:25.083+0000] {dag.py:4180} INFO - Setting next_dagrun for example_short_circuit_operator to None, run_after=None
[2026-04-10T00:42:25.089+0000] {processor.py:208} INFO - Processing /home/airflow/.local/lib/python3.12/site-packages/airflow/example_dags/example_short_circuit_operator.py took 0.027 seconds
[2026-04-10T00:57:55.606+0000] {processor.py:186} INFO - Started process (PID=78964) to work on /home/airflow/.local/lib/python3.12/site-packages/airflow/example_dags/example_short_circuit_operator.py
[2026-04-10T00:57:55.607+0000] {processor.py:914} INFO - Processing file /home/airflow/.local/lib/python3.12/site-packages/airflow/example_dags/example_short_circuit_operator.py for tasks to queue
[2026-04-10T00:57:55.607+0000] {logging_mixin.py:190} INFO - [2026-04-10T00:57:55.607+0000] {dagbag.py:588} INFO - Filling up the DagBag from /home/airflow/.local/lib/python3.12/site-packages/airflow/example_dags/example_short_circuit_operator.py
[2026-04-10T00:57:55.612+0000] {processor.py:925} INFO - DAG(s) 'example_short_circuit_operator' retrieved from /home/airflow/.local/lib/python3.12/site-packages/airflow/example_dags/example_short_circuit_operator.py
[2026-04-10T00:57:55.623+0000] {logging_mixin.py:190} INFO - [2026-04-10T00:57:55.623+0000] {dag.py:3239} INFO - Sync 1 DAGs
[2026-04-10T00:57:55.628+0000] {logging_mixin.py:190} INFO - [2026-04-10T00:57:55.628+0000] {dag.py:4180} INFO - Setting next_dagrun for example_short_circuit_operator to None, run_after=None
[2026-04-10T00:57:55.636+0000] {processor.py:208} INFO - Processing /home/airflow/.local/lib/python3.12/site-packages/airflow/example_dags/example_short_circuit_operator.py took 0.032 seconds
[2026-04-10T01:13:29.345+0000] {processor.py:186} INFO - Started process (PID=79028) to work on /home/airflow/.local/lib/python3.12/site-packages/airflow/example_dags/example_short_circuit_operator.py
[2026-04-10T01:13:29.347+0000] {processor.py:914} INFO - Processing file /home/airflow/.local/lib/python3.12/site-packages/airflow/example_dags/example_short_circuit_operator.py for tasks to queue
[2026-04-10T01:13:29.349+0000] {logging_mixin.py:190} INFO - [2026-04-10T01:13:29.349+0000] {dagbag.py:588} INFO - Filling up the DagBag from /home/airflow/.local/lib/python3.12/site-packages/airflow/example_dags/example_short_circuit_operator.py
[2026-04-10T01:13:29.358+0000] {processor.py:925} INFO - DAG(s) 'example_short_circuit_operator' retrieved from /home/airflow/.local/lib/python3.12/site-packages/airflow/example_dags/example_short_circuit_operator.py
[2026-04-10T01:13:29.387+0000] {logging_mixin.py:190} INFO - [2026-04-10T01:13:29.387+0000] {dag.py:3239} INFO - Sync 1 DAGs
[2026-04-10T01:13:29.406+0000] {logging_mixin.py:190} INFO - [2026-04-10T01:13:29.406+0000] {dag.py:4180} INFO - Setting next_dagrun for example_short_circuit_operator to None, run_after=None
[2026-04-10T01:13:29.426+0000] {processor.py:208} INFO - Processing /home/airflow/.local/lib/python3.12/site-packages/airflow/example_dags/example_short_circuit_operator.py took 0.087 seconds
[2026-04-10T01:14:00.331+0000] {processor.py:186} INFO - Started process (PID=79091) to work on /home/airflow/.local/lib/python3.12/site-packages/airflow/example_dags/example_short_circuit_operator.py
[2026-04-10T01:14:00.332+0000] {processor.py:914} INFO - Processing file /home/airflow/.local/lib/python3.12/site-packages/airflow/example_dags/example_short_circuit_operator.py for tasks to queue
[2026-04-10T01:14:00.332+0000] {logging_mixin.py:190} INFO - [2026-04-10T01:14:00.332+0000] {dagbag.py:588} INFO - Filling up the DagBag from /home/airflow/.local/lib/python3.12/site-packages/airflow/example_dags/example_short_circuit_operator.py
[2026-04-10T01:14:00.335+0000] {processor.py:925} INFO - DAG(s) 'example_short_circuit_operator' retrieved from /home/airflow/.local/lib/python3.12/site-packages/airflow/example_dags/example_short_circuit_operator.py
[2026-04-10T01:14:00.343+0000] {logging_mixin.py:190} INFO - [2026-04-10T01:14:00.343+0000] {dag.py:3239} INFO - Sync 1 DAGs
[2026-04-10T01:14:00.348+0000] {logging_mixin.py:190} INFO - [2026-04-10T01:14:00.348+0000] {dag.py:4180} INFO - Setting next_dagrun for example_short_circuit_operator to None, run_after=None
[2026-04-10T01:14:00.359+0000] {processor.py:208} INFO - Processing /home/airflow/.local/lib/python3.12/site-packages/airflow/example_dags/example_short_circuit_operator.py took 0.030 seconds
[2026-04-10T01:29:26.806+0000] {processor.py:186} INFO - Started process (PID=79155) to work on /home/airflow/.local/lib/python3.12/site-packages/airflow/example_dags/example_short_circuit_operator.py
[2026-04-10T01:29:26.807+0000] {processor.py:914} INFO - Processing file /home/airflow/.local/lib/python3.12/site-packages/airflow/example_dags/example_short_circuit_operator.py for tasks to queue
[2026-04-10T01:29:26.807+0000] {logging_mixin.py:190} INFO - [2026-04-10T01:29:26.807+0000] {dagbag.py:588} INFO - Filling up the DagBag from /home/airflow/.local/lib/python3.12/site-packages/airflow/example_dags/example_short_circuit_operator.py
[2026-04-10T01:29:26.812+0000] {processor.py:925} INFO - DAG(s) 'example_short_circuit_operator' retrieved from /home/airflow/.local/lib/python3.12/site-packages/airflow/example_dags/example_short_circuit_operator.py
[2026-04-10T01:29:26.820+0000] {logging_mixin.py:190} INFO - [2026-04-10T01:29:26.820+0000] {dag.py:3239} INFO - Sync 1 DAGs
[2026-04-10T01:29:26.826+0000] {logging_mixin.py:190} INFO - [2026-04-10T01:29:26.825+0000] {dag.py:4180} INFO - Setting next_dagrun for example_short_circuit_operator to None, run_after=None
[2026-04-10T01:29:26.832+0000] {processor.py:208} INFO - Processing /home/airflow/.local/lib/python3.12/site-packages/airflow/example_dags/example_short_circuit_operator.py took 0.028 seconds
[2026-04-10T01:29:57.286+0000] {processor.py:186} INFO - Started process (PID=79219) to work on /home/airflow/.local/lib/python3.12/site-packages/airflow/example_dags/example_short_circuit_operator.py
[2026-04-10T01:29:57.287+0000] {processor.py:914} INFO - Processing file /home/airflow/.local/lib/python3.12/site-packages/airflow/example_dags/example_short_circuit_operator.py for tasks to queue
[2026-04-10T01:29:57.287+0000] {logging_mixin.py:190} INFO - [2026-04-10T01:29:57.287+0000] {dagbag.py:588} INFO - Filling up the DagBag from /home/airflow/.local/lib/python3.12/site-packages/airflow/example_dags/example_short_circuit_operator.py
[2026-04-10T01:29:57.291+0000] {processor.py:925} INFO - DAG(s) 'example_short_circuit_operator' retrieved from /home/airflow/.local/lib/python3.12/site-packages/airflow/example_dags/example_short_circuit_operator.py
[2026-04-10T01:29:57.300+0000] {logging_mixin.py:190} INFO - [2026-04-10T01:29:57.300+0000] {dag.py:3239} INFO - Sync 1 DAGs
[2026-04-10T01:29:57.305+0000] {logging_mixin.py:190} INFO - [2026-04-10T01:29:57.305+0000] {dag.py:4180} INFO - Setting next_dagrun for example_short_circuit_operator to None, run_after=None
[2026-04-10T01:29:57.311+0000] {processor.py:208} INFO - Processing /home/airflow/.local/lib/python3.12/site-packages/airflow/example_dags/example_short_circuit_operator.py took 0.027 seconds
[2026-04-10T01:43:16.590+0000] {processor.py:186} INFO - Started process (PID=79283) to work on /home/airflow/.local/lib/python3.12/site-packages/airflow/example_dags/example_short_circuit_operator.py
[2026-04-10T01:43:16.591+0000] {processor.py:914} INFO - Processing file /home/airflow/.local/lib/python3.12/site-packages/airflow/example_dags/example_short_circuit_operator.py for tasks to queue
[2026-04-10T01:43:16.592+0000] {logging_mixin.py:190} INFO - [2026-04-10T01:43:16.591+0000] {dagbag.py:588} INFO - Filling up the DagBag from /home/airflow/.local/lib/python3.12/site-packages/airflow/example_dags/example_short_circuit_operator.py
[2026-04-10T01:43:16.595+0000] {processor.py:925} INFO - DAG(s) 'example_short_circuit_operator' retrieved from /home/airflow/.local/lib/python3.12/site-packages/airflow/example_dags/example_short_circuit_operator.py
[2026-04-10T01:43:16.605+0000] {logging_mixin.py:190} INFO - [2026-04-10T01:43:16.605+0000] {dag.py:3239} INFO - Sync 1 DAGs
[2026-04-10T01:43:16.611+0000] {logging_mixin.py:190} INFO - [2026-04-10T01:43:16.611+0000] {dag.py:4180} INFO - Setting next_dagrun for example_short_circuit_operator to None, run_after=None
[2026-04-10T01:43:16.617+0000] {processor.py:208} INFO - Processing /home/airflow/.local/lib/python3.12/site-packages/airflow/example_dags/example_short_circuit_operator.py took 0.029 seconds
[2026-04-10T01:58:48.451+0000] {processor.py:186} INFO - Started process (PID=79347) to work on /home/airflow/.local/lib/python3.12/site-packages/airflow/example_dags/example_short_circuit_operator.py
[2026-04-10T01:58:48.452+0000] {processor.py:914} INFO - Processing file /home/airflow/.local/lib/python3.12/site-packages/airflow/example_dags/example_short_circuit_operator.py for tasks to queue
[2026-04-10T01:58:48.452+0000] {logging_mixin.py:190} INFO - [2026-04-10T01:58:48.452+0000] {dagbag.py:588} INFO - Filling up the DagBag from /home/airflow/.local/lib/python3.12/site-packages/airflow/example_dags/example_short_circuit_operator.py
[2026-04-10T01:58:48.455+0000] {processor.py:925} INFO - DAG(s) 'example_short_circuit_operator' retrieved from /home/airflow/.local/lib/python3.12/site-packages/airflow/example_dags/example_short_circuit_operator.py
[2026-04-10T01:58:48.464+0000] {logging_mixin.py:190} INFO - [2026-04-10T01:58:48.464+0000] {dag.py:3239} INFO - Sync 1 DAGs
[2026-04-10T01:58:48.469+0000] {logging_mixin.py:190} INFO - [2026-04-10T01:58:48.469+0000] {dag.py:4180} INFO - Setting next_dagrun for example_short_circuit_operator to None, run_after=None
[2026-04-10T01:58:48.475+0000] {processor.py:208} INFO - Processing /home/airflow/.local/lib/python3.12/site-packages/airflow/example_dags/example_short_circuit_operator.py took 0.026 seconds
[2026-04-10T01:59:19.699+0000] {processor.py:186} INFO - Started process (PID=79411) to work on /home/airflow/.local/lib/python3.12/site-packages/airflow/example_dags/example_short_circuit_operator.py
[2026-04-10T01:59:19.700+0000] {processor.py:914} INFO - Processing file /home/airflow/.local/lib/python3.12/site-packages/airflow/example_dags/example_short_circuit_operator.py for tasks to queue
[2026-04-10T01:59:19.700+0000] {logging_mixin.py:190} INFO - [2026-04-10T01:59:19.700+0000] {dagbag.py:588} INFO - Filling up the DagBag from /home/airflow/.local/lib/python3.12/site-packages/airflow/example_dags/example_short_circuit_operator.py
[2026-04-10T01:59:19.703+0000] {processor.py:925} INFO - DAG(s) 'example_short_circuit_operator' retrieved from /home/airflow/.local/lib/python3.12/site-packages/airflow/example_dags/example_short_circuit_operator.py
[2026-04-10T01:59:19.711+0000] {logging_mixin.py:190} INFO - [2026-04-10T01:59:19.711+0000] {dag.py:3239} INFO - Sync 1 DAGs
[2026-04-10T01:59:19.716+0000] {logging_mixin.py:190} INFO - [2026-04-10T01:59:19.716+0000] {dag.py:4180} INFO - Setting next_dagrun for example_short_circuit_operator to None, run_after=None
[2026-04-10T01:59:19.721+0000] {processor.py:208} INFO - Processing /home/airflow/.local/lib/python3.12/site-packages/airflow/example_dags/example_short_circuit_operator.py took 0.024 seconds
[2026-04-10T02:14:52.151+0000] {processor.py:186} INFO - Started process (PID=79475) to work on /home/airflow/.local/lib/python3.12/site-packages/airflow/example_dags/example_short_circuit_operator.py
[2026-04-10T02:14:52.151+0000] {processor.py:914} INFO - Processing file /home/airflow/.local/lib/python3.12/site-packages/airflow/example_dags/example_short_circuit_operator.py for tasks to queue
[2026-04-10T02:14:52.152+0000] {logging_mixin.py:190} INFO - [2026-04-10T02:14:52.152+0000] {dagbag.py:588} INFO - Filling up the DagBag from /home/airflow/.local/lib/python3.12/site-packages/airflow/example_dags/example_short_circuit_operator.py
[2026-04-10T02:14:52.155+0000] {processor.py:925} INFO - DAG(s) 'example_short_circuit_operator' retrieved from /home/airflow/.local/lib/python3.12/site-packages/airflow/example_dags/example_short_circuit_operator.py
[2026-04-10T02:14:52.163+0000] {logging_mixin.py:190} INFO - [2026-04-10T02:14:52.163+0000] {dag.py:3239} INFO - Sync 1 DAGs
[2026-04-10T02:14:52.168+0000] {logging_mixin.py:190} INFO - [2026-04-10T02:14:52.168+0000] {dag.py:4180} INFO - Setting next_dagrun for example_short_circuit_operator to None, run_after=None
[2026-04-10T02:14:52.174+0000] {processor.py:208} INFO - Processing /home/airflow/.local/lib/python3.12/site-packages/airflow/example_dags/example_short_circuit_operator.py took 0.025 seconds
[2026-04-10T02:20:02.900+0000] {processor.py:186} INFO - Started process (PID=79539) to work on /home/airflow/.local/lib/python3.12/site-packages/airflow/example_dags/example_short_circuit_operator.py
[2026-04-10T02:20:02.901+0000] {processor.py:914} INFO - Processing file /home/airflow/.local/lib/python3.12/site-packages/airflow/example_dags/example_short_circuit_operator.py for tasks to queue
[2026-04-10T02:20:02.902+0000] {logging_mixin.py:190} INFO - [2026-04-10T02:20:02.902+0000] {dagbag.py:588} INFO - Filling up the DagBag from /home/airflow/.local/lib/python3.12/site-packages/airflow/example_dags/example_short_circuit_operator.py
[2026-04-10T02:20:02.908+0000] {processor.py:925} INFO - DAG(s) 'example_short_circuit_operator' retrieved from /home/airflow/.local/lib/python3.12/site-packages/airflow/example_dags/example_short_circuit_operator.py
[2026-04-10T02:20:02.921+0000] {logging_mixin.py:190} INFO - [2026-04-10T02:20:02.921+0000] {dag.py:3239} INFO - Sync 1 DAGs
[2026-04-10T02:20:02.929+0000] {logging_mixin.py:190} INFO - [2026-04-10T02:20:02.929+0000] {dag.py:4180} INFO - Setting next_dagrun for example_short_circuit_operator to None, run_after=None
[2026-04-10T02:20:02.938+0000] {processor.py:208} INFO - Processing /home/airflow/.local/lib/python3.12/site-packages/airflow/example_dags/example_short_circuit_operator.py took 0.042 seconds
[2026-04-10T02:20:33.419+0000] {processor.py:186} INFO - Started process (PID=79603) to work on /home/airflow/.local/lib/python3.12/site-packages/airflow/example_dags/example_short_circuit_operator.py
[2026-04-10T02:20:33.420+0000] {processor.py:914} INFO - Processing file /home/airflow/.local/lib/python3.12/site-packages/airflow/example_dags/example_short_circuit_operator.py for tasks to queue
[2026-04-10T02:20:33.420+0000] {logging_mixin.py:190} INFO - [2026-04-10T02:20:33.420+0000] {dagbag.py:588} INFO - Filling up the DagBag from /home/airflow/.local/lib/python3.12/site-packages/airflow/example_dags/example_short_circuit_operator.py
[2026-04-10T02:20:33.424+0000] {processor.py:925} INFO - DAG(s) 'example_short_circuit_operator' retrieved from /home/airflow/.local/lib/python3.12/site-packages/airflow/example_dags/example_short_circuit_operator.py
[2026-04-10T02:20:33.432+0000] {logging_mixin.py:190} INFO - [2026-04-10T02:20:33.432+0000] {dag.py:3239} INFO - Sync 1 DAGs
[2026-04-10T02:20:33.437+0000] {logging_mixin.py:190} INFO - [2026-04-10T02:20:33.437+0000] {dag.py:4180} INFO - Setting next_dagrun for example_short_circuit_operator to None, run_after=None
[2026-04-10T02:20:33.443+0000] {processor.py:208} INFO - Processing /home/airflow/.local/lib/python3.12/site-packages/airflow/example_dags/example_short_circuit_operator.py took 0.026 seconds
[2026-04-10T02:38:22.294+0000] {processor.py:186} INFO - Started process (PID=79667) to work on /home/airflow/.local/lib/python3.12/site-packages/airflow/example_dags/example_short_circuit_operator.py
[2026-04-10T02:38:22.294+0000] {processor.py:914} INFO - Processing file /home/airflow/.local/lib/python3.12/site-packages/airflow/example_dags/example_short_circuit_operator.py for tasks to queue
[2026-04-10T02:38:22.295+0000] {logging_mixin.py:190} INFO - [2026-04-10T02:38:22.295+0000] {dagbag.py:588} INFO - Filling up the DagBag from /home/airflow/.local/lib/python3.12/site-packages/airflow/example_dags/example_short_circuit_operator.py
[2026-04-10T02:38:22.299+0000] {processor.py:925} INFO - DAG(s) 'example_short_circuit_operator' retrieved from /home/airflow/.local/lib/python3.12/site-packages/airflow/example_dags/example_short_circuit_operator.py
[2026-04-10T02:38:22.308+0000] {logging_mixin.py:190} INFO - [2026-04-10T02:38:22.308+0000] {dag.py:3239} INFO - Sync 1 DAGs
[2026-04-10T02:38:22.314+0000] {logging_mixin.py:190} INFO - [2026-04-10T02:38:22.314+0000] {dag.py:4180} INFO - Setting next_dagrun for example_short_circuit_operator to None, run_after=None
[2026-04-10T02:38:22.320+0000] {processor.py:208} INFO - Processing /home/airflow/.local/lib/python3.12/site-packages/airflow/example_dags/example_short_circuit_operator.py took 0.029 seconds
[2026-04-10T02:44:09.148+0000] {processor.py:186} INFO - Started process (PID=79731) to work on /home/airflow/.local/lib/python3.12/site-packages/airflow/example_dags/example_short_circuit_operator.py
[2026-04-10T02:44:09.149+0000] {processor.py:914} INFO - Processing file /home/airflow/.local/lib/python3.12/site-packages/airflow/example_dags/example_short_circuit_operator.py for tasks to queue
[2026-04-10T02:44:09.149+0000] {logging_mixin.py:190} INFO - [2026-04-10T02:44:09.149+0000] {dagbag.py:588} INFO - Filling up the DagBag from /home/airflow/.local/lib/python3.12/site-packages/airflow/example_dags/example_short_circuit_operator.py
[2026-04-10T02:44:09.153+0000] {processor.py:925} INFO - DAG(s) 'example_short_circuit_operator' retrieved from /home/airflow/.local/lib/python3.12/site-packages/airflow/example_dags/example_short_circuit_operator.py
[2026-04-10T02:44:09.161+0000] {logging_mixin.py:190} INFO - [2026-04-10T02:44:09.161+0000] {dag.py:3239} INFO - Sync 1 DAGs
[2026-04-10T02:44:09.166+0000] {logging_mixin.py:190} INFO - [2026-04-10T02:44:09.166+0000] {dag.py:4180} INFO - Setting next_dagrun for example_short_circuit_operator to None, run_after=None
[2026-04-10T02:44:09.171+0000] {processor.py:208} INFO - Processing /home/airflow/.local/lib/python3.12/site-packages/airflow/example_dags/example_short_circuit_operator.py took 0.025 seconds
[2026-04-10T02:59:40.757+0000] {processor.py:186} INFO - Started process (PID=79795) to work on /home/airflow/.local/lib/python3.12/site-packages/airflow/example_dags/example_short_circuit_operator.py
[2026-04-10T02:59:40.758+0000] {processor.py:914} INFO - Processing file /home/airflow/.local/lib/python3.12/site-packages/airflow/example_dags/example_short_circuit_operator.py for tasks to queue
[2026-04-10T02:59:40.758+0000] {logging_mixin.py:190} INFO - [2026-04-10T02:59:40.758+0000] {dagbag.py:588} INFO - Filling up the DagBag from /home/airflow/.local/lib/python3.12/site-packages/airflow/example_dags/example_short_circuit_operator.py
[2026-04-10T02:59:40.762+0000] {processor.py:925} INFO - DAG(s) 'example_short_circuit_operator' retrieved from /home/airflow/.local/lib/python3.12/site-packages/airflow/example_dags/example_short_circuit_operator.py
[2026-04-10T02:59:40.771+0000] {logging_mixin.py:190} INFO - [2026-04-10T02:59:40.771+0000] {dag.py:3239} INFO - Sync 1 DAGs
[2026-04-10T02:59:40.776+0000] {logging_mixin.py:190} INFO - [2026-04-10T02:59:40.776+0000] {dag.py:4180} INFO - Setting next_dagrun for example_short_circuit_operator to None, run_after=None
[2026-04-10T02:59:40.782+0000] {processor.py:208} INFO - Processing /home/airflow/.local/lib/python3.12/site-packages/airflow/example_dags/example_short_circuit_operator.py took 0.027 seconds
[2026-04-10T03:00:11.063+0000] {processor.py:186} INFO - Started process (PID=79859) to work on /home/airflow/.local/lib/python3.12/site-packages/airflow/example_dags/example_short_circuit_operator.py
[2026-04-10T03:00:11.063+0000] {processor.py:914} INFO - Processing file /home/airflow/.local/lib/python3.12/site-packages/airflow/example_dags/example_short_circuit_operator.py for tasks to queue
[2026-04-10T03:00:11.064+0000] {logging_mixin.py:190} INFO - [2026-04-10T03:00:11.064+0000] {dagbag.py:588} INFO - Filling up the DagBag from /home/airflow/.local/lib/python3.12/site-packages/airflow/example_dags/example_short_circuit_operator.py
[2026-04-10T03:00:11.068+0000] {processor.py:925} INFO - DAG(s) 'example_short_circuit_operator' retrieved from /home/airflow/.local/lib/python3.12/site-packages/airflow/example_dags/example_short_circuit_operator.py
[2026-04-10T03:00:11.076+0000] {logging_mixin.py:190} INFO - [2026-04-10T03:00:11.076+0000] {dag.py:3239} INFO - Sync 1 DAGs
[2026-04-10T03:00:11.081+0000] {logging_mixin.py:190} INFO - [2026-04-10T03:00:11.081+0000] {dag.py:4180} INFO - Setting next_dagrun for example_short_circuit_operator to None, run_after=None
[2026-04-10T03:00:11.087+0000] {processor.py:208} INFO - Processing /home/airflow/.local/lib/python3.12/site-packages/airflow/example_dags/example_short_circuit_operator.py took 0.026 seconds
[2026-04-10T03:15:41.867+0000] {processor.py:186} INFO - Started process (PID=79923) to work on /home/airflow/.local/lib/python3.12/site-packages/airflow/example_dags/example_short_circuit_operator.py
[2026-04-10T03:15:41.867+0000] {processor.py:914} INFO - Processing file /home/airflow/.local/lib/python3.12/site-packages/airflow/example_dags/example_short_circuit_operator.py for tasks to queue
[2026-04-10T03:15:41.868+0000] {logging_mixin.py:190} INFO - [2026-04-10T03:15:41.867+0000] {dagbag.py:588} INFO - Filling up the DagBag from /home/airflow/.local/lib/python3.12/site-packages/airflow/example_dags/example_short_circuit_operator.py
[2026-04-10T03:15:41.871+0000] {processor.py:925} INFO - DAG(s) 'example_short_circuit_operator' retrieved from /home/airflow/.local/lib/python3.12/site-packages/airflow/example_dags/example_short_circuit_operator.py
[2026-04-10T03:15:41.880+0000] {logging_mixin.py:190} INFO - [2026-04-10T03:15:41.879+0000] {dag.py:3239} INFO - Sync 1 DAGs
[2026-04-10T03:15:41.886+0000] {logging_mixin.py:190} INFO - [2026-04-10T03:15:41.886+0000] {dag.py:4180} INFO - Setting next_dagrun for example_short_circuit_operator to None, run_after=None
[2026-04-10T03:15:41.896+0000] {processor.py:208} INFO - Processing /home/airflow/.local/lib/python3.12/site-packages/airflow/example_dags/example_short_circuit_operator.py took 0.032 seconds
[2026-04-10T03:23:21.433+0000] {processor.py:186} INFO - Started process (PID=79987) to work on /home/airflow/.local/lib/python3.12/site-packages/airflow/example_dags/example_short_circuit_operator.py
[2026-04-10T03:23:21.433+0000] {processor.py:914} INFO - Processing file /home/airflow/.local/lib/python3.12/site-packages/airflow/example_dags/example_short_circuit_operator.py for tasks to queue
[2026-04-10T03:23:21.434+0000] {logging_mixin.py:190} INFO - [2026-04-10T03:23:21.434+0000] {dagbag.py:588} INFO - Filling up the DagBag from /home/airflow/.local/lib/python3.12/site-packages/airflow/example_dags/example_short_circuit_operator.py
[2026-04-10T03:23:21.438+0000] {processor.py:925} INFO - DAG(s) 'example_short_circuit_operator' retrieved from /home/airflow/.local/lib/python3.12/site-packages/airflow/example_dags/example_short_circuit_operator.py
[2026-04-10T03:23:21.446+0000] {logging_mixin.py:190} INFO - [2026-04-10T03:23:21.446+0000] {dag.py:3239} INFO - Sync 1 DAGs
[2026-04-10T03:23:21.455+0000] {logging_mixin.py:190} INFO - [2026-04-10T03:23:21.455+0000] {dag.py:4180} INFO - Setting next_dagrun for example_short_circuit_operator to None, run_after=None
[2026-04-10T03:23:21.461+0000] {processor.py:208} INFO - Processing /home/airflow/.local/lib/python3.12/site-packages/airflow/example_dags/example_short_circuit_operator.py took 0.031 seconds
[2026-04-10T03:23:52.174+0000] {processor.py:186} INFO - Started process (PID=80051) to work on /home/airflow/.local/lib/python3.12/site-packages/airflow/example_dags/example_short_circuit_operator.py
[2026-04-10T03:23:52.177+0000] {processor.py:914} INFO - Processing file /home/airflow/.local/lib/python3.12/site-packages/airflow/example_dags/example_short_circuit_operator.py for tasks to queue
[2026-04-10T03:23:52.179+0000] {logging_mixin.py:190} INFO - [2026-04-10T03:23:52.178+0000] {dagbag.py:588} INFO - Filling up the DagBag from /home/airflow/.local/lib/python3.12/site-packages/airflow/example_dags/example_short_circuit_operator.py
[2026-04-10T03:23:52.191+0000] {processor.py:925} INFO - DAG(s) 'example_short_circuit_operator' retrieved from /home/airflow/.local/lib/python3.12/site-packages/airflow/example_dags/example_short_circuit_operator.py
[2026-04-10T03:23:52.210+0000] {logging_mixin.py:190} INFO - [2026-04-10T03:23:52.210+0000] {dag.py:3239} INFO - Sync 1 DAGs
[2026-04-10T03:23:52.222+0000] {logging_mixin.py:190} INFO - [2026-04-10T03:23:52.222+0000] {dag.py:4180} INFO - Setting next_dagrun for example_short_circuit_operator to None, run_after=None
[2026-04-10T03:23:52.242+0000] {processor.py:208} INFO - Processing /home/airflow/.local/lib/python3.12/site-packages/airflow/example_dags/example_short_circuit_operator.py took 0.095 seconds
[2026-04-10T03:24:22.690+0000] {processor.py:186} INFO - Started process (PID=80115) to work on /home/airflow/.local/lib/python3.12/site-packages/airflow/example_dags/example_short_circuit_operator.py
[2026-04-10T03:24:22.690+0000] {processor.py:914} INFO - Processing file /home/airflow/.local/lib/python3.12/site-packages/airflow/example_dags/example_short_circuit_operator.py for tasks to queue
[2026-04-10T03:24:22.690+0000] {logging_mixin.py:190} INFO - [2026-04-10T03:24:22.690+0000] {dagbag.py:588} INFO - Filling up the DagBag from /home/airflow/.local/lib/python3.12/site-packages/airflow/example_dags/example_short_circuit_operator.py
[2026-04-10T03:24:22.695+0000] {processor.py:925} INFO - DAG(s) 'example_short_circuit_operator' retrieved from /home/airflow/.local/lib/python3.12/site-packages/airflow/example_dags/example_short_circuit_operator.py
[2026-04-10T03:24:22.712+0000] {logging_mixin.py:190} INFO - [2026-04-10T03:24:22.712+0000] {dag.py:3239} INFO - Sync 1 DAGs
[2026-04-10T03:24:22.721+0000] {logging_mixin.py:190} INFO - [2026-04-10T03:24:22.721+0000] {dag.py:4180} INFO - Setting next_dagrun for example_short_circuit_operator to None, run_after=None
[2026-04-10T03:24:22.732+0000] {processor.py:208} INFO - Processing /home/airflow/.local/lib/python3.12/site-packages/airflow/example_dags/example_short_circuit_operator.py took 0.045 seconds
[2026-04-10T03:24:52.955+0000] {processor.py:186} INFO - Started process (PID=80179) to work on /home/airflow/.local/lib/python3.12/site-packages/airflow/example_dags/example_short_circuit_operator.py
[2026-04-10T03:24:52.956+0000] {processor.py:914} INFO - Processing file /home/airflow/.local/lib/python3.12/site-packages/airflow/example_dags/example_short_circuit_operator.py for tasks to queue
[2026-04-10T03:24:52.956+0000] {logging_mixin.py:190} INFO - [2026-04-10T03:24:52.956+0000] {dagbag.py:588} INFO - Filling up the DagBag from /home/airflow/.local/lib/python3.12/site-packages/airflow/example_dags/example_short_circuit_operator.py
[2026-04-10T03:24:52.960+0000] {processor.py:925} INFO - DAG(s) 'example_short_circuit_operator' retrieved from /home/airflow/.local/lib/python3.12/site-packages/airflow/example_dags/example_short_circuit_operator.py
[2026-04-10T03:24:52.971+0000] {logging_mixin.py:190} INFO - [2026-04-10T03:24:52.970+0000] {dag.py:3239} INFO - Sync 1 DAGs
[2026-04-10T03:24:52.999+0000] {logging_mixin.py:190} INFO - [2026-04-10T03:24:52.998+0000] {dag.py:4180} INFO - Setting next_dagrun for example_short_circuit_operator to None, run_after=None
[2026-04-10T03:24:53.011+0000] {processor.py:208} INFO - Processing /home/airflow/.local/lib/python3.12/site-packages/airflow/example_dags/example_short_circuit_operator.py took 0.060 seconds
[2026-04-10T03:25:23.392+0000] {processor.py:186} INFO - Started process (PID=80243) to work on /home/airflow/.local/lib/python3.12/site-packages/airflow/example_dags/example_short_circuit_operator.py
[2026-04-10T03:25:23.393+0000] {processor.py:914} INFO - Processing file /home/airflow/.local/lib/python3.12/site-packages/airflow/example_dags/example_short_circuit_operator.py for tasks to queue
[2026-04-10T03:25:23.393+0000] {logging_mixin.py:190} INFO - [2026-04-10T03:25:23.393+0000] {dagbag.py:588} INFO - Filling up the DagBag from /home/airflow/.local/lib/python3.12/site-packages/airflow/example_dags/example_short_circuit_operator.py
[2026-04-10T03:25:23.397+0000] {processor.py:925} INFO - DAG(s) 'example_short_circuit_operator' retrieved from /home/airflow/.local/lib/python3.12/site-packages/airflow/example_dags/example_short_circuit_operator.py
[2026-04-10T03:25:23.405+0000] {logging_mixin.py:190} INFO - [2026-04-10T03:25:23.405+0000] {dag.py:3239} INFO - Sync 1 DAGs
[2026-04-10T03:25:23.410+0000] {logging_mixin.py:190} INFO - [2026-04-10T03:25:23.410+0000] {dag.py:4180} INFO - Setting next_dagrun for example_short_circuit_operator to None, run_after=None
[2026-04-10T03:25:23.415+0000] {processor.py:208} INFO - Processing /home/airflow/.local/lib/python3.12/site-packages/airflow/example_dags/example_short_circuit_operator.py took 0.025 seconds
[2026-04-10T03:25:53.929+0000] {processor.py:186} INFO - Started process (PID=80307) to work on /home/airflow/.local/lib/python3.12/site-packages/airflow/example_dags/example_short_circuit_operator.py
[2026-04-10T03:25:53.929+0000] {processor.py:914} INFO - Processing file /home/airflow/.local/lib/python3.12/site-packages/airflow/example_dags/example_short_circuit_operator.py for tasks to queue
[2026-04-10T03:25:53.929+0000] {logging_mixin.py:190} INFO - [2026-04-10T03:25:53.929+0000] {dagbag.py:588} INFO - Filling up the DagBag from /home/airflow/.local/lib/python3.12/site-packages/airflow/example_dags/example_short_circuit_operator.py
[2026-04-10T03:25:53.933+0000] {processor.py:925} INFO - DAG(s) 'example_short_circuit_operator' retrieved from /home/airflow/.local/lib/python3.12/site-packages/airflow/example_dags/example_short_circuit_operator.py
[2026-04-10T03:25:53.941+0000] {logging_mixin.py:190} INFO - [2026-04-10T03:25:53.941+0000] {dag.py:3239} INFO - Sync 1 DAGs
[2026-04-10T03:25:53.946+0000] {logging_mixin.py:190} INFO - [2026-04-10T03:25:53.946+0000] {dag.py:4180} INFO - Setting next_dagrun for example_short_circuit_operator to None, run_after=None
[2026-04-10T03:25:53.955+0000] {processor.py:208} INFO - Processing /home/airflow/.local/lib/python3.12/site-packages/airflow/example_dags/example_short_circuit_operator.py took 0.029 seconds
[2026-04-10T03:26:25.174+0000] {processor.py:186} INFO - Started process (PID=80371) to work on /home/airflow/.local/lib/python3.12/site-packages/airflow/example_dags/example_short_circuit_operator.py
[2026-04-10T03:26:25.174+0000] {processor.py:914} INFO - Processing file /home/airflow/.local/lib/python3.12/site-packages/airflow/example_dags/example_short_circuit_operator.py for tasks to queue
[2026-04-10T03:26:25.175+0000] {logging_mixin.py:190} INFO - [2026-04-10T03:26:25.174+0000] {dagbag.py:588} INFO - Filling up the DagBag from /home/airflow/.local/lib/python3.12/site-packages/airflow/example_dags/example_short_circuit_operator.py
[2026-04-10T03:26:25.178+0000] {processor.py:925} INFO - DAG(s) 'example_short_circuit_operator' retrieved from /home/airflow/.local/lib/python3.12/site-packages/airflow/example_dags/example_short_circuit_operator.py
[2026-04-10T03:26:25.186+0000] {logging_mixin.py:190} INFO - [2026-04-10T03:26:25.186+0000] {dag.py:3239} INFO - Sync 1 DAGs
[2026-04-10T03:26:25.192+0000] {logging_mixin.py:190} INFO - [2026-04-10T03:26:25.192+0000] {dag.py:4180} INFO - Setting next_dagrun for example_short_circuit_operator to None, run_after=None
[2026-04-10T03:26:25.197+0000] {processor.py:208} INFO - Processing /home/airflow/.local/lib/python3.12/site-packages/airflow/example_dags/example_short_circuit_operator.py took 0.026 seconds
[2026-04-10T03:26:55.593+0000] {processor.py:186} INFO - Started process (PID=80435) to work on /home/airflow/.local/lib/python3.12/site-packages/airflow/example_dags/example_short_circuit_operator.py
[2026-04-10T03:26:55.593+0000] {processor.py:914} INFO - Processing file /home/airflow/.local/lib/python3.12/site-packages/airflow/example_dags/example_short_circuit_operator.py for tasks to queue
[2026-04-10T03:26:55.594+0000] {logging_mixin.py:190} INFO - [2026-04-10T03:26:55.593+0000] {dagbag.py:588} INFO - Filling up the DagBag from /home/airflow/.local/lib/python3.12/site-packages/airflow/example_dags/example_short_circuit_operator.py
[2026-04-10T03:26:55.598+0000] {processor.py:925} INFO - DAG(s) 'example_short_circuit_operator' retrieved from /home/airflow/.local/lib/python3.12/site-packages/airflow/example_dags/example_short_circuit_operator.py
[2026-04-10T03:26:55.607+0000] {logging_mixin.py:190} INFO - [2026-04-10T03:26:55.607+0000] {dag.py:3239} INFO - Sync 1 DAGs
[2026-04-10T03:26:55.613+0000] {logging_mixin.py:190} INFO - [2026-04-10T03:26:55.613+0000] {dag.py:4180} INFO - Setting next_dagrun for example_short_circuit_operator to None, run_after=None
[2026-04-10T03:26:55.620+0000] {processor.py:208} INFO - Processing /home/airflow/.local/lib/python3.12/site-packages/airflow/example_dags/example_short_circuit_operator.py took 0.030 seconds
[2026-04-10T03:27:25.903+0000] {processor.py:186} INFO - Started process (PID=80499) to work on /home/airflow/.local/lib/python3.12/site-packages/airflow/example_dags/example_short_circuit_operator.py
[2026-04-10T03:27:25.904+0000] {processor.py:914} INFO - Processing file /home/airflow/.local/lib/python3.12/site-packages/airflow/example_dags/example_short_circuit_operator.py for tasks to queue
[2026-04-10T03:27:25.905+0000] {logging_mixin.py:190} INFO - [2026-04-10T03:27:25.905+0000] {dagbag.py:588} INFO - Filling up the DagBag from /home/airflow/.local/lib/python3.12/site-packages/airflow/example_dags/example_short_circuit_operator.py
[2026-04-10T03:27:25.909+0000] {processor.py:925} INFO - DAG(s) 'example_short_circuit_operator' retrieved from /home/airflow/.local/lib/python3.12/site-packages/airflow/example_dags/example_short_circuit_operator.py
[2026-04-10T03:27:25.918+0000] {logging_mixin.py:190} INFO - [2026-04-10T03:27:25.918+0000] {dag.py:3239} INFO - Sync 1 DAGs
[2026-04-10T03:27:25.923+0000] {logging_mixin.py:190} INFO - [2026-04-10T03:27:25.923+0000] {dag.py:4180} INFO - Setting next_dagrun for example_short_circuit_operator to None, run_after=None
[2026-04-10T03:27:25.928+0000] {processor.py:208} INFO - Processing /home/airflow/.local/lib/python3.12/site-packages/airflow/example_dags/example_short_circuit_operator.py took 0.027 seconds
[2026-04-10T03:27:56.402+0000] {processor.py:186} INFO - Started process (PID=80563) to work on /home/airflow/.local/lib/python3.12/site-packages/airflow/example_dags/example_short_circuit_operator.py
[2026-04-10T03:27:56.402+0000] {processor.py:914} INFO - Processing file /home/airflow/.local/lib/python3.12/site-packages/airflow/example_dags/example_short_circuit_operator.py for tasks to queue
[2026-04-10T03:27:56.403+0000] {logging_mixin.py:190} INFO - [2026-04-10T03:27:56.403+0000] {dagbag.py:588} INFO - Filling up the DagBag from /home/airflow/.local/lib/python3.12/site-packages/airflow/example_dags/example_short_circuit_operator.py
[2026-04-10T03:27:56.407+0000] {processor.py:925} INFO - DAG(s) 'example_short_circuit_operator' retrieved from /home/airflow/.local/lib/python3.12/site-packages/airflow/example_dags/example_short_circuit_operator.py
[2026-04-10T03:27:56.415+0000] {logging_mixin.py:190} INFO - [2026-04-10T03:27:56.415+0000] {dag.py:3239} INFO - Sync 1 DAGs
[2026-04-10T03:27:56.421+0000] {logging_mixin.py:190} INFO - [2026-04-10T03:27:56.421+0000] {dag.py:4180} INFO - Setting next_dagrun for example_short_circuit_operator to None, run_after=None
[2026-04-10T03:27:56.427+0000] {processor.py:208} INFO - Processing /home/airflow/.local/lib/python3.12/site-packages/airflow/example_dags/example_short_circuit_operator.py took 0.029 seconds
[2026-04-10T03:28:27.058+0000] {processor.py:186} INFO - Started process (PID=80627) to work on /home/airflow/.local/lib/python3.12/site-packages/airflow/example_dags/example_short_circuit_operator.py
[2026-04-10T03:28:27.058+0000] {processor.py:914} INFO - Processing file /home/airflow/.local/lib/python3.12/site-packages/airflow/example_dags/example_short_circuit_operator.py for tasks to queue
[2026-04-10T03:28:27.059+0000] {logging_mixin.py:190} INFO - [2026-04-10T03:28:27.059+0000] {dagbag.py:588} INFO - Filling up the DagBag from /home/airflow/.local/lib/python3.12/site-packages/airflow/example_dags/example_short_circuit_operator.py
[2026-04-10T03:28:27.063+0000] {processor.py:925} INFO - DAG(s) 'example_short_circuit_operator' retrieved from /home/airflow/.local/lib/python3.12/site-packages/airflow/example_dags/example_short_circuit_operator.py
[2026-04-10T03:28:27.071+0000] {logging_mixin.py:190} INFO - [2026-04-10T03:28:27.071+0000] {dag.py:3239} INFO - Sync 1 DAGs
[2026-04-10T03:28:27.076+0000] {logging_mixin.py:190} INFO - [2026-04-10T03:28:27.076+0000] {dag.py:4180} INFO - Setting next_dagrun for example_short_circuit_operator to None, run_after=None
[2026-04-10T03:28:27.084+0000] {processor.py:208} INFO - Processing /home/airflow/.local/lib/python3.12/site-packages/airflow/example_dags/example_short_circuit_operator.py took 0.029 seconds
[2026-04-10T03:28:57.453+0000] {processor.py:186} INFO - Started process (PID=80690) to work on /home/airflow/.local/lib/python3.12/site-packages/airflow/example_dags/example_short_circuit_operator.py
[2026-04-10T03:28:57.454+0000] {processor.py:914} INFO - Processing file /home/airflow/.local/lib/python3.12/site-packages/airflow/example_dags/example_short_circuit_operator.py for tasks to queue
[2026-04-10T03:28:57.454+0000] {logging_mixin.py:190} INFO - [2026-04-10T03:28:57.454+0000] {dagbag.py:588} INFO - Filling up the DagBag from /home/airflow/.local/lib/python3.12/site-packages/airflow/example_dags/example_short_circuit_operator.py
[2026-04-10T03:28:57.458+0000] {processor.py:925} INFO - DAG(s) 'example_short_circuit_operator' retrieved from /home/airflow/.local/lib/python3.12/site-packages/airflow/example_dags/example_short_circuit_operator.py
[2026-04-10T03:28:57.466+0000] {logging_mixin.py:190} INFO - [2026-04-10T03:28:57.466+0000] {dag.py:3239} INFO - Sync 1 DAGs
[2026-04-10T03:28:57.471+0000] {logging_mixin.py:190} INFO - [2026-04-10T03:28:57.471+0000] {dag.py:4180} INFO - Setting next_dagrun for example_short_circuit_operator to None, run_after=None
[2026-04-10T03:28:57.482+0000] {processor.py:208} INFO - Processing /home/airflow/.local/lib/python3.12/site-packages/airflow/example_dags/example_short_circuit_operator.py took 0.032 seconds
[2026-04-10T03:29:27.845+0000] {processor.py:186} INFO - Started process (PID=80754) to work on /home/airflow/.local/lib/python3.12/site-packages/airflow/example_dags/example_short_circuit_operator.py
[2026-04-10T03:29:27.845+0000] {processor.py:914} INFO - Processing file /home/airflow/.local/lib/python3.12/site-packages/airflow/example_dags/example_short_circuit_operator.py for tasks to queue
[2026-04-10T03:29:27.846+0000] {logging_mixin.py:190} INFO - [2026-04-10T03:29:27.846+0000] {dagbag.py:588} INFO - Filling up the DagBag from /home/airflow/.local/lib/python3.12/site-packages/airflow/example_dags/example_short_circuit_operator.py
[2026-04-10T03:29:27.849+0000] {processor.py:925} INFO - DAG(s) 'example_short_circuit_operator' retrieved from /home/airflow/.local/lib/python3.12/site-packages/airflow/example_dags/example_short_circuit_operator.py
[2026-04-10T03:29:27.862+0000] {logging_mixin.py:190} INFO - [2026-04-10T03:29:27.862+0000] {dag.py:3239} INFO - Sync 1 DAGs
[2026-04-10T03:29:27.869+0000] {logging_mixin.py:190} INFO - [2026-04-10T03:29:27.869+0000] {dag.py:4180} INFO - Setting next_dagrun for example_short_circuit_operator to None, run_after=None
[2026-04-10T03:29:27.877+0000] {processor.py:208} INFO - Processing /home/airflow/.local/lib/python3.12/site-packages/airflow/example_dags/example_short_circuit_operator.py took 0.034 seconds
[2026-04-10T03:29:58.515+0000] {processor.py:186} INFO - Started process (PID=80818) to work on /home/airflow/.local/lib/python3.12/site-packages/airflow/example_dags/example_short_circuit_operator.py
[2026-04-10T03:29:58.516+0000] {processor.py:914} INFO - Processing file /home/airflow/.local/lib/python3.12/site-packages/airflow/example_dags/example_short_circuit_operator.py for tasks to queue
[2026-04-10T03:29:58.516+0000] {logging_mixin.py:190} INFO - [2026-04-10T03:29:58.516+0000] {dagbag.py:588} INFO - Filling up the DagBag from /home/airflow/.local/lib/python3.12/site-packages/airflow/example_dags/example_short_circuit_operator.py
[2026-04-10T03:29:58.520+0000] {processor.py:925} INFO - DAG(s) 'example_short_circuit_operator' retrieved from /home/airflow/.local/lib/python3.12/site-packages/airflow/example_dags/example_short_circuit_operator.py
[2026-04-10T03:29:58.529+0000] {logging_mixin.py:190} INFO - [2026-04-10T03:29:58.529+0000] {dag.py:3239} INFO - Sync 1 DAGs
[2026-04-10T03:29:58.535+0000] {logging_mixin.py:190} INFO - [2026-04-10T03:29:58.535+0000] {dag.py:4180} INFO - Setting next_dagrun for example_short_circuit_operator to None, run_after=None
[2026-04-10T03:29:58.542+0000] {processor.py:208} INFO - Processing /home/airflow/.local/lib/python3.12/site-packages/airflow/example_dags/example_short_circuit_operator.py took 0.030 seconds
[2026-04-10T03:30:28.731+0000] {processor.py:186} INFO - Started process (PID=80881) to work on /home/airflow/.local/lib/python3.12/site-packages/airflow/example_dags/example_short_circuit_operator.py
[2026-04-10T03:30:28.732+0000] {processor.py:914} INFO - Processing file /home/airflow/.local/lib/python3.12/site-packages/airflow/example_dags/example_short_circuit_operator.py for tasks to queue
[2026-04-10T03:30:28.733+0000] {logging_mixin.py:190} INFO - [2026-04-10T03:30:28.733+0000] {dagbag.py:588} INFO - Filling up the DagBag from /home/airflow/.local/lib/python3.12/site-packages/airflow/example_dags/example_short_circuit_operator.py
[2026-04-10T03:30:28.737+0000] {processor.py:925} INFO - DAG(s) 'example_short_circuit_operator' retrieved from /home/airflow/.local/lib/python3.12/site-packages/airflow/example_dags/example_short_circuit_operator.py
[2026-04-10T03:30:28.744+0000] {logging_mixin.py:190} INFO - [2026-04-10T03:30:28.744+0000] {dag.py:3239} INFO - Sync 1 DAGs
[2026-04-10T03:30:28.751+0000] {logging_mixin.py:190} INFO - [2026-04-10T03:30:28.751+0000] {dag.py:4180} INFO - Setting next_dagrun for example_short_circuit_operator to None, run_after=None
[2026-04-10T03:30:28.765+0000] {processor.py:208} INFO - Processing /home/airflow/.local/lib/python3.12/site-packages/airflow/example_dags/example_short_circuit_operator.py took 0.037 seconds
[2026-04-10T03:30:58.992+0000] {processor.py:186} INFO - Started process (PID=80945) to work on /home/airflow/.local/lib/python3.12/site-packages/airflow/example_dags/example_short_circuit_operator.py
[2026-04-10T03:30:58.993+0000] {processor.py:914} INFO - Processing file /home/airflow/.local/lib/python3.12/site-packages/airflow/example_dags/example_short_circuit_operator.py for tasks to queue
[2026-04-10T03:30:58.993+0000] {logging_mixin.py:190} INFO - [2026-04-10T03:30:58.993+0000] {dagbag.py:588} INFO - Filling up the DagBag from /home/airflow/.local/lib/python3.12/site-packages/airflow/example_dags/example_short_circuit_operator.py
[2026-04-10T03:30:58.997+0000] {processor.py:925} INFO - DAG(s) 'example_short_circuit_operator' retrieved from /home/airflow/.local/lib/python3.12/site-packages/airflow/example_dags/example_short_circuit_operator.py
[2026-04-10T03:30:59.006+0000] {logging_mixin.py:190} INFO - [2026-04-10T03:30:59.006+0000] {dag.py:3239} INFO - Sync 1 DAGs
[2026-04-10T03:30:59.011+0000] {logging_mixin.py:190} INFO - [2026-04-10T03:30:59.011+0000] {dag.py:4180} INFO - Setting next_dagrun for example_short_circuit_operator to None, run_after=None
[2026-04-10T03:30:59.018+0000] {processor.py:208} INFO - Processing /home/airflow/.local/lib/python3.12/site-packages/airflow/example_dags/example_short_circuit_operator.py took 0.029 seconds
