[2026-04-10T00:07:15.263+0000] {processor.py:186} INFO - Started process (PID=78566) to work on /home/airflow/.local/lib/python3.12/site-packages/airflow/example_dags/example_bash_operator.py
[2026-04-10T00:07:15.263+0000] {processor.py:914} INFO - Processing file /home/airflow/.local/lib/python3.12/site-packages/airflow/example_dags/example_bash_operator.py for tasks to queue
[2026-04-10T00:07:15.265+0000] {logging_mixin.py:190} INFO - [2026-04-10T00:07:15.264+0000] {dagbag.py:588} INFO - Filling up the DagBag from /home/airflow/.local/lib/python3.12/site-packages/airflow/example_dags/example_bash_operator.py
[2026-04-10T00:07:15.273+0000] {processor.py:925} INFO - DAG(s) 'example_bash_operator' retrieved from /home/airflow/.local/lib/python3.12/site-packages/airflow/example_dags/example_bash_operator.py
[2026-04-10T00:07:15.287+0000] {logging_mixin.py:190} INFO - [2026-04-10T00:07:15.287+0000] {dag.py:3239} INFO - Sync 1 DAGs
[2026-04-10T00:07:15.300+0000] {logging_mixin.py:190} INFO - [2026-04-10T00:07:15.300+0000] {dag.py:4180} INFO - Setting next_dagrun for example_bash_operator to 2026-04-09 00:00:00+00:00, run_after=2026-04-10 00:00:00+00:00
[2026-04-10T00:07:15.308+0000] {processor.py:208} INFO - Processing /home/airflow/.local/lib/python3.12/site-packages/airflow/example_dags/example_bash_operator.py took 0.048 seconds
[2026-04-10T00:22:48.148+0000] {processor.py:186} INFO - Started process (PID=78630) to work on /home/airflow/.local/lib/python3.12/site-packages/airflow/example_dags/example_bash_operator.py
[2026-04-10T00:22:48.149+0000] {processor.py:914} INFO - Processing file /home/airflow/.local/lib/python3.12/site-packages/airflow/example_dags/example_bash_operator.py for tasks to queue
[2026-04-10T00:22:48.149+0000] {logging_mixin.py:190} INFO - [2026-04-10T00:22:48.149+0000] {dagbag.py:588} INFO - Filling up the DagBag from /home/airflow/.local/lib/python3.12/site-packages/airflow/example_dags/example_bash_operator.py
[2026-04-10T00:22:48.157+0000] {processor.py:925} INFO - DAG(s) 'example_bash_operator' retrieved from /home/airflow/.local/lib/python3.12/site-packages/airflow/example_dags/example_bash_operator.py
[2026-04-10T00:22:48.172+0000] {logging_mixin.py:190} INFO - [2026-04-10T00:22:48.172+0000] {dag.py:3239} INFO - Sync 1 DAGs
[2026-04-10T00:22:48.182+0000] {logging_mixin.py:190} INFO - [2026-04-10T00:22:48.182+0000] {dag.py:4180} INFO - Setting next_dagrun for example_bash_operator to 2026-04-09 00:00:00+00:00, run_after=2026-04-10 00:00:00+00:00
[2026-04-10T00:22:48.190+0000] {processor.py:208} INFO - Processing /home/airflow/.local/lib/python3.12/site-packages/airflow/example_dags/example_bash_operator.py took 0.045 seconds
[2026-04-10T00:23:19.032+0000] {processor.py:186} INFO - Started process (PID=78694) to work on /home/airflow/.local/lib/python3.12/site-packages/airflow/example_dags/example_bash_operator.py
[2026-04-10T00:23:19.032+0000] {processor.py:914} INFO - Processing file /home/airflow/.local/lib/python3.12/site-packages/airflow/example_dags/example_bash_operator.py for tasks to queue
[2026-04-10T00:23:19.033+0000] {logging_mixin.py:190} INFO - [2026-04-10T00:23:19.032+0000] {dagbag.py:588} INFO - Filling up the DagBag from /home/airflow/.local/lib/python3.12/site-packages/airflow/example_dags/example_bash_operator.py
[2026-04-10T00:23:19.038+0000] {processor.py:925} INFO - DAG(s) 'example_bash_operator' retrieved from /home/airflow/.local/lib/python3.12/site-packages/airflow/example_dags/example_bash_operator.py
[2026-04-10T00:23:19.049+0000] {logging_mixin.py:190} INFO - [2026-04-10T00:23:19.048+0000] {dag.py:3239} INFO - Sync 1 DAGs
[2026-04-10T00:23:19.058+0000] {logging_mixin.py:190} INFO - [2026-04-10T00:23:19.057+0000] {dag.py:4180} INFO - Setting next_dagrun for example_bash_operator to 2026-04-09 00:00:00+00:00, run_after=2026-04-10 00:00:00+00:00
[2026-04-10T00:23:19.064+0000] {processor.py:208} INFO - Processing /home/airflow/.local/lib/python3.12/site-packages/airflow/example_dags/example_bash_operator.py took 0.035 seconds
[2026-04-10T00:38:49.010+0000] {processor.py:186} INFO - Started process (PID=78758) to work on /home/airflow/.local/lib/python3.12/site-packages/airflow/example_dags/example_bash_operator.py
[2026-04-10T00:38:49.011+0000] {processor.py:914} INFO - Processing file /home/airflow/.local/lib/python3.12/site-packages/airflow/example_dags/example_bash_operator.py for tasks to queue
[2026-04-10T00:38:49.012+0000] {logging_mixin.py:190} INFO - [2026-04-10T00:38:49.012+0000] {dagbag.py:588} INFO - Filling up the DagBag from /home/airflow/.local/lib/python3.12/site-packages/airflow/example_dags/example_bash_operator.py
[2026-04-10T00:38:49.018+0000] {processor.py:925} INFO - DAG(s) 'example_bash_operator' retrieved from /home/airflow/.local/lib/python3.12/site-packages/airflow/example_dags/example_bash_operator.py
[2026-04-10T00:38:49.030+0000] {logging_mixin.py:190} INFO - [2026-04-10T00:38:49.030+0000] {dag.py:3239} INFO - Sync 1 DAGs
[2026-04-10T00:38:49.042+0000] {logging_mixin.py:190} INFO - [2026-04-10T00:38:49.042+0000] {dag.py:4180} INFO - Setting next_dagrun for example_bash_operator to 2026-04-09 00:00:00+00:00, run_after=2026-04-10 00:00:00+00:00
[2026-04-10T00:38:49.049+0000] {processor.py:208} INFO - Processing /home/airflow/.local/lib/python3.12/site-packages/airflow/example_dags/example_bash_operator.py took 0.043 seconds
[2026-04-10T00:41:53.403+0000] {processor.py:186} INFO - Started process (PID=78822) to work on /home/airflow/.local/lib/python3.12/site-packages/airflow/example_dags/example_bash_operator.py
[2026-04-10T00:41:53.403+0000] {processor.py:914} INFO - Processing file /home/airflow/.local/lib/python3.12/site-packages/airflow/example_dags/example_bash_operator.py for tasks to queue
[2026-04-10T00:41:53.403+0000] {logging_mixin.py:190} INFO - [2026-04-10T00:41:53.403+0000] {dagbag.py:588} INFO - Filling up the DagBag from /home/airflow/.local/lib/python3.12/site-packages/airflow/example_dags/example_bash_operator.py
[2026-04-10T00:41:53.409+0000] {processor.py:925} INFO - DAG(s) 'example_bash_operator' retrieved from /home/airflow/.local/lib/python3.12/site-packages/airflow/example_dags/example_bash_operator.py
[2026-04-10T00:41:53.419+0000] {logging_mixin.py:190} INFO - [2026-04-10T00:41:53.419+0000] {dag.py:3239} INFO - Sync 1 DAGs
[2026-04-10T00:41:53.428+0000] {logging_mixin.py:190} INFO - [2026-04-10T00:41:53.427+0000] {dag.py:4180} INFO - Setting next_dagrun for example_bash_operator to 2026-04-09 00:00:00+00:00, run_after=2026-04-10 00:00:00+00:00
[2026-04-10T00:41:53.434+0000] {processor.py:208} INFO - Processing /home/airflow/.local/lib/python3.12/site-packages/airflow/example_dags/example_bash_operator.py took 0.034 seconds
[2026-04-10T00:42:24.709+0000] {processor.py:186} INFO - Started process (PID=78886) to work on /home/airflow/.local/lib/python3.12/site-packages/airflow/example_dags/example_bash_operator.py
[2026-04-10T00:42:24.710+0000] {processor.py:914} INFO - Processing file /home/airflow/.local/lib/python3.12/site-packages/airflow/example_dags/example_bash_operator.py for tasks to queue
[2026-04-10T00:42:24.710+0000] {logging_mixin.py:190} INFO - [2026-04-10T00:42:24.710+0000] {dagbag.py:588} INFO - Filling up the DagBag from /home/airflow/.local/lib/python3.12/site-packages/airflow/example_dags/example_bash_operator.py
[2026-04-10T00:42:24.716+0000] {processor.py:925} INFO - DAG(s) 'example_bash_operator' retrieved from /home/airflow/.local/lib/python3.12/site-packages/airflow/example_dags/example_bash_operator.py
[2026-04-10T00:42:24.724+0000] {logging_mixin.py:190} INFO - [2026-04-10T00:42:24.724+0000] {dag.py:3239} INFO - Sync 1 DAGs
[2026-04-10T00:42:24.733+0000] {logging_mixin.py:190} INFO - [2026-04-10T00:42:24.732+0000] {dag.py:4180} INFO - Setting next_dagrun for example_bash_operator to 2026-04-09 00:00:00+00:00, run_after=2026-04-10 00:00:00+00:00
[2026-04-10T00:42:24.742+0000] {processor.py:208} INFO - Processing /home/airflow/.local/lib/python3.12/site-packages/airflow/example_dags/example_bash_operator.py took 0.036 seconds
[2026-04-10T00:57:55.092+0000] {processor.py:186} INFO - Started process (PID=78950) to work on /home/airflow/.local/lib/python3.12/site-packages/airflow/example_dags/example_bash_operator.py
[2026-04-10T00:57:55.092+0000] {processor.py:914} INFO - Processing file /home/airflow/.local/lib/python3.12/site-packages/airflow/example_dags/example_bash_operator.py for tasks to queue
[2026-04-10T00:57:55.092+0000] {logging_mixin.py:190} INFO - [2026-04-10T00:57:55.092+0000] {dagbag.py:588} INFO - Filling up the DagBag from /home/airflow/.local/lib/python3.12/site-packages/airflow/example_dags/example_bash_operator.py
[2026-04-10T00:57:55.098+0000] {processor.py:925} INFO - DAG(s) 'example_bash_operator' retrieved from /home/airflow/.local/lib/python3.12/site-packages/airflow/example_dags/example_bash_operator.py
[2026-04-10T00:57:55.108+0000] {logging_mixin.py:190} INFO - [2026-04-10T00:57:55.107+0000] {dag.py:3239} INFO - Sync 1 DAGs
[2026-04-10T00:57:55.116+0000] {logging_mixin.py:190} INFO - [2026-04-10T00:57:55.116+0000] {dag.py:4180} INFO - Setting next_dagrun for example_bash_operator to 2026-04-09 00:00:00+00:00, run_after=2026-04-10 00:00:00+00:00
[2026-04-10T00:57:55.121+0000] {processor.py:208} INFO - Processing /home/airflow/.local/lib/python3.12/site-packages/airflow/example_dags/example_bash_operator.py took 0.032 seconds
[2026-04-10T01:13:27.641+0000] {processor.py:186} INFO - Started process (PID=79014) to work on /home/airflow/.local/lib/python3.12/site-packages/airflow/example_dags/example_bash_operator.py
[2026-04-10T01:13:27.645+0000] {processor.py:914} INFO - Processing file /home/airflow/.local/lib/python3.12/site-packages/airflow/example_dags/example_bash_operator.py for tasks to queue
[2026-04-10T01:13:27.649+0000] {logging_mixin.py:190} INFO - [2026-04-10T01:13:27.649+0000] {dagbag.py:588} INFO - Filling up the DagBag from /home/airflow/.local/lib/python3.12/site-packages/airflow/example_dags/example_bash_operator.py
[2026-04-10T01:13:27.675+0000] {processor.py:925} INFO - DAG(s) 'example_bash_operator' retrieved from /home/airflow/.local/lib/python3.12/site-packages/airflow/example_dags/example_bash_operator.py
[2026-04-10T01:13:27.727+0000] {logging_mixin.py:190} INFO - [2026-04-10T01:13:27.726+0000] {dag.py:3239} INFO - Sync 1 DAGs
[2026-04-10T01:13:27.793+0000] {logging_mixin.py:190} INFO - [2026-04-10T01:13:27.792+0000] {dag.py:4180} INFO - Setting next_dagrun for example_bash_operator to 2026-04-09 00:00:00+00:00, run_after=2026-04-10 00:00:00+00:00
[2026-04-10T01:13:27.917+0000] {processor.py:208} INFO - Processing /home/airflow/.local/lib/python3.12/site-packages/airflow/example_dags/example_bash_operator.py took 0.287 seconds
[2026-04-10T01:13:57.948+0000] {processor.py:186} INFO - Started process (PID=79077) to work on /home/airflow/.local/lib/python3.12/site-packages/airflow/example_dags/example_bash_operator.py
[2026-04-10T01:13:57.948+0000] {processor.py:914} INFO - Processing file /home/airflow/.local/lib/python3.12/site-packages/airflow/example_dags/example_bash_operator.py for tasks to queue
[2026-04-10T01:13:57.948+0000] {logging_mixin.py:190} INFO - [2026-04-10T01:13:57.948+0000] {dagbag.py:588} INFO - Filling up the DagBag from /home/airflow/.local/lib/python3.12/site-packages/airflow/example_dags/example_bash_operator.py
[2026-04-10T01:13:57.953+0000] {processor.py:925} INFO - DAG(s) 'example_bash_operator' retrieved from /home/airflow/.local/lib/python3.12/site-packages/airflow/example_dags/example_bash_operator.py
[2026-04-10T01:13:57.961+0000] {logging_mixin.py:190} INFO - [2026-04-10T01:13:57.961+0000] {dag.py:3239} INFO - Sync 1 DAGs
[2026-04-10T01:13:57.968+0000] {logging_mixin.py:190} INFO - [2026-04-10T01:13:57.968+0000] {dag.py:4180} INFO - Setting next_dagrun for example_bash_operator to 2026-04-09 00:00:00+00:00, run_after=2026-04-10 00:00:00+00:00
[2026-04-10T01:13:57.973+0000] {processor.py:208} INFO - Processing /home/airflow/.local/lib/python3.12/site-packages/airflow/example_dags/example_bash_operator.py took 0.027 seconds
[2026-04-10T01:29:26.420+0000] {processor.py:186} INFO - Started process (PID=79141) to work on /home/airflow/.local/lib/python3.12/site-packages/airflow/example_dags/example_bash_operator.py
[2026-04-10T01:29:26.420+0000] {processor.py:914} INFO - Processing file /home/airflow/.local/lib/python3.12/site-packages/airflow/example_dags/example_bash_operator.py for tasks to queue
[2026-04-10T01:29:26.421+0000] {logging_mixin.py:190} INFO - [2026-04-10T01:29:26.421+0000] {dagbag.py:588} INFO - Filling up the DagBag from /home/airflow/.local/lib/python3.12/site-packages/airflow/example_dags/example_bash_operator.py
[2026-04-10T01:29:26.428+0000] {processor.py:925} INFO - DAG(s) 'example_bash_operator' retrieved from /home/airflow/.local/lib/python3.12/site-packages/airflow/example_dags/example_bash_operator.py
[2026-04-10T01:29:26.444+0000] {logging_mixin.py:190} INFO - [2026-04-10T01:29:26.443+0000] {dag.py:3239} INFO - Sync 1 DAGs
[2026-04-10T01:29:26.452+0000] {logging_mixin.py:190} INFO - [2026-04-10T01:29:26.452+0000] {dag.py:4180} INFO - Setting next_dagrun for example_bash_operator to 2026-04-09 00:00:00+00:00, run_after=2026-04-10 00:00:00+00:00
[2026-04-10T01:29:26.458+0000] {processor.py:208} INFO - Processing /home/airflow/.local/lib/python3.12/site-packages/airflow/example_dags/example_bash_operator.py took 0.041 seconds
[2026-04-10T01:29:56.876+0000] {processor.py:186} INFO - Started process (PID=79205) to work on /home/airflow/.local/lib/python3.12/site-packages/airflow/example_dags/example_bash_operator.py
[2026-04-10T01:29:56.876+0000] {processor.py:914} INFO - Processing file /home/airflow/.local/lib/python3.12/site-packages/airflow/example_dags/example_bash_operator.py for tasks to queue
[2026-04-10T01:29:56.877+0000] {logging_mixin.py:190} INFO - [2026-04-10T01:29:56.876+0000] {dagbag.py:588} INFO - Filling up the DagBag from /home/airflow/.local/lib/python3.12/site-packages/airflow/example_dags/example_bash_operator.py
[2026-04-10T01:29:56.884+0000] {processor.py:925} INFO - DAG(s) 'example_bash_operator' retrieved from /home/airflow/.local/lib/python3.12/site-packages/airflow/example_dags/example_bash_operator.py
[2026-04-10T01:29:56.898+0000] {logging_mixin.py:190} INFO - [2026-04-10T01:29:56.897+0000] {dag.py:3239} INFO - Sync 1 DAGs
[2026-04-10T01:29:56.907+0000] {logging_mixin.py:190} INFO - [2026-04-10T01:29:56.907+0000] {dag.py:4180} INFO - Setting next_dagrun for example_bash_operator to 2026-04-09 00:00:00+00:00, run_after=2026-04-10 00:00:00+00:00
[2026-04-10T01:29:56.912+0000] {processor.py:208} INFO - Processing /home/airflow/.local/lib/python3.12/site-packages/airflow/example_dags/example_bash_operator.py took 0.039 seconds
[2026-04-10T01:43:16.217+0000] {processor.py:186} INFO - Started process (PID=79269) to work on /home/airflow/.local/lib/python3.12/site-packages/airflow/example_dags/example_bash_operator.py
[2026-04-10T01:43:16.218+0000] {processor.py:914} INFO - Processing file /home/airflow/.local/lib/python3.12/site-packages/airflow/example_dags/example_bash_operator.py for tasks to queue
[2026-04-10T01:43:16.218+0000] {logging_mixin.py:190} INFO - [2026-04-10T01:43:16.218+0000] {dagbag.py:588} INFO - Filling up the DagBag from /home/airflow/.local/lib/python3.12/site-packages/airflow/example_dags/example_bash_operator.py
[2026-04-10T01:43:16.223+0000] {processor.py:925} INFO - DAG(s) 'example_bash_operator' retrieved from /home/airflow/.local/lib/python3.12/site-packages/airflow/example_dags/example_bash_operator.py
[2026-04-10T01:43:16.234+0000] {logging_mixin.py:190} INFO - [2026-04-10T01:43:16.234+0000] {dag.py:3239} INFO - Sync 1 DAGs
[2026-04-10T01:43:16.243+0000] {logging_mixin.py:190} INFO - [2026-04-10T01:43:16.243+0000] {dag.py:4180} INFO - Setting next_dagrun for example_bash_operator to 2026-04-09 00:00:00+00:00, run_after=2026-04-10 00:00:00+00:00
[2026-04-10T01:43:16.254+0000] {processor.py:208} INFO - Processing /home/airflow/.local/lib/python3.12/site-packages/airflow/example_dags/example_bash_operator.py took 0.039 seconds
[2026-04-10T01:58:48.045+0000] {processor.py:186} INFO - Started process (PID=79333) to work on /home/airflow/.local/lib/python3.12/site-packages/airflow/example_dags/example_bash_operator.py
[2026-04-10T01:58:48.046+0000] {processor.py:914} INFO - Processing file /home/airflow/.local/lib/python3.12/site-packages/airflow/example_dags/example_bash_operator.py for tasks to queue
[2026-04-10T01:58:48.046+0000] {logging_mixin.py:190} INFO - [2026-04-10T01:58:48.046+0000] {dagbag.py:588} INFO - Filling up the DagBag from /home/airflow/.local/lib/python3.12/site-packages/airflow/example_dags/example_bash_operator.py
[2026-04-10T01:58:48.052+0000] {processor.py:925} INFO - DAG(s) 'example_bash_operator' retrieved from /home/airflow/.local/lib/python3.12/site-packages/airflow/example_dags/example_bash_operator.py
[2026-04-10T01:58:48.069+0000] {logging_mixin.py:190} INFO - [2026-04-10T01:58:48.069+0000] {dag.py:3239} INFO - Sync 1 DAGs
[2026-04-10T01:58:48.078+0000] {logging_mixin.py:190} INFO - [2026-04-10T01:58:48.078+0000] {dag.py:4180} INFO - Setting next_dagrun for example_bash_operator to 2026-04-09 00:00:00+00:00, run_after=2026-04-10 00:00:00+00:00
[2026-04-10T01:58:48.084+0000] {processor.py:208} INFO - Processing /home/airflow/.local/lib/python3.12/site-packages/airflow/example_dags/example_bash_operator.py took 0.041 seconds
[2026-04-10T01:59:19.362+0000] {processor.py:186} INFO - Started process (PID=79397) to work on /home/airflow/.local/lib/python3.12/site-packages/airflow/example_dags/example_bash_operator.py
[2026-04-10T01:59:19.363+0000] {processor.py:914} INFO - Processing file /home/airflow/.local/lib/python3.12/site-packages/airflow/example_dags/example_bash_operator.py for tasks to queue
[2026-04-10T01:59:19.363+0000] {logging_mixin.py:190} INFO - [2026-04-10T01:59:19.363+0000] {dagbag.py:588} INFO - Filling up the DagBag from /home/airflow/.local/lib/python3.12/site-packages/airflow/example_dags/example_bash_operator.py
[2026-04-10T01:59:19.369+0000] {processor.py:925} INFO - DAG(s) 'example_bash_operator' retrieved from /home/airflow/.local/lib/python3.12/site-packages/airflow/example_dags/example_bash_operator.py
[2026-04-10T01:59:19.382+0000] {logging_mixin.py:190} INFO - [2026-04-10T01:59:19.382+0000] {dag.py:3239} INFO - Sync 1 DAGs
[2026-04-10T01:59:19.393+0000] {logging_mixin.py:190} INFO - [2026-04-10T01:59:19.392+0000] {dag.py:4180} INFO - Setting next_dagrun for example_bash_operator to 2026-04-09 00:00:00+00:00, run_after=2026-04-10 00:00:00+00:00
[2026-04-10T01:59:19.404+0000] {processor.py:208} INFO - Processing /home/airflow/.local/lib/python3.12/site-packages/airflow/example_dags/example_bash_operator.py took 0.044 seconds
[2026-04-10T02:14:51.758+0000] {processor.py:186} INFO - Started process (PID=79461) to work on /home/airflow/.local/lib/python3.12/site-packages/airflow/example_dags/example_bash_operator.py
[2026-04-10T02:14:51.759+0000] {processor.py:914} INFO - Processing file /home/airflow/.local/lib/python3.12/site-packages/airflow/example_dags/example_bash_operator.py for tasks to queue
[2026-04-10T02:14:51.760+0000] {logging_mixin.py:190} INFO - [2026-04-10T02:14:51.760+0000] {dagbag.py:588} INFO - Filling up the DagBag from /home/airflow/.local/lib/python3.12/site-packages/airflow/example_dags/example_bash_operator.py
[2026-04-10T02:14:51.769+0000] {processor.py:925} INFO - DAG(s) 'example_bash_operator' retrieved from /home/airflow/.local/lib/python3.12/site-packages/airflow/example_dags/example_bash_operator.py
[2026-04-10T02:14:51.782+0000] {logging_mixin.py:190} INFO - [2026-04-10T02:14:51.782+0000] {dag.py:3239} INFO - Sync 1 DAGs
[2026-04-10T02:14:51.791+0000] {logging_mixin.py:190} INFO - [2026-04-10T02:14:51.791+0000] {dag.py:4180} INFO - Setting next_dagrun for example_bash_operator to 2026-04-09 00:00:00+00:00, run_after=2026-04-10 00:00:00+00:00
[2026-04-10T02:14:51.797+0000] {processor.py:208} INFO - Processing /home/airflow/.local/lib/python3.12/site-packages/airflow/example_dags/example_bash_operator.py took 0.041 seconds
[2026-04-10T02:20:02.216+0000] {processor.py:186} INFO - Started process (PID=79525) to work on /home/airflow/.local/lib/python3.12/site-packages/airflow/example_dags/example_bash_operator.py
[2026-04-10T02:20:02.217+0000] {processor.py:914} INFO - Processing file /home/airflow/.local/lib/python3.12/site-packages/airflow/example_dags/example_bash_operator.py for tasks to queue
[2026-04-10T02:20:02.217+0000] {logging_mixin.py:190} INFO - [2026-04-10T02:20:02.217+0000] {dagbag.py:588} INFO - Filling up the DagBag from /home/airflow/.local/lib/python3.12/site-packages/airflow/example_dags/example_bash_operator.py
[2026-04-10T02:20:02.224+0000] {processor.py:925} INFO - DAG(s) 'example_bash_operator' retrieved from /home/airflow/.local/lib/python3.12/site-packages/airflow/example_dags/example_bash_operator.py
[2026-04-10T02:20:02.235+0000] {logging_mixin.py:190} INFO - [2026-04-10T02:20:02.235+0000] {dag.py:3239} INFO - Sync 1 DAGs
[2026-04-10T02:20:02.245+0000] {logging_mixin.py:190} INFO - [2026-04-10T02:20:02.245+0000] {dag.py:4180} INFO - Setting next_dagrun for example_bash_operator to 2026-04-09 00:00:00+00:00, run_after=2026-04-10 00:00:00+00:00
[2026-04-10T02:20:02.252+0000] {processor.py:208} INFO - Processing /home/airflow/.local/lib/python3.12/site-packages/airflow/example_dags/example_bash_operator.py took 0.038 seconds
[2026-04-10T02:20:32.980+0000] {processor.py:186} INFO - Started process (PID=79589) to work on /home/airflow/.local/lib/python3.12/site-packages/airflow/example_dags/example_bash_operator.py
[2026-04-10T02:20:32.981+0000] {processor.py:914} INFO - Processing file /home/airflow/.local/lib/python3.12/site-packages/airflow/example_dags/example_bash_operator.py for tasks to queue
[2026-04-10T02:20:32.981+0000] {logging_mixin.py:190} INFO - [2026-04-10T02:20:32.981+0000] {dagbag.py:588} INFO - Filling up the DagBag from /home/airflow/.local/lib/python3.12/site-packages/airflow/example_dags/example_bash_operator.py
[2026-04-10T02:20:32.986+0000] {processor.py:925} INFO - DAG(s) 'example_bash_operator' retrieved from /home/airflow/.local/lib/python3.12/site-packages/airflow/example_dags/example_bash_operator.py
[2026-04-10T02:20:32.995+0000] {logging_mixin.py:190} INFO - [2026-04-10T02:20:32.995+0000] {dag.py:3239} INFO - Sync 1 DAGs
[2026-04-10T02:20:33.002+0000] {logging_mixin.py:190} INFO - [2026-04-10T02:20:33.002+0000] {dag.py:4180} INFO - Setting next_dagrun for example_bash_operator to 2026-04-09 00:00:00+00:00, run_after=2026-04-10 00:00:00+00:00
[2026-04-10T02:20:33.007+0000] {processor.py:208} INFO - Processing /home/airflow/.local/lib/python3.12/site-packages/airflow/example_dags/example_bash_operator.py took 0.029 seconds
[2026-04-10T02:38:21.882+0000] {processor.py:186} INFO - Started process (PID=79653) to work on /home/airflow/.local/lib/python3.12/site-packages/airflow/example_dags/example_bash_operator.py
[2026-04-10T02:38:21.884+0000] {processor.py:914} INFO - Processing file /home/airflow/.local/lib/python3.12/site-packages/airflow/example_dags/example_bash_operator.py for tasks to queue
[2026-04-10T02:38:21.885+0000] {logging_mixin.py:190} INFO - [2026-04-10T02:38:21.885+0000] {dagbag.py:588} INFO - Filling up the DagBag from /home/airflow/.local/lib/python3.12/site-packages/airflow/example_dags/example_bash_operator.py
[2026-04-10T02:38:21.891+0000] {processor.py:925} INFO - DAG(s) 'example_bash_operator' retrieved from /home/airflow/.local/lib/python3.12/site-packages/airflow/example_dags/example_bash_operator.py
[2026-04-10T02:38:21.902+0000] {logging_mixin.py:190} INFO - [2026-04-10T02:38:21.902+0000] {dag.py:3239} INFO - Sync 1 DAGs
[2026-04-10T02:38:21.912+0000] {logging_mixin.py:190} INFO - [2026-04-10T02:38:21.912+0000] {dag.py:4180} INFO - Setting next_dagrun for example_bash_operator to 2026-04-09 00:00:00+00:00, run_after=2026-04-10 00:00:00+00:00
[2026-04-10T02:38:21.925+0000] {processor.py:208} INFO - Processing /home/airflow/.local/lib/python3.12/site-packages/airflow/example_dags/example_bash_operator.py took 0.045 seconds
[2026-04-10T02:44:08.764+0000] {processor.py:186} INFO - Started process (PID=79717) to work on /home/airflow/.local/lib/python3.12/site-packages/airflow/example_dags/example_bash_operator.py
[2026-04-10T02:44:08.765+0000] {processor.py:914} INFO - Processing file /home/airflow/.local/lib/python3.12/site-packages/airflow/example_dags/example_bash_operator.py for tasks to queue
[2026-04-10T02:44:08.766+0000] {logging_mixin.py:190} INFO - [2026-04-10T02:44:08.765+0000] {dagbag.py:588} INFO - Filling up the DagBag from /home/airflow/.local/lib/python3.12/site-packages/airflow/example_dags/example_bash_operator.py
[2026-04-10T02:44:08.770+0000] {processor.py:925} INFO - DAG(s) 'example_bash_operator' retrieved from /home/airflow/.local/lib/python3.12/site-packages/airflow/example_dags/example_bash_operator.py
[2026-04-10T02:44:08.780+0000] {logging_mixin.py:190} INFO - [2026-04-10T02:44:08.780+0000] {dag.py:3239} INFO - Sync 1 DAGs
[2026-04-10T02:44:08.788+0000] {logging_mixin.py:190} INFO - [2026-04-10T02:44:08.788+0000] {dag.py:4180} INFO - Setting next_dagrun for example_bash_operator to 2026-04-09 00:00:00+00:00, run_after=2026-04-10 00:00:00+00:00
[2026-04-10T02:44:08.795+0000] {processor.py:208} INFO - Processing /home/airflow/.local/lib/python3.12/site-packages/airflow/example_dags/example_bash_operator.py took 0.033 seconds
[2026-04-10T02:59:40.344+0000] {processor.py:186} INFO - Started process (PID=79781) to work on /home/airflow/.local/lib/python3.12/site-packages/airflow/example_dags/example_bash_operator.py
[2026-04-10T02:59:40.345+0000] {processor.py:914} INFO - Processing file /home/airflow/.local/lib/python3.12/site-packages/airflow/example_dags/example_bash_operator.py for tasks to queue
[2026-04-10T02:59:40.345+0000] {logging_mixin.py:190} INFO - [2026-04-10T02:59:40.345+0000] {dagbag.py:588} INFO - Filling up the DagBag from /home/airflow/.local/lib/python3.12/site-packages/airflow/example_dags/example_bash_operator.py
[2026-04-10T02:59:40.350+0000] {processor.py:925} INFO - DAG(s) 'example_bash_operator' retrieved from /home/airflow/.local/lib/python3.12/site-packages/airflow/example_dags/example_bash_operator.py
[2026-04-10T02:59:40.363+0000] {logging_mixin.py:190} INFO - [2026-04-10T02:59:40.363+0000] {dag.py:3239} INFO - Sync 1 DAGs
[2026-04-10T02:59:40.376+0000] {logging_mixin.py:190} INFO - [2026-04-10T02:59:40.376+0000] {dag.py:4180} INFO - Setting next_dagrun for example_bash_operator to 2026-04-09 00:00:00+00:00, run_after=2026-04-10 00:00:00+00:00
[2026-04-10T02:59:40.390+0000] {processor.py:208} INFO - Processing /home/airflow/.local/lib/python3.12/site-packages/airflow/example_dags/example_bash_operator.py took 0.049 seconds
[2026-04-10T03:00:10.650+0000] {processor.py:186} INFO - Started process (PID=79845) to work on /home/airflow/.local/lib/python3.12/site-packages/airflow/example_dags/example_bash_operator.py
[2026-04-10T03:00:10.650+0000] {processor.py:914} INFO - Processing file /home/airflow/.local/lib/python3.12/site-packages/airflow/example_dags/example_bash_operator.py for tasks to queue
[2026-04-10T03:00:10.651+0000] {logging_mixin.py:190} INFO - [2026-04-10T03:00:10.650+0000] {dagbag.py:588} INFO - Filling up the DagBag from /home/airflow/.local/lib/python3.12/site-packages/airflow/example_dags/example_bash_operator.py
[2026-04-10T03:00:10.657+0000] {processor.py:925} INFO - DAG(s) 'example_bash_operator' retrieved from /home/airflow/.local/lib/python3.12/site-packages/airflow/example_dags/example_bash_operator.py
[2026-04-10T03:00:10.673+0000] {logging_mixin.py:190} INFO - [2026-04-10T03:00:10.673+0000] {dag.py:3239} INFO - Sync 1 DAGs
[2026-04-10T03:00:10.684+0000] {logging_mixin.py:190} INFO - [2026-04-10T03:00:10.683+0000] {dag.py:4180} INFO - Setting next_dagrun for example_bash_operator to 2026-04-09 00:00:00+00:00, run_after=2026-04-10 00:00:00+00:00
[2026-04-10T03:00:10.689+0000] {processor.py:208} INFO - Processing /home/airflow/.local/lib/python3.12/site-packages/airflow/example_dags/example_bash_operator.py took 0.042 seconds
[2026-04-10T03:15:41.458+0000] {processor.py:186} INFO - Started process (PID=79909) to work on /home/airflow/.local/lib/python3.12/site-packages/airflow/example_dags/example_bash_operator.py
[2026-04-10T03:15:41.459+0000] {processor.py:914} INFO - Processing file /home/airflow/.local/lib/python3.12/site-packages/airflow/example_dags/example_bash_operator.py for tasks to queue
[2026-04-10T03:15:41.460+0000] {logging_mixin.py:190} INFO - [2026-04-10T03:15:41.460+0000] {dagbag.py:588} INFO - Filling up the DagBag from /home/airflow/.local/lib/python3.12/site-packages/airflow/example_dags/example_bash_operator.py
[2026-04-10T03:15:41.466+0000] {processor.py:925} INFO - DAG(s) 'example_bash_operator' retrieved from /home/airflow/.local/lib/python3.12/site-packages/airflow/example_dags/example_bash_operator.py
[2026-04-10T03:15:41.478+0000] {logging_mixin.py:190} INFO - [2026-04-10T03:15:41.477+0000] {dag.py:3239} INFO - Sync 1 DAGs
[2026-04-10T03:15:41.487+0000] {logging_mixin.py:190} INFO - [2026-04-10T03:15:41.487+0000] {dag.py:4180} INFO - Setting next_dagrun for example_bash_operator to 2026-04-09 00:00:00+00:00, run_after=2026-04-10 00:00:00+00:00
[2026-04-10T03:15:41.495+0000] {processor.py:208} INFO - Processing /home/airflow/.local/lib/python3.12/site-packages/airflow/example_dags/example_bash_operator.py took 0.039 seconds
[2026-04-10T03:23:20.632+0000] {processor.py:186} INFO - Started process (PID=79973) to work on /home/airflow/.local/lib/python3.12/site-packages/airflow/example_dags/example_bash_operator.py
[2026-04-10T03:23:20.633+0000] {processor.py:914} INFO - Processing file /home/airflow/.local/lib/python3.12/site-packages/airflow/example_dags/example_bash_operator.py for tasks to queue
[2026-04-10T03:23:20.633+0000] {logging_mixin.py:190} INFO - [2026-04-10T03:23:20.633+0000] {dagbag.py:588} INFO - Filling up the DagBag from /home/airflow/.local/lib/python3.12/site-packages/airflow/example_dags/example_bash_operator.py
[2026-04-10T03:23:20.638+0000] {processor.py:925} INFO - DAG(s) 'example_bash_operator' retrieved from /home/airflow/.local/lib/python3.12/site-packages/airflow/example_dags/example_bash_operator.py
[2026-04-10T03:23:20.649+0000] {logging_mixin.py:190} INFO - [2026-04-10T03:23:20.648+0000] {dag.py:3239} INFO - Sync 1 DAGs
[2026-04-10T03:23:20.657+0000] {logging_mixin.py:190} INFO - [2026-04-10T03:23:20.657+0000] {dag.py:4180} INFO - Setting next_dagrun for example_bash_operator to 2026-04-09 00:00:00+00:00, run_after=2026-04-10 00:00:00+00:00
[2026-04-10T03:23:20.662+0000] {processor.py:208} INFO - Processing /home/airflow/.local/lib/python3.12/site-packages/airflow/example_dags/example_bash_operator.py took 0.033 seconds
[2026-04-10T03:23:51.499+0000] {processor.py:186} INFO - Started process (PID=80037) to work on /home/airflow/.local/lib/python3.12/site-packages/airflow/example_dags/example_bash_operator.py
[2026-04-10T03:23:51.500+0000] {processor.py:914} INFO - Processing file /home/airflow/.local/lib/python3.12/site-packages/airflow/example_dags/example_bash_operator.py for tasks to queue
[2026-04-10T03:23:51.500+0000] {logging_mixin.py:190} INFO - [2026-04-10T03:23:51.500+0000] {dagbag.py:588} INFO - Filling up the DagBag from /home/airflow/.local/lib/python3.12/site-packages/airflow/example_dags/example_bash_operator.py
[2026-04-10T03:23:51.509+0000] {processor.py:925} INFO - DAG(s) 'example_bash_operator' retrieved from /home/airflow/.local/lib/python3.12/site-packages/airflow/example_dags/example_bash_operator.py
[2026-04-10T03:23:51.526+0000] {logging_mixin.py:190} INFO - [2026-04-10T03:23:51.526+0000] {dag.py:3239} INFO - Sync 1 DAGs
[2026-04-10T03:23:51.537+0000] {logging_mixin.py:190} INFO - [2026-04-10T03:23:51.537+0000] {dag.py:4180} INFO - Setting next_dagrun for example_bash_operator to 2026-04-09 00:00:00+00:00, run_after=2026-04-10 00:00:00+00:00
[2026-04-10T03:23:51.543+0000] {processor.py:208} INFO - Processing /home/airflow/.local/lib/python3.12/site-packages/airflow/example_dags/example_bash_operator.py took 0.047 seconds
[2026-04-10T03:24:22.128+0000] {processor.py:186} INFO - Started process (PID=80101) to work on /home/airflow/.local/lib/python3.12/site-packages/airflow/example_dags/example_bash_operator.py
[2026-04-10T03:24:22.129+0000] {processor.py:914} INFO - Processing file /home/airflow/.local/lib/python3.12/site-packages/airflow/example_dags/example_bash_operator.py for tasks to queue
[2026-04-10T03:24:22.130+0000] {logging_mixin.py:190} INFO - [2026-04-10T03:24:22.130+0000] {dagbag.py:588} INFO - Filling up the DagBag from /home/airflow/.local/lib/python3.12/site-packages/airflow/example_dags/example_bash_operator.py
[2026-04-10T03:24:22.135+0000] {processor.py:925} INFO - DAG(s) 'example_bash_operator' retrieved from /home/airflow/.local/lib/python3.12/site-packages/airflow/example_dags/example_bash_operator.py
[2026-04-10T03:24:22.148+0000] {logging_mixin.py:190} INFO - [2026-04-10T03:24:22.148+0000] {dag.py:3239} INFO - Sync 1 DAGs
[2026-04-10T03:24:22.158+0000] {logging_mixin.py:190} INFO - [2026-04-10T03:24:22.158+0000] {dag.py:4180} INFO - Setting next_dagrun for example_bash_operator to 2026-04-09 00:00:00+00:00, run_after=2026-04-10 00:00:00+00:00
[2026-04-10T03:24:22.164+0000] {processor.py:208} INFO - Processing /home/airflow/.local/lib/python3.12/site-packages/airflow/example_dags/example_bash_operator.py took 0.038 seconds
[2026-04-10T03:24:52.518+0000] {processor.py:186} INFO - Started process (PID=80165) to work on /home/airflow/.local/lib/python3.12/site-packages/airflow/example_dags/example_bash_operator.py
[2026-04-10T03:24:52.518+0000] {processor.py:914} INFO - Processing file /home/airflow/.local/lib/python3.12/site-packages/airflow/example_dags/example_bash_operator.py for tasks to queue
[2026-04-10T03:24:52.518+0000] {logging_mixin.py:190} INFO - [2026-04-10T03:24:52.518+0000] {dagbag.py:588} INFO - Filling up the DagBag from /home/airflow/.local/lib/python3.12/site-packages/airflow/example_dags/example_bash_operator.py
[2026-04-10T03:24:52.525+0000] {processor.py:925} INFO - DAG(s) 'example_bash_operator' retrieved from /home/airflow/.local/lib/python3.12/site-packages/airflow/example_dags/example_bash_operator.py
[2026-04-10T03:24:52.538+0000] {logging_mixin.py:190} INFO - [2026-04-10T03:24:52.538+0000] {dag.py:3239} INFO - Sync 1 DAGs
[2026-04-10T03:24:52.548+0000] {logging_mixin.py:190} INFO - [2026-04-10T03:24:52.548+0000] {dag.py:4180} INFO - Setting next_dagrun for example_bash_operator to 2026-04-09 00:00:00+00:00, run_after=2026-04-10 00:00:00+00:00
[2026-04-10T03:24:52.557+0000] {processor.py:208} INFO - Processing /home/airflow/.local/lib/python3.12/site-packages/airflow/example_dags/example_bash_operator.py took 0.042 seconds
[2026-04-10T03:25:22.959+0000] {processor.py:186} INFO - Started process (PID=80229) to work on /home/airflow/.local/lib/python3.12/site-packages/airflow/example_dags/example_bash_operator.py
[2026-04-10T03:25:22.959+0000] {processor.py:914} INFO - Processing file /home/airflow/.local/lib/python3.12/site-packages/airflow/example_dags/example_bash_operator.py for tasks to queue
[2026-04-10T03:25:22.960+0000] {logging_mixin.py:190} INFO - [2026-04-10T03:25:22.960+0000] {dagbag.py:588} INFO - Filling up the DagBag from /home/airflow/.local/lib/python3.12/site-packages/airflow/example_dags/example_bash_operator.py
[2026-04-10T03:25:22.969+0000] {processor.py:925} INFO - DAG(s) 'example_bash_operator' retrieved from /home/airflow/.local/lib/python3.12/site-packages/airflow/example_dags/example_bash_operator.py
[2026-04-10T03:25:22.984+0000] {logging_mixin.py:190} INFO - [2026-04-10T03:25:22.983+0000] {dag.py:3239} INFO - Sync 1 DAGs
[2026-04-10T03:25:22.992+0000] {logging_mixin.py:190} INFO - [2026-04-10T03:25:22.992+0000] {dag.py:4180} INFO - Setting next_dagrun for example_bash_operator to 2026-04-09 00:00:00+00:00, run_after=2026-04-10 00:00:00+00:00
[2026-04-10T03:25:22.998+0000] {processor.py:208} INFO - Processing /home/airflow/.local/lib/python3.12/site-packages/airflow/example_dags/example_bash_operator.py took 0.042 seconds
[2026-04-10T03:25:53.433+0000] {processor.py:186} INFO - Started process (PID=80293) to work on /home/airflow/.local/lib/python3.12/site-packages/airflow/example_dags/example_bash_operator.py
[2026-04-10T03:25:53.434+0000] {processor.py:914} INFO - Processing file /home/airflow/.local/lib/python3.12/site-packages/airflow/example_dags/example_bash_operator.py for tasks to queue
[2026-04-10T03:25:53.434+0000] {logging_mixin.py:190} INFO - [2026-04-10T03:25:53.434+0000] {dagbag.py:588} INFO - Filling up the DagBag from /home/airflow/.local/lib/python3.12/site-packages/airflow/example_dags/example_bash_operator.py
[2026-04-10T03:25:53.441+0000] {processor.py:925} INFO - DAG(s) 'example_bash_operator' retrieved from /home/airflow/.local/lib/python3.12/site-packages/airflow/example_dags/example_bash_operator.py
[2026-04-10T03:25:53.457+0000] {logging_mixin.py:190} INFO - [2026-04-10T03:25:53.457+0000] {dag.py:3239} INFO - Sync 1 DAGs
[2026-04-10T03:25:53.469+0000] {logging_mixin.py:190} INFO - [2026-04-10T03:25:53.468+0000] {dag.py:4180} INFO - Setting next_dagrun for example_bash_operator to 2026-04-09 00:00:00+00:00, run_after=2026-04-10 00:00:00+00:00
[2026-04-10T03:25:53.474+0000] {processor.py:208} INFO - Processing /home/airflow/.local/lib/python3.12/site-packages/airflow/example_dags/example_bash_operator.py took 0.044 seconds
[2026-04-10T03:26:24.698+0000] {processor.py:186} INFO - Started process (PID=80357) to work on /home/airflow/.local/lib/python3.12/site-packages/airflow/example_dags/example_bash_operator.py
[2026-04-10T03:26:24.700+0000] {processor.py:914} INFO - Processing file /home/airflow/.local/lib/python3.12/site-packages/airflow/example_dags/example_bash_operator.py for tasks to queue
[2026-04-10T03:26:24.701+0000] {logging_mixin.py:190} INFO - [2026-04-10T03:26:24.701+0000] {dagbag.py:588} INFO - Filling up the DagBag from /home/airflow/.local/lib/python3.12/site-packages/airflow/example_dags/example_bash_operator.py
[2026-04-10T03:26:24.706+0000] {processor.py:925} INFO - DAG(s) 'example_bash_operator' retrieved from /home/airflow/.local/lib/python3.12/site-packages/airflow/example_dags/example_bash_operator.py
[2026-04-10T03:26:24.719+0000] {logging_mixin.py:190} INFO - [2026-04-10T03:26:24.719+0000] {dag.py:3239} INFO - Sync 1 DAGs
[2026-04-10T03:26:24.728+0000] {logging_mixin.py:190} INFO - [2026-04-10T03:26:24.728+0000] {dag.py:4180} INFO - Setting next_dagrun for example_bash_operator to 2026-04-09 00:00:00+00:00, run_after=2026-04-10 00:00:00+00:00
[2026-04-10T03:26:24.736+0000] {processor.py:208} INFO - Processing /home/airflow/.local/lib/python3.12/site-packages/airflow/example_dags/example_bash_operator.py took 0.040 seconds
[2026-04-10T03:26:55.116+0000] {processor.py:186} INFO - Started process (PID=80421) to work on /home/airflow/.local/lib/python3.12/site-packages/airflow/example_dags/example_bash_operator.py
[2026-04-10T03:26:55.119+0000] {processor.py:914} INFO - Processing file /home/airflow/.local/lib/python3.12/site-packages/airflow/example_dags/example_bash_operator.py for tasks to queue
[2026-04-10T03:26:55.120+0000] {logging_mixin.py:190} INFO - [2026-04-10T03:26:55.120+0000] {dagbag.py:588} INFO - Filling up the DagBag from /home/airflow/.local/lib/python3.12/site-packages/airflow/example_dags/example_bash_operator.py
[2026-04-10T03:26:55.130+0000] {processor.py:925} INFO - DAG(s) 'example_bash_operator' retrieved from /home/airflow/.local/lib/python3.12/site-packages/airflow/example_dags/example_bash_operator.py
[2026-04-10T03:26:55.149+0000] {logging_mixin.py:190} INFO - [2026-04-10T03:26:55.149+0000] {dag.py:3239} INFO - Sync 1 DAGs
[2026-04-10T03:26:55.162+0000] {logging_mixin.py:190} INFO - [2026-04-10T03:26:55.162+0000] {dag.py:4180} INFO - Setting next_dagrun for example_bash_operator to 2026-04-09 00:00:00+00:00, run_after=2026-04-10 00:00:00+00:00
[2026-04-10T03:26:55.176+0000] {processor.py:208} INFO - Processing /home/airflow/.local/lib/python3.12/site-packages/airflow/example_dags/example_bash_operator.py took 0.063 seconds
[2026-04-10T03:27:25.536+0000] {processor.py:186} INFO - Started process (PID=80485) to work on /home/airflow/.local/lib/python3.12/site-packages/airflow/example_dags/example_bash_operator.py
[2026-04-10T03:27:25.536+0000] {processor.py:914} INFO - Processing file /home/airflow/.local/lib/python3.12/site-packages/airflow/example_dags/example_bash_operator.py for tasks to queue
[2026-04-10T03:27:25.537+0000] {logging_mixin.py:190} INFO - [2026-04-10T03:27:25.537+0000] {dagbag.py:588} INFO - Filling up the DagBag from /home/airflow/.local/lib/python3.12/site-packages/airflow/example_dags/example_bash_operator.py
[2026-04-10T03:27:25.543+0000] {processor.py:925} INFO - DAG(s) 'example_bash_operator' retrieved from /home/airflow/.local/lib/python3.12/site-packages/airflow/example_dags/example_bash_operator.py
[2026-04-10T03:27:25.557+0000] {logging_mixin.py:190} INFO - [2026-04-10T03:27:25.557+0000] {dag.py:3239} INFO - Sync 1 DAGs
[2026-04-10T03:27:25.566+0000] {logging_mixin.py:190} INFO - [2026-04-10T03:27:25.566+0000] {dag.py:4180} INFO - Setting next_dagrun for example_bash_operator to 2026-04-09 00:00:00+00:00, run_after=2026-04-10 00:00:00+00:00
[2026-04-10T03:27:25.572+0000] {processor.py:208} INFO - Processing /home/airflow/.local/lib/python3.12/site-packages/airflow/example_dags/example_bash_operator.py took 0.039 seconds
[2026-04-10T03:27:55.832+0000] {processor.py:186} INFO - Started process (PID=80549) to work on /home/airflow/.local/lib/python3.12/site-packages/airflow/example_dags/example_bash_operator.py
[2026-04-10T03:27:55.832+0000] {processor.py:914} INFO - Processing file /home/airflow/.local/lib/python3.12/site-packages/airflow/example_dags/example_bash_operator.py for tasks to queue
[2026-04-10T03:27:55.833+0000] {logging_mixin.py:190} INFO - [2026-04-10T03:27:55.832+0000] {dagbag.py:588} INFO - Filling up the DagBag from /home/airflow/.local/lib/python3.12/site-packages/airflow/example_dags/example_bash_operator.py
[2026-04-10T03:27:55.838+0000] {processor.py:925} INFO - DAG(s) 'example_bash_operator' retrieved from /home/airflow/.local/lib/python3.12/site-packages/airflow/example_dags/example_bash_operator.py
[2026-04-10T03:27:55.847+0000] {logging_mixin.py:190} INFO - [2026-04-10T03:27:55.847+0000] {dag.py:3239} INFO - Sync 1 DAGs
[2026-04-10T03:27:55.855+0000] {logging_mixin.py:190} INFO - [2026-04-10T03:27:55.855+0000] {dag.py:4180} INFO - Setting next_dagrun for example_bash_operator to 2026-04-09 00:00:00+00:00, run_after=2026-04-10 00:00:00+00:00
[2026-04-10T03:27:55.860+0000] {processor.py:208} INFO - Processing /home/airflow/.local/lib/python3.12/site-packages/airflow/example_dags/example_bash_operator.py took 0.031 seconds
[2026-04-10T03:28:26.637+0000] {processor.py:186} INFO - Started process (PID=80613) to work on /home/airflow/.local/lib/python3.12/site-packages/airflow/example_dags/example_bash_operator.py
[2026-04-10T03:28:26.638+0000] {processor.py:914} INFO - Processing file /home/airflow/.local/lib/python3.12/site-packages/airflow/example_dags/example_bash_operator.py for tasks to queue
[2026-04-10T03:28:26.639+0000] {logging_mixin.py:190} INFO - [2026-04-10T03:28:26.639+0000] {dagbag.py:588} INFO - Filling up the DagBag from /home/airflow/.local/lib/python3.12/site-packages/airflow/example_dags/example_bash_operator.py
[2026-04-10T03:28:26.647+0000] {processor.py:925} INFO - DAG(s) 'example_bash_operator' retrieved from /home/airflow/.local/lib/python3.12/site-packages/airflow/example_dags/example_bash_operator.py
[2026-04-10T03:28:26.660+0000] {logging_mixin.py:190} INFO - [2026-04-10T03:28:26.660+0000] {dag.py:3239} INFO - Sync 1 DAGs
[2026-04-10T03:28:26.669+0000] {logging_mixin.py:190} INFO - [2026-04-10T03:28:26.669+0000] {dag.py:4180} INFO - Setting next_dagrun for example_bash_operator to 2026-04-09 00:00:00+00:00, run_after=2026-04-10 00:00:00+00:00
[2026-04-10T03:28:26.676+0000] {processor.py:208} INFO - Processing /home/airflow/.local/lib/python3.12/site-packages/airflow/example_dags/example_bash_operator.py took 0.041 seconds
[2026-04-10T03:28:57.118+0000] {processor.py:186} INFO - Started process (PID=80677) to work on /home/airflow/.local/lib/python3.12/site-packages/airflow/example_dags/example_bash_operator.py
[2026-04-10T03:28:57.119+0000] {processor.py:914} INFO - Processing file /home/airflow/.local/lib/python3.12/site-packages/airflow/example_dags/example_bash_operator.py for tasks to queue
[2026-04-10T03:28:57.120+0000] {logging_mixin.py:190} INFO - [2026-04-10T03:28:57.120+0000] {dagbag.py:588} INFO - Filling up the DagBag from /home/airflow/.local/lib/python3.12/site-packages/airflow/example_dags/example_bash_operator.py
[2026-04-10T03:28:57.130+0000] {processor.py:925} INFO - DAG(s) 'example_bash_operator' retrieved from /home/airflow/.local/lib/python3.12/site-packages/airflow/example_dags/example_bash_operator.py
[2026-04-10T03:28:57.148+0000] {logging_mixin.py:190} INFO - [2026-04-10T03:28:57.148+0000] {dag.py:3239} INFO - Sync 1 DAGs
[2026-04-10T03:28:57.157+0000] {logging_mixin.py:190} INFO - [2026-04-10T03:28:57.157+0000] {dag.py:4180} INFO - Setting next_dagrun for example_bash_operator to 2026-04-09 00:00:00+00:00, run_after=2026-04-10 00:00:00+00:00
[2026-04-10T03:28:57.165+0000] {processor.py:208} INFO - Processing /home/airflow/.local/lib/python3.12/site-packages/airflow/example_dags/example_bash_operator.py took 0.049 seconds
[2026-04-10T03:29:27.554+0000] {processor.py:186} INFO - Started process (PID=80741) to work on /home/airflow/.local/lib/python3.12/site-packages/airflow/example_dags/example_bash_operator.py
[2026-04-10T03:29:27.554+0000] {processor.py:914} INFO - Processing file /home/airflow/.local/lib/python3.12/site-packages/airflow/example_dags/example_bash_operator.py for tasks to queue
[2026-04-10T03:29:27.555+0000] {logging_mixin.py:190} INFO - [2026-04-10T03:29:27.554+0000] {dagbag.py:588} INFO - Filling up the DagBag from /home/airflow/.local/lib/python3.12/site-packages/airflow/example_dags/example_bash_operator.py
[2026-04-10T03:29:27.559+0000] {processor.py:925} INFO - DAG(s) 'example_bash_operator' retrieved from /home/airflow/.local/lib/python3.12/site-packages/airflow/example_dags/example_bash_operator.py
[2026-04-10T03:29:27.573+0000] {logging_mixin.py:190} INFO - [2026-04-10T03:29:27.573+0000] {dag.py:3239} INFO - Sync 1 DAGs
[2026-04-10T03:29:27.583+0000] {logging_mixin.py:190} INFO - [2026-04-10T03:29:27.583+0000] {dag.py:4180} INFO - Setting next_dagrun for example_bash_operator to 2026-04-09 00:00:00+00:00, run_after=2026-04-10 00:00:00+00:00
[2026-04-10T03:29:27.591+0000] {processor.py:208} INFO - Processing /home/airflow/.local/lib/python3.12/site-packages/airflow/example_dags/example_bash_operator.py took 0.039 seconds
[2026-04-10T03:29:58.084+0000] {processor.py:186} INFO - Started process (PID=80804) to work on /home/airflow/.local/lib/python3.12/site-packages/airflow/example_dags/example_bash_operator.py
[2026-04-10T03:29:58.085+0000] {processor.py:914} INFO - Processing file /home/airflow/.local/lib/python3.12/site-packages/airflow/example_dags/example_bash_operator.py for tasks to queue
[2026-04-10T03:29:58.085+0000] {logging_mixin.py:190} INFO - [2026-04-10T03:29:58.085+0000] {dagbag.py:588} INFO - Filling up the DagBag from /home/airflow/.local/lib/python3.12/site-packages/airflow/example_dags/example_bash_operator.py
[2026-04-10T03:29:58.091+0000] {processor.py:925} INFO - DAG(s) 'example_bash_operator' retrieved from /home/airflow/.local/lib/python3.12/site-packages/airflow/example_dags/example_bash_operator.py
[2026-04-10T03:29:58.106+0000] {logging_mixin.py:190} INFO - [2026-04-10T03:29:58.106+0000] {dag.py:3239} INFO - Sync 1 DAGs
[2026-04-10T03:29:58.114+0000] {logging_mixin.py:190} INFO - [2026-04-10T03:29:58.114+0000] {dag.py:4180} INFO - Setting next_dagrun for example_bash_operator to 2026-04-09 00:00:00+00:00, run_after=2026-04-10 00:00:00+00:00
[2026-04-10T03:29:58.123+0000] {processor.py:208} INFO - Processing /home/airflow/.local/lib/python3.12/site-packages/airflow/example_dags/example_bash_operator.py took 0.042 seconds
