[2026-04-10T00:07:15.669+0000] {processor.py:186} INFO - Started process (PID=78578) to work on /home/airflow/.local/lib/python3.12/site-packages/airflow/example_dags/example_task_group_decorator.py
[2026-04-10T00:07:15.672+0000] {processor.py:914} INFO - Processing file /home/airflow/.local/lib/python3.12/site-packages/airflow/example_dags/example_task_group_decorator.py for tasks to queue
[2026-04-10T00:07:15.673+0000] {logging_mixin.py:190} INFO - [2026-04-10T00:07:15.673+0000] {dagbag.py:588} INFO - Filling up the DagBag from /home/airflow/.local/lib/python3.12/site-packages/airflow/example_dags/example_task_group_decorator.py
[2026-04-10T00:07:15.679+0000] {processor.py:925} INFO - DAG(s) 'example_task_group_decorator' retrieved from /home/airflow/.local/lib/python3.12/site-packages/airflow/example_dags/example_task_group_decorator.py
[2026-04-10T00:07:15.691+0000] {logging_mixin.py:190} INFO - [2026-04-10T00:07:15.691+0000] {dag.py:3239} INFO - Sync 1 DAGs
[2026-04-10T00:07:15.698+0000] {logging_mixin.py:190} INFO - [2026-04-10T00:07:15.698+0000] {dag.py:4180} INFO - Setting next_dagrun for example_task_group_decorator to None, run_after=None
[2026-04-10T00:07:15.705+0000] {processor.py:208} INFO - Processing /home/airflow/.local/lib/python3.12/site-packages/airflow/example_dags/example_task_group_decorator.py took 0.039 seconds
[2026-04-10T00:22:48.524+0000] {processor.py:186} INFO - Started process (PID=78642) to work on /home/airflow/.local/lib/python3.12/site-packages/airflow/example_dags/example_task_group_decorator.py
[2026-04-10T00:22:48.524+0000] {processor.py:914} INFO - Processing file /home/airflow/.local/lib/python3.12/site-packages/airflow/example_dags/example_task_group_decorator.py for tasks to queue
[2026-04-10T00:22:48.525+0000] {logging_mixin.py:190} INFO - [2026-04-10T00:22:48.525+0000] {dagbag.py:588} INFO - Filling up the DagBag from /home/airflow/.local/lib/python3.12/site-packages/airflow/example_dags/example_task_group_decorator.py
[2026-04-10T00:22:48.533+0000] {processor.py:925} INFO - DAG(s) 'example_task_group_decorator' retrieved from /home/airflow/.local/lib/python3.12/site-packages/airflow/example_dags/example_task_group_decorator.py
[2026-04-10T00:22:48.545+0000] {logging_mixin.py:190} INFO - [2026-04-10T00:22:48.545+0000] {dag.py:3239} INFO - Sync 1 DAGs
[2026-04-10T00:22:48.552+0000] {logging_mixin.py:190} INFO - [2026-04-10T00:22:48.552+0000] {dag.py:4180} INFO - Setting next_dagrun for example_task_group_decorator to None, run_after=None
[2026-04-10T00:22:48.560+0000] {processor.py:208} INFO - Processing /home/airflow/.local/lib/python3.12/site-packages/airflow/example_dags/example_task_group_decorator.py took 0.039 seconds
[2026-04-10T00:23:19.459+0000] {processor.py:186} INFO - Started process (PID=78706) to work on /home/airflow/.local/lib/python3.12/site-packages/airflow/example_dags/example_task_group_decorator.py
[2026-04-10T00:23:19.460+0000] {processor.py:914} INFO - Processing file /home/airflow/.local/lib/python3.12/site-packages/airflow/example_dags/example_task_group_decorator.py for tasks to queue
[2026-04-10T00:23:19.460+0000] {logging_mixin.py:190} INFO - [2026-04-10T00:23:19.460+0000] {dagbag.py:588} INFO - Filling up the DagBag from /home/airflow/.local/lib/python3.12/site-packages/airflow/example_dags/example_task_group_decorator.py
[2026-04-10T00:23:19.468+0000] {processor.py:925} INFO - DAG(s) 'example_task_group_decorator' retrieved from /home/airflow/.local/lib/python3.12/site-packages/airflow/example_dags/example_task_group_decorator.py
[2026-04-10T00:23:19.484+0000] {logging_mixin.py:190} INFO - [2026-04-10T00:23:19.483+0000] {dag.py:3239} INFO - Sync 1 DAGs
[2026-04-10T00:23:19.492+0000] {logging_mixin.py:190} INFO - [2026-04-10T00:23:19.492+0000] {dag.py:4180} INFO - Setting next_dagrun for example_task_group_decorator to None, run_after=None
[2026-04-10T00:23:19.500+0000] {processor.py:208} INFO - Processing /home/airflow/.local/lib/python3.12/site-packages/airflow/example_dags/example_task_group_decorator.py took 0.044 seconds
[2026-04-10T00:38:49.305+0000] {processor.py:186} INFO - Started process (PID=78770) to work on /home/airflow/.local/lib/python3.12/site-packages/airflow/example_dags/example_task_group_decorator.py
[2026-04-10T00:38:49.305+0000] {processor.py:914} INFO - Processing file /home/airflow/.local/lib/python3.12/site-packages/airflow/example_dags/example_task_group_decorator.py for tasks to queue
[2026-04-10T00:38:49.306+0000] {logging_mixin.py:190} INFO - [2026-04-10T00:38:49.306+0000] {dagbag.py:588} INFO - Filling up the DagBag from /home/airflow/.local/lib/python3.12/site-packages/airflow/example_dags/example_task_group_decorator.py
[2026-04-10T00:38:49.311+0000] {processor.py:925} INFO - DAG(s) 'example_task_group_decorator' retrieved from /home/airflow/.local/lib/python3.12/site-packages/airflow/example_dags/example_task_group_decorator.py
[2026-04-10T00:38:49.319+0000] {logging_mixin.py:190} INFO - [2026-04-10T00:38:49.319+0000] {dag.py:3239} INFO - Sync 1 DAGs
[2026-04-10T00:38:49.324+0000] {logging_mixin.py:190} INFO - [2026-04-10T00:38:49.324+0000] {dag.py:4180} INFO - Setting next_dagrun for example_task_group_decorator to None, run_after=None
[2026-04-10T00:38:49.329+0000] {processor.py:208} INFO - Processing /home/airflow/.local/lib/python3.12/site-packages/airflow/example_dags/example_task_group_decorator.py took 0.026 seconds
[2026-04-10T00:41:53.736+0000] {processor.py:186} INFO - Started process (PID=78834) to work on /home/airflow/.local/lib/python3.12/site-packages/airflow/example_dags/example_task_group_decorator.py
[2026-04-10T00:41:53.736+0000] {processor.py:914} INFO - Processing file /home/airflow/.local/lib/python3.12/site-packages/airflow/example_dags/example_task_group_decorator.py for tasks to queue
[2026-04-10T00:41:53.736+0000] {logging_mixin.py:190} INFO - [2026-04-10T00:41:53.736+0000] {dagbag.py:588} INFO - Filling up the DagBag from /home/airflow/.local/lib/python3.12/site-packages/airflow/example_dags/example_task_group_decorator.py
[2026-04-10T00:41:53.742+0000] {processor.py:925} INFO - DAG(s) 'example_task_group_decorator' retrieved from /home/airflow/.local/lib/python3.12/site-packages/airflow/example_dags/example_task_group_decorator.py
[2026-04-10T00:41:53.751+0000] {logging_mixin.py:190} INFO - [2026-04-10T00:41:53.751+0000] {dag.py:3239} INFO - Sync 1 DAGs
[2026-04-10T00:41:53.756+0000] {logging_mixin.py:190} INFO - [2026-04-10T00:41:53.756+0000] {dag.py:4180} INFO - Setting next_dagrun for example_task_group_decorator to None, run_after=None
[2026-04-10T00:41:53.762+0000] {processor.py:208} INFO - Processing /home/airflow/.local/lib/python3.12/site-packages/airflow/example_dags/example_task_group_decorator.py took 0.029 seconds
[2026-04-10T00:42:24.996+0000] {processor.py:186} INFO - Started process (PID=78897) to work on /home/airflow/.local/lib/python3.12/site-packages/airflow/example_dags/example_task_group_decorator.py
[2026-04-10T00:42:24.996+0000] {processor.py:914} INFO - Processing file /home/airflow/.local/lib/python3.12/site-packages/airflow/example_dags/example_task_group_decorator.py for tasks to queue
[2026-04-10T00:42:24.997+0000] {logging_mixin.py:190} INFO - [2026-04-10T00:42:24.997+0000] {dagbag.py:588} INFO - Filling up the DagBag from /home/airflow/.local/lib/python3.12/site-packages/airflow/example_dags/example_task_group_decorator.py
[2026-04-10T00:42:25.002+0000] {processor.py:925} INFO - DAG(s) 'example_task_group_decorator' retrieved from /home/airflow/.local/lib/python3.12/site-packages/airflow/example_dags/example_task_group_decorator.py
[2026-04-10T00:42:25.010+0000] {logging_mixin.py:190} INFO - [2026-04-10T00:42:25.010+0000] {dag.py:3239} INFO - Sync 1 DAGs
[2026-04-10T00:42:25.014+0000] {logging_mixin.py:190} INFO - [2026-04-10T00:42:25.014+0000] {dag.py:4180} INFO - Setting next_dagrun for example_task_group_decorator to None, run_after=None
[2026-04-10T00:42:25.019+0000] {processor.py:208} INFO - Processing /home/airflow/.local/lib/python3.12/site-packages/airflow/example_dags/example_task_group_decorator.py took 0.025 seconds
[2026-04-10T00:57:55.573+0000] {processor.py:186} INFO - Started process (PID=78962) to work on /home/airflow/.local/lib/python3.12/site-packages/airflow/example_dags/example_task_group_decorator.py
[2026-04-10T00:57:55.573+0000] {processor.py:914} INFO - Processing file /home/airflow/.local/lib/python3.12/site-packages/airflow/example_dags/example_task_group_decorator.py for tasks to queue
[2026-04-10T00:57:55.574+0000] {logging_mixin.py:190} INFO - [2026-04-10T00:57:55.574+0000] {dagbag.py:588} INFO - Filling up the DagBag from /home/airflow/.local/lib/python3.12/site-packages/airflow/example_dags/example_task_group_decorator.py
[2026-04-10T00:57:55.579+0000] {processor.py:925} INFO - DAG(s) 'example_task_group_decorator' retrieved from /home/airflow/.local/lib/python3.12/site-packages/airflow/example_dags/example_task_group_decorator.py
[2026-04-10T00:57:55.587+0000] {logging_mixin.py:190} INFO - [2026-04-10T00:57:55.587+0000] {dag.py:3239} INFO - Sync 1 DAGs
[2026-04-10T00:57:55.591+0000] {logging_mixin.py:190} INFO - [2026-04-10T00:57:55.591+0000] {dag.py:4180} INFO - Setting next_dagrun for example_task_group_decorator to None, run_after=None
[2026-04-10T00:57:55.596+0000] {processor.py:208} INFO - Processing /home/airflow/.local/lib/python3.12/site-packages/airflow/example_dags/example_task_group_decorator.py took 0.025 seconds
[2026-04-10T01:13:29.146+0000] {processor.py:186} INFO - Started process (PID=79026) to work on /home/airflow/.local/lib/python3.12/site-packages/airflow/example_dags/example_task_group_decorator.py
[2026-04-10T01:13:29.148+0000] {processor.py:914} INFO - Processing file /home/airflow/.local/lib/python3.12/site-packages/airflow/example_dags/example_task_group_decorator.py for tasks to queue
[2026-04-10T01:13:29.150+0000] {logging_mixin.py:190} INFO - [2026-04-10T01:13:29.149+0000] {dagbag.py:588} INFO - Filling up the DagBag from /home/airflow/.local/lib/python3.12/site-packages/airflow/example_dags/example_task_group_decorator.py
[2026-04-10T01:13:29.167+0000] {processor.py:925} INFO - DAG(s) 'example_task_group_decorator' retrieved from /home/airflow/.local/lib/python3.12/site-packages/airflow/example_dags/example_task_group_decorator.py
[2026-04-10T01:13:29.196+0000] {logging_mixin.py:190} INFO - [2026-04-10T01:13:29.195+0000] {dag.py:3239} INFO - Sync 1 DAGs
[2026-04-10T01:13:29.216+0000] {logging_mixin.py:190} INFO - [2026-04-10T01:13:29.216+0000] {dag.py:4180} INFO - Setting next_dagrun for example_task_group_decorator to None, run_after=None
[2026-04-10T01:13:29.240+0000] {processor.py:208} INFO - Processing /home/airflow/.local/lib/python3.12/site-packages/airflow/example_dags/example_task_group_decorator.py took 0.102 seconds
[2026-04-10T01:14:00.242+0000] {processor.py:186} INFO - Started process (PID=79089) to work on /home/airflow/.local/lib/python3.12/site-packages/airflow/example_dags/example_task_group_decorator.py
[2026-04-10T01:14:00.244+0000] {processor.py:914} INFO - Processing file /home/airflow/.local/lib/python3.12/site-packages/airflow/example_dags/example_task_group_decorator.py for tasks to queue
[2026-04-10T01:14:00.247+0000] {logging_mixin.py:190} INFO - [2026-04-10T01:14:00.247+0000] {dagbag.py:588} INFO - Filling up the DagBag from /home/airflow/.local/lib/python3.12/site-packages/airflow/example_dags/example_task_group_decorator.py
[2026-04-10T01:14:00.257+0000] {processor.py:925} INFO - DAG(s) 'example_task_group_decorator' retrieved from /home/airflow/.local/lib/python3.12/site-packages/airflow/example_dags/example_task_group_decorator.py
[2026-04-10T01:14:00.268+0000] {logging_mixin.py:190} INFO - [2026-04-10T01:14:00.268+0000] {dag.py:3239} INFO - Sync 1 DAGs
[2026-04-10T01:14:00.275+0000] {logging_mixin.py:190} INFO - [2026-04-10T01:14:00.275+0000] {dag.py:4180} INFO - Setting next_dagrun for example_task_group_decorator to None, run_after=None
[2026-04-10T01:14:00.282+0000] {processor.py:208} INFO - Processing /home/airflow/.local/lib/python3.12/site-packages/airflow/example_dags/example_task_group_decorator.py took 0.045 seconds
[2026-04-10T01:29:26.718+0000] {processor.py:186} INFO - Started process (PID=79153) to work on /home/airflow/.local/lib/python3.12/site-packages/airflow/example_dags/example_task_group_decorator.py
[2026-04-10T01:29:26.719+0000] {processor.py:914} INFO - Processing file /home/airflow/.local/lib/python3.12/site-packages/airflow/example_dags/example_task_group_decorator.py for tasks to queue
[2026-04-10T01:29:26.719+0000] {logging_mixin.py:190} INFO - [2026-04-10T01:29:26.719+0000] {dagbag.py:588} INFO - Filling up the DagBag from /home/airflow/.local/lib/python3.12/site-packages/airflow/example_dags/example_task_group_decorator.py
[2026-04-10T01:29:26.725+0000] {processor.py:925} INFO - DAG(s) 'example_task_group_decorator' retrieved from /home/airflow/.local/lib/python3.12/site-packages/airflow/example_dags/example_task_group_decorator.py
[2026-04-10T01:29:26.741+0000] {logging_mixin.py:190} INFO - [2026-04-10T01:29:26.741+0000] {dag.py:3239} INFO - Sync 1 DAGs
[2026-04-10T01:29:26.747+0000] {logging_mixin.py:190} INFO - [2026-04-10T01:29:26.747+0000] {dag.py:4180} INFO - Setting next_dagrun for example_task_group_decorator to None, run_after=None
[2026-04-10T01:29:26.752+0000] {processor.py:208} INFO - Processing /home/airflow/.local/lib/python3.12/site-packages/airflow/example_dags/example_task_group_decorator.py took 0.036 seconds
[2026-04-10T01:29:57.196+0000] {processor.py:186} INFO - Started process (PID=79217) to work on /home/airflow/.local/lib/python3.12/site-packages/airflow/example_dags/example_task_group_decorator.py
[2026-04-10T01:29:57.197+0000] {processor.py:914} INFO - Processing file /home/airflow/.local/lib/python3.12/site-packages/airflow/example_dags/example_task_group_decorator.py for tasks to queue
[2026-04-10T01:29:57.197+0000] {logging_mixin.py:190} INFO - [2026-04-10T01:29:57.197+0000] {dagbag.py:588} INFO - Filling up the DagBag from /home/airflow/.local/lib/python3.12/site-packages/airflow/example_dags/example_task_group_decorator.py
[2026-04-10T01:29:57.204+0000] {processor.py:925} INFO - DAG(s) 'example_task_group_decorator' retrieved from /home/airflow/.local/lib/python3.12/site-packages/airflow/example_dags/example_task_group_decorator.py
[2026-04-10T01:29:57.214+0000] {logging_mixin.py:190} INFO - [2026-04-10T01:29:57.214+0000] {dag.py:3239} INFO - Sync 1 DAGs
[2026-04-10T01:29:57.220+0000] {logging_mixin.py:190} INFO - [2026-04-10T01:29:57.219+0000] {dag.py:4180} INFO - Setting next_dagrun for example_task_group_decorator to None, run_after=None
[2026-04-10T01:29:57.230+0000] {processor.py:208} INFO - Processing /home/airflow/.local/lib/python3.12/site-packages/airflow/example_dags/example_task_group_decorator.py took 0.036 seconds
[2026-04-10T01:43:16.501+0000] {processor.py:186} INFO - Started process (PID=79281) to work on /home/airflow/.local/lib/python3.12/site-packages/airflow/example_dags/example_task_group_decorator.py
[2026-04-10T01:43:16.502+0000] {processor.py:914} INFO - Processing file /home/airflow/.local/lib/python3.12/site-packages/airflow/example_dags/example_task_group_decorator.py for tasks to queue
[2026-04-10T01:43:16.502+0000] {logging_mixin.py:190} INFO - [2026-04-10T01:43:16.502+0000] {dagbag.py:588} INFO - Filling up the DagBag from /home/airflow/.local/lib/python3.12/site-packages/airflow/example_dags/example_task_group_decorator.py
[2026-04-10T01:43:16.507+0000] {processor.py:925} INFO - DAG(s) 'example_task_group_decorator' retrieved from /home/airflow/.local/lib/python3.12/site-packages/airflow/example_dags/example_task_group_decorator.py
[2026-04-10T01:43:16.515+0000] {logging_mixin.py:190} INFO - [2026-04-10T01:43:16.515+0000] {dag.py:3239} INFO - Sync 1 DAGs
[2026-04-10T01:43:16.521+0000] {logging_mixin.py:190} INFO - [2026-04-10T01:43:16.520+0000] {dag.py:4180} INFO - Setting next_dagrun for example_task_group_decorator to None, run_after=None
[2026-04-10T01:43:16.526+0000] {processor.py:208} INFO - Processing /home/airflow/.local/lib/python3.12/site-packages/airflow/example_dags/example_task_group_decorator.py took 0.027 seconds
[2026-04-10T01:58:48.371+0000] {processor.py:186} INFO - Started process (PID=79345) to work on /home/airflow/.local/lib/python3.12/site-packages/airflow/example_dags/example_task_group_decorator.py
[2026-04-10T01:58:48.372+0000] {processor.py:914} INFO - Processing file /home/airflow/.local/lib/python3.12/site-packages/airflow/example_dags/example_task_group_decorator.py for tasks to queue
[2026-04-10T01:58:48.372+0000] {logging_mixin.py:190} INFO - [2026-04-10T01:58:48.372+0000] {dagbag.py:588} INFO - Filling up the DagBag from /home/airflow/.local/lib/python3.12/site-packages/airflow/example_dags/example_task_group_decorator.py
[2026-04-10T01:58:48.377+0000] {processor.py:925} INFO - DAG(s) 'example_task_group_decorator' retrieved from /home/airflow/.local/lib/python3.12/site-packages/airflow/example_dags/example_task_group_decorator.py
[2026-04-10T01:58:48.390+0000] {logging_mixin.py:190} INFO - [2026-04-10T01:58:48.390+0000] {dag.py:3239} INFO - Sync 1 DAGs
[2026-04-10T01:58:48.395+0000] {logging_mixin.py:190} INFO - [2026-04-10T01:58:48.395+0000] {dag.py:4180} INFO - Setting next_dagrun for example_task_group_decorator to None, run_after=None
[2026-04-10T01:58:48.400+0000] {processor.py:208} INFO - Processing /home/airflow/.local/lib/python3.12/site-packages/airflow/example_dags/example_task_group_decorator.py took 0.031 seconds
[2026-04-10T01:59:19.615+0000] {processor.py:186} INFO - Started process (PID=79408) to work on /home/airflow/.local/lib/python3.12/site-packages/airflow/example_dags/example_task_group_decorator.py
[2026-04-10T01:59:19.616+0000] {processor.py:914} INFO - Processing file /home/airflow/.local/lib/python3.12/site-packages/airflow/example_dags/example_task_group_decorator.py for tasks to queue
[2026-04-10T01:59:19.619+0000] {logging_mixin.py:190} INFO - [2026-04-10T01:59:19.618+0000] {dagbag.py:588} INFO - Filling up the DagBag from /home/airflow/.local/lib/python3.12/site-packages/airflow/example_dags/example_task_group_decorator.py
[2026-04-10T01:59:19.625+0000] {processor.py:925} INFO - DAG(s) 'example_task_group_decorator' retrieved from /home/airflow/.local/lib/python3.12/site-packages/airflow/example_dags/example_task_group_decorator.py
[2026-04-10T01:59:19.635+0000] {logging_mixin.py:190} INFO - [2026-04-10T01:59:19.635+0000] {dag.py:3239} INFO - Sync 1 DAGs
[2026-04-10T01:59:19.642+0000] {logging_mixin.py:190} INFO - [2026-04-10T01:59:19.642+0000] {dag.py:4180} INFO - Setting next_dagrun for example_task_group_decorator to None, run_after=None
[2026-04-10T01:59:19.651+0000] {processor.py:208} INFO - Processing /home/airflow/.local/lib/python3.12/site-packages/airflow/example_dags/example_task_group_decorator.py took 0.038 seconds
[2026-04-10T02:14:52.071+0000] {processor.py:186} INFO - Started process (PID=79473) to work on /home/airflow/.local/lib/python3.12/site-packages/airflow/example_dags/example_task_group_decorator.py
[2026-04-10T02:14:52.072+0000] {processor.py:914} INFO - Processing file /home/airflow/.local/lib/python3.12/site-packages/airflow/example_dags/example_task_group_decorator.py for tasks to queue
[2026-04-10T02:14:52.072+0000] {logging_mixin.py:190} INFO - [2026-04-10T02:14:52.072+0000] {dagbag.py:588} INFO - Filling up the DagBag from /home/airflow/.local/lib/python3.12/site-packages/airflow/example_dags/example_task_group_decorator.py
[2026-04-10T02:14:52.078+0000] {processor.py:925} INFO - DAG(s) 'example_task_group_decorator' retrieved from /home/airflow/.local/lib/python3.12/site-packages/airflow/example_dags/example_task_group_decorator.py
[2026-04-10T02:14:52.088+0000] {logging_mixin.py:190} INFO - [2026-04-10T02:14:52.088+0000] {dag.py:3239} INFO - Sync 1 DAGs
[2026-04-10T02:14:52.093+0000] {logging_mixin.py:190} INFO - [2026-04-10T02:14:52.093+0000] {dag.py:4180} INFO - Setting next_dagrun for example_task_group_decorator to None, run_after=None
[2026-04-10T02:14:52.099+0000] {processor.py:208} INFO - Processing /home/airflow/.local/lib/python3.12/site-packages/airflow/example_dags/example_task_group_decorator.py took 0.031 seconds
[2026-04-10T02:20:02.776+0000] {processor.py:186} INFO - Started process (PID=79537) to work on /home/airflow/.local/lib/python3.12/site-packages/airflow/example_dags/example_task_group_decorator.py
[2026-04-10T02:20:02.776+0000] {processor.py:914} INFO - Processing file /home/airflow/.local/lib/python3.12/site-packages/airflow/example_dags/example_task_group_decorator.py for tasks to queue
[2026-04-10T02:20:02.777+0000] {logging_mixin.py:190} INFO - [2026-04-10T02:20:02.777+0000] {dagbag.py:588} INFO - Filling up the DagBag from /home/airflow/.local/lib/python3.12/site-packages/airflow/example_dags/example_task_group_decorator.py
[2026-04-10T02:20:02.786+0000] {processor.py:925} INFO - DAG(s) 'example_task_group_decorator' retrieved from /home/airflow/.local/lib/python3.12/site-packages/airflow/example_dags/example_task_group_decorator.py
[2026-04-10T02:20:02.802+0000] {logging_mixin.py:190} INFO - [2026-04-10T02:20:02.802+0000] {dag.py:3239} INFO - Sync 1 DAGs
[2026-04-10T02:20:02.812+0000] {logging_mixin.py:190} INFO - [2026-04-10T02:20:02.811+0000] {dag.py:4180} INFO - Setting next_dagrun for example_task_group_decorator to None, run_after=None
[2026-04-10T02:20:02.820+0000] {processor.py:208} INFO - Processing /home/airflow/.local/lib/python3.12/site-packages/airflow/example_dags/example_task_group_decorator.py took 0.048 seconds
[2026-04-10T02:20:33.341+0000] {processor.py:186} INFO - Started process (PID=79601) to work on /home/airflow/.local/lib/python3.12/site-packages/airflow/example_dags/example_task_group_decorator.py
[2026-04-10T02:20:33.341+0000] {processor.py:914} INFO - Processing file /home/airflow/.local/lib/python3.12/site-packages/airflow/example_dags/example_task_group_decorator.py for tasks to queue
[2026-04-10T02:20:33.342+0000] {logging_mixin.py:190} INFO - [2026-04-10T02:20:33.342+0000] {dagbag.py:588} INFO - Filling up the DagBag from /home/airflow/.local/lib/python3.12/site-packages/airflow/example_dags/example_task_group_decorator.py
[2026-04-10T02:20:33.348+0000] {processor.py:925} INFO - DAG(s) 'example_task_group_decorator' retrieved from /home/airflow/.local/lib/python3.12/site-packages/airflow/example_dags/example_task_group_decorator.py
[2026-04-10T02:20:33.357+0000] {logging_mixin.py:190} INFO - [2026-04-10T02:20:33.357+0000] {dag.py:3239} INFO - Sync 1 DAGs
[2026-04-10T02:20:33.362+0000] {logging_mixin.py:190} INFO - [2026-04-10T02:20:33.362+0000] {dag.py:4180} INFO - Setting next_dagrun for example_task_group_decorator to None, run_after=None
[2026-04-10T02:20:33.368+0000] {processor.py:208} INFO - Processing /home/airflow/.local/lib/python3.12/site-packages/airflow/example_dags/example_task_group_decorator.py took 0.030 seconds
[2026-04-10T02:38:22.212+0000] {processor.py:186} INFO - Started process (PID=79665) to work on /home/airflow/.local/lib/python3.12/site-packages/airflow/example_dags/example_task_group_decorator.py
[2026-04-10T02:38:22.213+0000] {processor.py:914} INFO - Processing file /home/airflow/.local/lib/python3.12/site-packages/airflow/example_dags/example_task_group_decorator.py for tasks to queue
[2026-04-10T02:38:22.213+0000] {logging_mixin.py:190} INFO - [2026-04-10T02:38:22.213+0000] {dagbag.py:588} INFO - Filling up the DagBag from /home/airflow/.local/lib/python3.12/site-packages/airflow/example_dags/example_task_group_decorator.py
[2026-04-10T02:38:22.219+0000] {processor.py:925} INFO - DAG(s) 'example_task_group_decorator' retrieved from /home/airflow/.local/lib/python3.12/site-packages/airflow/example_dags/example_task_group_decorator.py
[2026-04-10T02:38:22.229+0000] {logging_mixin.py:190} INFO - [2026-04-10T02:38:22.228+0000] {dag.py:3239} INFO - Sync 1 DAGs
[2026-04-10T02:38:22.233+0000] {logging_mixin.py:190} INFO - [2026-04-10T02:38:22.233+0000] {dag.py:4180} INFO - Setting next_dagrun for example_task_group_decorator to None, run_after=None
[2026-04-10T02:38:22.239+0000] {processor.py:208} INFO - Processing /home/airflow/.local/lib/python3.12/site-packages/airflow/example_dags/example_task_group_decorator.py took 0.029 seconds
[2026-04-10T02:44:09.070+0000] {processor.py:186} INFO - Started process (PID=79729) to work on /home/airflow/.local/lib/python3.12/site-packages/airflow/example_dags/example_task_group_decorator.py
[2026-04-10T02:44:09.071+0000] {processor.py:914} INFO - Processing file /home/airflow/.local/lib/python3.12/site-packages/airflow/example_dags/example_task_group_decorator.py for tasks to queue
[2026-04-10T02:44:09.071+0000] {logging_mixin.py:190} INFO - [2026-04-10T02:44:09.071+0000] {dagbag.py:588} INFO - Filling up the DagBag from /home/airflow/.local/lib/python3.12/site-packages/airflow/example_dags/example_task_group_decorator.py
[2026-04-10T02:44:09.076+0000] {processor.py:925} INFO - DAG(s) 'example_task_group_decorator' retrieved from /home/airflow/.local/lib/python3.12/site-packages/airflow/example_dags/example_task_group_decorator.py
[2026-04-10T02:44:09.085+0000] {logging_mixin.py:190} INFO - [2026-04-10T02:44:09.085+0000] {dag.py:3239} INFO - Sync 1 DAGs
[2026-04-10T02:44:09.090+0000] {logging_mixin.py:190} INFO - [2026-04-10T02:44:09.090+0000] {dag.py:4180} INFO - Setting next_dagrun for example_task_group_decorator to None, run_after=None
[2026-04-10T02:44:09.096+0000] {processor.py:208} INFO - Processing /home/airflow/.local/lib/python3.12/site-packages/airflow/example_dags/example_task_group_decorator.py took 0.027 seconds
[2026-04-10T02:59:40.671+0000] {processor.py:186} INFO - Started process (PID=79793) to work on /home/airflow/.local/lib/python3.12/site-packages/airflow/example_dags/example_task_group_decorator.py
[2026-04-10T02:59:40.671+0000] {processor.py:914} INFO - Processing file /home/airflow/.local/lib/python3.12/site-packages/airflow/example_dags/example_task_group_decorator.py for tasks to queue
[2026-04-10T02:59:40.672+0000] {logging_mixin.py:190} INFO - [2026-04-10T02:59:40.672+0000] {dagbag.py:588} INFO - Filling up the DagBag from /home/airflow/.local/lib/python3.12/site-packages/airflow/example_dags/example_task_group_decorator.py
[2026-04-10T02:59:40.678+0000] {processor.py:925} INFO - DAG(s) 'example_task_group_decorator' retrieved from /home/airflow/.local/lib/python3.12/site-packages/airflow/example_dags/example_task_group_decorator.py
[2026-04-10T02:59:40.687+0000] {logging_mixin.py:190} INFO - [2026-04-10T02:59:40.687+0000] {dag.py:3239} INFO - Sync 1 DAGs
[2026-04-10T02:59:40.693+0000] {logging_mixin.py:190} INFO - [2026-04-10T02:59:40.693+0000] {dag.py:4180} INFO - Setting next_dagrun for example_task_group_decorator to None, run_after=None
[2026-04-10T02:59:40.699+0000] {processor.py:208} INFO - Processing /home/airflow/.local/lib/python3.12/site-packages/airflow/example_dags/example_task_group_decorator.py took 0.031 seconds
[2026-04-10T03:00:10.989+0000] {processor.py:186} INFO - Started process (PID=79857) to work on /home/airflow/.local/lib/python3.12/site-packages/airflow/example_dags/example_task_group_decorator.py
[2026-04-10T03:00:10.989+0000] {processor.py:914} INFO - Processing file /home/airflow/.local/lib/python3.12/site-packages/airflow/example_dags/example_task_group_decorator.py for tasks to queue
[2026-04-10T03:00:10.990+0000] {logging_mixin.py:190} INFO - [2026-04-10T03:00:10.990+0000] {dagbag.py:588} INFO - Filling up the DagBag from /home/airflow/.local/lib/python3.12/site-packages/airflow/example_dags/example_task_group_decorator.py
[2026-04-10T03:00:10.995+0000] {processor.py:925} INFO - DAG(s) 'example_task_group_decorator' retrieved from /home/airflow/.local/lib/python3.12/site-packages/airflow/example_dags/example_task_group_decorator.py
[2026-04-10T03:00:11.003+0000] {logging_mixin.py:190} INFO - [2026-04-10T03:00:11.003+0000] {dag.py:3239} INFO - Sync 1 DAGs
[2026-04-10T03:00:11.008+0000] {logging_mixin.py:190} INFO - [2026-04-10T03:00:11.008+0000] {dag.py:4180} INFO - Setting next_dagrun for example_task_group_decorator to None, run_after=None
[2026-04-10T03:00:11.013+0000] {processor.py:208} INFO - Processing /home/airflow/.local/lib/python3.12/site-packages/airflow/example_dags/example_task_group_decorator.py took 0.027 seconds
[2026-04-10T03:15:41.783+0000] {processor.py:186} INFO - Started process (PID=79921) to work on /home/airflow/.local/lib/python3.12/site-packages/airflow/example_dags/example_task_group_decorator.py
[2026-04-10T03:15:41.784+0000] {processor.py:914} INFO - Processing file /home/airflow/.local/lib/python3.12/site-packages/airflow/example_dags/example_task_group_decorator.py for tasks to queue
[2026-04-10T03:15:41.784+0000] {logging_mixin.py:190} INFO - [2026-04-10T03:15:41.784+0000] {dagbag.py:588} INFO - Filling up the DagBag from /home/airflow/.local/lib/python3.12/site-packages/airflow/example_dags/example_task_group_decorator.py
[2026-04-10T03:15:41.790+0000] {processor.py:925} INFO - DAG(s) 'example_task_group_decorator' retrieved from /home/airflow/.local/lib/python3.12/site-packages/airflow/example_dags/example_task_group_decorator.py
[2026-04-10T03:15:41.799+0000] {logging_mixin.py:190} INFO - [2026-04-10T03:15:41.799+0000] {dag.py:3239} INFO - Sync 1 DAGs
[2026-04-10T03:15:41.806+0000] {logging_mixin.py:190} INFO - [2026-04-10T03:15:41.805+0000] {dag.py:4180} INFO - Setting next_dagrun for example_task_group_decorator to None, run_after=None
[2026-04-10T03:15:41.812+0000] {processor.py:208} INFO - Processing /home/airflow/.local/lib/python3.12/site-packages/airflow/example_dags/example_task_group_decorator.py took 0.031 seconds
[2026-04-10T03:23:21.381+0000] {processor.py:186} INFO - Started process (PID=79985) to work on /home/airflow/.local/lib/python3.12/site-packages/airflow/example_dags/example_task_group_decorator.py
[2026-04-10T03:23:21.382+0000] {processor.py:914} INFO - Processing file /home/airflow/.local/lib/python3.12/site-packages/airflow/example_dags/example_task_group_decorator.py for tasks to queue
[2026-04-10T03:23:21.382+0000] {logging_mixin.py:190} INFO - [2026-04-10T03:23:21.382+0000] {dagbag.py:588} INFO - Filling up the DagBag from /home/airflow/.local/lib/python3.12/site-packages/airflow/example_dags/example_task_group_decorator.py
[2026-04-10T03:23:21.388+0000] {processor.py:925} INFO - DAG(s) 'example_task_group_decorator' retrieved from /home/airflow/.local/lib/python3.12/site-packages/airflow/example_dags/example_task_group_decorator.py
[2026-04-10T03:23:21.400+0000] {logging_mixin.py:190} INFO - [2026-04-10T03:23:21.399+0000] {dag.py:3239} INFO - Sync 1 DAGs
[2026-04-10T03:23:21.408+0000] {logging_mixin.py:190} INFO - [2026-04-10T03:23:21.408+0000] {dag.py:4180} INFO - Setting next_dagrun for example_task_group_decorator to None, run_after=None
[2026-04-10T03:23:21.420+0000] {processor.py:208} INFO - Processing /home/airflow/.local/lib/python3.12/site-packages/airflow/example_dags/example_task_group_decorator.py took 0.041 seconds
[2026-04-10T03:23:52.080+0000] {processor.py:186} INFO - Started process (PID=80049) to work on /home/airflow/.local/lib/python3.12/site-packages/airflow/example_dags/example_task_group_decorator.py
[2026-04-10T03:23:52.081+0000] {processor.py:914} INFO - Processing file /home/airflow/.local/lib/python3.12/site-packages/airflow/example_dags/example_task_group_decorator.py for tasks to queue
[2026-04-10T03:23:52.082+0000] {logging_mixin.py:190} INFO - [2026-04-10T03:23:52.081+0000] {dagbag.py:588} INFO - Filling up the DagBag from /home/airflow/.local/lib/python3.12/site-packages/airflow/example_dags/example_task_group_decorator.py
[2026-04-10T03:23:52.090+0000] {processor.py:925} INFO - DAG(s) 'example_task_group_decorator' retrieved from /home/airflow/.local/lib/python3.12/site-packages/airflow/example_dags/example_task_group_decorator.py
[2026-04-10T03:23:52.109+0000] {logging_mixin.py:190} INFO - [2026-04-10T03:23:52.109+0000] {dag.py:3239} INFO - Sync 1 DAGs
[2026-04-10T03:23:52.124+0000] {logging_mixin.py:190} INFO - [2026-04-10T03:23:52.124+0000] {dag.py:4180} INFO - Setting next_dagrun for example_task_group_decorator to None, run_after=None
[2026-04-10T03:23:52.133+0000] {processor.py:208} INFO - Processing /home/airflow/.local/lib/python3.12/site-packages/airflow/example_dags/example_task_group_decorator.py took 0.057 seconds
[2026-04-10T03:24:22.636+0000] {processor.py:186} INFO - Started process (PID=80113) to work on /home/airflow/.local/lib/python3.12/site-packages/airflow/example_dags/example_task_group_decorator.py
[2026-04-10T03:24:22.636+0000] {processor.py:914} INFO - Processing file /home/airflow/.local/lib/python3.12/site-packages/airflow/example_dags/example_task_group_decorator.py for tasks to queue
[2026-04-10T03:24:22.637+0000] {logging_mixin.py:190} INFO - [2026-04-10T03:24:22.636+0000] {dagbag.py:588} INFO - Filling up the DagBag from /home/airflow/.local/lib/python3.12/site-packages/airflow/example_dags/example_task_group_decorator.py
[2026-04-10T03:24:22.642+0000] {processor.py:925} INFO - DAG(s) 'example_task_group_decorator' retrieved from /home/airflow/.local/lib/python3.12/site-packages/airflow/example_dags/example_task_group_decorator.py
[2026-04-10T03:24:22.659+0000] {logging_mixin.py:190} INFO - [2026-04-10T03:24:22.659+0000] {dag.py:3239} INFO - Sync 1 DAGs
[2026-04-10T03:24:22.665+0000] {logging_mixin.py:190} INFO - [2026-04-10T03:24:22.664+0000] {dag.py:4180} INFO - Setting next_dagrun for example_task_group_decorator to None, run_after=None
[2026-04-10T03:24:22.676+0000] {processor.py:208} INFO - Processing /home/airflow/.local/lib/python3.12/site-packages/airflow/example_dags/example_task_group_decorator.py took 0.042 seconds
[2026-04-10T03:24:52.863+0000] {processor.py:186} INFO - Started process (PID=80177) to work on /home/airflow/.local/lib/python3.12/site-packages/airflow/example_dags/example_task_group_decorator.py
[2026-04-10T03:24:52.864+0000] {processor.py:914} INFO - Processing file /home/airflow/.local/lib/python3.12/site-packages/airflow/example_dags/example_task_group_decorator.py for tasks to queue
[2026-04-10T03:24:52.864+0000] {logging_mixin.py:190} INFO - [2026-04-10T03:24:52.864+0000] {dagbag.py:588} INFO - Filling up the DagBag from /home/airflow/.local/lib/python3.12/site-packages/airflow/example_dags/example_task_group_decorator.py
[2026-04-10T03:24:52.871+0000] {processor.py:925} INFO - DAG(s) 'example_task_group_decorator' retrieved from /home/airflow/.local/lib/python3.12/site-packages/airflow/example_dags/example_task_group_decorator.py
[2026-04-10T03:24:52.882+0000] {logging_mixin.py:190} INFO - [2026-04-10T03:24:52.882+0000] {dag.py:3239} INFO - Sync 1 DAGs
[2026-04-10T03:24:52.888+0000] {logging_mixin.py:190} INFO - [2026-04-10T03:24:52.888+0000] {dag.py:4180} INFO - Setting next_dagrun for example_task_group_decorator to None, run_after=None
[2026-04-10T03:24:52.894+0000] {processor.py:208} INFO - Processing /home/airflow/.local/lib/python3.12/site-packages/airflow/example_dags/example_task_group_decorator.py took 0.034 seconds
[2026-04-10T03:25:23.310+0000] {processor.py:186} INFO - Started process (PID=80241) to work on /home/airflow/.local/lib/python3.12/site-packages/airflow/example_dags/example_task_group_decorator.py
[2026-04-10T03:25:23.311+0000] {processor.py:914} INFO - Processing file /home/airflow/.local/lib/python3.12/site-packages/airflow/example_dags/example_task_group_decorator.py for tasks to queue
[2026-04-10T03:25:23.311+0000] {logging_mixin.py:190} INFO - [2026-04-10T03:25:23.311+0000] {dagbag.py:588} INFO - Filling up the DagBag from /home/airflow/.local/lib/python3.12/site-packages/airflow/example_dags/example_task_group_decorator.py
[2026-04-10T03:25:23.317+0000] {processor.py:925} INFO - DAG(s) 'example_task_group_decorator' retrieved from /home/airflow/.local/lib/python3.12/site-packages/airflow/example_dags/example_task_group_decorator.py
[2026-04-10T03:25:23.328+0000] {logging_mixin.py:190} INFO - [2026-04-10T03:25:23.328+0000] {dag.py:3239} INFO - Sync 1 DAGs
[2026-04-10T03:25:23.333+0000] {logging_mixin.py:190} INFO - [2026-04-10T03:25:23.333+0000] {dag.py:4180} INFO - Setting next_dagrun for example_task_group_decorator to None, run_after=None
[2026-04-10T03:25:23.340+0000] {processor.py:208} INFO - Processing /home/airflow/.local/lib/python3.12/site-packages/airflow/example_dags/example_task_group_decorator.py took 0.032 seconds
[2026-04-10T03:25:53.847+0000] {processor.py:186} INFO - Started process (PID=80305) to work on /home/airflow/.local/lib/python3.12/site-packages/airflow/example_dags/example_task_group_decorator.py
[2026-04-10T03:25:53.847+0000] {processor.py:914} INFO - Processing file /home/airflow/.local/lib/python3.12/site-packages/airflow/example_dags/example_task_group_decorator.py for tasks to queue
[2026-04-10T03:25:53.848+0000] {logging_mixin.py:190} INFO - [2026-04-10T03:25:53.847+0000] {dagbag.py:588} INFO - Filling up the DagBag from /home/airflow/.local/lib/python3.12/site-packages/airflow/example_dags/example_task_group_decorator.py
[2026-04-10T03:25:53.854+0000] {processor.py:925} INFO - DAG(s) 'example_task_group_decorator' retrieved from /home/airflow/.local/lib/python3.12/site-packages/airflow/example_dags/example_task_group_decorator.py
[2026-04-10T03:25:53.864+0000] {logging_mixin.py:190} INFO - [2026-04-10T03:25:53.864+0000] {dag.py:3239} INFO - Sync 1 DAGs
[2026-04-10T03:25:53.870+0000] {logging_mixin.py:190} INFO - [2026-04-10T03:25:53.870+0000] {dag.py:4180} INFO - Setting next_dagrun for example_task_group_decorator to None, run_after=None
[2026-04-10T03:25:53.876+0000] {processor.py:208} INFO - Processing /home/airflow/.local/lib/python3.12/site-packages/airflow/example_dags/example_task_group_decorator.py took 0.032 seconds
[2026-04-10T03:26:25.078+0000] {processor.py:186} INFO - Started process (PID=80369) to work on /home/airflow/.local/lib/python3.12/site-packages/airflow/example_dags/example_task_group_decorator.py
[2026-04-10T03:26:25.078+0000] {processor.py:914} INFO - Processing file /home/airflow/.local/lib/python3.12/site-packages/airflow/example_dags/example_task_group_decorator.py for tasks to queue
[2026-04-10T03:26:25.079+0000] {logging_mixin.py:190} INFO - [2026-04-10T03:26:25.079+0000] {dagbag.py:588} INFO - Filling up the DagBag from /home/airflow/.local/lib/python3.12/site-packages/airflow/example_dags/example_task_group_decorator.py
[2026-04-10T03:26:25.087+0000] {processor.py:925} INFO - DAG(s) 'example_task_group_decorator' retrieved from /home/airflow/.local/lib/python3.12/site-packages/airflow/example_dags/example_task_group_decorator.py
[2026-04-10T03:26:25.099+0000] {logging_mixin.py:190} INFO - [2026-04-10T03:26:25.099+0000] {dag.py:3239} INFO - Sync 1 DAGs
[2026-04-10T03:26:25.107+0000] {logging_mixin.py:190} INFO - [2026-04-10T03:26:25.107+0000] {dag.py:4180} INFO - Setting next_dagrun for example_task_group_decorator to None, run_after=None
[2026-04-10T03:26:25.117+0000] {processor.py:208} INFO - Processing /home/airflow/.local/lib/python3.12/site-packages/airflow/example_dags/example_task_group_decorator.py took 0.042 seconds
[2026-04-10T03:26:55.502+0000] {processor.py:186} INFO - Started process (PID=80432) to work on /home/airflow/.local/lib/python3.12/site-packages/airflow/example_dags/example_task_group_decorator.py
[2026-04-10T03:26:55.503+0000] {processor.py:914} INFO - Processing file /home/airflow/.local/lib/python3.12/site-packages/airflow/example_dags/example_task_group_decorator.py for tasks to queue
[2026-04-10T03:26:55.503+0000] {logging_mixin.py:190} INFO - [2026-04-10T03:26:55.503+0000] {dagbag.py:588} INFO - Filling up the DagBag from /home/airflow/.local/lib/python3.12/site-packages/airflow/example_dags/example_task_group_decorator.py
[2026-04-10T03:26:55.509+0000] {processor.py:925} INFO - DAG(s) 'example_task_group_decorator' retrieved from /home/airflow/.local/lib/python3.12/site-packages/airflow/example_dags/example_task_group_decorator.py
[2026-04-10T03:26:55.518+0000] {logging_mixin.py:190} INFO - [2026-04-10T03:26:55.518+0000] {dag.py:3239} INFO - Sync 1 DAGs
[2026-04-10T03:26:55.523+0000] {logging_mixin.py:190} INFO - [2026-04-10T03:26:55.523+0000] {dag.py:4180} INFO - Setting next_dagrun for example_task_group_decorator to None, run_after=None
[2026-04-10T03:26:55.529+0000] {processor.py:208} INFO - Processing /home/airflow/.local/lib/python3.12/site-packages/airflow/example_dags/example_task_group_decorator.py took 0.029 seconds
[2026-04-10T03:27:25.832+0000] {processor.py:186} INFO - Started process (PID=80496) to work on /home/airflow/.local/lib/python3.12/site-packages/airflow/example_dags/example_task_group_decorator.py
[2026-04-10T03:27:25.832+0000] {processor.py:914} INFO - Processing file /home/airflow/.local/lib/python3.12/site-packages/airflow/example_dags/example_task_group_decorator.py for tasks to queue
[2026-04-10T03:27:25.833+0000] {logging_mixin.py:190} INFO - [2026-04-10T03:27:25.833+0000] {dagbag.py:588} INFO - Filling up the DagBag from /home/airflow/.local/lib/python3.12/site-packages/airflow/example_dags/example_task_group_decorator.py
[2026-04-10T03:27:25.838+0000] {processor.py:925} INFO - DAG(s) 'example_task_group_decorator' retrieved from /home/airflow/.local/lib/python3.12/site-packages/airflow/example_dags/example_task_group_decorator.py
[2026-04-10T03:27:25.846+0000] {logging_mixin.py:190} INFO - [2026-04-10T03:27:25.846+0000] {dag.py:3239} INFO - Sync 1 DAGs
[2026-04-10T03:27:25.851+0000] {logging_mixin.py:190} INFO - [2026-04-10T03:27:25.851+0000] {dag.py:4180} INFO - Setting next_dagrun for example_task_group_decorator to None, run_after=None
[2026-04-10T03:27:25.856+0000] {processor.py:208} INFO - Processing /home/airflow/.local/lib/python3.12/site-packages/airflow/example_dags/example_task_group_decorator.py took 0.026 seconds
[2026-04-10T03:27:56.285+0000] {processor.py:186} INFO - Started process (PID=80561) to work on /home/airflow/.local/lib/python3.12/site-packages/airflow/example_dags/example_task_group_decorator.py
[2026-04-10T03:27:56.286+0000] {processor.py:914} INFO - Processing file /home/airflow/.local/lib/python3.12/site-packages/airflow/example_dags/example_task_group_decorator.py for tasks to queue
[2026-04-10T03:27:56.287+0000] {logging_mixin.py:190} INFO - [2026-04-10T03:27:56.287+0000] {dagbag.py:588} INFO - Filling up the DagBag from /home/airflow/.local/lib/python3.12/site-packages/airflow/example_dags/example_task_group_decorator.py
[2026-04-10T03:27:56.294+0000] {processor.py:925} INFO - DAG(s) 'example_task_group_decorator' retrieved from /home/airflow/.local/lib/python3.12/site-packages/airflow/example_dags/example_task_group_decorator.py
[2026-04-10T03:27:56.304+0000] {logging_mixin.py:190} INFO - [2026-04-10T03:27:56.304+0000] {dag.py:3239} INFO - Sync 1 DAGs
[2026-04-10T03:27:56.310+0000] {logging_mixin.py:190} INFO - [2026-04-10T03:27:56.310+0000] {dag.py:4180} INFO - Setting next_dagrun for example_task_group_decorator to None, run_after=None
[2026-04-10T03:27:56.318+0000] {processor.py:208} INFO - Processing /home/airflow/.local/lib/python3.12/site-packages/airflow/example_dags/example_task_group_decorator.py took 0.035 seconds
[2026-04-10T03:28:26.983+0000] {processor.py:186} INFO - Started process (PID=80625) to work on /home/airflow/.local/lib/python3.12/site-packages/airflow/example_dags/example_task_group_decorator.py
[2026-04-10T03:28:26.984+0000] {processor.py:914} INFO - Processing file /home/airflow/.local/lib/python3.12/site-packages/airflow/example_dags/example_task_group_decorator.py for tasks to queue
[2026-04-10T03:28:26.984+0000] {logging_mixin.py:190} INFO - [2026-04-10T03:28:26.984+0000] {dagbag.py:588} INFO - Filling up the DagBag from /home/airflow/.local/lib/python3.12/site-packages/airflow/example_dags/example_task_group_decorator.py
[2026-04-10T03:28:26.989+0000] {processor.py:925} INFO - DAG(s) 'example_task_group_decorator' retrieved from /home/airflow/.local/lib/python3.12/site-packages/airflow/example_dags/example_task_group_decorator.py
[2026-04-10T03:28:26.998+0000] {logging_mixin.py:190} INFO - [2026-04-10T03:28:26.998+0000] {dag.py:3239} INFO - Sync 1 DAGs
[2026-04-10T03:28:27.003+0000] {logging_mixin.py:190} INFO - [2026-04-10T03:28:27.003+0000] {dag.py:4180} INFO - Setting next_dagrun for example_task_group_decorator to None, run_after=None
[2026-04-10T03:28:27.008+0000] {processor.py:208} INFO - Processing /home/airflow/.local/lib/python3.12/site-packages/airflow/example_dags/example_task_group_decorator.py took 0.027 seconds
[2026-04-10T03:28:57.411+0000] {processor.py:186} INFO - Started process (PID=80688) to work on /home/airflow/.local/lib/python3.12/site-packages/airflow/example_dags/example_task_group_decorator.py
[2026-04-10T03:28:57.412+0000] {processor.py:914} INFO - Processing file /home/airflow/.local/lib/python3.12/site-packages/airflow/example_dags/example_task_group_decorator.py for tasks to queue
[2026-04-10T03:28:57.412+0000] {logging_mixin.py:190} INFO - [2026-04-10T03:28:57.412+0000] {dagbag.py:588} INFO - Filling up the DagBag from /home/airflow/.local/lib/python3.12/site-packages/airflow/example_dags/example_task_group_decorator.py
[2026-04-10T03:28:57.418+0000] {processor.py:925} INFO - DAG(s) 'example_task_group_decorator' retrieved from /home/airflow/.local/lib/python3.12/site-packages/airflow/example_dags/example_task_group_decorator.py
[2026-04-10T03:28:57.429+0000] {logging_mixin.py:190} INFO - [2026-04-10T03:28:57.429+0000] {dag.py:3239} INFO - Sync 1 DAGs
[2026-04-10T03:28:57.435+0000] {logging_mixin.py:190} INFO - [2026-04-10T03:28:57.435+0000] {dag.py:4180} INFO - Setting next_dagrun for example_task_group_decorator to None, run_after=None
[2026-04-10T03:28:57.442+0000] {processor.py:208} INFO - Processing /home/airflow/.local/lib/python3.12/site-packages/airflow/example_dags/example_task_group_decorator.py took 0.033 seconds
[2026-04-10T03:29:27.803+0000] {processor.py:186} INFO - Started process (PID=80752) to work on /home/airflow/.local/lib/python3.12/site-packages/airflow/example_dags/example_task_group_decorator.py
[2026-04-10T03:29:27.804+0000] {processor.py:914} INFO - Processing file /home/airflow/.local/lib/python3.12/site-packages/airflow/example_dags/example_task_group_decorator.py for tasks to queue
[2026-04-10T03:29:27.804+0000] {logging_mixin.py:190} INFO - [2026-04-10T03:29:27.804+0000] {dagbag.py:588} INFO - Filling up the DagBag from /home/airflow/.local/lib/python3.12/site-packages/airflow/example_dags/example_task_group_decorator.py
[2026-04-10T03:29:27.809+0000] {processor.py:925} INFO - DAG(s) 'example_task_group_decorator' retrieved from /home/airflow/.local/lib/python3.12/site-packages/airflow/example_dags/example_task_group_decorator.py
[2026-04-10T03:29:27.821+0000] {logging_mixin.py:190} INFO - [2026-04-10T03:29:27.821+0000] {dag.py:3239} INFO - Sync 1 DAGs
[2026-04-10T03:29:27.826+0000] {logging_mixin.py:190} INFO - [2026-04-10T03:29:27.826+0000] {dag.py:4180} INFO - Setting next_dagrun for example_task_group_decorator to None, run_after=None
[2026-04-10T03:29:27.835+0000] {processor.py:208} INFO - Processing /home/airflow/.local/lib/python3.12/site-packages/airflow/example_dags/example_task_group_decorator.py took 0.034 seconds
[2026-04-10T03:29:58.427+0000] {processor.py:186} INFO - Started process (PID=80816) to work on /home/airflow/.local/lib/python3.12/site-packages/airflow/example_dags/example_task_group_decorator.py
[2026-04-10T03:29:58.427+0000] {processor.py:914} INFO - Processing file /home/airflow/.local/lib/python3.12/site-packages/airflow/example_dags/example_task_group_decorator.py for tasks to queue
[2026-04-10T03:29:58.428+0000] {logging_mixin.py:190} INFO - [2026-04-10T03:29:58.427+0000] {dagbag.py:588} INFO - Filling up the DagBag from /home/airflow/.local/lib/python3.12/site-packages/airflow/example_dags/example_task_group_decorator.py
[2026-04-10T03:29:58.434+0000] {processor.py:925} INFO - DAG(s) 'example_task_group_decorator' retrieved from /home/airflow/.local/lib/python3.12/site-packages/airflow/example_dags/example_task_group_decorator.py
[2026-04-10T03:29:58.443+0000] {logging_mixin.py:190} INFO - [2026-04-10T03:29:58.443+0000] {dag.py:3239} INFO - Sync 1 DAGs
[2026-04-10T03:29:58.448+0000] {logging_mixin.py:190} INFO - [2026-04-10T03:29:58.448+0000] {dag.py:4180} INFO - Setting next_dagrun for example_task_group_decorator to None, run_after=None
[2026-04-10T03:29:58.454+0000] {processor.py:208} INFO - Processing /home/airflow/.local/lib/python3.12/site-packages/airflow/example_dags/example_task_group_decorator.py took 0.030 seconds
[2026-04-10T03:30:28.684+0000] {processor.py:186} INFO - Started process (PID=80879) to work on /home/airflow/.local/lib/python3.12/site-packages/airflow/example_dags/example_task_group_decorator.py
[2026-04-10T03:30:28.685+0000] {processor.py:914} INFO - Processing file /home/airflow/.local/lib/python3.12/site-packages/airflow/example_dags/example_task_group_decorator.py for tasks to queue
[2026-04-10T03:30:28.685+0000] {logging_mixin.py:190} INFO - [2026-04-10T03:30:28.685+0000] {dagbag.py:588} INFO - Filling up the DagBag from /home/airflow/.local/lib/python3.12/site-packages/airflow/example_dags/example_task_group_decorator.py
[2026-04-10T03:30:28.691+0000] {processor.py:925} INFO - DAG(s) 'example_task_group_decorator' retrieved from /home/airflow/.local/lib/python3.12/site-packages/airflow/example_dags/example_task_group_decorator.py
[2026-04-10T03:30:28.703+0000] {logging_mixin.py:190} INFO - [2026-04-10T03:30:28.703+0000] {dag.py:3239} INFO - Sync 1 DAGs
[2026-04-10T03:30:28.711+0000] {logging_mixin.py:190} INFO - [2026-04-10T03:30:28.710+0000] {dag.py:4180} INFO - Setting next_dagrun for example_task_group_decorator to None, run_after=None
[2026-04-10T03:30:28.719+0000] {processor.py:208} INFO - Processing /home/airflow/.local/lib/python3.12/site-packages/airflow/example_dags/example_task_group_decorator.py took 0.037 seconds
[2026-04-10T03:30:58.942+0000] {processor.py:186} INFO - Started process (PID=80943) to work on /home/airflow/.local/lib/python3.12/site-packages/airflow/example_dags/example_task_group_decorator.py
[2026-04-10T03:30:58.943+0000] {processor.py:914} INFO - Processing file /home/airflow/.local/lib/python3.12/site-packages/airflow/example_dags/example_task_group_decorator.py for tasks to queue
[2026-04-10T03:30:58.943+0000] {logging_mixin.py:190} INFO - [2026-04-10T03:30:58.943+0000] {dagbag.py:588} INFO - Filling up the DagBag from /home/airflow/.local/lib/python3.12/site-packages/airflow/example_dags/example_task_group_decorator.py
[2026-04-10T03:30:58.949+0000] {processor.py:925} INFO - DAG(s) 'example_task_group_decorator' retrieved from /home/airflow/.local/lib/python3.12/site-packages/airflow/example_dags/example_task_group_decorator.py
[2026-04-10T03:30:58.959+0000] {logging_mixin.py:190} INFO - [2026-04-10T03:30:58.959+0000] {dag.py:3239} INFO - Sync 1 DAGs
[2026-04-10T03:30:58.966+0000] {logging_mixin.py:190} INFO - [2026-04-10T03:30:58.966+0000] {dag.py:4180} INFO - Setting next_dagrun for example_task_group_decorator to None, run_after=None
[2026-04-10T03:30:58.978+0000] {processor.py:208} INFO - Processing /home/airflow/.local/lib/python3.12/site-packages/airflow/example_dags/example_task_group_decorator.py took 0.038 seconds
