[2026-04-10T00:07:15.419+0000] {processor.py:186} INFO - Started process (PID=78571) to work on /home/airflow/.local/lib/python3.12/site-packages/airflow/example_dags/example_latest_only.py
[2026-04-10T00:07:15.421+0000] {processor.py:914} INFO - Processing file /home/airflow/.local/lib/python3.12/site-packages/airflow/example_dags/example_latest_only.py for tasks to queue
[2026-04-10T00:07:15.422+0000] {logging_mixin.py:190} INFO - [2026-04-10T00:07:15.422+0000] {dagbag.py:588} INFO - Filling up the DagBag from /home/airflow/.local/lib/python3.12/site-packages/airflow/example_dags/example_latest_only.py
[2026-04-10T00:07:15.425+0000] {processor.py:925} INFO - DAG(s) 'latest_only' retrieved from /home/airflow/.local/lib/python3.12/site-packages/airflow/example_dags/example_latest_only.py
[2026-04-10T00:07:15.436+0000] {logging_mixin.py:190} INFO - [2026-04-10T00:07:15.436+0000] {dag.py:3239} INFO - Sync 1 DAGs
[2026-04-10T00:07:15.451+0000] {logging_mixin.py:190} INFO - [2026-04-10T00:07:15.451+0000] {dag.py:4180} INFO - Setting next_dagrun for latest_only to 2026-04-09 20:00:00+00:00, run_after=2026-04-10 00:00:00+00:00
[2026-04-10T00:07:15.463+0000] {processor.py:208} INFO - Processing /home/airflow/.local/lib/python3.12/site-packages/airflow/example_dags/example_latest_only.py took 0.046 seconds
[2026-04-10T00:22:48.302+0000] {processor.py:186} INFO - Started process (PID=78635) to work on /home/airflow/.local/lib/python3.12/site-packages/airflow/example_dags/example_latest_only.py
[2026-04-10T00:22:48.303+0000] {processor.py:914} INFO - Processing file /home/airflow/.local/lib/python3.12/site-packages/airflow/example_dags/example_latest_only.py for tasks to queue
[2026-04-10T00:22:48.303+0000] {logging_mixin.py:190} INFO - [2026-04-10T00:22:48.303+0000] {dagbag.py:588} INFO - Filling up the DagBag from /home/airflow/.local/lib/python3.12/site-packages/airflow/example_dags/example_latest_only.py
[2026-04-10T00:22:48.310+0000] {processor.py:925} INFO - DAG(s) 'latest_only' retrieved from /home/airflow/.local/lib/python3.12/site-packages/airflow/example_dags/example_latest_only.py
[2026-04-10T00:22:48.319+0000] {logging_mixin.py:190} INFO - [2026-04-10T00:22:48.319+0000] {dag.py:3239} INFO - Sync 1 DAGs
[2026-04-10T00:22:48.329+0000] {logging_mixin.py:190} INFO - [2026-04-10T00:22:48.328+0000] {dag.py:4180} INFO - Setting next_dagrun for latest_only to 2026-04-09 20:00:00+00:00, run_after=2026-04-10 00:00:00+00:00
[2026-04-10T00:22:48.336+0000] {processor.py:208} INFO - Processing /home/airflow/.local/lib/python3.12/site-packages/airflow/example_dags/example_latest_only.py took 0.037 seconds
[2026-04-10T00:23:19.255+0000] {processor.py:186} INFO - Started process (PID=78699) to work on /home/airflow/.local/lib/python3.12/site-packages/airflow/example_dags/example_latest_only.py
[2026-04-10T00:23:19.256+0000] {processor.py:914} INFO - Processing file /home/airflow/.local/lib/python3.12/site-packages/airflow/example_dags/example_latest_only.py for tasks to queue
[2026-04-10T00:23:19.256+0000] {logging_mixin.py:190} INFO - [2026-04-10T00:23:19.256+0000] {dagbag.py:588} INFO - Filling up the DagBag from /home/airflow/.local/lib/python3.12/site-packages/airflow/example_dags/example_latest_only.py
[2026-04-10T00:23:19.261+0000] {processor.py:925} INFO - DAG(s) 'latest_only' retrieved from /home/airflow/.local/lib/python3.12/site-packages/airflow/example_dags/example_latest_only.py
[2026-04-10T00:23:19.272+0000] {logging_mixin.py:190} INFO - [2026-04-10T00:23:19.272+0000] {dag.py:3239} INFO - Sync 1 DAGs
[2026-04-10T00:23:19.281+0000] {logging_mixin.py:190} INFO - [2026-04-10T00:23:19.281+0000] {dag.py:4180} INFO - Setting next_dagrun for latest_only to 2026-04-09 20:00:00+00:00, run_after=2026-04-10 00:00:00+00:00
[2026-04-10T00:23:19.287+0000] {processor.py:208} INFO - Processing /home/airflow/.local/lib/python3.12/site-packages/airflow/example_dags/example_latest_only.py took 0.033 seconds
[2026-04-10T00:38:49.142+0000] {processor.py:186} INFO - Started process (PID=78763) to work on /home/airflow/.local/lib/python3.12/site-packages/airflow/example_dags/example_latest_only.py
[2026-04-10T00:38:49.143+0000] {processor.py:914} INFO - Processing file /home/airflow/.local/lib/python3.12/site-packages/airflow/example_dags/example_latest_only.py for tasks to queue
[2026-04-10T00:38:49.143+0000] {logging_mixin.py:190} INFO - [2026-04-10T00:38:49.143+0000] {dagbag.py:588} INFO - Filling up the DagBag from /home/airflow/.local/lib/python3.12/site-packages/airflow/example_dags/example_latest_only.py
[2026-04-10T00:38:49.146+0000] {processor.py:925} INFO - DAG(s) 'latest_only' retrieved from /home/airflow/.local/lib/python3.12/site-packages/airflow/example_dags/example_latest_only.py
[2026-04-10T00:38:49.155+0000] {logging_mixin.py:190} INFO - [2026-04-10T00:38:49.155+0000] {dag.py:3239} INFO - Sync 1 DAGs
[2026-04-10T00:38:49.164+0000] {logging_mixin.py:190} INFO - [2026-04-10T00:38:49.163+0000] {dag.py:4180} INFO - Setting next_dagrun for latest_only to 2026-04-09 20:00:00+00:00, run_after=2026-04-10 00:00:00+00:00
[2026-04-10T00:38:49.169+0000] {processor.py:208} INFO - Processing /home/airflow/.local/lib/python3.12/site-packages/airflow/example_dags/example_latest_only.py took 0.029 seconds
[2026-04-10T00:41:53.544+0000] {processor.py:186} INFO - Started process (PID=78827) to work on /home/airflow/.local/lib/python3.12/site-packages/airflow/example_dags/example_latest_only.py
[2026-04-10T00:41:53.544+0000] {processor.py:914} INFO - Processing file /home/airflow/.local/lib/python3.12/site-packages/airflow/example_dags/example_latest_only.py for tasks to queue
[2026-04-10T00:41:53.544+0000] {logging_mixin.py:190} INFO - [2026-04-10T00:41:53.544+0000] {dagbag.py:588} INFO - Filling up the DagBag from /home/airflow/.local/lib/python3.12/site-packages/airflow/example_dags/example_latest_only.py
[2026-04-10T00:41:53.547+0000] {processor.py:925} INFO - DAG(s) 'latest_only' retrieved from /home/airflow/.local/lib/python3.12/site-packages/airflow/example_dags/example_latest_only.py
[2026-04-10T00:41:53.554+0000] {logging_mixin.py:190} INFO - [2026-04-10T00:41:53.554+0000] {dag.py:3239} INFO - Sync 1 DAGs
[2026-04-10T00:41:53.561+0000] {logging_mixin.py:190} INFO - [2026-04-10T00:41:53.561+0000] {dag.py:4180} INFO - Setting next_dagrun for latest_only to 2026-04-09 20:00:00+00:00, run_after=2026-04-10 00:00:00+00:00
[2026-04-10T00:41:53.566+0000] {processor.py:208} INFO - Processing /home/airflow/.local/lib/python3.12/site-packages/airflow/example_dags/example_latest_only.py took 0.025 seconds
[2026-04-10T00:42:24.842+0000] {processor.py:186} INFO - Started process (PID=78891) to work on /home/airflow/.local/lib/python3.12/site-packages/airflow/example_dags/example_latest_only.py
[2026-04-10T00:42:24.842+0000] {processor.py:914} INFO - Processing file /home/airflow/.local/lib/python3.12/site-packages/airflow/example_dags/example_latest_only.py for tasks to queue
[2026-04-10T00:42:24.843+0000] {logging_mixin.py:190} INFO - [2026-04-10T00:42:24.843+0000] {dagbag.py:588} INFO - Filling up the DagBag from /home/airflow/.local/lib/python3.12/site-packages/airflow/example_dags/example_latest_only.py
[2026-04-10T00:42:24.846+0000] {processor.py:925} INFO - DAG(s) 'latest_only' retrieved from /home/airflow/.local/lib/python3.12/site-packages/airflow/example_dags/example_latest_only.py
[2026-04-10T00:42:24.856+0000] {logging_mixin.py:190} INFO - [2026-04-10T00:42:24.856+0000] {dag.py:3239} INFO - Sync 1 DAGs
[2026-04-10T00:42:24.864+0000] {logging_mixin.py:190} INFO - [2026-04-10T00:42:24.864+0000] {dag.py:4180} INFO - Setting next_dagrun for latest_only to 2026-04-09 20:00:00+00:00, run_after=2026-04-10 00:00:00+00:00
[2026-04-10T00:42:24.872+0000] {processor.py:208} INFO - Processing /home/airflow/.local/lib/python3.12/site-packages/airflow/example_dags/example_latest_only.py took 0.033 seconds
[2026-04-10T00:57:55.236+0000] {processor.py:186} INFO - Started process (PID=78955) to work on /home/airflow/.local/lib/python3.12/site-packages/airflow/example_dags/example_latest_only.py
[2026-04-10T00:57:55.236+0000] {processor.py:914} INFO - Processing file /home/airflow/.local/lib/python3.12/site-packages/airflow/example_dags/example_latest_only.py for tasks to queue
[2026-04-10T00:57:55.237+0000] {logging_mixin.py:190} INFO - [2026-04-10T00:57:55.237+0000] {dagbag.py:588} INFO - Filling up the DagBag from /home/airflow/.local/lib/python3.12/site-packages/airflow/example_dags/example_latest_only.py
[2026-04-10T00:57:55.240+0000] {processor.py:925} INFO - DAG(s) 'latest_only' retrieved from /home/airflow/.local/lib/python3.12/site-packages/airflow/example_dags/example_latest_only.py
[2026-04-10T00:57:55.251+0000] {logging_mixin.py:190} INFO - [2026-04-10T00:57:55.251+0000] {dag.py:3239} INFO - Sync 1 DAGs
[2026-04-10T00:57:55.261+0000] {logging_mixin.py:190} INFO - [2026-04-10T00:57:55.261+0000] {dag.py:4180} INFO - Setting next_dagrun for latest_only to 2026-04-09 20:00:00+00:00, run_after=2026-04-10 00:00:00+00:00
[2026-04-10T00:57:55.269+0000] {processor.py:208} INFO - Processing /home/airflow/.local/lib/python3.12/site-packages/airflow/example_dags/example_latest_only.py took 0.035 seconds
[2026-04-10T01:13:28.329+0000] {processor.py:186} INFO - Started process (PID=79019) to work on /home/airflow/.local/lib/python3.12/site-packages/airflow/example_dags/example_latest_only.py
[2026-04-10T01:13:28.331+0000] {processor.py:914} INFO - Processing file /home/airflow/.local/lib/python3.12/site-packages/airflow/example_dags/example_latest_only.py for tasks to queue
[2026-04-10T01:13:28.333+0000] {logging_mixin.py:190} INFO - [2026-04-10T01:13:28.332+0000] {dagbag.py:588} INFO - Filling up the DagBag from /home/airflow/.local/lib/python3.12/site-packages/airflow/example_dags/example_latest_only.py
[2026-04-10T01:13:28.346+0000] {processor.py:925} INFO - DAG(s) 'latest_only' retrieved from /home/airflow/.local/lib/python3.12/site-packages/airflow/example_dags/example_latest_only.py
[2026-04-10T01:13:28.395+0000] {logging_mixin.py:190} INFO - [2026-04-10T01:13:28.394+0000] {dag.py:3239} INFO - Sync 1 DAGs
[2026-04-10T01:13:28.491+0000] {logging_mixin.py:190} INFO - [2026-04-10T01:13:28.490+0000] {dag.py:4180} INFO - Setting next_dagrun for latest_only to 2026-04-09 20:00:00+00:00, run_after=2026-04-10 00:00:00+00:00
[2026-04-10T01:13:28.520+0000] {processor.py:208} INFO - Processing /home/airflow/.local/lib/python3.12/site-packages/airflow/example_dags/example_latest_only.py took 0.201 seconds
[2026-04-10T01:13:59.078+0000] {processor.py:186} INFO - Started process (PID=79082) to work on /home/airflow/.local/lib/python3.12/site-packages/airflow/example_dags/example_latest_only.py
[2026-04-10T01:13:59.079+0000] {processor.py:914} INFO - Processing file /home/airflow/.local/lib/python3.12/site-packages/airflow/example_dags/example_latest_only.py for tasks to queue
[2026-04-10T01:13:59.079+0000] {logging_mixin.py:190} INFO - [2026-04-10T01:13:59.079+0000] {dagbag.py:588} INFO - Filling up the DagBag from /home/airflow/.local/lib/python3.12/site-packages/airflow/example_dags/example_latest_only.py
[2026-04-10T01:13:59.083+0000] {processor.py:925} INFO - DAG(s) 'latest_only' retrieved from /home/airflow/.local/lib/python3.12/site-packages/airflow/example_dags/example_latest_only.py
[2026-04-10T01:13:59.091+0000] {logging_mixin.py:190} INFO - [2026-04-10T01:13:59.091+0000] {dag.py:3239} INFO - Sync 1 DAGs
[2026-04-10T01:13:59.102+0000] {logging_mixin.py:190} INFO - [2026-04-10T01:13:59.102+0000] {dag.py:4180} INFO - Setting next_dagrun for latest_only to 2026-04-09 20:00:00+00:00, run_after=2026-04-10 00:00:00+00:00
[2026-04-10T01:13:59.108+0000] {processor.py:208} INFO - Processing /home/airflow/.local/lib/python3.12/site-packages/airflow/example_dags/example_latest_only.py took 0.033 seconds
[2026-04-10T01:29:26.553+0000] {processor.py:186} INFO - Started process (PID=79146) to work on /home/airflow/.local/lib/python3.12/site-packages/airflow/example_dags/example_latest_only.py
[2026-04-10T01:29:26.554+0000] {processor.py:914} INFO - Processing file /home/airflow/.local/lib/python3.12/site-packages/airflow/example_dags/example_latest_only.py for tasks to queue
[2026-04-10T01:29:26.554+0000] {logging_mixin.py:190} INFO - [2026-04-10T01:29:26.554+0000] {dagbag.py:588} INFO - Filling up the DagBag from /home/airflow/.local/lib/python3.12/site-packages/airflow/example_dags/example_latest_only.py
[2026-04-10T01:29:26.558+0000] {processor.py:925} INFO - DAG(s) 'latest_only' retrieved from /home/airflow/.local/lib/python3.12/site-packages/airflow/example_dags/example_latest_only.py
[2026-04-10T01:29:26.565+0000] {logging_mixin.py:190} INFO - [2026-04-10T01:29:26.565+0000] {dag.py:3239} INFO - Sync 1 DAGs
[2026-04-10T01:29:26.573+0000] {logging_mixin.py:190} INFO - [2026-04-10T01:29:26.573+0000] {dag.py:4180} INFO - Setting next_dagrun for latest_only to 2026-04-09 20:00:00+00:00, run_after=2026-04-10 00:00:00+00:00
[2026-04-10T01:29:26.586+0000] {processor.py:208} INFO - Processing /home/airflow/.local/lib/python3.12/site-packages/airflow/example_dags/example_latest_only.py took 0.036 seconds
[2026-04-10T01:29:57.011+0000] {processor.py:186} INFO - Started process (PID=79210) to work on /home/airflow/.local/lib/python3.12/site-packages/airflow/example_dags/example_latest_only.py
[2026-04-10T01:29:57.012+0000] {processor.py:914} INFO - Processing file /home/airflow/.local/lib/python3.12/site-packages/airflow/example_dags/example_latest_only.py for tasks to queue
[2026-04-10T01:29:57.012+0000] {logging_mixin.py:190} INFO - [2026-04-10T01:29:57.012+0000] {dagbag.py:588} INFO - Filling up the DagBag from /home/airflow/.local/lib/python3.12/site-packages/airflow/example_dags/example_latest_only.py
[2026-04-10T01:29:57.015+0000] {processor.py:925} INFO - DAG(s) 'latest_only' retrieved from /home/airflow/.local/lib/python3.12/site-packages/airflow/example_dags/example_latest_only.py
[2026-04-10T01:29:57.021+0000] {logging_mixin.py:190} INFO - [2026-04-10T01:29:57.021+0000] {dag.py:3239} INFO - Sync 1 DAGs
[2026-04-10T01:29:57.028+0000] {logging_mixin.py:190} INFO - [2026-04-10T01:29:57.028+0000] {dag.py:4180} INFO - Setting next_dagrun for latest_only to 2026-04-09 20:00:00+00:00, run_after=2026-04-10 00:00:00+00:00
[2026-04-10T01:29:57.033+0000] {processor.py:208} INFO - Processing /home/airflow/.local/lib/python3.12/site-packages/airflow/example_dags/example_latest_only.py took 0.024 seconds
[2026-04-10T01:43:16.318+0000] {processor.py:186} INFO - Started process (PID=79274) to work on /home/airflow/.local/lib/python3.12/site-packages/airflow/example_dags/example_latest_only.py
[2026-04-10T01:43:16.319+0000] {processor.py:914} INFO - Processing file /home/airflow/.local/lib/python3.12/site-packages/airflow/example_dags/example_latest_only.py for tasks to queue
[2026-04-10T01:43:16.319+0000] {logging_mixin.py:190} INFO - [2026-04-10T01:43:16.319+0000] {dagbag.py:588} INFO - Filling up the DagBag from /home/airflow/.local/lib/python3.12/site-packages/airflow/example_dags/example_latest_only.py
[2026-04-10T01:43:16.323+0000] {processor.py:925} INFO - DAG(s) 'latest_only' retrieved from /home/airflow/.local/lib/python3.12/site-packages/airflow/example_dags/example_latest_only.py
[2026-04-10T01:43:16.332+0000] {logging_mixin.py:190} INFO - [2026-04-10T01:43:16.332+0000] {dag.py:3239} INFO - Sync 1 DAGs
[2026-04-10T01:43:16.341+0000] {logging_mixin.py:190} INFO - [2026-04-10T01:43:16.341+0000] {dag.py:4180} INFO - Setting next_dagrun for latest_only to 2026-04-09 20:00:00+00:00, run_after=2026-04-10 00:00:00+00:00
[2026-04-10T01:43:16.347+0000] {processor.py:208} INFO - Processing /home/airflow/.local/lib/python3.12/site-packages/airflow/example_dags/example_latest_only.py took 0.031 seconds
[2026-04-10T01:58:48.168+0000] {processor.py:186} INFO - Started process (PID=79338) to work on /home/airflow/.local/lib/python3.12/site-packages/airflow/example_dags/example_latest_only.py
[2026-04-10T01:58:48.169+0000] {processor.py:914} INFO - Processing file /home/airflow/.local/lib/python3.12/site-packages/airflow/example_dags/example_latest_only.py for tasks to queue
[2026-04-10T01:58:48.171+0000] {logging_mixin.py:190} INFO - [2026-04-10T01:58:48.171+0000] {dagbag.py:588} INFO - Filling up the DagBag from /home/airflow/.local/lib/python3.12/site-packages/airflow/example_dags/example_latest_only.py
[2026-04-10T01:58:48.175+0000] {processor.py:925} INFO - DAG(s) 'latest_only' retrieved from /home/airflow/.local/lib/python3.12/site-packages/airflow/example_dags/example_latest_only.py
[2026-04-10T01:58:48.184+0000] {logging_mixin.py:190} INFO - [2026-04-10T01:58:48.184+0000] {dag.py:3239} INFO - Sync 1 DAGs
[2026-04-10T01:58:48.191+0000] {logging_mixin.py:190} INFO - [2026-04-10T01:58:48.191+0000] {dag.py:4180} INFO - Setting next_dagrun for latest_only to 2026-04-09 20:00:00+00:00, run_after=2026-04-10 00:00:00+00:00
[2026-04-10T01:58:48.198+0000] {processor.py:208} INFO - Processing /home/airflow/.local/lib/python3.12/site-packages/airflow/example_dags/example_latest_only.py took 0.032 seconds
[2026-04-10T01:59:19.496+0000] {processor.py:186} INFO - Started process (PID=79402) to work on /home/airflow/.local/lib/python3.12/site-packages/airflow/example_dags/example_latest_only.py
[2026-04-10T01:59:19.497+0000] {processor.py:914} INFO - Processing file /home/airflow/.local/lib/python3.12/site-packages/airflow/example_dags/example_latest_only.py for tasks to queue
[2026-04-10T01:59:19.497+0000] {logging_mixin.py:190} INFO - [2026-04-10T01:59:19.497+0000] {dagbag.py:588} INFO - Filling up the DagBag from /home/airflow/.local/lib/python3.12/site-packages/airflow/example_dags/example_latest_only.py
[2026-04-10T01:59:19.501+0000] {processor.py:925} INFO - DAG(s) 'latest_only' retrieved from /home/airflow/.local/lib/python3.12/site-packages/airflow/example_dags/example_latest_only.py
[2026-04-10T01:59:19.510+0000] {logging_mixin.py:190} INFO - [2026-04-10T01:59:19.510+0000] {dag.py:3239} INFO - Sync 1 DAGs
[2026-04-10T01:59:19.522+0000] {logging_mixin.py:190} INFO - [2026-04-10T01:59:19.522+0000] {dag.py:4180} INFO - Setting next_dagrun for latest_only to 2026-04-09 20:00:00+00:00, run_after=2026-04-10 00:00:00+00:00
[2026-04-10T01:59:19.529+0000] {processor.py:208} INFO - Processing /home/airflow/.local/lib/python3.12/site-packages/airflow/example_dags/example_latest_only.py took 0.035 seconds
[2026-04-10T02:14:51.887+0000] {processor.py:186} INFO - Started process (PID=79466) to work on /home/airflow/.local/lib/python3.12/site-packages/airflow/example_dags/example_latest_only.py
[2026-04-10T02:14:51.888+0000] {processor.py:914} INFO - Processing file /home/airflow/.local/lib/python3.12/site-packages/airflow/example_dags/example_latest_only.py for tasks to queue
[2026-04-10T02:14:51.888+0000] {logging_mixin.py:190} INFO - [2026-04-10T02:14:51.888+0000] {dagbag.py:588} INFO - Filling up the DagBag from /home/airflow/.local/lib/python3.12/site-packages/airflow/example_dags/example_latest_only.py
[2026-04-10T02:14:51.891+0000] {processor.py:925} INFO - DAG(s) 'latest_only' retrieved from /home/airflow/.local/lib/python3.12/site-packages/airflow/example_dags/example_latest_only.py
[2026-04-10T02:14:51.897+0000] {logging_mixin.py:190} INFO - [2026-04-10T02:14:51.897+0000] {dag.py:3239} INFO - Sync 1 DAGs
[2026-04-10T02:14:51.904+0000] {logging_mixin.py:190} INFO - [2026-04-10T02:14:51.904+0000] {dag.py:4180} INFO - Setting next_dagrun for latest_only to 2026-04-09 20:00:00+00:00, run_after=2026-04-10 00:00:00+00:00
[2026-04-10T02:14:51.909+0000] {processor.py:208} INFO - Processing /home/airflow/.local/lib/python3.12/site-packages/airflow/example_dags/example_latest_only.py took 0.024 seconds
[2026-04-10T02:20:02.490+0000] {processor.py:186} INFO - Started process (PID=79530) to work on /home/airflow/.local/lib/python3.12/site-packages/airflow/example_dags/example_latest_only.py
[2026-04-10T02:20:02.491+0000] {processor.py:914} INFO - Processing file /home/airflow/.local/lib/python3.12/site-packages/airflow/example_dags/example_latest_only.py for tasks to queue
[2026-04-10T02:20:02.491+0000] {logging_mixin.py:190} INFO - [2026-04-10T02:20:02.491+0000] {dagbag.py:588} INFO - Filling up the DagBag from /home/airflow/.local/lib/python3.12/site-packages/airflow/example_dags/example_latest_only.py
[2026-04-10T02:20:02.496+0000] {processor.py:925} INFO - DAG(s) 'latest_only' retrieved from /home/airflow/.local/lib/python3.12/site-packages/airflow/example_dags/example_latest_only.py
[2026-04-10T02:20:02.511+0000] {logging_mixin.py:190} INFO - [2026-04-10T02:20:02.510+0000] {dag.py:3239} INFO - Sync 1 DAGs
[2026-04-10T02:20:02.526+0000] {logging_mixin.py:190} INFO - [2026-04-10T02:20:02.526+0000] {dag.py:4180} INFO - Setting next_dagrun for latest_only to 2026-04-09 20:00:00+00:00, run_after=2026-04-10 00:00:00+00:00
[2026-04-10T02:20:02.540+0000] {processor.py:208} INFO - Processing /home/airflow/.local/lib/python3.12/site-packages/airflow/example_dags/example_latest_only.py took 0.054 seconds
[2026-04-10T02:20:33.181+0000] {processor.py:186} INFO - Started process (PID=79594) to work on /home/airflow/.local/lib/python3.12/site-packages/airflow/example_dags/example_latest_only.py
[2026-04-10T02:20:33.183+0000] {processor.py:914} INFO - Processing file /home/airflow/.local/lib/python3.12/site-packages/airflow/example_dags/example_latest_only.py for tasks to queue
[2026-04-10T02:20:33.183+0000] {logging_mixin.py:190} INFO - [2026-04-10T02:20:33.183+0000] {dagbag.py:588} INFO - Filling up the DagBag from /home/airflow/.local/lib/python3.12/site-packages/airflow/example_dags/example_latest_only.py
[2026-04-10T02:20:33.187+0000] {processor.py:925} INFO - DAG(s) 'latest_only' retrieved from /home/airflow/.local/lib/python3.12/site-packages/airflow/example_dags/example_latest_only.py
[2026-04-10T02:20:33.194+0000] {logging_mixin.py:190} INFO - [2026-04-10T02:20:33.193+0000] {dag.py:3239} INFO - Sync 1 DAGs
[2026-04-10T02:20:33.201+0000] {logging_mixin.py:190} INFO - [2026-04-10T02:20:33.201+0000] {dag.py:4180} INFO - Setting next_dagrun for latest_only to 2026-04-09 20:00:00+00:00, run_after=2026-04-10 00:00:00+00:00
[2026-04-10T02:20:33.207+0000] {processor.py:208} INFO - Processing /home/airflow/.local/lib/python3.12/site-packages/airflow/example_dags/example_latest_only.py took 0.028 seconds
[2026-04-10T02:38:22.022+0000] {processor.py:186} INFO - Started process (PID=79658) to work on /home/airflow/.local/lib/python3.12/site-packages/airflow/example_dags/example_latest_only.py
[2026-04-10T02:38:22.023+0000] {processor.py:914} INFO - Processing file /home/airflow/.local/lib/python3.12/site-packages/airflow/example_dags/example_latest_only.py for tasks to queue
[2026-04-10T02:38:22.023+0000] {logging_mixin.py:190} INFO - [2026-04-10T02:38:22.023+0000] {dagbag.py:588} INFO - Filling up the DagBag from /home/airflow/.local/lib/python3.12/site-packages/airflow/example_dags/example_latest_only.py
[2026-04-10T02:38:22.027+0000] {processor.py:925} INFO - DAG(s) 'latest_only' retrieved from /home/airflow/.local/lib/python3.12/site-packages/airflow/example_dags/example_latest_only.py
[2026-04-10T02:38:22.038+0000] {logging_mixin.py:190} INFO - [2026-04-10T02:38:22.038+0000] {dag.py:3239} INFO - Sync 1 DAGs
[2026-04-10T02:38:22.046+0000] {logging_mixin.py:190} INFO - [2026-04-10T02:38:22.046+0000] {dag.py:4180} INFO - Setting next_dagrun for latest_only to 2026-04-09 20:00:00+00:00, run_after=2026-04-10 00:00:00+00:00
[2026-04-10T02:38:22.054+0000] {processor.py:208} INFO - Processing /home/airflow/.local/lib/python3.12/site-packages/airflow/example_dags/example_latest_only.py took 0.035 seconds
[2026-04-10T02:44:08.886+0000] {processor.py:186} INFO - Started process (PID=79722) to work on /home/airflow/.local/lib/python3.12/site-packages/airflow/example_dags/example_latest_only.py
[2026-04-10T02:44:08.886+0000] {processor.py:914} INFO - Processing file /home/airflow/.local/lib/python3.12/site-packages/airflow/example_dags/example_latest_only.py for tasks to queue
[2026-04-10T02:44:08.887+0000] {logging_mixin.py:190} INFO - [2026-04-10T02:44:08.887+0000] {dagbag.py:588} INFO - Filling up the DagBag from /home/airflow/.local/lib/python3.12/site-packages/airflow/example_dags/example_latest_only.py
[2026-04-10T02:44:08.890+0000] {processor.py:925} INFO - DAG(s) 'latest_only' retrieved from /home/airflow/.local/lib/python3.12/site-packages/airflow/example_dags/example_latest_only.py
[2026-04-10T02:44:08.899+0000] {logging_mixin.py:190} INFO - [2026-04-10T02:44:08.899+0000] {dag.py:3239} INFO - Sync 1 DAGs
[2026-04-10T02:44:08.911+0000] {logging_mixin.py:190} INFO - [2026-04-10T02:44:08.911+0000] {dag.py:4180} INFO - Setting next_dagrun for latest_only to 2026-04-09 20:00:00+00:00, run_after=2026-04-10 00:00:00+00:00
[2026-04-10T02:44:08.918+0000] {processor.py:208} INFO - Processing /home/airflow/.local/lib/python3.12/site-packages/airflow/example_dags/example_latest_only.py took 0.034 seconds
[2026-04-10T02:59:40.464+0000] {processor.py:186} INFO - Started process (PID=79786) to work on /home/airflow/.local/lib/python3.12/site-packages/airflow/example_dags/example_latest_only.py
[2026-04-10T02:59:40.466+0000] {processor.py:914} INFO - Processing file /home/airflow/.local/lib/python3.12/site-packages/airflow/example_dags/example_latest_only.py for tasks to queue
[2026-04-10T02:59:40.466+0000] {logging_mixin.py:190} INFO - [2026-04-10T02:59:40.466+0000] {dagbag.py:588} INFO - Filling up the DagBag from /home/airflow/.local/lib/python3.12/site-packages/airflow/example_dags/example_latest_only.py
[2026-04-10T02:59:40.470+0000] {processor.py:925} INFO - DAG(s) 'latest_only' retrieved from /home/airflow/.local/lib/python3.12/site-packages/airflow/example_dags/example_latest_only.py
[2026-04-10T02:59:40.478+0000] {logging_mixin.py:190} INFO - [2026-04-10T02:59:40.478+0000] {dag.py:3239} INFO - Sync 1 DAGs
[2026-04-10T02:59:40.487+0000] {logging_mixin.py:190} INFO - [2026-04-10T02:59:40.487+0000] {dag.py:4180} INFO - Setting next_dagrun for latest_only to 2026-04-09 20:00:00+00:00, run_after=2026-04-10 00:00:00+00:00
[2026-04-10T02:59:40.494+0000] {processor.py:208} INFO - Processing /home/airflow/.local/lib/python3.12/site-packages/airflow/example_dags/example_latest_only.py took 0.033 seconds
[2026-04-10T03:00:10.783+0000] {processor.py:186} INFO - Started process (PID=79850) to work on /home/airflow/.local/lib/python3.12/site-packages/airflow/example_dags/example_latest_only.py
[2026-04-10T03:00:10.785+0000] {processor.py:914} INFO - Processing file /home/airflow/.local/lib/python3.12/site-packages/airflow/example_dags/example_latest_only.py for tasks to queue
[2026-04-10T03:00:10.786+0000] {logging_mixin.py:190} INFO - [2026-04-10T03:00:10.786+0000] {dagbag.py:588} INFO - Filling up the DagBag from /home/airflow/.local/lib/python3.12/site-packages/airflow/example_dags/example_latest_only.py
[2026-04-10T03:00:10.789+0000] {processor.py:925} INFO - DAG(s) 'latest_only' retrieved from /home/airflow/.local/lib/python3.12/site-packages/airflow/example_dags/example_latest_only.py
[2026-04-10T03:00:10.801+0000] {logging_mixin.py:190} INFO - [2026-04-10T03:00:10.801+0000] {dag.py:3239} INFO - Sync 1 DAGs
[2026-04-10T03:00:10.811+0000] {logging_mixin.py:190} INFO - [2026-04-10T03:00:10.811+0000] {dag.py:4180} INFO - Setting next_dagrun for latest_only to 2026-04-09 20:00:00+00:00, run_after=2026-04-10 00:00:00+00:00
[2026-04-10T03:00:10.819+0000] {processor.py:208} INFO - Processing /home/airflow/.local/lib/python3.12/site-packages/airflow/example_dags/example_latest_only.py took 0.038 seconds
[2026-04-10T03:15:41.596+0000] {processor.py:186} INFO - Started process (PID=79914) to work on /home/airflow/.local/lib/python3.12/site-packages/airflow/example_dags/example_latest_only.py
[2026-04-10T03:15:41.597+0000] {processor.py:914} INFO - Processing file /home/airflow/.local/lib/python3.12/site-packages/airflow/example_dags/example_latest_only.py for tasks to queue
[2026-04-10T03:15:41.597+0000] {logging_mixin.py:190} INFO - [2026-04-10T03:15:41.597+0000] {dagbag.py:588} INFO - Filling up the DagBag from /home/airflow/.local/lib/python3.12/site-packages/airflow/example_dags/example_latest_only.py
[2026-04-10T03:15:41.600+0000] {processor.py:925} INFO - DAG(s) 'latest_only' retrieved from /home/airflow/.local/lib/python3.12/site-packages/airflow/example_dags/example_latest_only.py
[2026-04-10T03:15:41.607+0000] {logging_mixin.py:190} INFO - [2026-04-10T03:15:41.607+0000] {dag.py:3239} INFO - Sync 1 DAGs
[2026-04-10T03:15:41.618+0000] {logging_mixin.py:190} INFO - [2026-04-10T03:15:41.618+0000] {dag.py:4180} INFO - Setting next_dagrun for latest_only to 2026-04-09 20:00:00+00:00, run_after=2026-04-10 00:00:00+00:00
[2026-04-10T03:15:41.628+0000] {processor.py:208} INFO - Processing /home/airflow/.local/lib/python3.12/site-packages/airflow/example_dags/example_latest_only.py took 0.034 seconds
[2026-04-10T03:23:20.766+0000] {processor.py:186} INFO - Started process (PID=79978) to work on /home/airflow/.local/lib/python3.12/site-packages/airflow/example_dags/example_latest_only.py
[2026-04-10T03:23:20.768+0000] {processor.py:914} INFO - Processing file /home/airflow/.local/lib/python3.12/site-packages/airflow/example_dags/example_latest_only.py for tasks to queue
[2026-04-10T03:23:20.769+0000] {logging_mixin.py:190} INFO - [2026-04-10T03:23:20.769+0000] {dagbag.py:588} INFO - Filling up the DagBag from /home/airflow/.local/lib/python3.12/site-packages/airflow/example_dags/example_latest_only.py
[2026-04-10T03:23:20.772+0000] {processor.py:925} INFO - DAG(s) 'latest_only' retrieved from /home/airflow/.local/lib/python3.12/site-packages/airflow/example_dags/example_latest_only.py
[2026-04-10T03:23:20.786+0000] {logging_mixin.py:190} INFO - [2026-04-10T03:23:20.786+0000] {dag.py:3239} INFO - Sync 1 DAGs
[2026-04-10T03:23:20.799+0000] {logging_mixin.py:190} INFO - [2026-04-10T03:23:20.799+0000] {dag.py:4180} INFO - Setting next_dagrun for latest_only to 2026-04-09 20:00:00+00:00, run_after=2026-04-10 00:00:00+00:00
[2026-04-10T03:23:20.810+0000] {processor.py:208} INFO - Processing /home/airflow/.local/lib/python3.12/site-packages/airflow/example_dags/example_latest_only.py took 0.048 seconds
[2026-04-10T03:23:51.640+0000] {processor.py:186} INFO - Started process (PID=80042) to work on /home/airflow/.local/lib/python3.12/site-packages/airflow/example_dags/example_latest_only.py
[2026-04-10T03:23:51.641+0000] {processor.py:914} INFO - Processing file /home/airflow/.local/lib/python3.12/site-packages/airflow/example_dags/example_latest_only.py for tasks to queue
[2026-04-10T03:23:51.642+0000] {logging_mixin.py:190} INFO - [2026-04-10T03:23:51.642+0000] {dagbag.py:588} INFO - Filling up the DagBag from /home/airflow/.local/lib/python3.12/site-packages/airflow/example_dags/example_latest_only.py
[2026-04-10T03:23:51.645+0000] {processor.py:925} INFO - DAG(s) 'latest_only' retrieved from /home/airflow/.local/lib/python3.12/site-packages/airflow/example_dags/example_latest_only.py
[2026-04-10T03:23:51.655+0000] {logging_mixin.py:190} INFO - [2026-04-10T03:23:51.655+0000] {dag.py:3239} INFO - Sync 1 DAGs
[2026-04-10T03:23:51.667+0000] {logging_mixin.py:190} INFO - [2026-04-10T03:23:51.667+0000] {dag.py:4180} INFO - Setting next_dagrun for latest_only to 2026-04-09 20:00:00+00:00, run_after=2026-04-10 00:00:00+00:00
[2026-04-10T03:23:51.675+0000] {processor.py:208} INFO - Processing /home/airflow/.local/lib/python3.12/site-packages/airflow/example_dags/example_latest_only.py took 0.038 seconds
[2026-04-10T03:24:22.256+0000] {processor.py:186} INFO - Started process (PID=80106) to work on /home/airflow/.local/lib/python3.12/site-packages/airflow/example_dags/example_latest_only.py
[2026-04-10T03:24:22.256+0000] {processor.py:914} INFO - Processing file /home/airflow/.local/lib/python3.12/site-packages/airflow/example_dags/example_latest_only.py for tasks to queue
[2026-04-10T03:24:22.257+0000] {logging_mixin.py:190} INFO - [2026-04-10T03:24:22.257+0000] {dagbag.py:588} INFO - Filling up the DagBag from /home/airflow/.local/lib/python3.12/site-packages/airflow/example_dags/example_latest_only.py
[2026-04-10T03:24:22.261+0000] {processor.py:925} INFO - DAG(s) 'latest_only' retrieved from /home/airflow/.local/lib/python3.12/site-packages/airflow/example_dags/example_latest_only.py
[2026-04-10T03:24:22.271+0000] {logging_mixin.py:190} INFO - [2026-04-10T03:24:22.271+0000] {dag.py:3239} INFO - Sync 1 DAGs
[2026-04-10T03:24:22.281+0000] {logging_mixin.py:190} INFO - [2026-04-10T03:24:22.281+0000] {dag.py:4180} INFO - Setting next_dagrun for latest_only to 2026-04-09 20:00:00+00:00, run_after=2026-04-10 00:00:00+00:00
[2026-04-10T03:24:22.289+0000] {processor.py:208} INFO - Processing /home/airflow/.local/lib/python3.12/site-packages/airflow/example_dags/example_latest_only.py took 0.035 seconds
[2026-04-10T03:24:52.644+0000] {processor.py:186} INFO - Started process (PID=80170) to work on /home/airflow/.local/lib/python3.12/site-packages/airflow/example_dags/example_latest_only.py
[2026-04-10T03:24:52.645+0000] {processor.py:914} INFO - Processing file /home/airflow/.local/lib/python3.12/site-packages/airflow/example_dags/example_latest_only.py for tasks to queue
[2026-04-10T03:24:52.646+0000] {logging_mixin.py:190} INFO - [2026-04-10T03:24:52.646+0000] {dagbag.py:588} INFO - Filling up the DagBag from /home/airflow/.local/lib/python3.12/site-packages/airflow/example_dags/example_latest_only.py
[2026-04-10T03:24:52.652+0000] {processor.py:925} INFO - DAG(s) 'latest_only' retrieved from /home/airflow/.local/lib/python3.12/site-packages/airflow/example_dags/example_latest_only.py
[2026-04-10T03:24:52.668+0000] {logging_mixin.py:190} INFO - [2026-04-10T03:24:52.668+0000] {dag.py:3239} INFO - Sync 1 DAGs
[2026-04-10T03:24:52.679+0000] {logging_mixin.py:190} INFO - [2026-04-10T03:24:52.679+0000] {dag.py:4180} INFO - Setting next_dagrun for latest_only to 2026-04-09 20:00:00+00:00, run_after=2026-04-10 00:00:00+00:00
[2026-04-10T03:24:52.688+0000] {processor.py:208} INFO - Processing /home/airflow/.local/lib/python3.12/site-packages/airflow/example_dags/example_latest_only.py took 0.047 seconds
[2026-04-10T03:25:23.087+0000] {processor.py:186} INFO - Started process (PID=80234) to work on /home/airflow/.local/lib/python3.12/site-packages/airflow/example_dags/example_latest_only.py
[2026-04-10T03:25:23.088+0000] {processor.py:914} INFO - Processing file /home/airflow/.local/lib/python3.12/site-packages/airflow/example_dags/example_latest_only.py for tasks to queue
[2026-04-10T03:25:23.089+0000] {logging_mixin.py:190} INFO - [2026-04-10T03:25:23.089+0000] {dagbag.py:588} INFO - Filling up the DagBag from /home/airflow/.local/lib/python3.12/site-packages/airflow/example_dags/example_latest_only.py
[2026-04-10T03:25:23.093+0000] {processor.py:925} INFO - DAG(s) 'latest_only' retrieved from /home/airflow/.local/lib/python3.12/site-packages/airflow/example_dags/example_latest_only.py
[2026-04-10T03:25:23.110+0000] {logging_mixin.py:190} INFO - [2026-04-10T03:25:23.110+0000] {dag.py:3239} INFO - Sync 1 DAGs
[2026-04-10T03:25:23.119+0000] {logging_mixin.py:190} INFO - [2026-04-10T03:25:23.119+0000] {dag.py:4180} INFO - Setting next_dagrun for latest_only to 2026-04-09 20:00:00+00:00, run_after=2026-04-10 00:00:00+00:00
[2026-04-10T03:25:23.125+0000] {processor.py:208} INFO - Processing /home/airflow/.local/lib/python3.12/site-packages/airflow/example_dags/example_latest_only.py took 0.040 seconds
[2026-04-10T03:25:53.607+0000] {processor.py:186} INFO - Started process (PID=80298) to work on /home/airflow/.local/lib/python3.12/site-packages/airflow/example_dags/example_latest_only.py
[2026-04-10T03:25:53.611+0000] {processor.py:914} INFO - Processing file /home/airflow/.local/lib/python3.12/site-packages/airflow/example_dags/example_latest_only.py for tasks to queue
[2026-04-10T03:25:53.612+0000] {logging_mixin.py:190} INFO - [2026-04-10T03:25:53.612+0000] {dagbag.py:588} INFO - Filling up the DagBag from /home/airflow/.local/lib/python3.12/site-packages/airflow/example_dags/example_latest_only.py
[2026-04-10T03:25:53.615+0000] {processor.py:925} INFO - DAG(s) 'latest_only' retrieved from /home/airflow/.local/lib/python3.12/site-packages/airflow/example_dags/example_latest_only.py
[2026-04-10T03:25:53.627+0000] {logging_mixin.py:190} INFO - [2026-04-10T03:25:53.627+0000] {dag.py:3239} INFO - Sync 1 DAGs
[2026-04-10T03:25:53.642+0000] {logging_mixin.py:190} INFO - [2026-04-10T03:25:53.642+0000] {dag.py:4180} INFO - Setting next_dagrun for latest_only to 2026-04-09 20:00:00+00:00, run_after=2026-04-10 00:00:00+00:00
[2026-04-10T03:25:53.653+0000] {processor.py:208} INFO - Processing /home/airflow/.local/lib/python3.12/site-packages/airflow/example_dags/example_latest_only.py took 0.048 seconds
[2026-04-10T03:26:24.835+0000] {processor.py:186} INFO - Started process (PID=80362) to work on /home/airflow/.local/lib/python3.12/site-packages/airflow/example_dags/example_latest_only.py
[2026-04-10T03:26:24.835+0000] {processor.py:914} INFO - Processing file /home/airflow/.local/lib/python3.12/site-packages/airflow/example_dags/example_latest_only.py for tasks to queue
[2026-04-10T03:26:24.837+0000] {logging_mixin.py:190} INFO - [2026-04-10T03:26:24.836+0000] {dagbag.py:588} INFO - Filling up the DagBag from /home/airflow/.local/lib/python3.12/site-packages/airflow/example_dags/example_latest_only.py
[2026-04-10T03:26:24.842+0000] {processor.py:925} INFO - DAG(s) 'latest_only' retrieved from /home/airflow/.local/lib/python3.12/site-packages/airflow/example_dags/example_latest_only.py
[2026-04-10T03:26:24.854+0000] {logging_mixin.py:190} INFO - [2026-04-10T03:26:24.854+0000] {dag.py:3239} INFO - Sync 1 DAGs
[2026-04-10T03:26:24.866+0000] {logging_mixin.py:190} INFO - [2026-04-10T03:26:24.865+0000] {dag.py:4180} INFO - Setting next_dagrun for latest_only to 2026-04-09 20:00:00+00:00, run_after=2026-04-10 00:00:00+00:00
[2026-04-10T03:26:24.875+0000] {processor.py:208} INFO - Processing /home/airflow/.local/lib/python3.12/site-packages/airflow/example_dags/example_latest_only.py took 0.043 seconds
[2026-04-10T03:26:55.312+0000] {processor.py:186} INFO - Started process (PID=80426) to work on /home/airflow/.local/lib/python3.12/site-packages/airflow/example_dags/example_latest_only.py
[2026-04-10T03:26:55.312+0000] {processor.py:914} INFO - Processing file /home/airflow/.local/lib/python3.12/site-packages/airflow/example_dags/example_latest_only.py for tasks to queue
[2026-04-10T03:26:55.313+0000] {logging_mixin.py:190} INFO - [2026-04-10T03:26:55.313+0000] {dagbag.py:588} INFO - Filling up the DagBag from /home/airflow/.local/lib/python3.12/site-packages/airflow/example_dags/example_latest_only.py
[2026-04-10T03:26:55.317+0000] {processor.py:925} INFO - DAG(s) 'latest_only' retrieved from /home/airflow/.local/lib/python3.12/site-packages/airflow/example_dags/example_latest_only.py
[2026-04-10T03:26:55.324+0000] {logging_mixin.py:190} INFO - [2026-04-10T03:26:55.324+0000] {dag.py:3239} INFO - Sync 1 DAGs
[2026-04-10T03:26:55.332+0000] {logging_mixin.py:190} INFO - [2026-04-10T03:26:55.332+0000] {dag.py:4180} INFO - Setting next_dagrun for latest_only to 2026-04-09 20:00:00+00:00, run_after=2026-04-10 00:00:00+00:00
[2026-04-10T03:26:55.339+0000] {processor.py:208} INFO - Processing /home/airflow/.local/lib/python3.12/site-packages/airflow/example_dags/example_latest_only.py took 0.029 seconds
[2026-04-10T03:27:25.664+0000] {processor.py:186} INFO - Started process (PID=80490) to work on /home/airflow/.local/lib/python3.12/site-packages/airflow/example_dags/example_latest_only.py
[2026-04-10T03:27:25.667+0000] {processor.py:914} INFO - Processing file /home/airflow/.local/lib/python3.12/site-packages/airflow/example_dags/example_latest_only.py for tasks to queue
[2026-04-10T03:27:25.668+0000] {logging_mixin.py:190} INFO - [2026-04-10T03:27:25.667+0000] {dagbag.py:588} INFO - Filling up the DagBag from /home/airflow/.local/lib/python3.12/site-packages/airflow/example_dags/example_latest_only.py
[2026-04-10T03:27:25.671+0000] {processor.py:925} INFO - DAG(s) 'latest_only' retrieved from /home/airflow/.local/lib/python3.12/site-packages/airflow/example_dags/example_latest_only.py
[2026-04-10T03:27:25.679+0000] {logging_mixin.py:190} INFO - [2026-04-10T03:27:25.679+0000] {dag.py:3239} INFO - Sync 1 DAGs
[2026-04-10T03:27:25.688+0000] {logging_mixin.py:190} INFO - [2026-04-10T03:27:25.688+0000] {dag.py:4180} INFO - Setting next_dagrun for latest_only to 2026-04-09 20:00:00+00:00, run_after=2026-04-10 00:00:00+00:00
[2026-04-10T03:27:25.699+0000] {processor.py:208} INFO - Processing /home/airflow/.local/lib/python3.12/site-packages/airflow/example_dags/example_latest_only.py took 0.036 seconds
[2026-04-10T03:27:56.078+0000] {processor.py:186} INFO - Started process (PID=80554) to work on /home/airflow/.local/lib/python3.12/site-packages/airflow/example_dags/example_latest_only.py
[2026-04-10T03:27:56.080+0000] {processor.py:914} INFO - Processing file /home/airflow/.local/lib/python3.12/site-packages/airflow/example_dags/example_latest_only.py for tasks to queue
[2026-04-10T03:27:56.081+0000] {logging_mixin.py:190} INFO - [2026-04-10T03:27:56.081+0000] {dagbag.py:588} INFO - Filling up the DagBag from /home/airflow/.local/lib/python3.12/site-packages/airflow/example_dags/example_latest_only.py
[2026-04-10T03:27:56.085+0000] {processor.py:925} INFO - DAG(s) 'latest_only' retrieved from /home/airflow/.local/lib/python3.12/site-packages/airflow/example_dags/example_latest_only.py
[2026-04-10T03:27:56.097+0000] {logging_mixin.py:190} INFO - [2026-04-10T03:27:56.097+0000] {dag.py:3239} INFO - Sync 1 DAGs
[2026-04-10T03:27:56.107+0000] {logging_mixin.py:190} INFO - [2026-04-10T03:27:56.107+0000] {dag.py:4180} INFO - Setting next_dagrun for latest_only to 2026-04-09 20:00:00+00:00, run_after=2026-04-10 00:00:00+00:00
[2026-04-10T03:27:56.114+0000] {processor.py:208} INFO - Processing /home/airflow/.local/lib/python3.12/site-packages/airflow/example_dags/example_latest_only.py took 0.039 seconds
[2026-04-10T03:28:26.779+0000] {processor.py:186} INFO - Started process (PID=80618) to work on /home/airflow/.local/lib/python3.12/site-packages/airflow/example_dags/example_latest_only.py
[2026-04-10T03:28:26.780+0000] {processor.py:914} INFO - Processing file /home/airflow/.local/lib/python3.12/site-packages/airflow/example_dags/example_latest_only.py for tasks to queue
[2026-04-10T03:28:26.780+0000] {logging_mixin.py:190} INFO - [2026-04-10T03:28:26.780+0000] {dagbag.py:588} INFO - Filling up the DagBag from /home/airflow/.local/lib/python3.12/site-packages/airflow/example_dags/example_latest_only.py
[2026-04-10T03:28:26.783+0000] {processor.py:925} INFO - DAG(s) 'latest_only' retrieved from /home/airflow/.local/lib/python3.12/site-packages/airflow/example_dags/example_latest_only.py
[2026-04-10T03:28:26.789+0000] {logging_mixin.py:190} INFO - [2026-04-10T03:28:26.789+0000] {dag.py:3239} INFO - Sync 1 DAGs
[2026-04-10T03:28:26.796+0000] {logging_mixin.py:190} INFO - [2026-04-10T03:28:26.796+0000] {dag.py:4180} INFO - Setting next_dagrun for latest_only to 2026-04-09 20:00:00+00:00, run_after=2026-04-10 00:00:00+00:00
[2026-04-10T03:28:26.801+0000] {processor.py:208} INFO - Processing /home/airflow/.local/lib/python3.12/site-packages/airflow/example_dags/example_latest_only.py took 0.024 seconds
[2026-04-10T03:28:57.247+0000] {processor.py:186} INFO - Started process (PID=80682) to work on /home/airflow/.local/lib/python3.12/site-packages/airflow/example_dags/example_latest_only.py
[2026-04-10T03:28:57.247+0000] {processor.py:914} INFO - Processing file /home/airflow/.local/lib/python3.12/site-packages/airflow/example_dags/example_latest_only.py for tasks to queue
[2026-04-10T03:28:57.248+0000] {logging_mixin.py:190} INFO - [2026-04-10T03:28:57.247+0000] {dagbag.py:588} INFO - Filling up the DagBag from /home/airflow/.local/lib/python3.12/site-packages/airflow/example_dags/example_latest_only.py
[2026-04-10T03:28:57.251+0000] {processor.py:925} INFO - DAG(s) 'latest_only' retrieved from /home/airflow/.local/lib/python3.12/site-packages/airflow/example_dags/example_latest_only.py
[2026-04-10T03:28:57.262+0000] {logging_mixin.py:190} INFO - [2026-04-10T03:28:57.262+0000] {dag.py:3239} INFO - Sync 1 DAGs
[2026-04-10T03:28:57.271+0000] {logging_mixin.py:190} INFO - [2026-04-10T03:28:57.271+0000] {dag.py:4180} INFO - Setting next_dagrun for latest_only to 2026-04-09 20:00:00+00:00, run_after=2026-04-10 00:00:00+00:00
[2026-04-10T03:28:57.279+0000] {processor.py:208} INFO - Processing /home/airflow/.local/lib/python3.12/site-packages/airflow/example_dags/example_latest_only.py took 0.035 seconds
[2026-04-10T03:29:27.669+0000] {processor.py:186} INFO - Started process (PID=80746) to work on /home/airflow/.local/lib/python3.12/site-packages/airflow/example_dags/example_latest_only.py
[2026-04-10T03:29:27.671+0000] {processor.py:914} INFO - Processing file /home/airflow/.local/lib/python3.12/site-packages/airflow/example_dags/example_latest_only.py for tasks to queue
[2026-04-10T03:29:27.672+0000] {logging_mixin.py:190} INFO - [2026-04-10T03:29:27.671+0000] {dagbag.py:588} INFO - Filling up the DagBag from /home/airflow/.local/lib/python3.12/site-packages/airflow/example_dags/example_latest_only.py
[2026-04-10T03:29:27.676+0000] {processor.py:925} INFO - DAG(s) 'latest_only' retrieved from /home/airflow/.local/lib/python3.12/site-packages/airflow/example_dags/example_latest_only.py
[2026-04-10T03:29:27.690+0000] {logging_mixin.py:190} INFO - [2026-04-10T03:29:27.690+0000] {dag.py:3239} INFO - Sync 1 DAGs
[2026-04-10T03:29:27.701+0000] {logging_mixin.py:190} INFO - [2026-04-10T03:29:27.701+0000] {dag.py:4180} INFO - Setting next_dagrun for latest_only to 2026-04-09 20:00:00+00:00, run_after=2026-04-10 00:00:00+00:00
[2026-04-10T03:29:27.708+0000] {processor.py:208} INFO - Processing /home/airflow/.local/lib/python3.12/site-packages/airflow/example_dags/example_latest_only.py took 0.041 seconds
[2026-04-10T03:29:58.236+0000] {processor.py:186} INFO - Started process (PID=80809) to work on /home/airflow/.local/lib/python3.12/site-packages/airflow/example_dags/example_latest_only.py
[2026-04-10T03:29:58.237+0000] {processor.py:914} INFO - Processing file /home/airflow/.local/lib/python3.12/site-packages/airflow/example_dags/example_latest_only.py for tasks to queue
[2026-04-10T03:29:58.237+0000] {logging_mixin.py:190} INFO - [2026-04-10T03:29:58.237+0000] {dagbag.py:588} INFO - Filling up the DagBag from /home/airflow/.local/lib/python3.12/site-packages/airflow/example_dags/example_latest_only.py
[2026-04-10T03:29:58.240+0000] {processor.py:925} INFO - DAG(s) 'latest_only' retrieved from /home/airflow/.local/lib/python3.12/site-packages/airflow/example_dags/example_latest_only.py
[2026-04-10T03:29:58.247+0000] {logging_mixin.py:190} INFO - [2026-04-10T03:29:58.247+0000] {dag.py:3239} INFO - Sync 1 DAGs
[2026-04-10T03:29:58.254+0000] {logging_mixin.py:190} INFO - [2026-04-10T03:29:58.254+0000] {dag.py:4180} INFO - Setting next_dagrun for latest_only to 2026-04-09 20:00:00+00:00, run_after=2026-04-10 00:00:00+00:00
[2026-04-10T03:29:58.260+0000] {processor.py:208} INFO - Processing /home/airflow/.local/lib/python3.12/site-packages/airflow/example_dags/example_latest_only.py took 0.026 seconds
[2026-04-10T03:30:28.551+0000] {processor.py:186} INFO - Started process (PID=80873) to work on /home/airflow/.local/lib/python3.12/site-packages/airflow/example_dags/example_latest_only.py
[2026-04-10T03:30:28.552+0000] {processor.py:914} INFO - Processing file /home/airflow/.local/lib/python3.12/site-packages/airflow/example_dags/example_latest_only.py for tasks to queue
[2026-04-10T03:30:28.554+0000] {logging_mixin.py:190} INFO - [2026-04-10T03:30:28.554+0000] {dagbag.py:588} INFO - Filling up the DagBag from /home/airflow/.local/lib/python3.12/site-packages/airflow/example_dags/example_latest_only.py
[2026-04-10T03:30:28.558+0000] {processor.py:925} INFO - DAG(s) 'latest_only' retrieved from /home/airflow/.local/lib/python3.12/site-packages/airflow/example_dags/example_latest_only.py
[2026-04-10T03:30:28.565+0000] {logging_mixin.py:190} INFO - [2026-04-10T03:30:28.565+0000] {dag.py:3239} INFO - Sync 1 DAGs
[2026-04-10T03:30:28.572+0000] {logging_mixin.py:190} INFO - [2026-04-10T03:30:28.572+0000] {dag.py:4180} INFO - Setting next_dagrun for latest_only to 2026-04-09 20:00:00+00:00, run_after=2026-04-10 00:00:00+00:00
[2026-04-10T03:30:28.582+0000] {processor.py:208} INFO - Processing /home/airflow/.local/lib/python3.12/site-packages/airflow/example_dags/example_latest_only.py took 0.033 seconds
[2026-04-10T03:30:58.813+0000] {processor.py:186} INFO - Started process (PID=80937) to work on /home/airflow/.local/lib/python3.12/site-packages/airflow/example_dags/example_latest_only.py
[2026-04-10T03:30:58.814+0000] {processor.py:914} INFO - Processing file /home/airflow/.local/lib/python3.12/site-packages/airflow/example_dags/example_latest_only.py for tasks to queue
[2026-04-10T03:30:58.814+0000] {logging_mixin.py:190} INFO - [2026-04-10T03:30:58.814+0000] {dagbag.py:588} INFO - Filling up the DagBag from /home/airflow/.local/lib/python3.12/site-packages/airflow/example_dags/example_latest_only.py
[2026-04-10T03:30:58.818+0000] {processor.py:925} INFO - DAG(s) 'latest_only' retrieved from /home/airflow/.local/lib/python3.12/site-packages/airflow/example_dags/example_latest_only.py
[2026-04-10T03:30:58.827+0000] {logging_mixin.py:190} INFO - [2026-04-10T03:30:58.827+0000] {dag.py:3239} INFO - Sync 1 DAGs
[2026-04-10T03:30:58.836+0000] {logging_mixin.py:190} INFO - [2026-04-10T03:30:58.836+0000] {dag.py:4180} INFO - Setting next_dagrun for latest_only to 2026-04-09 20:00:00+00:00, run_after=2026-04-10 00:00:00+00:00
[2026-04-10T03:30:58.845+0000] {processor.py:208} INFO - Processing /home/airflow/.local/lib/python3.12/site-packages/airflow/example_dags/example_latest_only.py took 0.034 seconds
