[2026-04-10T00:07:14.854+0000] {processor.py:186} INFO - Started process (PID=78562) to work on /home/airflow/.local/lib/python3.12/site-packages/airflow/example_dags/example_time_delta_sensor_async.py
[2026-04-10T00:07:14.855+0000] {processor.py:914} INFO - Processing file /home/airflow/.local/lib/python3.12/site-packages/airflow/example_dags/example_time_delta_sensor_async.py for tasks to queue
[2026-04-10T00:07:14.856+0000] {logging_mixin.py:190} INFO - [2026-04-10T00:07:14.856+0000] {dagbag.py:588} INFO - Filling up the DagBag from /home/airflow/.local/lib/python3.12/site-packages/airflow/example_dags/example_time_delta_sensor_async.py
[2026-04-10T00:07:14.865+0000] {processor.py:925} INFO - DAG(s) 'example_time_delta_sensor_async' retrieved from /home/airflow/.local/lib/python3.12/site-packages/airflow/example_dags/example_time_delta_sensor_async.py
[2026-04-10T00:07:14.884+0000] {logging_mixin.py:190} INFO - [2026-04-10T00:07:14.884+0000] {dag.py:3239} INFO - Sync 1 DAGs
[2026-04-10T00:07:14.894+0000] {logging_mixin.py:190} INFO - [2026-04-10T00:07:14.894+0000] {dag.py:4180} INFO - Setting next_dagrun for example_time_delta_sensor_async to None, run_after=None
[2026-04-10T00:07:14.904+0000] {processor.py:208} INFO - Processing /home/airflow/.local/lib/python3.12/site-packages/airflow/example_dags/example_time_delta_sensor_async.py took 0.057 seconds
[2026-04-10T00:22:47.920+0000] {processor.py:186} INFO - Started process (PID=78626) to work on /home/airflow/.local/lib/python3.12/site-packages/airflow/example_dags/example_time_delta_sensor_async.py
[2026-04-10T00:22:47.921+0000] {processor.py:914} INFO - Processing file /home/airflow/.local/lib/python3.12/site-packages/airflow/example_dags/example_time_delta_sensor_async.py for tasks to queue
[2026-04-10T00:22:47.922+0000] {logging_mixin.py:190} INFO - [2026-04-10T00:22:47.922+0000] {dagbag.py:588} INFO - Filling up the DagBag from /home/airflow/.local/lib/python3.12/site-packages/airflow/example_dags/example_time_delta_sensor_async.py
[2026-04-10T00:22:47.925+0000] {processor.py:925} INFO - DAG(s) 'example_time_delta_sensor_async' retrieved from /home/airflow/.local/lib/python3.12/site-packages/airflow/example_dags/example_time_delta_sensor_async.py
[2026-04-10T00:22:47.933+0000] {logging_mixin.py:190} INFO - [2026-04-10T00:22:47.933+0000] {dag.py:3239} INFO - Sync 1 DAGs
[2026-04-10T00:22:47.941+0000] {logging_mixin.py:190} INFO - [2026-04-10T00:22:47.941+0000] {dag.py:4180} INFO - Setting next_dagrun for example_time_delta_sensor_async to None, run_after=None
[2026-04-10T00:22:47.947+0000] {processor.py:208} INFO - Processing /home/airflow/.local/lib/python3.12/site-packages/airflow/example_dags/example_time_delta_sensor_async.py took 0.029 seconds
[2026-04-10T00:23:18.671+0000] {processor.py:186} INFO - Started process (PID=78690) to work on /home/airflow/.local/lib/python3.12/site-packages/airflow/example_dags/example_time_delta_sensor_async.py
[2026-04-10T00:23:18.671+0000] {processor.py:914} INFO - Processing file /home/airflow/.local/lib/python3.12/site-packages/airflow/example_dags/example_time_delta_sensor_async.py for tasks to queue
[2026-04-10T00:23:18.672+0000] {logging_mixin.py:190} INFO - [2026-04-10T00:23:18.672+0000] {dagbag.py:588} INFO - Filling up the DagBag from /home/airflow/.local/lib/python3.12/site-packages/airflow/example_dags/example_time_delta_sensor_async.py
[2026-04-10T00:23:18.675+0000] {processor.py:925} INFO - DAG(s) 'example_time_delta_sensor_async' retrieved from /home/airflow/.local/lib/python3.12/site-packages/airflow/example_dags/example_time_delta_sensor_async.py
[2026-04-10T00:23:18.684+0000] {logging_mixin.py:190} INFO - [2026-04-10T00:23:18.683+0000] {dag.py:3239} INFO - Sync 1 DAGs
[2026-04-10T00:23:18.690+0000] {logging_mixin.py:190} INFO - [2026-04-10T00:23:18.690+0000] {dag.py:4180} INFO - Setting next_dagrun for example_time_delta_sensor_async to None, run_after=None
[2026-04-10T00:23:18.700+0000] {processor.py:208} INFO - Processing /home/airflow/.local/lib/python3.12/site-packages/airflow/example_dags/example_time_delta_sensor_async.py took 0.031 seconds
[2026-04-10T00:38:48.712+0000] {processor.py:186} INFO - Started process (PID=78754) to work on /home/airflow/.local/lib/python3.12/site-packages/airflow/example_dags/example_time_delta_sensor_async.py
[2026-04-10T00:38:48.713+0000] {processor.py:914} INFO - Processing file /home/airflow/.local/lib/python3.12/site-packages/airflow/example_dags/example_time_delta_sensor_async.py for tasks to queue
[2026-04-10T00:38:48.713+0000] {logging_mixin.py:190} INFO - [2026-04-10T00:38:48.713+0000] {dagbag.py:588} INFO - Filling up the DagBag from /home/airflow/.local/lib/python3.12/site-packages/airflow/example_dags/example_time_delta_sensor_async.py
[2026-04-10T00:38:48.715+0000] {processor.py:925} INFO - DAG(s) 'example_time_delta_sensor_async' retrieved from /home/airflow/.local/lib/python3.12/site-packages/airflow/example_dags/example_time_delta_sensor_async.py
[2026-04-10T00:38:48.722+0000] {logging_mixin.py:190} INFO - [2026-04-10T00:38:48.722+0000] {dag.py:3239} INFO - Sync 1 DAGs
[2026-04-10T00:38:48.726+0000] {logging_mixin.py:190} INFO - [2026-04-10T00:38:48.726+0000] {dag.py:4180} INFO - Setting next_dagrun for example_time_delta_sensor_async to None, run_after=None
[2026-04-10T00:38:48.731+0000] {processor.py:208} INFO - Processing /home/airflow/.local/lib/python3.12/site-packages/airflow/example_dags/example_time_delta_sensor_async.py took 0.021 seconds
[2026-04-10T00:41:53.143+0000] {processor.py:186} INFO - Started process (PID=78818) to work on /home/airflow/.local/lib/python3.12/site-packages/airflow/example_dags/example_time_delta_sensor_async.py
[2026-04-10T00:41:53.143+0000] {processor.py:914} INFO - Processing file /home/airflow/.local/lib/python3.12/site-packages/airflow/example_dags/example_time_delta_sensor_async.py for tasks to queue
[2026-04-10T00:41:53.144+0000] {logging_mixin.py:190} INFO - [2026-04-10T00:41:53.144+0000] {dagbag.py:588} INFO - Filling up the DagBag from /home/airflow/.local/lib/python3.12/site-packages/airflow/example_dags/example_time_delta_sensor_async.py
[2026-04-10T00:41:53.147+0000] {processor.py:925} INFO - DAG(s) 'example_time_delta_sensor_async' retrieved from /home/airflow/.local/lib/python3.12/site-packages/airflow/example_dags/example_time_delta_sensor_async.py
[2026-04-10T00:41:53.159+0000] {logging_mixin.py:190} INFO - [2026-04-10T00:41:53.159+0000] {dag.py:3239} INFO - Sync 1 DAGs
[2026-04-10T00:41:53.165+0000] {logging_mixin.py:190} INFO - [2026-04-10T00:41:53.165+0000] {dag.py:4180} INFO - Setting next_dagrun for example_time_delta_sensor_async to None, run_after=None
[2026-04-10T00:41:53.172+0000] {processor.py:208} INFO - Processing /home/airflow/.local/lib/python3.12/site-packages/airflow/example_dags/example_time_delta_sensor_async.py took 0.031 seconds
[2026-04-10T00:42:24.478+0000] {processor.py:186} INFO - Started process (PID=78882) to work on /home/airflow/.local/lib/python3.12/site-packages/airflow/example_dags/example_time_delta_sensor_async.py
[2026-04-10T00:42:24.479+0000] {processor.py:914} INFO - Processing file /home/airflow/.local/lib/python3.12/site-packages/airflow/example_dags/example_time_delta_sensor_async.py for tasks to queue
[2026-04-10T00:42:24.479+0000] {logging_mixin.py:190} INFO - [2026-04-10T00:42:24.479+0000] {dagbag.py:588} INFO - Filling up the DagBag from /home/airflow/.local/lib/python3.12/site-packages/airflow/example_dags/example_time_delta_sensor_async.py
[2026-04-10T00:42:24.482+0000] {processor.py:925} INFO - DAG(s) 'example_time_delta_sensor_async' retrieved from /home/airflow/.local/lib/python3.12/site-packages/airflow/example_dags/example_time_delta_sensor_async.py
[2026-04-10T00:42:24.493+0000] {logging_mixin.py:190} INFO - [2026-04-10T00:42:24.492+0000] {dag.py:3239} INFO - Sync 1 DAGs
[2026-04-10T00:42:24.498+0000] {logging_mixin.py:190} INFO - [2026-04-10T00:42:24.497+0000] {dag.py:4180} INFO - Setting next_dagrun for example_time_delta_sensor_async to None, run_after=None
[2026-04-10T00:42:24.503+0000] {processor.py:208} INFO - Processing /home/airflow/.local/lib/python3.12/site-packages/airflow/example_dags/example_time_delta_sensor_async.py took 0.028 seconds
[2026-04-10T00:57:54.835+0000] {processor.py:186} INFO - Started process (PID=78946) to work on /home/airflow/.local/lib/python3.12/site-packages/airflow/example_dags/example_time_delta_sensor_async.py
[2026-04-10T00:57:54.835+0000] {processor.py:914} INFO - Processing file /home/airflow/.local/lib/python3.12/site-packages/airflow/example_dags/example_time_delta_sensor_async.py for tasks to queue
[2026-04-10T00:57:54.835+0000] {logging_mixin.py:190} INFO - [2026-04-10T00:57:54.835+0000] {dagbag.py:588} INFO - Filling up the DagBag from /home/airflow/.local/lib/python3.12/site-packages/airflow/example_dags/example_time_delta_sensor_async.py
[2026-04-10T00:57:54.838+0000] {processor.py:925} INFO - DAG(s) 'example_time_delta_sensor_async' retrieved from /home/airflow/.local/lib/python3.12/site-packages/airflow/example_dags/example_time_delta_sensor_async.py
[2026-04-10T00:57:54.844+0000] {logging_mixin.py:190} INFO - [2026-04-10T00:57:54.844+0000] {dag.py:3239} INFO - Sync 1 DAGs
[2026-04-10T00:57:54.849+0000] {logging_mixin.py:190} INFO - [2026-04-10T00:57:54.849+0000] {dag.py:4180} INFO - Setting next_dagrun for example_time_delta_sensor_async to None, run_after=None
[2026-04-10T00:57:54.855+0000] {processor.py:208} INFO - Processing /home/airflow/.local/lib/python3.12/site-packages/airflow/example_dags/example_time_delta_sensor_async.py took 0.022 seconds
[2026-04-10T01:13:26.518+0000] {processor.py:186} INFO - Started process (PID=79010) to work on /home/airflow/.local/lib/python3.12/site-packages/airflow/example_dags/example_time_delta_sensor_async.py
[2026-04-10T01:13:26.519+0000] {processor.py:914} INFO - Processing file /home/airflow/.local/lib/python3.12/site-packages/airflow/example_dags/example_time_delta_sensor_async.py for tasks to queue
[2026-04-10T01:13:26.521+0000] {logging_mixin.py:190} INFO - [2026-04-10T01:13:26.521+0000] {dagbag.py:588} INFO - Filling up the DagBag from /home/airflow/.local/lib/python3.12/site-packages/airflow/example_dags/example_time_delta_sensor_async.py
[2026-04-10T01:13:26.530+0000] {processor.py:925} INFO - DAG(s) 'example_time_delta_sensor_async' retrieved from /home/airflow/.local/lib/python3.12/site-packages/airflow/example_dags/example_time_delta_sensor_async.py
[2026-04-10T01:13:26.552+0000] {logging_mixin.py:190} INFO - [2026-04-10T01:13:26.552+0000] {dag.py:3239} INFO - Sync 1 DAGs
[2026-04-10T01:13:26.565+0000] {logging_mixin.py:190} INFO - [2026-04-10T01:13:26.565+0000] {dag.py:4180} INFO - Setting next_dagrun for example_time_delta_sensor_async to None, run_after=None
[2026-04-10T01:13:26.579+0000] {processor.py:208} INFO - Processing /home/airflow/.local/lib/python3.12/site-packages/airflow/example_dags/example_time_delta_sensor_async.py took 0.066 seconds
[2026-04-10T01:13:56.605+0000] {processor.py:186} INFO - Started process (PID=79073) to work on /home/airflow/.local/lib/python3.12/site-packages/airflow/example_dags/example_time_delta_sensor_async.py
[2026-04-10T01:13:56.609+0000] {processor.py:914} INFO - Processing file /home/airflow/.local/lib/python3.12/site-packages/airflow/example_dags/example_time_delta_sensor_async.py for tasks to queue
[2026-04-10T01:13:56.609+0000] {logging_mixin.py:190} INFO - [2026-04-10T01:13:56.609+0000] {dagbag.py:588} INFO - Filling up the DagBag from /home/airflow/.local/lib/python3.12/site-packages/airflow/example_dags/example_time_delta_sensor_async.py
[2026-04-10T01:13:56.612+0000] {processor.py:925} INFO - DAG(s) 'example_time_delta_sensor_async' retrieved from /home/airflow/.local/lib/python3.12/site-packages/airflow/example_dags/example_time_delta_sensor_async.py
[2026-04-10T01:13:56.623+0000] {logging_mixin.py:190} INFO - [2026-04-10T01:13:56.623+0000] {dag.py:3239} INFO - Sync 1 DAGs
[2026-04-10T01:13:56.628+0000] {logging_mixin.py:190} INFO - [2026-04-10T01:13:56.628+0000] {dag.py:4180} INFO - Setting next_dagrun for example_time_delta_sensor_async to None, run_after=None
[2026-04-10T01:13:56.635+0000] {processor.py:208} INFO - Processing /home/airflow/.local/lib/python3.12/site-packages/airflow/example_dags/example_time_delta_sensor_async.py took 0.032 seconds
[2026-04-10T01:29:26.118+0000] {processor.py:186} INFO - Started process (PID=79137) to work on /home/airflow/.local/lib/python3.12/site-packages/airflow/example_dags/example_time_delta_sensor_async.py
[2026-04-10T01:29:26.118+0000] {processor.py:914} INFO - Processing file /home/airflow/.local/lib/python3.12/site-packages/airflow/example_dags/example_time_delta_sensor_async.py for tasks to queue
[2026-04-10T01:29:26.119+0000] {logging_mixin.py:190} INFO - [2026-04-10T01:29:26.119+0000] {dagbag.py:588} INFO - Filling up the DagBag from /home/airflow/.local/lib/python3.12/site-packages/airflow/example_dags/example_time_delta_sensor_async.py
[2026-04-10T01:29:26.122+0000] {processor.py:925} INFO - DAG(s) 'example_time_delta_sensor_async' retrieved from /home/airflow/.local/lib/python3.12/site-packages/airflow/example_dags/example_time_delta_sensor_async.py
[2026-04-10T01:29:26.133+0000] {logging_mixin.py:190} INFO - [2026-04-10T01:29:26.133+0000] {dag.py:3239} INFO - Sync 1 DAGs
[2026-04-10T01:29:26.139+0000] {logging_mixin.py:190} INFO - [2026-04-10T01:29:26.139+0000] {dag.py:4180} INFO - Setting next_dagrun for example_time_delta_sensor_async to None, run_after=None
[2026-04-10T01:29:26.147+0000] {processor.py:208} INFO - Processing /home/airflow/.local/lib/python3.12/site-packages/airflow/example_dags/example_time_delta_sensor_async.py took 0.032 seconds
[2026-04-10T01:29:56.572+0000] {processor.py:186} INFO - Started process (PID=79201) to work on /home/airflow/.local/lib/python3.12/site-packages/airflow/example_dags/example_time_delta_sensor_async.py
[2026-04-10T01:29:56.573+0000] {processor.py:914} INFO - Processing file /home/airflow/.local/lib/python3.12/site-packages/airflow/example_dags/example_time_delta_sensor_async.py for tasks to queue
[2026-04-10T01:29:56.573+0000] {logging_mixin.py:190} INFO - [2026-04-10T01:29:56.573+0000] {dagbag.py:588} INFO - Filling up the DagBag from /home/airflow/.local/lib/python3.12/site-packages/airflow/example_dags/example_time_delta_sensor_async.py
[2026-04-10T01:29:56.576+0000] {processor.py:925} INFO - DAG(s) 'example_time_delta_sensor_async' retrieved from /home/airflow/.local/lib/python3.12/site-packages/airflow/example_dags/example_time_delta_sensor_async.py
[2026-04-10T01:29:56.583+0000] {logging_mixin.py:190} INFO - [2026-04-10T01:29:56.583+0000] {dag.py:3239} INFO - Sync 1 DAGs
[2026-04-10T01:29:56.588+0000] {logging_mixin.py:190} INFO - [2026-04-10T01:29:56.588+0000] {dag.py:4180} INFO - Setting next_dagrun for example_time_delta_sensor_async to None, run_after=None
[2026-04-10T01:29:56.594+0000] {processor.py:208} INFO - Processing /home/airflow/.local/lib/python3.12/site-packages/airflow/example_dags/example_time_delta_sensor_async.py took 0.024 seconds
[2026-04-10T01:43:15.906+0000] {processor.py:186} INFO - Started process (PID=79265) to work on /home/airflow/.local/lib/python3.12/site-packages/airflow/example_dags/example_time_delta_sensor_async.py
[2026-04-10T01:43:15.906+0000] {processor.py:914} INFO - Processing file /home/airflow/.local/lib/python3.12/site-packages/airflow/example_dags/example_time_delta_sensor_async.py for tasks to queue
[2026-04-10T01:43:15.907+0000] {logging_mixin.py:190} INFO - [2026-04-10T01:43:15.907+0000] {dagbag.py:588} INFO - Filling up the DagBag from /home/airflow/.local/lib/python3.12/site-packages/airflow/example_dags/example_time_delta_sensor_async.py
[2026-04-10T01:43:15.911+0000] {processor.py:925} INFO - DAG(s) 'example_time_delta_sensor_async' retrieved from /home/airflow/.local/lib/python3.12/site-packages/airflow/example_dags/example_time_delta_sensor_async.py
[2026-04-10T01:43:15.921+0000] {logging_mixin.py:190} INFO - [2026-04-10T01:43:15.921+0000] {dag.py:3239} INFO - Sync 1 DAGs
[2026-04-10T01:43:15.926+0000] {logging_mixin.py:190} INFO - [2026-04-10T01:43:15.926+0000] {dag.py:4180} INFO - Setting next_dagrun for example_time_delta_sensor_async to None, run_after=None
[2026-04-10T01:43:15.931+0000] {processor.py:208} INFO - Processing /home/airflow/.local/lib/python3.12/site-packages/airflow/example_dags/example_time_delta_sensor_async.py took 0.028 seconds
[2026-04-10T01:58:47.759+0000] {processor.py:186} INFO - Started process (PID=79329) to work on /home/airflow/.local/lib/python3.12/site-packages/airflow/example_dags/example_time_delta_sensor_async.py
[2026-04-10T01:58:47.760+0000] {processor.py:914} INFO - Processing file /home/airflow/.local/lib/python3.12/site-packages/airflow/example_dags/example_time_delta_sensor_async.py for tasks to queue
[2026-04-10T01:58:47.761+0000] {logging_mixin.py:190} INFO - [2026-04-10T01:58:47.760+0000] {dagbag.py:588} INFO - Filling up the DagBag from /home/airflow/.local/lib/python3.12/site-packages/airflow/example_dags/example_time_delta_sensor_async.py
[2026-04-10T01:58:47.763+0000] {processor.py:925} INFO - DAG(s) 'example_time_delta_sensor_async' retrieved from /home/airflow/.local/lib/python3.12/site-packages/airflow/example_dags/example_time_delta_sensor_async.py
[2026-04-10T01:58:47.772+0000] {logging_mixin.py:190} INFO - [2026-04-10T01:58:47.772+0000] {dag.py:3239} INFO - Sync 1 DAGs
[2026-04-10T01:58:47.780+0000] {logging_mixin.py:190} INFO - [2026-04-10T01:58:47.779+0000] {dag.py:4180} INFO - Setting next_dagrun for example_time_delta_sensor_async to None, run_after=None
[2026-04-10T01:58:47.788+0000] {processor.py:208} INFO - Processing /home/airflow/.local/lib/python3.12/site-packages/airflow/example_dags/example_time_delta_sensor_async.py took 0.031 seconds
[2026-04-10T01:59:19.050+0000] {processor.py:186} INFO - Started process (PID=79393) to work on /home/airflow/.local/lib/python3.12/site-packages/airflow/example_dags/example_time_delta_sensor_async.py
[2026-04-10T01:59:19.051+0000] {processor.py:914} INFO - Processing file /home/airflow/.local/lib/python3.12/site-packages/airflow/example_dags/example_time_delta_sensor_async.py for tasks to queue
[2026-04-10T01:59:19.051+0000] {logging_mixin.py:190} INFO - [2026-04-10T01:59:19.051+0000] {dagbag.py:588} INFO - Filling up the DagBag from /home/airflow/.local/lib/python3.12/site-packages/airflow/example_dags/example_time_delta_sensor_async.py
[2026-04-10T01:59:19.056+0000] {processor.py:925} INFO - DAG(s) 'example_time_delta_sensor_async' retrieved from /home/airflow/.local/lib/python3.12/site-packages/airflow/example_dags/example_time_delta_sensor_async.py
[2026-04-10T01:59:19.066+0000] {logging_mixin.py:190} INFO - [2026-04-10T01:59:19.066+0000] {dag.py:3239} INFO - Sync 1 DAGs
[2026-04-10T01:59:19.072+0000] {logging_mixin.py:190} INFO - [2026-04-10T01:59:19.072+0000] {dag.py:4180} INFO - Setting next_dagrun for example_time_delta_sensor_async to None, run_after=None
[2026-04-10T01:59:19.080+0000] {processor.py:208} INFO - Processing /home/airflow/.local/lib/python3.12/site-packages/airflow/example_dags/example_time_delta_sensor_async.py took 0.033 seconds
[2026-04-10T02:14:51.478+0000] {processor.py:186} INFO - Started process (PID=79457) to work on /home/airflow/.local/lib/python3.12/site-packages/airflow/example_dags/example_time_delta_sensor_async.py
[2026-04-10T02:14:51.479+0000] {processor.py:914} INFO - Processing file /home/airflow/.local/lib/python3.12/site-packages/airflow/example_dags/example_time_delta_sensor_async.py for tasks to queue
[2026-04-10T02:14:51.479+0000] {logging_mixin.py:190} INFO - [2026-04-10T02:14:51.479+0000] {dagbag.py:588} INFO - Filling up the DagBag from /home/airflow/.local/lib/python3.12/site-packages/airflow/example_dags/example_time_delta_sensor_async.py
[2026-04-10T02:14:51.484+0000] {processor.py:925} INFO - DAG(s) 'example_time_delta_sensor_async' retrieved from /home/airflow/.local/lib/python3.12/site-packages/airflow/example_dags/example_time_delta_sensor_async.py
[2026-04-10T02:14:51.491+0000] {logging_mixin.py:190} INFO - [2026-04-10T02:14:51.491+0000] {dag.py:3239} INFO - Sync 1 DAGs
[2026-04-10T02:14:51.499+0000] {logging_mixin.py:190} INFO - [2026-04-10T02:14:51.499+0000] {dag.py:4180} INFO - Setting next_dagrun for example_time_delta_sensor_async to None, run_after=None
[2026-04-10T02:14:51.508+0000] {processor.py:208} INFO - Processing /home/airflow/.local/lib/python3.12/site-packages/airflow/example_dags/example_time_delta_sensor_async.py took 0.032 seconds
[2026-04-10T02:20:01.832+0000] {processor.py:186} INFO - Started process (PID=79521) to work on /home/airflow/.local/lib/python3.12/site-packages/airflow/example_dags/example_time_delta_sensor_async.py
[2026-04-10T02:20:01.833+0000] {processor.py:914} INFO - Processing file /home/airflow/.local/lib/python3.12/site-packages/airflow/example_dags/example_time_delta_sensor_async.py for tasks to queue
[2026-04-10T02:20:01.834+0000] {logging_mixin.py:190} INFO - [2026-04-10T02:20:01.834+0000] {dagbag.py:588} INFO - Filling up the DagBag from /home/airflow/.local/lib/python3.12/site-packages/airflow/example_dags/example_time_delta_sensor_async.py
[2026-04-10T02:20:01.836+0000] {processor.py:925} INFO - DAG(s) 'example_time_delta_sensor_async' retrieved from /home/airflow/.local/lib/python3.12/site-packages/airflow/example_dags/example_time_delta_sensor_async.py
[2026-04-10T02:20:01.848+0000] {logging_mixin.py:190} INFO - [2026-04-10T02:20:01.848+0000] {dag.py:3239} INFO - Sync 1 DAGs
[2026-04-10T02:20:01.854+0000] {logging_mixin.py:190} INFO - [2026-04-10T02:20:01.854+0000] {dag.py:4180} INFO - Setting next_dagrun for example_time_delta_sensor_async to None, run_after=None
[2026-04-10T02:20:01.863+0000] {processor.py:208} INFO - Processing /home/airflow/.local/lib/python3.12/site-packages/airflow/example_dags/example_time_delta_sensor_async.py took 0.033 seconds
[2026-04-10T02:20:32.678+0000] {processor.py:186} INFO - Started process (PID=79585) to work on /home/airflow/.local/lib/python3.12/site-packages/airflow/example_dags/example_time_delta_sensor_async.py
[2026-04-10T02:20:32.678+0000] {processor.py:914} INFO - Processing file /home/airflow/.local/lib/python3.12/site-packages/airflow/example_dags/example_time_delta_sensor_async.py for tasks to queue
[2026-04-10T02:20:32.681+0000] {logging_mixin.py:190} INFO - [2026-04-10T02:20:32.681+0000] {dagbag.py:588} INFO - Filling up the DagBag from /home/airflow/.local/lib/python3.12/site-packages/airflow/example_dags/example_time_delta_sensor_async.py
[2026-04-10T02:20:32.684+0000] {processor.py:925} INFO - DAG(s) 'example_time_delta_sensor_async' retrieved from /home/airflow/.local/lib/python3.12/site-packages/airflow/example_dags/example_time_delta_sensor_async.py
[2026-04-10T02:20:32.692+0000] {logging_mixin.py:190} INFO - [2026-04-10T02:20:32.692+0000] {dag.py:3239} INFO - Sync 1 DAGs
[2026-04-10T02:20:32.699+0000] {logging_mixin.py:190} INFO - [2026-04-10T02:20:32.698+0000] {dag.py:4180} INFO - Setting next_dagrun for example_time_delta_sensor_async to None, run_after=None
[2026-04-10T02:20:32.708+0000] {processor.py:208} INFO - Processing /home/airflow/.local/lib/python3.12/site-packages/airflow/example_dags/example_time_delta_sensor_async.py took 0.032 seconds
[2026-04-10T02:38:21.542+0000] {processor.py:186} INFO - Started process (PID=79649) to work on /home/airflow/.local/lib/python3.12/site-packages/airflow/example_dags/example_time_delta_sensor_async.py
[2026-04-10T02:38:21.543+0000] {processor.py:914} INFO - Processing file /home/airflow/.local/lib/python3.12/site-packages/airflow/example_dags/example_time_delta_sensor_async.py for tasks to queue
[2026-04-10T02:38:21.543+0000] {logging_mixin.py:190} INFO - [2026-04-10T02:38:21.543+0000] {dagbag.py:588} INFO - Filling up the DagBag from /home/airflow/.local/lib/python3.12/site-packages/airflow/example_dags/example_time_delta_sensor_async.py
[2026-04-10T02:38:21.546+0000] {processor.py:925} INFO - DAG(s) 'example_time_delta_sensor_async' retrieved from /home/airflow/.local/lib/python3.12/site-packages/airflow/example_dags/example_time_delta_sensor_async.py
[2026-04-10T02:38:21.555+0000] {logging_mixin.py:190} INFO - [2026-04-10T02:38:21.555+0000] {dag.py:3239} INFO - Sync 1 DAGs
[2026-04-10T02:38:21.561+0000] {logging_mixin.py:190} INFO - [2026-04-10T02:38:21.561+0000] {dag.py:4180} INFO - Setting next_dagrun for example_time_delta_sensor_async to None, run_after=None
[2026-04-10T02:38:21.574+0000] {processor.py:208} INFO - Processing /home/airflow/.local/lib/python3.12/site-packages/airflow/example_dags/example_time_delta_sensor_async.py took 0.035 seconds
[2026-04-10T02:44:08.483+0000] {processor.py:186} INFO - Started process (PID=79713) to work on /home/airflow/.local/lib/python3.12/site-packages/airflow/example_dags/example_time_delta_sensor_async.py
[2026-04-10T02:44:08.484+0000] {processor.py:914} INFO - Processing file /home/airflow/.local/lib/python3.12/site-packages/airflow/example_dags/example_time_delta_sensor_async.py for tasks to queue
[2026-04-10T02:44:08.484+0000] {logging_mixin.py:190} INFO - [2026-04-10T02:44:08.484+0000] {dagbag.py:588} INFO - Filling up the DagBag from /home/airflow/.local/lib/python3.12/site-packages/airflow/example_dags/example_time_delta_sensor_async.py
[2026-04-10T02:44:08.488+0000] {processor.py:925} INFO - DAG(s) 'example_time_delta_sensor_async' retrieved from /home/airflow/.local/lib/python3.12/site-packages/airflow/example_dags/example_time_delta_sensor_async.py
[2026-04-10T02:44:08.498+0000] {logging_mixin.py:190} INFO - [2026-04-10T02:44:08.498+0000] {dag.py:3239} INFO - Sync 1 DAGs
[2026-04-10T02:44:08.504+0000] {logging_mixin.py:190} INFO - [2026-04-10T02:44:08.504+0000] {dag.py:4180} INFO - Setting next_dagrun for example_time_delta_sensor_async to None, run_after=None
[2026-04-10T02:44:08.511+0000] {processor.py:208} INFO - Processing /home/airflow/.local/lib/python3.12/site-packages/airflow/example_dags/example_time_delta_sensor_async.py took 0.031 seconds
[2026-04-10T02:59:40.019+0000] {processor.py:186} INFO - Started process (PID=79777) to work on /home/airflow/.local/lib/python3.12/site-packages/airflow/example_dags/example_time_delta_sensor_async.py
[2026-04-10T02:59:40.020+0000] {processor.py:914} INFO - Processing file /home/airflow/.local/lib/python3.12/site-packages/airflow/example_dags/example_time_delta_sensor_async.py for tasks to queue
[2026-04-10T02:59:40.021+0000] {logging_mixin.py:190} INFO - [2026-04-10T02:59:40.021+0000] {dagbag.py:588} INFO - Filling up the DagBag from /home/airflow/.local/lib/python3.12/site-packages/airflow/example_dags/example_time_delta_sensor_async.py
[2026-04-10T02:59:40.025+0000] {processor.py:925} INFO - DAG(s) 'example_time_delta_sensor_async' retrieved from /home/airflow/.local/lib/python3.12/site-packages/airflow/example_dags/example_time_delta_sensor_async.py
[2026-04-10T02:59:40.033+0000] {logging_mixin.py:190} INFO - [2026-04-10T02:59:40.033+0000] {dag.py:3239} INFO - Sync 1 DAGs
[2026-04-10T02:59:40.039+0000] {logging_mixin.py:190} INFO - [2026-04-10T02:59:40.039+0000] {dag.py:4180} INFO - Setting next_dagrun for example_time_delta_sensor_async to None, run_after=None
[2026-04-10T02:59:40.045+0000] {processor.py:208} INFO - Processing /home/airflow/.local/lib/python3.12/site-packages/airflow/example_dags/example_time_delta_sensor_async.py took 0.029 seconds
[2026-04-10T03:00:10.355+0000] {processor.py:186} INFO - Started process (PID=79841) to work on /home/airflow/.local/lib/python3.12/site-packages/airflow/example_dags/example_time_delta_sensor_async.py
[2026-04-10T03:00:10.357+0000] {processor.py:914} INFO - Processing file /home/airflow/.local/lib/python3.12/site-packages/airflow/example_dags/example_time_delta_sensor_async.py for tasks to queue
[2026-04-10T03:00:10.357+0000] {logging_mixin.py:190} INFO - [2026-04-10T03:00:10.357+0000] {dagbag.py:588} INFO - Filling up the DagBag from /home/airflow/.local/lib/python3.12/site-packages/airflow/example_dags/example_time_delta_sensor_async.py
[2026-04-10T03:00:10.360+0000] {processor.py:925} INFO - DAG(s) 'example_time_delta_sensor_async' retrieved from /home/airflow/.local/lib/python3.12/site-packages/airflow/example_dags/example_time_delta_sensor_async.py
[2026-04-10T03:00:10.369+0000] {logging_mixin.py:190} INFO - [2026-04-10T03:00:10.369+0000] {dag.py:3239} INFO - Sync 1 DAGs
[2026-04-10T03:00:10.374+0000] {logging_mixin.py:190} INFO - [2026-04-10T03:00:10.374+0000] {dag.py:4180} INFO - Setting next_dagrun for example_time_delta_sensor_async to None, run_after=None
[2026-04-10T03:00:10.384+0000] {processor.py:208} INFO - Processing /home/airflow/.local/lib/python3.12/site-packages/airflow/example_dags/example_time_delta_sensor_async.py took 0.031 seconds
[2026-04-10T03:15:41.154+0000] {processor.py:186} INFO - Started process (PID=79905) to work on /home/airflow/.local/lib/python3.12/site-packages/airflow/example_dags/example_time_delta_sensor_async.py
[2026-04-10T03:15:41.155+0000] {processor.py:914} INFO - Processing file /home/airflow/.local/lib/python3.12/site-packages/airflow/example_dags/example_time_delta_sensor_async.py for tasks to queue
[2026-04-10T03:15:41.155+0000] {logging_mixin.py:190} INFO - [2026-04-10T03:15:41.155+0000] {dagbag.py:588} INFO - Filling up the DagBag from /home/airflow/.local/lib/python3.12/site-packages/airflow/example_dags/example_time_delta_sensor_async.py
[2026-04-10T03:15:41.157+0000] {processor.py:925} INFO - DAG(s) 'example_time_delta_sensor_async' retrieved from /home/airflow/.local/lib/python3.12/site-packages/airflow/example_dags/example_time_delta_sensor_async.py
[2026-04-10T03:15:41.164+0000] {logging_mixin.py:190} INFO - [2026-04-10T03:15:41.164+0000] {dag.py:3239} INFO - Sync 1 DAGs
[2026-04-10T03:15:41.169+0000] {logging_mixin.py:190} INFO - [2026-04-10T03:15:41.169+0000] {dag.py:4180} INFO - Setting next_dagrun for example_time_delta_sensor_async to None, run_after=None
[2026-04-10T03:15:41.174+0000] {processor.py:208} INFO - Processing /home/airflow/.local/lib/python3.12/site-packages/airflow/example_dags/example_time_delta_sensor_async.py took 0.022 seconds
[2026-04-10T03:23:20.335+0000] {processor.py:186} INFO - Started process (PID=79969) to work on /home/airflow/.local/lib/python3.12/site-packages/airflow/example_dags/example_time_delta_sensor_async.py
[2026-04-10T03:23:20.336+0000] {processor.py:914} INFO - Processing file /home/airflow/.local/lib/python3.12/site-packages/airflow/example_dags/example_time_delta_sensor_async.py for tasks to queue
[2026-04-10T03:23:20.336+0000] {logging_mixin.py:190} INFO - [2026-04-10T03:23:20.336+0000] {dagbag.py:588} INFO - Filling up the DagBag from /home/airflow/.local/lib/python3.12/site-packages/airflow/example_dags/example_time_delta_sensor_async.py
[2026-04-10T03:23:20.340+0000] {processor.py:925} INFO - DAG(s) 'example_time_delta_sensor_async' retrieved from /home/airflow/.local/lib/python3.12/site-packages/airflow/example_dags/example_time_delta_sensor_async.py
[2026-04-10T03:23:20.347+0000] {logging_mixin.py:190} INFO - [2026-04-10T03:23:20.347+0000] {dag.py:3239} INFO - Sync 1 DAGs
[2026-04-10T03:23:20.355+0000] {logging_mixin.py:190} INFO - [2026-04-10T03:23:20.355+0000] {dag.py:4180} INFO - Setting next_dagrun for example_time_delta_sensor_async to None, run_after=None
[2026-04-10T03:23:20.369+0000] {processor.py:208} INFO - Processing /home/airflow/.local/lib/python3.12/site-packages/airflow/example_dags/example_time_delta_sensor_async.py took 0.036 seconds
[2026-04-10T03:23:51.186+0000] {processor.py:186} INFO - Started process (PID=80033) to work on /home/airflow/.local/lib/python3.12/site-packages/airflow/example_dags/example_time_delta_sensor_async.py
[2026-04-10T03:23:51.188+0000] {processor.py:914} INFO - Processing file /home/airflow/.local/lib/python3.12/site-packages/airflow/example_dags/example_time_delta_sensor_async.py for tasks to queue
[2026-04-10T03:23:51.191+0000] {logging_mixin.py:190} INFO - [2026-04-10T03:23:51.191+0000] {dagbag.py:588} INFO - Filling up the DagBag from /home/airflow/.local/lib/python3.12/site-packages/airflow/example_dags/example_time_delta_sensor_async.py
[2026-04-10T03:23:51.194+0000] {processor.py:925} INFO - DAG(s) 'example_time_delta_sensor_async' retrieved from /home/airflow/.local/lib/python3.12/site-packages/airflow/example_dags/example_time_delta_sensor_async.py
[2026-04-10T03:23:51.202+0000] {logging_mixin.py:190} INFO - [2026-04-10T03:23:51.202+0000] {dag.py:3239} INFO - Sync 1 DAGs
[2026-04-10T03:23:51.209+0000] {logging_mixin.py:190} INFO - [2026-04-10T03:23:51.208+0000] {dag.py:4180} INFO - Setting next_dagrun for example_time_delta_sensor_async to None, run_after=None
[2026-04-10T03:23:51.218+0000] {processor.py:208} INFO - Processing /home/airflow/.local/lib/python3.12/site-packages/airflow/example_dags/example_time_delta_sensor_async.py took 0.034 seconds
[2026-04-10T03:24:21.842+0000] {processor.py:186} INFO - Started process (PID=80097) to work on /home/airflow/.local/lib/python3.12/site-packages/airflow/example_dags/example_time_delta_sensor_async.py
[2026-04-10T03:24:21.843+0000] {processor.py:914} INFO - Processing file /home/airflow/.local/lib/python3.12/site-packages/airflow/example_dags/example_time_delta_sensor_async.py for tasks to queue
[2026-04-10T03:24:21.844+0000] {logging_mixin.py:190} INFO - [2026-04-10T03:24:21.843+0000] {dagbag.py:588} INFO - Filling up the DagBag from /home/airflow/.local/lib/python3.12/site-packages/airflow/example_dags/example_time_delta_sensor_async.py
[2026-04-10T03:24:21.847+0000] {processor.py:925} INFO - DAG(s) 'example_time_delta_sensor_async' retrieved from /home/airflow/.local/lib/python3.12/site-packages/airflow/example_dags/example_time_delta_sensor_async.py
[2026-04-10T03:24:21.857+0000] {logging_mixin.py:190} INFO - [2026-04-10T03:24:21.856+0000] {dag.py:3239} INFO - Sync 1 DAGs
[2026-04-10T03:24:21.863+0000] {logging_mixin.py:190} INFO - [2026-04-10T03:24:21.863+0000] {dag.py:4180} INFO - Setting next_dagrun for example_time_delta_sensor_async to None, run_after=None
[2026-04-10T03:24:21.869+0000] {processor.py:208} INFO - Processing /home/airflow/.local/lib/python3.12/site-packages/airflow/example_dags/example_time_delta_sensor_async.py took 0.029 seconds
[2026-04-10T03:24:52.206+0000] {processor.py:186} INFO - Started process (PID=80161) to work on /home/airflow/.local/lib/python3.12/site-packages/airflow/example_dags/example_time_delta_sensor_async.py
[2026-04-10T03:24:52.207+0000] {processor.py:914} INFO - Processing file /home/airflow/.local/lib/python3.12/site-packages/airflow/example_dags/example_time_delta_sensor_async.py for tasks to queue
[2026-04-10T03:24:52.210+0000] {logging_mixin.py:190} INFO - [2026-04-10T03:24:52.210+0000] {dagbag.py:588} INFO - Filling up the DagBag from /home/airflow/.local/lib/python3.12/site-packages/airflow/example_dags/example_time_delta_sensor_async.py
[2026-04-10T03:24:52.212+0000] {processor.py:925} INFO - DAG(s) 'example_time_delta_sensor_async' retrieved from /home/airflow/.local/lib/python3.12/site-packages/airflow/example_dags/example_time_delta_sensor_async.py
[2026-04-10T03:24:52.223+0000] {logging_mixin.py:190} INFO - [2026-04-10T03:24:52.221+0000] {dag.py:3239} INFO - Sync 1 DAGs
[2026-04-10T03:24:52.230+0000] {logging_mixin.py:190} INFO - [2026-04-10T03:24:52.229+0000] {dag.py:4180} INFO - Setting next_dagrun for example_time_delta_sensor_async to None, run_after=None
[2026-04-10T03:24:52.235+0000] {processor.py:208} INFO - Processing /home/airflow/.local/lib/python3.12/site-packages/airflow/example_dags/example_time_delta_sensor_async.py took 0.031 seconds
[2026-04-10T03:25:22.681+0000] {processor.py:186} INFO - Started process (PID=80225) to work on /home/airflow/.local/lib/python3.12/site-packages/airflow/example_dags/example_time_delta_sensor_async.py
[2026-04-10T03:25:22.682+0000] {processor.py:914} INFO - Processing file /home/airflow/.local/lib/python3.12/site-packages/airflow/example_dags/example_time_delta_sensor_async.py for tasks to queue
[2026-04-10T03:25:22.682+0000] {logging_mixin.py:190} INFO - [2026-04-10T03:25:22.682+0000] {dagbag.py:588} INFO - Filling up the DagBag from /home/airflow/.local/lib/python3.12/site-packages/airflow/example_dags/example_time_delta_sensor_async.py
[2026-04-10T03:25:22.686+0000] {processor.py:925} INFO - DAG(s) 'example_time_delta_sensor_async' retrieved from /home/airflow/.local/lib/python3.12/site-packages/airflow/example_dags/example_time_delta_sensor_async.py
[2026-04-10T03:25:22.697+0000] {logging_mixin.py:190} INFO - [2026-04-10T03:25:22.696+0000] {dag.py:3239} INFO - Sync 1 DAGs
[2026-04-10T03:25:22.704+0000] {logging_mixin.py:190} INFO - [2026-04-10T03:25:22.704+0000] {dag.py:4180} INFO - Setting next_dagrun for example_time_delta_sensor_async to None, run_after=None
[2026-04-10T03:25:22.710+0000] {processor.py:208} INFO - Processing /home/airflow/.local/lib/python3.12/site-packages/airflow/example_dags/example_time_delta_sensor_async.py took 0.032 seconds
[2026-04-10T03:25:53.070+0000] {processor.py:186} INFO - Started process (PID=80289) to work on /home/airflow/.local/lib/python3.12/site-packages/airflow/example_dags/example_time_delta_sensor_async.py
[2026-04-10T03:25:53.070+0000] {processor.py:914} INFO - Processing file /home/airflow/.local/lib/python3.12/site-packages/airflow/example_dags/example_time_delta_sensor_async.py for tasks to queue
[2026-04-10T03:25:53.071+0000] {logging_mixin.py:190} INFO - [2026-04-10T03:25:53.071+0000] {dagbag.py:588} INFO - Filling up the DagBag from /home/airflow/.local/lib/python3.12/site-packages/airflow/example_dags/example_time_delta_sensor_async.py
[2026-04-10T03:25:53.074+0000] {processor.py:925} INFO - DAG(s) 'example_time_delta_sensor_async' retrieved from /home/airflow/.local/lib/python3.12/site-packages/airflow/example_dags/example_time_delta_sensor_async.py
[2026-04-10T03:25:53.087+0000] {logging_mixin.py:190} INFO - [2026-04-10T03:25:53.087+0000] {dag.py:3239} INFO - Sync 1 DAGs
[2026-04-10T03:25:53.093+0000] {logging_mixin.py:190} INFO - [2026-04-10T03:25:53.093+0000] {dag.py:4180} INFO - Setting next_dagrun for example_time_delta_sensor_async to None, run_after=None
[2026-04-10T03:25:53.099+0000] {processor.py:208} INFO - Processing /home/airflow/.local/lib/python3.12/site-packages/airflow/example_dags/example_time_delta_sensor_async.py took 0.032 seconds
[2026-04-10T03:26:23.374+0000] {processor.py:186} INFO - Started process (PID=80353) to work on /home/airflow/.local/lib/python3.12/site-packages/airflow/example_dags/example_time_delta_sensor_async.py
[2026-04-10T03:26:23.375+0000] {processor.py:914} INFO - Processing file /home/airflow/.local/lib/python3.12/site-packages/airflow/example_dags/example_time_delta_sensor_async.py for tasks to queue
[2026-04-10T03:26:23.375+0000] {logging_mixin.py:190} INFO - [2026-04-10T03:26:23.375+0000] {dagbag.py:588} INFO - Filling up the DagBag from /home/airflow/.local/lib/python3.12/site-packages/airflow/example_dags/example_time_delta_sensor_async.py
[2026-04-10T03:26:23.377+0000] {processor.py:925} INFO - DAG(s) 'example_time_delta_sensor_async' retrieved from /home/airflow/.local/lib/python3.12/site-packages/airflow/example_dags/example_time_delta_sensor_async.py
[2026-04-10T03:26:23.384+0000] {logging_mixin.py:190} INFO - [2026-04-10T03:26:23.383+0000] {dag.py:3239} INFO - Sync 1 DAGs
[2026-04-10T03:26:23.388+0000] {logging_mixin.py:190} INFO - [2026-04-10T03:26:23.388+0000] {dag.py:4180} INFO - Setting next_dagrun for example_time_delta_sensor_async to None, run_after=None
[2026-04-10T03:26:23.393+0000] {processor.py:208} INFO - Processing /home/airflow/.local/lib/python3.12/site-packages/airflow/example_dags/example_time_delta_sensor_async.py took 0.021 seconds
[2026-04-10T03:26:53.737+0000] {processor.py:186} INFO - Started process (PID=80417) to work on /home/airflow/.local/lib/python3.12/site-packages/airflow/example_dags/example_time_delta_sensor_async.py
[2026-04-10T03:26:53.739+0000] {processor.py:914} INFO - Processing file /home/airflow/.local/lib/python3.12/site-packages/airflow/example_dags/example_time_delta_sensor_async.py for tasks to queue
[2026-04-10T03:26:53.740+0000] {logging_mixin.py:190} INFO - [2026-04-10T03:26:53.740+0000] {dagbag.py:588} INFO - Filling up the DagBag from /home/airflow/.local/lib/python3.12/site-packages/airflow/example_dags/example_time_delta_sensor_async.py
[2026-04-10T03:26:53.743+0000] {processor.py:925} INFO - DAG(s) 'example_time_delta_sensor_async' retrieved from /home/airflow/.local/lib/python3.12/site-packages/airflow/example_dags/example_time_delta_sensor_async.py
[2026-04-10T03:26:53.754+0000] {logging_mixin.py:190} INFO - [2026-04-10T03:26:53.754+0000] {dag.py:3239} INFO - Sync 1 DAGs
[2026-04-10T03:26:53.759+0000] {logging_mixin.py:190} INFO - [2026-04-10T03:26:53.759+0000] {dag.py:4180} INFO - Setting next_dagrun for example_time_delta_sensor_async to None, run_after=None
[2026-04-10T03:26:53.764+0000] {processor.py:208} INFO - Processing /home/airflow/.local/lib/python3.12/site-packages/airflow/example_dags/example_time_delta_sensor_async.py took 0.029 seconds
[2026-04-10T03:27:24.206+0000] {processor.py:186} INFO - Started process (PID=80481) to work on /home/airflow/.local/lib/python3.12/site-packages/airflow/example_dags/example_time_delta_sensor_async.py
[2026-04-10T03:27:24.206+0000] {processor.py:914} INFO - Processing file /home/airflow/.local/lib/python3.12/site-packages/airflow/example_dags/example_time_delta_sensor_async.py for tasks to queue
[2026-04-10T03:27:24.206+0000] {logging_mixin.py:190} INFO - [2026-04-10T03:27:24.206+0000] {dagbag.py:588} INFO - Filling up the DagBag from /home/airflow/.local/lib/python3.12/site-packages/airflow/example_dags/example_time_delta_sensor_async.py
[2026-04-10T03:27:24.209+0000] {processor.py:925} INFO - DAG(s) 'example_time_delta_sensor_async' retrieved from /home/airflow/.local/lib/python3.12/site-packages/airflow/example_dags/example_time_delta_sensor_async.py
[2026-04-10T03:27:24.216+0000] {logging_mixin.py:190} INFO - [2026-04-10T03:27:24.216+0000] {dag.py:3239} INFO - Sync 1 DAGs
[2026-04-10T03:27:24.221+0000] {logging_mixin.py:190} INFO - [2026-04-10T03:27:24.221+0000] {dag.py:4180} INFO - Setting next_dagrun for example_time_delta_sensor_async to None, run_after=None
[2026-04-10T03:27:24.227+0000] {processor.py:208} INFO - Processing /home/airflow/.local/lib/python3.12/site-packages/airflow/example_dags/example_time_delta_sensor_async.py took 0.023 seconds
[2026-04-10T03:27:54.467+0000] {processor.py:186} INFO - Started process (PID=80544) to work on /home/airflow/.local/lib/python3.12/site-packages/airflow/example_dags/example_time_delta_sensor_async.py
[2026-04-10T03:27:54.468+0000] {processor.py:914} INFO - Processing file /home/airflow/.local/lib/python3.12/site-packages/airflow/example_dags/example_time_delta_sensor_async.py for tasks to queue
[2026-04-10T03:27:54.468+0000] {logging_mixin.py:190} INFO - [2026-04-10T03:27:54.468+0000] {dagbag.py:588} INFO - Filling up the DagBag from /home/airflow/.local/lib/python3.12/site-packages/airflow/example_dags/example_time_delta_sensor_async.py
[2026-04-10T03:27:54.472+0000] {processor.py:925} INFO - DAG(s) 'example_time_delta_sensor_async' retrieved from /home/airflow/.local/lib/python3.12/site-packages/airflow/example_dags/example_time_delta_sensor_async.py
[2026-04-10T03:27:54.480+0000] {logging_mixin.py:190} INFO - [2026-04-10T03:27:54.480+0000] {dag.py:3239} INFO - Sync 1 DAGs
[2026-04-10T03:27:54.488+0000] {logging_mixin.py:190} INFO - [2026-04-10T03:27:54.488+0000] {dag.py:4180} INFO - Setting next_dagrun for example_time_delta_sensor_async to None, run_after=None
[2026-04-10T03:27:54.500+0000] {processor.py:208} INFO - Processing /home/airflow/.local/lib/python3.12/site-packages/airflow/example_dags/example_time_delta_sensor_async.py took 0.036 seconds
[2026-04-10T03:28:25.228+0000] {processor.py:186} INFO - Started process (PID=80608) to work on /home/airflow/.local/lib/python3.12/site-packages/airflow/example_dags/example_time_delta_sensor_async.py
[2026-04-10T03:28:25.228+0000] {processor.py:914} INFO - Processing file /home/airflow/.local/lib/python3.12/site-packages/airflow/example_dags/example_time_delta_sensor_async.py for tasks to queue
[2026-04-10T03:28:25.229+0000] {logging_mixin.py:190} INFO - [2026-04-10T03:28:25.229+0000] {dagbag.py:588} INFO - Filling up the DagBag from /home/airflow/.local/lib/python3.12/site-packages/airflow/example_dags/example_time_delta_sensor_async.py
[2026-04-10T03:28:25.232+0000] {processor.py:925} INFO - DAG(s) 'example_time_delta_sensor_async' retrieved from /home/airflow/.local/lib/python3.12/site-packages/airflow/example_dags/example_time_delta_sensor_async.py
[2026-04-10T03:28:25.248+0000] {logging_mixin.py:190} INFO - [2026-04-10T03:28:25.248+0000] {dag.py:3239} INFO - Sync 1 DAGs
[2026-04-10T03:28:25.255+0000] {logging_mixin.py:190} INFO - [2026-04-10T03:28:25.255+0000] {dag.py:4180} INFO - Setting next_dagrun for example_time_delta_sensor_async to None, run_after=None
[2026-04-10T03:28:25.262+0000] {processor.py:208} INFO - Processing /home/airflow/.local/lib/python3.12/site-packages/airflow/example_dags/example_time_delta_sensor_async.py took 0.037 seconds
[2026-04-10T03:28:55.500+0000] {processor.py:186} INFO - Started process (PID=80672) to work on /home/airflow/.local/lib/python3.12/site-packages/airflow/example_dags/example_time_delta_sensor_async.py
[2026-04-10T03:28:55.501+0000] {processor.py:914} INFO - Processing file /home/airflow/.local/lib/python3.12/site-packages/airflow/example_dags/example_time_delta_sensor_async.py for tasks to queue
[2026-04-10T03:28:55.501+0000] {logging_mixin.py:190} INFO - [2026-04-10T03:28:55.501+0000] {dagbag.py:588} INFO - Filling up the DagBag from /home/airflow/.local/lib/python3.12/site-packages/airflow/example_dags/example_time_delta_sensor_async.py
[2026-04-10T03:28:55.504+0000] {processor.py:925} INFO - DAG(s) 'example_time_delta_sensor_async' retrieved from /home/airflow/.local/lib/python3.12/site-packages/airflow/example_dags/example_time_delta_sensor_async.py
[2026-04-10T03:28:55.511+0000] {logging_mixin.py:190} INFO - [2026-04-10T03:28:55.511+0000] {dag.py:3239} INFO - Sync 1 DAGs
[2026-04-10T03:28:55.517+0000] {logging_mixin.py:190} INFO - [2026-04-10T03:28:55.517+0000] {dag.py:4180} INFO - Setting next_dagrun for example_time_delta_sensor_async to None, run_after=None
[2026-04-10T03:28:55.527+0000] {processor.py:208} INFO - Processing /home/airflow/.local/lib/python3.12/site-packages/airflow/example_dags/example_time_delta_sensor_async.py took 0.029 seconds
[2026-04-10T03:29:25.898+0000] {processor.py:186} INFO - Started process (PID=80736) to work on /home/airflow/.local/lib/python3.12/site-packages/airflow/example_dags/example_time_delta_sensor_async.py
[2026-04-10T03:29:25.900+0000] {processor.py:914} INFO - Processing file /home/airflow/.local/lib/python3.12/site-packages/airflow/example_dags/example_time_delta_sensor_async.py for tasks to queue
[2026-04-10T03:29:25.901+0000] {logging_mixin.py:190} INFO - [2026-04-10T03:29:25.901+0000] {dagbag.py:588} INFO - Filling up the DagBag from /home/airflow/.local/lib/python3.12/site-packages/airflow/example_dags/example_time_delta_sensor_async.py
[2026-04-10T03:29:25.906+0000] {processor.py:925} INFO - DAG(s) 'example_time_delta_sensor_async' retrieved from /home/airflow/.local/lib/python3.12/site-packages/airflow/example_dags/example_time_delta_sensor_async.py
[2026-04-10T03:29:25.920+0000] {logging_mixin.py:190} INFO - [2026-04-10T03:29:25.920+0000] {dag.py:3239} INFO - Sync 1 DAGs
[2026-04-10T03:29:25.929+0000] {logging_mixin.py:190} INFO - [2026-04-10T03:29:25.929+0000] {dag.py:4180} INFO - Setting next_dagrun for example_time_delta_sensor_async to None, run_after=None
[2026-04-10T03:29:25.937+0000] {processor.py:208} INFO - Processing /home/airflow/.local/lib/python3.12/site-packages/airflow/example_dags/example_time_delta_sensor_async.py took 0.045 seconds
[2026-04-10T03:29:56.373+0000] {processor.py:186} INFO - Started process (PID=80798) to work on /home/airflow/.local/lib/python3.12/site-packages/airflow/example_dags/example_time_delta_sensor_async.py
[2026-04-10T03:29:56.374+0000] {processor.py:914} INFO - Processing file /home/airflow/.local/lib/python3.12/site-packages/airflow/example_dags/example_time_delta_sensor_async.py for tasks to queue
[2026-04-10T03:29:56.375+0000] {logging_mixin.py:190} INFO - [2026-04-10T03:29:56.374+0000] {dagbag.py:588} INFO - Filling up the DagBag from /home/airflow/.local/lib/python3.12/site-packages/airflow/example_dags/example_time_delta_sensor_async.py
[2026-04-10T03:29:56.378+0000] {processor.py:925} INFO - DAG(s) 'example_time_delta_sensor_async' retrieved from /home/airflow/.local/lib/python3.12/site-packages/airflow/example_dags/example_time_delta_sensor_async.py
[2026-04-10T03:29:56.386+0000] {logging_mixin.py:190} INFO - [2026-04-10T03:29:56.386+0000] {dag.py:3239} INFO - Sync 1 DAGs
[2026-04-10T03:29:56.392+0000] {logging_mixin.py:190} INFO - [2026-04-10T03:29:56.392+0000] {dag.py:4180} INFO - Setting next_dagrun for example_time_delta_sensor_async to None, run_after=None
[2026-04-10T03:29:56.399+0000] {processor.py:208} INFO - Processing /home/airflow/.local/lib/python3.12/site-packages/airflow/example_dags/example_time_delta_sensor_async.py took 0.029 seconds
[2026-04-10T03:30:26.722+0000] {processor.py:186} INFO - Started process (PID=80862) to work on /home/airflow/.local/lib/python3.12/site-packages/airflow/example_dags/example_time_delta_sensor_async.py
[2026-04-10T03:30:26.725+0000] {processor.py:914} INFO - Processing file /home/airflow/.local/lib/python3.12/site-packages/airflow/example_dags/example_time_delta_sensor_async.py for tasks to queue
[2026-04-10T03:30:26.726+0000] {logging_mixin.py:190} INFO - [2026-04-10T03:30:26.726+0000] {dagbag.py:588} INFO - Filling up the DagBag from /home/airflow/.local/lib/python3.12/site-packages/airflow/example_dags/example_time_delta_sensor_async.py
[2026-04-10T03:30:26.729+0000] {processor.py:925} INFO - DAG(s) 'example_time_delta_sensor_async' retrieved from /home/airflow/.local/lib/python3.12/site-packages/airflow/example_dags/example_time_delta_sensor_async.py
[2026-04-10T03:30:26.743+0000] {logging_mixin.py:190} INFO - [2026-04-10T03:30:26.743+0000] {dag.py:3239} INFO - Sync 1 DAGs
[2026-04-10T03:30:26.748+0000] {logging_mixin.py:190} INFO - [2026-04-10T03:30:26.748+0000] {dag.py:4180} INFO - Setting next_dagrun for example_time_delta_sensor_async to None, run_after=None
[2026-04-10T03:30:26.757+0000] {processor.py:208} INFO - Processing /home/airflow/.local/lib/python3.12/site-packages/airflow/example_dags/example_time_delta_sensor_async.py took 0.037 seconds
[2026-04-10T03:30:57.067+0000] {processor.py:186} INFO - Started process (PID=80926) to work on /home/airflow/.local/lib/python3.12/site-packages/airflow/example_dags/example_time_delta_sensor_async.py
[2026-04-10T03:30:57.068+0000] {processor.py:914} INFO - Processing file /home/airflow/.local/lib/python3.12/site-packages/airflow/example_dags/example_time_delta_sensor_async.py for tasks to queue
[2026-04-10T03:30:57.068+0000] {logging_mixin.py:190} INFO - [2026-04-10T03:30:57.068+0000] {dagbag.py:588} INFO - Filling up the DagBag from /home/airflow/.local/lib/python3.12/site-packages/airflow/example_dags/example_time_delta_sensor_async.py
[2026-04-10T03:30:57.072+0000] {processor.py:925} INFO - DAG(s) 'example_time_delta_sensor_async' retrieved from /home/airflow/.local/lib/python3.12/site-packages/airflow/example_dags/example_time_delta_sensor_async.py
[2026-04-10T03:30:57.082+0000] {logging_mixin.py:190} INFO - [2026-04-10T03:30:57.082+0000] {dag.py:3239} INFO - Sync 1 DAGs
[2026-04-10T03:30:57.090+0000] {logging_mixin.py:190} INFO - [2026-04-10T03:30:57.090+0000] {dag.py:4180} INFO - Setting next_dagrun for example_time_delta_sensor_async to None, run_after=None
[2026-04-10T03:30:57.102+0000] {processor.py:208} INFO - Processing /home/airflow/.local/lib/python3.12/site-packages/airflow/example_dags/example_time_delta_sensor_async.py took 0.038 seconds
