[2026-04-10T00:07:15.941+0000] {processor.py:186} INFO - Started process (PID=78587) to work on /home/airflow/.local/lib/python3.12/site-packages/airflow/example_dags/example_branch_python_dop_operator_3.py
[2026-04-10T00:07:15.942+0000] {processor.py:914} INFO - Processing file /home/airflow/.local/lib/python3.12/site-packages/airflow/example_dags/example_branch_python_dop_operator_3.py for tasks to queue
[2026-04-10T00:07:15.942+0000] {logging_mixin.py:190} INFO - [2026-04-10T00:07:15.942+0000] {dagbag.py:588} INFO - Filling up the DagBag from /home/airflow/.local/lib/python3.12/site-packages/airflow/example_dags/example_branch_python_dop_operator_3.py
[2026-04-10T00:07:15.947+0000] {processor.py:925} INFO - DAG(s) 'example_branch_dop_operator_v3' retrieved from /home/airflow/.local/lib/python3.12/site-packages/airflow/example_dags/example_branch_python_dop_operator_3.py
[2026-04-10T00:07:15.954+0000] {logging_mixin.py:190} INFO - [2026-04-10T00:07:15.954+0000] {dag.py:3239} INFO - Sync 1 DAGs
[2026-04-10T00:07:15.965+0000] {logging_mixin.py:190} INFO - [2026-04-10T00:07:15.965+0000] {dag.py:4180} INFO - Setting next_dagrun for example_branch_dop_operator_v3 to 2026-04-10 00:06:00+00:00, run_after=2026-04-10 00:07:00+00:00
[2026-04-10T00:07:15.974+0000] {processor.py:208} INFO - Processing /home/airflow/.local/lib/python3.12/site-packages/airflow/example_dags/example_branch_python_dop_operator_3.py took 0.035 seconds
[2026-04-10T00:22:48.899+0000] {processor.py:186} INFO - Started process (PID=78651) to work on /home/airflow/.local/lib/python3.12/site-packages/airflow/example_dags/example_branch_python_dop_operator_3.py
[2026-04-10T00:22:48.899+0000] {processor.py:914} INFO - Processing file /home/airflow/.local/lib/python3.12/site-packages/airflow/example_dags/example_branch_python_dop_operator_3.py for tasks to queue
[2026-04-10T00:22:48.900+0000] {logging_mixin.py:190} INFO - [2026-04-10T00:22:48.900+0000] {dagbag.py:588} INFO - Filling up the DagBag from /home/airflow/.local/lib/python3.12/site-packages/airflow/example_dags/example_branch_python_dop_operator_3.py
[2026-04-10T00:22:48.907+0000] {processor.py:925} INFO - DAG(s) 'example_branch_dop_operator_v3' retrieved from /home/airflow/.local/lib/python3.12/site-packages/airflow/example_dags/example_branch_python_dop_operator_3.py
[2026-04-10T00:22:48.923+0000] {logging_mixin.py:190} INFO - [2026-04-10T00:22:48.923+0000] {dag.py:3239} INFO - Sync 1 DAGs
[2026-04-10T00:22:48.940+0000] {logging_mixin.py:190} INFO - [2026-04-10T00:22:48.940+0000] {dag.py:4180} INFO - Setting next_dagrun for example_branch_dop_operator_v3 to 2026-04-10 00:21:00+00:00, run_after=2026-04-10 00:22:00+00:00
[2026-04-10T00:22:48.956+0000] {processor.py:208} INFO - Processing /home/airflow/.local/lib/python3.12/site-packages/airflow/example_dags/example_branch_python_dop_operator_3.py took 0.061 seconds
[2026-04-10T00:23:19.746+0000] {processor.py:186} INFO - Started process (PID=78715) to work on /home/airflow/.local/lib/python3.12/site-packages/airflow/example_dags/example_branch_python_dop_operator_3.py
[2026-04-10T00:23:19.748+0000] {processor.py:914} INFO - Processing file /home/airflow/.local/lib/python3.12/site-packages/airflow/example_dags/example_branch_python_dop_operator_3.py for tasks to queue
[2026-04-10T00:23:19.748+0000] {logging_mixin.py:190} INFO - [2026-04-10T00:23:19.748+0000] {dagbag.py:588} INFO - Filling up the DagBag from /home/airflow/.local/lib/python3.12/site-packages/airflow/example_dags/example_branch_python_dop_operator_3.py
[2026-04-10T00:23:19.755+0000] {processor.py:925} INFO - DAG(s) 'example_branch_dop_operator_v3' retrieved from /home/airflow/.local/lib/python3.12/site-packages/airflow/example_dags/example_branch_python_dop_operator_3.py
[2026-04-10T00:23:19.763+0000] {logging_mixin.py:190} INFO - [2026-04-10T00:23:19.763+0000] {dag.py:3239} INFO - Sync 1 DAGs
[2026-04-10T00:23:19.776+0000] {logging_mixin.py:190} INFO - [2026-04-10T00:23:19.776+0000] {dag.py:4180} INFO - Setting next_dagrun for example_branch_dop_operator_v3 to 2026-04-10 00:22:00+00:00, run_after=2026-04-10 00:23:00+00:00
[2026-04-10T00:23:19.783+0000] {processor.py:208} INFO - Processing /home/airflow/.local/lib/python3.12/site-packages/airflow/example_dags/example_branch_python_dop_operator_3.py took 0.040 seconds
[2026-04-10T00:38:49.581+0000] {processor.py:186} INFO - Started process (PID=78779) to work on /home/airflow/.local/lib/python3.12/site-packages/airflow/example_dags/example_branch_python_dop_operator_3.py
[2026-04-10T00:38:49.582+0000] {processor.py:914} INFO - Processing file /home/airflow/.local/lib/python3.12/site-packages/airflow/example_dags/example_branch_python_dop_operator_3.py for tasks to queue
[2026-04-10T00:38:49.583+0000] {logging_mixin.py:190} INFO - [2026-04-10T00:38:49.583+0000] {dagbag.py:588} INFO - Filling up the DagBag from /home/airflow/.local/lib/python3.12/site-packages/airflow/example_dags/example_branch_python_dop_operator_3.py
[2026-04-10T00:38:49.588+0000] {processor.py:925} INFO - DAG(s) 'example_branch_dop_operator_v3' retrieved from /home/airflow/.local/lib/python3.12/site-packages/airflow/example_dags/example_branch_python_dop_operator_3.py
[2026-04-10T00:38:49.596+0000] {logging_mixin.py:190} INFO - [2026-04-10T00:38:49.596+0000] {dag.py:3239} INFO - Sync 1 DAGs
[2026-04-10T00:38:49.605+0000] {logging_mixin.py:190} INFO - [2026-04-10T00:38:49.605+0000] {dag.py:4180} INFO - Setting next_dagrun for example_branch_dop_operator_v3 to 2026-04-10 00:37:00+00:00, run_after=2026-04-10 00:38:00+00:00
[2026-04-10T00:38:49.611+0000] {processor.py:208} INFO - Processing /home/airflow/.local/lib/python3.12/site-packages/airflow/example_dags/example_branch_python_dop_operator_3.py took 0.032 seconds
[2026-04-10T00:41:54.008+0000] {processor.py:186} INFO - Started process (PID=78843) to work on /home/airflow/.local/lib/python3.12/site-packages/airflow/example_dags/example_branch_python_dop_operator_3.py
[2026-04-10T00:41:54.008+0000] {processor.py:914} INFO - Processing file /home/airflow/.local/lib/python3.12/site-packages/airflow/example_dags/example_branch_python_dop_operator_3.py for tasks to queue
[2026-04-10T00:41:54.009+0000] {logging_mixin.py:190} INFO - [2026-04-10T00:41:54.009+0000] {dagbag.py:588} INFO - Filling up the DagBag from /home/airflow/.local/lib/python3.12/site-packages/airflow/example_dags/example_branch_python_dop_operator_3.py
[2026-04-10T00:41:54.014+0000] {processor.py:925} INFO - DAG(s) 'example_branch_dop_operator_v3' retrieved from /home/airflow/.local/lib/python3.12/site-packages/airflow/example_dags/example_branch_python_dop_operator_3.py
[2026-04-10T00:41:54.027+0000] {logging_mixin.py:190} INFO - [2026-04-10T00:41:54.027+0000] {dag.py:3239} INFO - Sync 1 DAGs
[2026-04-10T00:41:54.039+0000] {logging_mixin.py:190} INFO - [2026-04-10T00:41:54.039+0000] {dag.py:4180} INFO - Setting next_dagrun for example_branch_dop_operator_v3 to 2026-04-10 00:40:00+00:00, run_after=2026-04-10 00:41:00+00:00
[2026-04-10T00:41:54.045+0000] {processor.py:208} INFO - Processing /home/airflow/.local/lib/python3.12/site-packages/airflow/example_dags/example_branch_python_dop_operator_3.py took 0.040 seconds
[2026-04-10T00:42:25.331+0000] {processor.py:186} INFO - Started process (PID=78907) to work on /home/airflow/.local/lib/python3.12/site-packages/airflow/example_dags/example_branch_python_dop_operator_3.py
[2026-04-10T00:42:25.332+0000] {processor.py:914} INFO - Processing file /home/airflow/.local/lib/python3.12/site-packages/airflow/example_dags/example_branch_python_dop_operator_3.py for tasks to queue
[2026-04-10T00:42:25.333+0000] {logging_mixin.py:190} INFO - [2026-04-10T00:42:25.333+0000] {dagbag.py:588} INFO - Filling up the DagBag from /home/airflow/.local/lib/python3.12/site-packages/airflow/example_dags/example_branch_python_dop_operator_3.py
[2026-04-10T00:42:25.337+0000] {processor.py:925} INFO - DAG(s) 'example_branch_dop_operator_v3' retrieved from /home/airflow/.local/lib/python3.12/site-packages/airflow/example_dags/example_branch_python_dop_operator_3.py
[2026-04-10T00:42:25.345+0000] {logging_mixin.py:190} INFO - [2026-04-10T00:42:25.344+0000] {dag.py:3239} INFO - Sync 1 DAGs
[2026-04-10T00:42:25.357+0000] {logging_mixin.py:190} INFO - [2026-04-10T00:42:25.357+0000] {dag.py:4180} INFO - Setting next_dagrun for example_branch_dop_operator_v3 to 2026-04-10 00:41:00+00:00, run_after=2026-04-10 00:42:00+00:00
[2026-04-10T00:42:25.372+0000] {processor.py:208} INFO - Processing /home/airflow/.local/lib/python3.12/site-packages/airflow/example_dags/example_branch_python_dop_operator_3.py took 0.044 seconds
[2026-04-10T00:57:55.808+0000] {processor.py:186} INFO - Started process (PID=78971) to work on /home/airflow/.local/lib/python3.12/site-packages/airflow/example_dags/example_branch_python_dop_operator_3.py
[2026-04-10T00:57:55.809+0000] {processor.py:914} INFO - Processing file /home/airflow/.local/lib/python3.12/site-packages/airflow/example_dags/example_branch_python_dop_operator_3.py for tasks to queue
[2026-04-10T00:57:55.809+0000] {logging_mixin.py:190} INFO - [2026-04-10T00:57:55.809+0000] {dagbag.py:588} INFO - Filling up the DagBag from /home/airflow/.local/lib/python3.12/site-packages/airflow/example_dags/example_branch_python_dop_operator_3.py
[2026-04-10T00:57:55.815+0000] {processor.py:925} INFO - DAG(s) 'example_branch_dop_operator_v3' retrieved from /home/airflow/.local/lib/python3.12/site-packages/airflow/example_dags/example_branch_python_dop_operator_3.py
[2026-04-10T00:57:55.826+0000] {logging_mixin.py:190} INFO - [2026-04-10T00:57:55.826+0000] {dag.py:3239} INFO - Sync 1 DAGs
[2026-04-10T00:57:55.836+0000] {logging_mixin.py:190} INFO - [2026-04-10T00:57:55.836+0000] {dag.py:4180} INFO - Setting next_dagrun for example_branch_dop_operator_v3 to 2026-04-10 00:56:00+00:00, run_after=2026-04-10 00:57:00+00:00
[2026-04-10T00:57:55.844+0000] {processor.py:208} INFO - Processing /home/airflow/.local/lib/python3.12/site-packages/airflow/example_dags/example_branch_python_dop_operator_3.py took 0.038 seconds
[2026-04-10T01:13:29.863+0000] {processor.py:186} INFO - Started process (PID=79035) to work on /home/airflow/.local/lib/python3.12/site-packages/airflow/example_dags/example_branch_python_dop_operator_3.py
[2026-04-10T01:13:29.864+0000] {processor.py:914} INFO - Processing file /home/airflow/.local/lib/python3.12/site-packages/airflow/example_dags/example_branch_python_dop_operator_3.py for tasks to queue
[2026-04-10T01:13:29.865+0000] {logging_mixin.py:190} INFO - [2026-04-10T01:13:29.865+0000] {dagbag.py:588} INFO - Filling up the DagBag from /home/airflow/.local/lib/python3.12/site-packages/airflow/example_dags/example_branch_python_dop_operator_3.py
[2026-04-10T01:13:29.880+0000] {processor.py:925} INFO - DAG(s) 'example_branch_dop_operator_v3' retrieved from /home/airflow/.local/lib/python3.12/site-packages/airflow/example_dags/example_branch_python_dop_operator_3.py
[2026-04-10T01:13:29.901+0000] {logging_mixin.py:190} INFO - [2026-04-10T01:13:29.900+0000] {dag.py:3239} INFO - Sync 1 DAGs
[2026-04-10T01:13:29.928+0000] {logging_mixin.py:190} INFO - [2026-04-10T01:13:29.928+0000] {dag.py:4180} INFO - Setting next_dagrun for example_branch_dop_operator_v3 to 2026-04-10 01:12:00+00:00, run_after=2026-04-10 01:13:00+00:00
[2026-04-10T01:13:29.949+0000] {processor.py:208} INFO - Processing /home/airflow/.local/lib/python3.12/site-packages/airflow/example_dags/example_branch_python_dop_operator_3.py took 0.093 seconds
[2026-04-10T01:14:00.574+0000] {processor.py:186} INFO - Started process (PID=79098) to work on /home/airflow/.local/lib/python3.12/site-packages/airflow/example_dags/example_branch_python_dop_operator_3.py
[2026-04-10T01:14:00.575+0000] {processor.py:914} INFO - Processing file /home/airflow/.local/lib/python3.12/site-packages/airflow/example_dags/example_branch_python_dop_operator_3.py for tasks to queue
[2026-04-10T01:14:00.576+0000] {logging_mixin.py:190} INFO - [2026-04-10T01:14:00.576+0000] {dagbag.py:588} INFO - Filling up the DagBag from /home/airflow/.local/lib/python3.12/site-packages/airflow/example_dags/example_branch_python_dop_operator_3.py
[2026-04-10T01:14:00.581+0000] {processor.py:925} INFO - DAG(s) 'example_branch_dop_operator_v3' retrieved from /home/airflow/.local/lib/python3.12/site-packages/airflow/example_dags/example_branch_python_dop_operator_3.py
[2026-04-10T01:14:00.590+0000] {logging_mixin.py:190} INFO - [2026-04-10T01:14:00.590+0000] {dag.py:3239} INFO - Sync 1 DAGs
[2026-04-10T01:14:00.599+0000] {logging_mixin.py:190} INFO - [2026-04-10T01:14:00.599+0000] {dag.py:4180} INFO - Setting next_dagrun for example_branch_dop_operator_v3 to 2026-04-10 01:13:00+00:00, run_after=2026-04-10 01:14:00+00:00
[2026-04-10T01:14:00.611+0000] {processor.py:208} INFO - Processing /home/airflow/.local/lib/python3.12/site-packages/airflow/example_dags/example_branch_python_dop_operator_3.py took 0.039 seconds
[2026-04-10T01:29:27.002+0000] {processor.py:186} INFO - Started process (PID=79162) to work on /home/airflow/.local/lib/python3.12/site-packages/airflow/example_dags/example_branch_python_dop_operator_3.py
[2026-04-10T01:29:27.002+0000] {processor.py:914} INFO - Processing file /home/airflow/.local/lib/python3.12/site-packages/airflow/example_dags/example_branch_python_dop_operator_3.py for tasks to queue
[2026-04-10T01:29:27.003+0000] {logging_mixin.py:190} INFO - [2026-04-10T01:29:27.003+0000] {dagbag.py:588} INFO - Filling up the DagBag from /home/airflow/.local/lib/python3.12/site-packages/airflow/example_dags/example_branch_python_dop_operator_3.py
[2026-04-10T01:29:27.011+0000] {processor.py:925} INFO - DAG(s) 'example_branch_dop_operator_v3' retrieved from /home/airflow/.local/lib/python3.12/site-packages/airflow/example_dags/example_branch_python_dop_operator_3.py
[2026-04-10T01:29:27.025+0000] {logging_mixin.py:190} INFO - [2026-04-10T01:29:27.025+0000] {dag.py:3239} INFO - Sync 1 DAGs
[2026-04-10T01:29:27.036+0000] {logging_mixin.py:190} INFO - [2026-04-10T01:29:27.036+0000] {dag.py:4180} INFO - Setting next_dagrun for example_branch_dop_operator_v3 to 2026-04-10 01:28:00+00:00, run_after=2026-04-10 01:29:00+00:00
[2026-04-10T01:29:27.043+0000] {processor.py:208} INFO - Processing /home/airflow/.local/lib/python3.12/site-packages/airflow/example_dags/example_branch_python_dop_operator_3.py took 0.044 seconds
[2026-04-10T01:29:57.492+0000] {processor.py:186} INFO - Started process (PID=79226) to work on /home/airflow/.local/lib/python3.12/site-packages/airflow/example_dags/example_branch_python_dop_operator_3.py
[2026-04-10T01:29:57.493+0000] {processor.py:914} INFO - Processing file /home/airflow/.local/lib/python3.12/site-packages/airflow/example_dags/example_branch_python_dop_operator_3.py for tasks to queue
[2026-04-10T01:29:57.493+0000] {logging_mixin.py:190} INFO - [2026-04-10T01:29:57.493+0000] {dagbag.py:588} INFO - Filling up the DagBag from /home/airflow/.local/lib/python3.12/site-packages/airflow/example_dags/example_branch_python_dop_operator_3.py
[2026-04-10T01:29:57.500+0000] {processor.py:925} INFO - DAG(s) 'example_branch_dop_operator_v3' retrieved from /home/airflow/.local/lib/python3.12/site-packages/airflow/example_dags/example_branch_python_dop_operator_3.py
[2026-04-10T01:29:57.512+0000] {logging_mixin.py:190} INFO - [2026-04-10T01:29:57.512+0000] {dag.py:3239} INFO - Sync 1 DAGs
[2026-04-10T01:29:57.525+0000] {logging_mixin.py:190} INFO - [2026-04-10T01:29:57.525+0000] {dag.py:4180} INFO - Setting next_dagrun for example_branch_dop_operator_v3 to 2026-04-10 01:28:00+00:00, run_after=2026-04-10 01:29:00+00:00
[2026-04-10T01:29:57.535+0000] {processor.py:208} INFO - Processing /home/airflow/.local/lib/python3.12/site-packages/airflow/example_dags/example_branch_python_dop_operator_3.py took 0.045 seconds
[2026-04-10T01:43:16.792+0000] {processor.py:186} INFO - Started process (PID=79290) to work on /home/airflow/.local/lib/python3.12/site-packages/airflow/example_dags/example_branch_python_dop_operator_3.py
[2026-04-10T01:43:16.793+0000] {processor.py:914} INFO - Processing file /home/airflow/.local/lib/python3.12/site-packages/airflow/example_dags/example_branch_python_dop_operator_3.py for tasks to queue
[2026-04-10T01:43:16.793+0000] {logging_mixin.py:190} INFO - [2026-04-10T01:43:16.793+0000] {dagbag.py:588} INFO - Filling up the DagBag from /home/airflow/.local/lib/python3.12/site-packages/airflow/example_dags/example_branch_python_dop_operator_3.py
[2026-04-10T01:43:16.797+0000] {processor.py:925} INFO - DAG(s) 'example_branch_dop_operator_v3' retrieved from /home/airflow/.local/lib/python3.12/site-packages/airflow/example_dags/example_branch_python_dop_operator_3.py
[2026-04-10T01:43:16.806+0000] {logging_mixin.py:190} INFO - [2026-04-10T01:43:16.806+0000] {dag.py:3239} INFO - Sync 1 DAGs
[2026-04-10T01:43:16.817+0000] {logging_mixin.py:190} INFO - [2026-04-10T01:43:16.817+0000] {dag.py:4180} INFO - Setting next_dagrun for example_branch_dop_operator_v3 to 2026-04-10 01:42:00+00:00, run_after=2026-04-10 01:43:00+00:00
[2026-04-10T01:43:16.824+0000] {processor.py:208} INFO - Processing /home/airflow/.local/lib/python3.12/site-packages/airflow/example_dags/example_branch_python_dop_operator_3.py took 0.034 seconds
[2026-04-10T01:58:48.650+0000] {processor.py:186} INFO - Started process (PID=79354) to work on /home/airflow/.local/lib/python3.12/site-packages/airflow/example_dags/example_branch_python_dop_operator_3.py
[2026-04-10T01:58:48.651+0000] {processor.py:914} INFO - Processing file /home/airflow/.local/lib/python3.12/site-packages/airflow/example_dags/example_branch_python_dop_operator_3.py for tasks to queue
[2026-04-10T01:58:48.651+0000] {logging_mixin.py:190} INFO - [2026-04-10T01:58:48.651+0000] {dagbag.py:588} INFO - Filling up the DagBag from /home/airflow/.local/lib/python3.12/site-packages/airflow/example_dags/example_branch_python_dop_operator_3.py
[2026-04-10T01:58:48.657+0000] {processor.py:925} INFO - DAG(s) 'example_branch_dop_operator_v3' retrieved from /home/airflow/.local/lib/python3.12/site-packages/airflow/example_dags/example_branch_python_dop_operator_3.py
[2026-04-10T01:58:48.667+0000] {logging_mixin.py:190} INFO - [2026-04-10T01:58:48.666+0000] {dag.py:3239} INFO - Sync 1 DAGs
[2026-04-10T01:58:48.679+0000] {logging_mixin.py:190} INFO - [2026-04-10T01:58:48.678+0000] {dag.py:4180} INFO - Setting next_dagrun for example_branch_dop_operator_v3 to 2026-04-10 01:57:00+00:00, run_after=2026-04-10 01:58:00+00:00
[2026-04-10T01:58:48.689+0000] {processor.py:208} INFO - Processing /home/airflow/.local/lib/python3.12/site-packages/airflow/example_dags/example_branch_python_dop_operator_3.py took 0.042 seconds
[2026-04-10T01:59:19.923+0000] {processor.py:186} INFO - Started process (PID=79418) to work on /home/airflow/.local/lib/python3.12/site-packages/airflow/example_dags/example_branch_python_dop_operator_3.py
[2026-04-10T01:59:19.925+0000] {processor.py:914} INFO - Processing file /home/airflow/.local/lib/python3.12/site-packages/airflow/example_dags/example_branch_python_dop_operator_3.py for tasks to queue
[2026-04-10T01:59:19.925+0000] {logging_mixin.py:190} INFO - [2026-04-10T01:59:19.925+0000] {dagbag.py:588} INFO - Filling up the DagBag from /home/airflow/.local/lib/python3.12/site-packages/airflow/example_dags/example_branch_python_dop_operator_3.py
[2026-04-10T01:59:19.929+0000] {processor.py:925} INFO - DAG(s) 'example_branch_dop_operator_v3' retrieved from /home/airflow/.local/lib/python3.12/site-packages/airflow/example_dags/example_branch_python_dop_operator_3.py
[2026-04-10T01:59:19.939+0000] {logging_mixin.py:190} INFO - [2026-04-10T01:59:19.939+0000] {dag.py:3239} INFO - Sync 1 DAGs
[2026-04-10T01:59:19.950+0000] {logging_mixin.py:190} INFO - [2026-04-10T01:59:19.950+0000] {dag.py:4180} INFO - Setting next_dagrun for example_branch_dop_operator_v3 to 2026-04-10 01:58:00+00:00, run_after=2026-04-10 01:59:00+00:00
[2026-04-10T01:59:19.956+0000] {processor.py:208} INFO - Processing /home/airflow/.local/lib/python3.12/site-packages/airflow/example_dags/example_branch_python_dop_operator_3.py took 0.035 seconds
[2026-04-10T02:14:52.329+0000] {processor.py:186} INFO - Started process (PID=79482) to work on /home/airflow/.local/lib/python3.12/site-packages/airflow/example_dags/example_branch_python_dop_operator_3.py
[2026-04-10T02:14:52.330+0000] {processor.py:914} INFO - Processing file /home/airflow/.local/lib/python3.12/site-packages/airflow/example_dags/example_branch_python_dop_operator_3.py for tasks to queue
[2026-04-10T02:14:52.331+0000] {logging_mixin.py:190} INFO - [2026-04-10T02:14:52.330+0000] {dagbag.py:588} INFO - Filling up the DagBag from /home/airflow/.local/lib/python3.12/site-packages/airflow/example_dags/example_branch_python_dop_operator_3.py
[2026-04-10T02:14:52.337+0000] {processor.py:925} INFO - DAG(s) 'example_branch_dop_operator_v3' retrieved from /home/airflow/.local/lib/python3.12/site-packages/airflow/example_dags/example_branch_python_dop_operator_3.py
[2026-04-10T02:14:52.345+0000] {logging_mixin.py:190} INFO - [2026-04-10T02:14:52.344+0000] {dag.py:3239} INFO - Sync 1 DAGs
[2026-04-10T02:14:52.354+0000] {logging_mixin.py:190} INFO - [2026-04-10T02:14:52.354+0000] {dag.py:4180} INFO - Setting next_dagrun for example_branch_dop_operator_v3 to 2026-04-10 02:13:00+00:00, run_after=2026-04-10 02:14:00+00:00
[2026-04-10T02:14:52.363+0000] {processor.py:208} INFO - Processing /home/airflow/.local/lib/python3.12/site-packages/airflow/example_dags/example_branch_python_dop_operator_3.py took 0.036 seconds
[2026-04-10T02:20:03.209+0000] {processor.py:186} INFO - Started process (PID=79546) to work on /home/airflow/.local/lib/python3.12/site-packages/airflow/example_dags/example_branch_python_dop_operator_3.py
[2026-04-10T02:20:03.210+0000] {processor.py:914} INFO - Processing file /home/airflow/.local/lib/python3.12/site-packages/airflow/example_dags/example_branch_python_dop_operator_3.py for tasks to queue
[2026-04-10T02:20:03.211+0000] {logging_mixin.py:190} INFO - [2026-04-10T02:20:03.211+0000] {dagbag.py:588} INFO - Filling up the DagBag from /home/airflow/.local/lib/python3.12/site-packages/airflow/example_dags/example_branch_python_dop_operator_3.py
[2026-04-10T02:20:03.219+0000] {processor.py:925} INFO - DAG(s) 'example_branch_dop_operator_v3' retrieved from /home/airflow/.local/lib/python3.12/site-packages/airflow/example_dags/example_branch_python_dop_operator_3.py
[2026-04-10T02:20:03.235+0000] {logging_mixin.py:190} INFO - [2026-04-10T02:20:03.235+0000] {dag.py:3239} INFO - Sync 1 DAGs
[2026-04-10T02:20:03.255+0000] {logging_mixin.py:190} INFO - [2026-04-10T02:20:03.255+0000] {dag.py:4180} INFO - Setting next_dagrun for example_branch_dop_operator_v3 to 2026-04-10 02:19:00+00:00, run_after=2026-04-10 02:20:00+00:00
[2026-04-10T02:20:03.271+0000] {processor.py:208} INFO - Processing /home/airflow/.local/lib/python3.12/site-packages/airflow/example_dags/example_branch_python_dop_operator_3.py took 0.066 seconds
[2026-04-10T02:20:33.615+0000] {processor.py:186} INFO - Started process (PID=79610) to work on /home/airflow/.local/lib/python3.12/site-packages/airflow/example_dags/example_branch_python_dop_operator_3.py
[2026-04-10T02:20:33.615+0000] {processor.py:914} INFO - Processing file /home/airflow/.local/lib/python3.12/site-packages/airflow/example_dags/example_branch_python_dop_operator_3.py for tasks to queue
[2026-04-10T02:20:33.615+0000] {logging_mixin.py:190} INFO - [2026-04-10T02:20:33.615+0000] {dagbag.py:588} INFO - Filling up the DagBag from /home/airflow/.local/lib/python3.12/site-packages/airflow/example_dags/example_branch_python_dop_operator_3.py
[2026-04-10T02:20:33.620+0000] {processor.py:925} INFO - DAG(s) 'example_branch_dop_operator_v3' retrieved from /home/airflow/.local/lib/python3.12/site-packages/airflow/example_dags/example_branch_python_dop_operator_3.py
[2026-04-10T02:20:33.629+0000] {logging_mixin.py:190} INFO - [2026-04-10T02:20:33.629+0000] {dag.py:3239} INFO - Sync 1 DAGs
[2026-04-10T02:20:33.639+0000] {logging_mixin.py:190} INFO - [2026-04-10T02:20:33.639+0000] {dag.py:4180} INFO - Setting next_dagrun for example_branch_dop_operator_v3 to 2026-04-10 02:19:00+00:00, run_after=2026-04-10 02:20:00+00:00
[2026-04-10T02:20:33.648+0000] {processor.py:208} INFO - Processing /home/airflow/.local/lib/python3.12/site-packages/airflow/example_dags/example_branch_python_dop_operator_3.py took 0.036 seconds
[2026-04-10T02:38:22.493+0000] {processor.py:186} INFO - Started process (PID=79674) to work on /home/airflow/.local/lib/python3.12/site-packages/airflow/example_dags/example_branch_python_dop_operator_3.py
[2026-04-10T02:38:22.495+0000] {processor.py:914} INFO - Processing file /home/airflow/.local/lib/python3.12/site-packages/airflow/example_dags/example_branch_python_dop_operator_3.py for tasks to queue
[2026-04-10T02:38:22.495+0000] {logging_mixin.py:190} INFO - [2026-04-10T02:38:22.495+0000] {dagbag.py:588} INFO - Filling up the DagBag from /home/airflow/.local/lib/python3.12/site-packages/airflow/example_dags/example_branch_python_dop_operator_3.py
[2026-04-10T02:38:22.500+0000] {processor.py:925} INFO - DAG(s) 'example_branch_dop_operator_v3' retrieved from /home/airflow/.local/lib/python3.12/site-packages/airflow/example_dags/example_branch_python_dop_operator_3.py
[2026-04-10T02:38:22.511+0000] {logging_mixin.py:190} INFO - [2026-04-10T02:38:22.511+0000] {dag.py:3239} INFO - Sync 1 DAGs
[2026-04-10T02:38:22.522+0000] {logging_mixin.py:190} INFO - [2026-04-10T02:38:22.522+0000] {dag.py:4180} INFO - Setting next_dagrun for example_branch_dop_operator_v3 to 2026-04-10 02:37:00+00:00, run_after=2026-04-10 02:38:00+00:00
[2026-04-10T02:38:22.529+0000] {processor.py:208} INFO - Processing /home/airflow/.local/lib/python3.12/site-packages/airflow/example_dags/example_branch_python_dop_operator_3.py took 0.039 seconds
[2026-04-10T02:44:09.311+0000] {processor.py:186} INFO - Started process (PID=79738) to work on /home/airflow/.local/lib/python3.12/site-packages/airflow/example_dags/example_branch_python_dop_operator_3.py
[2026-04-10T02:44:09.314+0000] {processor.py:914} INFO - Processing file /home/airflow/.local/lib/python3.12/site-packages/airflow/example_dags/example_branch_python_dop_operator_3.py for tasks to queue
[2026-04-10T02:44:09.314+0000] {logging_mixin.py:190} INFO - [2026-04-10T02:44:09.314+0000] {dagbag.py:588} INFO - Filling up the DagBag from /home/airflow/.local/lib/python3.12/site-packages/airflow/example_dags/example_branch_python_dop_operator_3.py
[2026-04-10T02:44:09.320+0000] {processor.py:925} INFO - DAG(s) 'example_branch_dop_operator_v3' retrieved from /home/airflow/.local/lib/python3.12/site-packages/airflow/example_dags/example_branch_python_dop_operator_3.py
[2026-04-10T02:44:09.331+0000] {logging_mixin.py:190} INFO - [2026-04-10T02:44:09.331+0000] {dag.py:3239} INFO - Sync 1 DAGs
[2026-04-10T02:44:09.340+0000] {logging_mixin.py:190} INFO - [2026-04-10T02:44:09.340+0000] {dag.py:4180} INFO - Setting next_dagrun for example_branch_dop_operator_v3 to 2026-04-10 02:43:00+00:00, run_after=2026-04-10 02:44:00+00:00
[2026-04-10T02:44:09.350+0000] {processor.py:208} INFO - Processing /home/airflow/.local/lib/python3.12/site-packages/airflow/example_dags/example_branch_python_dop_operator_3.py took 0.041 seconds
[2026-04-10T02:59:40.965+0000] {processor.py:186} INFO - Started process (PID=79802) to work on /home/airflow/.local/lib/python3.12/site-packages/airflow/example_dags/example_branch_python_dop_operator_3.py
[2026-04-10T02:59:40.966+0000] {processor.py:914} INFO - Processing file /home/airflow/.local/lib/python3.12/site-packages/airflow/example_dags/example_branch_python_dop_operator_3.py for tasks to queue
[2026-04-10T02:59:40.966+0000] {logging_mixin.py:190} INFO - [2026-04-10T02:59:40.966+0000] {dagbag.py:588} INFO - Filling up the DagBag from /home/airflow/.local/lib/python3.12/site-packages/airflow/example_dags/example_branch_python_dop_operator_3.py
[2026-04-10T02:59:40.971+0000] {processor.py:925} INFO - DAG(s) 'example_branch_dop_operator_v3' retrieved from /home/airflow/.local/lib/python3.12/site-packages/airflow/example_dags/example_branch_python_dop_operator_3.py
[2026-04-10T02:59:40.981+0000] {logging_mixin.py:190} INFO - [2026-04-10T02:59:40.981+0000] {dag.py:3239} INFO - Sync 1 DAGs
[2026-04-10T02:59:40.996+0000] {logging_mixin.py:190} INFO - [2026-04-10T02:59:40.995+0000] {dag.py:4180} INFO - Setting next_dagrun for example_branch_dop_operator_v3 to 2026-04-10 02:58:00+00:00, run_after=2026-04-10 02:59:00+00:00
[2026-04-10T02:59:41.002+0000] {processor.py:208} INFO - Processing /home/airflow/.local/lib/python3.12/site-packages/airflow/example_dags/example_branch_python_dop_operator_3.py took 0.040 seconds
[2026-04-10T03:00:11.254+0000] {processor.py:186} INFO - Started process (PID=79866) to work on /home/airflow/.local/lib/python3.12/site-packages/airflow/example_dags/example_branch_python_dop_operator_3.py
[2026-04-10T03:00:11.254+0000] {processor.py:914} INFO - Processing file /home/airflow/.local/lib/python3.12/site-packages/airflow/example_dags/example_branch_python_dop_operator_3.py for tasks to queue
[2026-04-10T03:00:11.254+0000] {logging_mixin.py:190} INFO - [2026-04-10T03:00:11.254+0000] {dagbag.py:588} INFO - Filling up the DagBag from /home/airflow/.local/lib/python3.12/site-packages/airflow/example_dags/example_branch_python_dop_operator_3.py
[2026-04-10T03:00:11.259+0000] {processor.py:925} INFO - DAG(s) 'example_branch_dop_operator_v3' retrieved from /home/airflow/.local/lib/python3.12/site-packages/airflow/example_dags/example_branch_python_dop_operator_3.py
[2026-04-10T03:00:11.270+0000] {logging_mixin.py:190} INFO - [2026-04-10T03:00:11.269+0000] {dag.py:3239} INFO - Sync 1 DAGs
[2026-04-10T03:00:11.279+0000] {logging_mixin.py:190} INFO - [2026-04-10T03:00:11.279+0000] {dag.py:4180} INFO - Setting next_dagrun for example_branch_dop_operator_v3 to 2026-04-10 02:59:00+00:00, run_after=2026-04-10 03:00:00+00:00
[2026-04-10T03:00:11.287+0000] {processor.py:208} INFO - Processing /home/airflow/.local/lib/python3.12/site-packages/airflow/example_dags/example_branch_python_dop_operator_3.py took 0.036 seconds
[2026-04-10T03:15:42.064+0000] {processor.py:186} INFO - Started process (PID=79930) to work on /home/airflow/.local/lib/python3.12/site-packages/airflow/example_dags/example_branch_python_dop_operator_3.py
[2026-04-10T03:15:42.064+0000] {processor.py:914} INFO - Processing file /home/airflow/.local/lib/python3.12/site-packages/airflow/example_dags/example_branch_python_dop_operator_3.py for tasks to queue
[2026-04-10T03:15:42.065+0000] {logging_mixin.py:190} INFO - [2026-04-10T03:15:42.065+0000] {dagbag.py:588} INFO - Filling up the DagBag from /home/airflow/.local/lib/python3.12/site-packages/airflow/example_dags/example_branch_python_dop_operator_3.py
[2026-04-10T03:15:42.069+0000] {processor.py:925} INFO - DAG(s) 'example_branch_dop_operator_v3' retrieved from /home/airflow/.local/lib/python3.12/site-packages/airflow/example_dags/example_branch_python_dop_operator_3.py
[2026-04-10T03:15:42.080+0000] {logging_mixin.py:190} INFO - [2026-04-10T03:15:42.080+0000] {dag.py:3239} INFO - Sync 1 DAGs
[2026-04-10T03:15:42.092+0000] {logging_mixin.py:190} INFO - [2026-04-10T03:15:42.092+0000] {dag.py:4180} INFO - Setting next_dagrun for example_branch_dop_operator_v3 to 2026-04-10 03:14:00+00:00, run_after=2026-04-10 03:15:00+00:00
[2026-04-10T03:15:42.103+0000] {processor.py:208} INFO - Processing /home/airflow/.local/lib/python3.12/site-packages/airflow/example_dags/example_branch_python_dop_operator_3.py took 0.042 seconds
[2026-04-10T03:23:21.615+0000] {processor.py:186} INFO - Started process (PID=79994) to work on /home/airflow/.local/lib/python3.12/site-packages/airflow/example_dags/example_branch_python_dop_operator_3.py
[2026-04-10T03:23:21.615+0000] {processor.py:914} INFO - Processing file /home/airflow/.local/lib/python3.12/site-packages/airflow/example_dags/example_branch_python_dop_operator_3.py for tasks to queue
[2026-04-10T03:23:21.617+0000] {logging_mixin.py:190} INFO - [2026-04-10T03:23:21.617+0000] {dagbag.py:588} INFO - Filling up the DagBag from /home/airflow/.local/lib/python3.12/site-packages/airflow/example_dags/example_branch_python_dop_operator_3.py
[2026-04-10T03:23:21.623+0000] {processor.py:925} INFO - DAG(s) 'example_branch_dop_operator_v3' retrieved from /home/airflow/.local/lib/python3.12/site-packages/airflow/example_dags/example_branch_python_dop_operator_3.py
[2026-04-10T03:23:21.637+0000] {logging_mixin.py:190} INFO - [2026-04-10T03:23:21.637+0000] {dag.py:3239} INFO - Sync 1 DAGs
[2026-04-10T03:23:21.647+0000] {logging_mixin.py:190} INFO - [2026-04-10T03:23:21.647+0000] {dag.py:4180} INFO - Setting next_dagrun for example_branch_dop_operator_v3 to 2026-04-10 03:22:00+00:00, run_after=2026-04-10 03:23:00+00:00
[2026-04-10T03:23:21.654+0000] {processor.py:208} INFO - Processing /home/airflow/.local/lib/python3.12/site-packages/airflow/example_dags/example_branch_python_dop_operator_3.py took 0.042 seconds
[2026-04-10T03:23:52.445+0000] {processor.py:186} INFO - Started process (PID=80058) to work on /home/airflow/.local/lib/python3.12/site-packages/airflow/example_dags/example_branch_python_dop_operator_3.py
[2026-04-10T03:23:52.446+0000] {processor.py:914} INFO - Processing file /home/airflow/.local/lib/python3.12/site-packages/airflow/example_dags/example_branch_python_dop_operator_3.py for tasks to queue
[2026-04-10T03:23:52.446+0000] {logging_mixin.py:190} INFO - [2026-04-10T03:23:52.446+0000] {dagbag.py:588} INFO - Filling up the DagBag from /home/airflow/.local/lib/python3.12/site-packages/airflow/example_dags/example_branch_python_dop_operator_3.py
[2026-04-10T03:23:52.451+0000] {processor.py:925} INFO - DAG(s) 'example_branch_dop_operator_v3' retrieved from /home/airflow/.local/lib/python3.12/site-packages/airflow/example_dags/example_branch_python_dop_operator_3.py
[2026-04-10T03:23:52.460+0000] {logging_mixin.py:190} INFO - [2026-04-10T03:23:52.460+0000] {dag.py:3239} INFO - Sync 1 DAGs
[2026-04-10T03:23:52.472+0000] {logging_mixin.py:190} INFO - [2026-04-10T03:23:52.472+0000] {dag.py:4180} INFO - Setting next_dagrun for example_branch_dop_operator_v3 to 2026-04-10 03:22:00+00:00, run_after=2026-04-10 03:23:00+00:00
[2026-04-10T03:23:52.484+0000] {processor.py:208} INFO - Processing /home/airflow/.local/lib/python3.12/site-packages/airflow/example_dags/example_branch_python_dop_operator_3.py took 0.042 seconds
[2026-04-10T03:24:22.864+0000] {processor.py:186} INFO - Started process (PID=80122) to work on /home/airflow/.local/lib/python3.12/site-packages/airflow/example_dags/example_branch_python_dop_operator_3.py
[2026-04-10T03:24:22.865+0000] {processor.py:914} INFO - Processing file /home/airflow/.local/lib/python3.12/site-packages/airflow/example_dags/example_branch_python_dop_operator_3.py for tasks to queue
[2026-04-10T03:24:22.865+0000] {logging_mixin.py:190} INFO - [2026-04-10T03:24:22.865+0000] {dagbag.py:588} INFO - Filling up the DagBag from /home/airflow/.local/lib/python3.12/site-packages/airflow/example_dags/example_branch_python_dop_operator_3.py
[2026-04-10T03:24:22.871+0000] {processor.py:925} INFO - DAG(s) 'example_branch_dop_operator_v3' retrieved from /home/airflow/.local/lib/python3.12/site-packages/airflow/example_dags/example_branch_python_dop_operator_3.py
[2026-04-10T03:24:22.878+0000] {logging_mixin.py:190} INFO - [2026-04-10T03:24:22.878+0000] {dag.py:3239} INFO - Sync 1 DAGs
[2026-04-10T03:24:22.889+0000] {logging_mixin.py:190} INFO - [2026-04-10T03:24:22.889+0000] {dag.py:4180} INFO - Setting next_dagrun for example_branch_dop_operator_v3 to 2026-04-10 03:23:00+00:00, run_after=2026-04-10 03:24:00+00:00
[2026-04-10T03:24:22.902+0000] {processor.py:208} INFO - Processing /home/airflow/.local/lib/python3.12/site-packages/airflow/example_dags/example_branch_python_dop_operator_3.py took 0.041 seconds
[2026-04-10T03:24:53.218+0000] {processor.py:186} INFO - Started process (PID=80186) to work on /home/airflow/.local/lib/python3.12/site-packages/airflow/example_dags/example_branch_python_dop_operator_3.py
[2026-04-10T03:24:53.219+0000] {processor.py:914} INFO - Processing file /home/airflow/.local/lib/python3.12/site-packages/airflow/example_dags/example_branch_python_dop_operator_3.py for tasks to queue
[2026-04-10T03:24:53.221+0000] {logging_mixin.py:190} INFO - [2026-04-10T03:24:53.221+0000] {dagbag.py:588} INFO - Filling up the DagBag from /home/airflow/.local/lib/python3.12/site-packages/airflow/example_dags/example_branch_python_dop_operator_3.py
[2026-04-10T03:24:53.226+0000] {processor.py:925} INFO - DAG(s) 'example_branch_dop_operator_v3' retrieved from /home/airflow/.local/lib/python3.12/site-packages/airflow/example_dags/example_branch_python_dop_operator_3.py
[2026-04-10T03:24:53.233+0000] {logging_mixin.py:190} INFO - [2026-04-10T03:24:53.233+0000] {dag.py:3239} INFO - Sync 1 DAGs
[2026-04-10T03:24:53.244+0000] {logging_mixin.py:190} INFO - [2026-04-10T03:24:53.244+0000] {dag.py:4180} INFO - Setting next_dagrun for example_branch_dop_operator_v3 to 2026-04-10 03:23:00+00:00, run_after=2026-04-10 03:24:00+00:00
[2026-04-10T03:24:53.254+0000] {processor.py:208} INFO - Processing /home/airflow/.local/lib/python3.12/site-packages/airflow/example_dags/example_branch_python_dop_operator_3.py took 0.038 seconds
[2026-04-10T03:25:23.582+0000] {processor.py:186} INFO - Started process (PID=80250) to work on /home/airflow/.local/lib/python3.12/site-packages/airflow/example_dags/example_branch_python_dop_operator_3.py
[2026-04-10T03:25:23.582+0000] {processor.py:914} INFO - Processing file /home/airflow/.local/lib/python3.12/site-packages/airflow/example_dags/example_branch_python_dop_operator_3.py for tasks to queue
[2026-04-10T03:25:23.583+0000] {logging_mixin.py:190} INFO - [2026-04-10T03:25:23.583+0000] {dagbag.py:588} INFO - Filling up the DagBag from /home/airflow/.local/lib/python3.12/site-packages/airflow/example_dags/example_branch_python_dop_operator_3.py
[2026-04-10T03:25:23.587+0000] {processor.py:925} INFO - DAG(s) 'example_branch_dop_operator_v3' retrieved from /home/airflow/.local/lib/python3.12/site-packages/airflow/example_dags/example_branch_python_dop_operator_3.py
[2026-04-10T03:25:23.596+0000] {logging_mixin.py:190} INFO - [2026-04-10T03:25:23.596+0000] {dag.py:3239} INFO - Sync 1 DAGs
[2026-04-10T03:25:23.605+0000] {logging_mixin.py:190} INFO - [2026-04-10T03:25:23.605+0000] {dag.py:4180} INFO - Setting next_dagrun for example_branch_dop_operator_v3 to 2026-04-10 03:24:00+00:00, run_after=2026-04-10 03:25:00+00:00
[2026-04-10T03:25:23.615+0000] {processor.py:208} INFO - Processing /home/airflow/.local/lib/python3.12/site-packages/airflow/example_dags/example_branch_python_dop_operator_3.py took 0.035 seconds
[2026-04-10T03:25:54.116+0000] {processor.py:186} INFO - Started process (PID=80314) to work on /home/airflow/.local/lib/python3.12/site-packages/airflow/example_dags/example_branch_python_dop_operator_3.py
[2026-04-10T03:25:54.117+0000] {processor.py:914} INFO - Processing file /home/airflow/.local/lib/python3.12/site-packages/airflow/example_dags/example_branch_python_dop_operator_3.py for tasks to queue
[2026-04-10T03:25:54.117+0000] {logging_mixin.py:190} INFO - [2026-04-10T03:25:54.117+0000] {dagbag.py:588} INFO - Filling up the DagBag from /home/airflow/.local/lib/python3.12/site-packages/airflow/example_dags/example_branch_python_dop_operator_3.py
[2026-04-10T03:25:54.122+0000] {processor.py:925} INFO - DAG(s) 'example_branch_dop_operator_v3' retrieved from /home/airflow/.local/lib/python3.12/site-packages/airflow/example_dags/example_branch_python_dop_operator_3.py
[2026-04-10T03:25:54.129+0000] {logging_mixin.py:190} INFO - [2026-04-10T03:25:54.129+0000] {dag.py:3239} INFO - Sync 1 DAGs
[2026-04-10T03:25:54.140+0000] {logging_mixin.py:190} INFO - [2026-04-10T03:25:54.140+0000] {dag.py:4180} INFO - Setting next_dagrun for example_branch_dop_operator_v3 to 2026-04-10 03:24:00+00:00, run_after=2026-04-10 03:25:00+00:00
[2026-04-10T03:25:54.151+0000] {processor.py:208} INFO - Processing /home/airflow/.local/lib/python3.12/site-packages/airflow/example_dags/example_branch_python_dop_operator_3.py took 0.037 seconds
[2026-04-10T03:26:25.374+0000] {processor.py:186} INFO - Started process (PID=80378) to work on /home/airflow/.local/lib/python3.12/site-packages/airflow/example_dags/example_branch_python_dop_operator_3.py
[2026-04-10T03:26:25.377+0000] {processor.py:914} INFO - Processing file /home/airflow/.local/lib/python3.12/site-packages/airflow/example_dags/example_branch_python_dop_operator_3.py for tasks to queue
[2026-04-10T03:26:25.378+0000] {logging_mixin.py:190} INFO - [2026-04-10T03:26:25.378+0000] {dagbag.py:588} INFO - Filling up the DagBag from /home/airflow/.local/lib/python3.12/site-packages/airflow/example_dags/example_branch_python_dop_operator_3.py
[2026-04-10T03:26:25.383+0000] {processor.py:925} INFO - DAG(s) 'example_branch_dop_operator_v3' retrieved from /home/airflow/.local/lib/python3.12/site-packages/airflow/example_dags/example_branch_python_dop_operator_3.py
[2026-04-10T03:26:25.395+0000] {logging_mixin.py:190} INFO - [2026-04-10T03:26:25.394+0000] {dag.py:3239} INFO - Sync 1 DAGs
[2026-04-10T03:26:25.405+0000] {logging_mixin.py:190} INFO - [2026-04-10T03:26:25.405+0000] {dag.py:4180} INFO - Setting next_dagrun for example_branch_dop_operator_v3 to 2026-04-10 03:25:00+00:00, run_after=2026-04-10 03:26:00+00:00
[2026-04-10T03:26:25.414+0000] {processor.py:208} INFO - Processing /home/airflow/.local/lib/python3.12/site-packages/airflow/example_dags/example_branch_python_dop_operator_3.py took 0.042 seconds
[2026-04-10T03:26:55.920+0000] {processor.py:186} INFO - Started process (PID=80442) to work on /home/airflow/.local/lib/python3.12/site-packages/airflow/example_dags/example_branch_python_dop_operator_3.py
[2026-04-10T03:26:55.921+0000] {processor.py:914} INFO - Processing file /home/airflow/.local/lib/python3.12/site-packages/airflow/example_dags/example_branch_python_dop_operator_3.py for tasks to queue
[2026-04-10T03:26:55.921+0000] {logging_mixin.py:190} INFO - [2026-04-10T03:26:55.921+0000] {dagbag.py:588} INFO - Filling up the DagBag from /home/airflow/.local/lib/python3.12/site-packages/airflow/example_dags/example_branch_python_dop_operator_3.py
[2026-04-10T03:26:55.929+0000] {processor.py:925} INFO - DAG(s) 'example_branch_dop_operator_v3' retrieved from /home/airflow/.local/lib/python3.12/site-packages/airflow/example_dags/example_branch_python_dop_operator_3.py
[2026-04-10T03:26:55.940+0000] {logging_mixin.py:190} INFO - [2026-04-10T03:26:55.940+0000] {dag.py:3239} INFO - Sync 1 DAGs
[2026-04-10T03:26:55.954+0000] {logging_mixin.py:190} INFO - [2026-04-10T03:26:55.954+0000] {dag.py:4180} INFO - Setting next_dagrun for example_branch_dop_operator_v3 to 2026-04-10 03:25:00+00:00, run_after=2026-04-10 03:26:00+00:00
[2026-04-10T03:26:55.966+0000] {processor.py:208} INFO - Processing /home/airflow/.local/lib/python3.12/site-packages/airflow/example_dags/example_branch_python_dop_operator_3.py took 0.049 seconds
[2026-04-10T03:27:26.166+0000] {processor.py:186} INFO - Started process (PID=80506) to work on /home/airflow/.local/lib/python3.12/site-packages/airflow/example_dags/example_branch_python_dop_operator_3.py
[2026-04-10T03:27:26.166+0000] {processor.py:914} INFO - Processing file /home/airflow/.local/lib/python3.12/site-packages/airflow/example_dags/example_branch_python_dop_operator_3.py for tasks to queue
[2026-04-10T03:27:26.167+0000] {logging_mixin.py:190} INFO - [2026-04-10T03:27:26.167+0000] {dagbag.py:588} INFO - Filling up the DagBag from /home/airflow/.local/lib/python3.12/site-packages/airflow/example_dags/example_branch_python_dop_operator_3.py
[2026-04-10T03:27:26.171+0000] {processor.py:925} INFO - DAG(s) 'example_branch_dop_operator_v3' retrieved from /home/airflow/.local/lib/python3.12/site-packages/airflow/example_dags/example_branch_python_dop_operator_3.py
[2026-04-10T03:27:26.179+0000] {logging_mixin.py:190} INFO - [2026-04-10T03:27:26.178+0000] {dag.py:3239} INFO - Sync 1 DAGs
[2026-04-10T03:27:26.189+0000] {logging_mixin.py:190} INFO - [2026-04-10T03:27:26.189+0000] {dag.py:4180} INFO - Setting next_dagrun for example_branch_dop_operator_v3 to 2026-04-10 03:26:00+00:00, run_after=2026-04-10 03:27:00+00:00
[2026-04-10T03:27:26.195+0000] {processor.py:208} INFO - Processing /home/airflow/.local/lib/python3.12/site-packages/airflow/example_dags/example_branch_python_dop_operator_3.py took 0.032 seconds
[2026-04-10T03:27:56.626+0000] {processor.py:186} INFO - Started process (PID=80570) to work on /home/airflow/.local/lib/python3.12/site-packages/airflow/example_dags/example_branch_python_dop_operator_3.py
[2026-04-10T03:27:56.627+0000] {processor.py:914} INFO - Processing file /home/airflow/.local/lib/python3.12/site-packages/airflow/example_dags/example_branch_python_dop_operator_3.py for tasks to queue
[2026-04-10T03:27:56.627+0000] {logging_mixin.py:190} INFO - [2026-04-10T03:27:56.627+0000] {dagbag.py:588} INFO - Filling up the DagBag from /home/airflow/.local/lib/python3.12/site-packages/airflow/example_dags/example_branch_python_dop_operator_3.py
[2026-04-10T03:27:56.635+0000] {processor.py:925} INFO - DAG(s) 'example_branch_dop_operator_v3' retrieved from /home/airflow/.local/lib/python3.12/site-packages/airflow/example_dags/example_branch_python_dop_operator_3.py
[2026-04-10T03:27:56.647+0000] {logging_mixin.py:190} INFO - [2026-04-10T03:27:56.647+0000] {dag.py:3239} INFO - Sync 1 DAGs
[2026-04-10T03:27:56.658+0000] {logging_mixin.py:190} INFO - [2026-04-10T03:27:56.658+0000] {dag.py:4180} INFO - Setting next_dagrun for example_branch_dop_operator_v3 to 2026-04-10 03:26:00+00:00, run_after=2026-04-10 03:27:00+00:00
[2026-04-10T03:27:56.665+0000] {processor.py:208} INFO - Processing /home/airflow/.local/lib/python3.12/site-packages/airflow/example_dags/example_branch_python_dop_operator_3.py took 0.043 seconds
[2026-04-10T03:28:27.310+0000] {processor.py:186} INFO - Started process (PID=80634) to work on /home/airflow/.local/lib/python3.12/site-packages/airflow/example_dags/example_branch_python_dop_operator_3.py
[2026-04-10T03:28:27.311+0000] {processor.py:914} INFO - Processing file /home/airflow/.local/lib/python3.12/site-packages/airflow/example_dags/example_branch_python_dop_operator_3.py for tasks to queue
[2026-04-10T03:28:27.311+0000] {logging_mixin.py:190} INFO - [2026-04-10T03:28:27.311+0000] {dagbag.py:588} INFO - Filling up the DagBag from /home/airflow/.local/lib/python3.12/site-packages/airflow/example_dags/example_branch_python_dop_operator_3.py
[2026-04-10T03:28:27.316+0000] {processor.py:925} INFO - DAG(s) 'example_branch_dop_operator_v3' retrieved from /home/airflow/.local/lib/python3.12/site-packages/airflow/example_dags/example_branch_python_dop_operator_3.py
[2026-04-10T03:28:27.325+0000] {logging_mixin.py:190} INFO - [2026-04-10T03:28:27.325+0000] {dag.py:3239} INFO - Sync 1 DAGs
[2026-04-10T03:28:27.336+0000] {logging_mixin.py:190} INFO - [2026-04-10T03:28:27.336+0000] {dag.py:4180} INFO - Setting next_dagrun for example_branch_dop_operator_v3 to 2026-04-10 03:27:00+00:00, run_after=2026-04-10 03:28:00+00:00
[2026-04-10T03:28:27.347+0000] {processor.py:208} INFO - Processing /home/airflow/.local/lib/python3.12/site-packages/airflow/example_dags/example_branch_python_dop_operator_3.py took 0.039 seconds
[2026-04-10T03:28:57.685+0000] {processor.py:186} INFO - Started process (PID=80698) to work on /home/airflow/.local/lib/python3.12/site-packages/airflow/example_dags/example_branch_python_dop_operator_3.py
[2026-04-10T03:28:57.686+0000] {processor.py:914} INFO - Processing file /home/airflow/.local/lib/python3.12/site-packages/airflow/example_dags/example_branch_python_dop_operator_3.py for tasks to queue
[2026-04-10T03:28:57.686+0000] {logging_mixin.py:190} INFO - [2026-04-10T03:28:57.686+0000] {dagbag.py:588} INFO - Filling up the DagBag from /home/airflow/.local/lib/python3.12/site-packages/airflow/example_dags/example_branch_python_dop_operator_3.py
[2026-04-10T03:28:57.691+0000] {processor.py:925} INFO - DAG(s) 'example_branch_dop_operator_v3' retrieved from /home/airflow/.local/lib/python3.12/site-packages/airflow/example_dags/example_branch_python_dop_operator_3.py
[2026-04-10T03:28:57.698+0000] {logging_mixin.py:190} INFO - [2026-04-10T03:28:57.698+0000] {dag.py:3239} INFO - Sync 1 DAGs
[2026-04-10T03:28:57.707+0000] {logging_mixin.py:190} INFO - [2026-04-10T03:28:57.707+0000] {dag.py:4180} INFO - Setting next_dagrun for example_branch_dop_operator_v3 to 2026-04-10 03:27:00+00:00, run_after=2026-04-10 03:28:00+00:00
[2026-04-10T03:28:57.713+0000] {processor.py:208} INFO - Processing /home/airflow/.local/lib/python3.12/site-packages/airflow/example_dags/example_branch_python_dop_operator_3.py took 0.030 seconds
[2026-04-10T03:29:28.059+0000] {processor.py:186} INFO - Started process (PID=80762) to work on /home/airflow/.local/lib/python3.12/site-packages/airflow/example_dags/example_branch_python_dop_operator_3.py
[2026-04-10T03:29:28.059+0000] {processor.py:914} INFO - Processing file /home/airflow/.local/lib/python3.12/site-packages/airflow/example_dags/example_branch_python_dop_operator_3.py for tasks to queue
[2026-04-10T03:29:28.059+0000] {logging_mixin.py:190} INFO - [2026-04-10T03:29:28.059+0000] {dagbag.py:588} INFO - Filling up the DagBag from /home/airflow/.local/lib/python3.12/site-packages/airflow/example_dags/example_branch_python_dop_operator_3.py
[2026-04-10T03:29:28.064+0000] {processor.py:925} INFO - DAG(s) 'example_branch_dop_operator_v3' retrieved from /home/airflow/.local/lib/python3.12/site-packages/airflow/example_dags/example_branch_python_dop_operator_3.py
[2026-04-10T03:29:28.071+0000] {logging_mixin.py:190} INFO - [2026-04-10T03:29:28.071+0000] {dag.py:3239} INFO - Sync 1 DAGs
[2026-04-10T03:29:28.080+0000] {logging_mixin.py:190} INFO - [2026-04-10T03:29:28.080+0000] {dag.py:4180} INFO - Setting next_dagrun for example_branch_dop_operator_v3 to 2026-04-10 03:28:00+00:00, run_after=2026-04-10 03:29:00+00:00
[2026-04-10T03:29:28.086+0000] {processor.py:208} INFO - Processing /home/airflow/.local/lib/python3.12/site-packages/airflow/example_dags/example_branch_python_dop_operator_3.py took 0.029 seconds
[2026-04-10T03:29:58.705+0000] {processor.py:186} INFO - Started process (PID=80825) to work on /home/airflow/.local/lib/python3.12/site-packages/airflow/example_dags/example_branch_python_dop_operator_3.py
[2026-04-10T03:29:58.706+0000] {processor.py:914} INFO - Processing file /home/airflow/.local/lib/python3.12/site-packages/airflow/example_dags/example_branch_python_dop_operator_3.py for tasks to queue
[2026-04-10T03:29:58.707+0000] {logging_mixin.py:190} INFO - [2026-04-10T03:29:58.707+0000] {dagbag.py:588} INFO - Filling up the DagBag from /home/airflow/.local/lib/python3.12/site-packages/airflow/example_dags/example_branch_python_dop_operator_3.py
[2026-04-10T03:29:58.713+0000] {processor.py:925} INFO - DAG(s) 'example_branch_dop_operator_v3' retrieved from /home/airflow/.local/lib/python3.12/site-packages/airflow/example_dags/example_branch_python_dop_operator_3.py
[2026-04-10T03:29:58.722+0000] {logging_mixin.py:190} INFO - [2026-04-10T03:29:58.722+0000] {dag.py:3239} INFO - Sync 1 DAGs
[2026-04-10T03:29:58.732+0000] {logging_mixin.py:190} INFO - [2026-04-10T03:29:58.732+0000] {dag.py:4180} INFO - Setting next_dagrun for example_branch_dop_operator_v3 to 2026-04-10 03:28:00+00:00, run_after=2026-04-10 03:29:00+00:00
[2026-04-10T03:29:58.739+0000] {processor.py:208} INFO - Processing /home/airflow/.local/lib/python3.12/site-packages/airflow/example_dags/example_branch_python_dop_operator_3.py took 0.037 seconds
[2026-04-10T03:30:29.013+0000] {processor.py:186} INFO - Started process (PID=80889) to work on /home/airflow/.local/lib/python3.12/site-packages/airflow/example_dags/example_branch_python_dop_operator_3.py
[2026-04-10T03:30:29.013+0000] {processor.py:914} INFO - Processing file /home/airflow/.local/lib/python3.12/site-packages/airflow/example_dags/example_branch_python_dop_operator_3.py for tasks to queue
[2026-04-10T03:30:29.014+0000] {logging_mixin.py:190} INFO - [2026-04-10T03:30:29.014+0000] {dagbag.py:588} INFO - Filling up the DagBag from /home/airflow/.local/lib/python3.12/site-packages/airflow/example_dags/example_branch_python_dop_operator_3.py
[2026-04-10T03:30:29.019+0000] {processor.py:925} INFO - DAG(s) 'example_branch_dop_operator_v3' retrieved from /home/airflow/.local/lib/python3.12/site-packages/airflow/example_dags/example_branch_python_dop_operator_3.py
[2026-04-10T03:30:29.027+0000] {logging_mixin.py:190} INFO - [2026-04-10T03:30:29.027+0000] {dag.py:3239} INFO - Sync 1 DAGs
[2026-04-10T03:30:29.038+0000] {logging_mixin.py:190} INFO - [2026-04-10T03:30:29.038+0000] {dag.py:4180} INFO - Setting next_dagrun for example_branch_dop_operator_v3 to 2026-04-10 03:29:00+00:00, run_after=2026-04-10 03:30:00+00:00
[2026-04-10T03:30:29.051+0000] {processor.py:208} INFO - Processing /home/airflow/.local/lib/python3.12/site-packages/airflow/example_dags/example_branch_python_dop_operator_3.py took 0.040 seconds
[2026-04-10T03:30:59.179+0000] {processor.py:186} INFO - Started process (PID=80953) to work on /home/airflow/.local/lib/python3.12/site-packages/airflow/example_dags/example_branch_python_dop_operator_3.py
[2026-04-10T03:30:59.179+0000] {processor.py:914} INFO - Processing file /home/airflow/.local/lib/python3.12/site-packages/airflow/example_dags/example_branch_python_dop_operator_3.py for tasks to queue
[2026-04-10T03:30:59.180+0000] {logging_mixin.py:190} INFO - [2026-04-10T03:30:59.180+0000] {dagbag.py:588} INFO - Filling up the DagBag from /home/airflow/.local/lib/python3.12/site-packages/airflow/example_dags/example_branch_python_dop_operator_3.py
[2026-04-10T03:30:59.184+0000] {processor.py:925} INFO - DAG(s) 'example_branch_dop_operator_v3' retrieved from /home/airflow/.local/lib/python3.12/site-packages/airflow/example_dags/example_branch_python_dop_operator_3.py
[2026-04-10T03:30:59.191+0000] {logging_mixin.py:190} INFO - [2026-04-10T03:30:59.191+0000] {dag.py:3239} INFO - Sync 1 DAGs
[2026-04-10T03:30:59.200+0000] {logging_mixin.py:190} INFO - [2026-04-10T03:30:59.200+0000] {dag.py:4180} INFO - Setting next_dagrun for example_branch_dop_operator_v3 to 2026-04-10 03:29:00+00:00, run_after=2026-04-10 03:30:00+00:00
[2026-04-10T03:30:59.205+0000] {processor.py:208} INFO - Processing /home/airflow/.local/lib/python3.12/site-packages/airflow/example_dags/example_branch_python_dop_operator_3.py took 0.028 seconds
