[2026-04-10T00:07:15.249+0000] {processor.py:186} INFO - Started process (PID=78565) to work on /home/airflow/.local/lib/python3.12/site-packages/airflow/example_dags/example_sensors.py
[2026-04-10T00:07:15.250+0000] {processor.py:914} INFO - Processing file /home/airflow/.local/lib/python3.12/site-packages/airflow/example_dags/example_sensors.py for tasks to queue
[2026-04-10T00:07:15.250+0000] {logging_mixin.py:190} INFO - [2026-04-10T00:07:15.250+0000] {dagbag.py:588} INFO - Filling up the DagBag from /home/airflow/.local/lib/python3.12/site-packages/airflow/example_dags/example_sensors.py
[2026-04-10T00:07:15.259+0000] {processor.py:925} INFO - DAG(s) 'example_sensors' retrieved from /home/airflow/.local/lib/python3.12/site-packages/airflow/example_dags/example_sensors.py
[2026-04-10T00:07:15.271+0000] {logging_mixin.py:190} INFO - [2026-04-10T00:07:15.271+0000] {dag.py:3239} INFO - Sync 1 DAGs
[2026-04-10T00:07:15.277+0000] {logging_mixin.py:190} INFO - [2026-04-10T00:07:15.277+0000] {dag.py:4180} INFO - Setting next_dagrun for example_sensors to None, run_after=None
[2026-04-10T00:07:15.289+0000] {processor.py:208} INFO - Processing /home/airflow/.local/lib/python3.12/site-packages/airflow/example_dags/example_sensors.py took 0.047 seconds
[2026-04-10T00:22:48.140+0000] {processor.py:186} INFO - Started process (PID=78629) to work on /home/airflow/.local/lib/python3.12/site-packages/airflow/example_dags/example_sensors.py
[2026-04-10T00:22:48.140+0000] {processor.py:914} INFO - Processing file /home/airflow/.local/lib/python3.12/site-packages/airflow/example_dags/example_sensors.py for tasks to queue
[2026-04-10T00:22:48.141+0000] {logging_mixin.py:190} INFO - [2026-04-10T00:22:48.141+0000] {dagbag.py:588} INFO - Filling up the DagBag from /home/airflow/.local/lib/python3.12/site-packages/airflow/example_dags/example_sensors.py
[2026-04-10T00:22:48.147+0000] {processor.py:925} INFO - DAG(s) 'example_sensors' retrieved from /home/airflow/.local/lib/python3.12/site-packages/airflow/example_dags/example_sensors.py
[2026-04-10T00:22:48.160+0000] {logging_mixin.py:190} INFO - [2026-04-10T00:22:48.160+0000] {dag.py:3239} INFO - Sync 1 DAGs
[2026-04-10T00:22:48.169+0000] {logging_mixin.py:190} INFO - [2026-04-10T00:22:48.169+0000] {dag.py:4180} INFO - Setting next_dagrun for example_sensors to None, run_after=None
[2026-04-10T00:22:48.181+0000] {processor.py:208} INFO - Processing /home/airflow/.local/lib/python3.12/site-packages/airflow/example_dags/example_sensors.py took 0.044 seconds
[2026-04-10T00:23:18.938+0000] {processor.py:186} INFO - Started process (PID=78693) to work on /home/airflow/.local/lib/python3.12/site-packages/airflow/example_dags/example_sensors.py
[2026-04-10T00:23:18.939+0000] {processor.py:914} INFO - Processing file /home/airflow/.local/lib/python3.12/site-packages/airflow/example_dags/example_sensors.py for tasks to queue
[2026-04-10T00:23:18.939+0000] {logging_mixin.py:190} INFO - [2026-04-10T00:23:18.939+0000] {dagbag.py:588} INFO - Filling up the DagBag from /home/airflow/.local/lib/python3.12/site-packages/airflow/example_dags/example_sensors.py
[2026-04-10T00:23:18.945+0000] {processor.py:925} INFO - DAG(s) 'example_sensors' retrieved from /home/airflow/.local/lib/python3.12/site-packages/airflow/example_dags/example_sensors.py
[2026-04-10T00:23:19.007+0000] {logging_mixin.py:190} INFO - [2026-04-10T00:23:19.007+0000] {dag.py:3239} INFO - Sync 1 DAGs
[2026-04-10T00:23:19.013+0000] {logging_mixin.py:190} INFO - [2026-04-10T00:23:19.013+0000] {dag.py:4180} INFO - Setting next_dagrun for example_sensors to None, run_after=None
[2026-04-10T00:23:19.020+0000] {processor.py:208} INFO - Processing /home/airflow/.local/lib/python3.12/site-packages/airflow/example_dags/example_sensors.py took 0.085 seconds
[2026-04-10T00:38:49.001+0000] {processor.py:186} INFO - Started process (PID=78757) to work on /home/airflow/.local/lib/python3.12/site-packages/airflow/example_dags/example_sensors.py
[2026-04-10T00:38:49.002+0000] {processor.py:914} INFO - Processing file /home/airflow/.local/lib/python3.12/site-packages/airflow/example_dags/example_sensors.py for tasks to queue
[2026-04-10T00:38:49.003+0000] {logging_mixin.py:190} INFO - [2026-04-10T00:38:49.003+0000] {dagbag.py:588} INFO - Filling up the DagBag from /home/airflow/.local/lib/python3.12/site-packages/airflow/example_dags/example_sensors.py
[2026-04-10T00:38:49.009+0000] {processor.py:925} INFO - DAG(s) 'example_sensors' retrieved from /home/airflow/.local/lib/python3.12/site-packages/airflow/example_dags/example_sensors.py
[2026-04-10T00:38:49.025+0000] {logging_mixin.py:190} INFO - [2026-04-10T00:38:49.025+0000] {dag.py:3239} INFO - Sync 1 DAGs
[2026-04-10T00:38:49.031+0000] {logging_mixin.py:190} INFO - [2026-04-10T00:38:49.031+0000] {dag.py:4180} INFO - Setting next_dagrun for example_sensors to None, run_after=None
[2026-04-10T00:38:49.042+0000] {processor.py:208} INFO - Processing /home/airflow/.local/lib/python3.12/site-packages/airflow/example_dags/example_sensors.py took 0.043 seconds
[2026-04-10T00:41:53.356+0000] {processor.py:186} INFO - Started process (PID=78821) to work on /home/airflow/.local/lib/python3.12/site-packages/airflow/example_dags/example_sensors.py
[2026-04-10T00:41:53.357+0000] {processor.py:914} INFO - Processing file /home/airflow/.local/lib/python3.12/site-packages/airflow/example_dags/example_sensors.py for tasks to queue
[2026-04-10T00:41:53.357+0000] {logging_mixin.py:190} INFO - [2026-04-10T00:41:53.357+0000] {dagbag.py:588} INFO - Filling up the DagBag from /home/airflow/.local/lib/python3.12/site-packages/airflow/example_dags/example_sensors.py
[2026-04-10T00:41:53.364+0000] {processor.py:925} INFO - DAG(s) 'example_sensors' retrieved from /home/airflow/.local/lib/python3.12/site-packages/airflow/example_dags/example_sensors.py
[2026-04-10T00:41:53.378+0000] {logging_mixin.py:190} INFO - [2026-04-10T00:41:53.377+0000] {dag.py:3239} INFO - Sync 1 DAGs
[2026-04-10T00:41:53.384+0000] {logging_mixin.py:190} INFO - [2026-04-10T00:41:53.384+0000] {dag.py:4180} INFO - Setting next_dagrun for example_sensors to None, run_after=None
[2026-04-10T00:41:53.391+0000] {processor.py:208} INFO - Processing /home/airflow/.local/lib/python3.12/site-packages/airflow/example_dags/example_sensors.py took 0.038 seconds
[2026-04-10T00:42:24.672+0000] {processor.py:186} INFO - Started process (PID=78885) to work on /home/airflow/.local/lib/python3.12/site-packages/airflow/example_dags/example_sensors.py
[2026-04-10T00:42:24.673+0000] {processor.py:914} INFO - Processing file /home/airflow/.local/lib/python3.12/site-packages/airflow/example_dags/example_sensors.py for tasks to queue
[2026-04-10T00:42:24.673+0000] {logging_mixin.py:190} INFO - [2026-04-10T00:42:24.673+0000] {dagbag.py:588} INFO - Filling up the DagBag from /home/airflow/.local/lib/python3.12/site-packages/airflow/example_dags/example_sensors.py
[2026-04-10T00:42:24.678+0000] {processor.py:925} INFO - DAG(s) 'example_sensors' retrieved from /home/airflow/.local/lib/python3.12/site-packages/airflow/example_dags/example_sensors.py
[2026-04-10T00:42:24.687+0000] {logging_mixin.py:190} INFO - [2026-04-10T00:42:24.687+0000] {dag.py:3239} INFO - Sync 1 DAGs
[2026-04-10T00:42:24.692+0000] {logging_mixin.py:190} INFO - [2026-04-10T00:42:24.692+0000] {dag.py:4180} INFO - Setting next_dagrun for example_sensors to None, run_after=None
[2026-04-10T00:42:24.698+0000] {processor.py:208} INFO - Processing /home/airflow/.local/lib/python3.12/site-packages/airflow/example_dags/example_sensors.py took 0.028 seconds
[2026-04-10T00:57:55.052+0000] {processor.py:186} INFO - Started process (PID=78949) to work on /home/airflow/.local/lib/python3.12/site-packages/airflow/example_dags/example_sensors.py
[2026-04-10T00:57:55.053+0000] {processor.py:914} INFO - Processing file /home/airflow/.local/lib/python3.12/site-packages/airflow/example_dags/example_sensors.py for tasks to queue
[2026-04-10T00:57:55.053+0000] {logging_mixin.py:190} INFO - [2026-04-10T00:57:55.053+0000] {dagbag.py:588} INFO - Filling up the DagBag from /home/airflow/.local/lib/python3.12/site-packages/airflow/example_dags/example_sensors.py
[2026-04-10T00:57:55.058+0000] {processor.py:925} INFO - DAG(s) 'example_sensors' retrieved from /home/airflow/.local/lib/python3.12/site-packages/airflow/example_dags/example_sensors.py
[2026-04-10T00:57:55.069+0000] {logging_mixin.py:190} INFO - [2026-04-10T00:57:55.069+0000] {dag.py:3239} INFO - Sync 1 DAGs
[2026-04-10T00:57:55.075+0000] {logging_mixin.py:190} INFO - [2026-04-10T00:57:55.075+0000] {dag.py:4180} INFO - Setting next_dagrun for example_sensors to None, run_after=None
[2026-04-10T00:57:55.081+0000] {processor.py:208} INFO - Processing /home/airflow/.local/lib/python3.12/site-packages/airflow/example_dags/example_sensors.py took 0.031 seconds
[2026-04-10T01:13:27.428+0000] {processor.py:186} INFO - Started process (PID=79013) to work on /home/airflow/.local/lib/python3.12/site-packages/airflow/example_dags/example_sensors.py
[2026-04-10T01:13:27.431+0000] {processor.py:914} INFO - Processing file /home/airflow/.local/lib/python3.12/site-packages/airflow/example_dags/example_sensors.py for tasks to queue
[2026-04-10T01:13:27.433+0000] {logging_mixin.py:190} INFO - [2026-04-10T01:13:27.433+0000] {dagbag.py:588} INFO - Filling up the DagBag from /home/airflow/.local/lib/python3.12/site-packages/airflow/example_dags/example_sensors.py
[2026-04-10T01:13:27.501+0000] {processor.py:925} INFO - DAG(s) 'example_sensors' retrieved from /home/airflow/.local/lib/python3.12/site-packages/airflow/example_dags/example_sensors.py
[2026-04-10T01:13:27.608+0000] {logging_mixin.py:190} INFO - [2026-04-10T01:13:27.607+0000] {dag.py:3239} INFO - Sync 1 DAGs
[2026-04-10T01:13:27.634+0000] {logging_mixin.py:190} INFO - [2026-04-10T01:13:27.634+0000] {dag.py:4180} INFO - Setting next_dagrun for example_sensors to None, run_after=None
[2026-04-10T01:13:27.669+0000] {processor.py:208} INFO - Processing /home/airflow/.local/lib/python3.12/site-packages/airflow/example_dags/example_sensors.py took 0.297 seconds
[2026-04-10T01:13:57.918+0000] {processor.py:186} INFO - Started process (PID=79076) to work on /home/airflow/.local/lib/python3.12/site-packages/airflow/example_dags/example_sensors.py
[2026-04-10T01:13:57.918+0000] {processor.py:914} INFO - Processing file /home/airflow/.local/lib/python3.12/site-packages/airflow/example_dags/example_sensors.py for tasks to queue
[2026-04-10T01:13:57.919+0000] {logging_mixin.py:190} INFO - [2026-04-10T01:13:57.919+0000] {dagbag.py:588} INFO - Filling up the DagBag from /home/airflow/.local/lib/python3.12/site-packages/airflow/example_dags/example_sensors.py
[2026-04-10T01:13:57.923+0000] {processor.py:925} INFO - DAG(s) 'example_sensors' retrieved from /home/airflow/.local/lib/python3.12/site-packages/airflow/example_dags/example_sensors.py
[2026-04-10T01:13:57.931+0000] {logging_mixin.py:190} INFO - [2026-04-10T01:13:57.931+0000] {dag.py:3239} INFO - Sync 1 DAGs
[2026-04-10T01:13:57.935+0000] {logging_mixin.py:190} INFO - [2026-04-10T01:13:57.935+0000] {dag.py:4180} INFO - Setting next_dagrun for example_sensors to None, run_after=None
[2026-04-10T01:13:57.940+0000] {processor.py:208} INFO - Processing /home/airflow/.local/lib/python3.12/site-packages/airflow/example_dags/example_sensors.py took 0.024 seconds
[2026-04-10T01:29:26.413+0000] {processor.py:186} INFO - Started process (PID=79140) to work on /home/airflow/.local/lib/python3.12/site-packages/airflow/example_dags/example_sensors.py
[2026-04-10T01:29:26.413+0000] {processor.py:914} INFO - Processing file /home/airflow/.local/lib/python3.12/site-packages/airflow/example_dags/example_sensors.py for tasks to queue
[2026-04-10T01:29:26.414+0000] {logging_mixin.py:190} INFO - [2026-04-10T01:29:26.414+0000] {dagbag.py:588} INFO - Filling up the DagBag from /home/airflow/.local/lib/python3.12/site-packages/airflow/example_dags/example_sensors.py
[2026-04-10T01:29:26.419+0000] {processor.py:925} INFO - DAG(s) 'example_sensors' retrieved from /home/airflow/.local/lib/python3.12/site-packages/airflow/example_dags/example_sensors.py
[2026-04-10T01:29:26.432+0000] {logging_mixin.py:190} INFO - [2026-04-10T01:29:26.432+0000] {dag.py:3239} INFO - Sync 1 DAGs
[2026-04-10T01:29:26.438+0000] {logging_mixin.py:190} INFO - [2026-04-10T01:29:26.438+0000] {dag.py:4180} INFO - Setting next_dagrun for example_sensors to None, run_after=None
[2026-04-10T01:29:26.450+0000] {processor.py:208} INFO - Processing /home/airflow/.local/lib/python3.12/site-packages/airflow/example_dags/example_sensors.py took 0.040 seconds
[2026-04-10T01:29:56.868+0000] {processor.py:186} INFO - Started process (PID=79204) to work on /home/airflow/.local/lib/python3.12/site-packages/airflow/example_dags/example_sensors.py
[2026-04-10T01:29:56.869+0000] {processor.py:914} INFO - Processing file /home/airflow/.local/lib/python3.12/site-packages/airflow/example_dags/example_sensors.py for tasks to queue
[2026-04-10T01:29:56.869+0000] {logging_mixin.py:190} INFO - [2026-04-10T01:29:56.869+0000] {dagbag.py:588} INFO - Filling up the DagBag from /home/airflow/.local/lib/python3.12/site-packages/airflow/example_dags/example_sensors.py
[2026-04-10T01:29:56.874+0000] {processor.py:925} INFO - DAG(s) 'example_sensors' retrieved from /home/airflow/.local/lib/python3.12/site-packages/airflow/example_dags/example_sensors.py
[2026-04-10T01:29:56.885+0000] {logging_mixin.py:190} INFO - [2026-04-10T01:29:56.885+0000] {dag.py:3239} INFO - Sync 1 DAGs
[2026-04-10T01:29:56.890+0000] {logging_mixin.py:190} INFO - [2026-04-10T01:29:56.890+0000] {dag.py:4180} INFO - Setting next_dagrun for example_sensors to None, run_after=None
[2026-04-10T01:29:56.902+0000] {processor.py:208} INFO - Processing /home/airflow/.local/lib/python3.12/site-packages/airflow/example_dags/example_sensors.py took 0.036 seconds
[2026-04-10T01:43:16.179+0000] {processor.py:186} INFO - Started process (PID=79268) to work on /home/airflow/.local/lib/python3.12/site-packages/airflow/example_dags/example_sensors.py
[2026-04-10T01:43:16.180+0000] {processor.py:914} INFO - Processing file /home/airflow/.local/lib/python3.12/site-packages/airflow/example_dags/example_sensors.py for tasks to queue
[2026-04-10T01:43:16.180+0000] {logging_mixin.py:190} INFO - [2026-04-10T01:43:16.180+0000] {dagbag.py:588} INFO - Filling up the DagBag from /home/airflow/.local/lib/python3.12/site-packages/airflow/example_dags/example_sensors.py
[2026-04-10T01:43:16.184+0000] {processor.py:925} INFO - DAG(s) 'example_sensors' retrieved from /home/airflow/.local/lib/python3.12/site-packages/airflow/example_dags/example_sensors.py
[2026-04-10T01:43:16.193+0000] {logging_mixin.py:190} INFO - [2026-04-10T01:43:16.193+0000] {dag.py:3239} INFO - Sync 1 DAGs
[2026-04-10T01:43:16.197+0000] {logging_mixin.py:190} INFO - [2026-04-10T01:43:16.197+0000] {dag.py:4180} INFO - Setting next_dagrun for example_sensors to None, run_after=None
[2026-04-10T01:43:16.208+0000] {processor.py:208} INFO - Processing /home/airflow/.local/lib/python3.12/site-packages/airflow/example_dags/example_sensors.py took 0.031 seconds
[2026-04-10T01:58:48.037+0000] {processor.py:186} INFO - Started process (PID=79332) to work on /home/airflow/.local/lib/python3.12/site-packages/airflow/example_dags/example_sensors.py
[2026-04-10T01:58:48.038+0000] {processor.py:914} INFO - Processing file /home/airflow/.local/lib/python3.12/site-packages/airflow/example_dags/example_sensors.py for tasks to queue
[2026-04-10T01:58:48.038+0000] {logging_mixin.py:190} INFO - [2026-04-10T01:58:48.038+0000] {dagbag.py:588} INFO - Filling up the DagBag from /home/airflow/.local/lib/python3.12/site-packages/airflow/example_dags/example_sensors.py
[2026-04-10T01:58:48.044+0000] {processor.py:925} INFO - DAG(s) 'example_sensors' retrieved from /home/airflow/.local/lib/python3.12/site-packages/airflow/example_dags/example_sensors.py
[2026-04-10T01:58:48.057+0000] {logging_mixin.py:190} INFO - [2026-04-10T01:58:48.057+0000] {dag.py:3239} INFO - Sync 1 DAGs
[2026-04-10T01:58:48.062+0000] {logging_mixin.py:190} INFO - [2026-04-10T01:58:48.062+0000] {dag.py:4180} INFO - Setting next_dagrun for example_sensors to None, run_after=None
[2026-04-10T01:58:48.075+0000] {processor.py:208} INFO - Processing /home/airflow/.local/lib/python3.12/site-packages/airflow/example_dags/example_sensors.py took 0.040 seconds
[2026-04-10T01:59:19.352+0000] {processor.py:186} INFO - Started process (PID=79396) to work on /home/airflow/.local/lib/python3.12/site-packages/airflow/example_dags/example_sensors.py
[2026-04-10T01:59:19.353+0000] {processor.py:914} INFO - Processing file /home/airflow/.local/lib/python3.12/site-packages/airflow/example_dags/example_sensors.py for tasks to queue
[2026-04-10T01:59:19.354+0000] {logging_mixin.py:190} INFO - [2026-04-10T01:59:19.354+0000] {dagbag.py:588} INFO - Filling up the DagBag from /home/airflow/.local/lib/python3.12/site-packages/airflow/example_dags/example_sensors.py
[2026-04-10T01:59:19.359+0000] {processor.py:925} INFO - DAG(s) 'example_sensors' retrieved from /home/airflow/.local/lib/python3.12/site-packages/airflow/example_dags/example_sensors.py
[2026-04-10T01:59:19.368+0000] {logging_mixin.py:190} INFO - [2026-04-10T01:59:19.368+0000] {dag.py:3239} INFO - Sync 1 DAGs
[2026-04-10T01:59:19.373+0000] {logging_mixin.py:190} INFO - [2026-04-10T01:59:19.373+0000] {dag.py:4180} INFO - Setting next_dagrun for example_sensors to None, run_after=None
[2026-04-10T01:59:19.383+0000] {processor.py:208} INFO - Processing /home/airflow/.local/lib/python3.12/site-packages/airflow/example_dags/example_sensors.py took 0.033 seconds
[2026-04-10T02:14:51.752+0000] {processor.py:186} INFO - Started process (PID=79460) to work on /home/airflow/.local/lib/python3.12/site-packages/airflow/example_dags/example_sensors.py
[2026-04-10T02:14:51.753+0000] {processor.py:914} INFO - Processing file /home/airflow/.local/lib/python3.12/site-packages/airflow/example_dags/example_sensors.py for tasks to queue
[2026-04-10T02:14:51.753+0000] {logging_mixin.py:190} INFO - [2026-04-10T02:14:51.753+0000] {dagbag.py:588} INFO - Filling up the DagBag from /home/airflow/.local/lib/python3.12/site-packages/airflow/example_dags/example_sensors.py
[2026-04-10T02:14:51.758+0000] {processor.py:925} INFO - DAG(s) 'example_sensors' retrieved from /home/airflow/.local/lib/python3.12/site-packages/airflow/example_dags/example_sensors.py
[2026-04-10T02:14:51.771+0000] {logging_mixin.py:190} INFO - [2026-04-10T02:14:51.771+0000] {dag.py:3239} INFO - Sync 1 DAGs
[2026-04-10T02:14:51.776+0000] {logging_mixin.py:190} INFO - [2026-04-10T02:14:51.776+0000] {dag.py:4180} INFO - Setting next_dagrun for example_sensors to None, run_after=None
[2026-04-10T02:14:51.787+0000] {processor.py:208} INFO - Processing /home/airflow/.local/lib/python3.12/site-packages/airflow/example_dags/example_sensors.py took 0.036 seconds
[2026-04-10T02:20:02.155+0000] {processor.py:186} INFO - Started process (PID=79524) to work on /home/airflow/.local/lib/python3.12/site-packages/airflow/example_dags/example_sensors.py
[2026-04-10T02:20:02.159+0000] {processor.py:914} INFO - Processing file /home/airflow/.local/lib/python3.12/site-packages/airflow/example_dags/example_sensors.py for tasks to queue
[2026-04-10T02:20:02.160+0000] {logging_mixin.py:190} INFO - [2026-04-10T02:20:02.160+0000] {dagbag.py:588} INFO - Filling up the DagBag from /home/airflow/.local/lib/python3.12/site-packages/airflow/example_dags/example_sensors.py
[2026-04-10T02:20:02.168+0000] {processor.py:925} INFO - DAG(s) 'example_sensors' retrieved from /home/airflow/.local/lib/python3.12/site-packages/airflow/example_dags/example_sensors.py
[2026-04-10T02:20:02.187+0000] {logging_mixin.py:190} INFO - [2026-04-10T02:20:02.187+0000] {dag.py:3239} INFO - Sync 1 DAGs
[2026-04-10T02:20:02.194+0000] {logging_mixin.py:190} INFO - [2026-04-10T02:20:02.194+0000] {dag.py:4180} INFO - Setting next_dagrun for example_sensors to None, run_after=None
[2026-04-10T02:20:02.203+0000] {processor.py:208} INFO - Processing /home/airflow/.local/lib/python3.12/site-packages/airflow/example_dags/example_sensors.py took 0.051 seconds
[2026-04-10T02:20:32.942+0000] {processor.py:186} INFO - Started process (PID=79588) to work on /home/airflow/.local/lib/python3.12/site-packages/airflow/example_dags/example_sensors.py
[2026-04-10T02:20:32.944+0000] {processor.py:914} INFO - Processing file /home/airflow/.local/lib/python3.12/site-packages/airflow/example_dags/example_sensors.py for tasks to queue
[2026-04-10T02:20:32.946+0000] {logging_mixin.py:190} INFO - [2026-04-10T02:20:32.946+0000] {dagbag.py:588} INFO - Filling up the DagBag from /home/airflow/.local/lib/python3.12/site-packages/airflow/example_dags/example_sensors.py
[2026-04-10T02:20:32.950+0000] {processor.py:925} INFO - DAG(s) 'example_sensors' retrieved from /home/airflow/.local/lib/python3.12/site-packages/airflow/example_dags/example_sensors.py
[2026-04-10T02:20:32.959+0000] {logging_mixin.py:190} INFO - [2026-04-10T02:20:32.959+0000] {dag.py:3239} INFO - Sync 1 DAGs
[2026-04-10T02:20:32.964+0000] {logging_mixin.py:190} INFO - [2026-04-10T02:20:32.964+0000] {dag.py:4180} INFO - Setting next_dagrun for example_sensors to None, run_after=None
[2026-04-10T02:20:32.970+0000] {processor.py:208} INFO - Processing /home/airflow/.local/lib/python3.12/site-packages/airflow/example_dags/example_sensors.py took 0.030 seconds
[2026-04-10T02:38:21.841+0000] {processor.py:186} INFO - Started process (PID=79652) to work on /home/airflow/.local/lib/python3.12/site-packages/airflow/example_dags/example_sensors.py
[2026-04-10T02:38:21.842+0000] {processor.py:914} INFO - Processing file /home/airflow/.local/lib/python3.12/site-packages/airflow/example_dags/example_sensors.py for tasks to queue
[2026-04-10T02:38:21.842+0000] {logging_mixin.py:190} INFO - [2026-04-10T02:38:21.842+0000] {dagbag.py:588} INFO - Filling up the DagBag from /home/airflow/.local/lib/python3.12/site-packages/airflow/example_dags/example_sensors.py
[2026-04-10T02:38:21.847+0000] {processor.py:925} INFO - DAG(s) 'example_sensors' retrieved from /home/airflow/.local/lib/python3.12/site-packages/airflow/example_dags/example_sensors.py
[2026-04-10T02:38:21.858+0000] {logging_mixin.py:190} INFO - [2026-04-10T02:38:21.858+0000] {dag.py:3239} INFO - Sync 1 DAGs
[2026-04-10T02:38:21.863+0000] {logging_mixin.py:190} INFO - [2026-04-10T02:38:21.863+0000] {dag.py:4180} INFO - Setting next_dagrun for example_sensors to None, run_after=None
[2026-04-10T02:38:21.872+0000] {processor.py:208} INFO - Processing /home/airflow/.local/lib/python3.12/site-packages/airflow/example_dags/example_sensors.py took 0.034 seconds
[2026-04-10T02:44:08.755+0000] {processor.py:186} INFO - Started process (PID=79716) to work on /home/airflow/.local/lib/python3.12/site-packages/airflow/example_dags/example_sensors.py
[2026-04-10T02:44:08.756+0000] {processor.py:914} INFO - Processing file /home/airflow/.local/lib/python3.12/site-packages/airflow/example_dags/example_sensors.py for tasks to queue
[2026-04-10T02:44:08.757+0000] {logging_mixin.py:190} INFO - [2026-04-10T02:44:08.757+0000] {dagbag.py:588} INFO - Filling up the DagBag from /home/airflow/.local/lib/python3.12/site-packages/airflow/example_dags/example_sensors.py
[2026-04-10T02:44:08.761+0000] {processor.py:925} INFO - DAG(s) 'example_sensors' retrieved from /home/airflow/.local/lib/python3.12/site-packages/airflow/example_dags/example_sensors.py
[2026-04-10T02:44:08.770+0000] {logging_mixin.py:190} INFO - [2026-04-10T02:44:08.770+0000] {dag.py:3239} INFO - Sync 1 DAGs
[2026-04-10T02:44:08.775+0000] {logging_mixin.py:190} INFO - [2026-04-10T02:44:08.775+0000] {dag.py:4180} INFO - Setting next_dagrun for example_sensors to None, run_after=None
[2026-04-10T02:44:08.787+0000] {processor.py:208} INFO - Processing /home/airflow/.local/lib/python3.12/site-packages/airflow/example_dags/example_sensors.py took 0.035 seconds
[2026-04-10T02:59:40.310+0000] {processor.py:186} INFO - Started process (PID=79780) to work on /home/airflow/.local/lib/python3.12/site-packages/airflow/example_dags/example_sensors.py
[2026-04-10T02:59:40.310+0000] {processor.py:914} INFO - Processing file /home/airflow/.local/lib/python3.12/site-packages/airflow/example_dags/example_sensors.py for tasks to queue
[2026-04-10T02:59:40.310+0000] {logging_mixin.py:190} INFO - [2026-04-10T02:59:40.310+0000] {dagbag.py:588} INFO - Filling up the DagBag from /home/airflow/.local/lib/python3.12/site-packages/airflow/example_dags/example_sensors.py
[2026-04-10T02:59:40.315+0000] {processor.py:925} INFO - DAG(s) 'example_sensors' retrieved from /home/airflow/.local/lib/python3.12/site-packages/airflow/example_dags/example_sensors.py
[2026-04-10T02:59:40.324+0000] {logging_mixin.py:190} INFO - [2026-04-10T02:59:40.324+0000] {dag.py:3239} INFO - Sync 1 DAGs
[2026-04-10T02:59:40.329+0000] {logging_mixin.py:190} INFO - [2026-04-10T02:59:40.329+0000] {dag.py:4180} INFO - Setting next_dagrun for example_sensors to None, run_after=None
[2026-04-10T02:59:40.334+0000] {processor.py:208} INFO - Processing /home/airflow/.local/lib/python3.12/site-packages/airflow/example_dags/example_sensors.py took 0.027 seconds
[2026-04-10T03:00:10.643+0000] {processor.py:186} INFO - Started process (PID=79844) to work on /home/airflow/.local/lib/python3.12/site-packages/airflow/example_dags/example_sensors.py
[2026-04-10T03:00:10.643+0000] {processor.py:914} INFO - Processing file /home/airflow/.local/lib/python3.12/site-packages/airflow/example_dags/example_sensors.py for tasks to queue
[2026-04-10T03:00:10.643+0000] {logging_mixin.py:190} INFO - [2026-04-10T03:00:10.643+0000] {dagbag.py:588} INFO - Filling up the DagBag from /home/airflow/.local/lib/python3.12/site-packages/airflow/example_dags/example_sensors.py
[2026-04-10T03:00:10.648+0000] {processor.py:925} INFO - DAG(s) 'example_sensors' retrieved from /home/airflow/.local/lib/python3.12/site-packages/airflow/example_dags/example_sensors.py
[2026-04-10T03:00:10.662+0000] {logging_mixin.py:190} INFO - [2026-04-10T03:00:10.661+0000] {dag.py:3239} INFO - Sync 1 DAGs
[2026-04-10T03:00:10.666+0000] {logging_mixin.py:190} INFO - [2026-04-10T03:00:10.666+0000] {dag.py:4180} INFO - Setting next_dagrun for example_sensors to None, run_after=None
[2026-04-10T03:00:10.677+0000] {processor.py:208} INFO - Processing /home/airflow/.local/lib/python3.12/site-packages/airflow/example_dags/example_sensors.py took 0.036 seconds
[2026-04-10T03:15:41.453+0000] {processor.py:186} INFO - Started process (PID=79908) to work on /home/airflow/.local/lib/python3.12/site-packages/airflow/example_dags/example_sensors.py
[2026-04-10T03:15:41.453+0000] {processor.py:914} INFO - Processing file /home/airflow/.local/lib/python3.12/site-packages/airflow/example_dags/example_sensors.py for tasks to queue
[2026-04-10T03:15:41.454+0000] {logging_mixin.py:190} INFO - [2026-04-10T03:15:41.453+0000] {dagbag.py:588} INFO - Filling up the DagBag from /home/airflow/.local/lib/python3.12/site-packages/airflow/example_dags/example_sensors.py
[2026-04-10T03:15:41.458+0000] {processor.py:925} INFO - DAG(s) 'example_sensors' retrieved from /home/airflow/.local/lib/python3.12/site-packages/airflow/example_dags/example_sensors.py
[2026-04-10T03:15:41.473+0000] {logging_mixin.py:190} INFO - [2026-04-10T03:15:41.472+0000] {dag.py:3239} INFO - Sync 1 DAGs
[2026-04-10T03:15:41.478+0000] {logging_mixin.py:190} INFO - [2026-04-10T03:15:41.478+0000] {dag.py:4180} INFO - Setting next_dagrun for example_sensors to None, run_after=None
[2026-04-10T03:15:41.489+0000] {processor.py:208} INFO - Processing /home/airflow/.local/lib/python3.12/site-packages/airflow/example_dags/example_sensors.py took 0.038 seconds
[2026-04-10T03:23:20.621+0000] {processor.py:186} INFO - Started process (PID=79972) to work on /home/airflow/.local/lib/python3.12/site-packages/airflow/example_dags/example_sensors.py
[2026-04-10T03:23:20.623+0000] {processor.py:914} INFO - Processing file /home/airflow/.local/lib/python3.12/site-packages/airflow/example_dags/example_sensors.py for tasks to queue
[2026-04-10T03:23:20.624+0000] {logging_mixin.py:190} INFO - [2026-04-10T03:23:20.624+0000] {dagbag.py:588} INFO - Filling up the DagBag from /home/airflow/.local/lib/python3.12/site-packages/airflow/example_dags/example_sensors.py
[2026-04-10T03:23:20.629+0000] {processor.py:925} INFO - DAG(s) 'example_sensors' retrieved from /home/airflow/.local/lib/python3.12/site-packages/airflow/example_dags/example_sensors.py
[2026-04-10T03:23:20.638+0000] {logging_mixin.py:190} INFO - [2026-04-10T03:23:20.638+0000] {dag.py:3239} INFO - Sync 1 DAGs
[2026-04-10T03:23:20.644+0000] {logging_mixin.py:190} INFO - [2026-04-10T03:23:20.644+0000] {dag.py:4180} INFO - Setting next_dagrun for example_sensors to None, run_after=None
[2026-04-10T03:23:20.650+0000] {processor.py:208} INFO - Processing /home/airflow/.local/lib/python3.12/site-packages/airflow/example_dags/example_sensors.py took 0.032 seconds
[2026-04-10T03:23:51.491+0000] {processor.py:186} INFO - Started process (PID=80036) to work on /home/airflow/.local/lib/python3.12/site-packages/airflow/example_dags/example_sensors.py
[2026-04-10T03:23:51.491+0000] {processor.py:914} INFO - Processing file /home/airflow/.local/lib/python3.12/site-packages/airflow/example_dags/example_sensors.py for tasks to queue
[2026-04-10T03:23:51.492+0000] {logging_mixin.py:190} INFO - [2026-04-10T03:23:51.491+0000] {dagbag.py:588} INFO - Filling up the DagBag from /home/airflow/.local/lib/python3.12/site-packages/airflow/example_dags/example_sensors.py
[2026-04-10T03:23:51.497+0000] {processor.py:925} INFO - DAG(s) 'example_sensors' retrieved from /home/airflow/.local/lib/python3.12/site-packages/airflow/example_dags/example_sensors.py
[2026-04-10T03:23:51.509+0000] {logging_mixin.py:190} INFO - [2026-04-10T03:23:51.509+0000] {dag.py:3239} INFO - Sync 1 DAGs
[2026-04-10T03:23:51.515+0000] {logging_mixin.py:190} INFO - [2026-04-10T03:23:51.515+0000] {dag.py:4180} INFO - Setting next_dagrun for example_sensors to None, run_after=None
[2026-04-10T03:23:51.526+0000] {processor.py:208} INFO - Processing /home/airflow/.local/lib/python3.12/site-packages/airflow/example_dags/example_sensors.py took 0.038 seconds
[2026-04-10T03:24:22.118+0000] {processor.py:186} INFO - Started process (PID=80100) to work on /home/airflow/.local/lib/python3.12/site-packages/airflow/example_dags/example_sensors.py
[2026-04-10T03:24:22.119+0000] {processor.py:914} INFO - Processing file /home/airflow/.local/lib/python3.12/site-packages/airflow/example_dags/example_sensors.py for tasks to queue
[2026-04-10T03:24:22.120+0000] {logging_mixin.py:190} INFO - [2026-04-10T03:24:22.120+0000] {dagbag.py:588} INFO - Filling up the DagBag from /home/airflow/.local/lib/python3.12/site-packages/airflow/example_dags/example_sensors.py
[2026-04-10T03:24:22.125+0000] {processor.py:925} INFO - DAG(s) 'example_sensors' retrieved from /home/airflow/.local/lib/python3.12/site-packages/airflow/example_dags/example_sensors.py
[2026-04-10T03:24:22.134+0000] {logging_mixin.py:190} INFO - [2026-04-10T03:24:22.134+0000] {dag.py:3239} INFO - Sync 1 DAGs
[2026-04-10T03:24:22.140+0000] {logging_mixin.py:190} INFO - [2026-04-10T03:24:22.140+0000] {dag.py:4180} INFO - Setting next_dagrun for example_sensors to None, run_after=None
[2026-04-10T03:24:22.154+0000] {processor.py:208} INFO - Processing /home/airflow/.local/lib/python3.12/site-packages/airflow/example_dags/example_sensors.py took 0.038 seconds
[2026-04-10T03:24:52.485+0000] {processor.py:186} INFO - Started process (PID=80164) to work on /home/airflow/.local/lib/python3.12/site-packages/airflow/example_dags/example_sensors.py
[2026-04-10T03:24:52.486+0000] {processor.py:914} INFO - Processing file /home/airflow/.local/lib/python3.12/site-packages/airflow/example_dags/example_sensors.py for tasks to queue
[2026-04-10T03:24:52.486+0000] {logging_mixin.py:190} INFO - [2026-04-10T03:24:52.486+0000] {dagbag.py:588} INFO - Filling up the DagBag from /home/airflow/.local/lib/python3.12/site-packages/airflow/example_dags/example_sensors.py
[2026-04-10T03:24:52.491+0000] {processor.py:925} INFO - DAG(s) 'example_sensors' retrieved from /home/airflow/.local/lib/python3.12/site-packages/airflow/example_dags/example_sensors.py
[2026-04-10T03:24:52.499+0000] {logging_mixin.py:190} INFO - [2026-04-10T03:24:52.499+0000] {dag.py:3239} INFO - Sync 1 DAGs
[2026-04-10T03:24:52.503+0000] {logging_mixin.py:190} INFO - [2026-04-10T03:24:52.503+0000] {dag.py:4180} INFO - Setting next_dagrun for example_sensors to None, run_after=None
[2026-04-10T03:24:52.508+0000] {processor.py:208} INFO - Processing /home/airflow/.local/lib/python3.12/site-packages/airflow/example_dags/example_sensors.py took 0.025 seconds
[2026-04-10T03:25:22.952+0000] {processor.py:186} INFO - Started process (PID=80228) to work on /home/airflow/.local/lib/python3.12/site-packages/airflow/example_dags/example_sensors.py
[2026-04-10T03:25:22.952+0000] {processor.py:914} INFO - Processing file /home/airflow/.local/lib/python3.12/site-packages/airflow/example_dags/example_sensors.py for tasks to queue
[2026-04-10T03:25:22.953+0000] {logging_mixin.py:190} INFO - [2026-04-10T03:25:22.953+0000] {dagbag.py:588} INFO - Filling up the DagBag from /home/airflow/.local/lib/python3.12/site-packages/airflow/example_dags/example_sensors.py
[2026-04-10T03:25:22.958+0000] {processor.py:925} INFO - DAG(s) 'example_sensors' retrieved from /home/airflow/.local/lib/python3.12/site-packages/airflow/example_dags/example_sensors.py
[2026-04-10T03:25:22.971+0000] {logging_mixin.py:190} INFO - [2026-04-10T03:25:22.971+0000] {dag.py:3239} INFO - Sync 1 DAGs
[2026-04-10T03:25:22.976+0000] {logging_mixin.py:190} INFO - [2026-04-10T03:25:22.976+0000] {dag.py:4180} INFO - Setting next_dagrun for example_sensors to None, run_after=None
[2026-04-10T03:25:22.989+0000] {processor.py:208} INFO - Processing /home/airflow/.local/lib/python3.12/site-packages/airflow/example_dags/example_sensors.py took 0.039 seconds
[2026-04-10T03:25:53.423+0000] {processor.py:186} INFO - Started process (PID=80292) to work on /home/airflow/.local/lib/python3.12/site-packages/airflow/example_dags/example_sensors.py
[2026-04-10T03:25:53.423+0000] {processor.py:914} INFO - Processing file /home/airflow/.local/lib/python3.12/site-packages/airflow/example_dags/example_sensors.py for tasks to queue
[2026-04-10T03:25:53.424+0000] {logging_mixin.py:190} INFO - [2026-04-10T03:25:53.424+0000] {dagbag.py:588} INFO - Filling up the DagBag from /home/airflow/.local/lib/python3.12/site-packages/airflow/example_dags/example_sensors.py
[2026-04-10T03:25:53.430+0000] {processor.py:925} INFO - DAG(s) 'example_sensors' retrieved from /home/airflow/.local/lib/python3.12/site-packages/airflow/example_dags/example_sensors.py
[2026-04-10T03:25:53.445+0000] {logging_mixin.py:190} INFO - [2026-04-10T03:25:53.445+0000] {dag.py:3239} INFO - Sync 1 DAGs
[2026-04-10T03:25:53.453+0000] {logging_mixin.py:190} INFO - [2026-04-10T03:25:53.453+0000] {dag.py:4180} INFO - Setting next_dagrun for example_sensors to None, run_after=None
[2026-04-10T03:25:53.462+0000] {processor.py:208} INFO - Processing /home/airflow/.local/lib/python3.12/site-packages/airflow/example_dags/example_sensors.py took 0.043 seconds
[2026-04-10T03:26:24.682+0000] {processor.py:186} INFO - Started process (PID=80356) to work on /home/airflow/.local/lib/python3.12/site-packages/airflow/example_dags/example_sensors.py
[2026-04-10T03:26:24.683+0000] {processor.py:914} INFO - Processing file /home/airflow/.local/lib/python3.12/site-packages/airflow/example_dags/example_sensors.py for tasks to queue
[2026-04-10T03:26:24.685+0000] {logging_mixin.py:190} INFO - [2026-04-10T03:26:24.684+0000] {dagbag.py:588} INFO - Filling up the DagBag from /home/airflow/.local/lib/python3.12/site-packages/airflow/example_dags/example_sensors.py
[2026-04-10T03:26:24.693+0000] {processor.py:925} INFO - DAG(s) 'example_sensors' retrieved from /home/airflow/.local/lib/python3.12/site-packages/airflow/example_dags/example_sensors.py
[2026-04-10T03:26:24.705+0000] {logging_mixin.py:190} INFO - [2026-04-10T03:26:24.704+0000] {dag.py:3239} INFO - Sync 1 DAGs
[2026-04-10T03:26:24.711+0000] {logging_mixin.py:190} INFO - [2026-04-10T03:26:24.711+0000] {dag.py:4180} INFO - Setting next_dagrun for example_sensors to None, run_after=None
[2026-04-10T03:26:24.722+0000] {processor.py:208} INFO - Processing /home/airflow/.local/lib/python3.12/site-packages/airflow/example_dags/example_sensors.py took 0.042 seconds
[2026-04-10T03:26:55.100+0000] {processor.py:186} INFO - Started process (PID=80420) to work on /home/airflow/.local/lib/python3.12/site-packages/airflow/example_dags/example_sensors.py
[2026-04-10T03:26:55.101+0000] {processor.py:914} INFO - Processing file /home/airflow/.local/lib/python3.12/site-packages/airflow/example_dags/example_sensors.py for tasks to queue
[2026-04-10T03:26:55.102+0000] {logging_mixin.py:190} INFO - [2026-04-10T03:26:55.102+0000] {dagbag.py:588} INFO - Filling up the DagBag from /home/airflow/.local/lib/python3.12/site-packages/airflow/example_dags/example_sensors.py
[2026-04-10T03:26:55.110+0000] {processor.py:925} INFO - DAG(s) 'example_sensors' retrieved from /home/airflow/.local/lib/python3.12/site-packages/airflow/example_dags/example_sensors.py
[2026-04-10T03:26:55.124+0000] {logging_mixin.py:190} INFO - [2026-04-10T03:26:55.124+0000] {dag.py:3239} INFO - Sync 1 DAGs
[2026-04-10T03:26:55.131+0000] {logging_mixin.py:190} INFO - [2026-04-10T03:26:55.131+0000] {dag.py:4180} INFO - Setting next_dagrun for example_sensors to None, run_after=None
[2026-04-10T03:26:55.146+0000] {processor.py:208} INFO - Processing /home/airflow/.local/lib/python3.12/site-packages/airflow/example_dags/example_sensors.py took 0.049 seconds
[2026-04-10T03:27:25.530+0000] {processor.py:186} INFO - Started process (PID=80484) to work on /home/airflow/.local/lib/python3.12/site-packages/airflow/example_dags/example_sensors.py
[2026-04-10T03:27:25.530+0000] {processor.py:914} INFO - Processing file /home/airflow/.local/lib/python3.12/site-packages/airflow/example_dags/example_sensors.py for tasks to queue
[2026-04-10T03:27:25.531+0000] {logging_mixin.py:190} INFO - [2026-04-10T03:27:25.531+0000] {dagbag.py:588} INFO - Filling up the DagBag from /home/airflow/.local/lib/python3.12/site-packages/airflow/example_dags/example_sensors.py
[2026-04-10T03:27:25.536+0000] {processor.py:925} INFO - DAG(s) 'example_sensors' retrieved from /home/airflow/.local/lib/python3.12/site-packages/airflow/example_dags/example_sensors.py
[2026-04-10T03:27:25.549+0000] {logging_mixin.py:190} INFO - [2026-04-10T03:27:25.549+0000] {dag.py:3239} INFO - Sync 1 DAGs
[2026-04-10T03:27:25.554+0000] {logging_mixin.py:190} INFO - [2026-04-10T03:27:25.554+0000] {dag.py:4180} INFO - Setting next_dagrun for example_sensors to None, run_after=None
[2026-04-10T03:27:25.562+0000] {processor.py:208} INFO - Processing /home/airflow/.local/lib/python3.12/site-packages/airflow/example_dags/example_sensors.py took 0.034 seconds
[2026-04-10T03:27:55.797+0000] {processor.py:186} INFO - Started process (PID=80548) to work on /home/airflow/.local/lib/python3.12/site-packages/airflow/example_dags/example_sensors.py
[2026-04-10T03:27:55.798+0000] {processor.py:914} INFO - Processing file /home/airflow/.local/lib/python3.12/site-packages/airflow/example_dags/example_sensors.py for tasks to queue
[2026-04-10T03:27:55.799+0000] {logging_mixin.py:190} INFO - [2026-04-10T03:27:55.799+0000] {dagbag.py:588} INFO - Filling up the DagBag from /home/airflow/.local/lib/python3.12/site-packages/airflow/example_dags/example_sensors.py
[2026-04-10T03:27:55.803+0000] {processor.py:925} INFO - DAG(s) 'example_sensors' retrieved from /home/airflow/.local/lib/python3.12/site-packages/airflow/example_dags/example_sensors.py
[2026-04-10T03:27:55.812+0000] {logging_mixin.py:190} INFO - [2026-04-10T03:27:55.812+0000] {dag.py:3239} INFO - Sync 1 DAGs
[2026-04-10T03:27:55.816+0000] {logging_mixin.py:190} INFO - [2026-04-10T03:27:55.816+0000] {dag.py:4180} INFO - Setting next_dagrun for example_sensors to None, run_after=None
[2026-04-10T03:27:55.822+0000] {processor.py:208} INFO - Processing /home/airflow/.local/lib/python3.12/site-packages/airflow/example_dags/example_sensors.py took 0.027 seconds
[2026-04-10T03:28:26.631+0000] {processor.py:186} INFO - Started process (PID=80612) to work on /home/airflow/.local/lib/python3.12/site-packages/airflow/example_dags/example_sensors.py
[2026-04-10T03:28:26.632+0000] {processor.py:914} INFO - Processing file /home/airflow/.local/lib/python3.12/site-packages/airflow/example_dags/example_sensors.py for tasks to queue
[2026-04-10T03:28:26.632+0000] {logging_mixin.py:190} INFO - [2026-04-10T03:28:26.632+0000] {dagbag.py:588} INFO - Filling up the DagBag from /home/airflow/.local/lib/python3.12/site-packages/airflow/example_dags/example_sensors.py
[2026-04-10T03:28:26.637+0000] {processor.py:925} INFO - DAG(s) 'example_sensors' retrieved from /home/airflow/.local/lib/python3.12/site-packages/airflow/example_dags/example_sensors.py
[2026-04-10T03:28:26.650+0000] {logging_mixin.py:190} INFO - [2026-04-10T03:28:26.650+0000] {dag.py:3239} INFO - Sync 1 DAGs
[2026-04-10T03:28:26.657+0000] {logging_mixin.py:190} INFO - [2026-04-10T03:28:26.657+0000] {dag.py:4180} INFO - Setting next_dagrun for example_sensors to None, run_after=None
[2026-04-10T03:28:26.668+0000] {processor.py:208} INFO - Processing /home/airflow/.local/lib/python3.12/site-packages/airflow/example_dags/example_sensors.py took 0.039 seconds
[2026-04-10T03:28:57.112+0000] {processor.py:186} INFO - Started process (PID=80676) to work on /home/airflow/.local/lib/python3.12/site-packages/airflow/example_dags/example_sensors.py
[2026-04-10T03:28:57.112+0000] {processor.py:914} INFO - Processing file /home/airflow/.local/lib/python3.12/site-packages/airflow/example_dags/example_sensors.py for tasks to queue
[2026-04-10T03:28:57.113+0000] {logging_mixin.py:190} INFO - [2026-04-10T03:28:57.113+0000] {dagbag.py:588} INFO - Filling up the DagBag from /home/airflow/.local/lib/python3.12/site-packages/airflow/example_dags/example_sensors.py
[2026-04-10T03:28:57.118+0000] {processor.py:925} INFO - DAG(s) 'example_sensors' retrieved from /home/airflow/.local/lib/python3.12/site-packages/airflow/example_dags/example_sensors.py
[2026-04-10T03:28:57.130+0000] {logging_mixin.py:190} INFO - [2026-04-10T03:28:57.130+0000] {dag.py:3239} INFO - Sync 1 DAGs
[2026-04-10T03:28:57.136+0000] {logging_mixin.py:190} INFO - [2026-04-10T03:28:57.136+0000] {dag.py:4180} INFO - Setting next_dagrun for example_sensors to None, run_after=None
[2026-04-10T03:28:57.145+0000] {processor.py:208} INFO - Processing /home/airflow/.local/lib/python3.12/site-packages/airflow/example_dags/example_sensors.py took 0.037 seconds
[2026-04-10T03:29:27.543+0000] {processor.py:186} INFO - Started process (PID=80740) to work on /home/airflow/.local/lib/python3.12/site-packages/airflow/example_dags/example_sensors.py
[2026-04-10T03:29:27.544+0000] {processor.py:914} INFO - Processing file /home/airflow/.local/lib/python3.12/site-packages/airflow/example_dags/example_sensors.py for tasks to queue
[2026-04-10T03:29:27.545+0000] {logging_mixin.py:190} INFO - [2026-04-10T03:29:27.545+0000] {dagbag.py:588} INFO - Filling up the DagBag from /home/airflow/.local/lib/python3.12/site-packages/airflow/example_dags/example_sensors.py
[2026-04-10T03:29:27.550+0000] {processor.py:925} INFO - DAG(s) 'example_sensors' retrieved from /home/airflow/.local/lib/python3.12/site-packages/airflow/example_dags/example_sensors.py
[2026-04-10T03:29:27.559+0000] {logging_mixin.py:190} INFO - [2026-04-10T03:29:27.559+0000] {dag.py:3239} INFO - Sync 1 DAGs
[2026-04-10T03:29:27.564+0000] {logging_mixin.py:190} INFO - [2026-04-10T03:29:27.564+0000] {dag.py:4180} INFO - Setting next_dagrun for example_sensors to None, run_after=None
[2026-04-10T03:29:27.573+0000] {processor.py:208} INFO - Processing /home/airflow/.local/lib/python3.12/site-packages/airflow/example_dags/example_sensors.py took 0.033 seconds
[2026-04-10T03:29:58.078+0000] {processor.py:186} INFO - Started process (PID=80803) to work on /home/airflow/.local/lib/python3.12/site-packages/airflow/example_dags/example_sensors.py
[2026-04-10T03:29:58.078+0000] {processor.py:914} INFO - Processing file /home/airflow/.local/lib/python3.12/site-packages/airflow/example_dags/example_sensors.py for tasks to queue
[2026-04-10T03:29:58.079+0000] {logging_mixin.py:190} INFO - [2026-04-10T03:29:58.079+0000] {dagbag.py:588} INFO - Filling up the DagBag from /home/airflow/.local/lib/python3.12/site-packages/airflow/example_dags/example_sensors.py
[2026-04-10T03:29:58.084+0000] {processor.py:925} INFO - DAG(s) 'example_sensors' retrieved from /home/airflow/.local/lib/python3.12/site-packages/airflow/example_dags/example_sensors.py
[2026-04-10T03:29:58.100+0000] {logging_mixin.py:190} INFO - [2026-04-10T03:29:58.100+0000] {dag.py:3239} INFO - Sync 1 DAGs
[2026-04-10T03:29:58.108+0000] {logging_mixin.py:190} INFO - [2026-04-10T03:29:58.107+0000] {dag.py:4180} INFO - Setting next_dagrun for example_sensors to None, run_after=None
[2026-04-10T03:29:58.118+0000] {processor.py:208} INFO - Processing /home/airflow/.local/lib/python3.12/site-packages/airflow/example_dags/example_sensors.py took 0.043 seconds
