[2026-04-10T00:07:15.771+0000] {processor.py:186} INFO - Started process (PID=78581) to work on /home/airflow/.local/lib/python3.12/site-packages/airflow/example_dags/example_branch_operator_decorator.py
[2026-04-10T00:07:15.772+0000] {processor.py:914} INFO - Processing file /home/airflow/.local/lib/python3.12/site-packages/airflow/example_dags/example_branch_operator_decorator.py for tasks to queue
[2026-04-10T00:07:15.772+0000] {logging_mixin.py:190} INFO - [2026-04-10T00:07:15.772+0000] {dagbag.py:588} INFO - Filling up the DagBag from /home/airflow/.local/lib/python3.12/site-packages/airflow/example_dags/example_branch_operator_decorator.py
[2026-04-10T00:07:15.780+0000] {processor.py:925} INFO - DAG(s) 'example_branch_python_operator_decorator' retrieved from /home/airflow/.local/lib/python3.12/site-packages/airflow/example_dags/example_branch_operator_decorator.py
[2026-04-10T00:07:15.796+0000] {logging_mixin.py:190} INFO - [2026-04-10T00:07:15.796+0000] {dag.py:3239} INFO - Sync 1 DAGs
[2026-04-10T00:07:15.807+0000] {logging_mixin.py:190} INFO - [2026-04-10T00:07:15.807+0000] {dag.py:4180} INFO - Setting next_dagrun for example_branch_python_operator_decorator to 2026-04-09 00:00:00+00:00, run_after=2026-04-10 00:00:00+00:00
[2026-04-10T00:07:15.817+0000] {processor.py:208} INFO - Processing /home/airflow/.local/lib/python3.12/site-packages/airflow/example_dags/example_branch_operator_decorator.py took 0.048 seconds
[2026-04-10T00:22:48.663+0000] {processor.py:186} INFO - Started process (PID=78645) to work on /home/airflow/.local/lib/python3.12/site-packages/airflow/example_dags/example_branch_operator_decorator.py
[2026-04-10T00:22:48.665+0000] {processor.py:914} INFO - Processing file /home/airflow/.local/lib/python3.12/site-packages/airflow/example_dags/example_branch_operator_decorator.py for tasks to queue
[2026-04-10T00:22:48.666+0000] {logging_mixin.py:190} INFO - [2026-04-10T00:22:48.666+0000] {dagbag.py:588} INFO - Filling up the DagBag from /home/airflow/.local/lib/python3.12/site-packages/airflow/example_dags/example_branch_operator_decorator.py
[2026-04-10T00:22:48.682+0000] {processor.py:925} INFO - DAG(s) 'example_branch_python_operator_decorator' retrieved from /home/airflow/.local/lib/python3.12/site-packages/airflow/example_dags/example_branch_operator_decorator.py
[2026-04-10T00:22:48.702+0000] {logging_mixin.py:190} INFO - [2026-04-10T00:22:48.702+0000] {dag.py:3239} INFO - Sync 1 DAGs
[2026-04-10T00:22:48.716+0000] {logging_mixin.py:190} INFO - [2026-04-10T00:22:48.716+0000] {dag.py:4180} INFO - Setting next_dagrun for example_branch_python_operator_decorator to 2026-04-09 00:00:00+00:00, run_after=2026-04-10 00:00:00+00:00
[2026-04-10T00:22:48.728+0000] {processor.py:208} INFO - Processing /home/airflow/.local/lib/python3.12/site-packages/airflow/example_dags/example_branch_operator_decorator.py took 0.069 seconds
[2026-04-10T00:23:19.593+0000] {processor.py:186} INFO - Started process (PID=78709) to work on /home/airflow/.local/lib/python3.12/site-packages/airflow/example_dags/example_branch_operator_decorator.py
[2026-04-10T00:23:19.593+0000] {processor.py:914} INFO - Processing file /home/airflow/.local/lib/python3.12/site-packages/airflow/example_dags/example_branch_operator_decorator.py for tasks to queue
[2026-04-10T00:23:19.594+0000] {logging_mixin.py:190} INFO - [2026-04-10T00:23:19.594+0000] {dagbag.py:588} INFO - Filling up the DagBag from /home/airflow/.local/lib/python3.12/site-packages/airflow/example_dags/example_branch_operator_decorator.py
[2026-04-10T00:23:19.602+0000] {processor.py:925} INFO - DAG(s) 'example_branch_python_operator_decorator' retrieved from /home/airflow/.local/lib/python3.12/site-packages/airflow/example_dags/example_branch_operator_decorator.py
[2026-04-10T00:23:19.612+0000] {logging_mixin.py:190} INFO - [2026-04-10T00:23:19.612+0000] {dag.py:3239} INFO - Sync 1 DAGs
[2026-04-10T00:23:19.620+0000] {logging_mixin.py:190} INFO - [2026-04-10T00:23:19.619+0000] {dag.py:4180} INFO - Setting next_dagrun for example_branch_python_operator_decorator to 2026-04-09 00:00:00+00:00, run_after=2026-04-10 00:00:00+00:00
[2026-04-10T00:23:19.625+0000] {processor.py:208} INFO - Processing /home/airflow/.local/lib/python3.12/site-packages/airflow/example_dags/example_branch_operator_decorator.py took 0.035 seconds
[2026-04-10T00:38:49.427+0000] {processor.py:186} INFO - Started process (PID=78773) to work on /home/airflow/.local/lib/python3.12/site-packages/airflow/example_dags/example_branch_operator_decorator.py
[2026-04-10T00:38:49.427+0000] {processor.py:914} INFO - Processing file /home/airflow/.local/lib/python3.12/site-packages/airflow/example_dags/example_branch_operator_decorator.py for tasks to queue
[2026-04-10T00:38:49.427+0000] {logging_mixin.py:190} INFO - [2026-04-10T00:38:49.427+0000] {dagbag.py:588} INFO - Filling up the DagBag from /home/airflow/.local/lib/python3.12/site-packages/airflow/example_dags/example_branch_operator_decorator.py
[2026-04-10T00:38:49.436+0000] {processor.py:925} INFO - DAG(s) 'example_branch_python_operator_decorator' retrieved from /home/airflow/.local/lib/python3.12/site-packages/airflow/example_dags/example_branch_operator_decorator.py
[2026-04-10T00:38:49.445+0000] {logging_mixin.py:190} INFO - [2026-04-10T00:38:49.445+0000] {dag.py:3239} INFO - Sync 1 DAGs
[2026-04-10T00:38:49.453+0000] {logging_mixin.py:190} INFO - [2026-04-10T00:38:49.453+0000] {dag.py:4180} INFO - Setting next_dagrun for example_branch_python_operator_decorator to 2026-04-09 00:00:00+00:00, run_after=2026-04-10 00:00:00+00:00
[2026-04-10T00:38:49.459+0000] {processor.py:208} INFO - Processing /home/airflow/.local/lib/python3.12/site-packages/airflow/example_dags/example_branch_operator_decorator.py took 0.034 seconds
[2026-04-10T00:41:53.861+0000] {processor.py:186} INFO - Started process (PID=78837) to work on /home/airflow/.local/lib/python3.12/site-packages/airflow/example_dags/example_branch_operator_decorator.py
[2026-04-10T00:41:53.862+0000] {processor.py:914} INFO - Processing file /home/airflow/.local/lib/python3.12/site-packages/airflow/example_dags/example_branch_operator_decorator.py for tasks to queue
[2026-04-10T00:41:53.862+0000] {logging_mixin.py:190} INFO - [2026-04-10T00:41:53.862+0000] {dagbag.py:588} INFO - Filling up the DagBag from /home/airflow/.local/lib/python3.12/site-packages/airflow/example_dags/example_branch_operator_decorator.py
[2026-04-10T00:41:53.870+0000] {processor.py:925} INFO - DAG(s) 'example_branch_python_operator_decorator' retrieved from /home/airflow/.local/lib/python3.12/site-packages/airflow/example_dags/example_branch_operator_decorator.py
[2026-04-10T00:41:53.881+0000] {logging_mixin.py:190} INFO - [2026-04-10T00:41:53.881+0000] {dag.py:3239} INFO - Sync 1 DAGs
[2026-04-10T00:41:53.890+0000] {logging_mixin.py:190} INFO - [2026-04-10T00:41:53.889+0000] {dag.py:4180} INFO - Setting next_dagrun for example_branch_python_operator_decorator to 2026-04-09 00:00:00+00:00, run_after=2026-04-10 00:00:00+00:00
[2026-04-10T00:41:53.899+0000] {processor.py:208} INFO - Processing /home/airflow/.local/lib/python3.12/site-packages/airflow/example_dags/example_branch_operator_decorator.py took 0.041 seconds
[2026-04-10T00:42:25.098+0000] {processor.py:186} INFO - Started process (PID=78901) to work on /home/airflow/.local/lib/python3.12/site-packages/airflow/example_dags/example_branch_operator_decorator.py
[2026-04-10T00:42:25.099+0000] {processor.py:914} INFO - Processing file /home/airflow/.local/lib/python3.12/site-packages/airflow/example_dags/example_branch_operator_decorator.py for tasks to queue
[2026-04-10T00:42:25.099+0000] {logging_mixin.py:190} INFO - [2026-04-10T00:42:25.099+0000] {dagbag.py:588} INFO - Filling up the DagBag from /home/airflow/.local/lib/python3.12/site-packages/airflow/example_dags/example_branch_operator_decorator.py
[2026-04-10T00:42:25.106+0000] {processor.py:925} INFO - DAG(s) 'example_branch_python_operator_decorator' retrieved from /home/airflow/.local/lib/python3.12/site-packages/airflow/example_dags/example_branch_operator_decorator.py
[2026-04-10T00:42:25.115+0000] {logging_mixin.py:190} INFO - [2026-04-10T00:42:25.115+0000] {dag.py:3239} INFO - Sync 1 DAGs
[2026-04-10T00:42:25.123+0000] {logging_mixin.py:190} INFO - [2026-04-10T00:42:25.123+0000] {dag.py:4180} INFO - Setting next_dagrun for example_branch_python_operator_decorator to 2026-04-09 00:00:00+00:00, run_after=2026-04-10 00:00:00+00:00
[2026-04-10T00:42:25.129+0000] {processor.py:208} INFO - Processing /home/airflow/.local/lib/python3.12/site-packages/airflow/example_dags/example_branch_operator_decorator.py took 0.032 seconds
[2026-04-10T00:57:55.646+0000] {processor.py:186} INFO - Started process (PID=78965) to work on /home/airflow/.local/lib/python3.12/site-packages/airflow/example_dags/example_branch_operator_decorator.py
[2026-04-10T00:57:55.646+0000] {processor.py:914} INFO - Processing file /home/airflow/.local/lib/python3.12/site-packages/airflow/example_dags/example_branch_operator_decorator.py for tasks to queue
[2026-04-10T00:57:55.647+0000] {logging_mixin.py:190} INFO - [2026-04-10T00:57:55.647+0000] {dagbag.py:588} INFO - Filling up the DagBag from /home/airflow/.local/lib/python3.12/site-packages/airflow/example_dags/example_branch_operator_decorator.py
[2026-04-10T00:57:55.655+0000] {processor.py:925} INFO - DAG(s) 'example_branch_python_operator_decorator' retrieved from /home/airflow/.local/lib/python3.12/site-packages/airflow/example_dags/example_branch_operator_decorator.py
[2026-04-10T00:57:55.667+0000] {logging_mixin.py:190} INFO - [2026-04-10T00:57:55.667+0000] {dag.py:3239} INFO - Sync 1 DAGs
[2026-04-10T00:57:55.678+0000] {logging_mixin.py:190} INFO - [2026-04-10T00:57:55.678+0000] {dag.py:4180} INFO - Setting next_dagrun for example_branch_python_operator_decorator to 2026-04-09 00:00:00+00:00, run_after=2026-04-10 00:00:00+00:00
[2026-04-10T00:57:55.686+0000] {processor.py:208} INFO - Processing /home/airflow/.local/lib/python3.12/site-packages/airflow/example_dags/example_branch_operator_decorator.py took 0.043 seconds
[2026-04-10T01:13:29.422+0000] {processor.py:186} INFO - Started process (PID=79029) to work on /home/airflow/.local/lib/python3.12/site-packages/airflow/example_dags/example_branch_operator_decorator.py
[2026-04-10T01:13:29.424+0000] {processor.py:914} INFO - Processing file /home/airflow/.local/lib/python3.12/site-packages/airflow/example_dags/example_branch_operator_decorator.py for tasks to queue
[2026-04-10T01:13:29.425+0000] {logging_mixin.py:190} INFO - [2026-04-10T01:13:29.425+0000] {dagbag.py:588} INFO - Filling up the DagBag from /home/airflow/.local/lib/python3.12/site-packages/airflow/example_dags/example_branch_operator_decorator.py
[2026-04-10T01:13:29.450+0000] {processor.py:925} INFO - DAG(s) 'example_branch_python_operator_decorator' retrieved from /home/airflow/.local/lib/python3.12/site-packages/airflow/example_dags/example_branch_operator_decorator.py
[2026-04-10T01:13:29.476+0000] {logging_mixin.py:190} INFO - [2026-04-10T01:13:29.476+0000] {dag.py:3239} INFO - Sync 1 DAGs
[2026-04-10T01:13:29.500+0000] {logging_mixin.py:190} INFO - [2026-04-10T01:13:29.500+0000] {dag.py:4180} INFO - Setting next_dagrun for example_branch_python_operator_decorator to 2026-04-09 00:00:00+00:00, run_after=2026-04-10 00:00:00+00:00
[2026-04-10T01:13:29.523+0000] {processor.py:208} INFO - Processing /home/airflow/.local/lib/python3.12/site-packages/airflow/example_dags/example_branch_operator_decorator.py took 0.108 seconds
[2026-04-10T01:14:00.370+0000] {processor.py:186} INFO - Started process (PID=79092) to work on /home/airflow/.local/lib/python3.12/site-packages/airflow/example_dags/example_branch_operator_decorator.py
[2026-04-10T01:14:00.370+0000] {processor.py:914} INFO - Processing file /home/airflow/.local/lib/python3.12/site-packages/airflow/example_dags/example_branch_operator_decorator.py for tasks to queue
[2026-04-10T01:14:00.371+0000] {logging_mixin.py:190} INFO - [2026-04-10T01:14:00.370+0000] {dagbag.py:588} INFO - Filling up the DagBag from /home/airflow/.local/lib/python3.12/site-packages/airflow/example_dags/example_branch_operator_decorator.py
[2026-04-10T01:14:00.378+0000] {processor.py:925} INFO - DAG(s) 'example_branch_python_operator_decorator' retrieved from /home/airflow/.local/lib/python3.12/site-packages/airflow/example_dags/example_branch_operator_decorator.py
[2026-04-10T01:14:00.388+0000] {logging_mixin.py:190} INFO - [2026-04-10T01:14:00.388+0000] {dag.py:3239} INFO - Sync 1 DAGs
[2026-04-10T01:14:00.398+0000] {logging_mixin.py:190} INFO - [2026-04-10T01:14:00.398+0000] {dag.py:4180} INFO - Setting next_dagrun for example_branch_python_operator_decorator to 2026-04-09 00:00:00+00:00, run_after=2026-04-10 00:00:00+00:00
[2026-04-10T01:14:00.405+0000] {processor.py:208} INFO - Processing /home/airflow/.local/lib/python3.12/site-packages/airflow/example_dags/example_branch_operator_decorator.py took 0.037 seconds
[2026-04-10T01:29:26.843+0000] {processor.py:186} INFO - Started process (PID=79156) to work on /home/airflow/.local/lib/python3.12/site-packages/airflow/example_dags/example_branch_operator_decorator.py
[2026-04-10T01:29:26.844+0000] {processor.py:914} INFO - Processing file /home/airflow/.local/lib/python3.12/site-packages/airflow/example_dags/example_branch_operator_decorator.py for tasks to queue
[2026-04-10T01:29:26.844+0000] {logging_mixin.py:190} INFO - [2026-04-10T01:29:26.844+0000] {dagbag.py:588} INFO - Filling up the DagBag from /home/airflow/.local/lib/python3.12/site-packages/airflow/example_dags/example_branch_operator_decorator.py
[2026-04-10T01:29:26.853+0000] {processor.py:925} INFO - DAG(s) 'example_branch_python_operator_decorator' retrieved from /home/airflow/.local/lib/python3.12/site-packages/airflow/example_dags/example_branch_operator_decorator.py
[2026-04-10T01:29:26.863+0000] {logging_mixin.py:190} INFO - [2026-04-10T01:29:26.863+0000] {dag.py:3239} INFO - Sync 1 DAGs
[2026-04-10T01:29:26.872+0000] {logging_mixin.py:190} INFO - [2026-04-10T01:29:26.872+0000] {dag.py:4180} INFO - Setting next_dagrun for example_branch_python_operator_decorator to 2026-04-09 00:00:00+00:00, run_after=2026-04-10 00:00:00+00:00
[2026-04-10T01:29:26.882+0000] {processor.py:208} INFO - Processing /home/airflow/.local/lib/python3.12/site-packages/airflow/example_dags/example_branch_operator_decorator.py took 0.041 seconds
[2026-04-10T01:29:57.321+0000] {processor.py:186} INFO - Started process (PID=79220) to work on /home/airflow/.local/lib/python3.12/site-packages/airflow/example_dags/example_branch_operator_decorator.py
[2026-04-10T01:29:57.321+0000] {processor.py:914} INFO - Processing file /home/airflow/.local/lib/python3.12/site-packages/airflow/example_dags/example_branch_operator_decorator.py for tasks to queue
[2026-04-10T01:29:57.321+0000] {logging_mixin.py:190} INFO - [2026-04-10T01:29:57.321+0000] {dagbag.py:588} INFO - Filling up the DagBag from /home/airflow/.local/lib/python3.12/site-packages/airflow/example_dags/example_branch_operator_decorator.py
[2026-04-10T01:29:57.330+0000] {processor.py:925} INFO - DAG(s) 'example_branch_python_operator_decorator' retrieved from /home/airflow/.local/lib/python3.12/site-packages/airflow/example_dags/example_branch_operator_decorator.py
[2026-04-10T01:29:57.343+0000] {logging_mixin.py:190} INFO - [2026-04-10T01:29:57.343+0000] {dag.py:3239} INFO - Sync 1 DAGs
[2026-04-10T01:29:57.354+0000] {logging_mixin.py:190} INFO - [2026-04-10T01:29:57.354+0000] {dag.py:4180} INFO - Setting next_dagrun for example_branch_python_operator_decorator to 2026-04-09 00:00:00+00:00, run_after=2026-04-10 00:00:00+00:00
[2026-04-10T01:29:57.369+0000] {processor.py:208} INFO - Processing /home/airflow/.local/lib/python3.12/site-packages/airflow/example_dags/example_branch_operator_decorator.py took 0.051 seconds
[2026-04-10T01:43:16.628+0000] {processor.py:186} INFO - Started process (PID=79284) to work on /home/airflow/.local/lib/python3.12/site-packages/airflow/example_dags/example_branch_operator_decorator.py
[2026-04-10T01:43:16.629+0000] {processor.py:914} INFO - Processing file /home/airflow/.local/lib/python3.12/site-packages/airflow/example_dags/example_branch_operator_decorator.py for tasks to queue
[2026-04-10T01:43:16.629+0000] {logging_mixin.py:190} INFO - [2026-04-10T01:43:16.629+0000] {dagbag.py:588} INFO - Filling up the DagBag from /home/airflow/.local/lib/python3.12/site-packages/airflow/example_dags/example_branch_operator_decorator.py
[2026-04-10T01:43:16.638+0000] {processor.py:925} INFO - DAG(s) 'example_branch_python_operator_decorator' retrieved from /home/airflow/.local/lib/python3.12/site-packages/airflow/example_dags/example_branch_operator_decorator.py
[2026-04-10T01:43:16.649+0000] {logging_mixin.py:190} INFO - [2026-04-10T01:43:16.648+0000] {dag.py:3239} INFO - Sync 1 DAGs
[2026-04-10T01:43:16.658+0000] {logging_mixin.py:190} INFO - [2026-04-10T01:43:16.658+0000] {dag.py:4180} INFO - Setting next_dagrun for example_branch_python_operator_decorator to 2026-04-09 00:00:00+00:00, run_after=2026-04-10 00:00:00+00:00
[2026-04-10T01:43:16.669+0000] {processor.py:208} INFO - Processing /home/airflow/.local/lib/python3.12/site-packages/airflow/example_dags/example_branch_operator_decorator.py took 0.043 seconds
[2026-04-10T01:58:48.485+0000] {processor.py:186} INFO - Started process (PID=79348) to work on /home/airflow/.local/lib/python3.12/site-packages/airflow/example_dags/example_branch_operator_decorator.py
[2026-04-10T01:58:48.486+0000] {processor.py:914} INFO - Processing file /home/airflow/.local/lib/python3.12/site-packages/airflow/example_dags/example_branch_operator_decorator.py for tasks to queue
[2026-04-10T01:58:48.486+0000] {logging_mixin.py:190} INFO - [2026-04-10T01:58:48.486+0000] {dagbag.py:588} INFO - Filling up the DagBag from /home/airflow/.local/lib/python3.12/site-packages/airflow/example_dags/example_branch_operator_decorator.py
[2026-04-10T01:58:48.493+0000] {processor.py:925} INFO - DAG(s) 'example_branch_python_operator_decorator' retrieved from /home/airflow/.local/lib/python3.12/site-packages/airflow/example_dags/example_branch_operator_decorator.py
[2026-04-10T01:58:48.503+0000] {logging_mixin.py:190} INFO - [2026-04-10T01:58:48.502+0000] {dag.py:3239} INFO - Sync 1 DAGs
[2026-04-10T01:58:48.510+0000] {logging_mixin.py:190} INFO - [2026-04-10T01:58:48.510+0000] {dag.py:4180} INFO - Setting next_dagrun for example_branch_python_operator_decorator to 2026-04-09 00:00:00+00:00, run_after=2026-04-10 00:00:00+00:00
[2026-04-10T01:58:48.523+0000] {processor.py:208} INFO - Processing /home/airflow/.local/lib/python3.12/site-packages/airflow/example_dags/example_branch_operator_decorator.py took 0.040 seconds
[2026-04-10T01:59:19.731+0000] {processor.py:186} INFO - Started process (PID=79412) to work on /home/airflow/.local/lib/python3.12/site-packages/airflow/example_dags/example_branch_operator_decorator.py
[2026-04-10T01:59:19.731+0000] {processor.py:914} INFO - Processing file /home/airflow/.local/lib/python3.12/site-packages/airflow/example_dags/example_branch_operator_decorator.py for tasks to queue
[2026-04-10T01:59:19.731+0000] {logging_mixin.py:190} INFO - [2026-04-10T01:59:19.731+0000] {dagbag.py:588} INFO - Filling up the DagBag from /home/airflow/.local/lib/python3.12/site-packages/airflow/example_dags/example_branch_operator_decorator.py
[2026-04-10T01:59:19.739+0000] {processor.py:925} INFO - DAG(s) 'example_branch_python_operator_decorator' retrieved from /home/airflow/.local/lib/python3.12/site-packages/airflow/example_dags/example_branch_operator_decorator.py
[2026-04-10T01:59:19.748+0000] {logging_mixin.py:190} INFO - [2026-04-10T01:59:19.748+0000] {dag.py:3239} INFO - Sync 1 DAGs
[2026-04-10T01:59:19.756+0000] {logging_mixin.py:190} INFO - [2026-04-10T01:59:19.755+0000] {dag.py:4180} INFO - Setting next_dagrun for example_branch_python_operator_decorator to 2026-04-09 00:00:00+00:00, run_after=2026-04-10 00:00:00+00:00
[2026-04-10T01:59:19.761+0000] {processor.py:208} INFO - Processing /home/airflow/.local/lib/python3.12/site-packages/airflow/example_dags/example_branch_operator_decorator.py took 0.033 seconds
[2026-04-10T02:14:52.184+0000] {processor.py:186} INFO - Started process (PID=79476) to work on /home/airflow/.local/lib/python3.12/site-packages/airflow/example_dags/example_branch_operator_decorator.py
[2026-04-10T02:14:52.185+0000] {processor.py:914} INFO - Processing file /home/airflow/.local/lib/python3.12/site-packages/airflow/example_dags/example_branch_operator_decorator.py for tasks to queue
[2026-04-10T02:14:52.186+0000] {logging_mixin.py:190} INFO - [2026-04-10T02:14:52.186+0000] {dagbag.py:588} INFO - Filling up the DagBag from /home/airflow/.local/lib/python3.12/site-packages/airflow/example_dags/example_branch_operator_decorator.py
[2026-04-10T02:14:52.194+0000] {processor.py:925} INFO - DAG(s) 'example_branch_python_operator_decorator' retrieved from /home/airflow/.local/lib/python3.12/site-packages/airflow/example_dags/example_branch_operator_decorator.py
[2026-04-10T02:14:52.207+0000] {logging_mixin.py:190} INFO - [2026-04-10T02:14:52.207+0000] {dag.py:3239} INFO - Sync 1 DAGs
[2026-04-10T02:14:52.218+0000] {logging_mixin.py:190} INFO - [2026-04-10T02:14:52.217+0000] {dag.py:4180} INFO - Setting next_dagrun for example_branch_python_operator_decorator to 2026-04-09 00:00:00+00:00, run_after=2026-04-10 00:00:00+00:00
[2026-04-10T02:14:52.226+0000] {processor.py:208} INFO - Processing /home/airflow/.local/lib/python3.12/site-packages/airflow/example_dags/example_branch_operator_decorator.py took 0.045 seconds
[2026-04-10T02:20:02.954+0000] {processor.py:186} INFO - Started process (PID=79540) to work on /home/airflow/.local/lib/python3.12/site-packages/airflow/example_dags/example_branch_operator_decorator.py
[2026-04-10T02:20:02.955+0000] {processor.py:914} INFO - Processing file /home/airflow/.local/lib/python3.12/site-packages/airflow/example_dags/example_branch_operator_decorator.py for tasks to queue
[2026-04-10T02:20:02.958+0000] {logging_mixin.py:190} INFO - [2026-04-10T02:20:02.957+0000] {dagbag.py:588} INFO - Filling up the DagBag from /home/airflow/.local/lib/python3.12/site-packages/airflow/example_dags/example_branch_operator_decorator.py
[2026-04-10T02:20:02.971+0000] {processor.py:925} INFO - DAG(s) 'example_branch_python_operator_decorator' retrieved from /home/airflow/.local/lib/python3.12/site-packages/airflow/example_dags/example_branch_operator_decorator.py
[2026-04-10T02:20:02.994+0000] {logging_mixin.py:190} INFO - [2026-04-10T02:20:02.993+0000] {dag.py:3239} INFO - Sync 1 DAGs
[2026-04-10T02:20:03.008+0000] {logging_mixin.py:190} INFO - [2026-04-10T02:20:03.008+0000] {dag.py:4180} INFO - Setting next_dagrun for example_branch_python_operator_decorator to 2026-04-09 00:00:00+00:00, run_after=2026-04-10 00:00:00+00:00
[2026-04-10T02:20:03.019+0000] {processor.py:208} INFO - Processing /home/airflow/.local/lib/python3.12/site-packages/airflow/example_dags/example_branch_operator_decorator.py took 0.068 seconds
[2026-04-10T02:20:33.454+0000] {processor.py:186} INFO - Started process (PID=79604) to work on /home/airflow/.local/lib/python3.12/site-packages/airflow/example_dags/example_branch_operator_decorator.py
[2026-04-10T02:20:33.454+0000] {processor.py:914} INFO - Processing file /home/airflow/.local/lib/python3.12/site-packages/airflow/example_dags/example_branch_operator_decorator.py for tasks to queue
[2026-04-10T02:20:33.454+0000] {logging_mixin.py:190} INFO - [2026-04-10T02:20:33.454+0000] {dagbag.py:588} INFO - Filling up the DagBag from /home/airflow/.local/lib/python3.12/site-packages/airflow/example_dags/example_branch_operator_decorator.py
[2026-04-10T02:20:33.462+0000] {processor.py:925} INFO - DAG(s) 'example_branch_python_operator_decorator' retrieved from /home/airflow/.local/lib/python3.12/site-packages/airflow/example_dags/example_branch_operator_decorator.py
[2026-04-10T02:20:33.472+0000] {logging_mixin.py:190} INFO - [2026-04-10T02:20:33.472+0000] {dag.py:3239} INFO - Sync 1 DAGs
[2026-04-10T02:20:33.480+0000] {logging_mixin.py:190} INFO - [2026-04-10T02:20:33.479+0000] {dag.py:4180} INFO - Setting next_dagrun for example_branch_python_operator_decorator to 2026-04-09 00:00:00+00:00, run_after=2026-04-10 00:00:00+00:00
[2026-04-10T02:20:33.485+0000] {processor.py:208} INFO - Processing /home/airflow/.local/lib/python3.12/site-packages/airflow/example_dags/example_branch_operator_decorator.py took 0.033 seconds
[2026-04-10T02:38:22.332+0000] {processor.py:186} INFO - Started process (PID=79668) to work on /home/airflow/.local/lib/python3.12/site-packages/airflow/example_dags/example_branch_operator_decorator.py
[2026-04-10T02:38:22.332+0000] {processor.py:914} INFO - Processing file /home/airflow/.local/lib/python3.12/site-packages/airflow/example_dags/example_branch_operator_decorator.py for tasks to queue
[2026-04-10T02:38:22.333+0000] {logging_mixin.py:190} INFO - [2026-04-10T02:38:22.332+0000] {dagbag.py:588} INFO - Filling up the DagBag from /home/airflow/.local/lib/python3.12/site-packages/airflow/example_dags/example_branch_operator_decorator.py
[2026-04-10T02:38:22.341+0000] {processor.py:925} INFO - DAG(s) 'example_branch_python_operator_decorator' retrieved from /home/airflow/.local/lib/python3.12/site-packages/airflow/example_dags/example_branch_operator_decorator.py
[2026-04-10T02:38:22.354+0000] {logging_mixin.py:190} INFO - [2026-04-10T02:38:22.354+0000] {dag.py:3239} INFO - Sync 1 DAGs
[2026-04-10T02:38:22.367+0000] {logging_mixin.py:190} INFO - [2026-04-10T02:38:22.367+0000] {dag.py:4180} INFO - Setting next_dagrun for example_branch_python_operator_decorator to 2026-04-09 00:00:00+00:00, run_after=2026-04-10 00:00:00+00:00
[2026-04-10T02:38:22.377+0000] {processor.py:208} INFO - Processing /home/airflow/.local/lib/python3.12/site-packages/airflow/example_dags/example_branch_operator_decorator.py took 0.048 seconds
[2026-04-10T02:44:09.181+0000] {processor.py:186} INFO - Started process (PID=79732) to work on /home/airflow/.local/lib/python3.12/site-packages/airflow/example_dags/example_branch_operator_decorator.py
[2026-04-10T02:44:09.183+0000] {processor.py:914} INFO - Processing file /home/airflow/.local/lib/python3.12/site-packages/airflow/example_dags/example_branch_operator_decorator.py for tasks to queue
[2026-04-10T02:44:09.183+0000] {logging_mixin.py:190} INFO - [2026-04-10T02:44:09.183+0000] {dagbag.py:588} INFO - Filling up the DagBag from /home/airflow/.local/lib/python3.12/site-packages/airflow/example_dags/example_branch_operator_decorator.py
[2026-04-10T02:44:09.191+0000] {processor.py:925} INFO - DAG(s) 'example_branch_python_operator_decorator' retrieved from /home/airflow/.local/lib/python3.12/site-packages/airflow/example_dags/example_branch_operator_decorator.py
[2026-04-10T02:44:09.203+0000] {logging_mixin.py:190} INFO - [2026-04-10T02:44:09.203+0000] {dag.py:3239} INFO - Sync 1 DAGs
[2026-04-10T02:44:09.210+0000] {logging_mixin.py:190} INFO - [2026-04-10T02:44:09.210+0000] {dag.py:4180} INFO - Setting next_dagrun for example_branch_python_operator_decorator to 2026-04-09 00:00:00+00:00, run_after=2026-04-10 00:00:00+00:00
[2026-04-10T02:44:09.216+0000] {processor.py:208} INFO - Processing /home/airflow/.local/lib/python3.12/site-packages/airflow/example_dags/example_branch_operator_decorator.py took 0.037 seconds
[2026-04-10T02:59:40.792+0000] {processor.py:186} INFO - Started process (PID=79796) to work on /home/airflow/.local/lib/python3.12/site-packages/airflow/example_dags/example_branch_operator_decorator.py
[2026-04-10T02:59:40.793+0000] {processor.py:914} INFO - Processing file /home/airflow/.local/lib/python3.12/site-packages/airflow/example_dags/example_branch_operator_decorator.py for tasks to queue
[2026-04-10T02:59:40.793+0000] {logging_mixin.py:190} INFO - [2026-04-10T02:59:40.793+0000] {dagbag.py:588} INFO - Filling up the DagBag from /home/airflow/.local/lib/python3.12/site-packages/airflow/example_dags/example_branch_operator_decorator.py
[2026-04-10T02:59:40.802+0000] {processor.py:925} INFO - DAG(s) 'example_branch_python_operator_decorator' retrieved from /home/airflow/.local/lib/python3.12/site-packages/airflow/example_dags/example_branch_operator_decorator.py
[2026-04-10T02:59:40.814+0000] {logging_mixin.py:190} INFO - [2026-04-10T02:59:40.814+0000] {dag.py:3239} INFO - Sync 1 DAGs
[2026-04-10T02:59:40.824+0000] {logging_mixin.py:190} INFO - [2026-04-10T02:59:40.824+0000] {dag.py:4180} INFO - Setting next_dagrun for example_branch_python_operator_decorator to 2026-04-09 00:00:00+00:00, run_after=2026-04-10 00:00:00+00:00
[2026-04-10T02:59:40.834+0000] {processor.py:208} INFO - Processing /home/airflow/.local/lib/python3.12/site-packages/airflow/example_dags/example_branch_operator_decorator.py took 0.044 seconds
[2026-04-10T03:00:11.096+0000] {processor.py:186} INFO - Started process (PID=79860) to work on /home/airflow/.local/lib/python3.12/site-packages/airflow/example_dags/example_branch_operator_decorator.py
[2026-04-10T03:00:11.097+0000] {processor.py:914} INFO - Processing file /home/airflow/.local/lib/python3.12/site-packages/airflow/example_dags/example_branch_operator_decorator.py for tasks to queue
[2026-04-10T03:00:11.097+0000] {logging_mixin.py:190} INFO - [2026-04-10T03:00:11.097+0000] {dagbag.py:588} INFO - Filling up the DagBag from /home/airflow/.local/lib/python3.12/site-packages/airflow/example_dags/example_branch_operator_decorator.py
[2026-04-10T03:00:11.104+0000] {processor.py:925} INFO - DAG(s) 'example_branch_python_operator_decorator' retrieved from /home/airflow/.local/lib/python3.12/site-packages/airflow/example_dags/example_branch_operator_decorator.py
[2026-04-10T03:00:11.114+0000] {logging_mixin.py:190} INFO - [2026-04-10T03:00:11.113+0000] {dag.py:3239} INFO - Sync 1 DAGs
[2026-04-10T03:00:11.122+0000] {logging_mixin.py:190} INFO - [2026-04-10T03:00:11.122+0000] {dag.py:4180} INFO - Setting next_dagrun for example_branch_python_operator_decorator to 2026-04-09 00:00:00+00:00, run_after=2026-04-10 00:00:00+00:00
[2026-04-10T03:00:11.130+0000] {processor.py:208} INFO - Processing /home/airflow/.local/lib/python3.12/site-packages/airflow/example_dags/example_branch_operator_decorator.py took 0.036 seconds
[2026-04-10T03:15:41.910+0000] {processor.py:186} INFO - Started process (PID=79924) to work on /home/airflow/.local/lib/python3.12/site-packages/airflow/example_dags/example_branch_operator_decorator.py
[2026-04-10T03:15:41.911+0000] {processor.py:914} INFO - Processing file /home/airflow/.local/lib/python3.12/site-packages/airflow/example_dags/example_branch_operator_decorator.py for tasks to queue
[2026-04-10T03:15:41.912+0000] {logging_mixin.py:190} INFO - [2026-04-10T03:15:41.912+0000] {dagbag.py:588} INFO - Filling up the DagBag from /home/airflow/.local/lib/python3.12/site-packages/airflow/example_dags/example_branch_operator_decorator.py
[2026-04-10T03:15:41.922+0000] {processor.py:925} INFO - DAG(s) 'example_branch_python_operator_decorator' retrieved from /home/airflow/.local/lib/python3.12/site-packages/airflow/example_dags/example_branch_operator_decorator.py
[2026-04-10T03:15:41.933+0000] {logging_mixin.py:190} INFO - [2026-04-10T03:15:41.933+0000] {dag.py:3239} INFO - Sync 1 DAGs
[2026-04-10T03:15:41.942+0000] {logging_mixin.py:190} INFO - [2026-04-10T03:15:41.942+0000] {dag.py:4180} INFO - Setting next_dagrun for example_branch_python_operator_decorator to 2026-04-09 00:00:00+00:00, run_after=2026-04-10 00:00:00+00:00
[2026-04-10T03:15:41.955+0000] {processor.py:208} INFO - Processing /home/airflow/.local/lib/python3.12/site-packages/airflow/example_dags/example_branch_operator_decorator.py took 0.048 seconds
[2026-04-10T03:23:21.443+0000] {processor.py:186} INFO - Started process (PID=79988) to work on /home/airflow/.local/lib/python3.12/site-packages/airflow/example_dags/example_branch_operator_decorator.py
[2026-04-10T03:23:21.446+0000] {processor.py:914} INFO - Processing file /home/airflow/.local/lib/python3.12/site-packages/airflow/example_dags/example_branch_operator_decorator.py for tasks to queue
[2026-04-10T03:23:21.446+0000] {logging_mixin.py:190} INFO - [2026-04-10T03:23:21.446+0000] {dagbag.py:588} INFO - Filling up the DagBag from /home/airflow/.local/lib/python3.12/site-packages/airflow/example_dags/example_branch_operator_decorator.py
[2026-04-10T03:23:21.459+0000] {processor.py:925} INFO - DAG(s) 'example_branch_python_operator_decorator' retrieved from /home/airflow/.local/lib/python3.12/site-packages/airflow/example_dags/example_branch_operator_decorator.py
[2026-04-10T03:23:21.473+0000] {logging_mixin.py:190} INFO - [2026-04-10T03:23:21.473+0000] {dag.py:3239} INFO - Sync 1 DAGs
[2026-04-10T03:23:21.483+0000] {logging_mixin.py:190} INFO - [2026-04-10T03:23:21.483+0000] {dag.py:4180} INFO - Setting next_dagrun for example_branch_python_operator_decorator to 2026-04-09 00:00:00+00:00, run_after=2026-04-10 00:00:00+00:00
[2026-04-10T03:23:21.493+0000] {processor.py:208} INFO - Processing /home/airflow/.local/lib/python3.12/site-packages/airflow/example_dags/example_branch_operator_decorator.py took 0.052 seconds
[2026-04-10T03:23:52.209+0000] {processor.py:186} INFO - Started process (PID=80052) to work on /home/airflow/.local/lib/python3.12/site-packages/airflow/example_dags/example_branch_operator_decorator.py
[2026-04-10T03:23:52.210+0000] {processor.py:914} INFO - Processing file /home/airflow/.local/lib/python3.12/site-packages/airflow/example_dags/example_branch_operator_decorator.py for tasks to queue
[2026-04-10T03:23:52.211+0000] {logging_mixin.py:190} INFO - [2026-04-10T03:23:52.211+0000] {dagbag.py:588} INFO - Filling up the DagBag from /home/airflow/.local/lib/python3.12/site-packages/airflow/example_dags/example_branch_operator_decorator.py
[2026-04-10T03:23:52.229+0000] {processor.py:925} INFO - DAG(s) 'example_branch_python_operator_decorator' retrieved from /home/airflow/.local/lib/python3.12/site-packages/airflow/example_dags/example_branch_operator_decorator.py
[2026-04-10T03:23:52.259+0000] {logging_mixin.py:190} INFO - [2026-04-10T03:23:52.259+0000] {dag.py:3239} INFO - Sync 1 DAGs
[2026-04-10T03:23:52.278+0000] {logging_mixin.py:190} INFO - [2026-04-10T03:23:52.278+0000] {dag.py:4180} INFO - Setting next_dagrun for example_branch_python_operator_decorator to 2026-04-09 00:00:00+00:00, run_after=2026-04-10 00:00:00+00:00
[2026-04-10T03:23:52.291+0000] {processor.py:208} INFO - Processing /home/airflow/.local/lib/python3.12/site-packages/airflow/example_dags/example_branch_operator_decorator.py took 0.089 seconds
[2026-04-10T03:24:22.697+0000] {processor.py:186} INFO - Started process (PID=80116) to work on /home/airflow/.local/lib/python3.12/site-packages/airflow/example_dags/example_branch_operator_decorator.py
[2026-04-10T03:24:22.698+0000] {processor.py:914} INFO - Processing file /home/airflow/.local/lib/python3.12/site-packages/airflow/example_dags/example_branch_operator_decorator.py for tasks to queue
[2026-04-10T03:24:22.699+0000] {logging_mixin.py:190} INFO - [2026-04-10T03:24:22.698+0000] {dagbag.py:588} INFO - Filling up the DagBag from /home/airflow/.local/lib/python3.12/site-packages/airflow/example_dags/example_branch_operator_decorator.py
[2026-04-10T03:24:22.714+0000] {processor.py:925} INFO - DAG(s) 'example_branch_python_operator_decorator' retrieved from /home/airflow/.local/lib/python3.12/site-packages/airflow/example_dags/example_branch_operator_decorator.py
[2026-04-10T03:24:22.730+0000] {logging_mixin.py:190} INFO - [2026-04-10T03:24:22.729+0000] {dag.py:3239} INFO - Sync 1 DAGs
[2026-04-10T03:24:22.744+0000] {logging_mixin.py:190} INFO - [2026-04-10T03:24:22.743+0000] {dag.py:4180} INFO - Setting next_dagrun for example_branch_python_operator_decorator to 2026-04-09 00:00:00+00:00, run_after=2026-04-10 00:00:00+00:00
[2026-04-10T03:24:22.752+0000] {processor.py:208} INFO - Processing /home/airflow/.local/lib/python3.12/site-packages/airflow/example_dags/example_branch_operator_decorator.py took 0.058 seconds
[2026-04-10T03:24:53.049+0000] {processor.py:186} INFO - Started process (PID=80180) to work on /home/airflow/.local/lib/python3.12/site-packages/airflow/example_dags/example_branch_operator_decorator.py
[2026-04-10T03:24:53.050+0000] {processor.py:914} INFO - Processing file /home/airflow/.local/lib/python3.12/site-packages/airflow/example_dags/example_branch_operator_decorator.py for tasks to queue
[2026-04-10T03:24:53.052+0000] {logging_mixin.py:190} INFO - [2026-04-10T03:24:53.052+0000] {dagbag.py:588} INFO - Filling up the DagBag from /home/airflow/.local/lib/python3.12/site-packages/airflow/example_dags/example_branch_operator_decorator.py
[2026-04-10T03:24:53.061+0000] {processor.py:925} INFO - DAG(s) 'example_branch_python_operator_decorator' retrieved from /home/airflow/.local/lib/python3.12/site-packages/airflow/example_dags/example_branch_operator_decorator.py
[2026-04-10T03:24:53.074+0000] {logging_mixin.py:190} INFO - [2026-04-10T03:24:53.074+0000] {dag.py:3239} INFO - Sync 1 DAGs
[2026-04-10T03:24:53.084+0000] {logging_mixin.py:190} INFO - [2026-04-10T03:24:53.084+0000] {dag.py:4180} INFO - Setting next_dagrun for example_branch_python_operator_decorator to 2026-04-09 00:00:00+00:00, run_after=2026-04-10 00:00:00+00:00
[2026-04-10T03:24:53.095+0000] {processor.py:208} INFO - Processing /home/airflow/.local/lib/python3.12/site-packages/airflow/example_dags/example_branch_operator_decorator.py took 0.051 seconds
[2026-04-10T03:25:23.426+0000] {processor.py:186} INFO - Started process (PID=80244) to work on /home/airflow/.local/lib/python3.12/site-packages/airflow/example_dags/example_branch_operator_decorator.py
[2026-04-10T03:25:23.428+0000] {processor.py:914} INFO - Processing file /home/airflow/.local/lib/python3.12/site-packages/airflow/example_dags/example_branch_operator_decorator.py for tasks to queue
[2026-04-10T03:25:23.429+0000] {logging_mixin.py:190} INFO - [2026-04-10T03:25:23.429+0000] {dagbag.py:588} INFO - Filling up the DagBag from /home/airflow/.local/lib/python3.12/site-packages/airflow/example_dags/example_branch_operator_decorator.py
[2026-04-10T03:25:23.440+0000] {processor.py:925} INFO - DAG(s) 'example_branch_python_operator_decorator' retrieved from /home/airflow/.local/lib/python3.12/site-packages/airflow/example_dags/example_branch_operator_decorator.py
[2026-04-10T03:25:23.454+0000] {logging_mixin.py:190} INFO - [2026-04-10T03:25:23.454+0000] {dag.py:3239} INFO - Sync 1 DAGs
[2026-04-10T03:25:23.465+0000] {logging_mixin.py:190} INFO - [2026-04-10T03:25:23.465+0000] {dag.py:4180} INFO - Setting next_dagrun for example_branch_python_operator_decorator to 2026-04-09 00:00:00+00:00, run_after=2026-04-10 00:00:00+00:00
[2026-04-10T03:25:23.470+0000] {processor.py:208} INFO - Processing /home/airflow/.local/lib/python3.12/site-packages/airflow/example_dags/example_branch_operator_decorator.py took 0.047 seconds
[2026-04-10T03:25:53.967+0000] {processor.py:186} INFO - Started process (PID=80308) to work on /home/airflow/.local/lib/python3.12/site-packages/airflow/example_dags/example_branch_operator_decorator.py
[2026-04-10T03:25:53.968+0000] {processor.py:914} INFO - Processing file /home/airflow/.local/lib/python3.12/site-packages/airflow/example_dags/example_branch_operator_decorator.py for tasks to queue
[2026-04-10T03:25:53.969+0000] {logging_mixin.py:190} INFO - [2026-04-10T03:25:53.968+0000] {dagbag.py:588} INFO - Filling up the DagBag from /home/airflow/.local/lib/python3.12/site-packages/airflow/example_dags/example_branch_operator_decorator.py
[2026-04-10T03:25:53.982+0000] {processor.py:925} INFO - DAG(s) 'example_branch_python_operator_decorator' retrieved from /home/airflow/.local/lib/python3.12/site-packages/airflow/example_dags/example_branch_operator_decorator.py
[2026-04-10T03:25:53.992+0000] {logging_mixin.py:190} INFO - [2026-04-10T03:25:53.992+0000] {dag.py:3239} INFO - Sync 1 DAGs
[2026-04-10T03:25:54.002+0000] {logging_mixin.py:190} INFO - [2026-04-10T03:25:54.002+0000] {dag.py:4180} INFO - Setting next_dagrun for example_branch_python_operator_decorator to 2026-04-09 00:00:00+00:00, run_after=2026-04-10 00:00:00+00:00
[2026-04-10T03:25:54.011+0000] {processor.py:208} INFO - Processing /home/airflow/.local/lib/python3.12/site-packages/airflow/example_dags/example_branch_operator_decorator.py took 0.046 seconds
[2026-04-10T03:26:25.209+0000] {processor.py:186} INFO - Started process (PID=80372) to work on /home/airflow/.local/lib/python3.12/site-packages/airflow/example_dags/example_branch_operator_decorator.py
[2026-04-10T03:26:25.209+0000] {processor.py:914} INFO - Processing file /home/airflow/.local/lib/python3.12/site-packages/airflow/example_dags/example_branch_operator_decorator.py for tasks to queue
[2026-04-10T03:26:25.210+0000] {logging_mixin.py:190} INFO - [2026-04-10T03:26:25.209+0000] {dagbag.py:588} INFO - Filling up the DagBag from /home/airflow/.local/lib/python3.12/site-packages/airflow/example_dags/example_branch_operator_decorator.py
[2026-04-10T03:26:25.221+0000] {processor.py:925} INFO - DAG(s) 'example_branch_python_operator_decorator' retrieved from /home/airflow/.local/lib/python3.12/site-packages/airflow/example_dags/example_branch_operator_decorator.py
[2026-04-10T03:26:25.234+0000] {logging_mixin.py:190} INFO - [2026-04-10T03:26:25.233+0000] {dag.py:3239} INFO - Sync 1 DAGs
[2026-04-10T03:26:25.243+0000] {logging_mixin.py:190} INFO - [2026-04-10T03:26:25.243+0000] {dag.py:4180} INFO - Setting next_dagrun for example_branch_python_operator_decorator to 2026-04-09 00:00:00+00:00, run_after=2026-04-10 00:00:00+00:00
[2026-04-10T03:26:25.253+0000] {processor.py:208} INFO - Processing /home/airflow/.local/lib/python3.12/site-packages/airflow/example_dags/example_branch_operator_decorator.py took 0.047 seconds
[2026-04-10T03:26:55.634+0000] {processor.py:186} INFO - Started process (PID=80436) to work on /home/airflow/.local/lib/python3.12/site-packages/airflow/example_dags/example_branch_operator_decorator.py
[2026-04-10T03:26:55.635+0000] {processor.py:914} INFO - Processing file /home/airflow/.local/lib/python3.12/site-packages/airflow/example_dags/example_branch_operator_decorator.py for tasks to queue
[2026-04-10T03:26:55.635+0000] {logging_mixin.py:190} INFO - [2026-04-10T03:26:55.635+0000] {dagbag.py:588} INFO - Filling up the DagBag from /home/airflow/.local/lib/python3.12/site-packages/airflow/example_dags/example_branch_operator_decorator.py
[2026-04-10T03:26:55.644+0000] {processor.py:925} INFO - DAG(s) 'example_branch_python_operator_decorator' retrieved from /home/airflow/.local/lib/python3.12/site-packages/airflow/example_dags/example_branch_operator_decorator.py
[2026-04-10T03:26:55.655+0000] {logging_mixin.py:190} INFO - [2026-04-10T03:26:55.655+0000] {dag.py:3239} INFO - Sync 1 DAGs
[2026-04-10T03:26:55.669+0000] {logging_mixin.py:190} INFO - [2026-04-10T03:26:55.669+0000] {dag.py:4180} INFO - Setting next_dagrun for example_branch_python_operator_decorator to 2026-04-09 00:00:00+00:00, run_after=2026-04-10 00:00:00+00:00
[2026-04-10T03:26:55.683+0000] {processor.py:208} INFO - Processing /home/airflow/.local/lib/python3.12/site-packages/airflow/example_dags/example_branch_operator_decorator.py took 0.052 seconds
[2026-04-10T03:27:25.939+0000] {processor.py:186} INFO - Started process (PID=80500) to work on /home/airflow/.local/lib/python3.12/site-packages/airflow/example_dags/example_branch_operator_decorator.py
[2026-04-10T03:27:25.939+0000] {processor.py:914} INFO - Processing file /home/airflow/.local/lib/python3.12/site-packages/airflow/example_dags/example_branch_operator_decorator.py for tasks to queue
[2026-04-10T03:27:25.940+0000] {logging_mixin.py:190} INFO - [2026-04-10T03:27:25.940+0000] {dagbag.py:588} INFO - Filling up the DagBag from /home/airflow/.local/lib/python3.12/site-packages/airflow/example_dags/example_branch_operator_decorator.py
[2026-04-10T03:27:25.947+0000] {processor.py:925} INFO - DAG(s) 'example_branch_python_operator_decorator' retrieved from /home/airflow/.local/lib/python3.12/site-packages/airflow/example_dags/example_branch_operator_decorator.py
[2026-04-10T03:27:25.957+0000] {logging_mixin.py:190} INFO - [2026-04-10T03:27:25.957+0000] {dag.py:3239} INFO - Sync 1 DAGs
[2026-04-10T03:27:25.965+0000] {logging_mixin.py:190} INFO - [2026-04-10T03:27:25.965+0000] {dag.py:4180} INFO - Setting next_dagrun for example_branch_python_operator_decorator to 2026-04-09 00:00:00+00:00, run_after=2026-04-10 00:00:00+00:00
[2026-04-10T03:27:25.971+0000] {processor.py:208} INFO - Processing /home/airflow/.local/lib/python3.12/site-packages/airflow/example_dags/example_branch_operator_decorator.py took 0.034 seconds
[2026-04-10T03:27:56.439+0000] {processor.py:186} INFO - Started process (PID=80564) to work on /home/airflow/.local/lib/python3.12/site-packages/airflow/example_dags/example_branch_operator_decorator.py
[2026-04-10T03:27:56.441+0000] {processor.py:914} INFO - Processing file /home/airflow/.local/lib/python3.12/site-packages/airflow/example_dags/example_branch_operator_decorator.py for tasks to queue
[2026-04-10T03:27:56.441+0000] {logging_mixin.py:190} INFO - [2026-04-10T03:27:56.441+0000] {dagbag.py:588} INFO - Filling up the DagBag from /home/airflow/.local/lib/python3.12/site-packages/airflow/example_dags/example_branch_operator_decorator.py
[2026-04-10T03:27:56.451+0000] {processor.py:925} INFO - DAG(s) 'example_branch_python_operator_decorator' retrieved from /home/airflow/.local/lib/python3.12/site-packages/airflow/example_dags/example_branch_operator_decorator.py
[2026-04-10T03:27:56.465+0000] {logging_mixin.py:190} INFO - [2026-04-10T03:27:56.465+0000] {dag.py:3239} INFO - Sync 1 DAGs
[2026-04-10T03:27:56.476+0000] {logging_mixin.py:190} INFO - [2026-04-10T03:27:56.476+0000] {dag.py:4180} INFO - Setting next_dagrun for example_branch_python_operator_decorator to 2026-04-09 00:00:00+00:00, run_after=2026-04-10 00:00:00+00:00
[2026-04-10T03:27:56.486+0000] {processor.py:208} INFO - Processing /home/airflow/.local/lib/python3.12/site-packages/airflow/example_dags/example_branch_operator_decorator.py took 0.050 seconds
[2026-04-10T03:28:27.098+0000] {processor.py:186} INFO - Started process (PID=80628) to work on /home/airflow/.local/lib/python3.12/site-packages/airflow/example_dags/example_branch_operator_decorator.py
[2026-04-10T03:28:27.098+0000] {processor.py:914} INFO - Processing file /home/airflow/.local/lib/python3.12/site-packages/airflow/example_dags/example_branch_operator_decorator.py for tasks to queue
[2026-04-10T03:28:27.099+0000] {logging_mixin.py:190} INFO - [2026-04-10T03:28:27.099+0000] {dagbag.py:588} INFO - Filling up the DagBag from /home/airflow/.local/lib/python3.12/site-packages/airflow/example_dags/example_branch_operator_decorator.py
[2026-04-10T03:28:27.108+0000] {processor.py:925} INFO - DAG(s) 'example_branch_python_operator_decorator' retrieved from /home/airflow/.local/lib/python3.12/site-packages/airflow/example_dags/example_branch_operator_decorator.py
[2026-04-10T03:28:27.119+0000] {logging_mixin.py:190} INFO - [2026-04-10T03:28:27.118+0000] {dag.py:3239} INFO - Sync 1 DAGs
[2026-04-10T03:28:27.130+0000] {logging_mixin.py:190} INFO - [2026-04-10T03:28:27.130+0000] {dag.py:4180} INFO - Setting next_dagrun for example_branch_python_operator_decorator to 2026-04-09 00:00:00+00:00, run_after=2026-04-10 00:00:00+00:00
[2026-04-10T03:28:27.144+0000] {processor.py:208} INFO - Processing /home/airflow/.local/lib/python3.12/site-packages/airflow/example_dags/example_branch_operator_decorator.py took 0.049 seconds
[2026-04-10T03:28:57.467+0000] {processor.py:186} INFO - Started process (PID=80691) to work on /home/airflow/.local/lib/python3.12/site-packages/airflow/example_dags/example_branch_operator_decorator.py
[2026-04-10T03:28:57.468+0000] {processor.py:914} INFO - Processing file /home/airflow/.local/lib/python3.12/site-packages/airflow/example_dags/example_branch_operator_decorator.py for tasks to queue
[2026-04-10T03:28:57.469+0000] {logging_mixin.py:190} INFO - [2026-04-10T03:28:57.469+0000] {dagbag.py:588} INFO - Filling up the DagBag from /home/airflow/.local/lib/python3.12/site-packages/airflow/example_dags/example_branch_operator_decorator.py
[2026-04-10T03:28:57.480+0000] {processor.py:925} INFO - DAG(s) 'example_branch_python_operator_decorator' retrieved from /home/airflow/.local/lib/python3.12/site-packages/airflow/example_dags/example_branch_operator_decorator.py
[2026-04-10T03:28:57.493+0000] {logging_mixin.py:190} INFO - [2026-04-10T03:28:57.493+0000] {dag.py:3239} INFO - Sync 1 DAGs
[2026-04-10T03:28:57.502+0000] {logging_mixin.py:190} INFO - [2026-04-10T03:28:57.502+0000] {dag.py:4180} INFO - Setting next_dagrun for example_branch_python_operator_decorator to 2026-04-09 00:00:00+00:00, run_after=2026-04-10 00:00:00+00:00
[2026-04-10T03:28:57.512+0000] {processor.py:208} INFO - Processing /home/airflow/.local/lib/python3.12/site-packages/airflow/example_dags/example_branch_operator_decorator.py took 0.047 seconds
[2026-04-10T03:29:27.885+0000] {processor.py:186} INFO - Started process (PID=80755) to work on /home/airflow/.local/lib/python3.12/site-packages/airflow/example_dags/example_branch_operator_decorator.py
[2026-04-10T03:29:27.886+0000] {processor.py:914} INFO - Processing file /home/airflow/.local/lib/python3.12/site-packages/airflow/example_dags/example_branch_operator_decorator.py for tasks to queue
[2026-04-10T03:29:27.886+0000] {logging_mixin.py:190} INFO - [2026-04-10T03:29:27.886+0000] {dagbag.py:588} INFO - Filling up the DagBag from /home/airflow/.local/lib/python3.12/site-packages/airflow/example_dags/example_branch_operator_decorator.py
[2026-04-10T03:29:27.893+0000] {processor.py:925} INFO - DAG(s) 'example_branch_python_operator_decorator' retrieved from /home/airflow/.local/lib/python3.12/site-packages/airflow/example_dags/example_branch_operator_decorator.py
[2026-04-10T03:29:27.901+0000] {logging_mixin.py:190} INFO - [2026-04-10T03:29:27.901+0000] {dag.py:3239} INFO - Sync 1 DAGs
[2026-04-10T03:29:27.909+0000] {logging_mixin.py:190} INFO - [2026-04-10T03:29:27.909+0000] {dag.py:4180} INFO - Setting next_dagrun for example_branch_python_operator_decorator to 2026-04-09 00:00:00+00:00, run_after=2026-04-10 00:00:00+00:00
[2026-04-10T03:29:27.914+0000] {processor.py:208} INFO - Processing /home/airflow/.local/lib/python3.12/site-packages/airflow/example_dags/example_branch_operator_decorator.py took 0.030 seconds
[2026-04-10T03:29:58.553+0000] {processor.py:186} INFO - Started process (PID=80819) to work on /home/airflow/.local/lib/python3.12/site-packages/airflow/example_dags/example_branch_operator_decorator.py
[2026-04-10T03:29:58.553+0000] {processor.py:914} INFO - Processing file /home/airflow/.local/lib/python3.12/site-packages/airflow/example_dags/example_branch_operator_decorator.py for tasks to queue
[2026-04-10T03:29:58.555+0000] {logging_mixin.py:190} INFO - [2026-04-10T03:29:58.555+0000] {dagbag.py:588} INFO - Filling up the DagBag from /home/airflow/.local/lib/python3.12/site-packages/airflow/example_dags/example_branch_operator_decorator.py
[2026-04-10T03:29:58.567+0000] {processor.py:925} INFO - DAG(s) 'example_branch_python_operator_decorator' retrieved from /home/airflow/.local/lib/python3.12/site-packages/airflow/example_dags/example_branch_operator_decorator.py
[2026-04-10T03:29:58.582+0000] {logging_mixin.py:190} INFO - [2026-04-10T03:29:58.581+0000] {dag.py:3239} INFO - Sync 1 DAGs
[2026-04-10T03:29:58.592+0000] {logging_mixin.py:190} INFO - [2026-04-10T03:29:58.591+0000] {dag.py:4180} INFO - Setting next_dagrun for example_branch_python_operator_decorator to 2026-04-09 00:00:00+00:00, run_after=2026-04-10 00:00:00+00:00
[2026-04-10T03:29:58.598+0000] {processor.py:208} INFO - Processing /home/airflow/.local/lib/python3.12/site-packages/airflow/example_dags/example_branch_operator_decorator.py took 0.048 seconds
[2026-04-10T03:30:28.776+0000] {processor.py:186} INFO - Started process (PID=80883) to work on /home/airflow/.local/lib/python3.12/site-packages/airflow/example_dags/example_branch_operator_decorator.py
[2026-04-10T03:30:28.776+0000] {processor.py:914} INFO - Processing file /home/airflow/.local/lib/python3.12/site-packages/airflow/example_dags/example_branch_operator_decorator.py for tasks to queue
[2026-04-10T03:30:28.777+0000] {logging_mixin.py:190} INFO - [2026-04-10T03:30:28.776+0000] {dagbag.py:588} INFO - Filling up the DagBag from /home/airflow/.local/lib/python3.12/site-packages/airflow/example_dags/example_branch_operator_decorator.py
[2026-04-10T03:30:28.784+0000] {processor.py:925} INFO - DAG(s) 'example_branch_python_operator_decorator' retrieved from /home/airflow/.local/lib/python3.12/site-packages/airflow/example_dags/example_branch_operator_decorator.py
[2026-04-10T03:30:28.793+0000] {logging_mixin.py:190} INFO - [2026-04-10T03:30:28.793+0000] {dag.py:3239} INFO - Sync 1 DAGs
[2026-04-10T03:30:28.801+0000] {logging_mixin.py:190} INFO - [2026-04-10T03:30:28.801+0000] {dag.py:4180} INFO - Setting next_dagrun for example_branch_python_operator_decorator to 2026-04-09 00:00:00+00:00, run_after=2026-04-10 00:00:00+00:00
[2026-04-10T03:30:28.807+0000] {processor.py:208} INFO - Processing /home/airflow/.local/lib/python3.12/site-packages/airflow/example_dags/example_branch_operator_decorator.py took 0.034 seconds
[2026-04-10T03:30:59.002+0000] {processor.py:186} INFO - Started process (PID=80946) to work on /home/airflow/.local/lib/python3.12/site-packages/airflow/example_dags/example_branch_operator_decorator.py
[2026-04-10T03:30:59.004+0000] {processor.py:914} INFO - Processing file /home/airflow/.local/lib/python3.12/site-packages/airflow/example_dags/example_branch_operator_decorator.py for tasks to queue
[2026-04-10T03:30:59.006+0000] {logging_mixin.py:190} INFO - [2026-04-10T03:30:59.006+0000] {dagbag.py:588} INFO - Filling up the DagBag from /home/airflow/.local/lib/python3.12/site-packages/airflow/example_dags/example_branch_operator_decorator.py
[2026-04-10T03:30:59.016+0000] {processor.py:925} INFO - DAG(s) 'example_branch_python_operator_decorator' retrieved from /home/airflow/.local/lib/python3.12/site-packages/airflow/example_dags/example_branch_operator_decorator.py
[2026-04-10T03:30:59.029+0000] {logging_mixin.py:190} INFO - [2026-04-10T03:30:59.029+0000] {dag.py:3239} INFO - Sync 1 DAGs
[2026-04-10T03:30:59.041+0000] {logging_mixin.py:190} INFO - [2026-04-10T03:30:59.041+0000] {dag.py:4180} INFO - Setting next_dagrun for example_branch_python_operator_decorator to 2026-04-09 00:00:00+00:00, run_after=2026-04-10 00:00:00+00:00
[2026-04-10T03:30:59.046+0000] {processor.py:208} INFO - Processing /home/airflow/.local/lib/python3.12/site-packages/airflow/example_dags/example_branch_operator_decorator.py took 0.047 seconds
