[2026-04-10T00:07:15.512+0000] {processor.py:186} INFO - Started process (PID=78574) to work on /home/airflow/.local/lib/python3.12/site-packages/airflow/example_dags/example_skip_dag.py
[2026-04-10T00:07:15.513+0000] {processor.py:914} INFO - Processing file /home/airflow/.local/lib/python3.12/site-packages/airflow/example_dags/example_skip_dag.py for tasks to queue
[2026-04-10T00:07:15.513+0000] {logging_mixin.py:190} INFO - [2026-04-10T00:07:15.513+0000] {dagbag.py:588} INFO - Filling up the DagBag from /home/airflow/.local/lib/python3.12/site-packages/airflow/example_dags/example_skip_dag.py
[2026-04-10T00:07:15.518+0000] {processor.py:925} INFO - DAG(s) 'example_skip_dag' retrieved from /home/airflow/.local/lib/python3.12/site-packages/airflow/example_dags/example_skip_dag.py
[2026-04-10T00:07:15.529+0000] {logging_mixin.py:190} INFO - [2026-04-10T00:07:15.529+0000] {dag.py:3239} INFO - Sync 1 DAGs
[2026-04-10T00:07:15.541+0000] {logging_mixin.py:190} INFO - [2026-04-10T00:07:15.541+0000] {dag.py:4180} INFO - Setting next_dagrun for example_skip_dag to 2026-04-09 00:00:00+00:00, run_after=2026-04-10 00:00:00+00:00
[2026-04-10T00:07:15.550+0000] {processor.py:208} INFO - Processing /home/airflow/.local/lib/python3.12/site-packages/airflow/example_dags/example_skip_dag.py took 0.041 seconds
[2026-04-10T00:22:48.362+0000] {processor.py:186} INFO - Started process (PID=78638) to work on /home/airflow/.local/lib/python3.12/site-packages/airflow/example_dags/example_skip_dag.py
[2026-04-10T00:22:48.363+0000] {processor.py:914} INFO - Processing file /home/airflow/.local/lib/python3.12/site-packages/airflow/example_dags/example_skip_dag.py for tasks to queue
[2026-04-10T00:22:48.364+0000] {logging_mixin.py:190} INFO - [2026-04-10T00:22:48.364+0000] {dagbag.py:588} INFO - Filling up the DagBag from /home/airflow/.local/lib/python3.12/site-packages/airflow/example_dags/example_skip_dag.py
[2026-04-10T00:22:48.368+0000] {processor.py:925} INFO - DAG(s) 'example_skip_dag' retrieved from /home/airflow/.local/lib/python3.12/site-packages/airflow/example_dags/example_skip_dag.py
[2026-04-10T00:22:48.384+0000] {logging_mixin.py:190} INFO - [2026-04-10T00:22:48.384+0000] {dag.py:3239} INFO - Sync 1 DAGs
[2026-04-10T00:22:48.397+0000] {logging_mixin.py:190} INFO - [2026-04-10T00:22:48.397+0000] {dag.py:4180} INFO - Setting next_dagrun for example_skip_dag to 2026-04-09 00:00:00+00:00, run_after=2026-04-10 00:00:00+00:00
[2026-04-10T00:22:48.404+0000] {processor.py:208} INFO - Processing /home/airflow/.local/lib/python3.12/site-packages/airflow/example_dags/example_skip_dag.py took 0.045 seconds
[2026-04-10T00:23:19.332+0000] {processor.py:186} INFO - Started process (PID=78702) to work on /home/airflow/.local/lib/python3.12/site-packages/airflow/example_dags/example_skip_dag.py
[2026-04-10T00:23:19.332+0000] {processor.py:914} INFO - Processing file /home/airflow/.local/lib/python3.12/site-packages/airflow/example_dags/example_skip_dag.py for tasks to queue
[2026-04-10T00:23:19.333+0000] {logging_mixin.py:190} INFO - [2026-04-10T00:23:19.333+0000] {dagbag.py:588} INFO - Filling up the DagBag from /home/airflow/.local/lib/python3.12/site-packages/airflow/example_dags/example_skip_dag.py
[2026-04-10T00:23:19.336+0000] {processor.py:925} INFO - DAG(s) 'example_skip_dag' retrieved from /home/airflow/.local/lib/python3.12/site-packages/airflow/example_dags/example_skip_dag.py
[2026-04-10T00:23:19.345+0000] {logging_mixin.py:190} INFO - [2026-04-10T00:23:19.345+0000] {dag.py:3239} INFO - Sync 1 DAGs
[2026-04-10T00:23:19.354+0000] {logging_mixin.py:190} INFO - [2026-04-10T00:23:19.354+0000] {dag.py:4180} INFO - Setting next_dagrun for example_skip_dag to 2026-04-09 00:00:00+00:00, run_after=2026-04-10 00:00:00+00:00
[2026-04-10T00:23:19.363+0000] {processor.py:208} INFO - Processing /home/airflow/.local/lib/python3.12/site-packages/airflow/example_dags/example_skip_dag.py took 0.033 seconds
[2026-04-10T00:38:49.186+0000] {processor.py:186} INFO - Started process (PID=78766) to work on /home/airflow/.local/lib/python3.12/site-packages/airflow/example_dags/example_skip_dag.py
[2026-04-10T00:38:49.187+0000] {processor.py:914} INFO - Processing file /home/airflow/.local/lib/python3.12/site-packages/airflow/example_dags/example_skip_dag.py for tasks to queue
[2026-04-10T00:38:49.187+0000] {logging_mixin.py:190} INFO - [2026-04-10T00:38:49.187+0000] {dagbag.py:588} INFO - Filling up the DagBag from /home/airflow/.local/lib/python3.12/site-packages/airflow/example_dags/example_skip_dag.py
[2026-04-10T00:38:49.191+0000] {processor.py:925} INFO - DAG(s) 'example_skip_dag' retrieved from /home/airflow/.local/lib/python3.12/site-packages/airflow/example_dags/example_skip_dag.py
[2026-04-10T00:38:49.204+0000] {logging_mixin.py:190} INFO - [2026-04-10T00:38:49.204+0000] {dag.py:3239} INFO - Sync 1 DAGs
[2026-04-10T00:38:49.212+0000] {logging_mixin.py:190} INFO - [2026-04-10T00:38:49.212+0000] {dag.py:4180} INFO - Setting next_dagrun for example_skip_dag to 2026-04-09 00:00:00+00:00, run_after=2026-04-10 00:00:00+00:00
[2026-04-10T00:38:49.218+0000] {processor.py:208} INFO - Processing /home/airflow/.local/lib/python3.12/site-packages/airflow/example_dags/example_skip_dag.py took 0.034 seconds
[2026-04-10T00:41:53.613+0000] {processor.py:186} INFO - Started process (PID=78830) to work on /home/airflow/.local/lib/python3.12/site-packages/airflow/example_dags/example_skip_dag.py
[2026-04-10T00:41:53.614+0000] {processor.py:914} INFO - Processing file /home/airflow/.local/lib/python3.12/site-packages/airflow/example_dags/example_skip_dag.py for tasks to queue
[2026-04-10T00:41:53.614+0000] {logging_mixin.py:190} INFO - [2026-04-10T00:41:53.614+0000] {dagbag.py:588} INFO - Filling up the DagBag from /home/airflow/.local/lib/python3.12/site-packages/airflow/example_dags/example_skip_dag.py
[2026-04-10T00:41:53.618+0000] {processor.py:925} INFO - DAG(s) 'example_skip_dag' retrieved from /home/airflow/.local/lib/python3.12/site-packages/airflow/example_dags/example_skip_dag.py
[2026-04-10T00:41:53.631+0000] {logging_mixin.py:190} INFO - [2026-04-10T00:41:53.631+0000] {dag.py:3239} INFO - Sync 1 DAGs
[2026-04-10T00:41:53.639+0000] {logging_mixin.py:190} INFO - [2026-04-10T00:41:53.639+0000] {dag.py:4180} INFO - Setting next_dagrun for example_skip_dag to 2026-04-09 00:00:00+00:00, run_after=2026-04-10 00:00:00+00:00
[2026-04-10T00:41:53.645+0000] {processor.py:208} INFO - Processing /home/airflow/.local/lib/python3.12/site-packages/airflow/example_dags/example_skip_dag.py took 0.034 seconds
[2026-04-10T00:42:24.910+0000] {processor.py:186} INFO - Started process (PID=78894) to work on /home/airflow/.local/lib/python3.12/site-packages/airflow/example_dags/example_skip_dag.py
[2026-04-10T00:42:24.911+0000] {processor.py:914} INFO - Processing file /home/airflow/.local/lib/python3.12/site-packages/airflow/example_dags/example_skip_dag.py for tasks to queue
[2026-04-10T00:42:24.912+0000] {logging_mixin.py:190} INFO - [2026-04-10T00:42:24.912+0000] {dagbag.py:588} INFO - Filling up the DagBag from /home/airflow/.local/lib/python3.12/site-packages/airflow/example_dags/example_skip_dag.py
[2026-04-10T00:42:24.917+0000] {processor.py:925} INFO - DAG(s) 'example_skip_dag' retrieved from /home/airflow/.local/lib/python3.12/site-packages/airflow/example_dags/example_skip_dag.py
[2026-04-10T00:42:24.925+0000] {logging_mixin.py:190} INFO - [2026-04-10T00:42:24.925+0000] {dag.py:3239} INFO - Sync 1 DAGs
[2026-04-10T00:42:24.933+0000] {logging_mixin.py:190} INFO - [2026-04-10T00:42:24.933+0000] {dag.py:4180} INFO - Setting next_dagrun for example_skip_dag to 2026-04-09 00:00:00+00:00, run_after=2026-04-10 00:00:00+00:00
[2026-04-10T00:42:24.941+0000] {processor.py:208} INFO - Processing /home/airflow/.local/lib/python3.12/site-packages/airflow/example_dags/example_skip_dag.py took 0.033 seconds
[2026-04-10T00:57:55.279+0000] {processor.py:186} INFO - Started process (PID=78958) to work on /home/airflow/.local/lib/python3.12/site-packages/airflow/example_dags/example_skip_dag.py
[2026-04-10T00:57:55.280+0000] {processor.py:914} INFO - Processing file /home/airflow/.local/lib/python3.12/site-packages/airflow/example_dags/example_skip_dag.py for tasks to queue
[2026-04-10T00:57:55.281+0000] {logging_mixin.py:190} INFO - [2026-04-10T00:57:55.280+0000] {dagbag.py:588} INFO - Filling up the DagBag from /home/airflow/.local/lib/python3.12/site-packages/airflow/example_dags/example_skip_dag.py
[2026-04-10T00:57:55.284+0000] {processor.py:925} INFO - DAG(s) 'example_skip_dag' retrieved from /home/airflow/.local/lib/python3.12/site-packages/airflow/example_dags/example_skip_dag.py
[2026-04-10T00:57:55.291+0000] {logging_mixin.py:190} INFO - [2026-04-10T00:57:55.291+0000] {dag.py:3239} INFO - Sync 1 DAGs
[2026-04-10T00:57:55.299+0000] {logging_mixin.py:190} INFO - [2026-04-10T00:57:55.299+0000] {dag.py:4180} INFO - Setting next_dagrun for example_skip_dag to 2026-04-09 00:00:00+00:00, run_after=2026-04-10 00:00:00+00:00
[2026-04-10T00:57:55.306+0000] {processor.py:208} INFO - Processing /home/airflow/.local/lib/python3.12/site-packages/airflow/example_dags/example_skip_dag.py took 0.029 seconds
[2026-04-10T01:13:28.616+0000] {processor.py:186} INFO - Started process (PID=79022) to work on /home/airflow/.local/lib/python3.12/site-packages/airflow/example_dags/example_skip_dag.py
[2026-04-10T01:13:28.620+0000] {processor.py:914} INFO - Processing file /home/airflow/.local/lib/python3.12/site-packages/airflow/example_dags/example_skip_dag.py for tasks to queue
[2026-04-10T01:13:28.624+0000] {logging_mixin.py:190} INFO - [2026-04-10T01:13:28.623+0000] {dagbag.py:588} INFO - Filling up the DagBag from /home/airflow/.local/lib/python3.12/site-packages/airflow/example_dags/example_skip_dag.py
[2026-04-10T01:13:28.644+0000] {processor.py:925} INFO - DAG(s) 'example_skip_dag' retrieved from /home/airflow/.local/lib/python3.12/site-packages/airflow/example_dags/example_skip_dag.py
[2026-04-10T01:13:28.687+0000] {logging_mixin.py:190} INFO - [2026-04-10T01:13:28.686+0000] {dag.py:3239} INFO - Sync 1 DAGs
[2026-04-10T01:13:28.732+0000] {logging_mixin.py:190} INFO - [2026-04-10T01:13:28.732+0000] {dag.py:4180} INFO - Setting next_dagrun for example_skip_dag to 2026-04-09 00:00:00+00:00, run_after=2026-04-10 00:00:00+00:00
[2026-04-10T01:13:28.771+0000] {processor.py:208} INFO - Processing /home/airflow/.local/lib/python3.12/site-packages/airflow/example_dags/example_skip_dag.py took 0.166 seconds
[2026-04-10T01:13:59.139+0000] {processor.py:186} INFO - Started process (PID=79085) to work on /home/airflow/.local/lib/python3.12/site-packages/airflow/example_dags/example_skip_dag.py
[2026-04-10T01:13:59.140+0000] {processor.py:914} INFO - Processing file /home/airflow/.local/lib/python3.12/site-packages/airflow/example_dags/example_skip_dag.py for tasks to queue
[2026-04-10T01:13:59.140+0000] {logging_mixin.py:190} INFO - [2026-04-10T01:13:59.140+0000] {dagbag.py:588} INFO - Filling up the DagBag from /home/airflow/.local/lib/python3.12/site-packages/airflow/example_dags/example_skip_dag.py
[2026-04-10T01:13:59.145+0000] {processor.py:925} INFO - DAG(s) 'example_skip_dag' retrieved from /home/airflow/.local/lib/python3.12/site-packages/airflow/example_dags/example_skip_dag.py
[2026-04-10T01:13:59.153+0000] {logging_mixin.py:190} INFO - [2026-04-10T01:13:59.153+0000] {dag.py:3239} INFO - Sync 1 DAGs
[2026-04-10T01:13:59.161+0000] {logging_mixin.py:190} INFO - [2026-04-10T01:13:59.161+0000] {dag.py:4180} INFO - Setting next_dagrun for example_skip_dag to 2026-04-09 00:00:00+00:00, run_after=2026-04-10 00:00:00+00:00
[2026-04-10T01:13:59.168+0000] {processor.py:208} INFO - Processing /home/airflow/.local/lib/python3.12/site-packages/airflow/example_dags/example_skip_dag.py took 0.031 seconds
[2026-04-10T01:29:26.601+0000] {processor.py:186} INFO - Started process (PID=79149) to work on /home/airflow/.local/lib/python3.12/site-packages/airflow/example_dags/example_skip_dag.py
[2026-04-10T01:29:26.602+0000] {processor.py:914} INFO - Processing file /home/airflow/.local/lib/python3.12/site-packages/airflow/example_dags/example_skip_dag.py for tasks to queue
[2026-04-10T01:29:26.602+0000] {logging_mixin.py:190} INFO - [2026-04-10T01:29:26.602+0000] {dagbag.py:588} INFO - Filling up the DagBag from /home/airflow/.local/lib/python3.12/site-packages/airflow/example_dags/example_skip_dag.py
[2026-04-10T01:29:26.606+0000] {processor.py:925} INFO - DAG(s) 'example_skip_dag' retrieved from /home/airflow/.local/lib/python3.12/site-packages/airflow/example_dags/example_skip_dag.py
[2026-04-10T01:29:26.616+0000] {logging_mixin.py:190} INFO - [2026-04-10T01:29:26.616+0000] {dag.py:3239} INFO - Sync 1 DAGs
[2026-04-10T01:29:26.623+0000] {logging_mixin.py:190} INFO - [2026-04-10T01:29:26.623+0000] {dag.py:4180} INFO - Setting next_dagrun for example_skip_dag to 2026-04-09 00:00:00+00:00, run_after=2026-04-10 00:00:00+00:00
[2026-04-10T01:29:26.632+0000] {processor.py:208} INFO - Processing /home/airflow/.local/lib/python3.12/site-packages/airflow/example_dags/example_skip_dag.py took 0.034 seconds
[2026-04-10T01:29:57.083+0000] {processor.py:186} INFO - Started process (PID=79213) to work on /home/airflow/.local/lib/python3.12/site-packages/airflow/example_dags/example_skip_dag.py
[2026-04-10T01:29:57.083+0000] {processor.py:914} INFO - Processing file /home/airflow/.local/lib/python3.12/site-packages/airflow/example_dags/example_skip_dag.py for tasks to queue
[2026-04-10T01:29:57.084+0000] {logging_mixin.py:190} INFO - [2026-04-10T01:29:57.084+0000] {dagbag.py:588} INFO - Filling up the DagBag from /home/airflow/.local/lib/python3.12/site-packages/airflow/example_dags/example_skip_dag.py
[2026-04-10T01:29:57.088+0000] {processor.py:925} INFO - DAG(s) 'example_skip_dag' retrieved from /home/airflow/.local/lib/python3.12/site-packages/airflow/example_dags/example_skip_dag.py
[2026-04-10T01:29:57.097+0000] {logging_mixin.py:190} INFO - [2026-04-10T01:29:57.097+0000] {dag.py:3239} INFO - Sync 1 DAGs
[2026-04-10T01:29:57.105+0000] {logging_mixin.py:190} INFO - [2026-04-10T01:29:57.104+0000] {dag.py:4180} INFO - Setting next_dagrun for example_skip_dag to 2026-04-09 00:00:00+00:00, run_after=2026-04-10 00:00:00+00:00
[2026-04-10T01:29:57.110+0000] {processor.py:208} INFO - Processing /home/airflow/.local/lib/python3.12/site-packages/airflow/example_dags/example_skip_dag.py took 0.029 seconds
[2026-04-10T01:43:16.388+0000] {processor.py:186} INFO - Started process (PID=79277) to work on /home/airflow/.local/lib/python3.12/site-packages/airflow/example_dags/example_skip_dag.py
[2026-04-10T01:43:16.389+0000] {processor.py:914} INFO - Processing file /home/airflow/.local/lib/python3.12/site-packages/airflow/example_dags/example_skip_dag.py for tasks to queue
[2026-04-10T01:43:16.389+0000] {logging_mixin.py:190} INFO - [2026-04-10T01:43:16.389+0000] {dagbag.py:588} INFO - Filling up the DagBag from /home/airflow/.local/lib/python3.12/site-packages/airflow/example_dags/example_skip_dag.py
[2026-04-10T01:43:16.395+0000] {processor.py:925} INFO - DAG(s) 'example_skip_dag' retrieved from /home/airflow/.local/lib/python3.12/site-packages/airflow/example_dags/example_skip_dag.py
[2026-04-10T01:43:16.402+0000] {logging_mixin.py:190} INFO - [2026-04-10T01:43:16.402+0000] {dag.py:3239} INFO - Sync 1 DAGs
[2026-04-10T01:43:16.411+0000] {logging_mixin.py:190} INFO - [2026-04-10T01:43:16.411+0000] {dag.py:4180} INFO - Setting next_dagrun for example_skip_dag to 2026-04-09 00:00:00+00:00, run_after=2026-04-10 00:00:00+00:00
[2026-04-10T01:43:16.417+0000] {processor.py:208} INFO - Processing /home/airflow/.local/lib/python3.12/site-packages/airflow/example_dags/example_skip_dag.py took 0.031 seconds
[2026-04-10T01:58:48.239+0000] {processor.py:186} INFO - Started process (PID=79341) to work on /home/airflow/.local/lib/python3.12/site-packages/airflow/example_dags/example_skip_dag.py
[2026-04-10T01:58:48.240+0000] {processor.py:914} INFO - Processing file /home/airflow/.local/lib/python3.12/site-packages/airflow/example_dags/example_skip_dag.py for tasks to queue
[2026-04-10T01:58:48.242+0000] {logging_mixin.py:190} INFO - [2026-04-10T01:58:48.242+0000] {dagbag.py:588} INFO - Filling up the DagBag from /home/airflow/.local/lib/python3.12/site-packages/airflow/example_dags/example_skip_dag.py
[2026-04-10T01:58:48.245+0000] {processor.py:925} INFO - DAG(s) 'example_skip_dag' retrieved from /home/airflow/.local/lib/python3.12/site-packages/airflow/example_dags/example_skip_dag.py
[2026-04-10T01:58:48.253+0000] {logging_mixin.py:190} INFO - [2026-04-10T01:58:48.253+0000] {dag.py:3239} INFO - Sync 1 DAGs
[2026-04-10T01:58:48.261+0000] {logging_mixin.py:190} INFO - [2026-04-10T01:58:48.261+0000] {dag.py:4180} INFO - Setting next_dagrun for example_skip_dag to 2026-04-09 00:00:00+00:00, run_after=2026-04-10 00:00:00+00:00
[2026-04-10T01:58:48.273+0000] {processor.py:208} INFO - Processing /home/airflow/.local/lib/python3.12/site-packages/airflow/example_dags/example_skip_dag.py took 0.036 seconds
[2026-04-10T01:59:19.539+0000] {processor.py:186} INFO - Started process (PID=79405) to work on /home/airflow/.local/lib/python3.12/site-packages/airflow/example_dags/example_skip_dag.py
[2026-04-10T01:59:19.542+0000] {processor.py:914} INFO - Processing file /home/airflow/.local/lib/python3.12/site-packages/airflow/example_dags/example_skip_dag.py for tasks to queue
[2026-04-10T01:59:19.543+0000] {logging_mixin.py:190} INFO - [2026-04-10T01:59:19.542+0000] {dagbag.py:588} INFO - Filling up the DagBag from /home/airflow/.local/lib/python3.12/site-packages/airflow/example_dags/example_skip_dag.py
[2026-04-10T01:59:19.546+0000] {processor.py:925} INFO - DAG(s) 'example_skip_dag' retrieved from /home/airflow/.local/lib/python3.12/site-packages/airflow/example_dags/example_skip_dag.py
[2026-04-10T01:59:19.555+0000] {logging_mixin.py:190} INFO - [2026-04-10T01:59:19.555+0000] {dag.py:3239} INFO - Sync 1 DAGs
[2026-04-10T01:59:19.562+0000] {logging_mixin.py:190} INFO - [2026-04-10T01:59:19.562+0000] {dag.py:4180} INFO - Setting next_dagrun for example_skip_dag to 2026-04-09 00:00:00+00:00, run_after=2026-04-10 00:00:00+00:00
[2026-04-10T01:59:19.570+0000] {processor.py:208} INFO - Processing /home/airflow/.local/lib/python3.12/site-packages/airflow/example_dags/example_skip_dag.py took 0.033 seconds
[2026-04-10T02:14:51.956+0000] {processor.py:186} INFO - Started process (PID=79469) to work on /home/airflow/.local/lib/python3.12/site-packages/airflow/example_dags/example_skip_dag.py
[2026-04-10T02:14:51.956+0000] {processor.py:914} INFO - Processing file /home/airflow/.local/lib/python3.12/site-packages/airflow/example_dags/example_skip_dag.py for tasks to queue
[2026-04-10T02:14:51.957+0000] {logging_mixin.py:190} INFO - [2026-04-10T02:14:51.957+0000] {dagbag.py:588} INFO - Filling up the DagBag from /home/airflow/.local/lib/python3.12/site-packages/airflow/example_dags/example_skip_dag.py
[2026-04-10T02:14:51.960+0000] {processor.py:925} INFO - DAG(s) 'example_skip_dag' retrieved from /home/airflow/.local/lib/python3.12/site-packages/airflow/example_dags/example_skip_dag.py
[2026-04-10T02:14:51.968+0000] {logging_mixin.py:190} INFO - [2026-04-10T02:14:51.968+0000] {dag.py:3239} INFO - Sync 1 DAGs
[2026-04-10T02:14:51.975+0000] {logging_mixin.py:190} INFO - [2026-04-10T02:14:51.975+0000] {dag.py:4180} INFO - Setting next_dagrun for example_skip_dag to 2026-04-09 00:00:00+00:00, run_after=2026-04-10 00:00:00+00:00
[2026-04-10T02:14:51.981+0000] {processor.py:208} INFO - Processing /home/airflow/.local/lib/python3.12/site-packages/airflow/example_dags/example_skip_dag.py took 0.028 seconds
[2026-04-10T02:20:02.596+0000] {processor.py:186} INFO - Started process (PID=79533) to work on /home/airflow/.local/lib/python3.12/site-packages/airflow/example_dags/example_skip_dag.py
[2026-04-10T02:20:02.597+0000] {processor.py:914} INFO - Processing file /home/airflow/.local/lib/python3.12/site-packages/airflow/example_dags/example_skip_dag.py for tasks to queue
[2026-04-10T02:20:02.598+0000] {logging_mixin.py:190} INFO - [2026-04-10T02:20:02.598+0000] {dagbag.py:588} INFO - Filling up the DagBag from /home/airflow/.local/lib/python3.12/site-packages/airflow/example_dags/example_skip_dag.py
[2026-04-10T02:20:02.605+0000] {processor.py:925} INFO - DAG(s) 'example_skip_dag' retrieved from /home/airflow/.local/lib/python3.12/site-packages/airflow/example_dags/example_skip_dag.py
[2026-04-10T02:20:02.627+0000] {logging_mixin.py:190} INFO - [2026-04-10T02:20:02.627+0000] {dag.py:3239} INFO - Sync 1 DAGs
[2026-04-10T02:20:02.638+0000] {logging_mixin.py:190} INFO - [2026-04-10T02:20:02.638+0000] {dag.py:4180} INFO - Setting next_dagrun for example_skip_dag to 2026-04-09 00:00:00+00:00, run_after=2026-04-10 00:00:00+00:00
[2026-04-10T02:20:02.646+0000] {processor.py:208} INFO - Processing /home/airflow/.local/lib/python3.12/site-packages/airflow/example_dags/example_skip_dag.py took 0.054 seconds
[2026-04-10T02:20:33.230+0000] {processor.py:186} INFO - Started process (PID=79597) to work on /home/airflow/.local/lib/python3.12/site-packages/airflow/example_dags/example_skip_dag.py
[2026-04-10T02:20:33.230+0000] {processor.py:914} INFO - Processing file /home/airflow/.local/lib/python3.12/site-packages/airflow/example_dags/example_skip_dag.py for tasks to queue
[2026-04-10T02:20:33.232+0000] {logging_mixin.py:190} INFO - [2026-04-10T02:20:33.231+0000] {dagbag.py:588} INFO - Filling up the DagBag from /home/airflow/.local/lib/python3.12/site-packages/airflow/example_dags/example_skip_dag.py
[2026-04-10T02:20:33.236+0000] {processor.py:925} INFO - DAG(s) 'example_skip_dag' retrieved from /home/airflow/.local/lib/python3.12/site-packages/airflow/example_dags/example_skip_dag.py
[2026-04-10T02:20:33.248+0000] {logging_mixin.py:190} INFO - [2026-04-10T02:20:33.247+0000] {dag.py:3239} INFO - Sync 1 DAGs
[2026-04-10T02:20:33.255+0000] {logging_mixin.py:190} INFO - [2026-04-10T02:20:33.255+0000] {dag.py:4180} INFO - Setting next_dagrun for example_skip_dag to 2026-04-09 00:00:00+00:00, run_after=2026-04-10 00:00:00+00:00
[2026-04-10T02:20:33.260+0000] {processor.py:208} INFO - Processing /home/airflow/.local/lib/python3.12/site-packages/airflow/example_dags/example_skip_dag.py took 0.033 seconds
[2026-04-10T02:38:22.074+0000] {processor.py:186} INFO - Started process (PID=79661) to work on /home/airflow/.local/lib/python3.12/site-packages/airflow/example_dags/example_skip_dag.py
[2026-04-10T02:38:22.075+0000] {processor.py:914} INFO - Processing file /home/airflow/.local/lib/python3.12/site-packages/airflow/example_dags/example_skip_dag.py for tasks to queue
[2026-04-10T02:38:22.075+0000] {logging_mixin.py:190} INFO - [2026-04-10T02:38:22.075+0000] {dagbag.py:588} INFO - Filling up the DagBag from /home/airflow/.local/lib/python3.12/site-packages/airflow/example_dags/example_skip_dag.py
[2026-04-10T02:38:22.081+0000] {processor.py:925} INFO - DAG(s) 'example_skip_dag' retrieved from /home/airflow/.local/lib/python3.12/site-packages/airflow/example_dags/example_skip_dag.py
[2026-04-10T02:38:22.093+0000] {logging_mixin.py:190} INFO - [2026-04-10T02:38:22.093+0000] {dag.py:3239} INFO - Sync 1 DAGs
[2026-04-10T02:38:22.102+0000] {logging_mixin.py:190} INFO - [2026-04-10T02:38:22.102+0000] {dag.py:4180} INFO - Setting next_dagrun for example_skip_dag to 2026-04-09 00:00:00+00:00, run_after=2026-04-10 00:00:00+00:00
[2026-04-10T02:38:22.108+0000] {processor.py:208} INFO - Processing /home/airflow/.local/lib/python3.12/site-packages/airflow/example_dags/example_skip_dag.py took 0.037 seconds
[2026-04-10T02:44:08.956+0000] {processor.py:186} INFO - Started process (PID=79725) to work on /home/airflow/.local/lib/python3.12/site-packages/airflow/example_dags/example_skip_dag.py
[2026-04-10T02:44:08.957+0000] {processor.py:914} INFO - Processing file /home/airflow/.local/lib/python3.12/site-packages/airflow/example_dags/example_skip_dag.py for tasks to queue
[2026-04-10T02:44:08.958+0000] {logging_mixin.py:190} INFO - [2026-04-10T02:44:08.957+0000] {dagbag.py:588} INFO - Filling up the DagBag from /home/airflow/.local/lib/python3.12/site-packages/airflow/example_dags/example_skip_dag.py
[2026-04-10T02:44:08.962+0000] {processor.py:925} INFO - DAG(s) 'example_skip_dag' retrieved from /home/airflow/.local/lib/python3.12/site-packages/airflow/example_dags/example_skip_dag.py
[2026-04-10T02:44:08.975+0000] {logging_mixin.py:190} INFO - [2026-04-10T02:44:08.974+0000] {dag.py:3239} INFO - Sync 1 DAGs
[2026-04-10T02:44:08.982+0000] {logging_mixin.py:190} INFO - [2026-04-10T02:44:08.982+0000] {dag.py:4180} INFO - Setting next_dagrun for example_skip_dag to 2026-04-09 00:00:00+00:00, run_after=2026-04-10 00:00:00+00:00
[2026-04-10T02:44:08.987+0000] {processor.py:208} INFO - Processing /home/airflow/.local/lib/python3.12/site-packages/airflow/example_dags/example_skip_dag.py took 0.034 seconds
[2026-04-10T02:59:40.537+0000] {processor.py:186} INFO - Started process (PID=79789) to work on /home/airflow/.local/lib/python3.12/site-packages/airflow/example_dags/example_skip_dag.py
[2026-04-10T02:59:40.538+0000] {processor.py:914} INFO - Processing file /home/airflow/.local/lib/python3.12/site-packages/airflow/example_dags/example_skip_dag.py for tasks to queue
[2026-04-10T02:59:40.539+0000] {logging_mixin.py:190} INFO - [2026-04-10T02:59:40.538+0000] {dagbag.py:588} INFO - Filling up the DagBag from /home/airflow/.local/lib/python3.12/site-packages/airflow/example_dags/example_skip_dag.py
[2026-04-10T02:59:40.545+0000] {processor.py:925} INFO - DAG(s) 'example_skip_dag' retrieved from /home/airflow/.local/lib/python3.12/site-packages/airflow/example_dags/example_skip_dag.py
[2026-04-10T02:59:40.554+0000] {logging_mixin.py:190} INFO - [2026-04-10T02:59:40.554+0000] {dag.py:3239} INFO - Sync 1 DAGs
[2026-04-10T02:59:40.563+0000] {logging_mixin.py:190} INFO - [2026-04-10T02:59:40.563+0000] {dag.py:4180} INFO - Setting next_dagrun for example_skip_dag to 2026-04-09 00:00:00+00:00, run_after=2026-04-10 00:00:00+00:00
[2026-04-10T02:59:40.576+0000] {processor.py:208} INFO - Processing /home/airflow/.local/lib/python3.12/site-packages/airflow/example_dags/example_skip_dag.py took 0.042 seconds
[2026-04-10T03:00:10.857+0000] {processor.py:186} INFO - Started process (PID=79853) to work on /home/airflow/.local/lib/python3.12/site-packages/airflow/example_dags/example_skip_dag.py
[2026-04-10T03:00:10.858+0000] {processor.py:914} INFO - Processing file /home/airflow/.local/lib/python3.12/site-packages/airflow/example_dags/example_skip_dag.py for tasks to queue
[2026-04-10T03:00:10.858+0000] {logging_mixin.py:190} INFO - [2026-04-10T03:00:10.858+0000] {dagbag.py:588} INFO - Filling up the DagBag from /home/airflow/.local/lib/python3.12/site-packages/airflow/example_dags/example_skip_dag.py
[2026-04-10T03:00:10.862+0000] {processor.py:925} INFO - DAG(s) 'example_skip_dag' retrieved from /home/airflow/.local/lib/python3.12/site-packages/airflow/example_dags/example_skip_dag.py
[2026-04-10T03:00:10.873+0000] {logging_mixin.py:190} INFO - [2026-04-10T03:00:10.873+0000] {dag.py:3239} INFO - Sync 1 DAGs
[2026-04-10T03:00:10.883+0000] {logging_mixin.py:190} INFO - [2026-04-10T03:00:10.883+0000] {dag.py:4180} INFO - Setting next_dagrun for example_skip_dag to 2026-04-09 00:00:00+00:00, run_after=2026-04-10 00:00:00+00:00
[2026-04-10T03:00:10.889+0000] {processor.py:208} INFO - Processing /home/airflow/.local/lib/python3.12/site-packages/airflow/example_dags/example_skip_dag.py took 0.034 seconds
[2026-04-10T03:15:41.667+0000] {processor.py:186} INFO - Started process (PID=79917) to work on /home/airflow/.local/lib/python3.12/site-packages/airflow/example_dags/example_skip_dag.py
[2026-04-10T03:15:41.668+0000] {processor.py:914} INFO - Processing file /home/airflow/.local/lib/python3.12/site-packages/airflow/example_dags/example_skip_dag.py for tasks to queue
[2026-04-10T03:15:41.669+0000] {logging_mixin.py:190} INFO - [2026-04-10T03:15:41.669+0000] {dagbag.py:588} INFO - Filling up the DagBag from /home/airflow/.local/lib/python3.12/site-packages/airflow/example_dags/example_skip_dag.py
[2026-04-10T03:15:41.673+0000] {processor.py:925} INFO - DAG(s) 'example_skip_dag' retrieved from /home/airflow/.local/lib/python3.12/site-packages/airflow/example_dags/example_skip_dag.py
[2026-04-10T03:15:41.680+0000] {logging_mixin.py:190} INFO - [2026-04-10T03:15:41.680+0000] {dag.py:3239} INFO - Sync 1 DAGs
[2026-04-10T03:15:41.688+0000] {logging_mixin.py:190} INFO - [2026-04-10T03:15:41.688+0000] {dag.py:4180} INFO - Setting next_dagrun for example_skip_dag to 2026-04-09 00:00:00+00:00, run_after=2026-04-10 00:00:00+00:00
[2026-04-10T03:15:41.694+0000] {processor.py:208} INFO - Processing /home/airflow/.local/lib/python3.12/site-packages/airflow/example_dags/example_skip_dag.py took 0.029 seconds
[2026-04-10T03:23:20.881+0000] {processor.py:186} INFO - Started process (PID=79981) to work on /home/airflow/.local/lib/python3.12/site-packages/airflow/example_dags/example_skip_dag.py
[2026-04-10T03:23:20.881+0000] {processor.py:914} INFO - Processing file /home/airflow/.local/lib/python3.12/site-packages/airflow/example_dags/example_skip_dag.py for tasks to queue
[2026-04-10T03:23:20.882+0000] {logging_mixin.py:190} INFO - [2026-04-10T03:23:20.882+0000] {dagbag.py:588} INFO - Filling up the DagBag from /home/airflow/.local/lib/python3.12/site-packages/airflow/example_dags/example_skip_dag.py
[2026-04-10T03:23:20.888+0000] {processor.py:925} INFO - DAG(s) 'example_skip_dag' retrieved from /home/airflow/.local/lib/python3.12/site-packages/airflow/example_dags/example_skip_dag.py
[2026-04-10T03:23:20.902+0000] {logging_mixin.py:190} INFO - [2026-04-10T03:23:20.902+0000] {dag.py:3239} INFO - Sync 1 DAGs
[2026-04-10T03:23:20.927+0000] {logging_mixin.py:190} INFO - [2026-04-10T03:23:20.927+0000] {dag.py:4180} INFO - Setting next_dagrun for example_skip_dag to 2026-04-09 00:00:00+00:00, run_after=2026-04-10 00:00:00+00:00
[2026-04-10T03:23:20.944+0000] {processor.py:208} INFO - Processing /home/airflow/.local/lib/python3.12/site-packages/airflow/example_dags/example_skip_dag.py took 0.067 seconds
[2026-04-10T03:23:51.718+0000] {processor.py:186} INFO - Started process (PID=80045) to work on /home/airflow/.local/lib/python3.12/site-packages/airflow/example_dags/example_skip_dag.py
[2026-04-10T03:23:51.719+0000] {processor.py:914} INFO - Processing file /home/airflow/.local/lib/python3.12/site-packages/airflow/example_dags/example_skip_dag.py for tasks to queue
[2026-04-10T03:23:51.720+0000] {logging_mixin.py:190} INFO - [2026-04-10T03:23:51.720+0000] {dagbag.py:588} INFO - Filling up the DagBag from /home/airflow/.local/lib/python3.12/site-packages/airflow/example_dags/example_skip_dag.py
[2026-04-10T03:23:51.724+0000] {processor.py:925} INFO - DAG(s) 'example_skip_dag' retrieved from /home/airflow/.local/lib/python3.12/site-packages/airflow/example_dags/example_skip_dag.py
[2026-04-10T03:23:51.734+0000] {logging_mixin.py:190} INFO - [2026-04-10T03:23:51.734+0000] {dag.py:3239} INFO - Sync 1 DAGs
[2026-04-10T03:23:51.743+0000] {logging_mixin.py:190} INFO - [2026-04-10T03:23:51.743+0000] {dag.py:4180} INFO - Setting next_dagrun for example_skip_dag to 2026-04-09 00:00:00+00:00, run_after=2026-04-10 00:00:00+00:00
[2026-04-10T03:23:51.754+0000] {processor.py:208} INFO - Processing /home/airflow/.local/lib/python3.12/site-packages/airflow/example_dags/example_skip_dag.py took 0.038 seconds
[2026-04-10T03:24:22.331+0000] {processor.py:186} INFO - Started process (PID=80109) to work on /home/airflow/.local/lib/python3.12/site-packages/airflow/example_dags/example_skip_dag.py
[2026-04-10T03:24:22.332+0000] {processor.py:914} INFO - Processing file /home/airflow/.local/lib/python3.12/site-packages/airflow/example_dags/example_skip_dag.py for tasks to queue
[2026-04-10T03:24:22.332+0000] {logging_mixin.py:190} INFO - [2026-04-10T03:24:22.332+0000] {dagbag.py:588} INFO - Filling up the DagBag from /home/airflow/.local/lib/python3.12/site-packages/airflow/example_dags/example_skip_dag.py
[2026-04-10T03:24:22.337+0000] {processor.py:925} INFO - DAG(s) 'example_skip_dag' retrieved from /home/airflow/.local/lib/python3.12/site-packages/airflow/example_dags/example_skip_dag.py
[2026-04-10T03:24:22.345+0000] {logging_mixin.py:190} INFO - [2026-04-10T03:24:22.345+0000] {dag.py:3239} INFO - Sync 1 DAGs
[2026-04-10T03:24:22.356+0000] {logging_mixin.py:190} INFO - [2026-04-10T03:24:22.356+0000] {dag.py:4180} INFO - Setting next_dagrun for example_skip_dag to 2026-04-09 00:00:00+00:00, run_after=2026-04-10 00:00:00+00:00
[2026-04-10T03:24:22.364+0000] {processor.py:208} INFO - Processing /home/airflow/.local/lib/python3.12/site-packages/airflow/example_dags/example_skip_dag.py took 0.035 seconds
[2026-04-10T03:24:52.740+0000] {processor.py:186} INFO - Started process (PID=80173) to work on /home/airflow/.local/lib/python3.12/site-packages/airflow/example_dags/example_skip_dag.py
[2026-04-10T03:24:52.741+0000] {processor.py:914} INFO - Processing file /home/airflow/.local/lib/python3.12/site-packages/airflow/example_dags/example_skip_dag.py for tasks to queue
[2026-04-10T03:24:52.741+0000] {logging_mixin.py:190} INFO - [2026-04-10T03:24:52.741+0000] {dagbag.py:588} INFO - Filling up the DagBag from /home/airflow/.local/lib/python3.12/site-packages/airflow/example_dags/example_skip_dag.py
[2026-04-10T03:24:52.745+0000] {processor.py:925} INFO - DAG(s) 'example_skip_dag' retrieved from /home/airflow/.local/lib/python3.12/site-packages/airflow/example_dags/example_skip_dag.py
[2026-04-10T03:24:52.757+0000] {logging_mixin.py:190} INFO - [2026-04-10T03:24:52.757+0000] {dag.py:3239} INFO - Sync 1 DAGs
[2026-04-10T03:24:52.765+0000] {logging_mixin.py:190} INFO - [2026-04-10T03:24:52.765+0000] {dag.py:4180} INFO - Setting next_dagrun for example_skip_dag to 2026-04-09 00:00:00+00:00, run_after=2026-04-10 00:00:00+00:00
[2026-04-10T03:24:52.771+0000] {processor.py:208} INFO - Processing /home/airflow/.local/lib/python3.12/site-packages/airflow/example_dags/example_skip_dag.py took 0.033 seconds
[2026-04-10T03:25:23.166+0000] {processor.py:186} INFO - Started process (PID=80237) to work on /home/airflow/.local/lib/python3.12/site-packages/airflow/example_dags/example_skip_dag.py
[2026-04-10T03:25:23.167+0000] {processor.py:914} INFO - Processing file /home/airflow/.local/lib/python3.12/site-packages/airflow/example_dags/example_skip_dag.py for tasks to queue
[2026-04-10T03:25:23.167+0000] {logging_mixin.py:190} INFO - [2026-04-10T03:25:23.167+0000] {dagbag.py:588} INFO - Filling up the DagBag from /home/airflow/.local/lib/python3.12/site-packages/airflow/example_dags/example_skip_dag.py
[2026-04-10T03:25:23.171+0000] {processor.py:925} INFO - DAG(s) 'example_skip_dag' retrieved from /home/airflow/.local/lib/python3.12/site-packages/airflow/example_dags/example_skip_dag.py
[2026-04-10T03:25:23.182+0000] {logging_mixin.py:190} INFO - [2026-04-10T03:25:23.182+0000] {dag.py:3239} INFO - Sync 1 DAGs
[2026-04-10T03:25:23.191+0000] {logging_mixin.py:190} INFO - [2026-04-10T03:25:23.191+0000] {dag.py:4180} INFO - Setting next_dagrun for example_skip_dag to 2026-04-09 00:00:00+00:00, run_after=2026-04-10 00:00:00+00:00
[2026-04-10T03:25:23.201+0000] {processor.py:208} INFO - Processing /home/airflow/.local/lib/python3.12/site-packages/airflow/example_dags/example_skip_dag.py took 0.037 seconds
[2026-04-10T03:25:53.707+0000] {processor.py:186} INFO - Started process (PID=80301) to work on /home/airflow/.local/lib/python3.12/site-packages/airflow/example_dags/example_skip_dag.py
[2026-04-10T03:25:53.707+0000] {processor.py:914} INFO - Processing file /home/airflow/.local/lib/python3.12/site-packages/airflow/example_dags/example_skip_dag.py for tasks to queue
[2026-04-10T03:25:53.708+0000] {logging_mixin.py:190} INFO - [2026-04-10T03:25:53.708+0000] {dagbag.py:588} INFO - Filling up the DagBag from /home/airflow/.local/lib/python3.12/site-packages/airflow/example_dags/example_skip_dag.py
[2026-04-10T03:25:53.713+0000] {processor.py:925} INFO - DAG(s) 'example_skip_dag' retrieved from /home/airflow/.local/lib/python3.12/site-packages/airflow/example_dags/example_skip_dag.py
[2026-04-10T03:25:53.724+0000] {logging_mixin.py:190} INFO - [2026-04-10T03:25:53.724+0000] {dag.py:3239} INFO - Sync 1 DAGs
[2026-04-10T03:25:53.734+0000] {logging_mixin.py:190} INFO - [2026-04-10T03:25:53.734+0000] {dag.py:4180} INFO - Setting next_dagrun for example_skip_dag to 2026-04-09 00:00:00+00:00, run_after=2026-04-10 00:00:00+00:00
[2026-04-10T03:25:53.741+0000] {processor.py:208} INFO - Processing /home/airflow/.local/lib/python3.12/site-packages/airflow/example_dags/example_skip_dag.py took 0.037 seconds
[2026-04-10T03:26:24.932+0000] {processor.py:186} INFO - Started process (PID=80365) to work on /home/airflow/.local/lib/python3.12/site-packages/airflow/example_dags/example_skip_dag.py
[2026-04-10T03:26:24.932+0000] {processor.py:914} INFO - Processing file /home/airflow/.local/lib/python3.12/site-packages/airflow/example_dags/example_skip_dag.py for tasks to queue
[2026-04-10T03:26:24.933+0000] {logging_mixin.py:190} INFO - [2026-04-10T03:26:24.933+0000] {dagbag.py:588} INFO - Filling up the DagBag from /home/airflow/.local/lib/python3.12/site-packages/airflow/example_dags/example_skip_dag.py
[2026-04-10T03:26:24.939+0000] {processor.py:925} INFO - DAG(s) 'example_skip_dag' retrieved from /home/airflow/.local/lib/python3.12/site-packages/airflow/example_dags/example_skip_dag.py
[2026-04-10T03:26:24.949+0000] {logging_mixin.py:190} INFO - [2026-04-10T03:26:24.949+0000] {dag.py:3239} INFO - Sync 1 DAGs
[2026-04-10T03:26:24.959+0000] {logging_mixin.py:190} INFO - [2026-04-10T03:26:24.959+0000] {dag.py:4180} INFO - Setting next_dagrun for example_skip_dag to 2026-04-09 00:00:00+00:00, run_after=2026-04-10 00:00:00+00:00
[2026-04-10T03:26:24.966+0000] {processor.py:208} INFO - Processing /home/airflow/.local/lib/python3.12/site-packages/airflow/example_dags/example_skip_dag.py took 0.038 seconds
[2026-04-10T03:26:55.396+0000] {processor.py:186} INFO - Started process (PID=80429) to work on /home/airflow/.local/lib/python3.12/site-packages/airflow/example_dags/example_skip_dag.py
[2026-04-10T03:26:55.396+0000] {processor.py:914} INFO - Processing file /home/airflow/.local/lib/python3.12/site-packages/airflow/example_dags/example_skip_dag.py for tasks to queue
[2026-04-10T03:26:55.397+0000] {logging_mixin.py:190} INFO - [2026-04-10T03:26:55.397+0000] {dagbag.py:588} INFO - Filling up the DagBag from /home/airflow/.local/lib/python3.12/site-packages/airflow/example_dags/example_skip_dag.py
[2026-04-10T03:26:55.401+0000] {processor.py:925} INFO - DAG(s) 'example_skip_dag' retrieved from /home/airflow/.local/lib/python3.12/site-packages/airflow/example_dags/example_skip_dag.py
[2026-04-10T03:26:55.410+0000] {logging_mixin.py:190} INFO - [2026-04-10T03:26:55.410+0000] {dag.py:3239} INFO - Sync 1 DAGs
[2026-04-10T03:26:55.419+0000] {logging_mixin.py:190} INFO - [2026-04-10T03:26:55.418+0000] {dag.py:4180} INFO - Setting next_dagrun for example_skip_dag to 2026-04-09 00:00:00+00:00, run_after=2026-04-10 00:00:00+00:00
[2026-04-10T03:26:55.426+0000] {processor.py:208} INFO - Processing /home/airflow/.local/lib/python3.12/site-packages/airflow/example_dags/example_skip_dag.py took 0.033 seconds
[2026-04-10T03:27:25.740+0000] {processor.py:186} INFO - Started process (PID=80493) to work on /home/airflow/.local/lib/python3.12/site-packages/airflow/example_dags/example_skip_dag.py
[2026-04-10T03:27:25.742+0000] {processor.py:914} INFO - Processing file /home/airflow/.local/lib/python3.12/site-packages/airflow/example_dags/example_skip_dag.py for tasks to queue
[2026-04-10T03:27:25.744+0000] {logging_mixin.py:190} INFO - [2026-04-10T03:27:25.743+0000] {dagbag.py:588} INFO - Filling up the DagBag from /home/airflow/.local/lib/python3.12/site-packages/airflow/example_dags/example_skip_dag.py
[2026-04-10T03:27:25.747+0000] {processor.py:925} INFO - DAG(s) 'example_skip_dag' retrieved from /home/airflow/.local/lib/python3.12/site-packages/airflow/example_dags/example_skip_dag.py
[2026-04-10T03:27:25.759+0000] {logging_mixin.py:190} INFO - [2026-04-10T03:27:25.759+0000] {dag.py:3239} INFO - Sync 1 DAGs
[2026-04-10T03:27:25.767+0000] {logging_mixin.py:190} INFO - [2026-04-10T03:27:25.767+0000] {dag.py:4180} INFO - Setting next_dagrun for example_skip_dag to 2026-04-09 00:00:00+00:00, run_after=2026-04-10 00:00:00+00:00
[2026-04-10T03:27:25.776+0000] {processor.py:208} INFO - Processing /home/airflow/.local/lib/python3.12/site-packages/airflow/example_dags/example_skip_dag.py took 0.038 seconds
[2026-04-10T03:27:56.159+0000] {processor.py:186} INFO - Started process (PID=80557) to work on /home/airflow/.local/lib/python3.12/site-packages/airflow/example_dags/example_skip_dag.py
[2026-04-10T03:27:56.160+0000] {processor.py:914} INFO - Processing file /home/airflow/.local/lib/python3.12/site-packages/airflow/example_dags/example_skip_dag.py for tasks to queue
[2026-04-10T03:27:56.160+0000] {logging_mixin.py:190} INFO - [2026-04-10T03:27:56.160+0000] {dagbag.py:588} INFO - Filling up the DagBag from /home/airflow/.local/lib/python3.12/site-packages/airflow/example_dags/example_skip_dag.py
[2026-04-10T03:27:56.164+0000] {processor.py:925} INFO - DAG(s) 'example_skip_dag' retrieved from /home/airflow/.local/lib/python3.12/site-packages/airflow/example_dags/example_skip_dag.py
[2026-04-10T03:27:56.174+0000] {logging_mixin.py:190} INFO - [2026-04-10T03:27:56.174+0000] {dag.py:3239} INFO - Sync 1 DAGs
[2026-04-10T03:27:56.183+0000] {logging_mixin.py:190} INFO - [2026-04-10T03:27:56.183+0000] {dag.py:4180} INFO - Setting next_dagrun for example_skip_dag to 2026-04-09 00:00:00+00:00, run_after=2026-04-10 00:00:00+00:00
[2026-04-10T03:27:56.189+0000] {processor.py:208} INFO - Processing /home/airflow/.local/lib/python3.12/site-packages/airflow/example_dags/example_skip_dag.py took 0.032 seconds
[2026-04-10T03:28:26.854+0000] {processor.py:186} INFO - Started process (PID=80621) to work on /home/airflow/.local/lib/python3.12/site-packages/airflow/example_dags/example_skip_dag.py
[2026-04-10T03:28:26.855+0000] {processor.py:914} INFO - Processing file /home/airflow/.local/lib/python3.12/site-packages/airflow/example_dags/example_skip_dag.py for tasks to queue
[2026-04-10T03:28:26.855+0000] {logging_mixin.py:190} INFO - [2026-04-10T03:28:26.855+0000] {dagbag.py:588} INFO - Filling up the DagBag from /home/airflow/.local/lib/python3.12/site-packages/airflow/example_dags/example_skip_dag.py
[2026-04-10T03:28:26.860+0000] {processor.py:925} INFO - DAG(s) 'example_skip_dag' retrieved from /home/airflow/.local/lib/python3.12/site-packages/airflow/example_dags/example_skip_dag.py
[2026-04-10T03:28:26.871+0000] {logging_mixin.py:190} INFO - [2026-04-10T03:28:26.871+0000] {dag.py:3239} INFO - Sync 1 DAGs
[2026-04-10T03:28:26.881+0000] {logging_mixin.py:190} INFO - [2026-04-10T03:28:26.881+0000] {dag.py:4180} INFO - Setting next_dagrun for example_skip_dag to 2026-04-09 00:00:00+00:00, run_after=2026-04-10 00:00:00+00:00
[2026-04-10T03:28:26.889+0000] {processor.py:208} INFO - Processing /home/airflow/.local/lib/python3.12/site-packages/airflow/example_dags/example_skip_dag.py took 0.038 seconds
[2026-04-10T03:28:57.329+0000] {processor.py:186} INFO - Started process (PID=80685) to work on /home/airflow/.local/lib/python3.12/site-packages/airflow/example_dags/example_skip_dag.py
[2026-04-10T03:28:57.329+0000] {processor.py:914} INFO - Processing file /home/airflow/.local/lib/python3.12/site-packages/airflow/example_dags/example_skip_dag.py for tasks to queue
[2026-04-10T03:28:57.329+0000] {logging_mixin.py:190} INFO - [2026-04-10T03:28:57.329+0000] {dagbag.py:588} INFO - Filling up the DagBag from /home/airflow/.local/lib/python3.12/site-packages/airflow/example_dags/example_skip_dag.py
[2026-04-10T03:28:57.333+0000] {processor.py:925} INFO - DAG(s) 'example_skip_dag' retrieved from /home/airflow/.local/lib/python3.12/site-packages/airflow/example_dags/example_skip_dag.py
[2026-04-10T03:28:57.340+0000] {logging_mixin.py:190} INFO - [2026-04-10T03:28:57.340+0000] {dag.py:3239} INFO - Sync 1 DAGs
[2026-04-10T03:28:57.347+0000] {logging_mixin.py:190} INFO - [2026-04-10T03:28:57.347+0000] {dag.py:4180} INFO - Setting next_dagrun for example_skip_dag to 2026-04-09 00:00:00+00:00, run_after=2026-04-10 00:00:00+00:00
[2026-04-10T03:28:57.352+0000] {processor.py:208} INFO - Processing /home/airflow/.local/lib/python3.12/site-packages/airflow/example_dags/example_skip_dag.py took 0.025 seconds
[2026-04-10T03:29:27.750+0000] {processor.py:186} INFO - Started process (PID=80749) to work on /home/airflow/.local/lib/python3.12/site-packages/airflow/example_dags/example_skip_dag.py
[2026-04-10T03:29:27.751+0000] {processor.py:914} INFO - Processing file /home/airflow/.local/lib/python3.12/site-packages/airflow/example_dags/example_skip_dag.py for tasks to queue
[2026-04-10T03:29:27.751+0000] {logging_mixin.py:190} INFO - [2026-04-10T03:29:27.751+0000] {dagbag.py:588} INFO - Filling up the DagBag from /home/airflow/.local/lib/python3.12/site-packages/airflow/example_dags/example_skip_dag.py
[2026-04-10T03:29:27.755+0000] {processor.py:925} INFO - DAG(s) 'example_skip_dag' retrieved from /home/airflow/.local/lib/python3.12/site-packages/airflow/example_dags/example_skip_dag.py
[2026-04-10T03:29:27.764+0000] {logging_mixin.py:190} INFO - [2026-04-10T03:29:27.764+0000] {dag.py:3239} INFO - Sync 1 DAGs
[2026-04-10T03:29:27.775+0000] {logging_mixin.py:190} INFO - [2026-04-10T03:29:27.775+0000] {dag.py:4180} INFO - Setting next_dagrun for example_skip_dag to 2026-04-09 00:00:00+00:00, run_after=2026-04-10 00:00:00+00:00
[2026-04-10T03:29:27.785+0000] {processor.py:208} INFO - Processing /home/airflow/.local/lib/python3.12/site-packages/airflow/example_dags/example_skip_dag.py took 0.037 seconds
[2026-04-10T03:29:58.310+0000] {processor.py:186} INFO - Started process (PID=80812) to work on /home/airflow/.local/lib/python3.12/site-packages/airflow/example_dags/example_skip_dag.py
[2026-04-10T03:29:58.311+0000] {processor.py:914} INFO - Processing file /home/airflow/.local/lib/python3.12/site-packages/airflow/example_dags/example_skip_dag.py for tasks to queue
[2026-04-10T03:29:58.311+0000] {logging_mixin.py:190} INFO - [2026-04-10T03:29:58.311+0000] {dagbag.py:588} INFO - Filling up the DagBag from /home/airflow/.local/lib/python3.12/site-packages/airflow/example_dags/example_skip_dag.py
[2026-04-10T03:29:58.315+0000] {processor.py:925} INFO - DAG(s) 'example_skip_dag' retrieved from /home/airflow/.local/lib/python3.12/site-packages/airflow/example_dags/example_skip_dag.py
[2026-04-10T03:29:58.326+0000] {logging_mixin.py:190} INFO - [2026-04-10T03:29:58.326+0000] {dag.py:3239} INFO - Sync 1 DAGs
[2026-04-10T03:29:58.334+0000] {logging_mixin.py:190} INFO - [2026-04-10T03:29:58.334+0000] {dag.py:4180} INFO - Setting next_dagrun for example_skip_dag to 2026-04-09 00:00:00+00:00, run_after=2026-04-10 00:00:00+00:00
[2026-04-10T03:29:58.339+0000] {processor.py:208} INFO - Processing /home/airflow/.local/lib/python3.12/site-packages/airflow/example_dags/example_skip_dag.py took 0.031 seconds
[2026-04-10T03:30:28.601+0000] {processor.py:186} INFO - Started process (PID=80876) to work on /home/airflow/.local/lib/python3.12/site-packages/airflow/example_dags/example_skip_dag.py
[2026-04-10T03:30:28.601+0000] {processor.py:914} INFO - Processing file /home/airflow/.local/lib/python3.12/site-packages/airflow/example_dags/example_skip_dag.py for tasks to queue
[2026-04-10T03:30:28.602+0000] {logging_mixin.py:190} INFO - [2026-04-10T03:30:28.601+0000] {dagbag.py:588} INFO - Filling up the DagBag from /home/airflow/.local/lib/python3.12/site-packages/airflow/example_dags/example_skip_dag.py
[2026-04-10T03:30:28.606+0000] {processor.py:925} INFO - DAG(s) 'example_skip_dag' retrieved from /home/airflow/.local/lib/python3.12/site-packages/airflow/example_dags/example_skip_dag.py
[2026-04-10T03:30:28.618+0000] {logging_mixin.py:190} INFO - [2026-04-10T03:30:28.618+0000] {dag.py:3239} INFO - Sync 1 DAGs
[2026-04-10T03:30:28.626+0000] {logging_mixin.py:190} INFO - [2026-04-10T03:30:28.626+0000] {dag.py:4180} INFO - Setting next_dagrun for example_skip_dag to 2026-04-09 00:00:00+00:00, run_after=2026-04-10 00:00:00+00:00
[2026-04-10T03:30:28.633+0000] {processor.py:208} INFO - Processing /home/airflow/.local/lib/python3.12/site-packages/airflow/example_dags/example_skip_dag.py took 0.034 seconds
[2026-04-10T03:30:58.860+0000] {processor.py:186} INFO - Started process (PID=80940) to work on /home/airflow/.local/lib/python3.12/site-packages/airflow/example_dags/example_skip_dag.py
[2026-04-10T03:30:58.861+0000] {processor.py:914} INFO - Processing file /home/airflow/.local/lib/python3.12/site-packages/airflow/example_dags/example_skip_dag.py for tasks to queue
[2026-04-10T03:30:58.861+0000] {logging_mixin.py:190} INFO - [2026-04-10T03:30:58.861+0000] {dagbag.py:588} INFO - Filling up the DagBag from /home/airflow/.local/lib/python3.12/site-packages/airflow/example_dags/example_skip_dag.py
[2026-04-10T03:30:58.864+0000] {processor.py:925} INFO - DAG(s) 'example_skip_dag' retrieved from /home/airflow/.local/lib/python3.12/site-packages/airflow/example_dags/example_skip_dag.py
[2026-04-10T03:30:58.873+0000] {logging_mixin.py:190} INFO - [2026-04-10T03:30:58.873+0000] {dag.py:3239} INFO - Sync 1 DAGs
[2026-04-10T03:30:58.880+0000] {logging_mixin.py:190} INFO - [2026-04-10T03:30:58.880+0000] {dag.py:4180} INFO - Setting next_dagrun for example_skip_dag to 2026-04-09 00:00:00+00:00, run_after=2026-04-10 00:00:00+00:00
[2026-04-10T03:30:58.889+0000] {processor.py:208} INFO - Processing /home/airflow/.local/lib/python3.12/site-packages/airflow/example_dags/example_skip_dag.py took 0.032 seconds
