[2026-04-10T00:07:14.453+0000] {processor.py:186} INFO - Started process (PID=78551) to work on /home/airflow/.local/lib/python3.12/site-packages/airflow/example_dags/example_display_name.py
[2026-04-10T00:07:14.453+0000] {processor.py:914} INFO - Processing file /home/airflow/.local/lib/python3.12/site-packages/airflow/example_dags/example_display_name.py for tasks to queue
[2026-04-10T00:07:14.454+0000] {logging_mixin.py:190} INFO - [2026-04-10T00:07:14.454+0000] {dagbag.py:588} INFO - Filling up the DagBag from /home/airflow/.local/lib/python3.12/site-packages/airflow/example_dags/example_display_name.py
[2026-04-10T00:07:14.458+0000] {processor.py:925} INFO - DAG(s) 'example_display_name' retrieved from /home/airflow/.local/lib/python3.12/site-packages/airflow/example_dags/example_display_name.py
[2026-04-10T00:07:14.466+0000] {logging_mixin.py:190} INFO - [2026-04-10T00:07:14.466+0000] {dag.py:3239} INFO - Sync 1 DAGs
[2026-04-10T00:07:14.472+0000] {logging_mixin.py:190} INFO - [2026-04-10T00:07:14.472+0000] {dag.py:4180} INFO - Setting next_dagrun for example_display_name to None, run_after=None
[2026-04-10T00:07:14.483+0000] {processor.py:208} INFO - Processing /home/airflow/.local/lib/python3.12/site-packages/airflow/example_dags/example_display_name.py took 0.033 seconds
[2026-04-10T00:22:47.647+0000] {processor.py:186} INFO - Started process (PID=78615) to work on /home/airflow/.local/lib/python3.12/site-packages/airflow/example_dags/example_display_name.py
[2026-04-10T00:22:47.648+0000] {processor.py:914} INFO - Processing file /home/airflow/.local/lib/python3.12/site-packages/airflow/example_dags/example_display_name.py for tasks to queue
[2026-04-10T00:22:47.648+0000] {logging_mixin.py:190} INFO - [2026-04-10T00:22:47.648+0000] {dagbag.py:588} INFO - Filling up the DagBag from /home/airflow/.local/lib/python3.12/site-packages/airflow/example_dags/example_display_name.py
[2026-04-10T00:22:47.652+0000] {processor.py:925} INFO - DAG(s) 'example_display_name' retrieved from /home/airflow/.local/lib/python3.12/site-packages/airflow/example_dags/example_display_name.py
[2026-04-10T00:22:47.659+0000] {logging_mixin.py:190} INFO - [2026-04-10T00:22:47.659+0000] {dag.py:3239} INFO - Sync 1 DAGs
[2026-04-10T00:22:47.664+0000] {logging_mixin.py:190} INFO - [2026-04-10T00:22:47.664+0000] {dag.py:4180} INFO - Setting next_dagrun for example_display_name to None, run_after=None
[2026-04-10T00:22:47.670+0000] {processor.py:208} INFO - Processing /home/airflow/.local/lib/python3.12/site-packages/airflow/example_dags/example_display_name.py took 0.028 seconds
[2026-04-10T00:23:18.381+0000] {processor.py:186} INFO - Started process (PID=78678) to work on /home/airflow/.local/lib/python3.12/site-packages/airflow/example_dags/example_display_name.py
[2026-04-10T00:23:18.382+0000] {processor.py:914} INFO - Processing file /home/airflow/.local/lib/python3.12/site-packages/airflow/example_dags/example_display_name.py for tasks to queue
[2026-04-10T00:23:18.382+0000] {logging_mixin.py:190} INFO - [2026-04-10T00:23:18.382+0000] {dagbag.py:588} INFO - Filling up the DagBag from /home/airflow/.local/lib/python3.12/site-packages/airflow/example_dags/example_display_name.py
[2026-04-10T00:23:18.386+0000] {processor.py:925} INFO - DAG(s) 'example_display_name' retrieved from /home/airflow/.local/lib/python3.12/site-packages/airflow/example_dags/example_display_name.py
[2026-04-10T00:23:18.393+0000] {logging_mixin.py:190} INFO - [2026-04-10T00:23:18.393+0000] {dag.py:3239} INFO - Sync 1 DAGs
[2026-04-10T00:23:18.399+0000] {logging_mixin.py:190} INFO - [2026-04-10T00:23:18.399+0000] {dag.py:4180} INFO - Setting next_dagrun for example_display_name to None, run_after=None
[2026-04-10T00:23:18.409+0000] {processor.py:208} INFO - Processing /home/airflow/.local/lib/python3.12/site-packages/airflow/example_dags/example_display_name.py took 0.032 seconds
[2026-04-10T00:38:48.420+0000] {processor.py:186} INFO - Started process (PID=78743) to work on /home/airflow/.local/lib/python3.12/site-packages/airflow/example_dags/example_display_name.py
[2026-04-10T00:38:48.421+0000] {processor.py:914} INFO - Processing file /home/airflow/.local/lib/python3.12/site-packages/airflow/example_dags/example_display_name.py for tasks to queue
[2026-04-10T00:38:48.422+0000] {logging_mixin.py:190} INFO - [2026-04-10T00:38:48.422+0000] {dagbag.py:588} INFO - Filling up the DagBag from /home/airflow/.local/lib/python3.12/site-packages/airflow/example_dags/example_display_name.py
[2026-04-10T00:38:48.425+0000] {processor.py:925} INFO - DAG(s) 'example_display_name' retrieved from /home/airflow/.local/lib/python3.12/site-packages/airflow/example_dags/example_display_name.py
[2026-04-10T00:38:48.433+0000] {logging_mixin.py:190} INFO - [2026-04-10T00:38:48.432+0000] {dag.py:3239} INFO - Sync 1 DAGs
[2026-04-10T00:38:48.438+0000] {logging_mixin.py:190} INFO - [2026-04-10T00:38:48.438+0000] {dag.py:4180} INFO - Setting next_dagrun for example_display_name to None, run_after=None
[2026-04-10T00:38:48.443+0000] {processor.py:208} INFO - Processing /home/airflow/.local/lib/python3.12/site-packages/airflow/example_dags/example_display_name.py took 0.026 seconds
[2026-04-10T00:41:52.921+0000] {processor.py:186} INFO - Started process (PID=78807) to work on /home/airflow/.local/lib/python3.12/site-packages/airflow/example_dags/example_display_name.py
[2026-04-10T00:41:52.922+0000] {processor.py:914} INFO - Processing file /home/airflow/.local/lib/python3.12/site-packages/airflow/example_dags/example_display_name.py for tasks to queue
[2026-04-10T00:41:52.924+0000] {logging_mixin.py:190} INFO - [2026-04-10T00:41:52.924+0000] {dagbag.py:588} INFO - Filling up the DagBag from /home/airflow/.local/lib/python3.12/site-packages/airflow/example_dags/example_display_name.py
[2026-04-10T00:41:52.927+0000] {processor.py:925} INFO - DAG(s) 'example_display_name' retrieved from /home/airflow/.local/lib/python3.12/site-packages/airflow/example_dags/example_display_name.py
[2026-04-10T00:41:52.933+0000] {logging_mixin.py:190} INFO - [2026-04-10T00:41:52.933+0000] {dag.py:3239} INFO - Sync 1 DAGs
[2026-04-10T00:41:52.938+0000] {logging_mixin.py:190} INFO - [2026-04-10T00:41:52.938+0000] {dag.py:4180} INFO - Setting next_dagrun for example_display_name to None, run_after=None
[2026-04-10T00:41:52.944+0000] {processor.py:208} INFO - Processing /home/airflow/.local/lib/python3.12/site-packages/airflow/example_dags/example_display_name.py took 0.026 seconds
[2026-04-10T00:42:24.195+0000] {processor.py:186} INFO - Started process (PID=78871) to work on /home/airflow/.local/lib/python3.12/site-packages/airflow/example_dags/example_display_name.py
[2026-04-10T00:42:24.195+0000] {processor.py:914} INFO - Processing file /home/airflow/.local/lib/python3.12/site-packages/airflow/example_dags/example_display_name.py for tasks to queue
[2026-04-10T00:42:24.196+0000] {logging_mixin.py:190} INFO - [2026-04-10T00:42:24.196+0000] {dagbag.py:588} INFO - Filling up the DagBag from /home/airflow/.local/lib/python3.12/site-packages/airflow/example_dags/example_display_name.py
[2026-04-10T00:42:24.200+0000] {processor.py:925} INFO - DAG(s) 'example_display_name' retrieved from /home/airflow/.local/lib/python3.12/site-packages/airflow/example_dags/example_display_name.py
[2026-04-10T00:42:24.208+0000] {logging_mixin.py:190} INFO - [2026-04-10T00:42:24.208+0000] {dag.py:3239} INFO - Sync 1 DAGs
[2026-04-10T00:42:24.213+0000] {logging_mixin.py:190} INFO - [2026-04-10T00:42:24.213+0000] {dag.py:4180} INFO - Setting next_dagrun for example_display_name to None, run_after=None
[2026-04-10T00:42:24.220+0000] {processor.py:208} INFO - Processing /home/airflow/.local/lib/python3.12/site-packages/airflow/example_dags/example_display_name.py took 0.028 seconds
[2026-04-10T00:57:54.570+0000] {processor.py:186} INFO - Started process (PID=78935) to work on /home/airflow/.local/lib/python3.12/site-packages/airflow/example_dags/example_display_name.py
[2026-04-10T00:57:54.571+0000] {processor.py:914} INFO - Processing file /home/airflow/.local/lib/python3.12/site-packages/airflow/example_dags/example_display_name.py for tasks to queue
[2026-04-10T00:57:54.571+0000] {logging_mixin.py:190} INFO - [2026-04-10T00:57:54.571+0000] {dagbag.py:588} INFO - Filling up the DagBag from /home/airflow/.local/lib/python3.12/site-packages/airflow/example_dags/example_display_name.py
[2026-04-10T00:57:54.574+0000] {processor.py:925} INFO - DAG(s) 'example_display_name' retrieved from /home/airflow/.local/lib/python3.12/site-packages/airflow/example_dags/example_display_name.py
[2026-04-10T00:57:54.582+0000] {logging_mixin.py:190} INFO - [2026-04-10T00:57:54.582+0000] {dag.py:3239} INFO - Sync 1 DAGs
[2026-04-10T00:57:54.589+0000] {logging_mixin.py:190} INFO - [2026-04-10T00:57:54.589+0000] {dag.py:4180} INFO - Setting next_dagrun for example_display_name to None, run_after=None
[2026-04-10T00:57:54.602+0000] {processor.py:208} INFO - Processing /home/airflow/.local/lib/python3.12/site-packages/airflow/example_dags/example_display_name.py took 0.034 seconds
[2026-04-10T01:13:26.009+0000] {processor.py:186} INFO - Started process (PID=78999) to work on /home/airflow/.local/lib/python3.12/site-packages/airflow/example_dags/example_display_name.py
[2026-04-10T01:13:26.010+0000] {processor.py:914} INFO - Processing file /home/airflow/.local/lib/python3.12/site-packages/airflow/example_dags/example_display_name.py for tasks to queue
[2026-04-10T01:13:26.015+0000] {logging_mixin.py:190} INFO - [2026-04-10T01:13:26.013+0000] {dagbag.py:588} INFO - Filling up the DagBag from /home/airflow/.local/lib/python3.12/site-packages/airflow/example_dags/example_display_name.py
[2026-04-10T01:13:26.023+0000] {processor.py:925} INFO - DAG(s) 'example_display_name' retrieved from /home/airflow/.local/lib/python3.12/site-packages/airflow/example_dags/example_display_name.py
[2026-04-10T01:13:26.043+0000] {logging_mixin.py:190} INFO - [2026-04-10T01:13:26.043+0000] {dag.py:3239} INFO - Sync 1 DAGs
[2026-04-10T01:13:26.082+0000] {logging_mixin.py:190} INFO - [2026-04-10T01:13:26.082+0000] {dag.py:4180} INFO - Setting next_dagrun for example_display_name to None, run_after=None
[2026-04-10T01:13:26.100+0000] {processor.py:208} INFO - Processing /home/airflow/.local/lib/python3.12/site-packages/airflow/example_dags/example_display_name.py took 0.097 seconds
[2026-04-10T01:13:56.303+0000] {processor.py:186} INFO - Started process (PID=79062) to work on /home/airflow/.local/lib/python3.12/site-packages/airflow/example_dags/example_display_name.py
[2026-04-10T01:13:56.305+0000] {processor.py:914} INFO - Processing file /home/airflow/.local/lib/python3.12/site-packages/airflow/example_dags/example_display_name.py for tasks to queue
[2026-04-10T01:13:56.306+0000] {logging_mixin.py:190} INFO - [2026-04-10T01:13:56.306+0000] {dagbag.py:588} INFO - Filling up the DagBag from /home/airflow/.local/lib/python3.12/site-packages/airflow/example_dags/example_display_name.py
[2026-04-10T01:13:56.309+0000] {processor.py:925} INFO - DAG(s) 'example_display_name' retrieved from /home/airflow/.local/lib/python3.12/site-packages/airflow/example_dags/example_display_name.py
[2026-04-10T01:13:56.316+0000] {logging_mixin.py:190} INFO - [2026-04-10T01:13:56.316+0000] {dag.py:3239} INFO - Sync 1 DAGs
[2026-04-10T01:13:56.321+0000] {logging_mixin.py:190} INFO - [2026-04-10T01:13:56.320+0000] {dag.py:4180} INFO - Setting next_dagrun for example_display_name to None, run_after=None
[2026-04-10T01:13:56.326+0000] {processor.py:208} INFO - Processing /home/airflow/.local/lib/python3.12/site-packages/airflow/example_dags/example_display_name.py took 0.025 seconds
[2026-04-10T01:29:25.877+0000] {processor.py:186} INFO - Started process (PID=79126) to work on /home/airflow/.local/lib/python3.12/site-packages/airflow/example_dags/example_display_name.py
[2026-04-10T01:29:25.878+0000] {processor.py:914} INFO - Processing file /home/airflow/.local/lib/python3.12/site-packages/airflow/example_dags/example_display_name.py for tasks to queue
[2026-04-10T01:29:25.879+0000] {logging_mixin.py:190} INFO - [2026-04-10T01:29:25.879+0000] {dagbag.py:588} INFO - Filling up the DagBag from /home/airflow/.local/lib/python3.12/site-packages/airflow/example_dags/example_display_name.py
[2026-04-10T01:29:25.886+0000] {processor.py:925} INFO - DAG(s) 'example_display_name' retrieved from /home/airflow/.local/lib/python3.12/site-packages/airflow/example_dags/example_display_name.py
[2026-04-10T01:29:25.893+0000] {logging_mixin.py:190} INFO - [2026-04-10T01:29:25.893+0000] {dag.py:3239} INFO - Sync 1 DAGs
[2026-04-10T01:29:25.901+0000] {logging_mixin.py:190} INFO - [2026-04-10T01:29:25.900+0000] {dag.py:4180} INFO - Setting next_dagrun for example_display_name to None, run_after=None
[2026-04-10T01:29:25.909+0000] {processor.py:208} INFO - Processing /home/airflow/.local/lib/python3.12/site-packages/airflow/example_dags/example_display_name.py took 0.035 seconds
[2026-04-10T01:29:56.272+0000] {processor.py:186} INFO - Started process (PID=79190) to work on /home/airflow/.local/lib/python3.12/site-packages/airflow/example_dags/example_display_name.py
[2026-04-10T01:29:56.273+0000] {processor.py:914} INFO - Processing file /home/airflow/.local/lib/python3.12/site-packages/airflow/example_dags/example_display_name.py for tasks to queue
[2026-04-10T01:29:56.274+0000] {logging_mixin.py:190} INFO - [2026-04-10T01:29:56.273+0000] {dagbag.py:588} INFO - Filling up the DagBag from /home/airflow/.local/lib/python3.12/site-packages/airflow/example_dags/example_display_name.py
[2026-04-10T01:29:56.279+0000] {processor.py:925} INFO - DAG(s) 'example_display_name' retrieved from /home/airflow/.local/lib/python3.12/site-packages/airflow/example_dags/example_display_name.py
[2026-04-10T01:29:56.296+0000] {logging_mixin.py:190} INFO - [2026-04-10T01:29:56.296+0000] {dag.py:3239} INFO - Sync 1 DAGs
[2026-04-10T01:29:56.302+0000] {logging_mixin.py:190} INFO - [2026-04-10T01:29:56.302+0000] {dag.py:4180} INFO - Setting next_dagrun for example_display_name to None, run_after=None
[2026-04-10T01:29:56.307+0000] {processor.py:208} INFO - Processing /home/airflow/.local/lib/python3.12/site-packages/airflow/example_dags/example_display_name.py took 0.038 seconds
[2026-04-10T01:43:15.648+0000] {processor.py:186} INFO - Started process (PID=79254) to work on /home/airflow/.local/lib/python3.12/site-packages/airflow/example_dags/example_display_name.py
[2026-04-10T01:43:15.650+0000] {processor.py:914} INFO - Processing file /home/airflow/.local/lib/python3.12/site-packages/airflow/example_dags/example_display_name.py for tasks to queue
[2026-04-10T01:43:15.652+0000] {logging_mixin.py:190} INFO - [2026-04-10T01:43:15.652+0000] {dagbag.py:588} INFO - Filling up the DagBag from /home/airflow/.local/lib/python3.12/site-packages/airflow/example_dags/example_display_name.py
[2026-04-10T01:43:15.655+0000] {processor.py:925} INFO - DAG(s) 'example_display_name' retrieved from /home/airflow/.local/lib/python3.12/site-packages/airflow/example_dags/example_display_name.py
[2026-04-10T01:43:15.662+0000] {logging_mixin.py:190} INFO - [2026-04-10T01:43:15.662+0000] {dag.py:3239} INFO - Sync 1 DAGs
[2026-04-10T01:43:15.667+0000] {logging_mixin.py:190} INFO - [2026-04-10T01:43:15.667+0000] {dag.py:4180} INFO - Setting next_dagrun for example_display_name to None, run_after=None
[2026-04-10T01:43:15.673+0000] {processor.py:208} INFO - Processing /home/airflow/.local/lib/python3.12/site-packages/airflow/example_dags/example_display_name.py took 0.027 seconds
[2026-04-10T01:58:47.526+0000] {processor.py:186} INFO - Started process (PID=79318) to work on /home/airflow/.local/lib/python3.12/site-packages/airflow/example_dags/example_display_name.py
[2026-04-10T01:58:47.528+0000] {processor.py:914} INFO - Processing file /home/airflow/.local/lib/python3.12/site-packages/airflow/example_dags/example_display_name.py for tasks to queue
[2026-04-10T01:58:47.528+0000] {logging_mixin.py:190} INFO - [2026-04-10T01:58:47.528+0000] {dagbag.py:588} INFO - Filling up the DagBag from /home/airflow/.local/lib/python3.12/site-packages/airflow/example_dags/example_display_name.py
[2026-04-10T01:58:47.533+0000] {processor.py:925} INFO - DAG(s) 'example_display_name' retrieved from /home/airflow/.local/lib/python3.12/site-packages/airflow/example_dags/example_display_name.py
[2026-04-10T01:58:47.543+0000] {logging_mixin.py:190} INFO - [2026-04-10T01:58:47.543+0000] {dag.py:3239} INFO - Sync 1 DAGs
[2026-04-10T01:58:47.548+0000] {logging_mixin.py:190} INFO - [2026-04-10T01:58:47.548+0000] {dag.py:4180} INFO - Setting next_dagrun for example_display_name to None, run_after=None
[2026-04-10T01:58:47.554+0000] {processor.py:208} INFO - Processing /home/airflow/.local/lib/python3.12/site-packages/airflow/example_dags/example_display_name.py took 0.030 seconds
[2026-04-10T01:59:18.762+0000] {processor.py:186} INFO - Started process (PID=79382) to work on /home/airflow/.local/lib/python3.12/site-packages/airflow/example_dags/example_display_name.py
[2026-04-10T01:59:18.763+0000] {processor.py:914} INFO - Processing file /home/airflow/.local/lib/python3.12/site-packages/airflow/example_dags/example_display_name.py for tasks to queue
[2026-04-10T01:59:18.764+0000] {logging_mixin.py:190} INFO - [2026-04-10T01:59:18.764+0000] {dagbag.py:588} INFO - Filling up the DagBag from /home/airflow/.local/lib/python3.12/site-packages/airflow/example_dags/example_display_name.py
[2026-04-10T01:59:18.767+0000] {processor.py:925} INFO - DAG(s) 'example_display_name' retrieved from /home/airflow/.local/lib/python3.12/site-packages/airflow/example_dags/example_display_name.py
[2026-04-10T01:59:18.774+0000] {logging_mixin.py:190} INFO - [2026-04-10T01:59:18.773+0000] {dag.py:3239} INFO - Sync 1 DAGs
[2026-04-10T01:59:18.780+0000] {logging_mixin.py:190} INFO - [2026-04-10T01:59:18.780+0000] {dag.py:4180} INFO - Setting next_dagrun for example_display_name to None, run_after=None
[2026-04-10T01:59:18.786+0000] {processor.py:208} INFO - Processing /home/airflow/.local/lib/python3.12/site-packages/airflow/example_dags/example_display_name.py took 0.026 seconds
[2026-04-10T02:14:51.202+0000] {processor.py:186} INFO - Started process (PID=79446) to work on /home/airflow/.local/lib/python3.12/site-packages/airflow/example_dags/example_display_name.py
[2026-04-10T02:14:51.205+0000] {processor.py:914} INFO - Processing file /home/airflow/.local/lib/python3.12/site-packages/airflow/example_dags/example_display_name.py for tasks to queue
[2026-04-10T02:14:51.205+0000] {logging_mixin.py:190} INFO - [2026-04-10T02:14:51.205+0000] {dagbag.py:588} INFO - Filling up the DagBag from /home/airflow/.local/lib/python3.12/site-packages/airflow/example_dags/example_display_name.py
[2026-04-10T02:14:51.208+0000] {processor.py:925} INFO - DAG(s) 'example_display_name' retrieved from /home/airflow/.local/lib/python3.12/site-packages/airflow/example_dags/example_display_name.py
[2026-04-10T02:14:51.214+0000] {logging_mixin.py:190} INFO - [2026-04-10T02:14:51.214+0000] {dag.py:3239} INFO - Sync 1 DAGs
[2026-04-10T02:14:51.219+0000] {logging_mixin.py:190} INFO - [2026-04-10T02:14:51.219+0000] {dag.py:4180} INFO - Setting next_dagrun for example_display_name to None, run_after=None
[2026-04-10T02:14:51.226+0000] {processor.py:208} INFO - Processing /home/airflow/.local/lib/python3.12/site-packages/airflow/example_dags/example_display_name.py took 0.026 seconds
[2026-04-10T02:20:01.558+0000] {processor.py:186} INFO - Started process (PID=79510) to work on /home/airflow/.local/lib/python3.12/site-packages/airflow/example_dags/example_display_name.py
[2026-04-10T02:20:01.559+0000] {processor.py:914} INFO - Processing file /home/airflow/.local/lib/python3.12/site-packages/airflow/example_dags/example_display_name.py for tasks to queue
[2026-04-10T02:20:01.560+0000] {logging_mixin.py:190} INFO - [2026-04-10T02:20:01.560+0000] {dagbag.py:588} INFO - Filling up the DagBag from /home/airflow/.local/lib/python3.12/site-packages/airflow/example_dags/example_display_name.py
[2026-04-10T02:20:01.566+0000] {processor.py:925} INFO - DAG(s) 'example_display_name' retrieved from /home/airflow/.local/lib/python3.12/site-packages/airflow/example_dags/example_display_name.py
[2026-04-10T02:20:01.575+0000] {logging_mixin.py:190} INFO - [2026-04-10T02:20:01.574+0000] {dag.py:3239} INFO - Sync 1 DAGs
[2026-04-10T02:20:01.582+0000] {logging_mixin.py:190} INFO - [2026-04-10T02:20:01.582+0000] {dag.py:4180} INFO - Setting next_dagrun for example_display_name to None, run_after=None
[2026-04-10T02:20:01.592+0000] {processor.py:208} INFO - Processing /home/airflow/.local/lib/python3.12/site-packages/airflow/example_dags/example_display_name.py took 0.036 seconds
[2026-04-10T02:20:32.435+0000] {processor.py:186} INFO - Started process (PID=79574) to work on /home/airflow/.local/lib/python3.12/site-packages/airflow/example_dags/example_display_name.py
[2026-04-10T02:20:32.435+0000] {processor.py:914} INFO - Processing file /home/airflow/.local/lib/python3.12/site-packages/airflow/example_dags/example_display_name.py for tasks to queue
[2026-04-10T02:20:32.436+0000] {logging_mixin.py:190} INFO - [2026-04-10T02:20:32.436+0000] {dagbag.py:588} INFO - Filling up the DagBag from /home/airflow/.local/lib/python3.12/site-packages/airflow/example_dags/example_display_name.py
[2026-04-10T02:20:32.438+0000] {processor.py:925} INFO - DAG(s) 'example_display_name' retrieved from /home/airflow/.local/lib/python3.12/site-packages/airflow/example_dags/example_display_name.py
[2026-04-10T02:20:32.445+0000] {logging_mixin.py:190} INFO - [2026-04-10T02:20:32.445+0000] {dag.py:3239} INFO - Sync 1 DAGs
[2026-04-10T02:20:32.451+0000] {logging_mixin.py:190} INFO - [2026-04-10T02:20:32.451+0000] {dag.py:4180} INFO - Setting next_dagrun for example_display_name to None, run_after=None
[2026-04-10T02:20:32.461+0000] {processor.py:208} INFO - Processing /home/airflow/.local/lib/python3.12/site-packages/airflow/example_dags/example_display_name.py took 0.029 seconds
[2026-04-10T02:38:21.237+0000] {processor.py:186} INFO - Started process (PID=79638) to work on /home/airflow/.local/lib/python3.12/site-packages/airflow/example_dags/example_display_name.py
[2026-04-10T02:38:21.238+0000] {processor.py:914} INFO - Processing file /home/airflow/.local/lib/python3.12/site-packages/airflow/example_dags/example_display_name.py for tasks to queue
[2026-04-10T02:38:21.239+0000] {logging_mixin.py:190} INFO - [2026-04-10T02:38:21.238+0000] {dagbag.py:588} INFO - Filling up the DagBag from /home/airflow/.local/lib/python3.12/site-packages/airflow/example_dags/example_display_name.py
[2026-04-10T02:38:21.246+0000] {processor.py:925} INFO - DAG(s) 'example_display_name' retrieved from /home/airflow/.local/lib/python3.12/site-packages/airflow/example_dags/example_display_name.py
[2026-04-10T02:38:21.254+0000] {logging_mixin.py:190} INFO - [2026-04-10T02:38:21.254+0000] {dag.py:3239} INFO - Sync 1 DAGs
[2026-04-10T02:38:21.260+0000] {logging_mixin.py:190} INFO - [2026-04-10T02:38:21.260+0000] {dag.py:4180} INFO - Setting next_dagrun for example_display_name to None, run_after=None
[2026-04-10T02:38:21.266+0000] {processor.py:208} INFO - Processing /home/airflow/.local/lib/python3.12/site-packages/airflow/example_dags/example_display_name.py took 0.032 seconds
[2026-04-10T02:44:08.181+0000] {processor.py:186} INFO - Started process (PID=79702) to work on /home/airflow/.local/lib/python3.12/site-packages/airflow/example_dags/example_display_name.py
[2026-04-10T02:44:08.181+0000] {processor.py:914} INFO - Processing file /home/airflow/.local/lib/python3.12/site-packages/airflow/example_dags/example_display_name.py for tasks to queue
[2026-04-10T02:44:08.182+0000] {logging_mixin.py:190} INFO - [2026-04-10T02:44:08.182+0000] {dagbag.py:588} INFO - Filling up the DagBag from /home/airflow/.local/lib/python3.12/site-packages/airflow/example_dags/example_display_name.py
[2026-04-10T02:44:08.185+0000] {processor.py:925} INFO - DAG(s) 'example_display_name' retrieved from /home/airflow/.local/lib/python3.12/site-packages/airflow/example_dags/example_display_name.py
[2026-04-10T02:44:08.193+0000] {logging_mixin.py:190} INFO - [2026-04-10T02:44:08.193+0000] {dag.py:3239} INFO - Sync 1 DAGs
[2026-04-10T02:44:08.200+0000] {logging_mixin.py:190} INFO - [2026-04-10T02:44:08.199+0000] {dag.py:4180} INFO - Setting next_dagrun for example_display_name to None, run_after=None
[2026-04-10T02:44:08.205+0000] {processor.py:208} INFO - Processing /home/airflow/.local/lib/python3.12/site-packages/airflow/example_dags/example_display_name.py took 0.027 seconds
[2026-04-10T02:59:39.763+0000] {processor.py:186} INFO - Started process (PID=79766) to work on /home/airflow/.local/lib/python3.12/site-packages/airflow/example_dags/example_display_name.py
[2026-04-10T02:59:39.765+0000] {processor.py:914} INFO - Processing file /home/airflow/.local/lib/python3.12/site-packages/airflow/example_dags/example_display_name.py for tasks to queue
[2026-04-10T02:59:39.766+0000] {logging_mixin.py:190} INFO - [2026-04-10T02:59:39.766+0000] {dagbag.py:588} INFO - Filling up the DagBag from /home/airflow/.local/lib/python3.12/site-packages/airflow/example_dags/example_display_name.py
[2026-04-10T02:59:39.769+0000] {processor.py:925} INFO - DAG(s) 'example_display_name' retrieved from /home/airflow/.local/lib/python3.12/site-packages/airflow/example_dags/example_display_name.py
[2026-04-10T02:59:39.782+0000] {logging_mixin.py:190} INFO - [2026-04-10T02:59:39.782+0000] {dag.py:3239} INFO - Sync 1 DAGs
[2026-04-10T02:59:39.788+0000] {logging_mixin.py:190} INFO - [2026-04-10T02:59:39.788+0000] {dag.py:4180} INFO - Setting next_dagrun for example_display_name to None, run_after=None
[2026-04-10T02:59:39.795+0000] {processor.py:208} INFO - Processing /home/airflow/.local/lib/python3.12/site-packages/airflow/example_dags/example_display_name.py took 0.034 seconds
[2026-04-10T03:00:10.088+0000] {processor.py:186} INFO - Started process (PID=79829) to work on /home/airflow/.local/lib/python3.12/site-packages/airflow/example_dags/example_display_name.py
[2026-04-10T03:00:10.090+0000] {processor.py:914} INFO - Processing file /home/airflow/.local/lib/python3.12/site-packages/airflow/example_dags/example_display_name.py for tasks to queue
[2026-04-10T03:00:10.090+0000] {logging_mixin.py:190} INFO - [2026-04-10T03:00:10.090+0000] {dagbag.py:588} INFO - Filling up the DagBag from /home/airflow/.local/lib/python3.12/site-packages/airflow/example_dags/example_display_name.py
[2026-04-10T03:00:10.094+0000] {processor.py:925} INFO - DAG(s) 'example_display_name' retrieved from /home/airflow/.local/lib/python3.12/site-packages/airflow/example_dags/example_display_name.py
[2026-04-10T03:00:10.102+0000] {logging_mixin.py:190} INFO - [2026-04-10T03:00:10.102+0000] {dag.py:3239} INFO - Sync 1 DAGs
[2026-04-10T03:00:10.107+0000] {logging_mixin.py:190} INFO - [2026-04-10T03:00:10.107+0000] {dag.py:4180} INFO - Setting next_dagrun for example_display_name to None, run_after=None
[2026-04-10T03:00:10.113+0000] {processor.py:208} INFO - Processing /home/airflow/.local/lib/python3.12/site-packages/airflow/example_dags/example_display_name.py took 0.028 seconds
[2026-04-10T03:15:40.857+0000] {processor.py:186} INFO - Started process (PID=79894) to work on /home/airflow/.local/lib/python3.12/site-packages/airflow/example_dags/example_display_name.py
[2026-04-10T03:15:40.858+0000] {processor.py:914} INFO - Processing file /home/airflow/.local/lib/python3.12/site-packages/airflow/example_dags/example_display_name.py for tasks to queue
[2026-04-10T03:15:40.858+0000] {logging_mixin.py:190} INFO - [2026-04-10T03:15:40.858+0000] {dagbag.py:588} INFO - Filling up the DagBag from /home/airflow/.local/lib/python3.12/site-packages/airflow/example_dags/example_display_name.py
[2026-04-10T03:15:40.862+0000] {processor.py:925} INFO - DAG(s) 'example_display_name' retrieved from /home/airflow/.local/lib/python3.12/site-packages/airflow/example_dags/example_display_name.py
[2026-04-10T03:15:40.869+0000] {logging_mixin.py:190} INFO - [2026-04-10T03:15:40.869+0000] {dag.py:3239} INFO - Sync 1 DAGs
[2026-04-10T03:15:40.875+0000] {logging_mixin.py:190} INFO - [2026-04-10T03:15:40.875+0000] {dag.py:4180} INFO - Setting next_dagrun for example_display_name to None, run_after=None
[2026-04-10T03:15:40.881+0000] {processor.py:208} INFO - Processing /home/airflow/.local/lib/python3.12/site-packages/airflow/example_dags/example_display_name.py took 0.028 seconds
[2026-04-10T03:23:19.955+0000] {processor.py:186} INFO - Started process (PID=79958) to work on /home/airflow/.local/lib/python3.12/site-packages/airflow/example_dags/example_display_name.py
[2026-04-10T03:23:19.956+0000] {processor.py:914} INFO - Processing file /home/airflow/.local/lib/python3.12/site-packages/airflow/example_dags/example_display_name.py for tasks to queue
[2026-04-10T03:23:19.957+0000] {logging_mixin.py:190} INFO - [2026-04-10T03:23:19.956+0000] {dagbag.py:588} INFO - Filling up the DagBag from /home/airflow/.local/lib/python3.12/site-packages/airflow/example_dags/example_display_name.py
[2026-04-10T03:23:19.963+0000] {processor.py:925} INFO - DAG(s) 'example_display_name' retrieved from /home/airflow/.local/lib/python3.12/site-packages/airflow/example_dags/example_display_name.py
[2026-04-10T03:23:19.975+0000] {logging_mixin.py:190} INFO - [2026-04-10T03:23:19.975+0000] {dag.py:3239} INFO - Sync 1 DAGs
[2026-04-10T03:23:19.985+0000] {logging_mixin.py:190} INFO - [2026-04-10T03:23:19.985+0000] {dag.py:4180} INFO - Setting next_dagrun for example_display_name to None, run_after=None
[2026-04-10T03:23:19.996+0000] {processor.py:208} INFO - Processing /home/airflow/.local/lib/python3.12/site-packages/airflow/example_dags/example_display_name.py took 0.046 seconds
[2026-04-10T03:23:50.892+0000] {processor.py:186} INFO - Started process (PID=80022) to work on /home/airflow/.local/lib/python3.12/site-packages/airflow/example_dags/example_display_name.py
[2026-04-10T03:23:50.892+0000] {processor.py:914} INFO - Processing file /home/airflow/.local/lib/python3.12/site-packages/airflow/example_dags/example_display_name.py for tasks to queue
[2026-04-10T03:23:50.893+0000] {logging_mixin.py:190} INFO - [2026-04-10T03:23:50.892+0000] {dagbag.py:588} INFO - Filling up the DagBag from /home/airflow/.local/lib/python3.12/site-packages/airflow/example_dags/example_display_name.py
[2026-04-10T03:23:50.897+0000] {processor.py:925} INFO - DAG(s) 'example_display_name' retrieved from /home/airflow/.local/lib/python3.12/site-packages/airflow/example_dags/example_display_name.py
[2026-04-10T03:23:50.904+0000] {logging_mixin.py:190} INFO - [2026-04-10T03:23:50.904+0000] {dag.py:3239} INFO - Sync 1 DAGs
[2026-04-10T03:23:50.911+0000] {logging_mixin.py:190} INFO - [2026-04-10T03:23:50.911+0000] {dag.py:4180} INFO - Setting next_dagrun for example_display_name to None, run_after=None
[2026-04-10T03:23:50.918+0000] {processor.py:208} INFO - Processing /home/airflow/.local/lib/python3.12/site-packages/airflow/example_dags/example_display_name.py took 0.029 seconds
[2026-04-10T03:24:21.582+0000] {processor.py:186} INFO - Started process (PID=80086) to work on /home/airflow/.local/lib/python3.12/site-packages/airflow/example_dags/example_display_name.py
[2026-04-10T03:24:21.583+0000] {processor.py:914} INFO - Processing file /home/airflow/.local/lib/python3.12/site-packages/airflow/example_dags/example_display_name.py for tasks to queue
[2026-04-10T03:24:21.583+0000] {logging_mixin.py:190} INFO - [2026-04-10T03:24:21.583+0000] {dagbag.py:588} INFO - Filling up the DagBag from /home/airflow/.local/lib/python3.12/site-packages/airflow/example_dags/example_display_name.py
[2026-04-10T03:24:21.586+0000] {processor.py:925} INFO - DAG(s) 'example_display_name' retrieved from /home/airflow/.local/lib/python3.12/site-packages/airflow/example_dags/example_display_name.py
[2026-04-10T03:24:21.594+0000] {logging_mixin.py:190} INFO - [2026-04-10T03:24:21.594+0000] {dag.py:3239} INFO - Sync 1 DAGs
[2026-04-10T03:24:21.599+0000] {logging_mixin.py:190} INFO - [2026-04-10T03:24:21.599+0000] {dag.py:4180} INFO - Setting next_dagrun for example_display_name to None, run_after=None
[2026-04-10T03:24:21.605+0000] {processor.py:208} INFO - Processing /home/airflow/.local/lib/python3.12/site-packages/airflow/example_dags/example_display_name.py took 0.025 seconds
[2026-04-10T03:24:51.948+0000] {processor.py:186} INFO - Started process (PID=80150) to work on /home/airflow/.local/lib/python3.12/site-packages/airflow/example_dags/example_display_name.py
[2026-04-10T03:24:51.949+0000] {processor.py:914} INFO - Processing file /home/airflow/.local/lib/python3.12/site-packages/airflow/example_dags/example_display_name.py for tasks to queue
[2026-04-10T03:24:51.949+0000] {logging_mixin.py:190} INFO - [2026-04-10T03:24:51.949+0000] {dagbag.py:588} INFO - Filling up the DagBag from /home/airflow/.local/lib/python3.12/site-packages/airflow/example_dags/example_display_name.py
[2026-04-10T03:24:51.953+0000] {processor.py:925} INFO - DAG(s) 'example_display_name' retrieved from /home/airflow/.local/lib/python3.12/site-packages/airflow/example_dags/example_display_name.py
[2026-04-10T03:24:51.960+0000] {logging_mixin.py:190} INFO - [2026-04-10T03:24:51.960+0000] {dag.py:3239} INFO - Sync 1 DAGs
[2026-04-10T03:24:51.966+0000] {logging_mixin.py:190} INFO - [2026-04-10T03:24:51.966+0000] {dag.py:4180} INFO - Setting next_dagrun for example_display_name to None, run_after=None
[2026-04-10T03:24:51.972+0000] {processor.py:208} INFO - Processing /home/airflow/.local/lib/python3.12/site-packages/airflow/example_dags/example_display_name.py took 0.026 seconds
[2026-04-10T03:25:22.357+0000] {processor.py:186} INFO - Started process (PID=80214) to work on /home/airflow/.local/lib/python3.12/site-packages/airflow/example_dags/example_display_name.py
[2026-04-10T03:25:22.358+0000] {processor.py:914} INFO - Processing file /home/airflow/.local/lib/python3.12/site-packages/airflow/example_dags/example_display_name.py for tasks to queue
[2026-04-10T03:25:22.358+0000] {logging_mixin.py:190} INFO - [2026-04-10T03:25:22.358+0000] {dagbag.py:588} INFO - Filling up the DagBag from /home/airflow/.local/lib/python3.12/site-packages/airflow/example_dags/example_display_name.py
[2026-04-10T03:25:22.363+0000] {processor.py:925} INFO - DAG(s) 'example_display_name' retrieved from /home/airflow/.local/lib/python3.12/site-packages/airflow/example_dags/example_display_name.py
[2026-04-10T03:25:22.371+0000] {logging_mixin.py:190} INFO - [2026-04-10T03:25:22.371+0000] {dag.py:3239} INFO - Sync 1 DAGs
[2026-04-10T03:25:22.377+0000] {logging_mixin.py:190} INFO - [2026-04-10T03:25:22.377+0000] {dag.py:4180} INFO - Setting next_dagrun for example_display_name to None, run_after=None
[2026-04-10T03:25:22.384+0000] {processor.py:208} INFO - Processing /home/airflow/.local/lib/python3.12/site-packages/airflow/example_dags/example_display_name.py took 0.029 seconds
[2026-04-10T03:25:52.513+0000] {processor.py:186} INFO - Started process (PID=80277) to work on /home/airflow/.local/lib/python3.12/site-packages/airflow/example_dags/example_display_name.py
[2026-04-10T03:25:52.514+0000] {processor.py:914} INFO - Processing file /home/airflow/.local/lib/python3.12/site-packages/airflow/example_dags/example_display_name.py for tasks to queue
[2026-04-10T03:25:52.514+0000] {logging_mixin.py:190} INFO - [2026-04-10T03:25:52.514+0000] {dagbag.py:588} INFO - Filling up the DagBag from /home/airflow/.local/lib/python3.12/site-packages/airflow/example_dags/example_display_name.py
[2026-04-10T03:25:52.519+0000] {processor.py:925} INFO - DAG(s) 'example_display_name' retrieved from /home/airflow/.local/lib/python3.12/site-packages/airflow/example_dags/example_display_name.py
[2026-04-10T03:25:52.535+0000] {logging_mixin.py:190} INFO - [2026-04-10T03:25:52.535+0000] {dag.py:3239} INFO - Sync 1 DAGs
[2026-04-10T03:25:52.544+0000] {logging_mixin.py:190} INFO - [2026-04-10T03:25:52.544+0000] {dag.py:4180} INFO - Setting next_dagrun for example_display_name to None, run_after=None
[2026-04-10T03:25:52.553+0000] {processor.py:208} INFO - Processing /home/airflow/.local/lib/python3.12/site-packages/airflow/example_dags/example_display_name.py took 0.042 seconds
[2026-04-10T03:26:22.938+0000] {processor.py:186} INFO - Started process (PID=80341) to work on /home/airflow/.local/lib/python3.12/site-packages/airflow/example_dags/example_display_name.py
[2026-04-10T03:26:22.940+0000] {processor.py:914} INFO - Processing file /home/airflow/.local/lib/python3.12/site-packages/airflow/example_dags/example_display_name.py for tasks to queue
[2026-04-10T03:26:22.941+0000] {logging_mixin.py:190} INFO - [2026-04-10T03:26:22.940+0000] {dagbag.py:588} INFO - Filling up the DagBag from /home/airflow/.local/lib/python3.12/site-packages/airflow/example_dags/example_display_name.py
[2026-04-10T03:26:22.944+0000] {processor.py:925} INFO - DAG(s) 'example_display_name' retrieved from /home/airflow/.local/lib/python3.12/site-packages/airflow/example_dags/example_display_name.py
[2026-04-10T03:26:22.955+0000] {logging_mixin.py:190} INFO - [2026-04-10T03:26:22.955+0000] {dag.py:3239} INFO - Sync 1 DAGs
[2026-04-10T03:26:22.961+0000] {logging_mixin.py:190} INFO - [2026-04-10T03:26:22.961+0000] {dag.py:4180} INFO - Setting next_dagrun for example_display_name to None, run_after=None
[2026-04-10T03:26:22.967+0000] {processor.py:208} INFO - Processing /home/airflow/.local/lib/python3.12/site-packages/airflow/example_dags/example_display_name.py took 0.032 seconds
[2026-04-10T03:26:53.123+0000] {processor.py:186} INFO - Started process (PID=80404) to work on /home/airflow/.local/lib/python3.12/site-packages/airflow/example_dags/example_display_name.py
[2026-04-10T03:26:53.124+0000] {processor.py:914} INFO - Processing file /home/airflow/.local/lib/python3.12/site-packages/airflow/example_dags/example_display_name.py for tasks to queue
[2026-04-10T03:26:53.127+0000] {logging_mixin.py:190} INFO - [2026-04-10T03:26:53.127+0000] {dagbag.py:588} INFO - Filling up the DagBag from /home/airflow/.local/lib/python3.12/site-packages/airflow/example_dags/example_display_name.py
[2026-04-10T03:26:53.134+0000] {processor.py:925} INFO - DAG(s) 'example_display_name' retrieved from /home/airflow/.local/lib/python3.12/site-packages/airflow/example_dags/example_display_name.py
[2026-04-10T03:26:53.150+0000] {logging_mixin.py:190} INFO - [2026-04-10T03:26:53.150+0000] {dag.py:3239} INFO - Sync 1 DAGs
[2026-04-10T03:26:53.157+0000] {logging_mixin.py:190} INFO - [2026-04-10T03:26:53.157+0000] {dag.py:4180} INFO - Setting next_dagrun for example_display_name to None, run_after=None
[2026-04-10T03:26:53.164+0000] {processor.py:208} INFO - Processing /home/airflow/.local/lib/python3.12/site-packages/airflow/example_dags/example_display_name.py took 0.048 seconds
[2026-04-10T03:27:23.823+0000] {processor.py:186} INFO - Started process (PID=80469) to work on /home/airflow/.local/lib/python3.12/site-packages/airflow/example_dags/example_display_name.py
[2026-04-10T03:27:23.824+0000] {processor.py:914} INFO - Processing file /home/airflow/.local/lib/python3.12/site-packages/airflow/example_dags/example_display_name.py for tasks to queue
[2026-04-10T03:27:23.824+0000] {logging_mixin.py:190} INFO - [2026-04-10T03:27:23.824+0000] {dagbag.py:588} INFO - Filling up the DagBag from /home/airflow/.local/lib/python3.12/site-packages/airflow/example_dags/example_display_name.py
[2026-04-10T03:27:23.829+0000] {processor.py:925} INFO - DAG(s) 'example_display_name' retrieved from /home/airflow/.local/lib/python3.12/site-packages/airflow/example_dags/example_display_name.py
[2026-04-10T03:27:23.837+0000] {logging_mixin.py:190} INFO - [2026-04-10T03:27:23.837+0000] {dag.py:3239} INFO - Sync 1 DAGs
[2026-04-10T03:27:23.842+0000] {logging_mixin.py:190} INFO - [2026-04-10T03:27:23.842+0000] {dag.py:4180} INFO - Setting next_dagrun for example_display_name to None, run_after=None
[2026-04-10T03:27:23.848+0000] {processor.py:208} INFO - Processing /home/airflow/.local/lib/python3.12/site-packages/airflow/example_dags/example_display_name.py took 0.027 seconds
[2026-04-10T03:27:53.983+0000] {processor.py:186} INFO - Started process (PID=80532) to work on /home/airflow/.local/lib/python3.12/site-packages/airflow/example_dags/example_display_name.py
[2026-04-10T03:27:53.985+0000] {processor.py:914} INFO - Processing file /home/airflow/.local/lib/python3.12/site-packages/airflow/example_dags/example_display_name.py for tasks to queue
[2026-04-10T03:27:53.987+0000] {logging_mixin.py:190} INFO - [2026-04-10T03:27:53.987+0000] {dagbag.py:588} INFO - Filling up the DagBag from /home/airflow/.local/lib/python3.12/site-packages/airflow/example_dags/example_display_name.py
[2026-04-10T03:27:53.992+0000] {processor.py:925} INFO - DAG(s) 'example_display_name' retrieved from /home/airflow/.local/lib/python3.12/site-packages/airflow/example_dags/example_display_name.py
[2026-04-10T03:27:54.002+0000] {logging_mixin.py:190} INFO - [2026-04-10T03:27:54.002+0000] {dag.py:3239} INFO - Sync 1 DAGs
[2026-04-10T03:27:54.008+0000] {logging_mixin.py:190} INFO - [2026-04-10T03:27:54.008+0000] {dag.py:4180} INFO - Setting next_dagrun for example_display_name to None, run_after=None
[2026-04-10T03:27:54.016+0000] {processor.py:208} INFO - Processing /home/airflow/.local/lib/python3.12/site-packages/airflow/example_dags/example_display_name.py took 0.038 seconds
[2026-04-10T03:28:24.824+0000] {processor.py:186} INFO - Started process (PID=80597) to work on /home/airflow/.local/lib/python3.12/site-packages/airflow/example_dags/example_display_name.py
[2026-04-10T03:28:24.825+0000] {processor.py:914} INFO - Processing file /home/airflow/.local/lib/python3.12/site-packages/airflow/example_dags/example_display_name.py for tasks to queue
[2026-04-10T03:28:24.825+0000] {logging_mixin.py:190} INFO - [2026-04-10T03:28:24.825+0000] {dagbag.py:588} INFO - Filling up the DagBag from /home/airflow/.local/lib/python3.12/site-packages/airflow/example_dags/example_display_name.py
[2026-04-10T03:28:24.829+0000] {processor.py:925} INFO - DAG(s) 'example_display_name' retrieved from /home/airflow/.local/lib/python3.12/site-packages/airflow/example_dags/example_display_name.py
[2026-04-10T03:28:24.836+0000] {logging_mixin.py:190} INFO - [2026-04-10T03:28:24.836+0000] {dag.py:3239} INFO - Sync 1 DAGs
[2026-04-10T03:28:24.842+0000] {logging_mixin.py:190} INFO - [2026-04-10T03:28:24.842+0000] {dag.py:4180} INFO - Setting next_dagrun for example_display_name to None, run_after=None
[2026-04-10T03:28:24.850+0000] {processor.py:208} INFO - Processing /home/airflow/.local/lib/python3.12/site-packages/airflow/example_dags/example_display_name.py took 0.030 seconds
[2026-04-10T03:28:55.055+0000] {processor.py:186} INFO - Started process (PID=80660) to work on /home/airflow/.local/lib/python3.12/site-packages/airflow/example_dags/example_display_name.py
[2026-04-10T03:28:55.055+0000] {processor.py:914} INFO - Processing file /home/airflow/.local/lib/python3.12/site-packages/airflow/example_dags/example_display_name.py for tasks to queue
[2026-04-10T03:28:55.056+0000] {logging_mixin.py:190} INFO - [2026-04-10T03:28:55.056+0000] {dagbag.py:588} INFO - Filling up the DagBag from /home/airflow/.local/lib/python3.12/site-packages/airflow/example_dags/example_display_name.py
[2026-04-10T03:28:55.061+0000] {processor.py:925} INFO - DAG(s) 'example_display_name' retrieved from /home/airflow/.local/lib/python3.12/site-packages/airflow/example_dags/example_display_name.py
[2026-04-10T03:28:55.070+0000] {logging_mixin.py:190} INFO - [2026-04-10T03:28:55.070+0000] {dag.py:3239} INFO - Sync 1 DAGs
[2026-04-10T03:28:55.077+0000] {logging_mixin.py:190} INFO - [2026-04-10T03:28:55.077+0000] {dag.py:4180} INFO - Setting next_dagrun for example_display_name to None, run_after=None
[2026-04-10T03:28:55.084+0000] {processor.py:208} INFO - Processing /home/airflow/.local/lib/python3.12/site-packages/airflow/example_dags/example_display_name.py took 0.034 seconds
[2026-04-10T03:29:25.402+0000] {processor.py:186} INFO - Started process (PID=80724) to work on /home/airflow/.local/lib/python3.12/site-packages/airflow/example_dags/example_display_name.py
[2026-04-10T03:29:25.406+0000] {processor.py:914} INFO - Processing file /home/airflow/.local/lib/python3.12/site-packages/airflow/example_dags/example_display_name.py for tasks to queue
[2026-04-10T03:29:25.406+0000] {logging_mixin.py:190} INFO - [2026-04-10T03:29:25.406+0000] {dagbag.py:588} INFO - Filling up the DagBag from /home/airflow/.local/lib/python3.12/site-packages/airflow/example_dags/example_display_name.py
[2026-04-10T03:29:25.413+0000] {processor.py:925} INFO - DAG(s) 'example_display_name' retrieved from /home/airflow/.local/lib/python3.12/site-packages/airflow/example_dags/example_display_name.py
[2026-04-10T03:29:25.425+0000] {logging_mixin.py:190} INFO - [2026-04-10T03:29:25.425+0000] {dag.py:3239} INFO - Sync 1 DAGs
[2026-04-10T03:29:25.431+0000] {logging_mixin.py:190} INFO - [2026-04-10T03:29:25.431+0000] {dag.py:4180} INFO - Setting next_dagrun for example_display_name to None, run_after=None
[2026-04-10T03:29:25.438+0000] {processor.py:208} INFO - Processing /home/airflow/.local/lib/python3.12/site-packages/airflow/example_dags/example_display_name.py took 0.040 seconds
[2026-04-10T03:29:55.971+0000] {processor.py:186} INFO - Started process (PID=80787) to work on /home/airflow/.local/lib/python3.12/site-packages/airflow/example_dags/example_display_name.py
[2026-04-10T03:29:55.973+0000] {processor.py:914} INFO - Processing file /home/airflow/.local/lib/python3.12/site-packages/airflow/example_dags/example_display_name.py for tasks to queue
[2026-04-10T03:29:55.975+0000] {logging_mixin.py:190} INFO - [2026-04-10T03:29:55.975+0000] {dagbag.py:588} INFO - Filling up the DagBag from /home/airflow/.local/lib/python3.12/site-packages/airflow/example_dags/example_display_name.py
[2026-04-10T03:29:55.982+0000] {processor.py:925} INFO - DAG(s) 'example_display_name' retrieved from /home/airflow/.local/lib/python3.12/site-packages/airflow/example_dags/example_display_name.py
[2026-04-10T03:29:55.994+0000] {logging_mixin.py:190} INFO - [2026-04-10T03:29:55.994+0000] {dag.py:3239} INFO - Sync 1 DAGs
[2026-04-10T03:29:56.000+0000] {logging_mixin.py:190} INFO - [2026-04-10T03:29:56.000+0000] {dag.py:4180} INFO - Setting next_dagrun for example_display_name to None, run_after=None
[2026-04-10T03:29:56.007+0000] {processor.py:208} INFO - Processing /home/airflow/.local/lib/python3.12/site-packages/airflow/example_dags/example_display_name.py took 0.042 seconds
[2026-04-10T03:30:26.430+0000] {processor.py:186} INFO - Started process (PID=80851) to work on /home/airflow/.local/lib/python3.12/site-packages/airflow/example_dags/example_display_name.py
[2026-04-10T03:30:26.431+0000] {processor.py:914} INFO - Processing file /home/airflow/.local/lib/python3.12/site-packages/airflow/example_dags/example_display_name.py for tasks to queue
[2026-04-10T03:30:26.433+0000] {logging_mixin.py:190} INFO - [2026-04-10T03:30:26.433+0000] {dagbag.py:588} INFO - Filling up the DagBag from /home/airflow/.local/lib/python3.12/site-packages/airflow/example_dags/example_display_name.py
[2026-04-10T03:30:26.439+0000] {processor.py:925} INFO - DAG(s) 'example_display_name' retrieved from /home/airflow/.local/lib/python3.12/site-packages/airflow/example_dags/example_display_name.py
[2026-04-10T03:30:26.450+0000] {logging_mixin.py:190} INFO - [2026-04-10T03:30:26.450+0000] {dag.py:3239} INFO - Sync 1 DAGs
[2026-04-10T03:30:26.457+0000] {logging_mixin.py:190} INFO - [2026-04-10T03:30:26.457+0000] {dag.py:4180} INFO - Setting next_dagrun for example_display_name to None, run_after=None
[2026-04-10T03:30:26.464+0000] {processor.py:208} INFO - Processing /home/airflow/.local/lib/python3.12/site-packages/airflow/example_dags/example_display_name.py took 0.039 seconds
[2026-04-10T03:30:56.755+0000] {processor.py:186} INFO - Started process (PID=80915) to work on /home/airflow/.local/lib/python3.12/site-packages/airflow/example_dags/example_display_name.py
[2026-04-10T03:30:56.756+0000] {processor.py:914} INFO - Processing file /home/airflow/.local/lib/python3.12/site-packages/airflow/example_dags/example_display_name.py for tasks to queue
[2026-04-10T03:30:56.759+0000] {logging_mixin.py:190} INFO - [2026-04-10T03:30:56.758+0000] {dagbag.py:588} INFO - Filling up the DagBag from /home/airflow/.local/lib/python3.12/site-packages/airflow/example_dags/example_display_name.py
[2026-04-10T03:30:56.764+0000] {processor.py:925} INFO - DAG(s) 'example_display_name' retrieved from /home/airflow/.local/lib/python3.12/site-packages/airflow/example_dags/example_display_name.py
[2026-04-10T03:30:56.774+0000] {logging_mixin.py:190} INFO - [2026-04-10T03:30:56.774+0000] {dag.py:3239} INFO - Sync 1 DAGs
[2026-04-10T03:30:56.781+0000] {logging_mixin.py:190} INFO - [2026-04-10T03:30:56.780+0000] {dag.py:4180} INFO - Setting next_dagrun for example_display_name to None, run_after=None
[2026-04-10T03:30:56.788+0000] {processor.py:208} INFO - Processing /home/airflow/.local/lib/python3.12/site-packages/airflow/example_dags/example_display_name.py took 0.037 seconds
