[2026-04-10T00:07:15.898+0000] {processor.py:186} INFO - Started process (PID=78585) to work on /home/airflow/.local/lib/python3.12/site-packages/airflow/example_dags/example_nested_branch_dag.py
[2026-04-10T00:07:15.898+0000] {processor.py:914} INFO - Processing file /home/airflow/.local/lib/python3.12/site-packages/airflow/example_dags/example_nested_branch_dag.py for tasks to queue
[2026-04-10T00:07:15.899+0000] {logging_mixin.py:190} INFO - [2026-04-10T00:07:15.899+0000] {dagbag.py:588} INFO - Filling up the DagBag from /home/airflow/.local/lib/python3.12/site-packages/airflow/example_dags/example_nested_branch_dag.py
[2026-04-10T00:07:15.904+0000] {processor.py:925} INFO - DAG(s) 'example_nested_branch_dag' retrieved from /home/airflow/.local/lib/python3.12/site-packages/airflow/example_dags/example_nested_branch_dag.py
[2026-04-10T00:07:15.912+0000] {logging_mixin.py:190} INFO - [2026-04-10T00:07:15.911+0000] {dag.py:3239} INFO - Sync 1 DAGs
[2026-04-10T00:07:15.921+0000] {logging_mixin.py:190} INFO - [2026-04-10T00:07:15.921+0000] {dag.py:4180} INFO - Setting next_dagrun for example_nested_branch_dag to 2026-04-09 00:00:00+00:00, run_after=2026-04-10 00:00:00+00:00
[2026-04-10T00:07:15.930+0000] {processor.py:208} INFO - Processing /home/airflow/.local/lib/python3.12/site-packages/airflow/example_dags/example_nested_branch_dag.py took 0.035 seconds
[2026-04-10T00:22:48.825+0000] {processor.py:186} INFO - Started process (PID=78649) to work on /home/airflow/.local/lib/python3.12/site-packages/airflow/example_dags/example_nested_branch_dag.py
[2026-04-10T00:22:48.826+0000] {processor.py:914} INFO - Processing file /home/airflow/.local/lib/python3.12/site-packages/airflow/example_dags/example_nested_branch_dag.py for tasks to queue
[2026-04-10T00:22:48.826+0000] {logging_mixin.py:190} INFO - [2026-04-10T00:22:48.826+0000] {dagbag.py:588} INFO - Filling up the DagBag from /home/airflow/.local/lib/python3.12/site-packages/airflow/example_dags/example_nested_branch_dag.py
[2026-04-10T00:22:48.833+0000] {processor.py:925} INFO - DAG(s) 'example_nested_branch_dag' retrieved from /home/airflow/.local/lib/python3.12/site-packages/airflow/example_dags/example_nested_branch_dag.py
[2026-04-10T00:22:48.851+0000] {logging_mixin.py:190} INFO - [2026-04-10T00:22:48.851+0000] {dag.py:3239} INFO - Sync 1 DAGs
[2026-04-10T00:22:48.868+0000] {logging_mixin.py:190} INFO - [2026-04-10T00:22:48.868+0000] {dag.py:4180} INFO - Setting next_dagrun for example_nested_branch_dag to 2026-04-09 00:00:00+00:00, run_after=2026-04-10 00:00:00+00:00
[2026-04-10T00:22:48.881+0000] {processor.py:208} INFO - Processing /home/airflow/.local/lib/python3.12/site-packages/airflow/example_dags/example_nested_branch_dag.py took 0.060 seconds
[2026-04-10T00:23:19.700+0000] {processor.py:186} INFO - Started process (PID=78713) to work on /home/airflow/.local/lib/python3.12/site-packages/airflow/example_dags/example_nested_branch_dag.py
[2026-04-10T00:23:19.702+0000] {processor.py:914} INFO - Processing file /home/airflow/.local/lib/python3.12/site-packages/airflow/example_dags/example_nested_branch_dag.py for tasks to queue
[2026-04-10T00:23:19.702+0000] {logging_mixin.py:190} INFO - [2026-04-10T00:23:19.702+0000] {dagbag.py:588} INFO - Filling up the DagBag from /home/airflow/.local/lib/python3.12/site-packages/airflow/example_dags/example_nested_branch_dag.py
[2026-04-10T00:23:19.707+0000] {processor.py:925} INFO - DAG(s) 'example_nested_branch_dag' retrieved from /home/airflow/.local/lib/python3.12/site-packages/airflow/example_dags/example_nested_branch_dag.py
[2026-04-10T00:23:19.715+0000] {logging_mixin.py:190} INFO - [2026-04-10T00:23:19.714+0000] {dag.py:3239} INFO - Sync 1 DAGs
[2026-04-10T00:23:19.725+0000] {logging_mixin.py:190} INFO - [2026-04-10T00:23:19.724+0000] {dag.py:4180} INFO - Setting next_dagrun for example_nested_branch_dag to 2026-04-09 00:00:00+00:00, run_after=2026-04-10 00:00:00+00:00
[2026-04-10T00:23:19.736+0000] {processor.py:208} INFO - Processing /home/airflow/.local/lib/python3.12/site-packages/airflow/example_dags/example_nested_branch_dag.py took 0.037 seconds
[2026-04-10T00:38:49.531+0000] {processor.py:186} INFO - Started process (PID=78777) to work on /home/airflow/.local/lib/python3.12/site-packages/airflow/example_dags/example_nested_branch_dag.py
[2026-04-10T00:38:49.532+0000] {processor.py:914} INFO - Processing file /home/airflow/.local/lib/python3.12/site-packages/airflow/example_dags/example_nested_branch_dag.py for tasks to queue
[2026-04-10T00:38:49.533+0000] {logging_mixin.py:190} INFO - [2026-04-10T00:38:49.533+0000] {dagbag.py:588} INFO - Filling up the DagBag from /home/airflow/.local/lib/python3.12/site-packages/airflow/example_dags/example_nested_branch_dag.py
[2026-04-10T00:38:49.539+0000] {processor.py:925} INFO - DAG(s) 'example_nested_branch_dag' retrieved from /home/airflow/.local/lib/python3.12/site-packages/airflow/example_dags/example_nested_branch_dag.py
[2026-04-10T00:38:49.549+0000] {logging_mixin.py:190} INFO - [2026-04-10T00:38:49.549+0000] {dag.py:3239} INFO - Sync 1 DAGs
[2026-04-10T00:38:49.557+0000] {logging_mixin.py:190} INFO - [2026-04-10T00:38:49.557+0000] {dag.py:4180} INFO - Setting next_dagrun for example_nested_branch_dag to 2026-04-09 00:00:00+00:00, run_after=2026-04-10 00:00:00+00:00
[2026-04-10T00:38:49.569+0000] {processor.py:208} INFO - Processing /home/airflow/.local/lib/python3.12/site-packages/airflow/example_dags/example_nested_branch_dag.py took 0.040 seconds
[2026-04-10T00:41:53.963+0000] {processor.py:186} INFO - Started process (PID=78841) to work on /home/airflow/.local/lib/python3.12/site-packages/airflow/example_dags/example_nested_branch_dag.py
[2026-04-10T00:41:53.964+0000] {processor.py:914} INFO - Processing file /home/airflow/.local/lib/python3.12/site-packages/airflow/example_dags/example_nested_branch_dag.py for tasks to queue
[2026-04-10T00:41:53.964+0000] {logging_mixin.py:190} INFO - [2026-04-10T00:41:53.964+0000] {dagbag.py:588} INFO - Filling up the DagBag from /home/airflow/.local/lib/python3.12/site-packages/airflow/example_dags/example_nested_branch_dag.py
[2026-04-10T00:41:53.969+0000] {processor.py:925} INFO - DAG(s) 'example_nested_branch_dag' retrieved from /home/airflow/.local/lib/python3.12/site-packages/airflow/example_dags/example_nested_branch_dag.py
[2026-04-10T00:41:53.981+0000] {logging_mixin.py:190} INFO - [2026-04-10T00:41:53.981+0000] {dag.py:3239} INFO - Sync 1 DAGs
[2026-04-10T00:41:53.991+0000] {logging_mixin.py:190} INFO - [2026-04-10T00:41:53.991+0000] {dag.py:4180} INFO - Setting next_dagrun for example_nested_branch_dag to 2026-04-09 00:00:00+00:00, run_after=2026-04-10 00:00:00+00:00
[2026-04-10T00:41:53.997+0000] {processor.py:208} INFO - Processing /home/airflow/.local/lib/python3.12/site-packages/airflow/example_dags/example_nested_branch_dag.py took 0.036 seconds
[2026-04-10T00:42:25.261+0000] {processor.py:186} INFO - Started process (PID=78905) to work on /home/airflow/.local/lib/python3.12/site-packages/airflow/example_dags/example_nested_branch_dag.py
[2026-04-10T00:42:25.262+0000] {processor.py:914} INFO - Processing file /home/airflow/.local/lib/python3.12/site-packages/airflow/example_dags/example_nested_branch_dag.py for tasks to queue
[2026-04-10T00:42:25.262+0000] {logging_mixin.py:190} INFO - [2026-04-10T00:42:25.262+0000] {dagbag.py:588} INFO - Filling up the DagBag from /home/airflow/.local/lib/python3.12/site-packages/airflow/example_dags/example_nested_branch_dag.py
[2026-04-10T00:42:25.268+0000] {processor.py:925} INFO - DAG(s) 'example_nested_branch_dag' retrieved from /home/airflow/.local/lib/python3.12/site-packages/airflow/example_dags/example_nested_branch_dag.py
[2026-04-10T00:42:25.276+0000] {logging_mixin.py:190} INFO - [2026-04-10T00:42:25.276+0000] {dag.py:3239} INFO - Sync 1 DAGs
[2026-04-10T00:42:25.284+0000] {logging_mixin.py:190} INFO - [2026-04-10T00:42:25.284+0000] {dag.py:4180} INFO - Setting next_dagrun for example_nested_branch_dag to 2026-04-09 00:00:00+00:00, run_after=2026-04-10 00:00:00+00:00
[2026-04-10T00:42:25.290+0000] {processor.py:208} INFO - Processing /home/airflow/.local/lib/python3.12/site-packages/airflow/example_dags/example_nested_branch_dag.py took 0.031 seconds
[2026-04-10T00:57:55.733+0000] {processor.py:186} INFO - Started process (PID=78969) to work on /home/airflow/.local/lib/python3.12/site-packages/airflow/example_dags/example_nested_branch_dag.py
[2026-04-10T00:57:55.734+0000] {processor.py:914} INFO - Processing file /home/airflow/.local/lib/python3.12/site-packages/airflow/example_dags/example_nested_branch_dag.py for tasks to queue
[2026-04-10T00:57:55.736+0000] {logging_mixin.py:190} INFO - [2026-04-10T00:57:55.736+0000] {dagbag.py:588} INFO - Filling up the DagBag from /home/airflow/.local/lib/python3.12/site-packages/airflow/example_dags/example_nested_branch_dag.py
[2026-04-10T00:57:55.740+0000] {processor.py:925} INFO - DAG(s) 'example_nested_branch_dag' retrieved from /home/airflow/.local/lib/python3.12/site-packages/airflow/example_dags/example_nested_branch_dag.py
[2026-04-10T00:57:55.753+0000] {logging_mixin.py:190} INFO - [2026-04-10T00:57:55.753+0000] {dag.py:3239} INFO - Sync 1 DAGs
[2026-04-10T00:57:55.762+0000] {logging_mixin.py:190} INFO - [2026-04-10T00:57:55.762+0000] {dag.py:4180} INFO - Setting next_dagrun for example_nested_branch_dag to 2026-04-09 00:00:00+00:00, run_after=2026-04-10 00:00:00+00:00
[2026-04-10T00:57:55.770+0000] {processor.py:208} INFO - Processing /home/airflow/.local/lib/python3.12/site-packages/airflow/example_dags/example_nested_branch_dag.py took 0.039 seconds
[2026-04-10T01:13:29.662+0000] {processor.py:186} INFO - Started process (PID=79033) to work on /home/airflow/.local/lib/python3.12/site-packages/airflow/example_dags/example_nested_branch_dag.py
[2026-04-10T01:13:29.664+0000] {processor.py:914} INFO - Processing file /home/airflow/.local/lib/python3.12/site-packages/airflow/example_dags/example_nested_branch_dag.py for tasks to queue
[2026-04-10T01:13:29.666+0000] {logging_mixin.py:190} INFO - [2026-04-10T01:13:29.666+0000] {dagbag.py:588} INFO - Filling up the DagBag from /home/airflow/.local/lib/python3.12/site-packages/airflow/example_dags/example_nested_branch_dag.py
[2026-04-10T01:13:29.678+0000] {processor.py:925} INFO - DAG(s) 'example_nested_branch_dag' retrieved from /home/airflow/.local/lib/python3.12/site-packages/airflow/example_dags/example_nested_branch_dag.py
[2026-04-10T01:13:29.703+0000] {logging_mixin.py:190} INFO - [2026-04-10T01:13:29.703+0000] {dag.py:3239} INFO - Sync 1 DAGs
[2026-04-10T01:13:29.725+0000] {logging_mixin.py:190} INFO - [2026-04-10T01:13:29.724+0000] {dag.py:4180} INFO - Setting next_dagrun for example_nested_branch_dag to 2026-04-09 00:00:00+00:00, run_after=2026-04-10 00:00:00+00:00
[2026-04-10T01:13:29.746+0000] {processor.py:208} INFO - Processing /home/airflow/.local/lib/python3.12/site-packages/airflow/example_dags/example_nested_branch_dag.py took 0.090 seconds
[2026-04-10T01:14:00.529+0000] {processor.py:186} INFO - Started process (PID=79096) to work on /home/airflow/.local/lib/python3.12/site-packages/airflow/example_dags/example_nested_branch_dag.py
[2026-04-10T01:14:00.529+0000] {processor.py:914} INFO - Processing file /home/airflow/.local/lib/python3.12/site-packages/airflow/example_dags/example_nested_branch_dag.py for tasks to queue
[2026-04-10T01:14:00.530+0000] {logging_mixin.py:190} INFO - [2026-04-10T01:14:00.530+0000] {dagbag.py:588} INFO - Filling up the DagBag from /home/airflow/.local/lib/python3.12/site-packages/airflow/example_dags/example_nested_branch_dag.py
[2026-04-10T01:14:00.537+0000] {processor.py:925} INFO - DAG(s) 'example_nested_branch_dag' retrieved from /home/airflow/.local/lib/python3.12/site-packages/airflow/example_dags/example_nested_branch_dag.py
[2026-04-10T01:14:00.545+0000] {logging_mixin.py:190} INFO - [2026-04-10T01:14:00.545+0000] {dag.py:3239} INFO - Sync 1 DAGs
[2026-04-10T01:14:00.556+0000] {logging_mixin.py:190} INFO - [2026-04-10T01:14:00.556+0000] {dag.py:4180} INFO - Setting next_dagrun for example_nested_branch_dag to 2026-04-09 00:00:00+00:00, run_after=2026-04-10 00:00:00+00:00
[2026-04-10T01:14:00.563+0000] {processor.py:208} INFO - Processing /home/airflow/.local/lib/python3.12/site-packages/airflow/example_dags/example_nested_branch_dag.py took 0.037 seconds
[2026-04-10T01:29:26.951+0000] {processor.py:186} INFO - Started process (PID=79160) to work on /home/airflow/.local/lib/python3.12/site-packages/airflow/example_dags/example_nested_branch_dag.py
[2026-04-10T01:29:26.951+0000] {processor.py:914} INFO - Processing file /home/airflow/.local/lib/python3.12/site-packages/airflow/example_dags/example_nested_branch_dag.py for tasks to queue
[2026-04-10T01:29:26.952+0000] {logging_mixin.py:190} INFO - [2026-04-10T01:29:26.952+0000] {dagbag.py:588} INFO - Filling up the DagBag from /home/airflow/.local/lib/python3.12/site-packages/airflow/example_dags/example_nested_branch_dag.py
[2026-04-10T01:29:26.958+0000] {processor.py:925} INFO - DAG(s) 'example_nested_branch_dag' retrieved from /home/airflow/.local/lib/python3.12/site-packages/airflow/example_dags/example_nested_branch_dag.py
[2026-04-10T01:29:26.969+0000] {logging_mixin.py:190} INFO - [2026-04-10T01:29:26.969+0000] {dag.py:3239} INFO - Sync 1 DAGs
[2026-04-10T01:29:26.979+0000] {logging_mixin.py:190} INFO - [2026-04-10T01:29:26.979+0000] {dag.py:4180} INFO - Setting next_dagrun for example_nested_branch_dag to 2026-04-09 00:00:00+00:00, run_after=2026-04-10 00:00:00+00:00
[2026-04-10T01:29:26.988+0000] {processor.py:208} INFO - Processing /home/airflow/.local/lib/python3.12/site-packages/airflow/example_dags/example_nested_branch_dag.py took 0.040 seconds
[2026-04-10T01:29:57.445+0000] {processor.py:186} INFO - Started process (PID=79224) to work on /home/airflow/.local/lib/python3.12/site-packages/airflow/example_dags/example_nested_branch_dag.py
[2026-04-10T01:29:57.446+0000] {processor.py:914} INFO - Processing file /home/airflow/.local/lib/python3.12/site-packages/airflow/example_dags/example_nested_branch_dag.py for tasks to queue
[2026-04-10T01:29:57.446+0000] {logging_mixin.py:190} INFO - [2026-04-10T01:29:57.446+0000] {dagbag.py:588} INFO - Filling up the DagBag from /home/airflow/.local/lib/python3.12/site-packages/airflow/example_dags/example_nested_branch_dag.py
[2026-04-10T01:29:57.451+0000] {processor.py:925} INFO - DAG(s) 'example_nested_branch_dag' retrieved from /home/airflow/.local/lib/python3.12/site-packages/airflow/example_dags/example_nested_branch_dag.py
[2026-04-10T01:29:57.461+0000] {logging_mixin.py:190} INFO - [2026-04-10T01:29:57.461+0000] {dag.py:3239} INFO - Sync 1 DAGs
[2026-04-10T01:29:57.472+0000] {logging_mixin.py:190} INFO - [2026-04-10T01:29:57.472+0000] {dag.py:4180} INFO - Setting next_dagrun for example_nested_branch_dag to 2026-04-09 00:00:00+00:00, run_after=2026-04-10 00:00:00+00:00
[2026-04-10T01:29:57.482+0000] {processor.py:208} INFO - Processing /home/airflow/.local/lib/python3.12/site-packages/airflow/example_dags/example_nested_branch_dag.py took 0.040 seconds
[2026-04-10T01:43:16.757+0000] {processor.py:186} INFO - Started process (PID=79288) to work on /home/airflow/.local/lib/python3.12/site-packages/airflow/example_dags/example_nested_branch_dag.py
[2026-04-10T01:43:16.757+0000] {processor.py:914} INFO - Processing file /home/airflow/.local/lib/python3.12/site-packages/airflow/example_dags/example_nested_branch_dag.py for tasks to queue
[2026-04-10T01:43:16.758+0000] {logging_mixin.py:190} INFO - [2026-04-10T01:43:16.757+0000] {dagbag.py:588} INFO - Filling up the DagBag from /home/airflow/.local/lib/python3.12/site-packages/airflow/example_dags/example_nested_branch_dag.py
[2026-04-10T01:43:16.762+0000] {processor.py:925} INFO - DAG(s) 'example_nested_branch_dag' retrieved from /home/airflow/.local/lib/python3.12/site-packages/airflow/example_dags/example_nested_branch_dag.py
[2026-04-10T01:43:16.769+0000] {logging_mixin.py:190} INFO - [2026-04-10T01:43:16.769+0000] {dag.py:3239} INFO - Sync 1 DAGs
[2026-04-10T01:43:16.777+0000] {logging_mixin.py:190} INFO - [2026-04-10T01:43:16.776+0000] {dag.py:4180} INFO - Setting next_dagrun for example_nested_branch_dag to 2026-04-09 00:00:00+00:00, run_after=2026-04-10 00:00:00+00:00
[2026-04-10T01:43:16.782+0000] {processor.py:208} INFO - Processing /home/airflow/.local/lib/python3.12/site-packages/airflow/example_dags/example_nested_branch_dag.py took 0.027 seconds
[2026-04-10T01:58:48.602+0000] {processor.py:186} INFO - Started process (PID=79352) to work on /home/airflow/.local/lib/python3.12/site-packages/airflow/example_dags/example_nested_branch_dag.py
[2026-04-10T01:58:48.603+0000] {processor.py:914} INFO - Processing file /home/airflow/.local/lib/python3.12/site-packages/airflow/example_dags/example_nested_branch_dag.py for tasks to queue
[2026-04-10T01:58:48.603+0000] {logging_mixin.py:190} INFO - [2026-04-10T01:58:48.603+0000] {dagbag.py:588} INFO - Filling up the DagBag from /home/airflow/.local/lib/python3.12/site-packages/airflow/example_dags/example_nested_branch_dag.py
[2026-04-10T01:58:48.609+0000] {processor.py:925} INFO - DAG(s) 'example_nested_branch_dag' retrieved from /home/airflow/.local/lib/python3.12/site-packages/airflow/example_dags/example_nested_branch_dag.py
[2026-04-10T01:58:48.623+0000] {logging_mixin.py:190} INFO - [2026-04-10T01:58:48.623+0000] {dag.py:3239} INFO - Sync 1 DAGs
[2026-04-10T01:58:48.633+0000] {logging_mixin.py:190} INFO - [2026-04-10T01:58:48.633+0000] {dag.py:4180} INFO - Setting next_dagrun for example_nested_branch_dag to 2026-04-09 00:00:00+00:00, run_after=2026-04-10 00:00:00+00:00
[2026-04-10T01:58:48.639+0000] {processor.py:208} INFO - Processing /home/airflow/.local/lib/python3.12/site-packages/airflow/example_dags/example_nested_branch_dag.py took 0.040 seconds
[2026-04-10T01:59:19.880+0000] {processor.py:186} INFO - Started process (PID=79416) to work on /home/airflow/.local/lib/python3.12/site-packages/airflow/example_dags/example_nested_branch_dag.py
[2026-04-10T01:59:19.881+0000] {processor.py:914} INFO - Processing file /home/airflow/.local/lib/python3.12/site-packages/airflow/example_dags/example_nested_branch_dag.py for tasks to queue
[2026-04-10T01:59:19.882+0000] {logging_mixin.py:190} INFO - [2026-04-10T01:59:19.882+0000] {dagbag.py:588} INFO - Filling up the DagBag from /home/airflow/.local/lib/python3.12/site-packages/airflow/example_dags/example_nested_branch_dag.py
[2026-04-10T01:59:19.887+0000] {processor.py:925} INFO - DAG(s) 'example_nested_branch_dag' retrieved from /home/airflow/.local/lib/python3.12/site-packages/airflow/example_dags/example_nested_branch_dag.py
[2026-04-10T01:59:19.896+0000] {logging_mixin.py:190} INFO - [2026-04-10T01:59:19.896+0000] {dag.py:3239} INFO - Sync 1 DAGs
[2026-04-10T01:59:19.907+0000] {logging_mixin.py:190} INFO - [2026-04-10T01:59:19.907+0000] {dag.py:4180} INFO - Setting next_dagrun for example_nested_branch_dag to 2026-04-09 00:00:00+00:00, run_after=2026-04-10 00:00:00+00:00
[2026-04-10T01:59:19.913+0000] {processor.py:208} INFO - Processing /home/airflow/.local/lib/python3.12/site-packages/airflow/example_dags/example_nested_branch_dag.py took 0.035 seconds
[2026-04-10T02:14:52.287+0000] {processor.py:186} INFO - Started process (PID=79480) to work on /home/airflow/.local/lib/python3.12/site-packages/airflow/example_dags/example_nested_branch_dag.py
[2026-04-10T02:14:52.288+0000] {processor.py:914} INFO - Processing file /home/airflow/.local/lib/python3.12/site-packages/airflow/example_dags/example_nested_branch_dag.py for tasks to queue
[2026-04-10T02:14:52.288+0000] {logging_mixin.py:190} INFO - [2026-04-10T02:14:52.288+0000] {dagbag.py:588} INFO - Filling up the DagBag from /home/airflow/.local/lib/python3.12/site-packages/airflow/example_dags/example_nested_branch_dag.py
[2026-04-10T02:14:52.293+0000] {processor.py:925} INFO - DAG(s) 'example_nested_branch_dag' retrieved from /home/airflow/.local/lib/python3.12/site-packages/airflow/example_dags/example_nested_branch_dag.py
[2026-04-10T02:14:52.301+0000] {logging_mixin.py:190} INFO - [2026-04-10T02:14:52.301+0000] {dag.py:3239} INFO - Sync 1 DAGs
[2026-04-10T02:14:52.309+0000] {logging_mixin.py:190} INFO - [2026-04-10T02:14:52.309+0000] {dag.py:4180} INFO - Setting next_dagrun for example_nested_branch_dag to 2026-04-09 00:00:00+00:00, run_after=2026-04-10 00:00:00+00:00
[2026-04-10T02:14:52.319+0000] {processor.py:208} INFO - Processing /home/airflow/.local/lib/python3.12/site-packages/airflow/example_dags/example_nested_branch_dag.py took 0.034 seconds
[2026-04-10T02:20:03.128+0000] {processor.py:186} INFO - Started process (PID=79544) to work on /home/airflow/.local/lib/python3.12/site-packages/airflow/example_dags/example_nested_branch_dag.py
[2026-04-10T02:20:03.129+0000] {processor.py:914} INFO - Processing file /home/airflow/.local/lib/python3.12/site-packages/airflow/example_dags/example_nested_branch_dag.py for tasks to queue
[2026-04-10T02:20:03.130+0000] {logging_mixin.py:190} INFO - [2026-04-10T02:20:03.130+0000] {dagbag.py:588} INFO - Filling up the DagBag from /home/airflow/.local/lib/python3.12/site-packages/airflow/example_dags/example_nested_branch_dag.py
[2026-04-10T02:20:03.140+0000] {processor.py:925} INFO - DAG(s) 'example_nested_branch_dag' retrieved from /home/airflow/.local/lib/python3.12/site-packages/airflow/example_dags/example_nested_branch_dag.py
[2026-04-10T02:20:03.156+0000] {logging_mixin.py:190} INFO - [2026-04-10T02:20:03.156+0000] {dag.py:3239} INFO - Sync 1 DAGs
[2026-04-10T02:20:03.176+0000] {logging_mixin.py:190} INFO - [2026-04-10T02:20:03.176+0000] {dag.py:4180} INFO - Setting next_dagrun for example_nested_branch_dag to 2026-04-09 00:00:00+00:00, run_after=2026-04-10 00:00:00+00:00
[2026-04-10T02:20:03.191+0000] {processor.py:208} INFO - Processing /home/airflow/.local/lib/python3.12/site-packages/airflow/example_dags/example_nested_branch_dag.py took 0.069 seconds
[2026-04-10T02:20:33.571+0000] {processor.py:186} INFO - Started process (PID=79608) to work on /home/airflow/.local/lib/python3.12/site-packages/airflow/example_dags/example_nested_branch_dag.py
[2026-04-10T02:20:33.572+0000] {processor.py:914} INFO - Processing file /home/airflow/.local/lib/python3.12/site-packages/airflow/example_dags/example_nested_branch_dag.py for tasks to queue
[2026-04-10T02:20:33.572+0000] {logging_mixin.py:190} INFO - [2026-04-10T02:20:33.572+0000] {dagbag.py:588} INFO - Filling up the DagBag from /home/airflow/.local/lib/python3.12/site-packages/airflow/example_dags/example_nested_branch_dag.py
[2026-04-10T02:20:33.576+0000] {processor.py:925} INFO - DAG(s) 'example_nested_branch_dag' retrieved from /home/airflow/.local/lib/python3.12/site-packages/airflow/example_dags/example_nested_branch_dag.py
[2026-04-10T02:20:33.586+0000] {logging_mixin.py:190} INFO - [2026-04-10T02:20:33.586+0000] {dag.py:3239} INFO - Sync 1 DAGs
[2026-04-10T02:20:33.596+0000] {logging_mixin.py:190} INFO - [2026-04-10T02:20:33.596+0000] {dag.py:4180} INFO - Setting next_dagrun for example_nested_branch_dag to 2026-04-09 00:00:00+00:00, run_after=2026-04-10 00:00:00+00:00
[2026-04-10T02:20:33.605+0000] {processor.py:208} INFO - Processing /home/airflow/.local/lib/python3.12/site-packages/airflow/example_dags/example_nested_branch_dag.py took 0.036 seconds
[2026-04-10T02:38:22.451+0000] {processor.py:186} INFO - Started process (PID=79672) to work on /home/airflow/.local/lib/python3.12/site-packages/airflow/example_dags/example_nested_branch_dag.py
[2026-04-10T02:38:22.452+0000] {processor.py:914} INFO - Processing file /home/airflow/.local/lib/python3.12/site-packages/airflow/example_dags/example_nested_branch_dag.py for tasks to queue
[2026-04-10T02:38:22.454+0000] {logging_mixin.py:190} INFO - [2026-04-10T02:38:22.454+0000] {dagbag.py:588} INFO - Filling up the DagBag from /home/airflow/.local/lib/python3.12/site-packages/airflow/example_dags/example_nested_branch_dag.py
[2026-04-10T02:38:22.459+0000] {processor.py:925} INFO - DAG(s) 'example_nested_branch_dag' retrieved from /home/airflow/.local/lib/python3.12/site-packages/airflow/example_dags/example_nested_branch_dag.py
[2026-04-10T02:38:22.466+0000] {logging_mixin.py:190} INFO - [2026-04-10T02:38:22.466+0000] {dag.py:3239} INFO - Sync 1 DAGs
[2026-04-10T02:38:22.475+0000] {logging_mixin.py:190} INFO - [2026-04-10T02:38:22.475+0000] {dag.py:4180} INFO - Setting next_dagrun for example_nested_branch_dag to 2026-04-09 00:00:00+00:00, run_after=2026-04-10 00:00:00+00:00
[2026-04-10T02:38:22.480+0000] {processor.py:208} INFO - Processing /home/airflow/.local/lib/python3.12/site-packages/airflow/example_dags/example_nested_branch_dag.py took 0.032 seconds
[2026-04-10T02:44:09.267+0000] {processor.py:186} INFO - Started process (PID=79736) to work on /home/airflow/.local/lib/python3.12/site-packages/airflow/example_dags/example_nested_branch_dag.py
[2026-04-10T02:44:09.268+0000] {processor.py:914} INFO - Processing file /home/airflow/.local/lib/python3.12/site-packages/airflow/example_dags/example_nested_branch_dag.py for tasks to queue
[2026-04-10T02:44:09.270+0000] {logging_mixin.py:190} INFO - [2026-04-10T02:44:09.270+0000] {dagbag.py:588} INFO - Filling up the DagBag from /home/airflow/.local/lib/python3.12/site-packages/airflow/example_dags/example_nested_branch_dag.py
[2026-04-10T02:44:09.276+0000] {processor.py:925} INFO - DAG(s) 'example_nested_branch_dag' retrieved from /home/airflow/.local/lib/python3.12/site-packages/airflow/example_dags/example_nested_branch_dag.py
[2026-04-10T02:44:09.286+0000] {logging_mixin.py:190} INFO - [2026-04-10T02:44:09.286+0000] {dag.py:3239} INFO - Sync 1 DAGs
[2026-04-10T02:44:09.294+0000] {logging_mixin.py:190} INFO - [2026-04-10T02:44:09.294+0000] {dag.py:4180} INFO - Setting next_dagrun for example_nested_branch_dag to 2026-04-09 00:00:00+00:00, run_after=2026-04-10 00:00:00+00:00
[2026-04-10T02:44:09.300+0000] {processor.py:208} INFO - Processing /home/airflow/.local/lib/python3.12/site-packages/airflow/example_dags/example_nested_branch_dag.py took 0.036 seconds
[2026-04-10T02:59:40.908+0000] {processor.py:186} INFO - Started process (PID=79800) to work on /home/airflow/.local/lib/python3.12/site-packages/airflow/example_dags/example_nested_branch_dag.py
[2026-04-10T02:59:40.908+0000] {processor.py:914} INFO - Processing file /home/airflow/.local/lib/python3.12/site-packages/airflow/example_dags/example_nested_branch_dag.py for tasks to queue
[2026-04-10T02:59:40.909+0000] {logging_mixin.py:190} INFO - [2026-04-10T02:59:40.909+0000] {dagbag.py:588} INFO - Filling up the DagBag from /home/airflow/.local/lib/python3.12/site-packages/airflow/example_dags/example_nested_branch_dag.py
[2026-04-10T02:59:40.918+0000] {processor.py:925} INFO - DAG(s) 'example_nested_branch_dag' retrieved from /home/airflow/.local/lib/python3.12/site-packages/airflow/example_dags/example_nested_branch_dag.py
[2026-04-10T02:59:40.934+0000] {logging_mixin.py:190} INFO - [2026-04-10T02:59:40.934+0000] {dag.py:3239} INFO - Sync 1 DAGs
[2026-04-10T02:59:40.947+0000] {logging_mixin.py:190} INFO - [2026-04-10T02:59:40.947+0000] {dag.py:4180} INFO - Setting next_dagrun for example_nested_branch_dag to 2026-04-09 00:00:00+00:00, run_after=2026-04-10 00:00:00+00:00
[2026-04-10T02:59:40.953+0000] {processor.py:208} INFO - Processing /home/airflow/.local/lib/python3.12/site-packages/airflow/example_dags/example_nested_branch_dag.py took 0.048 seconds
[2026-04-10T03:00:11.210+0000] {processor.py:186} INFO - Started process (PID=79864) to work on /home/airflow/.local/lib/python3.12/site-packages/airflow/example_dags/example_nested_branch_dag.py
[2026-04-10T03:00:11.211+0000] {processor.py:914} INFO - Processing file /home/airflow/.local/lib/python3.12/site-packages/airflow/example_dags/example_nested_branch_dag.py for tasks to queue
[2026-04-10T03:00:11.211+0000] {logging_mixin.py:190} INFO - [2026-04-10T03:00:11.211+0000] {dagbag.py:588} INFO - Filling up the DagBag from /home/airflow/.local/lib/python3.12/site-packages/airflow/example_dags/example_nested_branch_dag.py
[2026-04-10T03:00:11.216+0000] {processor.py:925} INFO - DAG(s) 'example_nested_branch_dag' retrieved from /home/airflow/.local/lib/python3.12/site-packages/airflow/example_dags/example_nested_branch_dag.py
[2026-04-10T03:00:11.223+0000] {logging_mixin.py:190} INFO - [2026-04-10T03:00:11.223+0000] {dag.py:3239} INFO - Sync 1 DAGs
[2026-04-10T03:00:11.234+0000] {logging_mixin.py:190} INFO - [2026-04-10T03:00:11.234+0000] {dag.py:4180} INFO - Setting next_dagrun for example_nested_branch_dag to 2026-04-09 00:00:00+00:00, run_after=2026-04-10 00:00:00+00:00
[2026-04-10T03:00:11.243+0000] {processor.py:208} INFO - Processing /home/airflow/.local/lib/python3.12/site-packages/airflow/example_dags/example_nested_branch_dag.py took 0.036 seconds
[2026-04-10T03:15:42.012+0000] {processor.py:186} INFO - Started process (PID=79928) to work on /home/airflow/.local/lib/python3.12/site-packages/airflow/example_dags/example_nested_branch_dag.py
[2026-04-10T03:15:42.012+0000] {processor.py:914} INFO - Processing file /home/airflow/.local/lib/python3.12/site-packages/airflow/example_dags/example_nested_branch_dag.py for tasks to queue
[2026-04-10T03:15:42.013+0000] {logging_mixin.py:190} INFO - [2026-04-10T03:15:42.013+0000] {dagbag.py:588} INFO - Filling up the DagBag from /home/airflow/.local/lib/python3.12/site-packages/airflow/example_dags/example_nested_branch_dag.py
[2026-04-10T03:15:42.018+0000] {processor.py:925} INFO - DAG(s) 'example_nested_branch_dag' retrieved from /home/airflow/.local/lib/python3.12/site-packages/airflow/example_dags/example_nested_branch_dag.py
[2026-04-10T03:15:42.031+0000] {logging_mixin.py:190} INFO - [2026-04-10T03:15:42.031+0000] {dag.py:3239} INFO - Sync 1 DAGs
[2026-04-10T03:15:42.043+0000] {logging_mixin.py:190} INFO - [2026-04-10T03:15:42.043+0000] {dag.py:4180} INFO - Setting next_dagrun for example_nested_branch_dag to 2026-04-09 00:00:00+00:00, run_after=2026-04-10 00:00:00+00:00
[2026-04-10T03:15:42.053+0000] {processor.py:208} INFO - Processing /home/airflow/.local/lib/python3.12/site-packages/airflow/example_dags/example_nested_branch_dag.py took 0.044 seconds
[2026-04-10T03:23:21.561+0000] {processor.py:186} INFO - Started process (PID=79992) to work on /home/airflow/.local/lib/python3.12/site-packages/airflow/example_dags/example_nested_branch_dag.py
[2026-04-10T03:23:21.562+0000] {processor.py:914} INFO - Processing file /home/airflow/.local/lib/python3.12/site-packages/airflow/example_dags/example_nested_branch_dag.py for tasks to queue
[2026-04-10T03:23:21.562+0000] {logging_mixin.py:190} INFO - [2026-04-10T03:23:21.562+0000] {dagbag.py:588} INFO - Filling up the DagBag from /home/airflow/.local/lib/python3.12/site-packages/airflow/example_dags/example_nested_branch_dag.py
[2026-04-10T03:23:21.568+0000] {processor.py:925} INFO - DAG(s) 'example_nested_branch_dag' retrieved from /home/airflow/.local/lib/python3.12/site-packages/airflow/example_dags/example_nested_branch_dag.py
[2026-04-10T03:23:21.577+0000] {logging_mixin.py:190} INFO - [2026-04-10T03:23:21.577+0000] {dag.py:3239} INFO - Sync 1 DAGs
[2026-04-10T03:23:21.588+0000] {logging_mixin.py:190} INFO - [2026-04-10T03:23:21.587+0000] {dag.py:4180} INFO - Setting next_dagrun for example_nested_branch_dag to 2026-04-09 00:00:00+00:00, run_after=2026-04-10 00:00:00+00:00
[2026-04-10T03:23:21.602+0000] {processor.py:208} INFO - Processing /home/airflow/.local/lib/python3.12/site-packages/airflow/example_dags/example_nested_branch_dag.py took 0.044 seconds
[2026-04-10T03:23:52.376+0000] {processor.py:186} INFO - Started process (PID=80056) to work on /home/airflow/.local/lib/python3.12/site-packages/airflow/example_dags/example_nested_branch_dag.py
[2026-04-10T03:23:52.377+0000] {processor.py:914} INFO - Processing file /home/airflow/.local/lib/python3.12/site-packages/airflow/example_dags/example_nested_branch_dag.py for tasks to queue
[2026-04-10T03:23:52.378+0000] {logging_mixin.py:190} INFO - [2026-04-10T03:23:52.378+0000] {dagbag.py:588} INFO - Filling up the DagBag from /home/airflow/.local/lib/python3.12/site-packages/airflow/example_dags/example_nested_branch_dag.py
[2026-04-10T03:23:52.386+0000] {processor.py:925} INFO - DAG(s) 'example_nested_branch_dag' retrieved from /home/airflow/.local/lib/python3.12/site-packages/airflow/example_dags/example_nested_branch_dag.py
[2026-04-10T03:23:52.400+0000] {logging_mixin.py:190} INFO - [2026-04-10T03:23:52.400+0000] {dag.py:3239} INFO - Sync 1 DAGs
[2026-04-10T03:23:52.418+0000] {logging_mixin.py:190} INFO - [2026-04-10T03:23:52.417+0000] {dag.py:4180} INFO - Setting next_dagrun for example_nested_branch_dag to 2026-04-09 00:00:00+00:00, run_after=2026-04-10 00:00:00+00:00
[2026-04-10T03:23:52.430+0000] {processor.py:208} INFO - Processing /home/airflow/.local/lib/python3.12/site-packages/airflow/example_dags/example_nested_branch_dag.py took 0.058 seconds
[2026-04-10T03:24:22.821+0000] {processor.py:186} INFO - Started process (PID=80120) to work on /home/airflow/.local/lib/python3.12/site-packages/airflow/example_dags/example_nested_branch_dag.py
[2026-04-10T03:24:22.821+0000] {processor.py:914} INFO - Processing file /home/airflow/.local/lib/python3.12/site-packages/airflow/example_dags/example_nested_branch_dag.py for tasks to queue
[2026-04-10T03:24:22.821+0000] {logging_mixin.py:190} INFO - [2026-04-10T03:24:22.821+0000] {dagbag.py:588} INFO - Filling up the DagBag from /home/airflow/.local/lib/python3.12/site-packages/airflow/example_dags/example_nested_branch_dag.py
[2026-04-10T03:24:22.829+0000] {processor.py:925} INFO - DAG(s) 'example_nested_branch_dag' retrieved from /home/airflow/.local/lib/python3.12/site-packages/airflow/example_dags/example_nested_branch_dag.py
[2026-04-10T03:24:22.838+0000] {logging_mixin.py:190} INFO - [2026-04-10T03:24:22.837+0000] {dag.py:3239} INFO - Sync 1 DAGs
[2026-04-10T03:24:22.847+0000] {logging_mixin.py:190} INFO - [2026-04-10T03:24:22.847+0000] {dag.py:4180} INFO - Setting next_dagrun for example_nested_branch_dag to 2026-04-09 00:00:00+00:00, run_after=2026-04-10 00:00:00+00:00
[2026-04-10T03:24:22.853+0000] {processor.py:208} INFO - Processing /home/airflow/.local/lib/python3.12/site-packages/airflow/example_dags/example_nested_branch_dag.py took 0.035 seconds
[2026-04-10T03:24:53.167+0000] {processor.py:186} INFO - Started process (PID=80184) to work on /home/airflow/.local/lib/python3.12/site-packages/airflow/example_dags/example_nested_branch_dag.py
[2026-04-10T03:24:53.168+0000] {processor.py:914} INFO - Processing file /home/airflow/.local/lib/python3.12/site-packages/airflow/example_dags/example_nested_branch_dag.py for tasks to queue
[2026-04-10T03:24:53.169+0000] {logging_mixin.py:190} INFO - [2026-04-10T03:24:53.169+0000] {dagbag.py:588} INFO - Filling up the DagBag from /home/airflow/.local/lib/python3.12/site-packages/airflow/example_dags/example_nested_branch_dag.py
[2026-04-10T03:24:53.175+0000] {processor.py:925} INFO - DAG(s) 'example_nested_branch_dag' retrieved from /home/airflow/.local/lib/python3.12/site-packages/airflow/example_dags/example_nested_branch_dag.py
[2026-04-10T03:24:53.183+0000] {logging_mixin.py:190} INFO - [2026-04-10T03:24:53.183+0000] {dag.py:3239} INFO - Sync 1 DAGs
[2026-04-10T03:24:53.195+0000] {logging_mixin.py:190} INFO - [2026-04-10T03:24:53.195+0000] {dag.py:4180} INFO - Setting next_dagrun for example_nested_branch_dag to 2026-04-09 00:00:00+00:00, run_after=2026-04-10 00:00:00+00:00
[2026-04-10T03:24:53.206+0000] {processor.py:208} INFO - Processing /home/airflow/.local/lib/python3.12/site-packages/airflow/example_dags/example_nested_branch_dag.py took 0.042 seconds
[2026-04-10T03:25:23.533+0000] {processor.py:186} INFO - Started process (PID=80248) to work on /home/airflow/.local/lib/python3.12/site-packages/airflow/example_dags/example_nested_branch_dag.py
[2026-04-10T03:25:23.534+0000] {processor.py:914} INFO - Processing file /home/airflow/.local/lib/python3.12/site-packages/airflow/example_dags/example_nested_branch_dag.py for tasks to queue
[2026-04-10T03:25:23.535+0000] {logging_mixin.py:190} INFO - [2026-04-10T03:25:23.534+0000] {dagbag.py:588} INFO - Filling up the DagBag from /home/airflow/.local/lib/python3.12/site-packages/airflow/example_dags/example_nested_branch_dag.py
[2026-04-10T03:25:23.540+0000] {processor.py:925} INFO - DAG(s) 'example_nested_branch_dag' retrieved from /home/airflow/.local/lib/python3.12/site-packages/airflow/example_dags/example_nested_branch_dag.py
[2026-04-10T03:25:23.548+0000] {logging_mixin.py:190} INFO - [2026-04-10T03:25:23.548+0000] {dag.py:3239} INFO - Sync 1 DAGs
[2026-04-10T03:25:23.560+0000] {logging_mixin.py:190} INFO - [2026-04-10T03:25:23.559+0000] {dag.py:4180} INFO - Setting next_dagrun for example_nested_branch_dag to 2026-04-09 00:00:00+00:00, run_after=2026-04-10 00:00:00+00:00
[2026-04-10T03:25:23.570+0000] {processor.py:208} INFO - Processing /home/airflow/.local/lib/python3.12/site-packages/airflow/example_dags/example_nested_branch_dag.py took 0.039 seconds
[2026-04-10T03:25:54.076+0000] {processor.py:186} INFO - Started process (PID=80312) to work on /home/airflow/.local/lib/python3.12/site-packages/airflow/example_dags/example_nested_branch_dag.py
[2026-04-10T03:25:54.076+0000] {processor.py:914} INFO - Processing file /home/airflow/.local/lib/python3.12/site-packages/airflow/example_dags/example_nested_branch_dag.py for tasks to queue
[2026-04-10T03:25:54.077+0000] {logging_mixin.py:190} INFO - [2026-04-10T03:25:54.077+0000] {dagbag.py:588} INFO - Filling up the DagBag from /home/airflow/.local/lib/python3.12/site-packages/airflow/example_dags/example_nested_branch_dag.py
[2026-04-10T03:25:54.082+0000] {processor.py:925} INFO - DAG(s) 'example_nested_branch_dag' retrieved from /home/airflow/.local/lib/python3.12/site-packages/airflow/example_dags/example_nested_branch_dag.py
[2026-04-10T03:25:54.089+0000] {logging_mixin.py:190} INFO - [2026-04-10T03:25:54.089+0000] {dag.py:3239} INFO - Sync 1 DAGs
[2026-04-10T03:25:54.098+0000] {logging_mixin.py:190} INFO - [2026-04-10T03:25:54.098+0000] {dag.py:4180} INFO - Setting next_dagrun for example_nested_branch_dag to 2026-04-09 00:00:00+00:00, run_after=2026-04-10 00:00:00+00:00
[2026-04-10T03:25:54.104+0000] {processor.py:208} INFO - Processing /home/airflow/.local/lib/python3.12/site-packages/airflow/example_dags/example_nested_branch_dag.py took 0.031 seconds
[2026-04-10T03:26:25.340+0000] {processor.py:186} INFO - Started process (PID=80376) to work on /home/airflow/.local/lib/python3.12/site-packages/airflow/example_dags/example_nested_branch_dag.py
[2026-04-10T03:26:25.340+0000] {processor.py:914} INFO - Processing file /home/airflow/.local/lib/python3.12/site-packages/airflow/example_dags/example_nested_branch_dag.py for tasks to queue
[2026-04-10T03:26:25.341+0000] {logging_mixin.py:190} INFO - [2026-04-10T03:26:25.341+0000] {dagbag.py:588} INFO - Filling up the DagBag from /home/airflow/.local/lib/python3.12/site-packages/airflow/example_dags/example_nested_branch_dag.py
[2026-04-10T03:26:25.345+0000] {processor.py:925} INFO - DAG(s) 'example_nested_branch_dag' retrieved from /home/airflow/.local/lib/python3.12/site-packages/airflow/example_dags/example_nested_branch_dag.py
[2026-04-10T03:26:25.352+0000] {logging_mixin.py:190} INFO - [2026-04-10T03:26:25.352+0000] {dag.py:3239} INFO - Sync 1 DAGs
[2026-04-10T03:26:25.359+0000] {logging_mixin.py:190} INFO - [2026-04-10T03:26:25.359+0000] {dag.py:4180} INFO - Setting next_dagrun for example_nested_branch_dag to 2026-04-09 00:00:00+00:00, run_after=2026-04-10 00:00:00+00:00
[2026-04-10T03:26:25.364+0000] {processor.py:208} INFO - Processing /home/airflow/.local/lib/python3.12/site-packages/airflow/example_dags/example_nested_branch_dag.py took 0.026 seconds
[2026-04-10T03:26:55.840+0000] {processor.py:186} INFO - Started process (PID=80440) to work on /home/airflow/.local/lib/python3.12/site-packages/airflow/example_dags/example_nested_branch_dag.py
[2026-04-10T03:26:55.841+0000] {processor.py:914} INFO - Processing file /home/airflow/.local/lib/python3.12/site-packages/airflow/example_dags/example_nested_branch_dag.py for tasks to queue
[2026-04-10T03:26:55.842+0000] {logging_mixin.py:190} INFO - [2026-04-10T03:26:55.842+0000] {dagbag.py:588} INFO - Filling up the DagBag from /home/airflow/.local/lib/python3.12/site-packages/airflow/example_dags/example_nested_branch_dag.py
[2026-04-10T03:26:55.848+0000] {processor.py:925} INFO - DAG(s) 'example_nested_branch_dag' retrieved from /home/airflow/.local/lib/python3.12/site-packages/airflow/example_dags/example_nested_branch_dag.py
[2026-04-10T03:26:55.859+0000] {logging_mixin.py:190} INFO - [2026-04-10T03:26:55.859+0000] {dag.py:3239} INFO - Sync 1 DAGs
[2026-04-10T03:26:55.893+0000] {logging_mixin.py:190} INFO - [2026-04-10T03:26:55.893+0000] {dag.py:4180} INFO - Setting next_dagrun for example_nested_branch_dag to 2026-04-09 00:00:00+00:00, run_after=2026-04-10 00:00:00+00:00
[2026-04-10T03:26:55.906+0000] {processor.py:208} INFO - Processing /home/airflow/.local/lib/python3.12/site-packages/airflow/example_dags/example_nested_branch_dag.py took 0.069 seconds
[2026-04-10T03:27:26.104+0000] {processor.py:186} INFO - Started process (PID=80504) to work on /home/airflow/.local/lib/python3.12/site-packages/airflow/example_dags/example_nested_branch_dag.py
[2026-04-10T03:27:26.104+0000] {processor.py:914} INFO - Processing file /home/airflow/.local/lib/python3.12/site-packages/airflow/example_dags/example_nested_branch_dag.py for tasks to queue
[2026-04-10T03:27:26.105+0000] {logging_mixin.py:190} INFO - [2026-04-10T03:27:26.104+0000] {dagbag.py:588} INFO - Filling up the DagBag from /home/airflow/.local/lib/python3.12/site-packages/airflow/example_dags/example_nested_branch_dag.py
[2026-04-10T03:27:26.109+0000] {processor.py:925} INFO - DAG(s) 'example_nested_branch_dag' retrieved from /home/airflow/.local/lib/python3.12/site-packages/airflow/example_dags/example_nested_branch_dag.py
[2026-04-10T03:27:26.117+0000] {logging_mixin.py:190} INFO - [2026-04-10T03:27:26.117+0000] {dag.py:3239} INFO - Sync 1 DAGs
[2026-04-10T03:27:26.128+0000] {logging_mixin.py:190} INFO - [2026-04-10T03:27:26.128+0000] {dag.py:4180} INFO - Setting next_dagrun for example_nested_branch_dag to 2026-04-09 00:00:00+00:00, run_after=2026-04-10 00:00:00+00:00
[2026-04-10T03:27:26.138+0000] {processor.py:208} INFO - Processing /home/airflow/.local/lib/python3.12/site-packages/airflow/example_dags/example_nested_branch_dag.py took 0.037 seconds
[2026-04-10T03:27:56.565+0000] {processor.py:186} INFO - Started process (PID=80568) to work on /home/airflow/.local/lib/python3.12/site-packages/airflow/example_dags/example_nested_branch_dag.py
[2026-04-10T03:27:56.567+0000] {processor.py:914} INFO - Processing file /home/airflow/.local/lib/python3.12/site-packages/airflow/example_dags/example_nested_branch_dag.py for tasks to queue
[2026-04-10T03:27:56.568+0000] {logging_mixin.py:190} INFO - [2026-04-10T03:27:56.567+0000] {dagbag.py:588} INFO - Filling up the DagBag from /home/airflow/.local/lib/python3.12/site-packages/airflow/example_dags/example_nested_branch_dag.py
[2026-04-10T03:27:56.573+0000] {processor.py:925} INFO - DAG(s) 'example_nested_branch_dag' retrieved from /home/airflow/.local/lib/python3.12/site-packages/airflow/example_dags/example_nested_branch_dag.py
[2026-04-10T03:27:56.582+0000] {logging_mixin.py:190} INFO - [2026-04-10T03:27:56.581+0000] {dag.py:3239} INFO - Sync 1 DAGs
[2026-04-10T03:27:56.591+0000] {logging_mixin.py:190} INFO - [2026-04-10T03:27:56.591+0000] {dag.py:4180} INFO - Setting next_dagrun for example_nested_branch_dag to 2026-04-09 00:00:00+00:00, run_after=2026-04-10 00:00:00+00:00
[2026-04-10T03:27:56.602+0000] {processor.py:208} INFO - Processing /home/airflow/.local/lib/python3.12/site-packages/airflow/example_dags/example_nested_branch_dag.py took 0.040 seconds
[2026-04-10T03:28:27.251+0000] {processor.py:186} INFO - Started process (PID=80632) to work on /home/airflow/.local/lib/python3.12/site-packages/airflow/example_dags/example_nested_branch_dag.py
[2026-04-10T03:28:27.252+0000] {processor.py:914} INFO - Processing file /home/airflow/.local/lib/python3.12/site-packages/airflow/example_dags/example_nested_branch_dag.py for tasks to queue
[2026-04-10T03:28:27.252+0000] {logging_mixin.py:190} INFO - [2026-04-10T03:28:27.252+0000] {dagbag.py:588} INFO - Filling up the DagBag from /home/airflow/.local/lib/python3.12/site-packages/airflow/example_dags/example_nested_branch_dag.py
[2026-04-10T03:28:27.259+0000] {processor.py:925} INFO - DAG(s) 'example_nested_branch_dag' retrieved from /home/airflow/.local/lib/python3.12/site-packages/airflow/example_dags/example_nested_branch_dag.py
[2026-04-10T03:28:27.269+0000] {logging_mixin.py:190} INFO - [2026-04-10T03:28:27.269+0000] {dag.py:3239} INFO - Sync 1 DAGs
[2026-04-10T03:28:27.286+0000] {logging_mixin.py:190} INFO - [2026-04-10T03:28:27.286+0000] {dag.py:4180} INFO - Setting next_dagrun for example_nested_branch_dag to 2026-04-09 00:00:00+00:00, run_after=2026-04-10 00:00:00+00:00
[2026-04-10T03:28:27.297+0000] {processor.py:208} INFO - Processing /home/airflow/.local/lib/python3.12/site-packages/airflow/example_dags/example_nested_branch_dag.py took 0.049 seconds
[2026-04-10T03:28:57.609+0000] {processor.py:186} INFO - Started process (PID=80696) to work on /home/airflow/.local/lib/python3.12/site-packages/airflow/example_dags/example_nested_branch_dag.py
[2026-04-10T03:28:57.609+0000] {processor.py:914} INFO - Processing file /home/airflow/.local/lib/python3.12/site-packages/airflow/example_dags/example_nested_branch_dag.py for tasks to queue
[2026-04-10T03:28:57.609+0000] {logging_mixin.py:190} INFO - [2026-04-10T03:28:57.609+0000] {dagbag.py:588} INFO - Filling up the DagBag from /home/airflow/.local/lib/python3.12/site-packages/airflow/example_dags/example_nested_branch_dag.py
[2026-04-10T03:28:57.614+0000] {processor.py:925} INFO - DAG(s) 'example_nested_branch_dag' retrieved from /home/airflow/.local/lib/python3.12/site-packages/airflow/example_dags/example_nested_branch_dag.py
[2026-04-10T03:28:57.622+0000] {logging_mixin.py:190} INFO - [2026-04-10T03:28:57.622+0000] {dag.py:3239} INFO - Sync 1 DAGs
[2026-04-10T03:28:57.630+0000] {logging_mixin.py:190} INFO - [2026-04-10T03:28:57.630+0000] {dag.py:4180} INFO - Setting next_dagrun for example_nested_branch_dag to 2026-04-09 00:00:00+00:00, run_after=2026-04-10 00:00:00+00:00
[2026-04-10T03:28:57.637+0000] {processor.py:208} INFO - Processing /home/airflow/.local/lib/python3.12/site-packages/airflow/example_dags/example_nested_branch_dag.py took 0.031 seconds
[2026-04-10T03:29:27.973+0000] {processor.py:186} INFO - Started process (PID=80759) to work on /home/airflow/.local/lib/python3.12/site-packages/airflow/example_dags/example_nested_branch_dag.py
[2026-04-10T03:29:27.974+0000] {processor.py:914} INFO - Processing file /home/airflow/.local/lib/python3.12/site-packages/airflow/example_dags/example_nested_branch_dag.py for tasks to queue
[2026-04-10T03:29:27.974+0000] {logging_mixin.py:190} INFO - [2026-04-10T03:29:27.974+0000] {dagbag.py:588} INFO - Filling up the DagBag from /home/airflow/.local/lib/python3.12/site-packages/airflow/example_dags/example_nested_branch_dag.py
[2026-04-10T03:29:27.979+0000] {processor.py:925} INFO - DAG(s) 'example_nested_branch_dag' retrieved from /home/airflow/.local/lib/python3.12/site-packages/airflow/example_dags/example_nested_branch_dag.py
[2026-04-10T03:29:27.991+0000] {logging_mixin.py:190} INFO - [2026-04-10T03:29:27.991+0000] {dag.py:3239} INFO - Sync 1 DAGs
[2026-04-10T03:29:28.001+0000] {logging_mixin.py:190} INFO - [2026-04-10T03:29:28.000+0000] {dag.py:4180} INFO - Setting next_dagrun for example_nested_branch_dag to 2026-04-09 00:00:00+00:00, run_after=2026-04-10 00:00:00+00:00
[2026-04-10T03:29:28.009+0000] {processor.py:208} INFO - Processing /home/airflow/.local/lib/python3.12/site-packages/airflow/example_dags/example_nested_branch_dag.py took 0.038 seconds
[2026-04-10T03:29:58.658+0000] {processor.py:186} INFO - Started process (PID=80823) to work on /home/airflow/.local/lib/python3.12/site-packages/airflow/example_dags/example_nested_branch_dag.py
[2026-04-10T03:29:58.659+0000] {processor.py:914} INFO - Processing file /home/airflow/.local/lib/python3.12/site-packages/airflow/example_dags/example_nested_branch_dag.py for tasks to queue
[2026-04-10T03:29:58.659+0000] {logging_mixin.py:190} INFO - [2026-04-10T03:29:58.659+0000] {dagbag.py:588} INFO - Filling up the DagBag from /home/airflow/.local/lib/python3.12/site-packages/airflow/example_dags/example_nested_branch_dag.py
[2026-04-10T03:29:58.667+0000] {processor.py:925} INFO - DAG(s) 'example_nested_branch_dag' retrieved from /home/airflow/.local/lib/python3.12/site-packages/airflow/example_dags/example_nested_branch_dag.py
[2026-04-10T03:29:58.678+0000] {logging_mixin.py:190} INFO - [2026-04-10T03:29:58.678+0000] {dag.py:3239} INFO - Sync 1 DAGs
[2026-04-10T03:29:58.687+0000] {logging_mixin.py:190} INFO - [2026-04-10T03:29:58.687+0000] {dag.py:4180} INFO - Setting next_dagrun for example_nested_branch_dag to 2026-04-09 00:00:00+00:00, run_after=2026-04-10 00:00:00+00:00
[2026-04-10T03:29:58.693+0000] {processor.py:208} INFO - Processing /home/airflow/.local/lib/python3.12/site-packages/airflow/example_dags/example_nested_branch_dag.py took 0.037 seconds
