[2026-04-10T00:07:14.246+0000] {processor.py:186} INFO - Started process (PID=78549) to work on /home/airflow/.local/lib/python3.12/site-packages/airflow/example_dags/example_dataset_alias_with_no_taskflow.py
[2026-04-10T00:07:14.246+0000] {processor.py:914} INFO - Processing file /home/airflow/.local/lib/python3.12/site-packages/airflow/example_dags/example_dataset_alias_with_no_taskflow.py for tasks to queue
[2026-04-10T00:07:14.247+0000] {logging_mixin.py:190} INFO - [2026-04-10T00:07:14.246+0000] {dagbag.py:588} INFO - Filling up the DagBag from /home/airflow/.local/lib/python3.12/site-packages/airflow/example_dags/example_dataset_alias_with_no_taskflow.py
[2026-04-10T00:07:14.400+0000] {processor.py:925} INFO - DAG(s) 'dataset_alias_example_alias_consumer_with_no_taskflow', 'dataset_s3_bucket_producer_with_no_taskflow', 'dataset_s3_bucket_consumer_with_no_taskflow', 'dataset_alias_example_alias_producer_with_no_taskflow' retrieved from /home/airflow/.local/lib/python3.12/site-packages/airflow/example_dags/example_dataset_alias_with_no_taskflow.py
[2026-04-10T00:07:14.414+0000] {logging_mixin.py:190} INFO - [2026-04-10T00:07:14.414+0000] {dag.py:3239} INFO - Sync 4 DAGs
[2026-04-10T00:07:14.426+0000] {logging_mixin.py:190} INFO - [2026-04-10T00:07:14.426+0000] {dag.py:4180} INFO - Setting next_dagrun for dataset_alias_example_alias_consumer_with_no_taskflow to None, run_after=None
[2026-04-10T00:07:14.428+0000] {logging_mixin.py:190} INFO - [2026-04-10T00:07:14.428+0000] {dag.py:4180} INFO - Setting next_dagrun for dataset_alias_example_alias_producer_with_no_taskflow to None, run_after=None
[2026-04-10T00:07:14.429+0000] {logging_mixin.py:190} INFO - [2026-04-10T00:07:14.429+0000] {dag.py:4180} INFO - Setting next_dagrun for dataset_s3_bucket_consumer_with_no_taskflow to None, run_after=None
[2026-04-10T00:07:14.430+0000] {logging_mixin.py:190} INFO - [2026-04-10T00:07:14.430+0000] {dag.py:4180} INFO - Setting next_dagrun for dataset_s3_bucket_producer_with_no_taskflow to None, run_after=None
[2026-04-10T00:07:14.438+0000] {processor.py:208} INFO - Processing /home/airflow/.local/lib/python3.12/site-packages/airflow/example_dags/example_dataset_alias_with_no_taskflow.py took 0.195 seconds
[2026-04-10T00:22:47.417+0000] {processor.py:186} INFO - Started process (PID=78613) to work on /home/airflow/.local/lib/python3.12/site-packages/airflow/example_dags/example_dataset_alias_with_no_taskflow.py
[2026-04-10T00:22:47.418+0000] {processor.py:914} INFO - Processing file /home/airflow/.local/lib/python3.12/site-packages/airflow/example_dags/example_dataset_alias_with_no_taskflow.py for tasks to queue
[2026-04-10T00:22:47.418+0000] {logging_mixin.py:190} INFO - [2026-04-10T00:22:47.418+0000] {dagbag.py:588} INFO - Filling up the DagBag from /home/airflow/.local/lib/python3.12/site-packages/airflow/example_dags/example_dataset_alias_with_no_taskflow.py
[2026-04-10T00:22:47.593+0000] {processor.py:925} INFO - DAG(s) 'dataset_alias_example_alias_consumer_with_no_taskflow', 'dataset_s3_bucket_producer_with_no_taskflow', 'dataset_alias_example_alias_producer_with_no_taskflow', 'dataset_s3_bucket_consumer_with_no_taskflow' retrieved from /home/airflow/.local/lib/python3.12/site-packages/airflow/example_dags/example_dataset_alias_with_no_taskflow.py
[2026-04-10T00:22:47.609+0000] {logging_mixin.py:190} INFO - [2026-04-10T00:22:47.609+0000] {dag.py:3239} INFO - Sync 4 DAGs
[2026-04-10T00:22:47.620+0000] {logging_mixin.py:190} INFO - [2026-04-10T00:22:47.620+0000] {dag.py:4180} INFO - Setting next_dagrun for dataset_alias_example_alias_consumer_with_no_taskflow to None, run_after=None
[2026-04-10T00:22:47.621+0000] {logging_mixin.py:190} INFO - [2026-04-10T00:22:47.621+0000] {dag.py:4180} INFO - Setting next_dagrun for dataset_alias_example_alias_producer_with_no_taskflow to None, run_after=None
[2026-04-10T00:22:47.622+0000] {logging_mixin.py:190} INFO - [2026-04-10T00:22:47.621+0000] {dag.py:4180} INFO - Setting next_dagrun for dataset_s3_bucket_consumer_with_no_taskflow to None, run_after=None
[2026-04-10T00:22:47.622+0000] {logging_mixin.py:190} INFO - [2026-04-10T00:22:47.622+0000] {dag.py:4180} INFO - Setting next_dagrun for dataset_s3_bucket_producer_with_no_taskflow to None, run_after=None
[2026-04-10T00:22:47.629+0000] {processor.py:208} INFO - Processing /home/airflow/.local/lib/python3.12/site-packages/airflow/example_dags/example_dataset_alias_with_no_taskflow.py took 0.214 seconds
[2026-04-10T00:23:18.028+0000] {processor.py:186} INFO - Started process (PID=78677) to work on /home/airflow/.local/lib/python3.12/site-packages/airflow/example_dags/example_dataset_alias_with_no_taskflow.py
[2026-04-10T00:23:18.028+0000] {processor.py:914} INFO - Processing file /home/airflow/.local/lib/python3.12/site-packages/airflow/example_dags/example_dataset_alias_with_no_taskflow.py for tasks to queue
[2026-04-10T00:23:18.029+0000] {logging_mixin.py:190} INFO - [2026-04-10T00:23:18.028+0000] {dagbag.py:588} INFO - Filling up the DagBag from /home/airflow/.local/lib/python3.12/site-packages/airflow/example_dags/example_dataset_alias_with_no_taskflow.py
[2026-04-10T00:23:18.180+0000] {processor.py:925} INFO - DAG(s) 'dataset_alias_example_alias_producer_with_no_taskflow', 'dataset_s3_bucket_consumer_with_no_taskflow', 'dataset_s3_bucket_producer_with_no_taskflow', 'dataset_alias_example_alias_consumer_with_no_taskflow' retrieved from /home/airflow/.local/lib/python3.12/site-packages/airflow/example_dags/example_dataset_alias_with_no_taskflow.py
[2026-04-10T00:23:18.190+0000] {logging_mixin.py:190} INFO - [2026-04-10T00:23:18.190+0000] {dag.py:3239} INFO - Sync 4 DAGs
[2026-04-10T00:23:18.209+0000] {logging_mixin.py:190} INFO - [2026-04-10T00:23:18.208+0000] {dag.py:4180} INFO - Setting next_dagrun for dataset_alias_example_alias_consumer_with_no_taskflow to None, run_after=None
[2026-04-10T00:23:18.210+0000] {logging_mixin.py:190} INFO - [2026-04-10T00:23:18.210+0000] {dag.py:4180} INFO - Setting next_dagrun for dataset_alias_example_alias_producer_with_no_taskflow to None, run_after=None
[2026-04-10T00:23:18.355+0000] {logging_mixin.py:190} INFO - [2026-04-10T00:23:18.355+0000] {dag.py:4180} INFO - Setting next_dagrun for dataset_s3_bucket_consumer_with_no_taskflow to None, run_after=None
[2026-04-10T00:23:18.356+0000] {logging_mixin.py:190} INFO - [2026-04-10T00:23:18.356+0000] {dag.py:4180} INFO - Setting next_dagrun for dataset_s3_bucket_producer_with_no_taskflow to None, run_after=None
[2026-04-10T00:23:18.366+0000] {processor.py:208} INFO - Processing /home/airflow/.local/lib/python3.12/site-packages/airflow/example_dags/example_dataset_alias_with_no_taskflow.py took 0.341 seconds
[2026-04-10T00:38:48.109+0000] {processor.py:186} INFO - Started process (PID=78741) to work on /home/airflow/.local/lib/python3.12/site-packages/airflow/example_dags/example_dataset_alias_with_no_taskflow.py
[2026-04-10T00:38:48.110+0000] {processor.py:914} INFO - Processing file /home/airflow/.local/lib/python3.12/site-packages/airflow/example_dags/example_dataset_alias_with_no_taskflow.py for tasks to queue
[2026-04-10T00:38:48.110+0000] {logging_mixin.py:190} INFO - [2026-04-10T00:38:48.110+0000] {dagbag.py:588} INFO - Filling up the DagBag from /home/airflow/.local/lib/python3.12/site-packages/airflow/example_dags/example_dataset_alias_with_no_taskflow.py
[2026-04-10T00:38:48.248+0000] {processor.py:925} INFO - DAG(s) 'dataset_alias_example_alias_producer_with_no_taskflow', 'dataset_s3_bucket_producer_with_no_taskflow', 'dataset_alias_example_alias_consumer_with_no_taskflow', 'dataset_s3_bucket_consumer_with_no_taskflow' retrieved from /home/airflow/.local/lib/python3.12/site-packages/airflow/example_dags/example_dataset_alias_with_no_taskflow.py
[2026-04-10T00:38:48.255+0000] {logging_mixin.py:190} INFO - [2026-04-10T00:38:48.255+0000] {dag.py:3239} INFO - Sync 4 DAGs
[2026-04-10T00:38:48.266+0000] {logging_mixin.py:190} INFO - [2026-04-10T00:38:48.266+0000] {dag.py:4180} INFO - Setting next_dagrun for dataset_alias_example_alias_consumer_with_no_taskflow to None, run_after=None
[2026-04-10T00:38:48.267+0000] {logging_mixin.py:190} INFO - [2026-04-10T00:38:48.267+0000] {dag.py:4180} INFO - Setting next_dagrun for dataset_alias_example_alias_producer_with_no_taskflow to None, run_after=None
[2026-04-10T00:38:48.385+0000] {logging_mixin.py:190} INFO - [2026-04-10T00:38:48.385+0000] {dag.py:4180} INFO - Setting next_dagrun for dataset_s3_bucket_consumer_with_no_taskflow to None, run_after=None
[2026-04-10T00:38:48.386+0000] {logging_mixin.py:190} INFO - [2026-04-10T00:38:48.386+0000] {dag.py:4180} INFO - Setting next_dagrun for dataset_s3_bucket_producer_with_no_taskflow to None, run_after=None
[2026-04-10T00:38:48.397+0000] {processor.py:208} INFO - Processing /home/airflow/.local/lib/python3.12/site-packages/airflow/example_dags/example_dataset_alias_with_no_taskflow.py took 0.292 seconds
[2026-04-10T00:41:52.645+0000] {processor.py:186} INFO - Started process (PID=78805) to work on /home/airflow/.local/lib/python3.12/site-packages/airflow/example_dags/example_dataset_alias_with_no_taskflow.py
[2026-04-10T00:41:52.646+0000] {processor.py:914} INFO - Processing file /home/airflow/.local/lib/python3.12/site-packages/airflow/example_dags/example_dataset_alias_with_no_taskflow.py for tasks to queue
[2026-04-10T00:41:52.646+0000] {logging_mixin.py:190} INFO - [2026-04-10T00:41:52.646+0000] {dagbag.py:588} INFO - Filling up the DagBag from /home/airflow/.local/lib/python3.12/site-packages/airflow/example_dags/example_dataset_alias_with_no_taskflow.py
[2026-04-10T00:41:52.791+0000] {processor.py:925} INFO - DAG(s) 'dataset_s3_bucket_producer_with_no_taskflow', 'dataset_alias_example_alias_consumer_with_no_taskflow', 'dataset_s3_bucket_consumer_with_no_taskflow', 'dataset_alias_example_alias_producer_with_no_taskflow' retrieved from /home/airflow/.local/lib/python3.12/site-packages/airflow/example_dags/example_dataset_alias_with_no_taskflow.py
[2026-04-10T00:41:52.799+0000] {logging_mixin.py:190} INFO - [2026-04-10T00:41:52.799+0000] {dag.py:3239} INFO - Sync 4 DAGs
[2026-04-10T00:41:52.806+0000] {logging_mixin.py:190} INFO - [2026-04-10T00:41:52.806+0000] {dag.py:4180} INFO - Setting next_dagrun for dataset_alias_example_alias_consumer_with_no_taskflow to None, run_after=None
[2026-04-10T00:41:52.807+0000] {logging_mixin.py:190} INFO - [2026-04-10T00:41:52.807+0000] {dag.py:4180} INFO - Setting next_dagrun for dataset_alias_example_alias_producer_with_no_taskflow to None, run_after=None
[2026-04-10T00:41:52.808+0000] {logging_mixin.py:190} INFO - [2026-04-10T00:41:52.808+0000] {dag.py:4180} INFO - Setting next_dagrun for dataset_s3_bucket_consumer_with_no_taskflow to None, run_after=None
[2026-04-10T00:41:52.809+0000] {logging_mixin.py:190} INFO - [2026-04-10T00:41:52.809+0000] {dag.py:4180} INFO - Setting next_dagrun for dataset_s3_bucket_producer_with_no_taskflow to None, run_after=None
[2026-04-10T00:41:52.908+0000] {processor.py:208} INFO - Processing /home/airflow/.local/lib/python3.12/site-packages/airflow/example_dags/example_dataset_alias_with_no_taskflow.py took 0.265 seconds
[2026-04-10T00:42:23.860+0000] {processor.py:186} INFO - Started process (PID=78869) to work on /home/airflow/.local/lib/python3.12/site-packages/airflow/example_dags/example_dataset_alias_with_no_taskflow.py
[2026-04-10T00:42:23.861+0000] {processor.py:914} INFO - Processing file /home/airflow/.local/lib/python3.12/site-packages/airflow/example_dags/example_dataset_alias_with_no_taskflow.py for tasks to queue
[2026-04-10T00:42:23.864+0000] {logging_mixin.py:190} INFO - [2026-04-10T00:42:23.864+0000] {dagbag.py:588} INFO - Filling up the DagBag from /home/airflow/.local/lib/python3.12/site-packages/airflow/example_dags/example_dataset_alias_with_no_taskflow.py
[2026-04-10T00:42:24.022+0000] {processor.py:925} INFO - DAG(s) 'dataset_s3_bucket_producer_with_no_taskflow', 'dataset_alias_example_alias_consumer_with_no_taskflow', 'dataset_alias_example_alias_producer_with_no_taskflow', 'dataset_s3_bucket_consumer_with_no_taskflow' retrieved from /home/airflow/.local/lib/python3.12/site-packages/airflow/example_dags/example_dataset_alias_with_no_taskflow.py
[2026-04-10T00:42:24.031+0000] {logging_mixin.py:190} INFO - [2026-04-10T00:42:24.031+0000] {dag.py:3239} INFO - Sync 4 DAGs
[2026-04-10T00:42:24.039+0000] {logging_mixin.py:190} INFO - [2026-04-10T00:42:24.039+0000] {dag.py:4180} INFO - Setting next_dagrun for dataset_alias_example_alias_consumer_with_no_taskflow to None, run_after=None
[2026-04-10T00:42:24.040+0000] {logging_mixin.py:190} INFO - [2026-04-10T00:42:24.040+0000] {dag.py:4180} INFO - Setting next_dagrun for dataset_alias_example_alias_producer_with_no_taskflow to None, run_after=None
[2026-04-10T00:42:24.040+0000] {logging_mixin.py:190} INFO - [2026-04-10T00:42:24.040+0000] {dag.py:4180} INFO - Setting next_dagrun for dataset_s3_bucket_consumer_with_no_taskflow to None, run_after=None
[2026-04-10T00:42:24.041+0000] {logging_mixin.py:190} INFO - [2026-04-10T00:42:24.041+0000] {dag.py:4180} INFO - Setting next_dagrun for dataset_s3_bucket_producer_with_no_taskflow to None, run_after=None
[2026-04-10T00:42:24.051+0000] {processor.py:208} INFO - Processing /home/airflow/.local/lib/python3.12/site-packages/airflow/example_dags/example_dataset_alias_with_no_taskflow.py took 0.195 seconds
[2026-04-10T00:57:54.296+0000] {processor.py:186} INFO - Started process (PID=78933) to work on /home/airflow/.local/lib/python3.12/site-packages/airflow/example_dags/example_dataset_alias_with_no_taskflow.py
[2026-04-10T00:57:54.296+0000] {processor.py:914} INFO - Processing file /home/airflow/.local/lib/python3.12/site-packages/airflow/example_dags/example_dataset_alias_with_no_taskflow.py for tasks to queue
[2026-04-10T00:57:54.296+0000] {logging_mixin.py:190} INFO - [2026-04-10T00:57:54.296+0000] {dagbag.py:588} INFO - Filling up the DagBag from /home/airflow/.local/lib/python3.12/site-packages/airflow/example_dags/example_dataset_alias_with_no_taskflow.py
[2026-04-10T00:57:54.453+0000] {processor.py:925} INFO - DAG(s) 'dataset_s3_bucket_producer_with_no_taskflow', 'dataset_s3_bucket_consumer_with_no_taskflow', 'dataset_alias_example_alias_producer_with_no_taskflow', 'dataset_alias_example_alias_consumer_with_no_taskflow' retrieved from /home/airflow/.local/lib/python3.12/site-packages/airflow/example_dags/example_dataset_alias_with_no_taskflow.py
[2026-04-10T00:57:54.464+0000] {logging_mixin.py:190} INFO - [2026-04-10T00:57:54.464+0000] {dag.py:3239} INFO - Sync 4 DAGs
[2026-04-10T00:57:54.474+0000] {logging_mixin.py:190} INFO - [2026-04-10T00:57:54.474+0000] {dag.py:4180} INFO - Setting next_dagrun for dataset_alias_example_alias_consumer_with_no_taskflow to None, run_after=None
[2026-04-10T00:57:54.475+0000] {logging_mixin.py:190} INFO - [2026-04-10T00:57:54.475+0000] {dag.py:4180} INFO - Setting next_dagrun for dataset_alias_example_alias_producer_with_no_taskflow to None, run_after=None
[2026-04-10T00:57:54.475+0000] {logging_mixin.py:190} INFO - [2026-04-10T00:57:54.475+0000] {dag.py:4180} INFO - Setting next_dagrun for dataset_s3_bucket_consumer_with_no_taskflow to None, run_after=None
[2026-04-10T00:57:54.476+0000] {logging_mixin.py:190} INFO - [2026-04-10T00:57:54.476+0000] {dag.py:4180} INFO - Setting next_dagrun for dataset_s3_bucket_producer_with_no_taskflow to None, run_after=None
[2026-04-10T00:57:54.486+0000] {processor.py:208} INFO - Processing /home/airflow/.local/lib/python3.12/site-packages/airflow/example_dags/example_dataset_alias_with_no_taskflow.py took 0.193 seconds
[2026-04-10T01:13:25.482+0000] {processor.py:186} INFO - Started process (PID=78997) to work on /home/airflow/.local/lib/python3.12/site-packages/airflow/example_dags/example_dataset_alias_with_no_taskflow.py
[2026-04-10T01:13:25.484+0000] {processor.py:914} INFO - Processing file /home/airflow/.local/lib/python3.12/site-packages/airflow/example_dags/example_dataset_alias_with_no_taskflow.py for tasks to queue
[2026-04-10T01:13:25.485+0000] {logging_mixin.py:190} INFO - [2026-04-10T01:13:25.485+0000] {dagbag.py:588} INFO - Filling up the DagBag from /home/airflow/.local/lib/python3.12/site-packages/airflow/example_dags/example_dataset_alias_with_no_taskflow.py
[2026-04-10T01:13:25.671+0000] {processor.py:925} INFO - DAG(s) 'dataset_s3_bucket_producer_with_no_taskflow', 'dataset_alias_example_alias_producer_with_no_taskflow', 'dataset_s3_bucket_consumer_with_no_taskflow', 'dataset_alias_example_alias_consumer_with_no_taskflow' retrieved from /home/airflow/.local/lib/python3.12/site-packages/airflow/example_dags/example_dataset_alias_with_no_taskflow.py
[2026-04-10T01:13:25.700+0000] {logging_mixin.py:190} INFO - [2026-04-10T01:13:25.698+0000] {dag.py:3239} INFO - Sync 4 DAGs
[2026-04-10T01:13:25.720+0000] {logging_mixin.py:190} INFO - [2026-04-10T01:13:25.719+0000] {dag.py:4180} INFO - Setting next_dagrun for dataset_alias_example_alias_consumer_with_no_taskflow to None, run_after=None
[2026-04-10T01:13:25.722+0000] {logging_mixin.py:190} INFO - [2026-04-10T01:13:25.722+0000] {dag.py:4180} INFO - Setting next_dagrun for dataset_alias_example_alias_producer_with_no_taskflow to None, run_after=None
[2026-04-10T01:13:25.722+0000] {logging_mixin.py:190} INFO - [2026-04-10T01:13:25.722+0000] {dag.py:4180} INFO - Setting next_dagrun for dataset_s3_bucket_consumer_with_no_taskflow to None, run_after=None
[2026-04-10T01:13:25.723+0000] {logging_mixin.py:190} INFO - [2026-04-10T01:13:25.723+0000] {dag.py:4180} INFO - Setting next_dagrun for dataset_s3_bucket_producer_with_no_taskflow to None, run_after=None
[2026-04-10T01:13:25.746+0000] {processor.py:208} INFO - Processing /home/airflow/.local/lib/python3.12/site-packages/airflow/example_dags/example_dataset_alias_with_no_taskflow.py took 0.274 seconds
[2026-04-10T01:13:55.926+0000] {processor.py:186} INFO - Started process (PID=79059) to work on /home/airflow/.local/lib/python3.12/site-packages/airflow/example_dags/example_dataset_alias_with_no_taskflow.py
[2026-04-10T01:13:55.927+0000] {processor.py:914} INFO - Processing file /home/airflow/.local/lib/python3.12/site-packages/airflow/example_dags/example_dataset_alias_with_no_taskflow.py for tasks to queue
[2026-04-10T01:13:55.927+0000] {logging_mixin.py:190} INFO - [2026-04-10T01:13:55.927+0000] {dagbag.py:588} INFO - Filling up the DagBag from /home/airflow/.local/lib/python3.12/site-packages/airflow/example_dags/example_dataset_alias_with_no_taskflow.py
[2026-04-10T01:13:56.057+0000] {processor.py:925} INFO - DAG(s) 'dataset_s3_bucket_producer_with_no_taskflow', 'dataset_alias_example_alias_consumer_with_no_taskflow', 'dataset_s3_bucket_consumer_with_no_taskflow', 'dataset_alias_example_alias_producer_with_no_taskflow' retrieved from /home/airflow/.local/lib/python3.12/site-packages/airflow/example_dags/example_dataset_alias_with_no_taskflow.py
[2026-04-10T01:13:56.185+0000] {logging_mixin.py:190} INFO - [2026-04-10T01:13:56.185+0000] {dag.py:3239} INFO - Sync 4 DAGs
[2026-04-10T01:13:56.192+0000] {logging_mixin.py:190} INFO - [2026-04-10T01:13:56.192+0000] {dag.py:4180} INFO - Setting next_dagrun for dataset_alias_example_alias_consumer_with_no_taskflow to None, run_after=None
[2026-04-10T01:13:56.193+0000] {logging_mixin.py:190} INFO - [2026-04-10T01:13:56.193+0000] {dag.py:4180} INFO - Setting next_dagrun for dataset_alias_example_alias_producer_with_no_taskflow to None, run_after=None
[2026-04-10T01:13:56.193+0000] {logging_mixin.py:190} INFO - [2026-04-10T01:13:56.193+0000] {dag.py:4180} INFO - Setting next_dagrun for dataset_s3_bucket_consumer_with_no_taskflow to None, run_after=None
[2026-04-10T01:13:56.194+0000] {logging_mixin.py:190} INFO - [2026-04-10T01:13:56.193+0000] {dag.py:4180} INFO - Setting next_dagrun for dataset_s3_bucket_producer_with_no_taskflow to None, run_after=None
[2026-04-10T01:13:56.199+0000] {processor.py:208} INFO - Processing /home/airflow/.local/lib/python3.12/site-packages/airflow/example_dags/example_dataset_alias_with_no_taskflow.py took 0.275 seconds
[2026-04-10T01:29:25.505+0000] {processor.py:186} INFO - Started process (PID=79124) to work on /home/airflow/.local/lib/python3.12/site-packages/airflow/example_dags/example_dataset_alias_with_no_taskflow.py
[2026-04-10T01:29:25.505+0000] {processor.py:914} INFO - Processing file /home/airflow/.local/lib/python3.12/site-packages/airflow/example_dags/example_dataset_alias_with_no_taskflow.py for tasks to queue
[2026-04-10T01:29:25.506+0000] {logging_mixin.py:190} INFO - [2026-04-10T01:29:25.506+0000] {dagbag.py:588} INFO - Filling up the DagBag from /home/airflow/.local/lib/python3.12/site-packages/airflow/example_dags/example_dataset_alias_with_no_taskflow.py
[2026-04-10T01:29:25.639+0000] {processor.py:925} INFO - DAG(s) 'dataset_s3_bucket_producer_with_no_taskflow', 'dataset_alias_example_alias_producer_with_no_taskflow', 'dataset_alias_example_alias_consumer_with_no_taskflow', 'dataset_s3_bucket_consumer_with_no_taskflow' retrieved from /home/airflow/.local/lib/python3.12/site-packages/airflow/example_dags/example_dataset_alias_with_no_taskflow.py
[2026-04-10T01:29:25.758+0000] {logging_mixin.py:190} INFO - [2026-04-10T01:29:25.758+0000] {dag.py:3239} INFO - Sync 4 DAGs
[2026-04-10T01:29:25.766+0000] {logging_mixin.py:190} INFO - [2026-04-10T01:29:25.766+0000] {dag.py:4180} INFO - Setting next_dagrun for dataset_alias_example_alias_consumer_with_no_taskflow to None, run_after=None
[2026-04-10T01:29:25.767+0000] {logging_mixin.py:190} INFO - [2026-04-10T01:29:25.767+0000] {dag.py:4180} INFO - Setting next_dagrun for dataset_alias_example_alias_producer_with_no_taskflow to None, run_after=None
[2026-04-10T01:29:25.769+0000] {logging_mixin.py:190} INFO - [2026-04-10T01:29:25.768+0000] {dag.py:4180} INFO - Setting next_dagrun for dataset_s3_bucket_consumer_with_no_taskflow to None, run_after=None
[2026-04-10T01:29:25.769+0000] {logging_mixin.py:190} INFO - [2026-04-10T01:29:25.769+0000] {dag.py:4180} INFO - Setting next_dagrun for dataset_s3_bucket_producer_with_no_taskflow to None, run_after=None
[2026-04-10T01:29:25.780+0000] {processor.py:208} INFO - Processing /home/airflow/.local/lib/python3.12/site-packages/airflow/example_dags/example_dataset_alias_with_no_taskflow.py took 0.278 seconds
[2026-04-10T01:29:55.870+0000] {processor.py:186} INFO - Started process (PID=79188) to work on /home/airflow/.local/lib/python3.12/site-packages/airflow/example_dags/example_dataset_alias_with_no_taskflow.py
[2026-04-10T01:29:55.871+0000] {processor.py:914} INFO - Processing file /home/airflow/.local/lib/python3.12/site-packages/airflow/example_dags/example_dataset_alias_with_no_taskflow.py for tasks to queue
[2026-04-10T01:29:55.871+0000] {logging_mixin.py:190} INFO - [2026-04-10T01:29:55.871+0000] {dagbag.py:588} INFO - Filling up the DagBag from /home/airflow/.local/lib/python3.12/site-packages/airflow/example_dags/example_dataset_alias_with_no_taskflow.py
[2026-04-10T01:29:56.043+0000] {processor.py:925} INFO - DAG(s) 'dataset_alias_example_alias_consumer_with_no_taskflow', 'dataset_alias_example_alias_producer_with_no_taskflow', 'dataset_s3_bucket_producer_with_no_taskflow', 'dataset_s3_bucket_consumer_with_no_taskflow' retrieved from /home/airflow/.local/lib/python3.12/site-packages/airflow/example_dags/example_dataset_alias_with_no_taskflow.py
[2026-04-10T01:29:56.054+0000] {logging_mixin.py:190} INFO - [2026-04-10T01:29:56.054+0000] {dag.py:3239} INFO - Sync 4 DAGs
[2026-04-10T01:29:56.232+0000] {logging_mixin.py:190} INFO - [2026-04-10T01:29:56.232+0000] {dag.py:4180} INFO - Setting next_dagrun for dataset_alias_example_alias_consumer_with_no_taskflow to None, run_after=None
[2026-04-10T01:29:56.233+0000] {logging_mixin.py:190} INFO - [2026-04-10T01:29:56.233+0000] {dag.py:4180} INFO - Setting next_dagrun for dataset_alias_example_alias_producer_with_no_taskflow to None, run_after=None
[2026-04-10T01:29:56.233+0000] {logging_mixin.py:190} INFO - [2026-04-10T01:29:56.233+0000] {dag.py:4180} INFO - Setting next_dagrun for dataset_s3_bucket_consumer_with_no_taskflow to None, run_after=None
[2026-04-10T01:29:56.234+0000] {logging_mixin.py:190} INFO - [2026-04-10T01:29:56.234+0000] {dag.py:4180} INFO - Setting next_dagrun for dataset_s3_bucket_producer_with_no_taskflow to None, run_after=None
[2026-04-10T01:29:56.244+0000] {processor.py:208} INFO - Processing /home/airflow/.local/lib/python3.12/site-packages/airflow/example_dags/example_dataset_alias_with_no_taskflow.py took 0.377 seconds
[2026-04-10T01:43:15.318+0000] {processor.py:186} INFO - Started process (PID=79252) to work on /home/airflow/.local/lib/python3.12/site-packages/airflow/example_dags/example_dataset_alias_with_no_taskflow.py
[2026-04-10T01:43:15.318+0000] {processor.py:914} INFO - Processing file /home/airflow/.local/lib/python3.12/site-packages/airflow/example_dags/example_dataset_alias_with_no_taskflow.py for tasks to queue
[2026-04-10T01:43:15.319+0000] {logging_mixin.py:190} INFO - [2026-04-10T01:43:15.319+0000] {dagbag.py:588} INFO - Filling up the DagBag from /home/airflow/.local/lib/python3.12/site-packages/airflow/example_dags/example_dataset_alias_with_no_taskflow.py
[2026-04-10T01:43:15.474+0000] {processor.py:925} INFO - DAG(s) 'dataset_alias_example_alias_producer_with_no_taskflow', 'dataset_s3_bucket_producer_with_no_taskflow', 'dataset_alias_example_alias_consumer_with_no_taskflow', 'dataset_s3_bucket_consumer_with_no_taskflow' retrieved from /home/airflow/.local/lib/python3.12/site-packages/airflow/example_dags/example_dataset_alias_with_no_taskflow.py
[2026-04-10T01:43:15.485+0000] {logging_mixin.py:190} INFO - [2026-04-10T01:43:15.484+0000] {dag.py:3239} INFO - Sync 4 DAGs
[2026-04-10T01:43:15.611+0000] {logging_mixin.py:190} INFO - [2026-04-10T01:43:15.611+0000] {dag.py:4180} INFO - Setting next_dagrun for dataset_alias_example_alias_consumer_with_no_taskflow to None, run_after=None
[2026-04-10T01:43:15.612+0000] {logging_mixin.py:190} INFO - [2026-04-10T01:43:15.612+0000] {dag.py:4180} INFO - Setting next_dagrun for dataset_alias_example_alias_producer_with_no_taskflow to None, run_after=None
[2026-04-10T01:43:15.613+0000] {logging_mixin.py:190} INFO - [2026-04-10T01:43:15.613+0000] {dag.py:4180} INFO - Setting next_dagrun for dataset_s3_bucket_consumer_with_no_taskflow to None, run_after=None
[2026-04-10T01:43:15.613+0000] {logging_mixin.py:190} INFO - [2026-04-10T01:43:15.613+0000] {dag.py:4180} INFO - Setting next_dagrun for dataset_s3_bucket_producer_with_no_taskflow to None, run_after=None
[2026-04-10T01:43:15.622+0000] {processor.py:208} INFO - Processing /home/airflow/.local/lib/python3.12/site-packages/airflow/example_dags/example_dataset_alias_with_no_taskflow.py took 0.307 seconds
[2026-04-10T01:58:47.246+0000] {processor.py:186} INFO - Started process (PID=79316) to work on /home/airflow/.local/lib/python3.12/site-packages/airflow/example_dags/example_dataset_alias_with_no_taskflow.py
[2026-04-10T01:58:47.246+0000] {processor.py:914} INFO - Processing file /home/airflow/.local/lib/python3.12/site-packages/airflow/example_dags/example_dataset_alias_with_no_taskflow.py for tasks to queue
[2026-04-10T01:58:47.247+0000] {logging_mixin.py:190} INFO - [2026-04-10T01:58:47.247+0000] {dagbag.py:588} INFO - Filling up the DagBag from /home/airflow/.local/lib/python3.12/site-packages/airflow/example_dags/example_dataset_alias_with_no_taskflow.py
[2026-04-10T01:58:47.494+0000] {processor.py:925} INFO - DAG(s) 'dataset_s3_bucket_producer_with_no_taskflow', 'dataset_s3_bucket_consumer_with_no_taskflow', 'dataset_alias_example_alias_producer_with_no_taskflow', 'dataset_alias_example_alias_consumer_with_no_taskflow' retrieved from /home/airflow/.local/lib/python3.12/site-packages/airflow/example_dags/example_dataset_alias_with_no_taskflow.py
[2026-04-10T01:58:47.500+0000] {logging_mixin.py:190} INFO - [2026-04-10T01:58:47.500+0000] {dag.py:3239} INFO - Sync 4 DAGs
[2026-04-10T01:58:47.507+0000] {logging_mixin.py:190} INFO - [2026-04-10T01:58:47.507+0000] {dag.py:4180} INFO - Setting next_dagrun for dataset_alias_example_alias_consumer_with_no_taskflow to None, run_after=None
[2026-04-10T01:58:47.508+0000] {logging_mixin.py:190} INFO - [2026-04-10T01:58:47.507+0000] {dag.py:4180} INFO - Setting next_dagrun for dataset_alias_example_alias_producer_with_no_taskflow to None, run_after=None
[2026-04-10T01:58:47.508+0000] {logging_mixin.py:190} INFO - [2026-04-10T01:58:47.508+0000] {dag.py:4180} INFO - Setting next_dagrun for dataset_s3_bucket_consumer_with_no_taskflow to None, run_after=None
[2026-04-10T01:58:47.508+0000] {logging_mixin.py:190} INFO - [2026-04-10T01:58:47.508+0000] {dag.py:4180} INFO - Setting next_dagrun for dataset_s3_bucket_producer_with_no_taskflow to None, run_after=None
[2026-04-10T01:58:47.514+0000] {processor.py:208} INFO - Processing /home/airflow/.local/lib/python3.12/site-packages/airflow/example_dags/example_dataset_alias_with_no_taskflow.py took 0.270 seconds
[2026-04-10T01:59:18.476+0000] {processor.py:186} INFO - Started process (PID=79380) to work on /home/airflow/.local/lib/python3.12/site-packages/airflow/example_dags/example_dataset_alias_with_no_taskflow.py
[2026-04-10T01:59:18.477+0000] {processor.py:914} INFO - Processing file /home/airflow/.local/lib/python3.12/site-packages/airflow/example_dags/example_dataset_alias_with_no_taskflow.py for tasks to queue
[2026-04-10T01:59:18.479+0000] {logging_mixin.py:190} INFO - [2026-04-10T01:59:18.479+0000] {dagbag.py:588} INFO - Filling up the DagBag from /home/airflow/.local/lib/python3.12/site-packages/airflow/example_dags/example_dataset_alias_with_no_taskflow.py
[2026-04-10T01:59:18.706+0000] {processor.py:925} INFO - DAG(s) 'dataset_s3_bucket_producer_with_no_taskflow', 'dataset_alias_example_alias_producer_with_no_taskflow', 'dataset_alias_example_alias_consumer_with_no_taskflow', 'dataset_s3_bucket_consumer_with_no_taskflow' retrieved from /home/airflow/.local/lib/python3.12/site-packages/airflow/example_dags/example_dataset_alias_with_no_taskflow.py
[2026-04-10T01:59:18.716+0000] {logging_mixin.py:190} INFO - [2026-04-10T01:59:18.715+0000] {dag.py:3239} INFO - Sync 4 DAGs
[2026-04-10T01:59:18.726+0000] {logging_mixin.py:190} INFO - [2026-04-10T01:59:18.726+0000] {dag.py:4180} INFO - Setting next_dagrun for dataset_alias_example_alias_consumer_with_no_taskflow to None, run_after=None
[2026-04-10T01:59:18.728+0000] {logging_mixin.py:190} INFO - [2026-04-10T01:59:18.728+0000] {dag.py:4180} INFO - Setting next_dagrun for dataset_alias_example_alias_producer_with_no_taskflow to None, run_after=None
[2026-04-10T01:59:18.729+0000] {logging_mixin.py:190} INFO - [2026-04-10T01:59:18.729+0000] {dag.py:4180} INFO - Setting next_dagrun for dataset_s3_bucket_consumer_with_no_taskflow to None, run_after=None
[2026-04-10T01:59:18.729+0000] {logging_mixin.py:190} INFO - [2026-04-10T01:59:18.729+0000] {dag.py:4180} INFO - Setting next_dagrun for dataset_s3_bucket_producer_with_no_taskflow to None, run_after=None
[2026-04-10T01:59:18.737+0000] {processor.py:208} INFO - Processing /home/airflow/.local/lib/python3.12/site-packages/airflow/example_dags/example_dataset_alias_with_no_taskflow.py took 0.266 seconds
[2026-04-10T02:14:50.899+0000] {processor.py:186} INFO - Started process (PID=79444) to work on /home/airflow/.local/lib/python3.12/site-packages/airflow/example_dags/example_dataset_alias_with_no_taskflow.py
[2026-04-10T02:14:50.900+0000] {processor.py:914} INFO - Processing file /home/airflow/.local/lib/python3.12/site-packages/airflow/example_dags/example_dataset_alias_with_no_taskflow.py for tasks to queue
[2026-04-10T02:14:50.900+0000] {logging_mixin.py:190} INFO - [2026-04-10T02:14:50.900+0000] {dagbag.py:588} INFO - Filling up the DagBag from /home/airflow/.local/lib/python3.12/site-packages/airflow/example_dags/example_dataset_alias_with_no_taskflow.py
[2026-04-10T02:14:51.150+0000] {processor.py:925} INFO - DAG(s) 'dataset_s3_bucket_producer_with_no_taskflow', 'dataset_alias_example_alias_producer_with_no_taskflow', 'dataset_alias_example_alias_consumer_with_no_taskflow', 'dataset_s3_bucket_consumer_with_no_taskflow' retrieved from /home/airflow/.local/lib/python3.12/site-packages/airflow/example_dags/example_dataset_alias_with_no_taskflow.py
[2026-04-10T02:14:51.158+0000] {logging_mixin.py:190} INFO - [2026-04-10T02:14:51.158+0000] {dag.py:3239} INFO - Sync 4 DAGs
[2026-04-10T02:14:51.169+0000] {logging_mixin.py:190} INFO - [2026-04-10T02:14:51.169+0000] {dag.py:4180} INFO - Setting next_dagrun for dataset_alias_example_alias_consumer_with_no_taskflow to None, run_after=None
[2026-04-10T02:14:51.170+0000] {logging_mixin.py:190} INFO - [2026-04-10T02:14:51.170+0000] {dag.py:4180} INFO - Setting next_dagrun for dataset_alias_example_alias_producer_with_no_taskflow to None, run_after=None
[2026-04-10T02:14:51.171+0000] {logging_mixin.py:190} INFO - [2026-04-10T02:14:51.171+0000] {dag.py:4180} INFO - Setting next_dagrun for dataset_s3_bucket_consumer_with_no_taskflow to None, run_after=None
[2026-04-10T02:14:51.171+0000] {logging_mixin.py:190} INFO - [2026-04-10T02:14:51.171+0000] {dag.py:4180} INFO - Setting next_dagrun for dataset_s3_bucket_producer_with_no_taskflow to None, run_after=None
[2026-04-10T02:14:51.180+0000] {processor.py:208} INFO - Processing /home/airflow/.local/lib/python3.12/site-packages/airflow/example_dags/example_dataset_alias_with_no_taskflow.py took 0.284 seconds
[2026-04-10T02:20:01.136+0000] {processor.py:186} INFO - Started process (PID=79508) to work on /home/airflow/.local/lib/python3.12/site-packages/airflow/example_dags/example_dataset_alias_with_no_taskflow.py
[2026-04-10T02:20:01.137+0000] {processor.py:914} INFO - Processing file /home/airflow/.local/lib/python3.12/site-packages/airflow/example_dags/example_dataset_alias_with_no_taskflow.py for tasks to queue
[2026-04-10T02:20:01.137+0000] {logging_mixin.py:190} INFO - [2026-04-10T02:20:01.137+0000] {dagbag.py:588} INFO - Filling up the DagBag from /home/airflow/.local/lib/python3.12/site-packages/airflow/example_dags/example_dataset_alias_with_no_taskflow.py
[2026-04-10T02:20:01.412+0000] {processor.py:925} INFO - DAG(s) 'dataset_s3_bucket_producer_with_no_taskflow', 'dataset_alias_example_alias_consumer_with_no_taskflow', 'dataset_s3_bucket_consumer_with_no_taskflow', 'dataset_alias_example_alias_producer_with_no_taskflow' retrieved from /home/airflow/.local/lib/python3.12/site-packages/airflow/example_dags/example_dataset_alias_with_no_taskflow.py
[2026-04-10T02:20:01.425+0000] {logging_mixin.py:190} INFO - [2026-04-10T02:20:01.425+0000] {dag.py:3239} INFO - Sync 4 DAGs
[2026-04-10T02:20:01.436+0000] {logging_mixin.py:190} INFO - [2026-04-10T02:20:01.436+0000] {dag.py:4180} INFO - Setting next_dagrun for dataset_alias_example_alias_consumer_with_no_taskflow to None, run_after=None
[2026-04-10T02:20:01.437+0000] {logging_mixin.py:190} INFO - [2026-04-10T02:20:01.437+0000] {dag.py:4180} INFO - Setting next_dagrun for dataset_alias_example_alias_producer_with_no_taskflow to None, run_after=None
[2026-04-10T02:20:01.437+0000] {logging_mixin.py:190} INFO - [2026-04-10T02:20:01.437+0000] {dag.py:4180} INFO - Setting next_dagrun for dataset_s3_bucket_consumer_with_no_taskflow to None, run_after=None
[2026-04-10T02:20:01.438+0000] {logging_mixin.py:190} INFO - [2026-04-10T02:20:01.438+0000] {dag.py:4180} INFO - Setting next_dagrun for dataset_s3_bucket_producer_with_no_taskflow to None, run_after=None
[2026-04-10T02:20:01.448+0000] {processor.py:208} INFO - Processing /home/airflow/.local/lib/python3.12/site-packages/airflow/example_dags/example_dataset_alias_with_no_taskflow.py took 0.314 seconds
[2026-04-10T02:20:32.167+0000] {processor.py:186} INFO - Started process (PID=79572) to work on /home/airflow/.local/lib/python3.12/site-packages/airflow/example_dags/example_dataset_alias_with_no_taskflow.py
[2026-04-10T02:20:32.167+0000] {processor.py:914} INFO - Processing file /home/airflow/.local/lib/python3.12/site-packages/airflow/example_dags/example_dataset_alias_with_no_taskflow.py for tasks to queue
[2026-04-10T02:20:32.168+0000] {logging_mixin.py:190} INFO - [2026-04-10T02:20:32.168+0000] {dagbag.py:588} INFO - Filling up the DagBag from /home/airflow/.local/lib/python3.12/site-packages/airflow/example_dags/example_dataset_alias_with_no_taskflow.py
[2026-04-10T02:20:32.386+0000] {processor.py:925} INFO - DAG(s) 'dataset_alias_example_alias_producer_with_no_taskflow', 'dataset_alias_example_alias_consumer_with_no_taskflow', 'dataset_s3_bucket_consumer_with_no_taskflow', 'dataset_s3_bucket_producer_with_no_taskflow' retrieved from /home/airflow/.local/lib/python3.12/site-packages/airflow/example_dags/example_dataset_alias_with_no_taskflow.py
[2026-04-10T02:20:32.399+0000] {logging_mixin.py:190} INFO - [2026-04-10T02:20:32.399+0000] {dag.py:3239} INFO - Sync 4 DAGs
[2026-04-10T02:20:32.411+0000] {logging_mixin.py:190} INFO - [2026-04-10T02:20:32.411+0000] {dag.py:4180} INFO - Setting next_dagrun for dataset_alias_example_alias_consumer_with_no_taskflow to None, run_after=None
[2026-04-10T02:20:32.413+0000] {logging_mixin.py:190} INFO - [2026-04-10T02:20:32.412+0000] {dag.py:4180} INFO - Setting next_dagrun for dataset_alias_example_alias_producer_with_no_taskflow to None, run_after=None
[2026-04-10T02:20:32.413+0000] {logging_mixin.py:190} INFO - [2026-04-10T02:20:32.413+0000] {dag.py:4180} INFO - Setting next_dagrun for dataset_s3_bucket_consumer_with_no_taskflow to None, run_after=None
[2026-04-10T02:20:32.414+0000] {logging_mixin.py:190} INFO - [2026-04-10T02:20:32.414+0000] {dag.py:4180} INFO - Setting next_dagrun for dataset_s3_bucket_producer_with_no_taskflow to None, run_after=None
[2026-04-10T02:20:32.423+0000] {processor.py:208} INFO - Processing /home/airflow/.local/lib/python3.12/site-packages/airflow/example_dags/example_dataset_alias_with_no_taskflow.py took 0.258 seconds
[2026-04-10T02:38:20.884+0000] {processor.py:186} INFO - Started process (PID=79636) to work on /home/airflow/.local/lib/python3.12/site-packages/airflow/example_dags/example_dataset_alias_with_no_taskflow.py
[2026-04-10T02:38:20.885+0000] {processor.py:914} INFO - Processing file /home/airflow/.local/lib/python3.12/site-packages/airflow/example_dags/example_dataset_alias_with_no_taskflow.py for tasks to queue
[2026-04-10T02:38:20.885+0000] {logging_mixin.py:190} INFO - [2026-04-10T02:38:20.885+0000] {dagbag.py:588} INFO - Filling up the DagBag from /home/airflow/.local/lib/python3.12/site-packages/airflow/example_dags/example_dataset_alias_with_no_taskflow.py
[2026-04-10T02:38:21.187+0000] {processor.py:925} INFO - DAG(s) 'dataset_s3_bucket_producer_with_no_taskflow', 'dataset_alias_example_alias_producer_with_no_taskflow', 'dataset_alias_example_alias_consumer_with_no_taskflow', 'dataset_s3_bucket_consumer_with_no_taskflow' retrieved from /home/airflow/.local/lib/python3.12/site-packages/airflow/example_dags/example_dataset_alias_with_no_taskflow.py
[2026-04-10T02:38:21.196+0000] {logging_mixin.py:190} INFO - [2026-04-10T02:38:21.196+0000] {dag.py:3239} INFO - Sync 4 DAGs
[2026-04-10T02:38:21.206+0000] {logging_mixin.py:190} INFO - [2026-04-10T02:38:21.206+0000] {dag.py:4180} INFO - Setting next_dagrun for dataset_alias_example_alias_consumer_with_no_taskflow to None, run_after=None
[2026-04-10T02:38:21.208+0000] {logging_mixin.py:190} INFO - [2026-04-10T02:38:21.208+0000] {dag.py:4180} INFO - Setting next_dagrun for dataset_alias_example_alias_producer_with_no_taskflow to None, run_after=None
[2026-04-10T02:38:21.209+0000] {logging_mixin.py:190} INFO - [2026-04-10T02:38:21.209+0000] {dag.py:4180} INFO - Setting next_dagrun for dataset_s3_bucket_consumer_with_no_taskflow to None, run_after=None
[2026-04-10T02:38:21.210+0000] {logging_mixin.py:190} INFO - [2026-04-10T02:38:21.210+0000] {dag.py:4180} INFO - Setting next_dagrun for dataset_s3_bucket_producer_with_no_taskflow to None, run_after=None
[2026-04-10T02:38:21.222+0000] {processor.py:208} INFO - Processing /home/airflow/.local/lib/python3.12/site-packages/airflow/example_dags/example_dataset_alias_with_no_taskflow.py took 0.341 seconds
[2026-04-10T02:44:08.052+0000] {processor.py:186} INFO - Started process (PID=79700) to work on /home/airflow/.local/lib/python3.12/site-packages/airflow/example_dags/example_dataset_alias_with_no_taskflow.py
[2026-04-10T02:44:08.052+0000] {processor.py:914} INFO - Processing file /home/airflow/.local/lib/python3.12/site-packages/airflow/example_dags/example_dataset_alias_with_no_taskflow.py for tasks to queue
[2026-04-10T02:44:08.055+0000] {logging_mixin.py:190} INFO - [2026-04-10T02:44:08.055+0000] {dagbag.py:588} INFO - Filling up the DagBag from /home/airflow/.local/lib/python3.12/site-packages/airflow/example_dags/example_dataset_alias_with_no_taskflow.py
[2026-04-10T02:44:08.283+0000] {processor.py:925} INFO - DAG(s) 'dataset_s3_bucket_producer_with_no_taskflow', 'dataset_alias_example_alias_producer_with_no_taskflow', 'dataset_alias_example_alias_consumer_with_no_taskflow', 'dataset_s3_bucket_consumer_with_no_taskflow' retrieved from /home/airflow/.local/lib/python3.12/site-packages/airflow/example_dags/example_dataset_alias_with_no_taskflow.py
[2026-04-10T02:44:08.296+0000] {logging_mixin.py:190} INFO - [2026-04-10T02:44:08.296+0000] {dag.py:3239} INFO - Sync 4 DAGs
[2026-04-10T02:44:08.304+0000] {logging_mixin.py:190} INFO - [2026-04-10T02:44:08.304+0000] {dag.py:4180} INFO - Setting next_dagrun for dataset_alias_example_alias_consumer_with_no_taskflow to None, run_after=None
[2026-04-10T02:44:08.307+0000] {logging_mixin.py:190} INFO - [2026-04-10T02:44:08.307+0000] {dag.py:4180} INFO - Setting next_dagrun for dataset_alias_example_alias_producer_with_no_taskflow to None, run_after=None
[2026-04-10T02:44:08.308+0000] {logging_mixin.py:190} INFO - [2026-04-10T02:44:08.308+0000] {dag.py:4180} INFO - Setting next_dagrun for dataset_s3_bucket_consumer_with_no_taskflow to None, run_after=None
[2026-04-10T02:44:08.309+0000] {logging_mixin.py:190} INFO - [2026-04-10T02:44:08.309+0000] {dag.py:4180} INFO - Setting next_dagrun for dataset_s3_bucket_producer_with_no_taskflow to None, run_after=None
[2026-04-10T02:44:08.317+0000] {processor.py:208} INFO - Processing /home/airflow/.local/lib/python3.12/site-packages/airflow/example_dags/example_dataset_alias_with_no_taskflow.py took 0.267 seconds
[2026-04-10T02:59:39.405+0000] {processor.py:186} INFO - Started process (PID=79764) to work on /home/airflow/.local/lib/python3.12/site-packages/airflow/example_dags/example_dataset_alias_with_no_taskflow.py
[2026-04-10T02:59:39.405+0000] {processor.py:914} INFO - Processing file /home/airflow/.local/lib/python3.12/site-packages/airflow/example_dags/example_dataset_alias_with_no_taskflow.py for tasks to queue
[2026-04-10T02:59:39.406+0000] {logging_mixin.py:190} INFO - [2026-04-10T02:59:39.406+0000] {dagbag.py:588} INFO - Filling up the DagBag from /home/airflow/.local/lib/python3.12/site-packages/airflow/example_dags/example_dataset_alias_with_no_taskflow.py
[2026-04-10T02:59:39.698+0000] {processor.py:925} INFO - DAG(s) 'dataset_alias_example_alias_producer_with_no_taskflow', 'dataset_alias_example_alias_consumer_with_no_taskflow', 'dataset_s3_bucket_consumer_with_no_taskflow', 'dataset_s3_bucket_producer_with_no_taskflow' retrieved from /home/airflow/.local/lib/python3.12/site-packages/airflow/example_dags/example_dataset_alias_with_no_taskflow.py
[2026-04-10T02:59:39.709+0000] {logging_mixin.py:190} INFO - [2026-04-10T02:59:39.709+0000] {dag.py:3239} INFO - Sync 4 DAGs
[2026-04-10T02:59:39.719+0000] {logging_mixin.py:190} INFO - [2026-04-10T02:59:39.719+0000] {dag.py:4180} INFO - Setting next_dagrun for dataset_alias_example_alias_consumer_with_no_taskflow to None, run_after=None
[2026-04-10T02:59:39.720+0000] {logging_mixin.py:190} INFO - [2026-04-10T02:59:39.720+0000] {dag.py:4180} INFO - Setting next_dagrun for dataset_alias_example_alias_producer_with_no_taskflow to None, run_after=None
[2026-04-10T02:59:39.721+0000] {logging_mixin.py:190} INFO - [2026-04-10T02:59:39.721+0000] {dag.py:4180} INFO - Setting next_dagrun for dataset_s3_bucket_consumer_with_no_taskflow to None, run_after=None
[2026-04-10T02:59:39.723+0000] {logging_mixin.py:190} INFO - [2026-04-10T02:59:39.723+0000] {dag.py:4180} INFO - Setting next_dagrun for dataset_s3_bucket_producer_with_no_taskflow to None, run_after=None
[2026-04-10T02:59:39.732+0000] {processor.py:208} INFO - Processing /home/airflow/.local/lib/python3.12/site-packages/airflow/example_dags/example_dataset_alias_with_no_taskflow.py took 0.329 seconds
[2026-04-10T03:00:09.843+0000] {processor.py:186} INFO - Started process (PID=79828) to work on /home/airflow/.local/lib/python3.12/site-packages/airflow/example_dags/example_dataset_alias_with_no_taskflow.py
[2026-04-10T03:00:09.843+0000] {processor.py:914} INFO - Processing file /home/airflow/.local/lib/python3.12/site-packages/airflow/example_dags/example_dataset_alias_with_no_taskflow.py for tasks to queue
[2026-04-10T03:00:09.844+0000] {logging_mixin.py:190} INFO - [2026-04-10T03:00:09.844+0000] {dagbag.py:588} INFO - Filling up the DagBag from /home/airflow/.local/lib/python3.12/site-packages/airflow/example_dags/example_dataset_alias_with_no_taskflow.py
[2026-04-10T03:00:10.062+0000] {processor.py:925} INFO - DAG(s) 'dataset_alias_example_alias_producer_with_no_taskflow', 'dataset_s3_bucket_consumer_with_no_taskflow', 'dataset_alias_example_alias_consumer_with_no_taskflow', 'dataset_s3_bucket_producer_with_no_taskflow' retrieved from /home/airflow/.local/lib/python3.12/site-packages/airflow/example_dags/example_dataset_alias_with_no_taskflow.py
[2026-04-10T03:00:10.071+0000] {logging_mixin.py:190} INFO - [2026-04-10T03:00:10.070+0000] {dag.py:3239} INFO - Sync 4 DAGs
[2026-04-10T03:00:10.077+0000] {logging_mixin.py:190} INFO - [2026-04-10T03:00:10.077+0000] {dag.py:4180} INFO - Setting next_dagrun for dataset_alias_example_alias_consumer_with_no_taskflow to None, run_after=None
[2026-04-10T03:00:10.078+0000] {logging_mixin.py:190} INFO - [2026-04-10T03:00:10.078+0000] {dag.py:4180} INFO - Setting next_dagrun for dataset_alias_example_alias_producer_with_no_taskflow to None, run_after=None
[2026-04-10T03:00:10.079+0000] {logging_mixin.py:190} INFO - [2026-04-10T03:00:10.079+0000] {dag.py:4180} INFO - Setting next_dagrun for dataset_s3_bucket_consumer_with_no_taskflow to None, run_after=None
[2026-04-10T03:00:10.079+0000] {logging_mixin.py:190} INFO - [2026-04-10T03:00:10.079+0000] {dag.py:4180} INFO - Setting next_dagrun for dataset_s3_bucket_producer_with_no_taskflow to None, run_after=None
[2026-04-10T03:00:10.087+0000] {processor.py:208} INFO - Processing /home/airflow/.local/lib/python3.12/site-packages/airflow/example_dags/example_dataset_alias_with_no_taskflow.py took 0.246 seconds
[2026-04-10T03:15:40.718+0000] {processor.py:186} INFO - Started process (PID=79892) to work on /home/airflow/.local/lib/python3.12/site-packages/airflow/example_dags/example_dataset_alias_with_no_taskflow.py
[2026-04-10T03:15:40.720+0000] {processor.py:914} INFO - Processing file /home/airflow/.local/lib/python3.12/site-packages/airflow/example_dags/example_dataset_alias_with_no_taskflow.py for tasks to queue
[2026-04-10T03:15:40.721+0000] {logging_mixin.py:190} INFO - [2026-04-10T03:15:40.721+0000] {dagbag.py:588} INFO - Filling up the DagBag from /home/airflow/.local/lib/python3.12/site-packages/airflow/example_dags/example_dataset_alias_with_no_taskflow.py
[2026-04-10T03:15:40.939+0000] {processor.py:925} INFO - DAG(s) 'dataset_s3_bucket_producer_with_no_taskflow', 'dataset_s3_bucket_consumer_with_no_taskflow', 'dataset_alias_example_alias_consumer_with_no_taskflow', 'dataset_alias_example_alias_producer_with_no_taskflow' retrieved from /home/airflow/.local/lib/python3.12/site-packages/airflow/example_dags/example_dataset_alias_with_no_taskflow.py
[2026-04-10T03:15:40.951+0000] {logging_mixin.py:190} INFO - [2026-04-10T03:15:40.951+0000] {dag.py:3239} INFO - Sync 4 DAGs
[2026-04-10T03:15:40.957+0000] {logging_mixin.py:190} INFO - [2026-04-10T03:15:40.957+0000] {dag.py:4180} INFO - Setting next_dagrun for dataset_alias_example_alias_consumer_with_no_taskflow to None, run_after=None
[2026-04-10T03:15:40.958+0000] {logging_mixin.py:190} INFO - [2026-04-10T03:15:40.958+0000] {dag.py:4180} INFO - Setting next_dagrun for dataset_alias_example_alias_producer_with_no_taskflow to None, run_after=None
[2026-04-10T03:15:40.959+0000] {logging_mixin.py:190} INFO - [2026-04-10T03:15:40.959+0000] {dag.py:4180} INFO - Setting next_dagrun for dataset_s3_bucket_consumer_with_no_taskflow to None, run_after=None
[2026-04-10T03:15:40.960+0000] {logging_mixin.py:190} INFO - [2026-04-10T03:15:40.960+0000] {dag.py:4180} INFO - Setting next_dagrun for dataset_s3_bucket_producer_with_no_taskflow to None, run_after=None
[2026-04-10T03:15:40.966+0000] {processor.py:208} INFO - Processing /home/airflow/.local/lib/python3.12/site-packages/airflow/example_dags/example_dataset_alias_with_no_taskflow.py took 0.250 seconds
[2026-04-10T03:23:19.103+0000] {processor.py:186} INFO - Started process (PID=79956) to work on /home/airflow/.local/lib/python3.12/site-packages/airflow/example_dags/example_dataset_alias_with_no_taskflow.py
[2026-04-10T03:23:19.104+0000] {processor.py:914} INFO - Processing file /home/airflow/.local/lib/python3.12/site-packages/airflow/example_dags/example_dataset_alias_with_no_taskflow.py for tasks to queue
[2026-04-10T03:23:19.106+0000] {logging_mixin.py:190} INFO - [2026-04-10T03:23:19.105+0000] {dagbag.py:588} INFO - Filling up the DagBag from /home/airflow/.local/lib/python3.12/site-packages/airflow/example_dags/example_dataset_alias_with_no_taskflow.py
[2026-04-10T03:23:19.844+0000] {processor.py:925} INFO - DAG(s) 'dataset_alias_example_alias_producer_with_no_taskflow', 'dataset_alias_example_alias_consumer_with_no_taskflow', 'dataset_s3_bucket_producer_with_no_taskflow', 'dataset_s3_bucket_consumer_with_no_taskflow' retrieved from /home/airflow/.local/lib/python3.12/site-packages/airflow/example_dags/example_dataset_alias_with_no_taskflow.py
[2026-04-10T03:23:19.858+0000] {logging_mixin.py:190} INFO - [2026-04-10T03:23:19.857+0000] {dag.py:3239} INFO - Sync 4 DAGs
[2026-04-10T03:23:19.873+0000] {logging_mixin.py:190} INFO - [2026-04-10T03:23:19.873+0000] {dag.py:4180} INFO - Setting next_dagrun for dataset_alias_example_alias_consumer_with_no_taskflow to None, run_after=None
[2026-04-10T03:23:19.876+0000] {logging_mixin.py:190} INFO - [2026-04-10T03:23:19.876+0000] {dag.py:4180} INFO - Setting next_dagrun for dataset_alias_example_alias_producer_with_no_taskflow to None, run_after=None
[2026-04-10T03:23:19.878+0000] {logging_mixin.py:190} INFO - [2026-04-10T03:23:19.878+0000] {dag.py:4180} INFO - Setting next_dagrun for dataset_s3_bucket_consumer_with_no_taskflow to None, run_after=None
[2026-04-10T03:23:19.882+0000] {logging_mixin.py:190} INFO - [2026-04-10T03:23:19.882+0000] {dag.py:4180} INFO - Setting next_dagrun for dataset_s3_bucket_producer_with_no_taskflow to None, run_after=None
[2026-04-10T03:23:19.899+0000] {processor.py:208} INFO - Processing /home/airflow/.local/lib/python3.12/site-packages/airflow/example_dags/example_dataset_alias_with_no_taskflow.py took 0.801 seconds
[2026-04-10T03:23:50.455+0000] {processor.py:186} INFO - Started process (PID=80020) to work on /home/airflow/.local/lib/python3.12/site-packages/airflow/example_dags/example_dataset_alias_with_no_taskflow.py
[2026-04-10T03:23:50.456+0000] {processor.py:914} INFO - Processing file /home/airflow/.local/lib/python3.12/site-packages/airflow/example_dags/example_dataset_alias_with_no_taskflow.py for tasks to queue
[2026-04-10T03:23:50.458+0000] {logging_mixin.py:190} INFO - [2026-04-10T03:23:50.458+0000] {dagbag.py:588} INFO - Filling up the DagBag from /home/airflow/.local/lib/python3.12/site-packages/airflow/example_dags/example_dataset_alias_with_no_taskflow.py
[2026-04-10T03:23:50.799+0000] {processor.py:925} INFO - DAG(s) 'dataset_alias_example_alias_consumer_with_no_taskflow', 'dataset_alias_example_alias_producer_with_no_taskflow', 'dataset_s3_bucket_consumer_with_no_taskflow', 'dataset_s3_bucket_producer_with_no_taskflow' retrieved from /home/airflow/.local/lib/python3.12/site-packages/airflow/example_dags/example_dataset_alias_with_no_taskflow.py
[2026-04-10T03:23:50.809+0000] {logging_mixin.py:190} INFO - [2026-04-10T03:23:50.809+0000] {dag.py:3239} INFO - Sync 4 DAGs
[2026-04-10T03:23:50.816+0000] {logging_mixin.py:190} INFO - [2026-04-10T03:23:50.816+0000] {dag.py:4180} INFO - Setting next_dagrun for dataset_alias_example_alias_consumer_with_no_taskflow to None, run_after=None
[2026-04-10T03:23:50.819+0000] {logging_mixin.py:190} INFO - [2026-04-10T03:23:50.819+0000] {dag.py:4180} INFO - Setting next_dagrun for dataset_alias_example_alias_producer_with_no_taskflow to None, run_after=None
[2026-04-10T03:23:50.819+0000] {logging_mixin.py:190} INFO - [2026-04-10T03:23:50.819+0000] {dag.py:4180} INFO - Setting next_dagrun for dataset_s3_bucket_consumer_with_no_taskflow to None, run_after=None
[2026-04-10T03:23:50.820+0000] {logging_mixin.py:190} INFO - [2026-04-10T03:23:50.820+0000] {dag.py:4180} INFO - Setting next_dagrun for dataset_s3_bucket_producer_with_no_taskflow to None, run_after=None
[2026-04-10T03:23:50.842+0000] {processor.py:208} INFO - Processing /home/airflow/.local/lib/python3.12/site-packages/airflow/example_dags/example_dataset_alias_with_no_taskflow.py took 0.391 seconds
[2026-04-10T03:24:21.236+0000] {processor.py:186} INFO - Started process (PID=80084) to work on /home/airflow/.local/lib/python3.12/site-packages/airflow/example_dags/example_dataset_alias_with_no_taskflow.py
[2026-04-10T03:24:21.240+0000] {processor.py:914} INFO - Processing file /home/airflow/.local/lib/python3.12/site-packages/airflow/example_dags/example_dataset_alias_with_no_taskflow.py for tasks to queue
[2026-04-10T03:24:21.242+0000] {logging_mixin.py:190} INFO - [2026-04-10T03:24:21.242+0000] {dagbag.py:588} INFO - Filling up the DagBag from /home/airflow/.local/lib/python3.12/site-packages/airflow/example_dags/example_dataset_alias_with_no_taskflow.py
[2026-04-10T03:24:21.523+0000] {processor.py:925} INFO - DAG(s) 'dataset_s3_bucket_producer_with_no_taskflow', 'dataset_s3_bucket_consumer_with_no_taskflow', 'dataset_alias_example_alias_consumer_with_no_taskflow', 'dataset_alias_example_alias_producer_with_no_taskflow' retrieved from /home/airflow/.local/lib/python3.12/site-packages/airflow/example_dags/example_dataset_alias_with_no_taskflow.py
[2026-04-10T03:24:21.534+0000] {logging_mixin.py:190} INFO - [2026-04-10T03:24:21.534+0000] {dag.py:3239} INFO - Sync 4 DAGs
[2026-04-10T03:24:21.541+0000] {logging_mixin.py:190} INFO - [2026-04-10T03:24:21.541+0000] {dag.py:4180} INFO - Setting next_dagrun for dataset_alias_example_alias_consumer_with_no_taskflow to None, run_after=None
[2026-04-10T03:24:21.542+0000] {logging_mixin.py:190} INFO - [2026-04-10T03:24:21.542+0000] {dag.py:4180} INFO - Setting next_dagrun for dataset_alias_example_alias_producer_with_no_taskflow to None, run_after=None
[2026-04-10T03:24:21.542+0000] {logging_mixin.py:190} INFO - [2026-04-10T03:24:21.542+0000] {dag.py:4180} INFO - Setting next_dagrun for dataset_s3_bucket_consumer_with_no_taskflow to None, run_after=None
[2026-04-10T03:24:21.543+0000] {logging_mixin.py:190} INFO - [2026-04-10T03:24:21.542+0000] {dag.py:4180} INFO - Setting next_dagrun for dataset_s3_bucket_producer_with_no_taskflow to None, run_after=None
[2026-04-10T03:24:21.550+0000] {processor.py:208} INFO - Processing /home/airflow/.local/lib/python3.12/site-packages/airflow/example_dags/example_dataset_alias_with_no_taskflow.py took 0.319 seconds
[2026-04-10T03:24:51.605+0000] {processor.py:186} INFO - Started process (PID=80148) to work on /home/airflow/.local/lib/python3.12/site-packages/airflow/example_dags/example_dataset_alias_with_no_taskflow.py
[2026-04-10T03:24:51.608+0000] {processor.py:914} INFO - Processing file /home/airflow/.local/lib/python3.12/site-packages/airflow/example_dags/example_dataset_alias_with_no_taskflow.py for tasks to queue
[2026-04-10T03:24:51.609+0000] {logging_mixin.py:190} INFO - [2026-04-10T03:24:51.608+0000] {dagbag.py:588} INFO - Filling up the DagBag from /home/airflow/.local/lib/python3.12/site-packages/airflow/example_dags/example_dataset_alias_with_no_taskflow.py
[2026-04-10T03:24:51.880+0000] {processor.py:925} INFO - DAG(s) 'dataset_alias_example_alias_consumer_with_no_taskflow', 'dataset_alias_example_alias_producer_with_no_taskflow', 'dataset_s3_bucket_producer_with_no_taskflow', 'dataset_s3_bucket_consumer_with_no_taskflow' retrieved from /home/airflow/.local/lib/python3.12/site-packages/airflow/example_dags/example_dataset_alias_with_no_taskflow.py
[2026-04-10T03:24:51.891+0000] {logging_mixin.py:190} INFO - [2026-04-10T03:24:51.890+0000] {dag.py:3239} INFO - Sync 4 DAGs
[2026-04-10T03:24:51.898+0000] {logging_mixin.py:190} INFO - [2026-04-10T03:24:51.898+0000] {dag.py:4180} INFO - Setting next_dagrun for dataset_alias_example_alias_consumer_with_no_taskflow to None, run_after=None
[2026-04-10T03:24:51.899+0000] {logging_mixin.py:190} INFO - [2026-04-10T03:24:51.899+0000] {dag.py:4180} INFO - Setting next_dagrun for dataset_alias_example_alias_producer_with_no_taskflow to None, run_after=None
[2026-04-10T03:24:51.900+0000] {logging_mixin.py:190} INFO - [2026-04-10T03:24:51.900+0000] {dag.py:4180} INFO - Setting next_dagrun for dataset_s3_bucket_consumer_with_no_taskflow to None, run_after=None
[2026-04-10T03:24:51.901+0000] {logging_mixin.py:190} INFO - [2026-04-10T03:24:51.901+0000] {dag.py:4180} INFO - Setting next_dagrun for dataset_s3_bucket_producer_with_no_taskflow to None, run_after=None
[2026-04-10T03:24:51.914+0000] {processor.py:208} INFO - Processing /home/airflow/.local/lib/python3.12/site-packages/airflow/example_dags/example_dataset_alias_with_no_taskflow.py took 0.314 seconds
[2026-04-10T03:25:21.946+0000] {processor.py:186} INFO - Started process (PID=80211) to work on /home/airflow/.local/lib/python3.12/site-packages/airflow/example_dags/example_dataset_alias_with_no_taskflow.py
[2026-04-10T03:25:21.946+0000] {processor.py:914} INFO - Processing file /home/airflow/.local/lib/python3.12/site-packages/airflow/example_dags/example_dataset_alias_with_no_taskflow.py for tasks to queue
[2026-04-10T03:25:21.947+0000] {logging_mixin.py:190} INFO - [2026-04-10T03:25:21.947+0000] {dagbag.py:588} INFO - Filling up the DagBag from /home/airflow/.local/lib/python3.12/site-packages/airflow/example_dags/example_dataset_alias_with_no_taskflow.py
[2026-04-10T03:25:22.212+0000] {processor.py:925} INFO - DAG(s) 'dataset_s3_bucket_consumer_with_no_taskflow', 'dataset_alias_example_alias_consumer_with_no_taskflow', 'dataset_s3_bucket_producer_with_no_taskflow', 'dataset_alias_example_alias_producer_with_no_taskflow' retrieved from /home/airflow/.local/lib/python3.12/site-packages/airflow/example_dags/example_dataset_alias_with_no_taskflow.py
[2026-04-10T03:25:22.219+0000] {logging_mixin.py:190} INFO - [2026-04-10T03:25:22.218+0000] {dag.py:3239} INFO - Sync 4 DAGs
[2026-04-10T03:25:22.227+0000] {logging_mixin.py:190} INFO - [2026-04-10T03:25:22.227+0000] {dag.py:4180} INFO - Setting next_dagrun for dataset_alias_example_alias_consumer_with_no_taskflow to None, run_after=None
[2026-04-10T03:25:22.228+0000] {logging_mixin.py:190} INFO - [2026-04-10T03:25:22.228+0000] {dag.py:4180} INFO - Setting next_dagrun for dataset_alias_example_alias_producer_with_no_taskflow to None, run_after=None
[2026-04-10T03:25:22.228+0000] {logging_mixin.py:190} INFO - [2026-04-10T03:25:22.228+0000] {dag.py:4180} INFO - Setting next_dagrun for dataset_s3_bucket_consumer_with_no_taskflow to None, run_after=None
[2026-04-10T03:25:22.229+0000] {logging_mixin.py:190} INFO - [2026-04-10T03:25:22.229+0000] {dag.py:4180} INFO - Setting next_dagrun for dataset_s3_bucket_producer_with_no_taskflow to None, run_after=None
[2026-04-10T03:25:22.236+0000] {processor.py:208} INFO - Processing /home/airflow/.local/lib/python3.12/site-packages/airflow/example_dags/example_dataset_alias_with_no_taskflow.py took 0.293 seconds
[2026-04-10T03:25:52.369+0000] {processor.py:186} INFO - Started process (PID=80275) to work on /home/airflow/.local/lib/python3.12/site-packages/airflow/example_dags/example_dataset_alias_with_no_taskflow.py
[2026-04-10T03:25:52.369+0000] {processor.py:914} INFO - Processing file /home/airflow/.local/lib/python3.12/site-packages/airflow/example_dags/example_dataset_alias_with_no_taskflow.py for tasks to queue
[2026-04-10T03:25:52.371+0000] {logging_mixin.py:190} INFO - [2026-04-10T03:25:52.371+0000] {dagbag.py:588} INFO - Filling up the DagBag from /home/airflow/.local/lib/python3.12/site-packages/airflow/example_dags/example_dataset_alias_with_no_taskflow.py
[2026-04-10T03:25:52.737+0000] {processor.py:925} INFO - DAG(s) 'dataset_s3_bucket_producer_with_no_taskflow', 'dataset_alias_example_alias_producer_with_no_taskflow', 'dataset_alias_example_alias_consumer_with_no_taskflow', 'dataset_s3_bucket_consumer_with_no_taskflow' retrieved from /home/airflow/.local/lib/python3.12/site-packages/airflow/example_dags/example_dataset_alias_with_no_taskflow.py
[2026-04-10T03:25:52.752+0000] {logging_mixin.py:190} INFO - [2026-04-10T03:25:52.752+0000] {dag.py:3239} INFO - Sync 4 DAGs
[2026-04-10T03:25:52.762+0000] {logging_mixin.py:190} INFO - [2026-04-10T03:25:52.761+0000] {dag.py:4180} INFO - Setting next_dagrun for dataset_alias_example_alias_consumer_with_no_taskflow to None, run_after=None
[2026-04-10T03:25:52.762+0000] {logging_mixin.py:190} INFO - [2026-04-10T03:25:52.762+0000] {dag.py:4180} INFO - Setting next_dagrun for dataset_alias_example_alias_producer_with_no_taskflow to None, run_after=None
[2026-04-10T03:25:52.763+0000] {logging_mixin.py:190} INFO - [2026-04-10T03:25:52.763+0000] {dag.py:4180} INFO - Setting next_dagrun for dataset_s3_bucket_consumer_with_no_taskflow to None, run_after=None
[2026-04-10T03:25:52.763+0000] {logging_mixin.py:190} INFO - [2026-04-10T03:25:52.763+0000] {dag.py:4180} INFO - Setting next_dagrun for dataset_s3_bucket_producer_with_no_taskflow to None, run_after=None
[2026-04-10T03:25:52.770+0000] {processor.py:208} INFO - Processing /home/airflow/.local/lib/python3.12/site-packages/airflow/example_dags/example_dataset_alias_with_no_taskflow.py took 0.404 seconds
[2026-04-10T03:26:22.828+0000] {processor.py:186} INFO - Started process (PID=80339) to work on /home/airflow/.local/lib/python3.12/site-packages/airflow/example_dags/example_dataset_alias_with_no_taskflow.py
[2026-04-10T03:26:22.829+0000] {processor.py:914} INFO - Processing file /home/airflow/.local/lib/python3.12/site-packages/airflow/example_dags/example_dataset_alias_with_no_taskflow.py for tasks to queue
[2026-04-10T03:26:22.830+0000] {logging_mixin.py:190} INFO - [2026-04-10T03:26:22.830+0000] {dagbag.py:588} INFO - Filling up the DagBag from /home/airflow/.local/lib/python3.12/site-packages/airflow/example_dags/example_dataset_alias_with_no_taskflow.py
[2026-04-10T03:26:23.084+0000] {processor.py:925} INFO - DAG(s) 'dataset_s3_bucket_consumer_with_no_taskflow', 'dataset_s3_bucket_producer_with_no_taskflow', 'dataset_alias_example_alias_producer_with_no_taskflow', 'dataset_alias_example_alias_consumer_with_no_taskflow' retrieved from /home/airflow/.local/lib/python3.12/site-packages/airflow/example_dags/example_dataset_alias_with_no_taskflow.py
[2026-04-10T03:26:23.090+0000] {logging_mixin.py:190} INFO - [2026-04-10T03:26:23.090+0000] {dag.py:3239} INFO - Sync 4 DAGs
[2026-04-10T03:26:23.097+0000] {logging_mixin.py:190} INFO - [2026-04-10T03:26:23.097+0000] {dag.py:4180} INFO - Setting next_dagrun for dataset_alias_example_alias_consumer_with_no_taskflow to None, run_after=None
[2026-04-10T03:26:23.098+0000] {logging_mixin.py:190} INFO - [2026-04-10T03:26:23.098+0000] {dag.py:4180} INFO - Setting next_dagrun for dataset_alias_example_alias_producer_with_no_taskflow to None, run_after=None
[2026-04-10T03:26:23.098+0000] {logging_mixin.py:190} INFO - [2026-04-10T03:26:23.098+0000] {dag.py:4180} INFO - Setting next_dagrun for dataset_s3_bucket_consumer_with_no_taskflow to None, run_after=None
[2026-04-10T03:26:23.099+0000] {logging_mixin.py:190} INFO - [2026-04-10T03:26:23.098+0000] {dag.py:4180} INFO - Setting next_dagrun for dataset_s3_bucket_producer_with_no_taskflow to None, run_after=None
[2026-04-10T03:26:23.104+0000] {processor.py:208} INFO - Processing /home/airflow/.local/lib/python3.12/site-packages/airflow/example_dags/example_dataset_alias_with_no_taskflow.py took 0.282 seconds
[2026-04-10T03:26:53.275+0000] {processor.py:186} INFO - Started process (PID=80407) to work on /home/airflow/.local/lib/python3.12/site-packages/airflow/example_dags/example_dataset_alias_with_no_taskflow.py
[2026-04-10T03:26:53.275+0000] {processor.py:914} INFO - Processing file /home/airflow/.local/lib/python3.12/site-packages/airflow/example_dags/example_dataset_alias_with_no_taskflow.py for tasks to queue
[2026-04-10T03:26:53.276+0000] {logging_mixin.py:190} INFO - [2026-04-10T03:26:53.275+0000] {dagbag.py:588} INFO - Filling up the DagBag from /home/airflow/.local/lib/python3.12/site-packages/airflow/example_dags/example_dataset_alias_with_no_taskflow.py
[2026-04-10T03:26:53.574+0000] {processor.py:925} INFO - DAG(s) 'dataset_s3_bucket_producer_with_no_taskflow', 'dataset_alias_example_alias_consumer_with_no_taskflow', 'dataset_alias_example_alias_producer_with_no_taskflow', 'dataset_s3_bucket_consumer_with_no_taskflow' retrieved from /home/airflow/.local/lib/python3.12/site-packages/airflow/example_dags/example_dataset_alias_with_no_taskflow.py
[2026-04-10T03:26:53.585+0000] {logging_mixin.py:190} INFO - [2026-04-10T03:26:53.584+0000] {dag.py:3239} INFO - Sync 4 DAGs
[2026-04-10T03:26:53.592+0000] {logging_mixin.py:190} INFO - [2026-04-10T03:26:53.592+0000] {dag.py:4180} INFO - Setting next_dagrun for dataset_alias_example_alias_consumer_with_no_taskflow to None, run_after=None
[2026-04-10T03:26:53.593+0000] {logging_mixin.py:190} INFO - [2026-04-10T03:26:53.593+0000] {dag.py:4180} INFO - Setting next_dagrun for dataset_alias_example_alias_producer_with_no_taskflow to None, run_after=None
[2026-04-10T03:26:53.594+0000] {logging_mixin.py:190} INFO - [2026-04-10T03:26:53.594+0000] {dag.py:4180} INFO - Setting next_dagrun for dataset_s3_bucket_consumer_with_no_taskflow to None, run_after=None
[2026-04-10T03:26:53.594+0000] {logging_mixin.py:190} INFO - [2026-04-10T03:26:53.594+0000] {dag.py:4180} INFO - Setting next_dagrun for dataset_s3_bucket_producer_with_no_taskflow to None, run_after=None
[2026-04-10T03:26:53.600+0000] {processor.py:208} INFO - Processing /home/airflow/.local/lib/python3.12/site-packages/airflow/example_dags/example_dataset_alias_with_no_taskflow.py took 0.329 seconds
[2026-04-10T03:27:23.734+0000] {processor.py:186} INFO - Started process (PID=80467) to work on /home/airflow/.local/lib/python3.12/site-packages/airflow/example_dags/example_dataset_alias_with_no_taskflow.py
[2026-04-10T03:27:23.735+0000] {processor.py:914} INFO - Processing file /home/airflow/.local/lib/python3.12/site-packages/airflow/example_dags/example_dataset_alias_with_no_taskflow.py for tasks to queue
[2026-04-10T03:27:23.736+0000] {logging_mixin.py:190} INFO - [2026-04-10T03:27:23.736+0000] {dagbag.py:588} INFO - Filling up the DagBag from /home/airflow/.local/lib/python3.12/site-packages/airflow/example_dags/example_dataset_alias_with_no_taskflow.py
[2026-04-10T03:27:24.019+0000] {processor.py:925} INFO - DAG(s) 'dataset_s3_bucket_consumer_with_no_taskflow', 'dataset_alias_example_alias_consumer_with_no_taskflow', 'dataset_s3_bucket_producer_with_no_taskflow', 'dataset_alias_example_alias_producer_with_no_taskflow' retrieved from /home/airflow/.local/lib/python3.12/site-packages/airflow/example_dags/example_dataset_alias_with_no_taskflow.py
[2026-04-10T03:27:24.026+0000] {logging_mixin.py:190} INFO - [2026-04-10T03:27:24.025+0000] {dag.py:3239} INFO - Sync 4 DAGs
[2026-04-10T03:27:24.035+0000] {logging_mixin.py:190} INFO - [2026-04-10T03:27:24.034+0000] {dag.py:4180} INFO - Setting next_dagrun for dataset_alias_example_alias_consumer_with_no_taskflow to None, run_after=None
[2026-04-10T03:27:24.035+0000] {logging_mixin.py:190} INFO - [2026-04-10T03:27:24.035+0000] {dag.py:4180} INFO - Setting next_dagrun for dataset_alias_example_alias_producer_with_no_taskflow to None, run_after=None
[2026-04-10T03:27:24.036+0000] {logging_mixin.py:190} INFO - [2026-04-10T03:27:24.036+0000] {dag.py:4180} INFO - Setting next_dagrun for dataset_s3_bucket_consumer_with_no_taskflow to None, run_after=None
[2026-04-10T03:27:24.037+0000] {logging_mixin.py:190} INFO - [2026-04-10T03:27:24.037+0000] {dag.py:4180} INFO - Setting next_dagrun for dataset_s3_bucket_producer_with_no_taskflow to None, run_after=None
[2026-04-10T03:27:24.048+0000] {processor.py:208} INFO - Processing /home/airflow/.local/lib/python3.12/site-packages/airflow/example_dags/example_dataset_alias_with_no_taskflow.py took 0.320 seconds
[2026-04-10T03:27:54.110+0000] {processor.py:186} INFO - Started process (PID=80535) to work on /home/airflow/.local/lib/python3.12/site-packages/airflow/example_dags/example_dataset_alias_with_no_taskflow.py
[2026-04-10T03:27:54.111+0000] {processor.py:914} INFO - Processing file /home/airflow/.local/lib/python3.12/site-packages/airflow/example_dags/example_dataset_alias_with_no_taskflow.py for tasks to queue
[2026-04-10T03:27:54.112+0000] {logging_mixin.py:190} INFO - [2026-04-10T03:27:54.112+0000] {dagbag.py:588} INFO - Filling up the DagBag from /home/airflow/.local/lib/python3.12/site-packages/airflow/example_dags/example_dataset_alias_with_no_taskflow.py
[2026-04-10T03:27:54.482+0000] {processor.py:925} INFO - DAG(s) 'dataset_alias_example_alias_consumer_with_no_taskflow', 'dataset_s3_bucket_producer_with_no_taskflow', 'dataset_alias_example_alias_producer_with_no_taskflow', 'dataset_s3_bucket_consumer_with_no_taskflow' retrieved from /home/airflow/.local/lib/python3.12/site-packages/airflow/example_dags/example_dataset_alias_with_no_taskflow.py
[2026-04-10T03:27:54.494+0000] {logging_mixin.py:190} INFO - [2026-04-10T03:27:54.494+0000] {dag.py:3239} INFO - Sync 4 DAGs
[2026-04-10T03:27:54.503+0000] {logging_mixin.py:190} INFO - [2026-04-10T03:27:54.503+0000] {dag.py:4180} INFO - Setting next_dagrun for dataset_alias_example_alias_consumer_with_no_taskflow to None, run_after=None
[2026-04-10T03:27:54.504+0000] {logging_mixin.py:190} INFO - [2026-04-10T03:27:54.504+0000] {dag.py:4180} INFO - Setting next_dagrun for dataset_alias_example_alias_producer_with_no_taskflow to None, run_after=None
[2026-04-10T03:27:54.504+0000] {logging_mixin.py:190} INFO - [2026-04-10T03:27:54.504+0000] {dag.py:4180} INFO - Setting next_dagrun for dataset_s3_bucket_consumer_with_no_taskflow to None, run_after=None
[2026-04-10T03:27:54.505+0000] {logging_mixin.py:190} INFO - [2026-04-10T03:27:54.505+0000] {dag.py:4180} INFO - Setting next_dagrun for dataset_s3_bucket_producer_with_no_taskflow to None, run_after=None
[2026-04-10T03:27:54.511+0000] {processor.py:208} INFO - Processing /home/airflow/.local/lib/python3.12/site-packages/airflow/example_dags/example_dataset_alias_with_no_taskflow.py took 0.404 seconds
[2026-04-10T03:28:24.684+0000] {processor.py:186} INFO - Started process (PID=80595) to work on /home/airflow/.local/lib/python3.12/site-packages/airflow/example_dags/example_dataset_alias_with_no_taskflow.py
[2026-04-10T03:28:24.686+0000] {processor.py:914} INFO - Processing file /home/airflow/.local/lib/python3.12/site-packages/airflow/example_dags/example_dataset_alias_with_no_taskflow.py for tasks to queue
[2026-04-10T03:28:24.687+0000] {logging_mixin.py:190} INFO - [2026-04-10T03:28:24.687+0000] {dagbag.py:588} INFO - Filling up the DagBag from /home/airflow/.local/lib/python3.12/site-packages/airflow/example_dags/example_dataset_alias_with_no_taskflow.py
[2026-04-10T03:28:25.081+0000] {processor.py:925} INFO - DAG(s) 'dataset_s3_bucket_producer_with_no_taskflow', 'dataset_s3_bucket_consumer_with_no_taskflow', 'dataset_alias_example_alias_consumer_with_no_taskflow', 'dataset_alias_example_alias_producer_with_no_taskflow' retrieved from /home/airflow/.local/lib/python3.12/site-packages/airflow/example_dags/example_dataset_alias_with_no_taskflow.py
[2026-04-10T03:28:25.097+0000] {logging_mixin.py:190} INFO - [2026-04-10T03:28:25.097+0000] {dag.py:3239} INFO - Sync 4 DAGs
[2026-04-10T03:28:25.112+0000] {logging_mixin.py:190} INFO - [2026-04-10T03:28:25.112+0000] {dag.py:4180} INFO - Setting next_dagrun for dataset_alias_example_alias_consumer_with_no_taskflow to None, run_after=None
[2026-04-10T03:28:25.113+0000] {logging_mixin.py:190} INFO - [2026-04-10T03:28:25.113+0000] {dag.py:4180} INFO - Setting next_dagrun for dataset_alias_example_alias_producer_with_no_taskflow to None, run_after=None
[2026-04-10T03:28:25.114+0000] {logging_mixin.py:190} INFO - [2026-04-10T03:28:25.114+0000] {dag.py:4180} INFO - Setting next_dagrun for dataset_s3_bucket_consumer_with_no_taskflow to None, run_after=None
[2026-04-10T03:28:25.114+0000] {logging_mixin.py:190} INFO - [2026-04-10T03:28:25.114+0000] {dag.py:4180} INFO - Setting next_dagrun for dataset_s3_bucket_producer_with_no_taskflow to None, run_after=None
[2026-04-10T03:28:25.123+0000] {processor.py:208} INFO - Processing /home/airflow/.local/lib/python3.12/site-packages/airflow/example_dags/example_dataset_alias_with_no_taskflow.py took 0.448 seconds
[2026-04-10T03:28:55.189+0000] {processor.py:186} INFO - Started process (PID=80664) to work on /home/airflow/.local/lib/python3.12/site-packages/airflow/example_dags/example_dataset_alias_with_no_taskflow.py
[2026-04-10T03:28:55.190+0000] {processor.py:914} INFO - Processing file /home/airflow/.local/lib/python3.12/site-packages/airflow/example_dags/example_dataset_alias_with_no_taskflow.py for tasks to queue
[2026-04-10T03:28:55.191+0000] {logging_mixin.py:190} INFO - [2026-04-10T03:28:55.191+0000] {dagbag.py:588} INFO - Filling up the DagBag from /home/airflow/.local/lib/python3.12/site-packages/airflow/example_dags/example_dataset_alias_with_no_taskflow.py
[2026-04-10T03:28:55.511+0000] {processor.py:925} INFO - DAG(s) 'dataset_alias_example_alias_producer_with_no_taskflow', 'dataset_s3_bucket_producer_with_no_taskflow', 'dataset_s3_bucket_consumer_with_no_taskflow', 'dataset_alias_example_alias_consumer_with_no_taskflow' retrieved from /home/airflow/.local/lib/python3.12/site-packages/airflow/example_dags/example_dataset_alias_with_no_taskflow.py
[2026-04-10T03:28:55.522+0000] {logging_mixin.py:190} INFO - [2026-04-10T03:28:55.522+0000] {dag.py:3239} INFO - Sync 4 DAGs
[2026-04-10T03:28:55.530+0000] {logging_mixin.py:190} INFO - [2026-04-10T03:28:55.530+0000] {dag.py:4180} INFO - Setting next_dagrun for dataset_alias_example_alias_consumer_with_no_taskflow to None, run_after=None
[2026-04-10T03:28:55.531+0000] {logging_mixin.py:190} INFO - [2026-04-10T03:28:55.531+0000] {dag.py:4180} INFO - Setting next_dagrun for dataset_alias_example_alias_producer_with_no_taskflow to None, run_after=None
[2026-04-10T03:28:55.531+0000] {logging_mixin.py:190} INFO - [2026-04-10T03:28:55.531+0000] {dag.py:4180} INFO - Setting next_dagrun for dataset_s3_bucket_consumer_with_no_taskflow to None, run_after=None
[2026-04-10T03:28:55.531+0000] {logging_mixin.py:190} INFO - [2026-04-10T03:28:55.531+0000] {dag.py:4180} INFO - Setting next_dagrun for dataset_s3_bucket_producer_with_no_taskflow to None, run_after=None
[2026-04-10T03:28:55.537+0000] {processor.py:208} INFO - Processing /home/airflow/.local/lib/python3.12/site-packages/airflow/example_dags/example_dataset_alias_with_no_taskflow.py took 0.350 seconds
[2026-04-10T03:29:25.626+0000] {processor.py:186} INFO - Started process (PID=80731) to work on /home/airflow/.local/lib/python3.12/site-packages/airflow/example_dags/example_dataset_alias_with_no_taskflow.py
[2026-04-10T03:29:25.627+0000] {processor.py:914} INFO - Processing file /home/airflow/.local/lib/python3.12/site-packages/airflow/example_dags/example_dataset_alias_with_no_taskflow.py for tasks to queue
[2026-04-10T03:29:25.629+0000] {logging_mixin.py:190} INFO - [2026-04-10T03:29:25.629+0000] {dagbag.py:588} INFO - Filling up the DagBag from /home/airflow/.local/lib/python3.12/site-packages/airflow/example_dags/example_dataset_alias_with_no_taskflow.py
[2026-04-10T03:29:26.031+0000] {processor.py:925} INFO - DAG(s) 'dataset_s3_bucket_producer_with_no_taskflow', 'dataset_alias_example_alias_producer_with_no_taskflow', 'dataset_s3_bucket_consumer_with_no_taskflow', 'dataset_alias_example_alias_consumer_with_no_taskflow' retrieved from /home/airflow/.local/lib/python3.12/site-packages/airflow/example_dags/example_dataset_alias_with_no_taskflow.py
[2026-04-10T03:29:26.041+0000] {logging_mixin.py:190} INFO - [2026-04-10T03:29:26.041+0000] {dag.py:3239} INFO - Sync 4 DAGs
[2026-04-10T03:29:26.051+0000] {logging_mixin.py:190} INFO - [2026-04-10T03:29:26.051+0000] {dag.py:4180} INFO - Setting next_dagrun for dataset_alias_example_alias_consumer_with_no_taskflow to None, run_after=None
[2026-04-10T03:29:26.052+0000] {logging_mixin.py:190} INFO - [2026-04-10T03:29:26.052+0000] {dag.py:4180} INFO - Setting next_dagrun for dataset_alias_example_alias_producer_with_no_taskflow to None, run_after=None
[2026-04-10T03:29:26.052+0000] {logging_mixin.py:190} INFO - [2026-04-10T03:29:26.052+0000] {dag.py:4180} INFO - Setting next_dagrun for dataset_s3_bucket_consumer_with_no_taskflow to None, run_after=None
[2026-04-10T03:29:26.053+0000] {logging_mixin.py:190} INFO - [2026-04-10T03:29:26.053+0000] {dag.py:4180} INFO - Setting next_dagrun for dataset_s3_bucket_producer_with_no_taskflow to None, run_after=None
[2026-04-10T03:29:26.060+0000] {processor.py:208} INFO - Processing /home/airflow/.local/lib/python3.12/site-packages/airflow/example_dags/example_dataset_alias_with_no_taskflow.py took 0.436 seconds
[2026-04-10T03:29:56.415+0000] {processor.py:186} INFO - Started process (PID=80800) to work on /home/airflow/.local/lib/python3.12/site-packages/airflow/example_dags/example_dataset_alias_with_no_taskflow.py
[2026-04-10T03:29:56.417+0000] {processor.py:914} INFO - Processing file /home/airflow/.local/lib/python3.12/site-packages/airflow/example_dags/example_dataset_alias_with_no_taskflow.py for tasks to queue
[2026-04-10T03:29:56.419+0000] {logging_mixin.py:190} INFO - [2026-04-10T03:29:56.419+0000] {dagbag.py:588} INFO - Filling up the DagBag from /home/airflow/.local/lib/python3.12/site-packages/airflow/example_dags/example_dataset_alias_with_no_taskflow.py
[2026-04-10T03:29:56.724+0000] {processor.py:925} INFO - DAG(s) 'dataset_s3_bucket_producer_with_no_taskflow', 'dataset_alias_example_alias_producer_with_no_taskflow', 'dataset_alias_example_alias_consumer_with_no_taskflow', 'dataset_s3_bucket_consumer_with_no_taskflow' retrieved from /home/airflow/.local/lib/python3.12/site-packages/airflow/example_dags/example_dataset_alias_with_no_taskflow.py
[2026-04-10T03:29:56.734+0000] {logging_mixin.py:190} INFO - [2026-04-10T03:29:56.734+0000] {dag.py:3239} INFO - Sync 4 DAGs
[2026-04-10T03:29:56.742+0000] {logging_mixin.py:190} INFO - [2026-04-10T03:29:56.742+0000] {dag.py:4180} INFO - Setting next_dagrun for dataset_alias_example_alias_consumer_with_no_taskflow to None, run_after=None
[2026-04-10T03:29:56.745+0000] {logging_mixin.py:190} INFO - [2026-04-10T03:29:56.745+0000] {dag.py:4180} INFO - Setting next_dagrun for dataset_alias_example_alias_producer_with_no_taskflow to None, run_after=None
[2026-04-10T03:29:56.745+0000] {logging_mixin.py:190} INFO - [2026-04-10T03:29:56.745+0000] {dag.py:4180} INFO - Setting next_dagrun for dataset_s3_bucket_consumer_with_no_taskflow to None, run_after=None
[2026-04-10T03:29:56.745+0000] {logging_mixin.py:190} INFO - [2026-04-10T03:29:56.745+0000] {dag.py:4180} INFO - Setting next_dagrun for dataset_s3_bucket_producer_with_no_taskflow to None, run_after=None
[2026-04-10T03:29:56.754+0000] {processor.py:208} INFO - Processing /home/airflow/.local/lib/python3.12/site-packages/airflow/example_dags/example_dataset_alias_with_no_taskflow.py took 0.343 seconds
[2026-04-10T03:30:26.767+0000] {processor.py:186} INFO - Started process (PID=80863) to work on /home/airflow/.local/lib/python3.12/site-packages/airflow/example_dags/example_dataset_alias_with_no_taskflow.py
[2026-04-10T03:30:26.767+0000] {processor.py:914} INFO - Processing file /home/airflow/.local/lib/python3.12/site-packages/airflow/example_dags/example_dataset_alias_with_no_taskflow.py for tasks to queue
[2026-04-10T03:30:26.767+0000] {logging_mixin.py:190} INFO - [2026-04-10T03:30:26.767+0000] {dagbag.py:588} INFO - Filling up the DagBag from /home/airflow/.local/lib/python3.12/site-packages/airflow/example_dags/example_dataset_alias_with_no_taskflow.py
[2026-04-10T03:30:27.027+0000] {processor.py:925} INFO - DAG(s) 'dataset_alias_example_alias_producer_with_no_taskflow', 'dataset_s3_bucket_producer_with_no_taskflow', 'dataset_s3_bucket_consumer_with_no_taskflow', 'dataset_alias_example_alias_consumer_with_no_taskflow' retrieved from /home/airflow/.local/lib/python3.12/site-packages/airflow/example_dags/example_dataset_alias_with_no_taskflow.py
[2026-04-10T03:30:27.033+0000] {logging_mixin.py:190} INFO - [2026-04-10T03:30:27.033+0000] {dag.py:3239} INFO - Sync 4 DAGs
[2026-04-10T03:30:27.041+0000] {logging_mixin.py:190} INFO - [2026-04-10T03:30:27.041+0000] {dag.py:4180} INFO - Setting next_dagrun for dataset_alias_example_alias_consumer_with_no_taskflow to None, run_after=None
[2026-04-10T03:30:27.042+0000] {logging_mixin.py:190} INFO - [2026-04-10T03:30:27.042+0000] {dag.py:4180} INFO - Setting next_dagrun for dataset_alias_example_alias_producer_with_no_taskflow to None, run_after=None
[2026-04-10T03:30:27.042+0000] {logging_mixin.py:190} INFO - [2026-04-10T03:30:27.042+0000] {dag.py:4180} INFO - Setting next_dagrun for dataset_s3_bucket_consumer_with_no_taskflow to None, run_after=None
[2026-04-10T03:30:27.043+0000] {logging_mixin.py:190} INFO - [2026-04-10T03:30:27.043+0000] {dag.py:4180} INFO - Setting next_dagrun for dataset_s3_bucket_producer_with_no_taskflow to None, run_after=None
[2026-04-10T03:30:27.049+0000] {processor.py:208} INFO - Processing /home/airflow/.local/lib/python3.12/site-packages/airflow/example_dags/example_dataset_alias_with_no_taskflow.py took 0.285 seconds
[2026-04-10T03:30:57.084+0000] {processor.py:186} INFO - Started process (PID=80927) to work on /home/airflow/.local/lib/python3.12/site-packages/airflow/example_dags/example_dataset_alias_with_no_taskflow.py
[2026-04-10T03:30:57.084+0000] {processor.py:914} INFO - Processing file /home/airflow/.local/lib/python3.12/site-packages/airflow/example_dags/example_dataset_alias_with_no_taskflow.py for tasks to queue
[2026-04-10T03:30:57.085+0000] {logging_mixin.py:190} INFO - [2026-04-10T03:30:57.085+0000] {dagbag.py:588} INFO - Filling up the DagBag from /home/airflow/.local/lib/python3.12/site-packages/airflow/example_dags/example_dataset_alias_with_no_taskflow.py
[2026-04-10T03:30:57.299+0000] {processor.py:925} INFO - DAG(s) 'dataset_alias_example_alias_consumer_with_no_taskflow', 'dataset_s3_bucket_consumer_with_no_taskflow', 'dataset_s3_bucket_producer_with_no_taskflow', 'dataset_alias_example_alias_producer_with_no_taskflow' retrieved from /home/airflow/.local/lib/python3.12/site-packages/airflow/example_dags/example_dataset_alias_with_no_taskflow.py
[2026-04-10T03:30:57.304+0000] {logging_mixin.py:190} INFO - [2026-04-10T03:30:57.304+0000] {dag.py:3239} INFO - Sync 4 DAGs
[2026-04-10T03:30:57.310+0000] {logging_mixin.py:190} INFO - [2026-04-10T03:30:57.310+0000] {dag.py:4180} INFO - Setting next_dagrun for dataset_alias_example_alias_consumer_with_no_taskflow to None, run_after=None
[2026-04-10T03:30:57.310+0000] {logging_mixin.py:190} INFO - [2026-04-10T03:30:57.310+0000] {dag.py:4180} INFO - Setting next_dagrun for dataset_alias_example_alias_producer_with_no_taskflow to None, run_after=None
[2026-04-10T03:30:57.311+0000] {logging_mixin.py:190} INFO - [2026-04-10T03:30:57.311+0000] {dag.py:4180} INFO - Setting next_dagrun for dataset_s3_bucket_consumer_with_no_taskflow to None, run_after=None
[2026-04-10T03:30:57.312+0000] {logging_mixin.py:190} INFO - [2026-04-10T03:30:57.312+0000] {dag.py:4180} INFO - Setting next_dagrun for dataset_s3_bucket_producer_with_no_taskflow to None, run_after=None
[2026-04-10T03:30:57.317+0000] {processor.py:208} INFO - Processing /home/airflow/.local/lib/python3.12/site-packages/airflow/example_dags/example_dataset_alias_with_no_taskflow.py took 0.236 seconds
