[2026-04-10T00:07:14.597+0000] {processor.py:186} INFO - Started process (PID=78556) to work on /home/airflow/.local/lib/python3.12/site-packages/airflow/example_dags/example_external_task_marker_dag.py
[2026-04-10T00:07:14.598+0000] {processor.py:914} INFO - Processing file /home/airflow/.local/lib/python3.12/site-packages/airflow/example_dags/example_external_task_marker_dag.py for tasks to queue
[2026-04-10T00:07:14.599+0000] {logging_mixin.py:190} INFO - [2026-04-10T00:07:14.599+0000] {dagbag.py:588} INFO - Filling up the DagBag from /home/airflow/.local/lib/python3.12/site-packages/airflow/example_dags/example_external_task_marker_dag.py
[2026-04-10T00:07:14.605+0000] {processor.py:925} INFO - DAG(s) 'example_external_task_marker_parent', 'example_external_task_marker_child' retrieved from /home/airflow/.local/lib/python3.12/site-packages/airflow/example_dags/example_external_task_marker_dag.py
[2026-04-10T00:07:14.618+0000] {logging_mixin.py:190} INFO - [2026-04-10T00:07:14.617+0000] {dag.py:3239} INFO - Sync 2 DAGs
[2026-04-10T00:07:14.623+0000] {logging_mixin.py:190} INFO - [2026-04-10T00:07:14.623+0000] {dag.py:4180} INFO - Setting next_dagrun for example_external_task_marker_child to None, run_after=None
[2026-04-10T00:07:14.627+0000] {logging_mixin.py:190} INFO - [2026-04-10T00:07:14.627+0000] {dag.py:4180} INFO - Setting next_dagrun for example_external_task_marker_parent to None, run_after=None
[2026-04-10T00:07:14.632+0000] {processor.py:208} INFO - Processing /home/airflow/.local/lib/python3.12/site-packages/airflow/example_dags/example_external_task_marker_dag.py took 0.037 seconds
[2026-04-10T00:22:47.798+0000] {processor.py:186} INFO - Started process (PID=78620) to work on /home/airflow/.local/lib/python3.12/site-packages/airflow/example_dags/example_external_task_marker_dag.py
[2026-04-10T00:22:47.798+0000] {processor.py:914} INFO - Processing file /home/airflow/.local/lib/python3.12/site-packages/airflow/example_dags/example_external_task_marker_dag.py for tasks to queue
[2026-04-10T00:22:47.799+0000] {logging_mixin.py:190} INFO - [2026-04-10T00:22:47.799+0000] {dagbag.py:588} INFO - Filling up the DagBag from /home/airflow/.local/lib/python3.12/site-packages/airflow/example_dags/example_external_task_marker_dag.py
[2026-04-10T00:22:47.807+0000] {processor.py:925} INFO - DAG(s) 'example_external_task_marker_parent', 'example_external_task_marker_child' retrieved from /home/airflow/.local/lib/python3.12/site-packages/airflow/example_dags/example_external_task_marker_dag.py
[2026-04-10T00:22:47.815+0000] {logging_mixin.py:190} INFO - [2026-04-10T00:22:47.815+0000] {dag.py:3239} INFO - Sync 2 DAGs
[2026-04-10T00:22:47.820+0000] {logging_mixin.py:190} INFO - [2026-04-10T00:22:47.820+0000] {dag.py:4180} INFO - Setting next_dagrun for example_external_task_marker_child to None, run_after=None
[2026-04-10T00:22:47.823+0000] {logging_mixin.py:190} INFO - [2026-04-10T00:22:47.823+0000] {dag.py:4180} INFO - Setting next_dagrun for example_external_task_marker_parent to None, run_after=None
[2026-04-10T00:22:47.830+0000] {processor.py:208} INFO - Processing /home/airflow/.local/lib/python3.12/site-packages/airflow/example_dags/example_external_task_marker_dag.py took 0.035 seconds
[2026-04-10T00:23:18.551+0000] {processor.py:186} INFO - Started process (PID=78684) to work on /home/airflow/.local/lib/python3.12/site-packages/airflow/example_dags/example_external_task_marker_dag.py
[2026-04-10T00:23:18.552+0000] {processor.py:914} INFO - Processing file /home/airflow/.local/lib/python3.12/site-packages/airflow/example_dags/example_external_task_marker_dag.py for tasks to queue
[2026-04-10T00:23:18.552+0000] {logging_mixin.py:190} INFO - [2026-04-10T00:23:18.552+0000] {dagbag.py:588} INFO - Filling up the DagBag from /home/airflow/.local/lib/python3.12/site-packages/airflow/example_dags/example_external_task_marker_dag.py
[2026-04-10T00:23:18.556+0000] {processor.py:925} INFO - DAG(s) 'example_external_task_marker_child', 'example_external_task_marker_parent' retrieved from /home/airflow/.local/lib/python3.12/site-packages/airflow/example_dags/example_external_task_marker_dag.py
[2026-04-10T00:23:18.569+0000] {logging_mixin.py:190} INFO - [2026-04-10T00:23:18.569+0000] {dag.py:3239} INFO - Sync 2 DAGs
[2026-04-10T00:23:18.575+0000] {logging_mixin.py:190} INFO - [2026-04-10T00:23:18.575+0000] {dag.py:4180} INFO - Setting next_dagrun for example_external_task_marker_child to None, run_after=None
[2026-04-10T00:23:18.578+0000] {logging_mixin.py:190} INFO - [2026-04-10T00:23:18.578+0000] {dag.py:4180} INFO - Setting next_dagrun for example_external_task_marker_parent to None, run_after=None
[2026-04-10T00:23:18.585+0000] {processor.py:208} INFO - Processing /home/airflow/.local/lib/python3.12/site-packages/airflow/example_dags/example_external_task_marker_dag.py took 0.036 seconds
[2026-04-10T00:38:48.563+0000] {processor.py:186} INFO - Started process (PID=78748) to work on /home/airflow/.local/lib/python3.12/site-packages/airflow/example_dags/example_external_task_marker_dag.py
[2026-04-10T00:38:48.563+0000] {processor.py:914} INFO - Processing file /home/airflow/.local/lib/python3.12/site-packages/airflow/example_dags/example_external_task_marker_dag.py for tasks to queue
[2026-04-10T00:38:48.563+0000] {logging_mixin.py:190} INFO - [2026-04-10T00:38:48.563+0000] {dagbag.py:588} INFO - Filling up the DagBag from /home/airflow/.local/lib/python3.12/site-packages/airflow/example_dags/example_external_task_marker_dag.py
[2026-04-10T00:38:48.567+0000] {processor.py:925} INFO - DAG(s) 'example_external_task_marker_child', 'example_external_task_marker_parent' retrieved from /home/airflow/.local/lib/python3.12/site-packages/airflow/example_dags/example_external_task_marker_dag.py
[2026-04-10T00:38:48.578+0000] {logging_mixin.py:190} INFO - [2026-04-10T00:38:48.578+0000] {dag.py:3239} INFO - Sync 2 DAGs
[2026-04-10T00:38:48.585+0000] {logging_mixin.py:190} INFO - [2026-04-10T00:38:48.585+0000] {dag.py:4180} INFO - Setting next_dagrun for example_external_task_marker_child to None, run_after=None
[2026-04-10T00:38:48.587+0000] {logging_mixin.py:190} INFO - [2026-04-10T00:38:48.587+0000] {dag.py:4180} INFO - Setting next_dagrun for example_external_task_marker_parent to None, run_after=None
[2026-04-10T00:38:48.594+0000] {processor.py:208} INFO - Processing /home/airflow/.local/lib/python3.12/site-packages/airflow/example_dags/example_external_task_marker_dag.py took 0.033 seconds
[2026-04-10T00:41:53.027+0000] {processor.py:186} INFO - Started process (PID=78812) to work on /home/airflow/.local/lib/python3.12/site-packages/airflow/example_dags/example_external_task_marker_dag.py
[2026-04-10T00:41:53.027+0000] {processor.py:914} INFO - Processing file /home/airflow/.local/lib/python3.12/site-packages/airflow/example_dags/example_external_task_marker_dag.py for tasks to queue
[2026-04-10T00:41:53.028+0000] {logging_mixin.py:190} INFO - [2026-04-10T00:41:53.028+0000] {dagbag.py:588} INFO - Filling up the DagBag from /home/airflow/.local/lib/python3.12/site-packages/airflow/example_dags/example_external_task_marker_dag.py
[2026-04-10T00:41:53.031+0000] {processor.py:925} INFO - DAG(s) 'example_external_task_marker_child', 'example_external_task_marker_parent' retrieved from /home/airflow/.local/lib/python3.12/site-packages/airflow/example_dags/example_external_task_marker_dag.py
[2026-04-10T00:41:53.040+0000] {logging_mixin.py:190} INFO - [2026-04-10T00:41:53.040+0000] {dag.py:3239} INFO - Sync 2 DAGs
[2026-04-10T00:41:53.045+0000] {logging_mixin.py:190} INFO - [2026-04-10T00:41:53.045+0000] {dag.py:4180} INFO - Setting next_dagrun for example_external_task_marker_child to None, run_after=None
[2026-04-10T00:41:53.047+0000] {logging_mixin.py:190} INFO - [2026-04-10T00:41:53.047+0000] {dag.py:4180} INFO - Setting next_dagrun for example_external_task_marker_parent to None, run_after=None
[2026-04-10T00:41:53.052+0000] {processor.py:208} INFO - Processing /home/airflow/.local/lib/python3.12/site-packages/airflow/example_dags/example_external_task_marker_dag.py took 0.027 seconds
[2026-04-10T00:42:24.334+0000] {processor.py:186} INFO - Started process (PID=78876) to work on /home/airflow/.local/lib/python3.12/site-packages/airflow/example_dags/example_external_task_marker_dag.py
[2026-04-10T00:42:24.334+0000] {processor.py:914} INFO - Processing file /home/airflow/.local/lib/python3.12/site-packages/airflow/example_dags/example_external_task_marker_dag.py for tasks to queue
[2026-04-10T00:42:24.334+0000] {logging_mixin.py:190} INFO - [2026-04-10T00:42:24.334+0000] {dagbag.py:588} INFO - Filling up the DagBag from /home/airflow/.local/lib/python3.12/site-packages/airflow/example_dags/example_external_task_marker_dag.py
[2026-04-10T00:42:24.337+0000] {processor.py:925} INFO - DAG(s) 'example_external_task_marker_child', 'example_external_task_marker_parent' retrieved from /home/airflow/.local/lib/python3.12/site-packages/airflow/example_dags/example_external_task_marker_dag.py
[2026-04-10T00:42:24.354+0000] {logging_mixin.py:190} INFO - [2026-04-10T00:42:24.353+0000] {dag.py:3239} INFO - Sync 2 DAGs
[2026-04-10T00:42:24.362+0000] {logging_mixin.py:190} INFO - [2026-04-10T00:42:24.362+0000] {dag.py:4180} INFO - Setting next_dagrun for example_external_task_marker_child to None, run_after=None
[2026-04-10T00:42:24.364+0000] {logging_mixin.py:190} INFO - [2026-04-10T00:42:24.364+0000] {dag.py:4180} INFO - Setting next_dagrun for example_external_task_marker_parent to None, run_after=None
[2026-04-10T00:42:24.373+0000] {processor.py:208} INFO - Processing /home/airflow/.local/lib/python3.12/site-packages/airflow/example_dags/example_external_task_marker_dag.py took 0.042 seconds
[2026-04-10T00:57:54.694+0000] {processor.py:186} INFO - Started process (PID=78940) to work on /home/airflow/.local/lib/python3.12/site-packages/airflow/example_dags/example_external_task_marker_dag.py
[2026-04-10T00:57:54.694+0000] {processor.py:914} INFO - Processing file /home/airflow/.local/lib/python3.12/site-packages/airflow/example_dags/example_external_task_marker_dag.py for tasks to queue
[2026-04-10T00:57:54.694+0000] {logging_mixin.py:190} INFO - [2026-04-10T00:57:54.694+0000] {dagbag.py:588} INFO - Filling up the DagBag from /home/airflow/.local/lib/python3.12/site-packages/airflow/example_dags/example_external_task_marker_dag.py
[2026-04-10T00:57:54.697+0000] {processor.py:925} INFO - DAG(s) 'example_external_task_marker_parent', 'example_external_task_marker_child' retrieved from /home/airflow/.local/lib/python3.12/site-packages/airflow/example_dags/example_external_task_marker_dag.py
[2026-04-10T00:57:54.704+0000] {logging_mixin.py:190} INFO - [2026-04-10T00:57:54.704+0000] {dag.py:3239} INFO - Sync 2 DAGs
[2026-04-10T00:57:54.709+0000] {logging_mixin.py:190} INFO - [2026-04-10T00:57:54.709+0000] {dag.py:4180} INFO - Setting next_dagrun for example_external_task_marker_child to None, run_after=None
[2026-04-10T00:57:54.710+0000] {logging_mixin.py:190} INFO - [2026-04-10T00:57:54.710+0000] {dag.py:4180} INFO - Setting next_dagrun for example_external_task_marker_parent to None, run_after=None
[2026-04-10T00:57:54.715+0000] {processor.py:208} INFO - Processing /home/airflow/.local/lib/python3.12/site-packages/airflow/example_dags/example_external_task_marker_dag.py took 0.023 seconds
[2026-04-10T01:13:26.233+0000] {processor.py:186} INFO - Started process (PID=79004) to work on /home/airflow/.local/lib/python3.12/site-packages/airflow/example_dags/example_external_task_marker_dag.py
[2026-04-10T01:13:26.234+0000] {processor.py:914} INFO - Processing file /home/airflow/.local/lib/python3.12/site-packages/airflow/example_dags/example_external_task_marker_dag.py for tasks to queue
[2026-04-10T01:13:26.236+0000] {logging_mixin.py:190} INFO - [2026-04-10T01:13:26.235+0000] {dagbag.py:588} INFO - Filling up the DagBag from /home/airflow/.local/lib/python3.12/site-packages/airflow/example_dags/example_external_task_marker_dag.py
[2026-04-10T01:13:26.245+0000] {processor.py:925} INFO - DAG(s) 'example_external_task_marker_child', 'example_external_task_marker_parent' retrieved from /home/airflow/.local/lib/python3.12/site-packages/airflow/example_dags/example_external_task_marker_dag.py
[2026-04-10T01:13:26.272+0000] {logging_mixin.py:190} INFO - [2026-04-10T01:13:26.272+0000] {dag.py:3239} INFO - Sync 2 DAGs
[2026-04-10T01:13:26.285+0000] {logging_mixin.py:190} INFO - [2026-04-10T01:13:26.285+0000] {dag.py:4180} INFO - Setting next_dagrun for example_external_task_marker_child to None, run_after=None
[2026-04-10T01:13:26.289+0000] {logging_mixin.py:190} INFO - [2026-04-10T01:13:26.288+0000] {dag.py:4180} INFO - Setting next_dagrun for example_external_task_marker_parent to None, run_after=None
[2026-04-10T01:13:26.299+0000] {processor.py:208} INFO - Processing /home/airflow/.local/lib/python3.12/site-packages/airflow/example_dags/example_external_task_marker_dag.py took 0.071 seconds
[2026-04-10T01:13:56.490+0000] {processor.py:186} INFO - Started process (PID=79067) to work on /home/airflow/.local/lib/python3.12/site-packages/airflow/example_dags/example_external_task_marker_dag.py
[2026-04-10T01:13:56.490+0000] {processor.py:914} INFO - Processing file /home/airflow/.local/lib/python3.12/site-packages/airflow/example_dags/example_external_task_marker_dag.py for tasks to queue
[2026-04-10T01:13:56.491+0000] {logging_mixin.py:190} INFO - [2026-04-10T01:13:56.491+0000] {dagbag.py:588} INFO - Filling up the DagBag from /home/airflow/.local/lib/python3.12/site-packages/airflow/example_dags/example_external_task_marker_dag.py
[2026-04-10T01:13:56.495+0000] {processor.py:925} INFO - DAG(s) 'example_external_task_marker_child', 'example_external_task_marker_parent' retrieved from /home/airflow/.local/lib/python3.12/site-packages/airflow/example_dags/example_external_task_marker_dag.py
[2026-04-10T01:13:56.507+0000] {logging_mixin.py:190} INFO - [2026-04-10T01:13:56.507+0000] {dag.py:3239} INFO - Sync 2 DAGs
[2026-04-10T01:13:56.513+0000] {logging_mixin.py:190} INFO - [2026-04-10T01:13:56.513+0000] {dag.py:4180} INFO - Setting next_dagrun for example_external_task_marker_child to None, run_after=None
[2026-04-10T01:13:56.517+0000] {logging_mixin.py:190} INFO - [2026-04-10T01:13:56.517+0000] {dag.py:4180} INFO - Setting next_dagrun for example_external_task_marker_parent to None, run_after=None
[2026-04-10T01:13:56.524+0000] {processor.py:208} INFO - Processing /home/airflow/.local/lib/python3.12/site-packages/airflow/example_dags/example_external_task_marker_dag.py took 0.036 seconds
[2026-04-10T01:29:25.996+0000] {processor.py:186} INFO - Started process (PID=79131) to work on /home/airflow/.local/lib/python3.12/site-packages/airflow/example_dags/example_external_task_marker_dag.py
[2026-04-10T01:29:25.996+0000] {processor.py:914} INFO - Processing file /home/airflow/.local/lib/python3.12/site-packages/airflow/example_dags/example_external_task_marker_dag.py for tasks to queue
[2026-04-10T01:29:25.997+0000] {logging_mixin.py:190} INFO - [2026-04-10T01:29:25.997+0000] {dagbag.py:588} INFO - Filling up the DagBag from /home/airflow/.local/lib/python3.12/site-packages/airflow/example_dags/example_external_task_marker_dag.py
[2026-04-10T01:29:26.000+0000] {processor.py:925} INFO - DAG(s) 'example_external_task_marker_child', 'example_external_task_marker_parent' retrieved from /home/airflow/.local/lib/python3.12/site-packages/airflow/example_dags/example_external_task_marker_dag.py
[2026-04-10T01:29:26.007+0000] {logging_mixin.py:190} INFO - [2026-04-10T01:29:26.007+0000] {dag.py:3239} INFO - Sync 2 DAGs
[2026-04-10T01:29:26.012+0000] {logging_mixin.py:190} INFO - [2026-04-10T01:29:26.012+0000] {dag.py:4180} INFO - Setting next_dagrun for example_external_task_marker_child to None, run_after=None
[2026-04-10T01:29:26.013+0000] {logging_mixin.py:190} INFO - [2026-04-10T01:29:26.013+0000] {dag.py:4180} INFO - Setting next_dagrun for example_external_task_marker_parent to None, run_after=None
[2026-04-10T01:29:26.017+0000] {processor.py:208} INFO - Processing /home/airflow/.local/lib/python3.12/site-packages/airflow/example_dags/example_external_task_marker_dag.py took 0.024 seconds
[2026-04-10T01:29:56.431+0000] {processor.py:186} INFO - Started process (PID=79195) to work on /home/airflow/.local/lib/python3.12/site-packages/airflow/example_dags/example_external_task_marker_dag.py
[2026-04-10T01:29:56.432+0000] {processor.py:914} INFO - Processing file /home/airflow/.local/lib/python3.12/site-packages/airflow/example_dags/example_external_task_marker_dag.py for tasks to queue
[2026-04-10T01:29:56.433+0000] {logging_mixin.py:190} INFO - [2026-04-10T01:29:56.433+0000] {dagbag.py:588} INFO - Filling up the DagBag from /home/airflow/.local/lib/python3.12/site-packages/airflow/example_dags/example_external_task_marker_dag.py
[2026-04-10T01:29:56.438+0000] {processor.py:925} INFO - DAG(s) 'example_external_task_marker_parent', 'example_external_task_marker_child' retrieved from /home/airflow/.local/lib/python3.12/site-packages/airflow/example_dags/example_external_task_marker_dag.py
[2026-04-10T01:29:56.451+0000] {logging_mixin.py:190} INFO - [2026-04-10T01:29:56.450+0000] {dag.py:3239} INFO - Sync 2 DAGs
[2026-04-10T01:29:56.456+0000] {logging_mixin.py:190} INFO - [2026-04-10T01:29:56.456+0000] {dag.py:4180} INFO - Setting next_dagrun for example_external_task_marker_child to None, run_after=None
[2026-04-10T01:29:56.459+0000] {logging_mixin.py:190} INFO - [2026-04-10T01:29:56.459+0000] {dag.py:4180} INFO - Setting next_dagrun for example_external_task_marker_parent to None, run_after=None
[2026-04-10T01:29:56.468+0000] {processor.py:208} INFO - Processing /home/airflow/.local/lib/python3.12/site-packages/airflow/example_dags/example_external_task_marker_dag.py took 0.040 seconds
[2026-04-10T01:43:15.779+0000] {processor.py:186} INFO - Started process (PID=79259) to work on /home/airflow/.local/lib/python3.12/site-packages/airflow/example_dags/example_external_task_marker_dag.py
[2026-04-10T01:43:15.780+0000] {processor.py:914} INFO - Processing file /home/airflow/.local/lib/python3.12/site-packages/airflow/example_dags/example_external_task_marker_dag.py for tasks to queue
[2026-04-10T01:43:15.782+0000] {logging_mixin.py:190} INFO - [2026-04-10T01:43:15.782+0000] {dagbag.py:588} INFO - Filling up the DagBag from /home/airflow/.local/lib/python3.12/site-packages/airflow/example_dags/example_external_task_marker_dag.py
[2026-04-10T01:43:15.785+0000] {processor.py:925} INFO - DAG(s) 'example_external_task_marker_child', 'example_external_task_marker_parent' retrieved from /home/airflow/.local/lib/python3.12/site-packages/airflow/example_dags/example_external_task_marker_dag.py
[2026-04-10T01:43:15.798+0000] {logging_mixin.py:190} INFO - [2026-04-10T01:43:15.798+0000] {dag.py:3239} INFO - Sync 2 DAGs
[2026-04-10T01:43:15.804+0000] {logging_mixin.py:190} INFO - [2026-04-10T01:43:15.804+0000] {dag.py:4180} INFO - Setting next_dagrun for example_external_task_marker_child to None, run_after=None
[2026-04-10T01:43:15.805+0000] {logging_mixin.py:190} INFO - [2026-04-10T01:43:15.805+0000] {dag.py:4180} INFO - Setting next_dagrun for example_external_task_marker_parent to None, run_after=None
[2026-04-10T01:43:15.810+0000] {processor.py:208} INFO - Processing /home/airflow/.local/lib/python3.12/site-packages/airflow/example_dags/example_external_task_marker_dag.py took 0.033 seconds
[2026-04-10T01:58:47.639+0000] {processor.py:186} INFO - Started process (PID=79323) to work on /home/airflow/.local/lib/python3.12/site-packages/airflow/example_dags/example_external_task_marker_dag.py
[2026-04-10T01:58:47.640+0000] {processor.py:914} INFO - Processing file /home/airflow/.local/lib/python3.12/site-packages/airflow/example_dags/example_external_task_marker_dag.py for tasks to queue
[2026-04-10T01:58:47.641+0000] {logging_mixin.py:190} INFO - [2026-04-10T01:58:47.641+0000] {dagbag.py:588} INFO - Filling up the DagBag from /home/airflow/.local/lib/python3.12/site-packages/airflow/example_dags/example_external_task_marker_dag.py
[2026-04-10T01:58:47.645+0000] {processor.py:925} INFO - DAG(s) 'example_external_task_marker_parent', 'example_external_task_marker_child' retrieved from /home/airflow/.local/lib/python3.12/site-packages/airflow/example_dags/example_external_task_marker_dag.py
[2026-04-10T01:58:47.659+0000] {logging_mixin.py:190} INFO - [2026-04-10T01:58:47.659+0000] {dag.py:3239} INFO - Sync 2 DAGs
[2026-04-10T01:58:47.664+0000] {logging_mixin.py:190} INFO - [2026-04-10T01:58:47.664+0000] {dag.py:4180} INFO - Setting next_dagrun for example_external_task_marker_child to None, run_after=None
[2026-04-10T01:58:47.666+0000] {logging_mixin.py:190} INFO - [2026-04-10T01:58:47.666+0000] {dag.py:4180} INFO - Setting next_dagrun for example_external_task_marker_parent to None, run_after=None
[2026-04-10T01:58:47.671+0000] {processor.py:208} INFO - Processing /home/airflow/.local/lib/python3.12/site-packages/airflow/example_dags/example_external_task_marker_dag.py took 0.034 seconds
[2026-04-10T01:59:18.920+0000] {processor.py:186} INFO - Started process (PID=79387) to work on /home/airflow/.local/lib/python3.12/site-packages/airflow/example_dags/example_external_task_marker_dag.py
[2026-04-10T01:59:18.921+0000] {processor.py:914} INFO - Processing file /home/airflow/.local/lib/python3.12/site-packages/airflow/example_dags/example_external_task_marker_dag.py for tasks to queue
[2026-04-10T01:59:18.923+0000] {logging_mixin.py:190} INFO - [2026-04-10T01:59:18.922+0000] {dagbag.py:588} INFO - Filling up the DagBag from /home/airflow/.local/lib/python3.12/site-packages/airflow/example_dags/example_external_task_marker_dag.py
[2026-04-10T01:59:18.926+0000] {processor.py:925} INFO - DAG(s) 'example_external_task_marker_parent', 'example_external_task_marker_child' retrieved from /home/airflow/.local/lib/python3.12/site-packages/airflow/example_dags/example_external_task_marker_dag.py
[2026-04-10T01:59:18.937+0000] {logging_mixin.py:190} INFO - [2026-04-10T01:59:18.937+0000] {dag.py:3239} INFO - Sync 2 DAGs
[2026-04-10T01:59:18.943+0000] {logging_mixin.py:190} INFO - [2026-04-10T01:59:18.943+0000] {dag.py:4180} INFO - Setting next_dagrun for example_external_task_marker_child to None, run_after=None
[2026-04-10T01:59:18.945+0000] {logging_mixin.py:190} INFO - [2026-04-10T01:59:18.945+0000] {dag.py:4180} INFO - Setting next_dagrun for example_external_task_marker_parent to None, run_after=None
[2026-04-10T01:59:18.952+0000] {processor.py:208} INFO - Processing /home/airflow/.local/lib/python3.12/site-packages/airflow/example_dags/example_external_task_marker_dag.py took 0.034 seconds
[2026-04-10T02:14:51.344+0000] {processor.py:186} INFO - Started process (PID=79451) to work on /home/airflow/.local/lib/python3.12/site-packages/airflow/example_dags/example_external_task_marker_dag.py
[2026-04-10T02:14:51.345+0000] {processor.py:914} INFO - Processing file /home/airflow/.local/lib/python3.12/site-packages/airflow/example_dags/example_external_task_marker_dag.py for tasks to queue
[2026-04-10T02:14:51.346+0000] {logging_mixin.py:190} INFO - [2026-04-10T02:14:51.346+0000] {dagbag.py:588} INFO - Filling up the DagBag from /home/airflow/.local/lib/python3.12/site-packages/airflow/example_dags/example_external_task_marker_dag.py
[2026-04-10T02:14:51.352+0000] {processor.py:925} INFO - DAG(s) 'example_external_task_marker_child', 'example_external_task_marker_parent' retrieved from /home/airflow/.local/lib/python3.12/site-packages/airflow/example_dags/example_external_task_marker_dag.py
[2026-04-10T02:14:51.363+0000] {logging_mixin.py:190} INFO - [2026-04-10T02:14:51.363+0000] {dag.py:3239} INFO - Sync 2 DAGs
[2026-04-10T02:14:51.368+0000] {logging_mixin.py:190} INFO - [2026-04-10T02:14:51.368+0000] {dag.py:4180} INFO - Setting next_dagrun for example_external_task_marker_child to None, run_after=None
[2026-04-10T02:14:51.371+0000] {logging_mixin.py:190} INFO - [2026-04-10T02:14:51.370+0000] {dag.py:4180} INFO - Setting next_dagrun for example_external_task_marker_parent to None, run_after=None
[2026-04-10T02:14:51.378+0000] {processor.py:208} INFO - Processing /home/airflow/.local/lib/python3.12/site-packages/airflow/example_dags/example_external_task_marker_dag.py took 0.036 seconds
[2026-04-10T02:20:01.677+0000] {processor.py:186} INFO - Started process (PID=79515) to work on /home/airflow/.local/lib/python3.12/site-packages/airflow/example_dags/example_external_task_marker_dag.py
[2026-04-10T02:20:01.678+0000] {processor.py:914} INFO - Processing file /home/airflow/.local/lib/python3.12/site-packages/airflow/example_dags/example_external_task_marker_dag.py for tasks to queue
[2026-04-10T02:20:01.678+0000] {logging_mixin.py:190} INFO - [2026-04-10T02:20:01.678+0000] {dagbag.py:588} INFO - Filling up the DagBag from /home/airflow/.local/lib/python3.12/site-packages/airflow/example_dags/example_external_task_marker_dag.py
[2026-04-10T02:20:01.682+0000] {processor.py:925} INFO - DAG(s) 'example_external_task_marker_parent', 'example_external_task_marker_child' retrieved from /home/airflow/.local/lib/python3.12/site-packages/airflow/example_dags/example_external_task_marker_dag.py
[2026-04-10T02:20:01.694+0000] {logging_mixin.py:190} INFO - [2026-04-10T02:20:01.694+0000] {dag.py:3239} INFO - Sync 2 DAGs
[2026-04-10T02:20:01.701+0000] {logging_mixin.py:190} INFO - [2026-04-10T02:20:01.701+0000] {dag.py:4180} INFO - Setting next_dagrun for example_external_task_marker_child to None, run_after=None
[2026-04-10T02:20:01.705+0000] {logging_mixin.py:190} INFO - [2026-04-10T02:20:01.705+0000] {dag.py:4180} INFO - Setting next_dagrun for example_external_task_marker_parent to None, run_after=None
[2026-04-10T02:20:01.712+0000] {processor.py:208} INFO - Processing /home/airflow/.local/lib/python3.12/site-packages/airflow/example_dags/example_external_task_marker_dag.py took 0.038 seconds
[2026-04-10T02:20:32.552+0000] {processor.py:186} INFO - Started process (PID=79579) to work on /home/airflow/.local/lib/python3.12/site-packages/airflow/example_dags/example_external_task_marker_dag.py
[2026-04-10T02:20:32.552+0000] {processor.py:914} INFO - Processing file /home/airflow/.local/lib/python3.12/site-packages/airflow/example_dags/example_external_task_marker_dag.py for tasks to queue
[2026-04-10T02:20:32.553+0000] {logging_mixin.py:190} INFO - [2026-04-10T02:20:32.553+0000] {dagbag.py:588} INFO - Filling up the DagBag from /home/airflow/.local/lib/python3.12/site-packages/airflow/example_dags/example_external_task_marker_dag.py
[2026-04-10T02:20:32.556+0000] {processor.py:925} INFO - DAG(s) 'example_external_task_marker_parent', 'example_external_task_marker_child' retrieved from /home/airflow/.local/lib/python3.12/site-packages/airflow/example_dags/example_external_task_marker_dag.py
[2026-04-10T02:20:32.570+0000] {logging_mixin.py:190} INFO - [2026-04-10T02:20:32.569+0000] {dag.py:3239} INFO - Sync 2 DAGs
[2026-04-10T02:20:32.577+0000] {logging_mixin.py:190} INFO - [2026-04-10T02:20:32.577+0000] {dag.py:4180} INFO - Setting next_dagrun for example_external_task_marker_child to None, run_after=None
[2026-04-10T02:20:32.579+0000] {logging_mixin.py:190} INFO - [2026-04-10T02:20:32.579+0000] {dag.py:4180} INFO - Setting next_dagrun for example_external_task_marker_parent to None, run_after=None
[2026-04-10T02:20:32.589+0000] {processor.py:208} INFO - Processing /home/airflow/.local/lib/python3.12/site-packages/airflow/example_dags/example_external_task_marker_dag.py took 0.039 seconds
[2026-04-10T02:38:21.392+0000] {processor.py:186} INFO - Started process (PID=79643) to work on /home/airflow/.local/lib/python3.12/site-packages/airflow/example_dags/example_external_task_marker_dag.py
[2026-04-10T02:38:21.394+0000] {processor.py:914} INFO - Processing file /home/airflow/.local/lib/python3.12/site-packages/airflow/example_dags/example_external_task_marker_dag.py for tasks to queue
[2026-04-10T02:38:21.395+0000] {logging_mixin.py:190} INFO - [2026-04-10T02:38:21.395+0000] {dagbag.py:588} INFO - Filling up the DagBag from /home/airflow/.local/lib/python3.12/site-packages/airflow/example_dags/example_external_task_marker_dag.py
[2026-04-10T02:38:21.400+0000] {processor.py:925} INFO - DAG(s) 'example_external_task_marker_child', 'example_external_task_marker_parent' retrieved from /home/airflow/.local/lib/python3.12/site-packages/airflow/example_dags/example_external_task_marker_dag.py
[2026-04-10T02:38:21.413+0000] {logging_mixin.py:190} INFO - [2026-04-10T02:38:21.413+0000] {dag.py:3239} INFO - Sync 2 DAGs
[2026-04-10T02:38:21.420+0000] {logging_mixin.py:190} INFO - [2026-04-10T02:38:21.419+0000] {dag.py:4180} INFO - Setting next_dagrun for example_external_task_marker_child to None, run_after=None
[2026-04-10T02:38:21.423+0000] {logging_mixin.py:190} INFO - [2026-04-10T02:38:21.423+0000] {dag.py:4180} INFO - Setting next_dagrun for example_external_task_marker_parent to None, run_after=None
[2026-04-10T02:38:21.432+0000] {processor.py:208} INFO - Processing /home/airflow/.local/lib/python3.12/site-packages/airflow/example_dags/example_external_task_marker_dag.py took 0.042 seconds
[2026-04-10T02:44:08.359+0000] {processor.py:186} INFO - Started process (PID=79707) to work on /home/airflow/.local/lib/python3.12/site-packages/airflow/example_dags/example_external_task_marker_dag.py
[2026-04-10T02:44:08.361+0000] {processor.py:914} INFO - Processing file /home/airflow/.local/lib/python3.12/site-packages/airflow/example_dags/example_external_task_marker_dag.py for tasks to queue
[2026-04-10T02:44:08.361+0000] {logging_mixin.py:190} INFO - [2026-04-10T02:44:08.361+0000] {dagbag.py:588} INFO - Filling up the DagBag from /home/airflow/.local/lib/python3.12/site-packages/airflow/example_dags/example_external_task_marker_dag.py
[2026-04-10T02:44:08.364+0000] {processor.py:925} INFO - DAG(s) 'example_external_task_marker_parent', 'example_external_task_marker_child' retrieved from /home/airflow/.local/lib/python3.12/site-packages/airflow/example_dags/example_external_task_marker_dag.py
[2026-04-10T02:44:08.377+0000] {logging_mixin.py:190} INFO - [2026-04-10T02:44:08.376+0000] {dag.py:3239} INFO - Sync 2 DAGs
[2026-04-10T02:44:08.386+0000] {logging_mixin.py:190} INFO - [2026-04-10T02:44:08.386+0000] {dag.py:4180} INFO - Setting next_dagrun for example_external_task_marker_child to None, run_after=None
[2026-04-10T02:44:08.389+0000] {logging_mixin.py:190} INFO - [2026-04-10T02:44:08.389+0000] {dag.py:4180} INFO - Setting next_dagrun for example_external_task_marker_parent to None, run_after=None
[2026-04-10T02:44:08.396+0000] {processor.py:208} INFO - Processing /home/airflow/.local/lib/python3.12/site-packages/airflow/example_dags/example_external_task_marker_dag.py took 0.039 seconds
[2026-04-10T02:59:39.899+0000] {processor.py:186} INFO - Started process (PID=79771) to work on /home/airflow/.local/lib/python3.12/site-packages/airflow/example_dags/example_external_task_marker_dag.py
[2026-04-10T02:59:39.900+0000] {processor.py:914} INFO - Processing file /home/airflow/.local/lib/python3.12/site-packages/airflow/example_dags/example_external_task_marker_dag.py for tasks to queue
[2026-04-10T02:59:39.900+0000] {logging_mixin.py:190} INFO - [2026-04-10T02:59:39.900+0000] {dagbag.py:588} INFO - Filling up the DagBag from /home/airflow/.local/lib/python3.12/site-packages/airflow/example_dags/example_external_task_marker_dag.py
[2026-04-10T02:59:39.903+0000] {processor.py:925} INFO - DAG(s) 'example_external_task_marker_parent', 'example_external_task_marker_child' retrieved from /home/airflow/.local/lib/python3.12/site-packages/airflow/example_dags/example_external_task_marker_dag.py
[2026-04-10T02:59:39.912+0000] {logging_mixin.py:190} INFO - [2026-04-10T02:59:39.912+0000] {dag.py:3239} INFO - Sync 2 DAGs
[2026-04-10T02:59:39.918+0000] {logging_mixin.py:190} INFO - [2026-04-10T02:59:39.918+0000] {dag.py:4180} INFO - Setting next_dagrun for example_external_task_marker_child to None, run_after=None
[2026-04-10T02:59:39.919+0000] {logging_mixin.py:190} INFO - [2026-04-10T02:59:39.919+0000] {dag.py:4180} INFO - Setting next_dagrun for example_external_task_marker_parent to None, run_after=None
[2026-04-10T02:59:39.924+0000] {processor.py:208} INFO - Processing /home/airflow/.local/lib/python3.12/site-packages/airflow/example_dags/example_external_task_marker_dag.py took 0.027 seconds
[2026-04-10T03:00:10.235+0000] {processor.py:186} INFO - Started process (PID=79835) to work on /home/airflow/.local/lib/python3.12/site-packages/airflow/example_dags/example_external_task_marker_dag.py
[2026-04-10T03:00:10.235+0000] {processor.py:914} INFO - Processing file /home/airflow/.local/lib/python3.12/site-packages/airflow/example_dags/example_external_task_marker_dag.py for tasks to queue
[2026-04-10T03:00:10.236+0000] {logging_mixin.py:190} INFO - [2026-04-10T03:00:10.236+0000] {dagbag.py:588} INFO - Filling up the DagBag from /home/airflow/.local/lib/python3.12/site-packages/airflow/example_dags/example_external_task_marker_dag.py
[2026-04-10T03:00:10.239+0000] {processor.py:925} INFO - DAG(s) 'example_external_task_marker_child', 'example_external_task_marker_parent' retrieved from /home/airflow/.local/lib/python3.12/site-packages/airflow/example_dags/example_external_task_marker_dag.py
[2026-04-10T03:00:10.249+0000] {logging_mixin.py:190} INFO - [2026-04-10T03:00:10.249+0000] {dag.py:3239} INFO - Sync 2 DAGs
[2026-04-10T03:00:10.257+0000] {logging_mixin.py:190} INFO - [2026-04-10T03:00:10.257+0000] {dag.py:4180} INFO - Setting next_dagrun for example_external_task_marker_child to None, run_after=None
[2026-04-10T03:00:10.259+0000] {logging_mixin.py:190} INFO - [2026-04-10T03:00:10.259+0000] {dag.py:4180} INFO - Setting next_dagrun for example_external_task_marker_parent to None, run_after=None
[2026-04-10T03:00:10.268+0000] {processor.py:208} INFO - Processing /home/airflow/.local/lib/python3.12/site-packages/airflow/example_dags/example_external_task_marker_dag.py took 0.035 seconds
[2026-04-10T03:15:41.012+0000] {processor.py:186} INFO - Started process (PID=79899) to work on /home/airflow/.local/lib/python3.12/site-packages/airflow/example_dags/example_external_task_marker_dag.py
[2026-04-10T03:15:41.012+0000] {processor.py:914} INFO - Processing file /home/airflow/.local/lib/python3.12/site-packages/airflow/example_dags/example_external_task_marker_dag.py for tasks to queue
[2026-04-10T03:15:41.013+0000] {logging_mixin.py:190} INFO - [2026-04-10T03:15:41.013+0000] {dagbag.py:588} INFO - Filling up the DagBag from /home/airflow/.local/lib/python3.12/site-packages/airflow/example_dags/example_external_task_marker_dag.py
[2026-04-10T03:15:41.016+0000] {processor.py:925} INFO - DAG(s) 'example_external_task_marker_parent', 'example_external_task_marker_child' retrieved from /home/airflow/.local/lib/python3.12/site-packages/airflow/example_dags/example_external_task_marker_dag.py
[2026-04-10T03:15:41.027+0000] {logging_mixin.py:190} INFO - [2026-04-10T03:15:41.027+0000] {dag.py:3239} INFO - Sync 2 DAGs
[2026-04-10T03:15:41.034+0000] {logging_mixin.py:190} INFO - [2026-04-10T03:15:41.034+0000] {dag.py:4180} INFO - Setting next_dagrun for example_external_task_marker_child to None, run_after=None
[2026-04-10T03:15:41.036+0000] {logging_mixin.py:190} INFO - [2026-04-10T03:15:41.036+0000] {dag.py:4180} INFO - Setting next_dagrun for example_external_task_marker_parent to None, run_after=None
[2026-04-10T03:15:41.047+0000] {processor.py:208} INFO - Processing /home/airflow/.local/lib/python3.12/site-packages/airflow/example_dags/example_external_task_marker_dag.py took 0.037 seconds
[2026-04-10T03:23:20.164+0000] {processor.py:186} INFO - Started process (PID=79963) to work on /home/airflow/.local/lib/python3.12/site-packages/airflow/example_dags/example_external_task_marker_dag.py
[2026-04-10T03:23:20.166+0000] {processor.py:914} INFO - Processing file /home/airflow/.local/lib/python3.12/site-packages/airflow/example_dags/example_external_task_marker_dag.py for tasks to queue
[2026-04-10T03:23:20.166+0000] {logging_mixin.py:190} INFO - [2026-04-10T03:23:20.166+0000] {dagbag.py:588} INFO - Filling up the DagBag from /home/airflow/.local/lib/python3.12/site-packages/airflow/example_dags/example_external_task_marker_dag.py
[2026-04-10T03:23:20.172+0000] {processor.py:925} INFO - DAG(s) 'example_external_task_marker_child', 'example_external_task_marker_parent' retrieved from /home/airflow/.local/lib/python3.12/site-packages/airflow/example_dags/example_external_task_marker_dag.py
[2026-04-10T03:23:20.189+0000] {logging_mixin.py:190} INFO - [2026-04-10T03:23:20.188+0000] {dag.py:3239} INFO - Sync 2 DAGs
[2026-04-10T03:23:20.196+0000] {logging_mixin.py:190} INFO - [2026-04-10T03:23:20.196+0000] {dag.py:4180} INFO - Setting next_dagrun for example_external_task_marker_child to None, run_after=None
[2026-04-10T03:23:20.198+0000] {logging_mixin.py:190} INFO - [2026-04-10T03:23:20.198+0000] {dag.py:4180} INFO - Setting next_dagrun for example_external_task_marker_parent to None, run_after=None
[2026-04-10T03:23:20.207+0000] {processor.py:208} INFO - Processing /home/airflow/.local/lib/python3.12/site-packages/airflow/example_dags/example_external_task_marker_dag.py took 0.047 seconds
[2026-04-10T03:23:51.038+0000] {processor.py:186} INFO - Started process (PID=80027) to work on /home/airflow/.local/lib/python3.12/site-packages/airflow/example_dags/example_external_task_marker_dag.py
[2026-04-10T03:23:51.039+0000] {processor.py:914} INFO - Processing file /home/airflow/.local/lib/python3.12/site-packages/airflow/example_dags/example_external_task_marker_dag.py for tasks to queue
[2026-04-10T03:23:51.041+0000] {logging_mixin.py:190} INFO - [2026-04-10T03:23:51.041+0000] {dagbag.py:588} INFO - Filling up the DagBag from /home/airflow/.local/lib/python3.12/site-packages/airflow/example_dags/example_external_task_marker_dag.py
[2026-04-10T03:23:51.044+0000] {processor.py:925} INFO - DAG(s) 'example_external_task_marker_child', 'example_external_task_marker_parent' retrieved from /home/airflow/.local/lib/python3.12/site-packages/airflow/example_dags/example_external_task_marker_dag.py
[2026-04-10T03:23:51.058+0000] {logging_mixin.py:190} INFO - [2026-04-10T03:23:51.058+0000] {dag.py:3239} INFO - Sync 2 DAGs
[2026-04-10T03:23:51.065+0000] {logging_mixin.py:190} INFO - [2026-04-10T03:23:51.065+0000] {dag.py:4180} INFO - Setting next_dagrun for example_external_task_marker_child to None, run_after=None
[2026-04-10T03:23:51.067+0000] {logging_mixin.py:190} INFO - [2026-04-10T03:23:51.067+0000] {dag.py:4180} INFO - Setting next_dagrun for example_external_task_marker_parent to None, run_after=None
[2026-04-10T03:23:51.073+0000] {processor.py:208} INFO - Processing /home/airflow/.local/lib/python3.12/site-packages/airflow/example_dags/example_external_task_marker_dag.py took 0.037 seconds
[2026-04-10T03:24:21.719+0000] {processor.py:186} INFO - Started process (PID=80091) to work on /home/airflow/.local/lib/python3.12/site-packages/airflow/example_dags/example_external_task_marker_dag.py
[2026-04-10T03:24:21.719+0000] {processor.py:914} INFO - Processing file /home/airflow/.local/lib/python3.12/site-packages/airflow/example_dags/example_external_task_marker_dag.py for tasks to queue
[2026-04-10T03:24:21.720+0000] {logging_mixin.py:190} INFO - [2026-04-10T03:24:21.720+0000] {dagbag.py:588} INFO - Filling up the DagBag from /home/airflow/.local/lib/python3.12/site-packages/airflow/example_dags/example_external_task_marker_dag.py
[2026-04-10T03:24:21.723+0000] {processor.py:925} INFO - DAG(s) 'example_external_task_marker_parent', 'example_external_task_marker_child' retrieved from /home/airflow/.local/lib/python3.12/site-packages/airflow/example_dags/example_external_task_marker_dag.py
[2026-04-10T03:24:21.733+0000] {logging_mixin.py:190} INFO - [2026-04-10T03:24:21.733+0000] {dag.py:3239} INFO - Sync 2 DAGs
[2026-04-10T03:24:21.739+0000] {logging_mixin.py:190} INFO - [2026-04-10T03:24:21.739+0000] {dag.py:4180} INFO - Setting next_dagrun for example_external_task_marker_child to None, run_after=None
[2026-04-10T03:24:21.740+0000] {logging_mixin.py:190} INFO - [2026-04-10T03:24:21.740+0000] {dag.py:4180} INFO - Setting next_dagrun for example_external_task_marker_parent to None, run_after=None
[2026-04-10T03:24:21.749+0000] {processor.py:208} INFO - Processing /home/airflow/.local/lib/python3.12/site-packages/airflow/example_dags/example_external_task_marker_dag.py took 0.032 seconds
[2026-04-10T03:24:52.076+0000] {processor.py:186} INFO - Started process (PID=80155) to work on /home/airflow/.local/lib/python3.12/site-packages/airflow/example_dags/example_external_task_marker_dag.py
[2026-04-10T03:24:52.077+0000] {processor.py:914} INFO - Processing file /home/airflow/.local/lib/python3.12/site-packages/airflow/example_dags/example_external_task_marker_dag.py for tasks to queue
[2026-04-10T03:24:52.078+0000] {logging_mixin.py:190} INFO - [2026-04-10T03:24:52.077+0000] {dagbag.py:588} INFO - Filling up the DagBag from /home/airflow/.local/lib/python3.12/site-packages/airflow/example_dags/example_external_task_marker_dag.py
[2026-04-10T03:24:52.082+0000] {processor.py:925} INFO - DAG(s) 'example_external_task_marker_child', 'example_external_task_marker_parent' retrieved from /home/airflow/.local/lib/python3.12/site-packages/airflow/example_dags/example_external_task_marker_dag.py
[2026-04-10T03:24:52.093+0000] {logging_mixin.py:190} INFO - [2026-04-10T03:24:52.093+0000] {dag.py:3239} INFO - Sync 2 DAGs
[2026-04-10T03:24:52.098+0000] {logging_mixin.py:190} INFO - [2026-04-10T03:24:52.098+0000] {dag.py:4180} INFO - Setting next_dagrun for example_external_task_marker_child to None, run_after=None
[2026-04-10T03:24:52.100+0000] {logging_mixin.py:190} INFO - [2026-04-10T03:24:52.100+0000] {dag.py:4180} INFO - Setting next_dagrun for example_external_task_marker_parent to None, run_after=None
[2026-04-10T03:24:52.105+0000] {processor.py:208} INFO - Processing /home/airflow/.local/lib/python3.12/site-packages/airflow/example_dags/example_external_task_marker_dag.py took 0.031 seconds
[2026-04-10T03:25:22.557+0000] {processor.py:186} INFO - Started process (PID=80219) to work on /home/airflow/.local/lib/python3.12/site-packages/airflow/example_dags/example_external_task_marker_dag.py
[2026-04-10T03:25:22.558+0000] {processor.py:914} INFO - Processing file /home/airflow/.local/lib/python3.12/site-packages/airflow/example_dags/example_external_task_marker_dag.py for tasks to queue
[2026-04-10T03:25:22.558+0000] {logging_mixin.py:190} INFO - [2026-04-10T03:25:22.558+0000] {dagbag.py:588} INFO - Filling up the DagBag from /home/airflow/.local/lib/python3.12/site-packages/airflow/example_dags/example_external_task_marker_dag.py
[2026-04-10T03:25:22.561+0000] {processor.py:925} INFO - DAG(s) 'example_external_task_marker_parent', 'example_external_task_marker_child' retrieved from /home/airflow/.local/lib/python3.12/site-packages/airflow/example_dags/example_external_task_marker_dag.py
[2026-04-10T03:25:22.569+0000] {logging_mixin.py:190} INFO - [2026-04-10T03:25:22.569+0000] {dag.py:3239} INFO - Sync 2 DAGs
[2026-04-10T03:25:22.574+0000] {logging_mixin.py:190} INFO - [2026-04-10T03:25:22.573+0000] {dag.py:4180} INFO - Setting next_dagrun for example_external_task_marker_child to None, run_after=None
[2026-04-10T03:25:22.575+0000] {logging_mixin.py:190} INFO - [2026-04-10T03:25:22.575+0000] {dag.py:4180} INFO - Setting next_dagrun for example_external_task_marker_parent to None, run_after=None
[2026-04-10T03:25:22.579+0000] {processor.py:208} INFO - Processing /home/airflow/.local/lib/python3.12/site-packages/airflow/example_dags/example_external_task_marker_dag.py took 0.024 seconds
[2026-04-10T03:25:52.863+0000] {processor.py:186} INFO - Started process (PID=80283) to work on /home/airflow/.local/lib/python3.12/site-packages/airflow/example_dags/example_external_task_marker_dag.py
[2026-04-10T03:25:52.864+0000] {processor.py:914} INFO - Processing file /home/airflow/.local/lib/python3.12/site-packages/airflow/example_dags/example_external_task_marker_dag.py for tasks to queue
[2026-04-10T03:25:52.864+0000] {logging_mixin.py:190} INFO - [2026-04-10T03:25:52.864+0000] {dagbag.py:588} INFO - Filling up the DagBag from /home/airflow/.local/lib/python3.12/site-packages/airflow/example_dags/example_external_task_marker_dag.py
[2026-04-10T03:25:52.868+0000] {processor.py:925} INFO - DAG(s) 'example_external_task_marker_parent', 'example_external_task_marker_child' retrieved from /home/airflow/.local/lib/python3.12/site-packages/airflow/example_dags/example_external_task_marker_dag.py
[2026-04-10T03:25:52.877+0000] {logging_mixin.py:190} INFO - [2026-04-10T03:25:52.877+0000] {dag.py:3239} INFO - Sync 2 DAGs
[2026-04-10T03:25:52.883+0000] {logging_mixin.py:190} INFO - [2026-04-10T03:25:52.883+0000] {dag.py:4180} INFO - Setting next_dagrun for example_external_task_marker_child to None, run_after=None
[2026-04-10T03:25:52.885+0000] {logging_mixin.py:190} INFO - [2026-04-10T03:25:52.885+0000] {dag.py:4180} INFO - Setting next_dagrun for example_external_task_marker_parent to None, run_after=None
[2026-04-10T03:25:52.891+0000] {processor.py:208} INFO - Processing /home/airflow/.local/lib/python3.12/site-packages/airflow/example_dags/example_external_task_marker_dag.py took 0.030 seconds
[2026-04-10T03:26:23.191+0000] {processor.py:186} INFO - Started process (PID=80347) to work on /home/airflow/.local/lib/python3.12/site-packages/airflow/example_dags/example_external_task_marker_dag.py
[2026-04-10T03:26:23.191+0000] {processor.py:914} INFO - Processing file /home/airflow/.local/lib/python3.12/site-packages/airflow/example_dags/example_external_task_marker_dag.py for tasks to queue
[2026-04-10T03:26:23.191+0000] {logging_mixin.py:190} INFO - [2026-04-10T03:26:23.191+0000] {dagbag.py:588} INFO - Filling up the DagBag from /home/airflow/.local/lib/python3.12/site-packages/airflow/example_dags/example_external_task_marker_dag.py
[2026-04-10T03:26:23.195+0000] {processor.py:925} INFO - DAG(s) 'example_external_task_marker_child', 'example_external_task_marker_parent' retrieved from /home/airflow/.local/lib/python3.12/site-packages/airflow/example_dags/example_external_task_marker_dag.py
[2026-04-10T03:26:23.204+0000] {logging_mixin.py:190} INFO - [2026-04-10T03:26:23.204+0000] {dag.py:3239} INFO - Sync 2 DAGs
[2026-04-10T03:26:23.209+0000] {logging_mixin.py:190} INFO - [2026-04-10T03:26:23.209+0000] {dag.py:4180} INFO - Setting next_dagrun for example_external_task_marker_child to None, run_after=None
[2026-04-10T03:26:23.210+0000] {logging_mixin.py:190} INFO - [2026-04-10T03:26:23.210+0000] {dag.py:4180} INFO - Setting next_dagrun for example_external_task_marker_parent to None, run_after=None
[2026-04-10T03:26:23.215+0000] {processor.py:208} INFO - Processing /home/airflow/.local/lib/python3.12/site-packages/airflow/example_dags/example_external_task_marker_dag.py took 0.027 seconds
[2026-04-10T03:26:53.352+0000] {processor.py:186} INFO - Started process (PID=80410) to work on /home/airflow/.local/lib/python3.12/site-packages/airflow/example_dags/example_external_task_marker_dag.py
[2026-04-10T03:26:53.352+0000] {processor.py:914} INFO - Processing file /home/airflow/.local/lib/python3.12/site-packages/airflow/example_dags/example_external_task_marker_dag.py for tasks to queue
[2026-04-10T03:26:53.353+0000] {logging_mixin.py:190} INFO - [2026-04-10T03:26:53.353+0000] {dagbag.py:588} INFO - Filling up the DagBag from /home/airflow/.local/lib/python3.12/site-packages/airflow/example_dags/example_external_task_marker_dag.py
[2026-04-10T03:26:53.357+0000] {processor.py:925} INFO - DAG(s) 'example_external_task_marker_child', 'example_external_task_marker_parent' retrieved from /home/airflow/.local/lib/python3.12/site-packages/airflow/example_dags/example_external_task_marker_dag.py
[2026-04-10T03:26:53.366+0000] {logging_mixin.py:190} INFO - [2026-04-10T03:26:53.366+0000] {dag.py:3239} INFO - Sync 2 DAGs
[2026-04-10T03:26:53.372+0000] {logging_mixin.py:190} INFO - [2026-04-10T03:26:53.372+0000] {dag.py:4180} INFO - Setting next_dagrun for example_external_task_marker_child to None, run_after=None
[2026-04-10T03:26:53.373+0000] {logging_mixin.py:190} INFO - [2026-04-10T03:26:53.373+0000] {dag.py:4180} INFO - Setting next_dagrun for example_external_task_marker_parent to None, run_after=None
[2026-04-10T03:26:53.379+0000] {processor.py:208} INFO - Processing /home/airflow/.local/lib/python3.12/site-packages/airflow/example_dags/example_external_task_marker_dag.py took 0.029 seconds
[2026-04-10T03:27:24.021+0000] {processor.py:186} INFO - Started process (PID=80474) to work on /home/airflow/.local/lib/python3.12/site-packages/airflow/example_dags/example_external_task_marker_dag.py
[2026-04-10T03:27:24.022+0000] {processor.py:914} INFO - Processing file /home/airflow/.local/lib/python3.12/site-packages/airflow/example_dags/example_external_task_marker_dag.py for tasks to queue
[2026-04-10T03:27:24.022+0000] {logging_mixin.py:190} INFO - [2026-04-10T03:27:24.022+0000] {dagbag.py:588} INFO - Filling up the DagBag from /home/airflow/.local/lib/python3.12/site-packages/airflow/example_dags/example_external_task_marker_dag.py
[2026-04-10T03:27:24.026+0000] {processor.py:925} INFO - DAG(s) 'example_external_task_marker_child', 'example_external_task_marker_parent' retrieved from /home/airflow/.local/lib/python3.12/site-packages/airflow/example_dags/example_external_task_marker_dag.py
[2026-04-10T03:27:24.036+0000] {logging_mixin.py:190} INFO - [2026-04-10T03:27:24.036+0000] {dag.py:3239} INFO - Sync 2 DAGs
[2026-04-10T03:27:24.042+0000] {logging_mixin.py:190} INFO - [2026-04-10T03:27:24.042+0000] {dag.py:4180} INFO - Setting next_dagrun for example_external_task_marker_child to None, run_after=None
[2026-04-10T03:27:24.044+0000] {logging_mixin.py:190} INFO - [2026-04-10T03:27:24.044+0000] {dag.py:4180} INFO - Setting next_dagrun for example_external_task_marker_parent to None, run_after=None
[2026-04-10T03:27:24.052+0000] {processor.py:208} INFO - Processing /home/airflow/.local/lib/python3.12/site-packages/airflow/example_dags/example_external_task_marker_dag.py took 0.034 seconds
[2026-04-10T03:27:54.210+0000] {processor.py:186} INFO - Started process (PID=80538) to work on /home/airflow/.local/lib/python3.12/site-packages/airflow/example_dags/example_external_task_marker_dag.py
[2026-04-10T03:27:54.210+0000] {processor.py:914} INFO - Processing file /home/airflow/.local/lib/python3.12/site-packages/airflow/example_dags/example_external_task_marker_dag.py for tasks to queue
[2026-04-10T03:27:54.211+0000] {logging_mixin.py:190} INFO - [2026-04-10T03:27:54.211+0000] {dagbag.py:588} INFO - Filling up the DagBag from /home/airflow/.local/lib/python3.12/site-packages/airflow/example_dags/example_external_task_marker_dag.py
[2026-04-10T03:27:54.216+0000] {processor.py:925} INFO - DAG(s) 'example_external_task_marker_parent', 'example_external_task_marker_child' retrieved from /home/airflow/.local/lib/python3.12/site-packages/airflow/example_dags/example_external_task_marker_dag.py
[2026-04-10T03:27:54.226+0000] {logging_mixin.py:190} INFO - [2026-04-10T03:27:54.226+0000] {dag.py:3239} INFO - Sync 2 DAGs
[2026-04-10T03:27:54.232+0000] {logging_mixin.py:190} INFO - [2026-04-10T03:27:54.232+0000] {dag.py:4180} INFO - Setting next_dagrun for example_external_task_marker_child to None, run_after=None
[2026-04-10T03:27:54.234+0000] {logging_mixin.py:190} INFO - [2026-04-10T03:27:54.234+0000] {dag.py:4180} INFO - Setting next_dagrun for example_external_task_marker_parent to None, run_after=None
[2026-04-10T03:27:54.239+0000] {processor.py:208} INFO - Processing /home/airflow/.local/lib/python3.12/site-packages/airflow/example_dags/example_external_task_marker_dag.py took 0.033 seconds
[2026-04-10T03:28:25.038+0000] {processor.py:186} INFO - Started process (PID=80602) to work on /home/airflow/.local/lib/python3.12/site-packages/airflow/example_dags/example_external_task_marker_dag.py
[2026-04-10T03:28:25.039+0000] {processor.py:914} INFO - Processing file /home/airflow/.local/lib/python3.12/site-packages/airflow/example_dags/example_external_task_marker_dag.py for tasks to queue
[2026-04-10T03:28:25.039+0000] {logging_mixin.py:190} INFO - [2026-04-10T03:28:25.039+0000] {dagbag.py:588} INFO - Filling up the DagBag from /home/airflow/.local/lib/python3.12/site-packages/airflow/example_dags/example_external_task_marker_dag.py
[2026-04-10T03:28:25.043+0000] {processor.py:925} INFO - DAG(s) 'example_external_task_marker_parent', 'example_external_task_marker_child' retrieved from /home/airflow/.local/lib/python3.12/site-packages/airflow/example_dags/example_external_task_marker_dag.py
[2026-04-10T03:28:25.051+0000] {logging_mixin.py:190} INFO - [2026-04-10T03:28:25.051+0000] {dag.py:3239} INFO - Sync 2 DAGs
[2026-04-10T03:28:25.057+0000] {logging_mixin.py:190} INFO - [2026-04-10T03:28:25.057+0000] {dag.py:4180} INFO - Setting next_dagrun for example_external_task_marker_child to None, run_after=None
[2026-04-10T03:28:25.058+0000] {logging_mixin.py:190} INFO - [2026-04-10T03:28:25.058+0000] {dag.py:4180} INFO - Setting next_dagrun for example_external_task_marker_parent to None, run_after=None
[2026-04-10T03:28:25.063+0000] {processor.py:208} INFO - Processing /home/airflow/.local/lib/python3.12/site-packages/airflow/example_dags/example_external_task_marker_dag.py took 0.028 seconds
[2026-04-10T03:28:55.264+0000] {processor.py:186} INFO - Started process (PID=80666) to work on /home/airflow/.local/lib/python3.12/site-packages/airflow/example_dags/example_external_task_marker_dag.py
[2026-04-10T03:28:55.265+0000] {processor.py:914} INFO - Processing file /home/airflow/.local/lib/python3.12/site-packages/airflow/example_dags/example_external_task_marker_dag.py for tasks to queue
[2026-04-10T03:28:55.265+0000] {logging_mixin.py:190} INFO - [2026-04-10T03:28:55.265+0000] {dagbag.py:588} INFO - Filling up the DagBag from /home/airflow/.local/lib/python3.12/site-packages/airflow/example_dags/example_external_task_marker_dag.py
[2026-04-10T03:28:55.270+0000] {processor.py:925} INFO - DAG(s) 'example_external_task_marker_parent', 'example_external_task_marker_child' retrieved from /home/airflow/.local/lib/python3.12/site-packages/airflow/example_dags/example_external_task_marker_dag.py
[2026-04-10T03:28:55.282+0000] {logging_mixin.py:190} INFO - [2026-04-10T03:28:55.282+0000] {dag.py:3239} INFO - Sync 2 DAGs
[2026-04-10T03:28:55.291+0000] {logging_mixin.py:190} INFO - [2026-04-10T03:28:55.291+0000] {dag.py:4180} INFO - Setting next_dagrun for example_external_task_marker_child to None, run_after=None
[2026-04-10T03:28:55.292+0000] {logging_mixin.py:190} INFO - [2026-04-10T03:28:55.292+0000] {dag.py:4180} INFO - Setting next_dagrun for example_external_task_marker_parent to None, run_after=None
[2026-04-10T03:28:55.298+0000] {processor.py:208} INFO - Processing /home/airflow/.local/lib/python3.12/site-packages/airflow/example_dags/example_external_task_marker_dag.py took 0.037 seconds
[2026-04-10T03:29:25.553+0000] {processor.py:186} INFO - Started process (PID=80729) to work on /home/airflow/.local/lib/python3.12/site-packages/airflow/example_dags/example_external_task_marker_dag.py
[2026-04-10T03:29:25.556+0000] {processor.py:914} INFO - Processing file /home/airflow/.local/lib/python3.12/site-packages/airflow/example_dags/example_external_task_marker_dag.py for tasks to queue
[2026-04-10T03:29:25.556+0000] {logging_mixin.py:190} INFO - [2026-04-10T03:29:25.556+0000] {dagbag.py:588} INFO - Filling up the DagBag from /home/airflow/.local/lib/python3.12/site-packages/airflow/example_dags/example_external_task_marker_dag.py
[2026-04-10T03:29:25.560+0000] {processor.py:925} INFO - DAG(s) 'example_external_task_marker_child', 'example_external_task_marker_parent' retrieved from /home/airflow/.local/lib/python3.12/site-packages/airflow/example_dags/example_external_task_marker_dag.py
[2026-04-10T03:29:25.568+0000] {logging_mixin.py:190} INFO - [2026-04-10T03:29:25.568+0000] {dag.py:3239} INFO - Sync 2 DAGs
[2026-04-10T03:29:25.575+0000] {logging_mixin.py:190} INFO - [2026-04-10T03:29:25.575+0000] {dag.py:4180} INFO - Setting next_dagrun for example_external_task_marker_child to None, run_after=None
[2026-04-10T03:29:25.577+0000] {logging_mixin.py:190} INFO - [2026-04-10T03:29:25.577+0000] {dag.py:4180} INFO - Setting next_dagrun for example_external_task_marker_parent to None, run_after=None
[2026-04-10T03:29:25.585+0000] {processor.py:208} INFO - Processing /home/airflow/.local/lib/python3.12/site-packages/airflow/example_dags/example_external_task_marker_dag.py took 0.033 seconds
[2026-04-10T03:29:56.181+0000] {processor.py:186} INFO - Started process (PID=80792) to work on /home/airflow/.local/lib/python3.12/site-packages/airflow/example_dags/example_external_task_marker_dag.py
[2026-04-10T03:29:56.182+0000] {processor.py:914} INFO - Processing file /home/airflow/.local/lib/python3.12/site-packages/airflow/example_dags/example_external_task_marker_dag.py for tasks to queue
[2026-04-10T03:29:56.182+0000] {logging_mixin.py:190} INFO - [2026-04-10T03:29:56.182+0000] {dagbag.py:588} INFO - Filling up the DagBag from /home/airflow/.local/lib/python3.12/site-packages/airflow/example_dags/example_external_task_marker_dag.py
[2026-04-10T03:29:56.186+0000] {processor.py:925} INFO - DAG(s) 'example_external_task_marker_parent', 'example_external_task_marker_child' retrieved from /home/airflow/.local/lib/python3.12/site-packages/airflow/example_dags/example_external_task_marker_dag.py
[2026-04-10T03:29:56.196+0000] {logging_mixin.py:190} INFO - [2026-04-10T03:29:56.196+0000] {dag.py:3239} INFO - Sync 2 DAGs
[2026-04-10T03:29:56.201+0000] {logging_mixin.py:190} INFO - [2026-04-10T03:29:56.201+0000] {dag.py:4180} INFO - Setting next_dagrun for example_external_task_marker_child to None, run_after=None
[2026-04-10T03:29:56.203+0000] {logging_mixin.py:190} INFO - [2026-04-10T03:29:56.203+0000] {dag.py:4180} INFO - Setting next_dagrun for example_external_task_marker_parent to None, run_after=None
[2026-04-10T03:29:56.208+0000] {processor.py:208} INFO - Processing /home/airflow/.local/lib/python3.12/site-packages/airflow/example_dags/example_external_task_marker_dag.py took 0.031 seconds
[2026-04-10T03:30:26.599+0000] {processor.py:186} INFO - Started process (PID=80856) to work on /home/airflow/.local/lib/python3.12/site-packages/airflow/example_dags/example_external_task_marker_dag.py
[2026-04-10T03:30:26.600+0000] {processor.py:914} INFO - Processing file /home/airflow/.local/lib/python3.12/site-packages/airflow/example_dags/example_external_task_marker_dag.py for tasks to queue
[2026-04-10T03:30:26.600+0000] {logging_mixin.py:190} INFO - [2026-04-10T03:30:26.600+0000] {dagbag.py:588} INFO - Filling up the DagBag from /home/airflow/.local/lib/python3.12/site-packages/airflow/example_dags/example_external_task_marker_dag.py
[2026-04-10T03:30:26.604+0000] {processor.py:925} INFO - DAG(s) 'example_external_task_marker_parent', 'example_external_task_marker_child' retrieved from /home/airflow/.local/lib/python3.12/site-packages/airflow/example_dags/example_external_task_marker_dag.py
[2026-04-10T03:30:26.617+0000] {logging_mixin.py:190} INFO - [2026-04-10T03:30:26.617+0000] {dag.py:3239} INFO - Sync 2 DAGs
[2026-04-10T03:30:26.624+0000] {logging_mixin.py:190} INFO - [2026-04-10T03:30:26.624+0000] {dag.py:4180} INFO - Setting next_dagrun for example_external_task_marker_child to None, run_after=None
[2026-04-10T03:30:26.627+0000] {logging_mixin.py:190} INFO - [2026-04-10T03:30:26.627+0000] {dag.py:4180} INFO - Setting next_dagrun for example_external_task_marker_parent to None, run_after=None
[2026-04-10T03:30:26.634+0000] {processor.py:208} INFO - Processing /home/airflow/.local/lib/python3.12/site-packages/airflow/example_dags/example_external_task_marker_dag.py took 0.038 seconds
[2026-04-10T03:30:56.923+0000] {processor.py:186} INFO - Started process (PID=80920) to work on /home/airflow/.local/lib/python3.12/site-packages/airflow/example_dags/example_external_task_marker_dag.py
[2026-04-10T03:30:56.924+0000] {processor.py:914} INFO - Processing file /home/airflow/.local/lib/python3.12/site-packages/airflow/example_dags/example_external_task_marker_dag.py for tasks to queue
[2026-04-10T03:30:56.925+0000] {logging_mixin.py:190} INFO - [2026-04-10T03:30:56.925+0000] {dagbag.py:588} INFO - Filling up the DagBag from /home/airflow/.local/lib/python3.12/site-packages/airflow/example_dags/example_external_task_marker_dag.py
[2026-04-10T03:30:56.929+0000] {processor.py:925} INFO - DAG(s) 'example_external_task_marker_parent', 'example_external_task_marker_child' retrieved from /home/airflow/.local/lib/python3.12/site-packages/airflow/example_dags/example_external_task_marker_dag.py
[2026-04-10T03:30:56.940+0000] {logging_mixin.py:190} INFO - [2026-04-10T03:30:56.940+0000] {dag.py:3239} INFO - Sync 2 DAGs
[2026-04-10T03:30:56.948+0000] {logging_mixin.py:190} INFO - [2026-04-10T03:30:56.948+0000] {dag.py:4180} INFO - Setting next_dagrun for example_external_task_marker_child to None, run_after=None
[2026-04-10T03:30:56.952+0000] {logging_mixin.py:190} INFO - [2026-04-10T03:30:56.952+0000] {dag.py:4180} INFO - Setting next_dagrun for example_external_task_marker_parent to None, run_after=None
[2026-04-10T03:30:56.962+0000] {processor.py:208} INFO - Processing /home/airflow/.local/lib/python3.12/site-packages/airflow/example_dags/example_external_task_marker_dag.py took 0.042 seconds
