[2026-04-10T00:07:14.081+0000] {processor.py:186} INFO - Started process (PID=78543) to work on /home/airflow/.local/lib/python3.12/site-packages/airflow/example_dags/example_kubernetes_executor.py
[2026-04-10T00:07:14.082+0000] {processor.py:914} INFO - Processing file /home/airflow/.local/lib/python3.12/site-packages/airflow/example_dags/example_kubernetes_executor.py for tasks to queue
[2026-04-10T00:07:14.083+0000] {logging_mixin.py:190} INFO - [2026-04-10T00:07:14.083+0000] {dagbag.py:588} INFO - Filling up the DagBag from /home/airflow/.local/lib/python3.12/site-packages/airflow/example_dags/example_kubernetes_executor.py
[2026-04-10T00:07:14.090+0000] {processor.py:925} INFO - DAG(s) 'example_kubernetes_executor' retrieved from /home/airflow/.local/lib/python3.12/site-packages/airflow/example_dags/example_kubernetes_executor.py
[2026-04-10T00:07:14.102+0000] {logging_mixin.py:190} INFO - [2026-04-10T00:07:14.102+0000] {dag.py:3239} INFO - Sync 1 DAGs
[2026-04-10T00:07:14.111+0000] {logging_mixin.py:190} INFO - [2026-04-10T00:07:14.111+0000] {dag.py:4180} INFO - Setting next_dagrun for example_kubernetes_executor to None, run_after=None
[2026-04-10T00:07:14.120+0000] {processor.py:208} INFO - Processing /home/airflow/.local/lib/python3.12/site-packages/airflow/example_dags/example_kubernetes_executor.py took 0.046 seconds
[2026-04-10T00:22:47.247+0000] {processor.py:186} INFO - Started process (PID=78607) to work on /home/airflow/.local/lib/python3.12/site-packages/airflow/example_dags/example_kubernetes_executor.py
[2026-04-10T00:22:47.247+0000] {processor.py:914} INFO - Processing file /home/airflow/.local/lib/python3.12/site-packages/airflow/example_dags/example_kubernetes_executor.py for tasks to queue
[2026-04-10T00:22:47.248+0000] {logging_mixin.py:190} INFO - [2026-04-10T00:22:47.248+0000] {dagbag.py:588} INFO - Filling up the DagBag from /home/airflow/.local/lib/python3.12/site-packages/airflow/example_dags/example_kubernetes_executor.py
[2026-04-10T00:22:47.258+0000] {processor.py:925} INFO - DAG(s) 'example_kubernetes_executor' retrieved from /home/airflow/.local/lib/python3.12/site-packages/airflow/example_dags/example_kubernetes_executor.py
[2026-04-10T00:22:47.276+0000] {logging_mixin.py:190} INFO - [2026-04-10T00:22:47.275+0000] {dag.py:3239} INFO - Sync 1 DAGs
[2026-04-10T00:22:47.282+0000] {logging_mixin.py:190} INFO - [2026-04-10T00:22:47.282+0000] {dag.py:4180} INFO - Setting next_dagrun for example_kubernetes_executor to None, run_after=None
[2026-04-10T00:22:47.292+0000] {processor.py:208} INFO - Processing /home/airflow/.local/lib/python3.12/site-packages/airflow/example_dags/example_kubernetes_executor.py took 0.048 seconds
[2026-04-10T00:23:17.851+0000] {processor.py:186} INFO - Started process (PID=78671) to work on /home/airflow/.local/lib/python3.12/site-packages/airflow/example_dags/example_kubernetes_executor.py
[2026-04-10T00:23:17.851+0000] {processor.py:914} INFO - Processing file /home/airflow/.local/lib/python3.12/site-packages/airflow/example_dags/example_kubernetes_executor.py for tasks to queue
[2026-04-10T00:23:17.852+0000] {logging_mixin.py:190} INFO - [2026-04-10T00:23:17.852+0000] {dagbag.py:588} INFO - Filling up the DagBag from /home/airflow/.local/lib/python3.12/site-packages/airflow/example_dags/example_kubernetes_executor.py
[2026-04-10T00:23:17.862+0000] {processor.py:925} INFO - DAG(s) 'example_kubernetes_executor' retrieved from /home/airflow/.local/lib/python3.12/site-packages/airflow/example_dags/example_kubernetes_executor.py
[2026-04-10T00:23:17.877+0000] {logging_mixin.py:190} INFO - [2026-04-10T00:23:17.876+0000] {dag.py:3239} INFO - Sync 1 DAGs
[2026-04-10T00:23:17.882+0000] {logging_mixin.py:190} INFO - [2026-04-10T00:23:17.882+0000] {dag.py:4180} INFO - Setting next_dagrun for example_kubernetes_executor to None, run_after=None
[2026-04-10T00:23:17.890+0000] {processor.py:208} INFO - Processing /home/airflow/.local/lib/python3.12/site-packages/airflow/example_dags/example_kubernetes_executor.py took 0.042 seconds
[2026-04-10T00:38:47.949+0000] {processor.py:186} INFO - Started process (PID=78735) to work on /home/airflow/.local/lib/python3.12/site-packages/airflow/example_dags/example_kubernetes_executor.py
[2026-04-10T00:38:47.949+0000] {processor.py:914} INFO - Processing file /home/airflow/.local/lib/python3.12/site-packages/airflow/example_dags/example_kubernetes_executor.py for tasks to queue
[2026-04-10T00:38:47.949+0000] {logging_mixin.py:190} INFO - [2026-04-10T00:38:47.949+0000] {dagbag.py:588} INFO - Filling up the DagBag from /home/airflow/.local/lib/python3.12/site-packages/airflow/example_dags/example_kubernetes_executor.py
[2026-04-10T00:38:47.957+0000] {processor.py:925} INFO - DAG(s) 'example_kubernetes_executor' retrieved from /home/airflow/.local/lib/python3.12/site-packages/airflow/example_dags/example_kubernetes_executor.py
[2026-04-10T00:38:47.974+0000] {logging_mixin.py:190} INFO - [2026-04-10T00:38:47.974+0000] {dag.py:3239} INFO - Sync 1 DAGs
[2026-04-10T00:38:47.980+0000] {logging_mixin.py:190} INFO - [2026-04-10T00:38:47.980+0000] {dag.py:4180} INFO - Setting next_dagrun for example_kubernetes_executor to None, run_after=None
[2026-04-10T00:38:47.990+0000] {processor.py:208} INFO - Processing /home/airflow/.local/lib/python3.12/site-packages/airflow/example_dags/example_kubernetes_executor.py took 0.044 seconds
[2026-04-10T00:41:52.502+0000] {processor.py:186} INFO - Started process (PID=78799) to work on /home/airflow/.local/lib/python3.12/site-packages/airflow/example_dags/example_kubernetes_executor.py
[2026-04-10T00:41:52.502+0000] {processor.py:914} INFO - Processing file /home/airflow/.local/lib/python3.12/site-packages/airflow/example_dags/example_kubernetes_executor.py for tasks to queue
[2026-04-10T00:41:52.503+0000] {logging_mixin.py:190} INFO - [2026-04-10T00:41:52.503+0000] {dagbag.py:588} INFO - Filling up the DagBag from /home/airflow/.local/lib/python3.12/site-packages/airflow/example_dags/example_kubernetes_executor.py
[2026-04-10T00:41:52.509+0000] {processor.py:925} INFO - DAG(s) 'example_kubernetes_executor' retrieved from /home/airflow/.local/lib/python3.12/site-packages/airflow/example_dags/example_kubernetes_executor.py
[2026-04-10T00:41:52.522+0000] {logging_mixin.py:190} INFO - [2026-04-10T00:41:52.522+0000] {dag.py:3239} INFO - Sync 1 DAGs
[2026-04-10T00:41:52.528+0000] {logging_mixin.py:190} INFO - [2026-04-10T00:41:52.528+0000] {dag.py:4180} INFO - Setting next_dagrun for example_kubernetes_executor to None, run_after=None
[2026-04-10T00:41:52.538+0000] {processor.py:208} INFO - Processing /home/airflow/.local/lib/python3.12/site-packages/airflow/example_dags/example_kubernetes_executor.py took 0.039 seconds
[2026-04-10T00:42:22.706+0000] {processor.py:186} INFO - Started process (PID=78863) to work on /home/airflow/.local/lib/python3.12/site-packages/airflow/example_dags/example_kubernetes_executor.py
[2026-04-10T00:42:22.706+0000] {processor.py:914} INFO - Processing file /home/airflow/.local/lib/python3.12/site-packages/airflow/example_dags/example_kubernetes_executor.py for tasks to queue
[2026-04-10T00:42:22.707+0000] {logging_mixin.py:190} INFO - [2026-04-10T00:42:22.707+0000] {dagbag.py:588} INFO - Filling up the DagBag from /home/airflow/.local/lib/python3.12/site-packages/airflow/example_dags/example_kubernetes_executor.py
[2026-04-10T00:42:22.715+0000] {processor.py:925} INFO - DAG(s) 'example_kubernetes_executor' retrieved from /home/airflow/.local/lib/python3.12/site-packages/airflow/example_dags/example_kubernetes_executor.py
[2026-04-10T00:42:22.725+0000] {logging_mixin.py:190} INFO - [2026-04-10T00:42:22.725+0000] {dag.py:3239} INFO - Sync 1 DAGs
[2026-04-10T00:42:22.732+0000] {logging_mixin.py:190} INFO - [2026-04-10T00:42:22.732+0000] {dag.py:4180} INFO - Setting next_dagrun for example_kubernetes_executor to None, run_after=None
[2026-04-10T00:42:22.743+0000] {processor.py:208} INFO - Processing /home/airflow/.local/lib/python3.12/site-packages/airflow/example_dags/example_kubernetes_executor.py took 0.039 seconds
[2026-04-10T00:57:54.141+0000] {processor.py:186} INFO - Started process (PID=78927) to work on /home/airflow/.local/lib/python3.12/site-packages/airflow/example_dags/example_kubernetes_executor.py
[2026-04-10T00:57:54.141+0000] {processor.py:914} INFO - Processing file /home/airflow/.local/lib/python3.12/site-packages/airflow/example_dags/example_kubernetes_executor.py for tasks to queue
[2026-04-10T00:57:54.142+0000] {logging_mixin.py:190} INFO - [2026-04-10T00:57:54.141+0000] {dagbag.py:588} INFO - Filling up the DagBag from /home/airflow/.local/lib/python3.12/site-packages/airflow/example_dags/example_kubernetes_executor.py
[2026-04-10T00:57:54.151+0000] {processor.py:925} INFO - DAG(s) 'example_kubernetes_executor' retrieved from /home/airflow/.local/lib/python3.12/site-packages/airflow/example_dags/example_kubernetes_executor.py
[2026-04-10T00:57:54.163+0000] {logging_mixin.py:190} INFO - [2026-04-10T00:57:54.163+0000] {dag.py:3239} INFO - Sync 1 DAGs
[2026-04-10T00:57:54.168+0000] {logging_mixin.py:190} INFO - [2026-04-10T00:57:54.168+0000] {dag.py:4180} INFO - Setting next_dagrun for example_kubernetes_executor to None, run_after=None
[2026-04-10T00:57:54.176+0000] {processor.py:208} INFO - Processing /home/airflow/.local/lib/python3.12/site-packages/airflow/example_dags/example_kubernetes_executor.py took 0.038 seconds
[2026-04-10T01:13:25.279+0000] {processor.py:186} INFO - Started process (PID=78991) to work on /home/airflow/.local/lib/python3.12/site-packages/airflow/example_dags/example_kubernetes_executor.py
[2026-04-10T01:13:25.280+0000] {processor.py:914} INFO - Processing file /home/airflow/.local/lib/python3.12/site-packages/airflow/example_dags/example_kubernetes_executor.py for tasks to queue
[2026-04-10T01:13:25.282+0000] {logging_mixin.py:190} INFO - [2026-04-10T01:13:25.282+0000] {dagbag.py:588} INFO - Filling up the DagBag from /home/airflow/.local/lib/python3.12/site-packages/airflow/example_dags/example_kubernetes_executor.py
[2026-04-10T01:13:25.293+0000] {processor.py:925} INFO - DAG(s) 'example_kubernetes_executor' retrieved from /home/airflow/.local/lib/python3.12/site-packages/airflow/example_dags/example_kubernetes_executor.py
[2026-04-10T01:13:25.312+0000] {logging_mixin.py:190} INFO - [2026-04-10T01:13:25.312+0000] {dag.py:3239} INFO - Sync 1 DAGs
[2026-04-10T01:13:25.319+0000] {logging_mixin.py:190} INFO - [2026-04-10T01:13:25.318+0000] {dag.py:4180} INFO - Setting next_dagrun for example_kubernetes_executor to None, run_after=None
[2026-04-10T01:13:25.325+0000] {processor.py:208} INFO - Processing /home/airflow/.local/lib/python3.12/site-packages/airflow/example_dags/example_kubernetes_executor.py took 0.049 seconds
[2026-04-10T01:13:55.813+0000] {processor.py:186} INFO - Started process (PID=79054) to work on /home/airflow/.local/lib/python3.12/site-packages/airflow/example_dags/example_kubernetes_executor.py
[2026-04-10T01:13:55.813+0000] {processor.py:914} INFO - Processing file /home/airflow/.local/lib/python3.12/site-packages/airflow/example_dags/example_kubernetes_executor.py for tasks to queue
[2026-04-10T01:13:55.814+0000] {logging_mixin.py:190} INFO - [2026-04-10T01:13:55.814+0000] {dagbag.py:588} INFO - Filling up the DagBag from /home/airflow/.local/lib/python3.12/site-packages/airflow/example_dags/example_kubernetes_executor.py
[2026-04-10T01:13:55.822+0000] {processor.py:925} INFO - DAG(s) 'example_kubernetes_executor' retrieved from /home/airflow/.local/lib/python3.12/site-packages/airflow/example_dags/example_kubernetes_executor.py
[2026-04-10T01:13:55.833+0000] {logging_mixin.py:190} INFO - [2026-04-10T01:13:55.833+0000] {dag.py:3239} INFO - Sync 1 DAGs
[2026-04-10T01:13:55.839+0000] {logging_mixin.py:190} INFO - [2026-04-10T01:13:55.839+0000] {dag.py:4180} INFO - Setting next_dagrun for example_kubernetes_executor to None, run_after=None
[2026-04-10T01:13:55.847+0000] {processor.py:208} INFO - Processing /home/airflow/.local/lib/python3.12/site-packages/airflow/example_dags/example_kubernetes_executor.py took 0.039 seconds
[2026-04-10T01:29:25.334+0000] {processor.py:186} INFO - Started process (PID=79118) to work on /home/airflow/.local/lib/python3.12/site-packages/airflow/example_dags/example_kubernetes_executor.py
[2026-04-10T01:29:25.335+0000] {processor.py:914} INFO - Processing file /home/airflow/.local/lib/python3.12/site-packages/airflow/example_dags/example_kubernetes_executor.py for tasks to queue
[2026-04-10T01:29:25.335+0000] {logging_mixin.py:190} INFO - [2026-04-10T01:29:25.335+0000] {dagbag.py:588} INFO - Filling up the DagBag from /home/airflow/.local/lib/python3.12/site-packages/airflow/example_dags/example_kubernetes_executor.py
[2026-04-10T01:29:25.343+0000] {processor.py:925} INFO - DAG(s) 'example_kubernetes_executor' retrieved from /home/airflow/.local/lib/python3.12/site-packages/airflow/example_dags/example_kubernetes_executor.py
[2026-04-10T01:29:25.364+0000] {logging_mixin.py:190} INFO - [2026-04-10T01:29:25.364+0000] {dag.py:3239} INFO - Sync 1 DAGs
[2026-04-10T01:29:25.369+0000] {logging_mixin.py:190} INFO - [2026-04-10T01:29:25.369+0000] {dag.py:4180} INFO - Setting next_dagrun for example_kubernetes_executor to None, run_after=None
[2026-04-10T01:29:25.378+0000] {processor.py:208} INFO - Processing /home/airflow/.local/lib/python3.12/site-packages/airflow/example_dags/example_kubernetes_executor.py took 0.046 seconds
[2026-04-10T01:29:55.724+0000] {processor.py:186} INFO - Started process (PID=79182) to work on /home/airflow/.local/lib/python3.12/site-packages/airflow/example_dags/example_kubernetes_executor.py
[2026-04-10T01:29:55.725+0000] {processor.py:914} INFO - Processing file /home/airflow/.local/lib/python3.12/site-packages/airflow/example_dags/example_kubernetes_executor.py for tasks to queue
[2026-04-10T01:29:55.725+0000] {logging_mixin.py:190} INFO - [2026-04-10T01:29:55.725+0000] {dagbag.py:588} INFO - Filling up the DagBag from /home/airflow/.local/lib/python3.12/site-packages/airflow/example_dags/example_kubernetes_executor.py
[2026-04-10T01:29:55.735+0000] {processor.py:925} INFO - DAG(s) 'example_kubernetes_executor' retrieved from /home/airflow/.local/lib/python3.12/site-packages/airflow/example_dags/example_kubernetes_executor.py
[2026-04-10T01:29:55.748+0000] {logging_mixin.py:190} INFO - [2026-04-10T01:29:55.748+0000] {dag.py:3239} INFO - Sync 1 DAGs
[2026-04-10T01:29:55.755+0000] {logging_mixin.py:190} INFO - [2026-04-10T01:29:55.755+0000] {dag.py:4180} INFO - Setting next_dagrun for example_kubernetes_executor to None, run_after=None
[2026-04-10T01:29:55.763+0000] {processor.py:208} INFO - Processing /home/airflow/.local/lib/python3.12/site-packages/airflow/example_dags/example_kubernetes_executor.py took 0.045 seconds
[2026-04-10T01:43:15.159+0000] {processor.py:186} INFO - Started process (PID=79246) to work on /home/airflow/.local/lib/python3.12/site-packages/airflow/example_dags/example_kubernetes_executor.py
[2026-04-10T01:43:15.160+0000] {processor.py:914} INFO - Processing file /home/airflow/.local/lib/python3.12/site-packages/airflow/example_dags/example_kubernetes_executor.py for tasks to queue
[2026-04-10T01:43:15.160+0000] {logging_mixin.py:190} INFO - [2026-04-10T01:43:15.160+0000] {dagbag.py:588} INFO - Filling up the DagBag from /home/airflow/.local/lib/python3.12/site-packages/airflow/example_dags/example_kubernetes_executor.py
[2026-04-10T01:43:15.170+0000] {processor.py:925} INFO - DAG(s) 'example_kubernetes_executor' retrieved from /home/airflow/.local/lib/python3.12/site-packages/airflow/example_dags/example_kubernetes_executor.py
[2026-04-10T01:43:15.183+0000] {logging_mixin.py:190} INFO - [2026-04-10T01:43:15.183+0000] {dag.py:3239} INFO - Sync 1 DAGs
[2026-04-10T01:43:15.189+0000] {logging_mixin.py:190} INFO - [2026-04-10T01:43:15.189+0000] {dag.py:4180} INFO - Setting next_dagrun for example_kubernetes_executor to None, run_after=None
[2026-04-10T01:43:15.197+0000] {processor.py:208} INFO - Processing /home/airflow/.local/lib/python3.12/site-packages/airflow/example_dags/example_kubernetes_executor.py took 0.041 seconds
[2026-04-10T01:58:47.098+0000] {processor.py:186} INFO - Started process (PID=79310) to work on /home/airflow/.local/lib/python3.12/site-packages/airflow/example_dags/example_kubernetes_executor.py
[2026-04-10T01:58:47.098+0000] {processor.py:914} INFO - Processing file /home/airflow/.local/lib/python3.12/site-packages/airflow/example_dags/example_kubernetes_executor.py for tasks to queue
[2026-04-10T01:58:47.099+0000] {logging_mixin.py:190} INFO - [2026-04-10T01:58:47.099+0000] {dagbag.py:588} INFO - Filling up the DagBag from /home/airflow/.local/lib/python3.12/site-packages/airflow/example_dags/example_kubernetes_executor.py
[2026-04-10T01:58:47.105+0000] {processor.py:925} INFO - DAG(s) 'example_kubernetes_executor' retrieved from /home/airflow/.local/lib/python3.12/site-packages/airflow/example_dags/example_kubernetes_executor.py
[2026-04-10T01:58:47.118+0000] {logging_mixin.py:190} INFO - [2026-04-10T01:58:47.118+0000] {dag.py:3239} INFO - Sync 1 DAGs
[2026-04-10T01:58:47.125+0000] {logging_mixin.py:190} INFO - [2026-04-10T01:58:47.125+0000] {dag.py:4180} INFO - Setting next_dagrun for example_kubernetes_executor to None, run_after=None
[2026-04-10T01:58:47.133+0000] {processor.py:208} INFO - Processing /home/airflow/.local/lib/python3.12/site-packages/airflow/example_dags/example_kubernetes_executor.py took 0.038 seconds
[2026-04-10T01:59:17.341+0000] {processor.py:186} INFO - Started process (PID=79374) to work on /home/airflow/.local/lib/python3.12/site-packages/airflow/example_dags/example_kubernetes_executor.py
[2026-04-10T01:59:17.342+0000] {processor.py:914} INFO - Processing file /home/airflow/.local/lib/python3.12/site-packages/airflow/example_dags/example_kubernetes_executor.py for tasks to queue
[2026-04-10T01:59:17.342+0000] {logging_mixin.py:190} INFO - [2026-04-10T01:59:17.342+0000] {dagbag.py:588} INFO - Filling up the DagBag from /home/airflow/.local/lib/python3.12/site-packages/airflow/example_dags/example_kubernetes_executor.py
[2026-04-10T01:59:17.350+0000] {processor.py:925} INFO - DAG(s) 'example_kubernetes_executor' retrieved from /home/airflow/.local/lib/python3.12/site-packages/airflow/example_dags/example_kubernetes_executor.py
[2026-04-10T01:59:17.362+0000] {logging_mixin.py:190} INFO - [2026-04-10T01:59:17.362+0000] {dag.py:3239} INFO - Sync 1 DAGs
[2026-04-10T01:59:17.367+0000] {logging_mixin.py:190} INFO - [2026-04-10T01:59:17.367+0000] {dag.py:4180} INFO - Setting next_dagrun for example_kubernetes_executor to None, run_after=None
[2026-04-10T01:59:17.376+0000] {processor.py:208} INFO - Processing /home/airflow/.local/lib/python3.12/site-packages/airflow/example_dags/example_kubernetes_executor.py took 0.037 seconds
[2026-04-10T02:14:50.735+0000] {processor.py:186} INFO - Started process (PID=79438) to work on /home/airflow/.local/lib/python3.12/site-packages/airflow/example_dags/example_kubernetes_executor.py
[2026-04-10T02:14:50.736+0000] {processor.py:914} INFO - Processing file /home/airflow/.local/lib/python3.12/site-packages/airflow/example_dags/example_kubernetes_executor.py for tasks to queue
[2026-04-10T02:14:50.738+0000] {logging_mixin.py:190} INFO - [2026-04-10T02:14:50.738+0000] {dagbag.py:588} INFO - Filling up the DagBag from /home/airflow/.local/lib/python3.12/site-packages/airflow/example_dags/example_kubernetes_executor.py
[2026-04-10T02:14:50.745+0000] {processor.py:925} INFO - DAG(s) 'example_kubernetes_executor' retrieved from /home/airflow/.local/lib/python3.12/site-packages/airflow/example_dags/example_kubernetes_executor.py
[2026-04-10T02:14:50.757+0000] {logging_mixin.py:190} INFO - [2026-04-10T02:14:50.757+0000] {dag.py:3239} INFO - Sync 1 DAGs
[2026-04-10T02:14:50.763+0000] {logging_mixin.py:190} INFO - [2026-04-10T02:14:50.763+0000] {dag.py:4180} INFO - Setting next_dagrun for example_kubernetes_executor to None, run_after=None
[2026-04-10T02:14:50.774+0000] {processor.py:208} INFO - Processing /home/airflow/.local/lib/python3.12/site-packages/airflow/example_dags/example_kubernetes_executor.py took 0.042 seconds
[2026-04-10T02:20:00.965+0000] {processor.py:186} INFO - Started process (PID=79502) to work on /home/airflow/.local/lib/python3.12/site-packages/airflow/example_dags/example_kubernetes_executor.py
[2026-04-10T02:20:00.965+0000] {processor.py:914} INFO - Processing file /home/airflow/.local/lib/python3.12/site-packages/airflow/example_dags/example_kubernetes_executor.py for tasks to queue
[2026-04-10T02:20:00.966+0000] {logging_mixin.py:190} INFO - [2026-04-10T02:20:00.966+0000] {dagbag.py:588} INFO - Filling up the DagBag from /home/airflow/.local/lib/python3.12/site-packages/airflow/example_dags/example_kubernetes_executor.py
[2026-04-10T02:20:00.979+0000] {processor.py:925} INFO - DAG(s) 'example_kubernetes_executor' retrieved from /home/airflow/.local/lib/python3.12/site-packages/airflow/example_dags/example_kubernetes_executor.py
[2026-04-10T02:20:00.991+0000] {logging_mixin.py:190} INFO - [2026-04-10T02:20:00.991+0000] {dag.py:3239} INFO - Sync 1 DAGs
[2026-04-10T02:20:00.996+0000] {logging_mixin.py:190} INFO - [2026-04-10T02:20:00.996+0000] {dag.py:4180} INFO - Setting next_dagrun for example_kubernetes_executor to None, run_after=None
[2026-04-10T02:20:01.003+0000] {processor.py:208} INFO - Processing /home/airflow/.local/lib/python3.12/site-packages/airflow/example_dags/example_kubernetes_executor.py took 0.041 seconds
[2026-04-10T02:20:32.019+0000] {processor.py:186} INFO - Started process (PID=79566) to work on /home/airflow/.local/lib/python3.12/site-packages/airflow/example_dags/example_kubernetes_executor.py
[2026-04-10T02:20:32.019+0000] {processor.py:914} INFO - Processing file /home/airflow/.local/lib/python3.12/site-packages/airflow/example_dags/example_kubernetes_executor.py for tasks to queue
[2026-04-10T02:20:32.020+0000] {logging_mixin.py:190} INFO - [2026-04-10T02:20:32.020+0000] {dagbag.py:588} INFO - Filling up the DagBag from /home/airflow/.local/lib/python3.12/site-packages/airflow/example_dags/example_kubernetes_executor.py
[2026-04-10T02:20:32.026+0000] {processor.py:925} INFO - DAG(s) 'example_kubernetes_executor' retrieved from /home/airflow/.local/lib/python3.12/site-packages/airflow/example_dags/example_kubernetes_executor.py
[2026-04-10T02:20:32.036+0000] {logging_mixin.py:190} INFO - [2026-04-10T02:20:32.036+0000] {dag.py:3239} INFO - Sync 1 DAGs
[2026-04-10T02:20:32.042+0000] {logging_mixin.py:190} INFO - [2026-04-10T02:20:32.042+0000] {dag.py:4180} INFO - Setting next_dagrun for example_kubernetes_executor to None, run_after=None
[2026-04-10T02:20:32.051+0000] {processor.py:208} INFO - Processing /home/airflow/.local/lib/python3.12/site-packages/airflow/example_dags/example_kubernetes_executor.py took 0.035 seconds
[2026-04-10T02:38:20.720+0000] {processor.py:186} INFO - Started process (PID=79630) to work on /home/airflow/.local/lib/python3.12/site-packages/airflow/example_dags/example_kubernetes_executor.py
[2026-04-10T02:38:20.720+0000] {processor.py:914} INFO - Processing file /home/airflow/.local/lib/python3.12/site-packages/airflow/example_dags/example_kubernetes_executor.py for tasks to queue
[2026-04-10T02:38:20.721+0000] {logging_mixin.py:190} INFO - [2026-04-10T02:38:20.721+0000] {dagbag.py:588} INFO - Filling up the DagBag from /home/airflow/.local/lib/python3.12/site-packages/airflow/example_dags/example_kubernetes_executor.py
[2026-04-10T02:38:20.727+0000] {processor.py:925} INFO - DAG(s) 'example_kubernetes_executor' retrieved from /home/airflow/.local/lib/python3.12/site-packages/airflow/example_dags/example_kubernetes_executor.py
[2026-04-10T02:38:20.738+0000] {logging_mixin.py:190} INFO - [2026-04-10T02:38:20.738+0000] {dag.py:3239} INFO - Sync 1 DAGs
[2026-04-10T02:38:20.746+0000] {logging_mixin.py:190} INFO - [2026-04-10T02:38:20.746+0000] {dag.py:4180} INFO - Setting next_dagrun for example_kubernetes_executor to None, run_after=None
[2026-04-10T02:38:20.755+0000] {processor.py:208} INFO - Processing /home/airflow/.local/lib/python3.12/site-packages/airflow/example_dags/example_kubernetes_executor.py took 0.037 seconds
[2026-04-10T02:44:07.634+0000] {processor.py:186} INFO - Started process (PID=79694) to work on /home/airflow/.local/lib/python3.12/site-packages/airflow/example_dags/example_kubernetes_executor.py
[2026-04-10T02:44:07.635+0000] {processor.py:914} INFO - Processing file /home/airflow/.local/lib/python3.12/site-packages/airflow/example_dags/example_kubernetes_executor.py for tasks to queue
[2026-04-10T02:44:07.635+0000] {logging_mixin.py:190} INFO - [2026-04-10T02:44:07.635+0000] {dagbag.py:588} INFO - Filling up the DagBag from /home/airflow/.local/lib/python3.12/site-packages/airflow/example_dags/example_kubernetes_executor.py
[2026-04-10T02:44:07.644+0000] {processor.py:925} INFO - DAG(s) 'example_kubernetes_executor' retrieved from /home/airflow/.local/lib/python3.12/site-packages/airflow/example_dags/example_kubernetes_executor.py
[2026-04-10T02:44:07.659+0000] {logging_mixin.py:190} INFO - [2026-04-10T02:44:07.659+0000] {dag.py:3239} INFO - Sync 1 DAGs
[2026-04-10T02:44:07.665+0000] {logging_mixin.py:190} INFO - [2026-04-10T02:44:07.665+0000] {dag.py:4180} INFO - Setting next_dagrun for example_kubernetes_executor to None, run_after=None
[2026-04-10T02:44:07.672+0000] {processor.py:208} INFO - Processing /home/airflow/.local/lib/python3.12/site-packages/airflow/example_dags/example_kubernetes_executor.py took 0.041 seconds
[2026-04-10T02:59:39.233+0000] {processor.py:186} INFO - Started process (PID=79758) to work on /home/airflow/.local/lib/python3.12/site-packages/airflow/example_dags/example_kubernetes_executor.py
[2026-04-10T02:59:39.234+0000] {processor.py:914} INFO - Processing file /home/airflow/.local/lib/python3.12/site-packages/airflow/example_dags/example_kubernetes_executor.py for tasks to queue
[2026-04-10T02:59:39.234+0000] {logging_mixin.py:190} INFO - [2026-04-10T02:59:39.234+0000] {dagbag.py:588} INFO - Filling up the DagBag from /home/airflow/.local/lib/python3.12/site-packages/airflow/example_dags/example_kubernetes_executor.py
[2026-04-10T02:59:39.244+0000] {processor.py:925} INFO - DAG(s) 'example_kubernetes_executor' retrieved from /home/airflow/.local/lib/python3.12/site-packages/airflow/example_dags/example_kubernetes_executor.py
[2026-04-10T02:59:39.255+0000] {logging_mixin.py:190} INFO - [2026-04-10T02:59:39.255+0000] {dag.py:3239} INFO - Sync 1 DAGs
[2026-04-10T02:59:39.262+0000] {logging_mixin.py:190} INFO - [2026-04-10T02:59:39.262+0000] {dag.py:4180} INFO - Setting next_dagrun for example_kubernetes_executor to None, run_after=None
[2026-04-10T02:59:39.268+0000] {processor.py:208} INFO - Processing /home/airflow/.local/lib/python3.12/site-packages/airflow/example_dags/example_kubernetes_executor.py took 0.038 seconds
[2026-04-10T03:00:09.711+0000] {processor.py:186} INFO - Started process (PID=79822) to work on /home/airflow/.local/lib/python3.12/site-packages/airflow/example_dags/example_kubernetes_executor.py
[2026-04-10T03:00:09.712+0000] {processor.py:914} INFO - Processing file /home/airflow/.local/lib/python3.12/site-packages/airflow/example_dags/example_kubernetes_executor.py for tasks to queue
[2026-04-10T03:00:09.712+0000] {logging_mixin.py:190} INFO - [2026-04-10T03:00:09.712+0000] {dagbag.py:588} INFO - Filling up the DagBag from /home/airflow/.local/lib/python3.12/site-packages/airflow/example_dags/example_kubernetes_executor.py
[2026-04-10T03:00:09.719+0000] {processor.py:925} INFO - DAG(s) 'example_kubernetes_executor' retrieved from /home/airflow/.local/lib/python3.12/site-packages/airflow/example_dags/example_kubernetes_executor.py
[2026-04-10T03:00:09.730+0000] {logging_mixin.py:190} INFO - [2026-04-10T03:00:09.730+0000] {dag.py:3239} INFO - Sync 1 DAGs
[2026-04-10T03:00:09.737+0000] {logging_mixin.py:190} INFO - [2026-04-10T03:00:09.737+0000] {dag.py:4180} INFO - Setting next_dagrun for example_kubernetes_executor to None, run_after=None
[2026-04-10T03:00:09.747+0000] {processor.py:208} INFO - Processing /home/airflow/.local/lib/python3.12/site-packages/airflow/example_dags/example_kubernetes_executor.py took 0.038 seconds
[2026-04-10T03:15:40.320+0000] {processor.py:186} INFO - Started process (PID=79886) to work on /home/airflow/.local/lib/python3.12/site-packages/airflow/example_dags/example_kubernetes_executor.py
[2026-04-10T03:15:40.321+0000] {processor.py:914} INFO - Processing file /home/airflow/.local/lib/python3.12/site-packages/airflow/example_dags/example_kubernetes_executor.py for tasks to queue
[2026-04-10T03:15:40.321+0000] {logging_mixin.py:190} INFO - [2026-04-10T03:15:40.321+0000] {dagbag.py:588} INFO - Filling up the DagBag from /home/airflow/.local/lib/python3.12/site-packages/airflow/example_dags/example_kubernetes_executor.py
[2026-04-10T03:15:40.332+0000] {processor.py:925} INFO - DAG(s) 'example_kubernetes_executor' retrieved from /home/airflow/.local/lib/python3.12/site-packages/airflow/example_dags/example_kubernetes_executor.py
[2026-04-10T03:15:40.346+0000] {logging_mixin.py:190} INFO - [2026-04-10T03:15:40.346+0000] {dag.py:3239} INFO - Sync 1 DAGs
[2026-04-10T03:15:40.352+0000] {logging_mixin.py:190} INFO - [2026-04-10T03:15:40.352+0000] {dag.py:4180} INFO - Setting next_dagrun for example_kubernetes_executor to None, run_after=None
[2026-04-10T03:15:40.361+0000] {processor.py:208} INFO - Processing /home/airflow/.local/lib/python3.12/site-packages/airflow/example_dags/example_kubernetes_executor.py took 0.044 seconds
[2026-04-10T03:23:18.794+0000] {processor.py:186} INFO - Started process (PID=79950) to work on /home/airflow/.local/lib/python3.12/site-packages/airflow/example_dags/example_kubernetes_executor.py
[2026-04-10T03:23:18.796+0000] {processor.py:914} INFO - Processing file /home/airflow/.local/lib/python3.12/site-packages/airflow/example_dags/example_kubernetes_executor.py for tasks to queue
[2026-04-10T03:23:18.797+0000] {logging_mixin.py:190} INFO - [2026-04-10T03:23:18.797+0000] {dagbag.py:588} INFO - Filling up the DagBag from /home/airflow/.local/lib/python3.12/site-packages/airflow/example_dags/example_kubernetes_executor.py
[2026-04-10T03:23:18.822+0000] {processor.py:925} INFO - DAG(s) 'example_kubernetes_executor' retrieved from /home/airflow/.local/lib/python3.12/site-packages/airflow/example_dags/example_kubernetes_executor.py
[2026-04-10T03:23:18.845+0000] {logging_mixin.py:190} INFO - [2026-04-10T03:23:18.845+0000] {dag.py:3239} INFO - Sync 1 DAGs
[2026-04-10T03:23:18.852+0000] {logging_mixin.py:190} INFO - [2026-04-10T03:23:18.852+0000] {dag.py:4180} INFO - Setting next_dagrun for example_kubernetes_executor to None, run_after=None
[2026-04-10T03:23:18.869+0000] {processor.py:208} INFO - Processing /home/airflow/.local/lib/python3.12/site-packages/airflow/example_dags/example_kubernetes_executor.py took 0.082 seconds
[2026-04-10T03:23:49.314+0000] {processor.py:186} INFO - Started process (PID=80014) to work on /home/airflow/.local/lib/python3.12/site-packages/airflow/example_dags/example_kubernetes_executor.py
[2026-04-10T03:23:49.315+0000] {processor.py:914} INFO - Processing file /home/airflow/.local/lib/python3.12/site-packages/airflow/example_dags/example_kubernetes_executor.py for tasks to queue
[2026-04-10T03:23:49.316+0000] {logging_mixin.py:190} INFO - [2026-04-10T03:23:49.315+0000] {dagbag.py:588} INFO - Filling up the DagBag from /home/airflow/.local/lib/python3.12/site-packages/airflow/example_dags/example_kubernetes_executor.py
[2026-04-10T03:23:49.324+0000] {processor.py:925} INFO - DAG(s) 'example_kubernetes_executor' retrieved from /home/airflow/.local/lib/python3.12/site-packages/airflow/example_dags/example_kubernetes_executor.py
[2026-04-10T03:23:49.337+0000] {logging_mixin.py:190} INFO - [2026-04-10T03:23:49.337+0000] {dag.py:3239} INFO - Sync 1 DAGs
[2026-04-10T03:23:49.346+0000] {logging_mixin.py:190} INFO - [2026-04-10T03:23:49.346+0000] {dag.py:4180} INFO - Setting next_dagrun for example_kubernetes_executor to None, run_after=None
[2026-04-10T03:23:49.357+0000] {processor.py:208} INFO - Processing /home/airflow/.local/lib/python3.12/site-packages/airflow/example_dags/example_kubernetes_executor.py took 0.046 seconds
[2026-04-10T03:24:20.070+0000] {processor.py:186} INFO - Started process (PID=80078) to work on /home/airflow/.local/lib/python3.12/site-packages/airflow/example_dags/example_kubernetes_executor.py
[2026-04-10T03:24:20.070+0000] {processor.py:914} INFO - Processing file /home/airflow/.local/lib/python3.12/site-packages/airflow/example_dags/example_kubernetes_executor.py for tasks to queue
[2026-04-10T03:24:20.071+0000] {logging_mixin.py:190} INFO - [2026-04-10T03:24:20.071+0000] {dagbag.py:588} INFO - Filling up the DagBag from /home/airflow/.local/lib/python3.12/site-packages/airflow/example_dags/example_kubernetes_executor.py
[2026-04-10T03:24:20.078+0000] {processor.py:925} INFO - DAG(s) 'example_kubernetes_executor' retrieved from /home/airflow/.local/lib/python3.12/site-packages/airflow/example_dags/example_kubernetes_executor.py
[2026-04-10T03:24:20.090+0000] {logging_mixin.py:190} INFO - [2026-04-10T03:24:20.090+0000] {dag.py:3239} INFO - Sync 1 DAGs
[2026-04-10T03:24:20.098+0000] {logging_mixin.py:190} INFO - [2026-04-10T03:24:20.098+0000] {dag.py:4180} INFO - Setting next_dagrun for example_kubernetes_executor to None, run_after=None
[2026-04-10T03:24:20.107+0000] {processor.py:208} INFO - Processing /home/airflow/.local/lib/python3.12/site-packages/airflow/example_dags/example_kubernetes_executor.py took 0.040 seconds
[2026-04-10T03:24:50.458+0000] {processor.py:186} INFO - Started process (PID=80142) to work on /home/airflow/.local/lib/python3.12/site-packages/airflow/example_dags/example_kubernetes_executor.py
[2026-04-10T03:24:50.458+0000] {processor.py:914} INFO - Processing file /home/airflow/.local/lib/python3.12/site-packages/airflow/example_dags/example_kubernetes_executor.py for tasks to queue
[2026-04-10T03:24:50.459+0000] {logging_mixin.py:190} INFO - [2026-04-10T03:24:50.459+0000] {dagbag.py:588} INFO - Filling up the DagBag from /home/airflow/.local/lib/python3.12/site-packages/airflow/example_dags/example_kubernetes_executor.py
[2026-04-10T03:24:50.470+0000] {processor.py:925} INFO - DAG(s) 'example_kubernetes_executor' retrieved from /home/airflow/.local/lib/python3.12/site-packages/airflow/example_dags/example_kubernetes_executor.py
[2026-04-10T03:24:50.487+0000] {logging_mixin.py:190} INFO - [2026-04-10T03:24:50.487+0000] {dag.py:3239} INFO - Sync 1 DAGs
[2026-04-10T03:24:50.495+0000] {logging_mixin.py:190} INFO - [2026-04-10T03:24:50.495+0000] {dag.py:4180} INFO - Setting next_dagrun for example_kubernetes_executor to None, run_after=None
[2026-04-10T03:24:50.506+0000] {processor.py:208} INFO - Processing /home/airflow/.local/lib/python3.12/site-packages/airflow/example_dags/example_kubernetes_executor.py took 0.052 seconds
[2026-04-10T03:25:20.824+0000] {processor.py:186} INFO - Started process (PID=80206) to work on /home/airflow/.local/lib/python3.12/site-packages/airflow/example_dags/example_kubernetes_executor.py
[2026-04-10T03:25:20.824+0000] {processor.py:914} INFO - Processing file /home/airflow/.local/lib/python3.12/site-packages/airflow/example_dags/example_kubernetes_executor.py for tasks to queue
[2026-04-10T03:25:20.825+0000] {logging_mixin.py:190} INFO - [2026-04-10T03:25:20.825+0000] {dagbag.py:588} INFO - Filling up the DagBag from /home/airflow/.local/lib/python3.12/site-packages/airflow/example_dags/example_kubernetes_executor.py
[2026-04-10T03:25:20.832+0000] {processor.py:925} INFO - DAG(s) 'example_kubernetes_executor' retrieved from /home/airflow/.local/lib/python3.12/site-packages/airflow/example_dags/example_kubernetes_executor.py
[2026-04-10T03:25:20.844+0000] {logging_mixin.py:190} INFO - [2026-04-10T03:25:20.844+0000] {dag.py:3239} INFO - Sync 1 DAGs
[2026-04-10T03:25:20.851+0000] {logging_mixin.py:190} INFO - [2026-04-10T03:25:20.851+0000] {dag.py:4180} INFO - Setting next_dagrun for example_kubernetes_executor to None, run_after=None
[2026-04-10T03:25:20.858+0000] {processor.py:208} INFO - Processing /home/airflow/.local/lib/python3.12/site-packages/airflow/example_dags/example_kubernetes_executor.py took 0.037 seconds
[2026-04-10T03:25:51.229+0000] {processor.py:186} INFO - Started process (PID=80270) to work on /home/airflow/.local/lib/python3.12/site-packages/airflow/example_dags/example_kubernetes_executor.py
[2026-04-10T03:25:51.231+0000] {processor.py:914} INFO - Processing file /home/airflow/.local/lib/python3.12/site-packages/airflow/example_dags/example_kubernetes_executor.py for tasks to queue
[2026-04-10T03:25:51.232+0000] {logging_mixin.py:190} INFO - [2026-04-10T03:25:51.231+0000] {dagbag.py:588} INFO - Filling up the DagBag from /home/airflow/.local/lib/python3.12/site-packages/airflow/example_dags/example_kubernetes_executor.py
[2026-04-10T03:25:51.237+0000] {processor.py:925} INFO - DAG(s) 'example_kubernetes_executor' retrieved from /home/airflow/.local/lib/python3.12/site-packages/airflow/example_dags/example_kubernetes_executor.py
[2026-04-10T03:25:51.252+0000] {logging_mixin.py:190} INFO - [2026-04-10T03:25:51.252+0000] {dag.py:3239} INFO - Sync 1 DAGs
[2026-04-10T03:25:51.260+0000] {logging_mixin.py:190} INFO - [2026-04-10T03:25:51.259+0000] {dag.py:4180} INFO - Setting next_dagrun for example_kubernetes_executor to None, run_after=None
[2026-04-10T03:25:51.268+0000] {processor.py:208} INFO - Processing /home/airflow/.local/lib/python3.12/site-packages/airflow/example_dags/example_kubernetes_executor.py took 0.041 seconds
[2026-04-10T03:26:21.690+0000] {processor.py:186} INFO - Started process (PID=80334) to work on /home/airflow/.local/lib/python3.12/site-packages/airflow/example_dags/example_kubernetes_executor.py
[2026-04-10T03:26:21.690+0000] {processor.py:914} INFO - Processing file /home/airflow/.local/lib/python3.12/site-packages/airflow/example_dags/example_kubernetes_executor.py for tasks to queue
[2026-04-10T03:26:21.691+0000] {logging_mixin.py:190} INFO - [2026-04-10T03:26:21.691+0000] {dagbag.py:588} INFO - Filling up the DagBag from /home/airflow/.local/lib/python3.12/site-packages/airflow/example_dags/example_kubernetes_executor.py
[2026-04-10T03:26:21.699+0000] {processor.py:925} INFO - DAG(s) 'example_kubernetes_executor' retrieved from /home/airflow/.local/lib/python3.12/site-packages/airflow/example_dags/example_kubernetes_executor.py
[2026-04-10T03:26:21.713+0000] {logging_mixin.py:190} INFO - [2026-04-10T03:26:21.713+0000] {dag.py:3239} INFO - Sync 1 DAGs
[2026-04-10T03:26:21.719+0000] {logging_mixin.py:190} INFO - [2026-04-10T03:26:21.719+0000] {dag.py:4180} INFO - Setting next_dagrun for example_kubernetes_executor to None, run_after=None
[2026-04-10T03:26:21.725+0000] {processor.py:208} INFO - Processing /home/airflow/.local/lib/python3.12/site-packages/airflow/example_dags/example_kubernetes_executor.py took 0.038 seconds
[2026-04-10T03:26:51.978+0000] {processor.py:186} INFO - Started process (PID=80398) to work on /home/airflow/.local/lib/python3.12/site-packages/airflow/example_dags/example_kubernetes_executor.py
[2026-04-10T03:26:51.979+0000] {processor.py:914} INFO - Processing file /home/airflow/.local/lib/python3.12/site-packages/airflow/example_dags/example_kubernetes_executor.py for tasks to queue
[2026-04-10T03:26:51.979+0000] {logging_mixin.py:190} INFO - [2026-04-10T03:26:51.979+0000] {dagbag.py:588} INFO - Filling up the DagBag from /home/airflow/.local/lib/python3.12/site-packages/airflow/example_dags/example_kubernetes_executor.py
[2026-04-10T03:26:51.990+0000] {processor.py:925} INFO - DAG(s) 'example_kubernetes_executor' retrieved from /home/airflow/.local/lib/python3.12/site-packages/airflow/example_dags/example_kubernetes_executor.py
[2026-04-10T03:26:52.001+0000] {logging_mixin.py:190} INFO - [2026-04-10T03:26:52.001+0000] {dag.py:3239} INFO - Sync 1 DAGs
[2026-04-10T03:26:52.008+0000] {logging_mixin.py:190} INFO - [2026-04-10T03:26:52.008+0000] {dag.py:4180} INFO - Setting next_dagrun for example_kubernetes_executor to None, run_after=None
[2026-04-10T03:26:52.016+0000] {processor.py:208} INFO - Processing /home/airflow/.local/lib/python3.12/site-packages/airflow/example_dags/example_kubernetes_executor.py took 0.041 seconds
[2026-04-10T03:27:22.590+0000] {processor.py:186} INFO - Started process (PID=80462) to work on /home/airflow/.local/lib/python3.12/site-packages/airflow/example_dags/example_kubernetes_executor.py
[2026-04-10T03:27:22.590+0000] {processor.py:914} INFO - Processing file /home/airflow/.local/lib/python3.12/site-packages/airflow/example_dags/example_kubernetes_executor.py for tasks to queue
[2026-04-10T03:27:22.591+0000] {logging_mixin.py:190} INFO - [2026-04-10T03:27:22.591+0000] {dagbag.py:588} INFO - Filling up the DagBag from /home/airflow/.local/lib/python3.12/site-packages/airflow/example_dags/example_kubernetes_executor.py
[2026-04-10T03:27:22.601+0000] {processor.py:925} INFO - DAG(s) 'example_kubernetes_executor' retrieved from /home/airflow/.local/lib/python3.12/site-packages/airflow/example_dags/example_kubernetes_executor.py
[2026-04-10T03:27:22.617+0000] {logging_mixin.py:190} INFO - [2026-04-10T03:27:22.617+0000] {dag.py:3239} INFO - Sync 1 DAGs
[2026-04-10T03:27:22.624+0000] {logging_mixin.py:190} INFO - [2026-04-10T03:27:22.624+0000] {dag.py:4180} INFO - Setting next_dagrun for example_kubernetes_executor to None, run_after=None
[2026-04-10T03:27:22.633+0000] {processor.py:208} INFO - Processing /home/airflow/.local/lib/python3.12/site-packages/airflow/example_dags/example_kubernetes_executor.py took 0.046 seconds
[2026-04-10T03:27:52.819+0000] {processor.py:186} INFO - Started process (PID=80526) to work on /home/airflow/.local/lib/python3.12/site-packages/airflow/example_dags/example_kubernetes_executor.py
[2026-04-10T03:27:52.820+0000] {processor.py:914} INFO - Processing file /home/airflow/.local/lib/python3.12/site-packages/airflow/example_dags/example_kubernetes_executor.py for tasks to queue
[2026-04-10T03:27:52.821+0000] {logging_mixin.py:190} INFO - [2026-04-10T03:27:52.821+0000] {dagbag.py:588} INFO - Filling up the DagBag from /home/airflow/.local/lib/python3.12/site-packages/airflow/example_dags/example_kubernetes_executor.py
[2026-04-10T03:27:52.831+0000] {processor.py:925} INFO - DAG(s) 'example_kubernetes_executor' retrieved from /home/airflow/.local/lib/python3.12/site-packages/airflow/example_dags/example_kubernetes_executor.py
[2026-04-10T03:27:52.845+0000] {logging_mixin.py:190} INFO - [2026-04-10T03:27:52.845+0000] {dag.py:3239} INFO - Sync 1 DAGs
[2026-04-10T03:27:52.851+0000] {logging_mixin.py:190} INFO - [2026-04-10T03:27:52.851+0000] {dag.py:4180} INFO - Setting next_dagrun for example_kubernetes_executor to None, run_after=None
[2026-04-10T03:27:52.861+0000] {processor.py:208} INFO - Processing /home/airflow/.local/lib/python3.12/site-packages/airflow/example_dags/example_kubernetes_executor.py took 0.046 seconds
[2026-04-10T03:28:23.487+0000] {processor.py:186} INFO - Started process (PID=80590) to work on /home/airflow/.local/lib/python3.12/site-packages/airflow/example_dags/example_kubernetes_executor.py
[2026-04-10T03:28:23.487+0000] {processor.py:914} INFO - Processing file /home/airflow/.local/lib/python3.12/site-packages/airflow/example_dags/example_kubernetes_executor.py for tasks to queue
[2026-04-10T03:28:23.488+0000] {logging_mixin.py:190} INFO - [2026-04-10T03:28:23.488+0000] {dagbag.py:588} INFO - Filling up the DagBag from /home/airflow/.local/lib/python3.12/site-packages/airflow/example_dags/example_kubernetes_executor.py
[2026-04-10T03:28:23.500+0000] {processor.py:925} INFO - DAG(s) 'example_kubernetes_executor' retrieved from /home/airflow/.local/lib/python3.12/site-packages/airflow/example_dags/example_kubernetes_executor.py
[2026-04-10T03:28:23.520+0000] {logging_mixin.py:190} INFO - [2026-04-10T03:28:23.520+0000] {dag.py:3239} INFO - Sync 1 DAGs
[2026-04-10T03:28:23.528+0000] {logging_mixin.py:190} INFO - [2026-04-10T03:28:23.528+0000] {dag.py:4180} INFO - Setting next_dagrun for example_kubernetes_executor to None, run_after=None
[2026-04-10T03:28:23.540+0000] {processor.py:208} INFO - Processing /home/airflow/.local/lib/python3.12/site-packages/airflow/example_dags/example_kubernetes_executor.py took 0.056 seconds
[2026-04-10T03:28:53.928+0000] {processor.py:186} INFO - Started process (PID=80654) to work on /home/airflow/.local/lib/python3.12/site-packages/airflow/example_dags/example_kubernetes_executor.py
[2026-04-10T03:28:53.929+0000] {processor.py:914} INFO - Processing file /home/airflow/.local/lib/python3.12/site-packages/airflow/example_dags/example_kubernetes_executor.py for tasks to queue
[2026-04-10T03:28:53.929+0000] {logging_mixin.py:190} INFO - [2026-04-10T03:28:53.929+0000] {dagbag.py:588} INFO - Filling up the DagBag from /home/airflow/.local/lib/python3.12/site-packages/airflow/example_dags/example_kubernetes_executor.py
[2026-04-10T03:28:53.936+0000] {processor.py:925} INFO - DAG(s) 'example_kubernetes_executor' retrieved from /home/airflow/.local/lib/python3.12/site-packages/airflow/example_dags/example_kubernetes_executor.py
[2026-04-10T03:28:53.950+0000] {logging_mixin.py:190} INFO - [2026-04-10T03:28:53.950+0000] {dag.py:3239} INFO - Sync 1 DAGs
[2026-04-10T03:28:53.954+0000] {logging_mixin.py:190} INFO - [2026-04-10T03:28:53.954+0000] {dag.py:4180} INFO - Setting next_dagrun for example_kubernetes_executor to None, run_after=None
[2026-04-10T03:28:53.962+0000] {processor.py:208} INFO - Processing /home/airflow/.local/lib/python3.12/site-packages/airflow/example_dags/example_kubernetes_executor.py took 0.037 seconds
[2026-04-10T03:29:24.293+0000] {processor.py:186} INFO - Started process (PID=80718) to work on /home/airflow/.local/lib/python3.12/site-packages/airflow/example_dags/example_kubernetes_executor.py
[2026-04-10T03:29:24.293+0000] {processor.py:914} INFO - Processing file /home/airflow/.local/lib/python3.12/site-packages/airflow/example_dags/example_kubernetes_executor.py for tasks to queue
[2026-04-10T03:29:24.293+0000] {logging_mixin.py:190} INFO - [2026-04-10T03:29:24.293+0000] {dagbag.py:588} INFO - Filling up the DagBag from /home/airflow/.local/lib/python3.12/site-packages/airflow/example_dags/example_kubernetes_executor.py
[2026-04-10T03:29:24.301+0000] {processor.py:925} INFO - DAG(s) 'example_kubernetes_executor' retrieved from /home/airflow/.local/lib/python3.12/site-packages/airflow/example_dags/example_kubernetes_executor.py
[2026-04-10T03:29:24.314+0000] {logging_mixin.py:190} INFO - [2026-04-10T03:29:24.314+0000] {dag.py:3239} INFO - Sync 1 DAGs
[2026-04-10T03:29:24.320+0000] {logging_mixin.py:190} INFO - [2026-04-10T03:29:24.319+0000] {dag.py:4180} INFO - Setting next_dagrun for example_kubernetes_executor to None, run_after=None
[2026-04-10T03:29:24.329+0000] {processor.py:208} INFO - Processing /home/airflow/.local/lib/python3.12/site-packages/airflow/example_dags/example_kubernetes_executor.py took 0.039 seconds
[2026-04-10T03:29:54.810+0000] {processor.py:186} INFO - Started process (PID=80781) to work on /home/airflow/.local/lib/python3.12/site-packages/airflow/example_dags/example_kubernetes_executor.py
[2026-04-10T03:29:54.811+0000] {processor.py:914} INFO - Processing file /home/airflow/.local/lib/python3.12/site-packages/airflow/example_dags/example_kubernetes_executor.py for tasks to queue
[2026-04-10T03:29:54.812+0000] {logging_mixin.py:190} INFO - [2026-04-10T03:29:54.812+0000] {dagbag.py:588} INFO - Filling up the DagBag from /home/airflow/.local/lib/python3.12/site-packages/airflow/example_dags/example_kubernetes_executor.py
[2026-04-10T03:29:54.823+0000] {processor.py:925} INFO - DAG(s) 'example_kubernetes_executor' retrieved from /home/airflow/.local/lib/python3.12/site-packages/airflow/example_dags/example_kubernetes_executor.py
[2026-04-10T03:29:54.835+0000] {logging_mixin.py:190} INFO - [2026-04-10T03:29:54.835+0000] {dag.py:3239} INFO - Sync 1 DAGs
[2026-04-10T03:29:54.843+0000] {logging_mixin.py:190} INFO - [2026-04-10T03:29:54.843+0000] {dag.py:4180} INFO - Setting next_dagrun for example_kubernetes_executor to None, run_after=None
[2026-04-10T03:29:54.852+0000] {processor.py:208} INFO - Processing /home/airflow/.local/lib/python3.12/site-packages/airflow/example_dags/example_kubernetes_executor.py took 0.046 seconds
