[2026-04-10T00:07:15.326+0000] {processor.py:186} INFO - Started process (PID=78568) to work on /home/airflow/.local/lib/python3.12/site-packages/airflow/example_dags/example_setup_teardown_taskflow.py
[2026-04-10T00:07:15.328+0000] {processor.py:914} INFO - Processing file /home/airflow/.local/lib/python3.12/site-packages/airflow/example_dags/example_setup_teardown_taskflow.py for tasks to queue
[2026-04-10T00:07:15.329+0000] {logging_mixin.py:190} INFO - [2026-04-10T00:07:15.329+0000] {dagbag.py:588} INFO - Filling up the DagBag from /home/airflow/.local/lib/python3.12/site-packages/airflow/example_dags/example_setup_teardown_taskflow.py
[2026-04-10T00:07:15.336+0000] {processor.py:925} INFO - DAG(s) 'example_setup_teardown_taskflow' retrieved from /home/airflow/.local/lib/python3.12/site-packages/airflow/example_dags/example_setup_teardown_taskflow.py
[2026-04-10T00:07:15.349+0000] {logging_mixin.py:190} INFO - [2026-04-10T00:07:15.349+0000] {dag.py:3239} INFO - Sync 1 DAGs
[2026-04-10T00:07:15.355+0000] {logging_mixin.py:190} INFO - [2026-04-10T00:07:15.355+0000] {dag.py:4180} INFO - Setting next_dagrun for example_setup_teardown_taskflow to None, run_after=None
[2026-04-10T00:07:15.365+0000] {processor.py:208} INFO - Processing /home/airflow/.local/lib/python3.12/site-packages/airflow/example_dags/example_setup_teardown_taskflow.py took 0.043 seconds
[2026-04-10T00:22:48.202+0000] {processor.py:186} INFO - Started process (PID=78632) to work on /home/airflow/.local/lib/python3.12/site-packages/airflow/example_dags/example_setup_teardown_taskflow.py
[2026-04-10T00:22:48.203+0000] {processor.py:914} INFO - Processing file /home/airflow/.local/lib/python3.12/site-packages/airflow/example_dags/example_setup_teardown_taskflow.py for tasks to queue
[2026-04-10T00:22:48.204+0000] {logging_mixin.py:190} INFO - [2026-04-10T00:22:48.204+0000] {dagbag.py:588} INFO - Filling up the DagBag from /home/airflow/.local/lib/python3.12/site-packages/airflow/example_dags/example_setup_teardown_taskflow.py
[2026-04-10T00:22:48.210+0000] {processor.py:925} INFO - DAG(s) 'example_setup_teardown_taskflow' retrieved from /home/airflow/.local/lib/python3.12/site-packages/airflow/example_dags/example_setup_teardown_taskflow.py
[2026-04-10T00:22:48.221+0000] {logging_mixin.py:190} INFO - [2026-04-10T00:22:48.221+0000] {dag.py:3239} INFO - Sync 1 DAGs
[2026-04-10T00:22:48.228+0000] {logging_mixin.py:190} INFO - [2026-04-10T00:22:48.228+0000] {dag.py:4180} INFO - Setting next_dagrun for example_setup_teardown_taskflow to None, run_after=None
[2026-04-10T00:22:48.234+0000] {processor.py:208} INFO - Processing /home/airflow/.local/lib/python3.12/site-packages/airflow/example_dags/example_setup_teardown_taskflow.py took 0.035 seconds
[2026-04-10T00:23:19.125+0000] {processor.py:186} INFO - Started process (PID=78696) to work on /home/airflow/.local/lib/python3.12/site-packages/airflow/example_dags/example_setup_teardown_taskflow.py
[2026-04-10T00:23:19.126+0000] {processor.py:914} INFO - Processing file /home/airflow/.local/lib/python3.12/site-packages/airflow/example_dags/example_setup_teardown_taskflow.py for tasks to queue
[2026-04-10T00:23:19.129+0000] {logging_mixin.py:190} INFO - [2026-04-10T00:23:19.127+0000] {dagbag.py:588} INFO - Filling up the DagBag from /home/airflow/.local/lib/python3.12/site-packages/airflow/example_dags/example_setup_teardown_taskflow.py
[2026-04-10T00:23:19.138+0000] {processor.py:925} INFO - DAG(s) 'example_setup_teardown_taskflow' retrieved from /home/airflow/.local/lib/python3.12/site-packages/airflow/example_dags/example_setup_teardown_taskflow.py
[2026-04-10T00:23:19.150+0000] {logging_mixin.py:190} INFO - [2026-04-10T00:23:19.150+0000] {dag.py:3239} INFO - Sync 1 DAGs
[2026-04-10T00:23:19.156+0000] {logging_mixin.py:190} INFO - [2026-04-10T00:23:19.156+0000] {dag.py:4180} INFO - Setting next_dagrun for example_setup_teardown_taskflow to None, run_after=None
[2026-04-10T00:23:19.167+0000] {processor.py:208} INFO - Processing /home/airflow/.local/lib/python3.12/site-packages/airflow/example_dags/example_setup_teardown_taskflow.py took 0.045 seconds
[2026-04-10T00:38:49.059+0000] {processor.py:186} INFO - Started process (PID=78760) to work on /home/airflow/.local/lib/python3.12/site-packages/airflow/example_dags/example_setup_teardown_taskflow.py
[2026-04-10T00:38:49.060+0000] {processor.py:914} INFO - Processing file /home/airflow/.local/lib/python3.12/site-packages/airflow/example_dags/example_setup_teardown_taskflow.py for tasks to queue
[2026-04-10T00:38:49.061+0000] {logging_mixin.py:190} INFO - [2026-04-10T00:38:49.061+0000] {dagbag.py:588} INFO - Filling up the DagBag from /home/airflow/.local/lib/python3.12/site-packages/airflow/example_dags/example_setup_teardown_taskflow.py
[2026-04-10T00:38:49.067+0000] {processor.py:925} INFO - DAG(s) 'example_setup_teardown_taskflow' retrieved from /home/airflow/.local/lib/python3.12/site-packages/airflow/example_dags/example_setup_teardown_taskflow.py
[2026-04-10T00:38:49.076+0000] {logging_mixin.py:190} INFO - [2026-04-10T00:38:49.076+0000] {dag.py:3239} INFO - Sync 1 DAGs
[2026-04-10T00:38:49.081+0000] {logging_mixin.py:190} INFO - [2026-04-10T00:38:49.081+0000] {dag.py:4180} INFO - Setting next_dagrun for example_setup_teardown_taskflow to None, run_after=None
[2026-04-10T00:38:49.086+0000] {processor.py:208} INFO - Processing /home/airflow/.local/lib/python3.12/site-packages/airflow/example_dags/example_setup_teardown_taskflow.py took 0.029 seconds
[2026-04-10T00:41:53.454+0000] {processor.py:186} INFO - Started process (PID=78824) to work on /home/airflow/.local/lib/python3.12/site-packages/airflow/example_dags/example_setup_teardown_taskflow.py
[2026-04-10T00:41:53.454+0000] {processor.py:914} INFO - Processing file /home/airflow/.local/lib/python3.12/site-packages/airflow/example_dags/example_setup_teardown_taskflow.py for tasks to queue
[2026-04-10T00:41:53.456+0000] {logging_mixin.py:190} INFO - [2026-04-10T00:41:53.456+0000] {dagbag.py:588} INFO - Filling up the DagBag from /home/airflow/.local/lib/python3.12/site-packages/airflow/example_dags/example_setup_teardown_taskflow.py
[2026-04-10T00:41:53.460+0000] {processor.py:925} INFO - DAG(s) 'example_setup_teardown_taskflow' retrieved from /home/airflow/.local/lib/python3.12/site-packages/airflow/example_dags/example_setup_teardown_taskflow.py
[2026-04-10T00:41:53.472+0000] {logging_mixin.py:190} INFO - [2026-04-10T00:41:53.472+0000] {dag.py:3239} INFO - Sync 1 DAGs
[2026-04-10T00:41:53.478+0000] {logging_mixin.py:190} INFO - [2026-04-10T00:41:53.478+0000] {dag.py:4180} INFO - Setting next_dagrun for example_setup_teardown_taskflow to None, run_after=None
[2026-04-10T00:41:53.487+0000] {processor.py:208} INFO - Processing /home/airflow/.local/lib/python3.12/site-packages/airflow/example_dags/example_setup_teardown_taskflow.py took 0.036 seconds
[2026-04-10T00:42:24.792+0000] {processor.py:186} INFO - Started process (PID=78888) to work on /home/airflow/.local/lib/python3.12/site-packages/airflow/example_dags/example_setup_teardown_taskflow.py
[2026-04-10T00:42:24.792+0000] {processor.py:914} INFO - Processing file /home/airflow/.local/lib/python3.12/site-packages/airflow/example_dags/example_setup_teardown_taskflow.py for tasks to queue
[2026-04-10T00:42:24.793+0000] {logging_mixin.py:190} INFO - [2026-04-10T00:42:24.793+0000] {dagbag.py:588} INFO - Filling up the DagBag from /home/airflow/.local/lib/python3.12/site-packages/airflow/example_dags/example_setup_teardown_taskflow.py
[2026-04-10T00:42:24.797+0000] {processor.py:925} INFO - DAG(s) 'example_setup_teardown_taskflow' retrieved from /home/airflow/.local/lib/python3.12/site-packages/airflow/example_dags/example_setup_teardown_taskflow.py
[2026-04-10T00:42:24.805+0000] {logging_mixin.py:190} INFO - [2026-04-10T00:42:24.805+0000] {dag.py:3239} INFO - Sync 1 DAGs
[2026-04-10T00:42:24.813+0000] {logging_mixin.py:190} INFO - [2026-04-10T00:42:24.813+0000] {dag.py:4180} INFO - Setting next_dagrun for example_setup_teardown_taskflow to None, run_after=None
[2026-04-10T00:42:24.824+0000] {processor.py:208} INFO - Processing /home/airflow/.local/lib/python3.12/site-packages/airflow/example_dags/example_setup_teardown_taskflow.py took 0.034 seconds
[2026-04-10T00:57:55.161+0000] {processor.py:186} INFO - Started process (PID=78952) to work on /home/airflow/.local/lib/python3.12/site-packages/airflow/example_dags/example_setup_teardown_taskflow.py
[2026-04-10T00:57:55.161+0000] {processor.py:914} INFO - Processing file /home/airflow/.local/lib/python3.12/site-packages/airflow/example_dags/example_setup_teardown_taskflow.py for tasks to queue
[2026-04-10T00:57:55.161+0000] {logging_mixin.py:190} INFO - [2026-04-10T00:57:55.161+0000] {dagbag.py:588} INFO - Filling up the DagBag from /home/airflow/.local/lib/python3.12/site-packages/airflow/example_dags/example_setup_teardown_taskflow.py
[2026-04-10T00:57:55.167+0000] {processor.py:925} INFO - DAG(s) 'example_setup_teardown_taskflow' retrieved from /home/airflow/.local/lib/python3.12/site-packages/airflow/example_dags/example_setup_teardown_taskflow.py
[2026-04-10T00:57:55.178+0000] {logging_mixin.py:190} INFO - [2026-04-10T00:57:55.177+0000] {dag.py:3239} INFO - Sync 1 DAGs
[2026-04-10T00:57:55.184+0000] {logging_mixin.py:190} INFO - [2026-04-10T00:57:55.184+0000] {dag.py:4180} INFO - Setting next_dagrun for example_setup_teardown_taskflow to None, run_after=None
[2026-04-10T00:57:55.190+0000] {processor.py:208} INFO - Processing /home/airflow/.local/lib/python3.12/site-packages/airflow/example_dags/example_setup_teardown_taskflow.py took 0.031 seconds
[2026-04-10T01:13:27.975+0000] {processor.py:186} INFO - Started process (PID=79016) to work on /home/airflow/.local/lib/python3.12/site-packages/airflow/example_dags/example_setup_teardown_taskflow.py
[2026-04-10T01:13:27.978+0000] {processor.py:914} INFO - Processing file /home/airflow/.local/lib/python3.12/site-packages/airflow/example_dags/example_setup_teardown_taskflow.py for tasks to queue
[2026-04-10T01:13:27.981+0000] {logging_mixin.py:190} INFO - [2026-04-10T01:13:27.980+0000] {dagbag.py:588} INFO - Filling up the DagBag from /home/airflow/.local/lib/python3.12/site-packages/airflow/example_dags/example_setup_teardown_taskflow.py
[2026-04-10T01:13:28.002+0000] {processor.py:925} INFO - DAG(s) 'example_setup_teardown_taskflow' retrieved from /home/airflow/.local/lib/python3.12/site-packages/airflow/example_dags/example_setup_teardown_taskflow.py
[2026-04-10T01:13:28.051+0000] {logging_mixin.py:190} INFO - [2026-04-10T01:13:28.050+0000] {dag.py:3239} INFO - Sync 1 DAGs
[2026-04-10T01:13:28.086+0000] {logging_mixin.py:190} INFO - [2026-04-10T01:13:28.086+0000] {dag.py:4180} INFO - Setting next_dagrun for example_setup_teardown_taskflow to None, run_after=None
[2026-04-10T01:13:28.127+0000] {processor.py:208} INFO - Processing /home/airflow/.local/lib/python3.12/site-packages/airflow/example_dags/example_setup_teardown_taskflow.py took 0.164 seconds
[2026-04-10T01:13:58.977+0000] {processor.py:186} INFO - Started process (PID=79079) to work on /home/airflow/.local/lib/python3.12/site-packages/airflow/example_dags/example_setup_teardown_taskflow.py
[2026-04-10T01:13:58.980+0000] {processor.py:914} INFO - Processing file /home/airflow/.local/lib/python3.12/site-packages/airflow/example_dags/example_setup_teardown_taskflow.py for tasks to queue
[2026-04-10T01:13:58.983+0000] {logging_mixin.py:190} INFO - [2026-04-10T01:13:58.982+0000] {dagbag.py:588} INFO - Filling up the DagBag from /home/airflow/.local/lib/python3.12/site-packages/airflow/example_dags/example_setup_teardown_taskflow.py
[2026-04-10T01:13:58.989+0000] {processor.py:925} INFO - DAG(s) 'example_setup_teardown_taskflow' retrieved from /home/airflow/.local/lib/python3.12/site-packages/airflow/example_dags/example_setup_teardown_taskflow.py
[2026-04-10T01:13:59.003+0000] {logging_mixin.py:190} INFO - [2026-04-10T01:13:59.003+0000] {dag.py:3239} INFO - Sync 1 DAGs
[2026-04-10T01:13:59.009+0000] {logging_mixin.py:190} INFO - [2026-04-10T01:13:59.009+0000] {dag.py:4180} INFO - Setting next_dagrun for example_setup_teardown_taskflow to None, run_after=None
[2026-04-10T01:13:59.022+0000] {processor.py:208} INFO - Processing /home/airflow/.local/lib/python3.12/site-packages/airflow/example_dags/example_setup_teardown_taskflow.py took 0.049 seconds
[2026-04-10T01:29:26.469+0000] {processor.py:186} INFO - Started process (PID=79143) to work on /home/airflow/.local/lib/python3.12/site-packages/airflow/example_dags/example_setup_teardown_taskflow.py
[2026-04-10T01:29:26.470+0000] {processor.py:914} INFO - Processing file /home/airflow/.local/lib/python3.12/site-packages/airflow/example_dags/example_setup_teardown_taskflow.py for tasks to queue
[2026-04-10T01:29:26.471+0000] {logging_mixin.py:190} INFO - [2026-04-10T01:29:26.471+0000] {dagbag.py:588} INFO - Filling up the DagBag from /home/airflow/.local/lib/python3.12/site-packages/airflow/example_dags/example_setup_teardown_taskflow.py
[2026-04-10T01:29:26.474+0000] {processor.py:925} INFO - DAG(s) 'example_setup_teardown_taskflow' retrieved from /home/airflow/.local/lib/python3.12/site-packages/airflow/example_dags/example_setup_teardown_taskflow.py
[2026-04-10T01:29:26.486+0000] {logging_mixin.py:190} INFO - [2026-04-10T01:29:26.486+0000] {dag.py:3239} INFO - Sync 1 DAGs
[2026-04-10T01:29:26.492+0000] {logging_mixin.py:190} INFO - [2026-04-10T01:29:26.492+0000] {dag.py:4180} INFO - Setting next_dagrun for example_setup_teardown_taskflow to None, run_after=None
[2026-04-10T01:29:26.497+0000] {processor.py:208} INFO - Processing /home/airflow/.local/lib/python3.12/site-packages/airflow/example_dags/example_setup_teardown_taskflow.py took 0.031 seconds
[2026-04-10T01:29:56.923+0000] {processor.py:186} INFO - Started process (PID=79207) to work on /home/airflow/.local/lib/python3.12/site-packages/airflow/example_dags/example_setup_teardown_taskflow.py
[2026-04-10T01:29:56.924+0000] {processor.py:914} INFO - Processing file /home/airflow/.local/lib/python3.12/site-packages/airflow/example_dags/example_setup_teardown_taskflow.py for tasks to queue
[2026-04-10T01:29:56.925+0000] {logging_mixin.py:190} INFO - [2026-04-10T01:29:56.925+0000] {dagbag.py:588} INFO - Filling up the DagBag from /home/airflow/.local/lib/python3.12/site-packages/airflow/example_dags/example_setup_teardown_taskflow.py
[2026-04-10T01:29:56.930+0000] {processor.py:925} INFO - DAG(s) 'example_setup_teardown_taskflow' retrieved from /home/airflow/.local/lib/python3.12/site-packages/airflow/example_dags/example_setup_teardown_taskflow.py
[2026-04-10T01:29:56.942+0000] {logging_mixin.py:190} INFO - [2026-04-10T01:29:56.942+0000] {dag.py:3239} INFO - Sync 1 DAGs
[2026-04-10T01:29:56.948+0000] {logging_mixin.py:190} INFO - [2026-04-10T01:29:56.948+0000] {dag.py:4180} INFO - Setting next_dagrun for example_setup_teardown_taskflow to None, run_after=None
[2026-04-10T01:29:56.956+0000] {processor.py:208} INFO - Processing /home/airflow/.local/lib/python3.12/site-packages/airflow/example_dags/example_setup_teardown_taskflow.py took 0.035 seconds
[2026-04-10T01:43:16.264+0000] {processor.py:186} INFO - Started process (PID=79271) to work on /home/airflow/.local/lib/python3.12/site-packages/airflow/example_dags/example_setup_teardown_taskflow.py
[2026-04-10T01:43:16.264+0000] {processor.py:914} INFO - Processing file /home/airflow/.local/lib/python3.12/site-packages/airflow/example_dags/example_setup_teardown_taskflow.py for tasks to queue
[2026-04-10T01:43:16.265+0000] {logging_mixin.py:190} INFO - [2026-04-10T01:43:16.264+0000] {dagbag.py:588} INFO - Filling up the DagBag from /home/airflow/.local/lib/python3.12/site-packages/airflow/example_dags/example_setup_teardown_taskflow.py
[2026-04-10T01:43:16.269+0000] {processor.py:925} INFO - DAG(s) 'example_setup_teardown_taskflow' retrieved from /home/airflow/.local/lib/python3.12/site-packages/airflow/example_dags/example_setup_teardown_taskflow.py
[2026-04-10T01:43:16.276+0000] {logging_mixin.py:190} INFO - [2026-04-10T01:43:16.276+0000] {dag.py:3239} INFO - Sync 1 DAGs
[2026-04-10T01:43:16.281+0000] {logging_mixin.py:190} INFO - [2026-04-10T01:43:16.281+0000] {dag.py:4180} INFO - Setting next_dagrun for example_setup_teardown_taskflow to None, run_after=None
[2026-04-10T01:43:16.290+0000] {processor.py:208} INFO - Processing /home/airflow/.local/lib/python3.12/site-packages/airflow/example_dags/example_setup_teardown_taskflow.py took 0.029 seconds
[2026-04-10T01:58:48.095+0000] {processor.py:186} INFO - Started process (PID=79335) to work on /home/airflow/.local/lib/python3.12/site-packages/airflow/example_dags/example_setup_teardown_taskflow.py
[2026-04-10T01:58:48.096+0000] {processor.py:914} INFO - Processing file /home/airflow/.local/lib/python3.12/site-packages/airflow/example_dags/example_setup_teardown_taskflow.py for tasks to queue
[2026-04-10T01:58:48.096+0000] {logging_mixin.py:190} INFO - [2026-04-10T01:58:48.096+0000] {dagbag.py:588} INFO - Filling up the DagBag from /home/airflow/.local/lib/python3.12/site-packages/airflow/example_dags/example_setup_teardown_taskflow.py
[2026-04-10T01:58:48.102+0000] {processor.py:925} INFO - DAG(s) 'example_setup_teardown_taskflow' retrieved from /home/airflow/.local/lib/python3.12/site-packages/airflow/example_dags/example_setup_teardown_taskflow.py
[2026-04-10T01:58:48.113+0000] {logging_mixin.py:190} INFO - [2026-04-10T01:58:48.113+0000] {dag.py:3239} INFO - Sync 1 DAGs
[2026-04-10T01:58:48.118+0000] {logging_mixin.py:190} INFO - [2026-04-10T01:58:48.118+0000] {dag.py:4180} INFO - Setting next_dagrun for example_setup_teardown_taskflow to None, run_after=None
[2026-04-10T01:58:48.125+0000] {processor.py:208} INFO - Processing /home/airflow/.local/lib/python3.12/site-packages/airflow/example_dags/example_setup_teardown_taskflow.py took 0.033 seconds
[2026-04-10T01:59:19.415+0000] {processor.py:186} INFO - Started process (PID=79399) to work on /home/airflow/.local/lib/python3.12/site-packages/airflow/example_dags/example_setup_teardown_taskflow.py
[2026-04-10T01:59:19.417+0000] {processor.py:914} INFO - Processing file /home/airflow/.local/lib/python3.12/site-packages/airflow/example_dags/example_setup_teardown_taskflow.py for tasks to queue
[2026-04-10T01:59:19.417+0000] {logging_mixin.py:190} INFO - [2026-04-10T01:59:19.417+0000] {dagbag.py:588} INFO - Filling up the DagBag from /home/airflow/.local/lib/python3.12/site-packages/airflow/example_dags/example_setup_teardown_taskflow.py
[2026-04-10T01:59:19.423+0000] {processor.py:925} INFO - DAG(s) 'example_setup_teardown_taskflow' retrieved from /home/airflow/.local/lib/python3.12/site-packages/airflow/example_dags/example_setup_teardown_taskflow.py
[2026-04-10T01:59:19.434+0000] {logging_mixin.py:190} INFO - [2026-04-10T01:59:19.434+0000] {dag.py:3239} INFO - Sync 1 DAGs
[2026-04-10T01:59:19.439+0000] {logging_mixin.py:190} INFO - [2026-04-10T01:59:19.439+0000] {dag.py:4180} INFO - Setting next_dagrun for example_setup_teardown_taskflow to None, run_after=None
[2026-04-10T01:59:19.447+0000] {processor.py:208} INFO - Processing /home/airflow/.local/lib/python3.12/site-packages/airflow/example_dags/example_setup_teardown_taskflow.py took 0.035 seconds
[2026-04-10T02:14:51.807+0000] {processor.py:186} INFO - Started process (PID=79463) to work on /home/airflow/.local/lib/python3.12/site-packages/airflow/example_dags/example_setup_teardown_taskflow.py
[2026-04-10T02:14:51.808+0000] {processor.py:914} INFO - Processing file /home/airflow/.local/lib/python3.12/site-packages/airflow/example_dags/example_setup_teardown_taskflow.py for tasks to queue
[2026-04-10T02:14:51.809+0000] {logging_mixin.py:190} INFO - [2026-04-10T02:14:51.809+0000] {dagbag.py:588} INFO - Filling up the DagBag from /home/airflow/.local/lib/python3.12/site-packages/airflow/example_dags/example_setup_teardown_taskflow.py
[2026-04-10T02:14:51.815+0000] {processor.py:925} INFO - DAG(s) 'example_setup_teardown_taskflow' retrieved from /home/airflow/.local/lib/python3.12/site-packages/airflow/example_dags/example_setup_teardown_taskflow.py
[2026-04-10T02:14:51.825+0000] {logging_mixin.py:190} INFO - [2026-04-10T02:14:51.825+0000] {dag.py:3239} INFO - Sync 1 DAGs
[2026-04-10T02:14:51.829+0000] {logging_mixin.py:190} INFO - [2026-04-10T02:14:51.829+0000] {dag.py:4180} INFO - Setting next_dagrun for example_setup_teardown_taskflow to None, run_after=None
[2026-04-10T02:14:51.835+0000] {processor.py:208} INFO - Processing /home/airflow/.local/lib/python3.12/site-packages/airflow/example_dags/example_setup_teardown_taskflow.py took 0.030 seconds
[2026-04-10T02:20:02.338+0000] {processor.py:186} INFO - Started process (PID=79527) to work on /home/airflow/.local/lib/python3.12/site-packages/airflow/example_dags/example_setup_teardown_taskflow.py
[2026-04-10T02:20:02.339+0000] {processor.py:914} INFO - Processing file /home/airflow/.local/lib/python3.12/site-packages/airflow/example_dags/example_setup_teardown_taskflow.py for tasks to queue
[2026-04-10T02:20:02.339+0000] {logging_mixin.py:190} INFO - [2026-04-10T02:20:02.339+0000] {dagbag.py:588} INFO - Filling up the DagBag from /home/airflow/.local/lib/python3.12/site-packages/airflow/example_dags/example_setup_teardown_taskflow.py
[2026-04-10T02:20:02.345+0000] {processor.py:925} INFO - DAG(s) 'example_setup_teardown_taskflow' retrieved from /home/airflow/.local/lib/python3.12/site-packages/airflow/example_dags/example_setup_teardown_taskflow.py
[2026-04-10T02:20:02.356+0000] {logging_mixin.py:190} INFO - [2026-04-10T02:20:02.356+0000] {dag.py:3239} INFO - Sync 1 DAGs
[2026-04-10T02:20:02.364+0000] {logging_mixin.py:190} INFO - [2026-04-10T02:20:02.364+0000] {dag.py:4180} INFO - Setting next_dagrun for example_setup_teardown_taskflow to None, run_after=None
[2026-04-10T02:20:02.372+0000] {processor.py:208} INFO - Processing /home/airflow/.local/lib/python3.12/site-packages/airflow/example_dags/example_setup_teardown_taskflow.py took 0.038 seconds
[2026-04-10T02:20:33.069+0000] {processor.py:186} INFO - Started process (PID=79591) to work on /home/airflow/.local/lib/python3.12/site-packages/airflow/example_dags/example_setup_teardown_taskflow.py
[2026-04-10T02:20:33.070+0000] {processor.py:914} INFO - Processing file /home/airflow/.local/lib/python3.12/site-packages/airflow/example_dags/example_setup_teardown_taskflow.py for tasks to queue
[2026-04-10T02:20:33.070+0000] {logging_mixin.py:190} INFO - [2026-04-10T02:20:33.070+0000] {dagbag.py:588} INFO - Filling up the DagBag from /home/airflow/.local/lib/python3.12/site-packages/airflow/example_dags/example_setup_teardown_taskflow.py
[2026-04-10T02:20:33.075+0000] {processor.py:925} INFO - DAG(s) 'example_setup_teardown_taskflow' retrieved from /home/airflow/.local/lib/python3.12/site-packages/airflow/example_dags/example_setup_teardown_taskflow.py
[2026-04-10T02:20:33.083+0000] {logging_mixin.py:190} INFO - [2026-04-10T02:20:33.083+0000] {dag.py:3239} INFO - Sync 1 DAGs
[2026-04-10T02:20:33.088+0000] {logging_mixin.py:190} INFO - [2026-04-10T02:20:33.088+0000] {dag.py:4180} INFO - Setting next_dagrun for example_setup_teardown_taskflow to None, run_after=None
[2026-04-10T02:20:33.094+0000] {processor.py:208} INFO - Processing /home/airflow/.local/lib/python3.12/site-packages/airflow/example_dags/example_setup_teardown_taskflow.py took 0.027 seconds
[2026-04-10T02:38:21.938+0000] {processor.py:186} INFO - Started process (PID=79655) to work on /home/airflow/.local/lib/python3.12/site-packages/airflow/example_dags/example_setup_teardown_taskflow.py
[2026-04-10T02:38:21.938+0000] {processor.py:914} INFO - Processing file /home/airflow/.local/lib/python3.12/site-packages/airflow/example_dags/example_setup_teardown_taskflow.py for tasks to queue
[2026-04-10T02:38:21.939+0000] {logging_mixin.py:190} INFO - [2026-04-10T02:38:21.939+0000] {dagbag.py:588} INFO - Filling up the DagBag from /home/airflow/.local/lib/python3.12/site-packages/airflow/example_dags/example_setup_teardown_taskflow.py
[2026-04-10T02:38:21.944+0000] {processor.py:925} INFO - DAG(s) 'example_setup_teardown_taskflow' retrieved from /home/airflow/.local/lib/python3.12/site-packages/airflow/example_dags/example_setup_teardown_taskflow.py
[2026-04-10T02:38:21.955+0000] {logging_mixin.py:190} INFO - [2026-04-10T02:38:21.954+0000] {dag.py:3239} INFO - Sync 1 DAGs
[2026-04-10T02:38:21.960+0000] {logging_mixin.py:190} INFO - [2026-04-10T02:38:21.960+0000] {dag.py:4180} INFO - Setting next_dagrun for example_setup_teardown_taskflow to None, run_after=None
[2026-04-10T02:38:21.966+0000] {processor.py:208} INFO - Processing /home/airflow/.local/lib/python3.12/site-packages/airflow/example_dags/example_setup_teardown_taskflow.py took 0.032 seconds
[2026-04-10T02:44:08.805+0000] {processor.py:186} INFO - Started process (PID=79719) to work on /home/airflow/.local/lib/python3.12/site-packages/airflow/example_dags/example_setup_teardown_taskflow.py
[2026-04-10T02:44:08.807+0000] {processor.py:914} INFO - Processing file /home/airflow/.local/lib/python3.12/site-packages/airflow/example_dags/example_setup_teardown_taskflow.py for tasks to queue
[2026-04-10T02:44:08.808+0000] {logging_mixin.py:190} INFO - [2026-04-10T02:44:08.807+0000] {dagbag.py:588} INFO - Filling up the DagBag from /home/airflow/.local/lib/python3.12/site-packages/airflow/example_dags/example_setup_teardown_taskflow.py
[2026-04-10T02:44:08.811+0000] {processor.py:925} INFO - DAG(s) 'example_setup_teardown_taskflow' retrieved from /home/airflow/.local/lib/python3.12/site-packages/airflow/example_dags/example_setup_teardown_taskflow.py
[2026-04-10T02:44:08.819+0000] {logging_mixin.py:190} INFO - [2026-04-10T02:44:08.819+0000] {dag.py:3239} INFO - Sync 1 DAGs
[2026-04-10T02:44:08.824+0000] {logging_mixin.py:190} INFO - [2026-04-10T02:44:08.824+0000] {dag.py:4180} INFO - Setting next_dagrun for example_setup_teardown_taskflow to None, run_after=None
[2026-04-10T02:44:08.829+0000] {processor.py:208} INFO - Processing /home/airflow/.local/lib/python3.12/site-packages/airflow/example_dags/example_setup_teardown_taskflow.py took 0.027 seconds
[2026-04-10T02:59:40.400+0000] {processor.py:186} INFO - Started process (PID=79783) to work on /home/airflow/.local/lib/python3.12/site-packages/airflow/example_dags/example_setup_teardown_taskflow.py
[2026-04-10T02:59:40.401+0000] {processor.py:914} INFO - Processing file /home/airflow/.local/lib/python3.12/site-packages/airflow/example_dags/example_setup_teardown_taskflow.py for tasks to queue
[2026-04-10T02:59:40.402+0000] {logging_mixin.py:190} INFO - [2026-04-10T02:59:40.402+0000] {dagbag.py:588} INFO - Filling up the DagBag from /home/airflow/.local/lib/python3.12/site-packages/airflow/example_dags/example_setup_teardown_taskflow.py
[2026-04-10T02:59:40.406+0000] {processor.py:925} INFO - DAG(s) 'example_setup_teardown_taskflow' retrieved from /home/airflow/.local/lib/python3.12/site-packages/airflow/example_dags/example_setup_teardown_taskflow.py
[2026-04-10T02:59:40.417+0000] {logging_mixin.py:190} INFO - [2026-04-10T02:59:40.417+0000] {dag.py:3239} INFO - Sync 1 DAGs
[2026-04-10T02:59:40.424+0000] {logging_mixin.py:190} INFO - [2026-04-10T02:59:40.424+0000] {dag.py:4180} INFO - Setting next_dagrun for example_setup_teardown_taskflow to None, run_after=None
[2026-04-10T02:59:40.433+0000] {processor.py:208} INFO - Processing /home/airflow/.local/lib/python3.12/site-packages/airflow/example_dags/example_setup_teardown_taskflow.py took 0.035 seconds
[2026-04-10T03:00:10.701+0000] {processor.py:186} INFO - Started process (PID=79847) to work on /home/airflow/.local/lib/python3.12/site-packages/airflow/example_dags/example_setup_teardown_taskflow.py
[2026-04-10T03:00:10.703+0000] {processor.py:914} INFO - Processing file /home/airflow/.local/lib/python3.12/site-packages/airflow/example_dags/example_setup_teardown_taskflow.py for tasks to queue
[2026-04-10T03:00:10.703+0000] {logging_mixin.py:190} INFO - [2026-04-10T03:00:10.703+0000] {dagbag.py:588} INFO - Filling up the DagBag from /home/airflow/.local/lib/python3.12/site-packages/airflow/example_dags/example_setup_teardown_taskflow.py
[2026-04-10T03:00:10.709+0000] {processor.py:925} INFO - DAG(s) 'example_setup_teardown_taskflow' retrieved from /home/airflow/.local/lib/python3.12/site-packages/airflow/example_dags/example_setup_teardown_taskflow.py
[2026-04-10T03:00:10.720+0000] {logging_mixin.py:190} INFO - [2026-04-10T03:00:10.720+0000] {dag.py:3239} INFO - Sync 1 DAGs
[2026-04-10T03:00:10.725+0000] {logging_mixin.py:190} INFO - [2026-04-10T03:00:10.725+0000] {dag.py:4180} INFO - Setting next_dagrun for example_setup_teardown_taskflow to None, run_after=None
[2026-04-10T03:00:10.733+0000] {processor.py:208} INFO - Processing /home/airflow/.local/lib/python3.12/site-packages/airflow/example_dags/example_setup_teardown_taskflow.py took 0.035 seconds
[2026-04-10T03:15:41.506+0000] {processor.py:186} INFO - Started process (PID=79911) to work on /home/airflow/.local/lib/python3.12/site-packages/airflow/example_dags/example_setup_teardown_taskflow.py
[2026-04-10T03:15:41.507+0000] {processor.py:914} INFO - Processing file /home/airflow/.local/lib/python3.12/site-packages/airflow/example_dags/example_setup_teardown_taskflow.py for tasks to queue
[2026-04-10T03:15:41.507+0000] {logging_mixin.py:190} INFO - [2026-04-10T03:15:41.507+0000] {dagbag.py:588} INFO - Filling up the DagBag from /home/airflow/.local/lib/python3.12/site-packages/airflow/example_dags/example_setup_teardown_taskflow.py
[2026-04-10T03:15:41.515+0000] {processor.py:925} INFO - DAG(s) 'example_setup_teardown_taskflow' retrieved from /home/airflow/.local/lib/python3.12/site-packages/airflow/example_dags/example_setup_teardown_taskflow.py
[2026-04-10T03:15:41.529+0000] {logging_mixin.py:190} INFO - [2026-04-10T03:15:41.529+0000] {dag.py:3239} INFO - Sync 1 DAGs
[2026-04-10T03:15:41.534+0000] {logging_mixin.py:190} INFO - [2026-04-10T03:15:41.534+0000] {dag.py:4180} INFO - Setting next_dagrun for example_setup_teardown_taskflow to None, run_after=None
[2026-04-10T03:15:41.542+0000] {processor.py:208} INFO - Processing /home/airflow/.local/lib/python3.12/site-packages/airflow/example_dags/example_setup_teardown_taskflow.py took 0.038 seconds
[2026-04-10T03:23:20.675+0000] {processor.py:186} INFO - Started process (PID=79975) to work on /home/airflow/.local/lib/python3.12/site-packages/airflow/example_dags/example_setup_teardown_taskflow.py
[2026-04-10T03:23:20.676+0000] {processor.py:914} INFO - Processing file /home/airflow/.local/lib/python3.12/site-packages/airflow/example_dags/example_setup_teardown_taskflow.py for tasks to queue
[2026-04-10T03:23:20.676+0000] {logging_mixin.py:190} INFO - [2026-04-10T03:23:20.676+0000] {dagbag.py:588} INFO - Filling up the DagBag from /home/airflow/.local/lib/python3.12/site-packages/airflow/example_dags/example_setup_teardown_taskflow.py
[2026-04-10T03:23:20.681+0000] {processor.py:925} INFO - DAG(s) 'example_setup_teardown_taskflow' retrieved from /home/airflow/.local/lib/python3.12/site-packages/airflow/example_dags/example_setup_teardown_taskflow.py
[2026-04-10T03:23:20.693+0000] {logging_mixin.py:190} INFO - [2026-04-10T03:23:20.693+0000] {dag.py:3239} INFO - Sync 1 DAGs
[2026-04-10T03:23:20.698+0000] {logging_mixin.py:190} INFO - [2026-04-10T03:23:20.698+0000] {dag.py:4180} INFO - Setting next_dagrun for example_setup_teardown_taskflow to None, run_after=None
[2026-04-10T03:23:20.707+0000] {processor.py:208} INFO - Processing /home/airflow/.local/lib/python3.12/site-packages/airflow/example_dags/example_setup_teardown_taskflow.py took 0.034 seconds
[2026-04-10T03:23:51.555+0000] {processor.py:186} INFO - Started process (PID=80039) to work on /home/airflow/.local/lib/python3.12/site-packages/airflow/example_dags/example_setup_teardown_taskflow.py
[2026-04-10T03:23:51.556+0000] {processor.py:914} INFO - Processing file /home/airflow/.local/lib/python3.12/site-packages/airflow/example_dags/example_setup_teardown_taskflow.py for tasks to queue
[2026-04-10T03:23:51.556+0000] {logging_mixin.py:190} INFO - [2026-04-10T03:23:51.556+0000] {dagbag.py:588} INFO - Filling up the DagBag from /home/airflow/.local/lib/python3.12/site-packages/airflow/example_dags/example_setup_teardown_taskflow.py
[2026-04-10T03:23:51.563+0000] {processor.py:925} INFO - DAG(s) 'example_setup_teardown_taskflow' retrieved from /home/airflow/.local/lib/python3.12/site-packages/airflow/example_dags/example_setup_teardown_taskflow.py
[2026-04-10T03:23:51.572+0000] {logging_mixin.py:190} INFO - [2026-04-10T03:23:51.572+0000] {dag.py:3239} INFO - Sync 1 DAGs
[2026-04-10T03:23:51.577+0000] {logging_mixin.py:190} INFO - [2026-04-10T03:23:51.577+0000] {dag.py:4180} INFO - Setting next_dagrun for example_setup_teardown_taskflow to None, run_after=None
[2026-04-10T03:23:51.587+0000] {processor.py:208} INFO - Processing /home/airflow/.local/lib/python3.12/site-packages/airflow/example_dags/example_setup_teardown_taskflow.py took 0.035 seconds
[2026-04-10T03:24:22.176+0000] {processor.py:186} INFO - Started process (PID=80103) to work on /home/airflow/.local/lib/python3.12/site-packages/airflow/example_dags/example_setup_teardown_taskflow.py
[2026-04-10T03:24:22.178+0000] {processor.py:914} INFO - Processing file /home/airflow/.local/lib/python3.12/site-packages/airflow/example_dags/example_setup_teardown_taskflow.py for tasks to queue
[2026-04-10T03:24:22.178+0000] {logging_mixin.py:190} INFO - [2026-04-10T03:24:22.178+0000] {dagbag.py:588} INFO - Filling up the DagBag from /home/airflow/.local/lib/python3.12/site-packages/airflow/example_dags/example_setup_teardown_taskflow.py
[2026-04-10T03:24:22.183+0000] {processor.py:925} INFO - DAG(s) 'example_setup_teardown_taskflow' retrieved from /home/airflow/.local/lib/python3.12/site-packages/airflow/example_dags/example_setup_teardown_taskflow.py
[2026-04-10T03:24:22.196+0000] {logging_mixin.py:190} INFO - [2026-04-10T03:24:22.196+0000] {dag.py:3239} INFO - Sync 1 DAGs
[2026-04-10T03:24:22.201+0000] {logging_mixin.py:190} INFO - [2026-04-10T03:24:22.201+0000] {dag.py:4180} INFO - Setting next_dagrun for example_setup_teardown_taskflow to None, run_after=None
[2026-04-10T03:24:22.210+0000] {processor.py:208} INFO - Processing /home/airflow/.local/lib/python3.12/site-packages/airflow/example_dags/example_setup_teardown_taskflow.py took 0.036 seconds
[2026-04-10T03:24:52.568+0000] {processor.py:186} INFO - Started process (PID=80167) to work on /home/airflow/.local/lib/python3.12/site-packages/airflow/example_dags/example_setup_teardown_taskflow.py
[2026-04-10T03:24:52.569+0000] {processor.py:914} INFO - Processing file /home/airflow/.local/lib/python3.12/site-packages/airflow/example_dags/example_setup_teardown_taskflow.py for tasks to queue
[2026-04-10T03:24:52.571+0000] {logging_mixin.py:190} INFO - [2026-04-10T03:24:52.571+0000] {dagbag.py:588} INFO - Filling up the DagBag from /home/airflow/.local/lib/python3.12/site-packages/airflow/example_dags/example_setup_teardown_taskflow.py
[2026-04-10T03:24:52.577+0000] {processor.py:925} INFO - DAG(s) 'example_setup_teardown_taskflow' retrieved from /home/airflow/.local/lib/python3.12/site-packages/airflow/example_dags/example_setup_teardown_taskflow.py
[2026-04-10T03:24:52.593+0000] {logging_mixin.py:190} INFO - [2026-04-10T03:24:52.593+0000] {dag.py:3239} INFO - Sync 1 DAGs
[2026-04-10T03:24:52.606+0000] {logging_mixin.py:190} INFO - [2026-04-10T03:24:52.606+0000] {dag.py:4180} INFO - Setting next_dagrun for example_setup_teardown_taskflow to None, run_after=None
[2026-04-10T03:24:52.617+0000] {processor.py:208} INFO - Processing /home/airflow/.local/lib/python3.12/site-packages/airflow/example_dags/example_setup_teardown_taskflow.py took 0.051 seconds
[2026-04-10T03:25:23.009+0000] {processor.py:186} INFO - Started process (PID=80231) to work on /home/airflow/.local/lib/python3.12/site-packages/airflow/example_dags/example_setup_teardown_taskflow.py
[2026-04-10T03:25:23.010+0000] {processor.py:914} INFO - Processing file /home/airflow/.local/lib/python3.12/site-packages/airflow/example_dags/example_setup_teardown_taskflow.py for tasks to queue
[2026-04-10T03:25:23.011+0000] {logging_mixin.py:190} INFO - [2026-04-10T03:25:23.011+0000] {dagbag.py:588} INFO - Filling up the DagBag from /home/airflow/.local/lib/python3.12/site-packages/airflow/example_dags/example_setup_teardown_taskflow.py
[2026-04-10T03:25:23.016+0000] {processor.py:925} INFO - DAG(s) 'example_setup_teardown_taskflow' retrieved from /home/airflow/.local/lib/python3.12/site-packages/airflow/example_dags/example_setup_teardown_taskflow.py
[2026-04-10T03:25:23.029+0000] {logging_mixin.py:190} INFO - [2026-04-10T03:25:23.028+0000] {dag.py:3239} INFO - Sync 1 DAGs
[2026-04-10T03:25:23.034+0000] {logging_mixin.py:190} INFO - [2026-04-10T03:25:23.034+0000] {dag.py:4180} INFO - Setting next_dagrun for example_setup_teardown_taskflow to None, run_after=None
[2026-04-10T03:25:23.045+0000] {processor.py:208} INFO - Processing /home/airflow/.local/lib/python3.12/site-packages/airflow/example_dags/example_setup_teardown_taskflow.py took 0.039 seconds
[2026-04-10T03:25:53.489+0000] {processor.py:186} INFO - Started process (PID=80295) to work on /home/airflow/.local/lib/python3.12/site-packages/airflow/example_dags/example_setup_teardown_taskflow.py
[2026-04-10T03:25:53.490+0000] {processor.py:914} INFO - Processing file /home/airflow/.local/lib/python3.12/site-packages/airflow/example_dags/example_setup_teardown_taskflow.py for tasks to queue
[2026-04-10T03:25:53.491+0000] {logging_mixin.py:190} INFO - [2026-04-10T03:25:53.491+0000] {dagbag.py:588} INFO - Filling up the DagBag from /home/airflow/.local/lib/python3.12/site-packages/airflow/example_dags/example_setup_teardown_taskflow.py
[2026-04-10T03:25:53.497+0000] {processor.py:925} INFO - DAG(s) 'example_setup_teardown_taskflow' retrieved from /home/airflow/.local/lib/python3.12/site-packages/airflow/example_dags/example_setup_teardown_taskflow.py
[2026-04-10T03:25:53.509+0000] {logging_mixin.py:190} INFO - [2026-04-10T03:25:53.509+0000] {dag.py:3239} INFO - Sync 1 DAGs
[2026-04-10T03:25:53.515+0000] {logging_mixin.py:190} INFO - [2026-04-10T03:25:53.515+0000] {dag.py:4180} INFO - Setting next_dagrun for example_setup_teardown_taskflow to None, run_after=None
[2026-04-10T03:25:53.530+0000] {processor.py:208} INFO - Processing /home/airflow/.local/lib/python3.12/site-packages/airflow/example_dags/example_setup_teardown_taskflow.py took 0.043 seconds
[2026-04-10T03:26:24.748+0000] {processor.py:186} INFO - Started process (PID=80359) to work on /home/airflow/.local/lib/python3.12/site-packages/airflow/example_dags/example_setup_teardown_taskflow.py
[2026-04-10T03:26:24.748+0000] {processor.py:914} INFO - Processing file /home/airflow/.local/lib/python3.12/site-packages/airflow/example_dags/example_setup_teardown_taskflow.py for tasks to queue
[2026-04-10T03:26:24.749+0000] {logging_mixin.py:190} INFO - [2026-04-10T03:26:24.749+0000] {dagbag.py:588} INFO - Filling up the DagBag from /home/airflow/.local/lib/python3.12/site-packages/airflow/example_dags/example_setup_teardown_taskflow.py
[2026-04-10T03:26:24.755+0000] {processor.py:925} INFO - DAG(s) 'example_setup_teardown_taskflow' retrieved from /home/airflow/.local/lib/python3.12/site-packages/airflow/example_dags/example_setup_teardown_taskflow.py
[2026-04-10T03:26:24.767+0000] {logging_mixin.py:190} INFO - [2026-04-10T03:26:24.767+0000] {dag.py:3239} INFO - Sync 1 DAGs
[2026-04-10T03:26:24.772+0000] {logging_mixin.py:190} INFO - [2026-04-10T03:26:24.772+0000] {dag.py:4180} INFO - Setting next_dagrun for example_setup_teardown_taskflow to None, run_after=None
[2026-04-10T03:26:24.781+0000] {processor.py:208} INFO - Processing /home/airflow/.local/lib/python3.12/site-packages/airflow/example_dags/example_setup_teardown_taskflow.py took 0.035 seconds
[2026-04-10T03:26:55.190+0000] {processor.py:186} INFO - Started process (PID=80423) to work on /home/airflow/.local/lib/python3.12/site-packages/airflow/example_dags/example_setup_teardown_taskflow.py
[2026-04-10T03:26:55.191+0000] {processor.py:914} INFO - Processing file /home/airflow/.local/lib/python3.12/site-packages/airflow/example_dags/example_setup_teardown_taskflow.py for tasks to queue
[2026-04-10T03:26:55.193+0000] {logging_mixin.py:190} INFO - [2026-04-10T03:26:55.192+0000] {dagbag.py:588} INFO - Filling up the DagBag from /home/airflow/.local/lib/python3.12/site-packages/airflow/example_dags/example_setup_teardown_taskflow.py
[2026-04-10T03:26:55.199+0000] {processor.py:925} INFO - DAG(s) 'example_setup_teardown_taskflow' retrieved from /home/airflow/.local/lib/python3.12/site-packages/airflow/example_dags/example_setup_teardown_taskflow.py
[2026-04-10T03:26:55.210+0000] {logging_mixin.py:190} INFO - [2026-04-10T03:26:55.210+0000] {dag.py:3239} INFO - Sync 1 DAGs
[2026-04-10T03:26:55.218+0000] {logging_mixin.py:190} INFO - [2026-04-10T03:26:55.218+0000] {dag.py:4180} INFO - Setting next_dagrun for example_setup_teardown_taskflow to None, run_after=None
[2026-04-10T03:26:55.232+0000] {processor.py:208} INFO - Processing /home/airflow/.local/lib/python3.12/site-packages/airflow/example_dags/example_setup_teardown_taskflow.py took 0.045 seconds
[2026-04-10T03:27:25.583+0000] {processor.py:186} INFO - Started process (PID=80487) to work on /home/airflow/.local/lib/python3.12/site-packages/airflow/example_dags/example_setup_teardown_taskflow.py
[2026-04-10T03:27:25.585+0000] {processor.py:914} INFO - Processing file /home/airflow/.local/lib/python3.12/site-packages/airflow/example_dags/example_setup_teardown_taskflow.py for tasks to queue
[2026-04-10T03:27:25.585+0000] {logging_mixin.py:190} INFO - [2026-04-10T03:27:25.585+0000] {dagbag.py:588} INFO - Filling up the DagBag from /home/airflow/.local/lib/python3.12/site-packages/airflow/example_dags/example_setup_teardown_taskflow.py
[2026-04-10T03:27:25.592+0000] {processor.py:925} INFO - DAG(s) 'example_setup_teardown_taskflow' retrieved from /home/airflow/.local/lib/python3.12/site-packages/airflow/example_dags/example_setup_teardown_taskflow.py
[2026-04-10T03:27:25.605+0000] {logging_mixin.py:190} INFO - [2026-04-10T03:27:25.605+0000] {dag.py:3239} INFO - Sync 1 DAGs
[2026-04-10T03:27:25.610+0000] {logging_mixin.py:190} INFO - [2026-04-10T03:27:25.610+0000] {dag.py:4180} INFO - Setting next_dagrun for example_setup_teardown_taskflow to None, run_after=None
[2026-04-10T03:27:25.620+0000] {processor.py:208} INFO - Processing /home/airflow/.local/lib/python3.12/site-packages/airflow/example_dags/example_setup_teardown_taskflow.py took 0.039 seconds
[2026-04-10T03:27:55.938+0000] {processor.py:186} INFO - Started process (PID=80551) to work on /home/airflow/.local/lib/python3.12/site-packages/airflow/example_dags/example_setup_teardown_taskflow.py
[2026-04-10T03:27:55.939+0000] {processor.py:914} INFO - Processing file /home/airflow/.local/lib/python3.12/site-packages/airflow/example_dags/example_setup_teardown_taskflow.py for tasks to queue
[2026-04-10T03:27:55.939+0000] {logging_mixin.py:190} INFO - [2026-04-10T03:27:55.939+0000] {dagbag.py:588} INFO - Filling up the DagBag from /home/airflow/.local/lib/python3.12/site-packages/airflow/example_dags/example_setup_teardown_taskflow.py
[2026-04-10T03:27:55.944+0000] {processor.py:925} INFO - DAG(s) 'example_setup_teardown_taskflow' retrieved from /home/airflow/.local/lib/python3.12/site-packages/airflow/example_dags/example_setup_teardown_taskflow.py
[2026-04-10T03:27:55.954+0000] {logging_mixin.py:190} INFO - [2026-04-10T03:27:55.954+0000] {dag.py:3239} INFO - Sync 1 DAGs
[2026-04-10T03:27:55.960+0000] {logging_mixin.py:190} INFO - [2026-04-10T03:27:55.960+0000] {dag.py:4180} INFO - Setting next_dagrun for example_setup_teardown_taskflow to None, run_after=None
[2026-04-10T03:27:55.968+0000] {processor.py:208} INFO - Processing /home/airflow/.local/lib/python3.12/site-packages/airflow/example_dags/example_setup_teardown_taskflow.py took 0.033 seconds
[2026-04-10T03:28:26.688+0000] {processor.py:186} INFO - Started process (PID=80615) to work on /home/airflow/.local/lib/python3.12/site-packages/airflow/example_dags/example_setup_teardown_taskflow.py
[2026-04-10T03:28:26.689+0000] {processor.py:914} INFO - Processing file /home/airflow/.local/lib/python3.12/site-packages/airflow/example_dags/example_setup_teardown_taskflow.py for tasks to queue
[2026-04-10T03:28:26.691+0000] {logging_mixin.py:190} INFO - [2026-04-10T03:28:26.690+0000] {dagbag.py:588} INFO - Filling up the DagBag from /home/airflow/.local/lib/python3.12/site-packages/airflow/example_dags/example_setup_teardown_taskflow.py
[2026-04-10T03:28:26.696+0000] {processor.py:925} INFO - DAG(s) 'example_setup_teardown_taskflow' retrieved from /home/airflow/.local/lib/python3.12/site-packages/airflow/example_dags/example_setup_teardown_taskflow.py
[2026-04-10T03:28:26.710+0000] {logging_mixin.py:190} INFO - [2026-04-10T03:28:26.710+0000] {dag.py:3239} INFO - Sync 1 DAGs
[2026-04-10T03:28:26.715+0000] {logging_mixin.py:190} INFO - [2026-04-10T03:28:26.715+0000] {dag.py:4180} INFO - Setting next_dagrun for example_setup_teardown_taskflow to None, run_after=None
[2026-04-10T03:28:26.723+0000] {processor.py:208} INFO - Processing /home/airflow/.local/lib/python3.12/site-packages/airflow/example_dags/example_setup_teardown_taskflow.py took 0.037 seconds
[2026-04-10T03:28:57.175+0000] {processor.py:186} INFO - Started process (PID=80679) to work on /home/airflow/.local/lib/python3.12/site-packages/airflow/example_dags/example_setup_teardown_taskflow.py
[2026-04-10T03:28:57.176+0000] {processor.py:914} INFO - Processing file /home/airflow/.local/lib/python3.12/site-packages/airflow/example_dags/example_setup_teardown_taskflow.py for tasks to queue
[2026-04-10T03:28:57.176+0000] {logging_mixin.py:190} INFO - [2026-04-10T03:28:57.176+0000] {dagbag.py:588} INFO - Filling up the DagBag from /home/airflow/.local/lib/python3.12/site-packages/airflow/example_dags/example_setup_teardown_taskflow.py
[2026-04-10T03:28:57.180+0000] {processor.py:925} INFO - DAG(s) 'example_setup_teardown_taskflow' retrieved from /home/airflow/.local/lib/python3.12/site-packages/airflow/example_dags/example_setup_teardown_taskflow.py
[2026-04-10T03:28:57.188+0000] {logging_mixin.py:190} INFO - [2026-04-10T03:28:57.188+0000] {dag.py:3239} INFO - Sync 1 DAGs
[2026-04-10T03:28:57.193+0000] {logging_mixin.py:190} INFO - [2026-04-10T03:28:57.193+0000] {dag.py:4180} INFO - Setting next_dagrun for example_setup_teardown_taskflow to None, run_after=None
[2026-04-10T03:28:57.201+0000] {processor.py:208} INFO - Processing /home/airflow/.local/lib/python3.12/site-packages/airflow/example_dags/example_setup_teardown_taskflow.py took 0.028 seconds
[2026-04-10T03:29:27.601+0000] {processor.py:186} INFO - Started process (PID=80743) to work on /home/airflow/.local/lib/python3.12/site-packages/airflow/example_dags/example_setup_teardown_taskflow.py
[2026-04-10T03:29:27.602+0000] {processor.py:914} INFO - Processing file /home/airflow/.local/lib/python3.12/site-packages/airflow/example_dags/example_setup_teardown_taskflow.py for tasks to queue
[2026-04-10T03:29:27.602+0000] {logging_mixin.py:190} INFO - [2026-04-10T03:29:27.602+0000] {dagbag.py:588} INFO - Filling up the DagBag from /home/airflow/.local/lib/python3.12/site-packages/airflow/example_dags/example_setup_teardown_taskflow.py
[2026-04-10T03:29:27.607+0000] {processor.py:925} INFO - DAG(s) 'example_setup_teardown_taskflow' retrieved from /home/airflow/.local/lib/python3.12/site-packages/airflow/example_dags/example_setup_teardown_taskflow.py
[2026-04-10T03:29:27.614+0000] {logging_mixin.py:190} INFO - [2026-04-10T03:29:27.614+0000] {dag.py:3239} INFO - Sync 1 DAGs
[2026-04-10T03:29:27.618+0000] {logging_mixin.py:190} INFO - [2026-04-10T03:29:27.618+0000] {dag.py:4180} INFO - Setting next_dagrun for example_setup_teardown_taskflow to None, run_after=None
[2026-04-10T03:29:27.628+0000] {processor.py:208} INFO - Processing /home/airflow/.local/lib/python3.12/site-packages/airflow/example_dags/example_setup_teardown_taskflow.py took 0.029 seconds
[2026-04-10T03:29:58.136+0000] {processor.py:186} INFO - Started process (PID=80806) to work on /home/airflow/.local/lib/python3.12/site-packages/airflow/example_dags/example_setup_teardown_taskflow.py
[2026-04-10T03:29:58.137+0000] {processor.py:914} INFO - Processing file /home/airflow/.local/lib/python3.12/site-packages/airflow/example_dags/example_setup_teardown_taskflow.py for tasks to queue
[2026-04-10T03:29:58.138+0000] {logging_mixin.py:190} INFO - [2026-04-10T03:29:58.138+0000] {dagbag.py:588} INFO - Filling up the DagBag from /home/airflow/.local/lib/python3.12/site-packages/airflow/example_dags/example_setup_teardown_taskflow.py
[2026-04-10T03:29:58.143+0000] {processor.py:925} INFO - DAG(s) 'example_setup_teardown_taskflow' retrieved from /home/airflow/.local/lib/python3.12/site-packages/airflow/example_dags/example_setup_teardown_taskflow.py
[2026-04-10T03:29:58.159+0000] {logging_mixin.py:190} INFO - [2026-04-10T03:29:58.158+0000] {dag.py:3239} INFO - Sync 1 DAGs
[2026-04-10T03:29:58.170+0000] {logging_mixin.py:190} INFO - [2026-04-10T03:29:58.169+0000] {dag.py:4180} INFO - Setting next_dagrun for example_setup_teardown_taskflow to None, run_after=None
[2026-04-10T03:29:58.180+0000] {processor.py:208} INFO - Processing /home/airflow/.local/lib/python3.12/site-packages/airflow/example_dags/example_setup_teardown_taskflow.py took 0.047 seconds
