[2026-04-10T00:07:14.167+0000] {processor.py:186} INFO - Started process (PID=78546) to work on /home/airflow/.local/lib/python3.12/site-packages/airflow/example_dags/example_task_group.py
[2026-04-10T00:07:14.167+0000] {processor.py:914} INFO - Processing file /home/airflow/.local/lib/python3.12/site-packages/airflow/example_dags/example_task_group.py for tasks to queue
[2026-04-10T00:07:14.167+0000] {logging_mixin.py:190} INFO - [2026-04-10T00:07:14.167+0000] {dagbag.py:588} INFO - Filling up the DagBag from /home/airflow/.local/lib/python3.12/site-packages/airflow/example_dags/example_task_group.py
[2026-04-10T00:07:14.173+0000] {processor.py:925} INFO - DAG(s) 'example_task_group' retrieved from /home/airflow/.local/lib/python3.12/site-packages/airflow/example_dags/example_task_group.py
[2026-04-10T00:07:14.184+0000] {logging_mixin.py:190} INFO - [2026-04-10T00:07:14.184+0000] {dag.py:3239} INFO - Sync 1 DAGs
[2026-04-10T00:07:14.190+0000] {logging_mixin.py:190} INFO - [2026-04-10T00:07:14.190+0000] {dag.py:4180} INFO - Setting next_dagrun for example_task_group to None, run_after=None
[2026-04-10T00:07:14.196+0000] {processor.py:208} INFO - Processing /home/airflow/.local/lib/python3.12/site-packages/airflow/example_dags/example_task_group.py took 0.032 seconds
[2026-04-10T00:22:47.337+0000] {processor.py:186} INFO - Started process (PID=78610) to work on /home/airflow/.local/lib/python3.12/site-packages/airflow/example_dags/example_task_group.py
[2026-04-10T00:22:47.337+0000] {processor.py:914} INFO - Processing file /home/airflow/.local/lib/python3.12/site-packages/airflow/example_dags/example_task_group.py for tasks to queue
[2026-04-10T00:22:47.338+0000] {logging_mixin.py:190} INFO - [2026-04-10T00:22:47.338+0000] {dagbag.py:588} INFO - Filling up the DagBag from /home/airflow/.local/lib/python3.12/site-packages/airflow/example_dags/example_task_group.py
[2026-04-10T00:22:47.342+0000] {processor.py:925} INFO - DAG(s) 'example_task_group' retrieved from /home/airflow/.local/lib/python3.12/site-packages/airflow/example_dags/example_task_group.py
[2026-04-10T00:22:47.352+0000] {logging_mixin.py:190} INFO - [2026-04-10T00:22:47.352+0000] {dag.py:3239} INFO - Sync 1 DAGs
[2026-04-10T00:22:47.358+0000] {logging_mixin.py:190} INFO - [2026-04-10T00:22:47.358+0000] {dag.py:4180} INFO - Setting next_dagrun for example_task_group to None, run_after=None
[2026-04-10T00:22:47.364+0000] {processor.py:208} INFO - Processing /home/airflow/.local/lib/python3.12/site-packages/airflow/example_dags/example_task_group.py took 0.030 seconds
[2026-04-10T00:23:17.928+0000] {processor.py:186} INFO - Started process (PID=78674) to work on /home/airflow/.local/lib/python3.12/site-packages/airflow/example_dags/example_task_group.py
[2026-04-10T00:23:17.928+0000] {processor.py:914} INFO - Processing file /home/airflow/.local/lib/python3.12/site-packages/airflow/example_dags/example_task_group.py for tasks to queue
[2026-04-10T00:23:17.929+0000] {logging_mixin.py:190} INFO - [2026-04-10T00:23:17.929+0000] {dagbag.py:588} INFO - Filling up the DagBag from /home/airflow/.local/lib/python3.12/site-packages/airflow/example_dags/example_task_group.py
[2026-04-10T00:23:17.933+0000] {processor.py:925} INFO - DAG(s) 'example_task_group' retrieved from /home/airflow/.local/lib/python3.12/site-packages/airflow/example_dags/example_task_group.py
[2026-04-10T00:23:17.947+0000] {logging_mixin.py:190} INFO - [2026-04-10T00:23:17.947+0000] {dag.py:3239} INFO - Sync 1 DAGs
[2026-04-10T00:23:17.959+0000] {logging_mixin.py:190} INFO - [2026-04-10T00:23:17.959+0000] {dag.py:4180} INFO - Setting next_dagrun for example_task_group to None, run_after=None
[2026-04-10T00:23:17.972+0000] {processor.py:208} INFO - Processing /home/airflow/.local/lib/python3.12/site-packages/airflow/example_dags/example_task_group.py took 0.047 seconds
[2026-04-10T00:38:48.028+0000] {processor.py:186} INFO - Started process (PID=78738) to work on /home/airflow/.local/lib/python3.12/site-packages/airflow/example_dags/example_task_group.py
[2026-04-10T00:38:48.029+0000] {processor.py:914} INFO - Processing file /home/airflow/.local/lib/python3.12/site-packages/airflow/example_dags/example_task_group.py for tasks to queue
[2026-04-10T00:38:48.029+0000] {logging_mixin.py:190} INFO - [2026-04-10T00:38:48.029+0000] {dagbag.py:588} INFO - Filling up the DagBag from /home/airflow/.local/lib/python3.12/site-packages/airflow/example_dags/example_task_group.py
[2026-04-10T00:38:48.034+0000] {processor.py:925} INFO - DAG(s) 'example_task_group' retrieved from /home/airflow/.local/lib/python3.12/site-packages/airflow/example_dags/example_task_group.py
[2026-04-10T00:38:48.044+0000] {logging_mixin.py:190} INFO - [2026-04-10T00:38:48.044+0000] {dag.py:3239} INFO - Sync 1 DAGs
[2026-04-10T00:38:48.051+0000] {logging_mixin.py:190} INFO - [2026-04-10T00:38:48.051+0000] {dag.py:4180} INFO - Setting next_dagrun for example_task_group to None, run_after=None
[2026-04-10T00:38:48.058+0000] {processor.py:208} INFO - Processing /home/airflow/.local/lib/python3.12/site-packages/airflow/example_dags/example_task_group.py took 0.034 seconds
[2026-04-10T00:41:52.576+0000] {processor.py:186} INFO - Started process (PID=78802) to work on /home/airflow/.local/lib/python3.12/site-packages/airflow/example_dags/example_task_group.py
[2026-04-10T00:41:52.576+0000] {processor.py:914} INFO - Processing file /home/airflow/.local/lib/python3.12/site-packages/airflow/example_dags/example_task_group.py for tasks to queue
[2026-04-10T00:41:52.576+0000] {logging_mixin.py:190} INFO - [2026-04-10T00:41:52.576+0000] {dagbag.py:588} INFO - Filling up the DagBag from /home/airflow/.local/lib/python3.12/site-packages/airflow/example_dags/example_task_group.py
[2026-04-10T00:41:52.580+0000] {processor.py:925} INFO - DAG(s) 'example_task_group' retrieved from /home/airflow/.local/lib/python3.12/site-packages/airflow/example_dags/example_task_group.py
[2026-04-10T00:41:52.590+0000] {logging_mixin.py:190} INFO - [2026-04-10T00:41:52.590+0000] {dag.py:3239} INFO - Sync 1 DAGs
[2026-04-10T00:41:52.595+0000] {logging_mixin.py:190} INFO - [2026-04-10T00:41:52.595+0000] {dag.py:4180} INFO - Setting next_dagrun for example_task_group to None, run_after=None
[2026-04-10T00:41:52.601+0000] {processor.py:208} INFO - Processing /home/airflow/.local/lib/python3.12/site-packages/airflow/example_dags/example_task_group.py took 0.027 seconds
[2026-04-10T00:42:22.780+0000] {processor.py:186} INFO - Started process (PID=78866) to work on /home/airflow/.local/lib/python3.12/site-packages/airflow/example_dags/example_task_group.py
[2026-04-10T00:42:22.781+0000] {processor.py:914} INFO - Processing file /home/airflow/.local/lib/python3.12/site-packages/airflow/example_dags/example_task_group.py for tasks to queue
[2026-04-10T00:42:22.782+0000] {logging_mixin.py:190} INFO - [2026-04-10T00:42:22.782+0000] {dagbag.py:588} INFO - Filling up the DagBag from /home/airflow/.local/lib/python3.12/site-packages/airflow/example_dags/example_task_group.py
[2026-04-10T00:42:22.788+0000] {processor.py:925} INFO - DAG(s) 'example_task_group' retrieved from /home/airflow/.local/lib/python3.12/site-packages/airflow/example_dags/example_task_group.py
[2026-04-10T00:42:22.800+0000] {logging_mixin.py:190} INFO - [2026-04-10T00:42:22.799+0000] {dag.py:3239} INFO - Sync 1 DAGs
[2026-04-10T00:42:22.806+0000] {logging_mixin.py:190} INFO - [2026-04-10T00:42:22.806+0000] {dag.py:4180} INFO - Setting next_dagrun for example_task_group to None, run_after=None
[2026-04-10T00:42:22.817+0000] {processor.py:208} INFO - Processing /home/airflow/.local/lib/python3.12/site-packages/airflow/example_dags/example_task_group.py took 0.040 seconds
[2026-04-10T00:57:54.214+0000] {processor.py:186} INFO - Started process (PID=78930) to work on /home/airflow/.local/lib/python3.12/site-packages/airflow/example_dags/example_task_group.py
[2026-04-10T00:57:54.216+0000] {processor.py:914} INFO - Processing file /home/airflow/.local/lib/python3.12/site-packages/airflow/example_dags/example_task_group.py for tasks to queue
[2026-04-10T00:57:54.217+0000] {logging_mixin.py:190} INFO - [2026-04-10T00:57:54.216+0000] {dagbag.py:588} INFO - Filling up the DagBag from /home/airflow/.local/lib/python3.12/site-packages/airflow/example_dags/example_task_group.py
[2026-04-10T00:57:54.222+0000] {processor.py:925} INFO - DAG(s) 'example_task_group' retrieved from /home/airflow/.local/lib/python3.12/site-packages/airflow/example_dags/example_task_group.py
[2026-04-10T00:57:54.235+0000] {logging_mixin.py:190} INFO - [2026-04-10T00:57:54.235+0000] {dag.py:3239} INFO - Sync 1 DAGs
[2026-04-10T00:57:54.241+0000] {logging_mixin.py:190} INFO - [2026-04-10T00:57:54.240+0000] {dag.py:4180} INFO - Setting next_dagrun for example_task_group to None, run_after=None
[2026-04-10T00:57:54.247+0000] {processor.py:208} INFO - Processing /home/airflow/.local/lib/python3.12/site-packages/airflow/example_dags/example_task_group.py took 0.036 seconds
[2026-04-10T01:13:25.345+0000] {processor.py:186} INFO - Started process (PID=78994) to work on /home/airflow/.local/lib/python3.12/site-packages/airflow/example_dags/example_task_group.py
[2026-04-10T01:13:25.346+0000] {processor.py:914} INFO - Processing file /home/airflow/.local/lib/python3.12/site-packages/airflow/example_dags/example_task_group.py for tasks to queue
[2026-04-10T01:13:25.346+0000] {logging_mixin.py:190} INFO - [2026-04-10T01:13:25.346+0000] {dagbag.py:588} INFO - Filling up the DagBag from /home/airflow/.local/lib/python3.12/site-packages/airflow/example_dags/example_task_group.py
[2026-04-10T01:13:25.352+0000] {processor.py:925} INFO - DAG(s) 'example_task_group' retrieved from /home/airflow/.local/lib/python3.12/site-packages/airflow/example_dags/example_task_group.py
[2026-04-10T01:13:25.365+0000] {logging_mixin.py:190} INFO - [2026-04-10T01:13:25.365+0000] {dag.py:3239} INFO - Sync 1 DAGs
[2026-04-10T01:13:25.380+0000] {logging_mixin.py:190} INFO - [2026-04-10T01:13:25.380+0000] {dag.py:4180} INFO - Setting next_dagrun for example_task_group to None, run_after=None
[2026-04-10T01:13:25.394+0000] {processor.py:208} INFO - Processing /home/airflow/.local/lib/python3.12/site-packages/airflow/example_dags/example_task_group.py took 0.056 seconds
[2026-04-10T01:13:55.882+0000] {processor.py:186} INFO - Started process (PID=79057) to work on /home/airflow/.local/lib/python3.12/site-packages/airflow/example_dags/example_task_group.py
[2026-04-10T01:13:55.883+0000] {processor.py:914} INFO - Processing file /home/airflow/.local/lib/python3.12/site-packages/airflow/example_dags/example_task_group.py for tasks to queue
[2026-04-10T01:13:55.883+0000] {logging_mixin.py:190} INFO - [2026-04-10T01:13:55.883+0000] {dagbag.py:588} INFO - Filling up the DagBag from /home/airflow/.local/lib/python3.12/site-packages/airflow/example_dags/example_task_group.py
[2026-04-10T01:13:55.889+0000] {processor.py:925} INFO - DAG(s) 'example_task_group' retrieved from /home/airflow/.local/lib/python3.12/site-packages/airflow/example_dags/example_task_group.py
[2026-04-10T01:13:55.901+0000] {logging_mixin.py:190} INFO - [2026-04-10T01:13:55.901+0000] {dag.py:3239} INFO - Sync 1 DAGs
[2026-04-10T01:13:55.908+0000] {logging_mixin.py:190} INFO - [2026-04-10T01:13:55.908+0000] {dag.py:4180} INFO - Setting next_dagrun for example_task_group to None, run_after=None
[2026-04-10T01:13:55.916+0000] {processor.py:208} INFO - Processing /home/airflow/.local/lib/python3.12/site-packages/airflow/example_dags/example_task_group.py took 0.036 seconds
[2026-04-10T01:29:25.416+0000] {processor.py:186} INFO - Started process (PID=79121) to work on /home/airflow/.local/lib/python3.12/site-packages/airflow/example_dags/example_task_group.py
[2026-04-10T01:29:25.417+0000] {processor.py:914} INFO - Processing file /home/airflow/.local/lib/python3.12/site-packages/airflow/example_dags/example_task_group.py for tasks to queue
[2026-04-10T01:29:25.418+0000] {logging_mixin.py:190} INFO - [2026-04-10T01:29:25.417+0000] {dagbag.py:588} INFO - Filling up the DagBag from /home/airflow/.local/lib/python3.12/site-packages/airflow/example_dags/example_task_group.py
[2026-04-10T01:29:25.422+0000] {processor.py:925} INFO - DAG(s) 'example_task_group' retrieved from /home/airflow/.local/lib/python3.12/site-packages/airflow/example_dags/example_task_group.py
[2026-04-10T01:29:25.432+0000] {logging_mixin.py:190} INFO - [2026-04-10T01:29:25.432+0000] {dag.py:3239} INFO - Sync 1 DAGs
[2026-04-10T01:29:25.438+0000] {logging_mixin.py:190} INFO - [2026-04-10T01:29:25.438+0000] {dag.py:4180} INFO - Setting next_dagrun for example_task_group to None, run_after=None
[2026-04-10T01:29:25.446+0000] {processor.py:208} INFO - Processing /home/airflow/.local/lib/python3.12/site-packages/airflow/example_dags/example_task_group.py took 0.032 seconds
[2026-04-10T01:29:55.808+0000] {processor.py:186} INFO - Started process (PID=79185) to work on /home/airflow/.local/lib/python3.12/site-packages/airflow/example_dags/example_task_group.py
[2026-04-10T01:29:55.809+0000] {processor.py:914} INFO - Processing file /home/airflow/.local/lib/python3.12/site-packages/airflow/example_dags/example_task_group.py for tasks to queue
[2026-04-10T01:29:55.809+0000] {logging_mixin.py:190} INFO - [2026-04-10T01:29:55.809+0000] {dagbag.py:588} INFO - Filling up the DagBag from /home/airflow/.local/lib/python3.12/site-packages/airflow/example_dags/example_task_group.py
[2026-04-10T01:29:55.815+0000] {processor.py:925} INFO - DAG(s) 'example_task_group' retrieved from /home/airflow/.local/lib/python3.12/site-packages/airflow/example_dags/example_task_group.py
[2026-04-10T01:29:55.828+0000] {logging_mixin.py:190} INFO - [2026-04-10T01:29:55.828+0000] {dag.py:3239} INFO - Sync 1 DAGs
[2026-04-10T01:29:55.834+0000] {logging_mixin.py:190} INFO - [2026-04-10T01:29:55.834+0000] {dag.py:4180} INFO - Setting next_dagrun for example_task_group to None, run_after=None
[2026-04-10T01:29:55.845+0000] {processor.py:208} INFO - Processing /home/airflow/.local/lib/python3.12/site-packages/airflow/example_dags/example_task_group.py took 0.040 seconds
[2026-04-10T01:43:15.221+0000] {processor.py:186} INFO - Started process (PID=79249) to work on /home/airflow/.local/lib/python3.12/site-packages/airflow/example_dags/example_task_group.py
[2026-04-10T01:43:15.222+0000] {processor.py:914} INFO - Processing file /home/airflow/.local/lib/python3.12/site-packages/airflow/example_dags/example_task_group.py for tasks to queue
[2026-04-10T01:43:15.223+0000] {logging_mixin.py:190} INFO - [2026-04-10T01:43:15.223+0000] {dagbag.py:588} INFO - Filling up the DagBag from /home/airflow/.local/lib/python3.12/site-packages/airflow/example_dags/example_task_group.py
[2026-04-10T01:43:15.230+0000] {processor.py:925} INFO - DAG(s) 'example_task_group' retrieved from /home/airflow/.local/lib/python3.12/site-packages/airflow/example_dags/example_task_group.py
[2026-04-10T01:43:15.240+0000] {logging_mixin.py:190} INFO - [2026-04-10T01:43:15.240+0000] {dag.py:3239} INFO - Sync 1 DAGs
[2026-04-10T01:43:15.245+0000] {logging_mixin.py:190} INFO - [2026-04-10T01:43:15.245+0000] {dag.py:4180} INFO - Setting next_dagrun for example_task_group to None, run_after=None
[2026-04-10T01:43:15.254+0000] {processor.py:208} INFO - Processing /home/airflow/.local/lib/python3.12/site-packages/airflow/example_dags/example_task_group.py took 0.036 seconds
[2026-04-10T01:58:47.172+0000] {processor.py:186} INFO - Started process (PID=79313) to work on /home/airflow/.local/lib/python3.12/site-packages/airflow/example_dags/example_task_group.py
[2026-04-10T01:58:47.172+0000] {processor.py:914} INFO - Processing file /home/airflow/.local/lib/python3.12/site-packages/airflow/example_dags/example_task_group.py for tasks to queue
[2026-04-10T01:58:47.173+0000] {logging_mixin.py:190} INFO - [2026-04-10T01:58:47.173+0000] {dagbag.py:588} INFO - Filling up the DagBag from /home/airflow/.local/lib/python3.12/site-packages/airflow/example_dags/example_task_group.py
[2026-04-10T01:58:47.178+0000] {processor.py:925} INFO - DAG(s) 'example_task_group' retrieved from /home/airflow/.local/lib/python3.12/site-packages/airflow/example_dags/example_task_group.py
[2026-04-10T01:58:47.187+0000] {logging_mixin.py:190} INFO - [2026-04-10T01:58:47.187+0000] {dag.py:3239} INFO - Sync 1 DAGs
[2026-04-10T01:58:47.192+0000] {logging_mixin.py:190} INFO - [2026-04-10T01:58:47.192+0000] {dag.py:4180} INFO - Setting next_dagrun for example_task_group to None, run_after=None
[2026-04-10T01:58:47.199+0000] {processor.py:208} INFO - Processing /home/airflow/.local/lib/python3.12/site-packages/airflow/example_dags/example_task_group.py took 0.030 seconds
[2026-04-10T01:59:17.412+0000] {processor.py:186} INFO - Started process (PID=79377) to work on /home/airflow/.local/lib/python3.12/site-packages/airflow/example_dags/example_task_group.py
[2026-04-10T01:59:17.413+0000] {processor.py:914} INFO - Processing file /home/airflow/.local/lib/python3.12/site-packages/airflow/example_dags/example_task_group.py for tasks to queue
[2026-04-10T01:59:17.413+0000] {logging_mixin.py:190} INFO - [2026-04-10T01:59:17.413+0000] {dagbag.py:588} INFO - Filling up the DagBag from /home/airflow/.local/lib/python3.12/site-packages/airflow/example_dags/example_task_group.py
[2026-04-10T01:59:17.416+0000] {processor.py:925} INFO - DAG(s) 'example_task_group' retrieved from /home/airflow/.local/lib/python3.12/site-packages/airflow/example_dags/example_task_group.py
[2026-04-10T01:59:17.423+0000] {logging_mixin.py:190} INFO - [2026-04-10T01:59:17.423+0000] {dag.py:3239} INFO - Sync 1 DAGs
[2026-04-10T01:59:17.427+0000] {logging_mixin.py:190} INFO - [2026-04-10T01:59:17.427+0000] {dag.py:4180} INFO - Setting next_dagrun for example_task_group to None, run_after=None
[2026-04-10T01:59:17.432+0000] {processor.py:208} INFO - Processing /home/airflow/.local/lib/python3.12/site-packages/airflow/example_dags/example_task_group.py took 0.022 seconds
[2026-04-10T02:14:50.815+0000] {processor.py:186} INFO - Started process (PID=79441) to work on /home/airflow/.local/lib/python3.12/site-packages/airflow/example_dags/example_task_group.py
[2026-04-10T02:14:50.816+0000] {processor.py:914} INFO - Processing file /home/airflow/.local/lib/python3.12/site-packages/airflow/example_dags/example_task_group.py for tasks to queue
[2026-04-10T02:14:50.817+0000] {logging_mixin.py:190} INFO - [2026-04-10T02:14:50.817+0000] {dagbag.py:588} INFO - Filling up the DagBag from /home/airflow/.local/lib/python3.12/site-packages/airflow/example_dags/example_task_group.py
[2026-04-10T02:14:50.821+0000] {processor.py:925} INFO - DAG(s) 'example_task_group' retrieved from /home/airflow/.local/lib/python3.12/site-packages/airflow/example_dags/example_task_group.py
[2026-04-10T02:14:50.830+0000] {logging_mixin.py:190} INFO - [2026-04-10T02:14:50.830+0000] {dag.py:3239} INFO - Sync 1 DAGs
[2026-04-10T02:14:50.835+0000] {logging_mixin.py:190} INFO - [2026-04-10T02:14:50.835+0000] {dag.py:4180} INFO - Setting next_dagrun for example_task_group to None, run_after=None
[2026-04-10T02:14:50.844+0000] {processor.py:208} INFO - Processing /home/airflow/.local/lib/python3.12/site-packages/airflow/example_dags/example_task_group.py took 0.031 seconds
[2026-04-10T02:20:01.042+0000] {processor.py:186} INFO - Started process (PID=79505) to work on /home/airflow/.local/lib/python3.12/site-packages/airflow/example_dags/example_task_group.py
[2026-04-10T02:20:01.043+0000] {processor.py:914} INFO - Processing file /home/airflow/.local/lib/python3.12/site-packages/airflow/example_dags/example_task_group.py for tasks to queue
[2026-04-10T02:20:01.043+0000] {logging_mixin.py:190} INFO - [2026-04-10T02:20:01.043+0000] {dagbag.py:588} INFO - Filling up the DagBag from /home/airflow/.local/lib/python3.12/site-packages/airflow/example_dags/example_task_group.py
[2026-04-10T02:20:01.050+0000] {processor.py:925} INFO - DAG(s) 'example_task_group' retrieved from /home/airflow/.local/lib/python3.12/site-packages/airflow/example_dags/example_task_group.py
[2026-04-10T02:20:01.065+0000] {logging_mixin.py:190} INFO - [2026-04-10T02:20:01.065+0000] {dag.py:3239} INFO - Sync 1 DAGs
[2026-04-10T02:20:01.072+0000] {logging_mixin.py:190} INFO - [2026-04-10T02:20:01.072+0000] {dag.py:4180} INFO - Setting next_dagrun for example_task_group to None, run_after=None
[2026-04-10T02:20:01.078+0000] {processor.py:208} INFO - Processing /home/airflow/.local/lib/python3.12/site-packages/airflow/example_dags/example_task_group.py took 0.039 seconds
[2026-04-10T02:20:32.094+0000] {processor.py:186} INFO - Started process (PID=79569) to work on /home/airflow/.local/lib/python3.12/site-packages/airflow/example_dags/example_task_group.py
[2026-04-10T02:20:32.094+0000] {processor.py:914} INFO - Processing file /home/airflow/.local/lib/python3.12/site-packages/airflow/example_dags/example_task_group.py for tasks to queue
[2026-04-10T02:20:32.095+0000] {logging_mixin.py:190} INFO - [2026-04-10T02:20:32.095+0000] {dagbag.py:588} INFO - Filling up the DagBag from /home/airflow/.local/lib/python3.12/site-packages/airflow/example_dags/example_task_group.py
[2026-04-10T02:20:32.099+0000] {processor.py:925} INFO - DAG(s) 'example_task_group' retrieved from /home/airflow/.local/lib/python3.12/site-packages/airflow/example_dags/example_task_group.py
[2026-04-10T02:20:32.111+0000] {logging_mixin.py:190} INFO - [2026-04-10T02:20:32.111+0000] {dag.py:3239} INFO - Sync 1 DAGs
[2026-04-10T02:20:32.116+0000] {logging_mixin.py:190} INFO - [2026-04-10T02:20:32.116+0000] {dag.py:4180} INFO - Setting next_dagrun for example_task_group to None, run_after=None
[2026-04-10T02:20:32.123+0000] {processor.py:208} INFO - Processing /home/airflow/.local/lib/python3.12/site-packages/airflow/example_dags/example_task_group.py took 0.033 seconds
[2026-04-10T02:38:20.806+0000] {processor.py:186} INFO - Started process (PID=79633) to work on /home/airflow/.local/lib/python3.12/site-packages/airflow/example_dags/example_task_group.py
[2026-04-10T02:38:20.806+0000] {processor.py:914} INFO - Processing file /home/airflow/.local/lib/python3.12/site-packages/airflow/example_dags/example_task_group.py for tasks to queue
[2026-04-10T02:38:20.807+0000] {logging_mixin.py:190} INFO - [2026-04-10T02:38:20.807+0000] {dagbag.py:588} INFO - Filling up the DagBag from /home/airflow/.local/lib/python3.12/site-packages/airflow/example_dags/example_task_group.py
[2026-04-10T02:38:20.810+0000] {processor.py:925} INFO - DAG(s) 'example_task_group' retrieved from /home/airflow/.local/lib/python3.12/site-packages/airflow/example_dags/example_task_group.py
[2026-04-10T02:38:20.822+0000] {logging_mixin.py:190} INFO - [2026-04-10T02:38:20.822+0000] {dag.py:3239} INFO - Sync 1 DAGs
[2026-04-10T02:38:20.828+0000] {logging_mixin.py:190} INFO - [2026-04-10T02:38:20.828+0000] {dag.py:4180} INFO - Setting next_dagrun for example_task_group to None, run_after=None
[2026-04-10T02:38:20.834+0000] {processor.py:208} INFO - Processing /home/airflow/.local/lib/python3.12/site-packages/airflow/example_dags/example_task_group.py took 0.030 seconds
[2026-04-10T02:44:07.682+0000] {processor.py:186} INFO - Started process (PID=79697) to work on /home/airflow/.local/lib/python3.12/site-packages/airflow/example_dags/example_task_group.py
[2026-04-10T02:44:07.683+0000] {processor.py:914} INFO - Processing file /home/airflow/.local/lib/python3.12/site-packages/airflow/example_dags/example_task_group.py for tasks to queue
[2026-04-10T02:44:07.683+0000] {logging_mixin.py:190} INFO - [2026-04-10T02:44:07.683+0000] {dagbag.py:588} INFO - Filling up the DagBag from /home/airflow/.local/lib/python3.12/site-packages/airflow/example_dags/example_task_group.py
[2026-04-10T02:44:07.686+0000] {processor.py:925} INFO - DAG(s) 'example_task_group' retrieved from /home/airflow/.local/lib/python3.12/site-packages/airflow/example_dags/example_task_group.py
[2026-04-10T02:44:07.699+0000] {logging_mixin.py:190} INFO - [2026-04-10T02:44:07.699+0000] {dag.py:3239} INFO - Sync 1 DAGs
[2026-04-10T02:44:07.703+0000] {logging_mixin.py:190} INFO - [2026-04-10T02:44:07.703+0000] {dag.py:4180} INFO - Setting next_dagrun for example_task_group to None, run_after=None
[2026-04-10T02:44:07.712+0000] {processor.py:208} INFO - Processing /home/airflow/.local/lib/python3.12/site-packages/airflow/example_dags/example_task_group.py took 0.033 seconds
[2026-04-10T02:59:39.314+0000] {processor.py:186} INFO - Started process (PID=79761) to work on /home/airflow/.local/lib/python3.12/site-packages/airflow/example_dags/example_task_group.py
[2026-04-10T02:59:39.315+0000] {processor.py:914} INFO - Processing file /home/airflow/.local/lib/python3.12/site-packages/airflow/example_dags/example_task_group.py for tasks to queue
[2026-04-10T02:59:39.316+0000] {logging_mixin.py:190} INFO - [2026-04-10T02:59:39.316+0000] {dagbag.py:588} INFO - Filling up the DagBag from /home/airflow/.local/lib/python3.12/site-packages/airflow/example_dags/example_task_group.py
[2026-04-10T02:59:39.320+0000] {processor.py:925} INFO - DAG(s) 'example_task_group' retrieved from /home/airflow/.local/lib/python3.12/site-packages/airflow/example_dags/example_task_group.py
[2026-04-10T02:59:39.329+0000] {logging_mixin.py:190} INFO - [2026-04-10T02:59:39.329+0000] {dag.py:3239} INFO - Sync 1 DAGs
[2026-04-10T02:59:39.335+0000] {logging_mixin.py:190} INFO - [2026-04-10T02:59:39.335+0000] {dag.py:4180} INFO - Setting next_dagrun for example_task_group to None, run_after=None
[2026-04-10T02:59:39.340+0000] {processor.py:208} INFO - Processing /home/airflow/.local/lib/python3.12/site-packages/airflow/example_dags/example_task_group.py took 0.028 seconds
[2026-04-10T03:00:09.761+0000] {processor.py:186} INFO - Started process (PID=79825) to work on /home/airflow/.local/lib/python3.12/site-packages/airflow/example_dags/example_task_group.py
[2026-04-10T03:00:09.762+0000] {processor.py:914} INFO - Processing file /home/airflow/.local/lib/python3.12/site-packages/airflow/example_dags/example_task_group.py for tasks to queue
[2026-04-10T03:00:09.763+0000] {logging_mixin.py:190} INFO - [2026-04-10T03:00:09.763+0000] {dagbag.py:588} INFO - Filling up the DagBag from /home/airflow/.local/lib/python3.12/site-packages/airflow/example_dags/example_task_group.py
[2026-04-10T03:00:09.766+0000] {processor.py:925} INFO - DAG(s) 'example_task_group' retrieved from /home/airflow/.local/lib/python3.12/site-packages/airflow/example_dags/example_task_group.py
[2026-04-10T03:00:09.778+0000] {logging_mixin.py:190} INFO - [2026-04-10T03:00:09.778+0000] {dag.py:3239} INFO - Sync 1 DAGs
[2026-04-10T03:00:09.784+0000] {logging_mixin.py:190} INFO - [2026-04-10T03:00:09.784+0000] {dag.py:4180} INFO - Setting next_dagrun for example_task_group to None, run_after=None
[2026-04-10T03:00:09.794+0000] {processor.py:208} INFO - Processing /home/airflow/.local/lib/python3.12/site-packages/airflow/example_dags/example_task_group.py took 0.035 seconds
[2026-04-10T03:15:40.372+0000] {processor.py:186} INFO - Started process (PID=79889) to work on /home/airflow/.local/lib/python3.12/site-packages/airflow/example_dags/example_task_group.py
[2026-04-10T03:15:40.373+0000] {processor.py:914} INFO - Processing file /home/airflow/.local/lib/python3.12/site-packages/airflow/example_dags/example_task_group.py for tasks to queue
[2026-04-10T03:15:40.374+0000] {logging_mixin.py:190} INFO - [2026-04-10T03:15:40.373+0000] {dagbag.py:588} INFO - Filling up the DagBag from /home/airflow/.local/lib/python3.12/site-packages/airflow/example_dags/example_task_group.py
[2026-04-10T03:15:40.378+0000] {processor.py:925} INFO - DAG(s) 'example_task_group' retrieved from /home/airflow/.local/lib/python3.12/site-packages/airflow/example_dags/example_task_group.py
[2026-04-10T03:15:40.391+0000] {logging_mixin.py:190} INFO - [2026-04-10T03:15:40.390+0000] {dag.py:3239} INFO - Sync 1 DAGs
[2026-04-10T03:15:40.396+0000] {logging_mixin.py:190} INFO - [2026-04-10T03:15:40.396+0000] {dag.py:4180} INFO - Setting next_dagrun for example_task_group to None, run_after=None
[2026-04-10T03:15:40.406+0000] {processor.py:208} INFO - Processing /home/airflow/.local/lib/python3.12/site-packages/airflow/example_dags/example_task_group.py took 0.037 seconds
[2026-04-10T03:23:18.951+0000] {processor.py:186} INFO - Started process (PID=79953) to work on /home/airflow/.local/lib/python3.12/site-packages/airflow/example_dags/example_task_group.py
[2026-04-10T03:23:18.952+0000] {processor.py:914} INFO - Processing file /home/airflow/.local/lib/python3.12/site-packages/airflow/example_dags/example_task_group.py for tasks to queue
[2026-04-10T03:23:18.952+0000] {logging_mixin.py:190} INFO - [2026-04-10T03:23:18.952+0000] {dagbag.py:588} INFO - Filling up the DagBag from /home/airflow/.local/lib/python3.12/site-packages/airflow/example_dags/example_task_group.py
[2026-04-10T03:23:18.957+0000] {processor.py:925} INFO - DAG(s) 'example_task_group' retrieved from /home/airflow/.local/lib/python3.12/site-packages/airflow/example_dags/example_task_group.py
[2026-04-10T03:23:18.973+0000] {logging_mixin.py:190} INFO - [2026-04-10T03:23:18.973+0000] {dag.py:3239} INFO - Sync 1 DAGs
[2026-04-10T03:23:18.983+0000] {logging_mixin.py:190} INFO - [2026-04-10T03:23:18.983+0000] {dag.py:4180} INFO - Setting next_dagrun for example_task_group to None, run_after=None
[2026-04-10T03:23:18.998+0000] {processor.py:208} INFO - Processing /home/airflow/.local/lib/python3.12/site-packages/airflow/example_dags/example_task_group.py took 0.051 seconds
[2026-04-10T03:23:49.384+0000] {processor.py:186} INFO - Started process (PID=80017) to work on /home/airflow/.local/lib/python3.12/site-packages/airflow/example_dags/example_task_group.py
[2026-04-10T03:23:49.386+0000] {processor.py:914} INFO - Processing file /home/airflow/.local/lib/python3.12/site-packages/airflow/example_dags/example_task_group.py for tasks to queue
[2026-04-10T03:23:49.386+0000] {logging_mixin.py:190} INFO - [2026-04-10T03:23:49.386+0000] {dagbag.py:588} INFO - Filling up the DagBag from /home/airflow/.local/lib/python3.12/site-packages/airflow/example_dags/example_task_group.py
[2026-04-10T03:23:49.393+0000] {processor.py:925} INFO - DAG(s) 'example_task_group' retrieved from /home/airflow/.local/lib/python3.12/site-packages/airflow/example_dags/example_task_group.py
[2026-04-10T03:23:49.407+0000] {logging_mixin.py:190} INFO - [2026-04-10T03:23:49.407+0000] {dag.py:3239} INFO - Sync 1 DAGs
[2026-04-10T03:23:49.414+0000] {logging_mixin.py:190} INFO - [2026-04-10T03:23:49.413+0000] {dag.py:4180} INFO - Setting next_dagrun for example_task_group to None, run_after=None
[2026-04-10T03:23:49.425+0000] {processor.py:208} INFO - Processing /home/airflow/.local/lib/python3.12/site-packages/airflow/example_dags/example_task_group.py took 0.048 seconds
[2026-04-10T03:24:20.151+0000] {processor.py:186} INFO - Started process (PID=80081) to work on /home/airflow/.local/lib/python3.12/site-packages/airflow/example_dags/example_task_group.py
[2026-04-10T03:24:20.154+0000] {processor.py:914} INFO - Processing file /home/airflow/.local/lib/python3.12/site-packages/airflow/example_dags/example_task_group.py for tasks to queue
[2026-04-10T03:24:20.155+0000] {logging_mixin.py:190} INFO - [2026-04-10T03:24:20.155+0000] {dagbag.py:588} INFO - Filling up the DagBag from /home/airflow/.local/lib/python3.12/site-packages/airflow/example_dags/example_task_group.py
[2026-04-10T03:24:20.164+0000] {processor.py:925} INFO - DAG(s) 'example_task_group' retrieved from /home/airflow/.local/lib/python3.12/site-packages/airflow/example_dags/example_task_group.py
[2026-04-10T03:24:20.180+0000] {logging_mixin.py:190} INFO - [2026-04-10T03:24:20.180+0000] {dag.py:3239} INFO - Sync 1 DAGs
[2026-04-10T03:24:20.187+0000] {logging_mixin.py:190} INFO - [2026-04-10T03:24:20.187+0000] {dag.py:4180} INFO - Setting next_dagrun for example_task_group to None, run_after=None
[2026-04-10T03:24:20.195+0000] {processor.py:208} INFO - Processing /home/airflow/.local/lib/python3.12/site-packages/airflow/example_dags/example_task_group.py took 0.047 seconds
[2026-04-10T03:24:50.521+0000] {processor.py:186} INFO - Started process (PID=80145) to work on /home/airflow/.local/lib/python3.12/site-packages/airflow/example_dags/example_task_group.py
[2026-04-10T03:24:50.522+0000] {processor.py:914} INFO - Processing file /home/airflow/.local/lib/python3.12/site-packages/airflow/example_dags/example_task_group.py for tasks to queue
[2026-04-10T03:24:50.522+0000] {logging_mixin.py:190} INFO - [2026-04-10T03:24:50.522+0000] {dagbag.py:588} INFO - Filling up the DagBag from /home/airflow/.local/lib/python3.12/site-packages/airflow/example_dags/example_task_group.py
[2026-04-10T03:24:50.528+0000] {processor.py:925} INFO - DAG(s) 'example_task_group' retrieved from /home/airflow/.local/lib/python3.12/site-packages/airflow/example_dags/example_task_group.py
[2026-04-10T03:24:50.543+0000] {logging_mixin.py:190} INFO - [2026-04-10T03:24:50.543+0000] {dag.py:3239} INFO - Sync 1 DAGs
[2026-04-10T03:24:50.552+0000] {logging_mixin.py:190} INFO - [2026-04-10T03:24:50.552+0000] {dag.py:4180} INFO - Setting next_dagrun for example_task_group to None, run_after=None
[2026-04-10T03:24:50.559+0000] {processor.py:208} INFO - Processing /home/airflow/.local/lib/python3.12/site-packages/airflow/example_dags/example_task_group.py took 0.042 seconds
[2026-04-10T03:25:20.876+0000] {processor.py:186} INFO - Started process (PID=80209) to work on /home/airflow/.local/lib/python3.12/site-packages/airflow/example_dags/example_task_group.py
[2026-04-10T03:25:20.877+0000] {processor.py:914} INFO - Processing file /home/airflow/.local/lib/python3.12/site-packages/airflow/example_dags/example_task_group.py for tasks to queue
[2026-04-10T03:25:20.878+0000] {logging_mixin.py:190} INFO - [2026-04-10T03:25:20.878+0000] {dagbag.py:588} INFO - Filling up the DagBag from /home/airflow/.local/lib/python3.12/site-packages/airflow/example_dags/example_task_group.py
[2026-04-10T03:25:20.882+0000] {processor.py:925} INFO - DAG(s) 'example_task_group' retrieved from /home/airflow/.local/lib/python3.12/site-packages/airflow/example_dags/example_task_group.py
[2026-04-10T03:25:20.895+0000] {logging_mixin.py:190} INFO - [2026-04-10T03:25:20.895+0000] {dag.py:3239} INFO - Sync 1 DAGs
[2026-04-10T03:25:20.901+0000] {logging_mixin.py:190} INFO - [2026-04-10T03:25:20.901+0000] {dag.py:4180} INFO - Setting next_dagrun for example_task_group to None, run_after=None
[2026-04-10T03:25:20.908+0000] {processor.py:208} INFO - Processing /home/airflow/.local/lib/python3.12/site-packages/airflow/example_dags/example_task_group.py took 0.034 seconds
[2026-04-10T03:25:51.311+0000] {processor.py:186} INFO - Started process (PID=80273) to work on /home/airflow/.local/lib/python3.12/site-packages/airflow/example_dags/example_task_group.py
[2026-04-10T03:25:51.311+0000] {processor.py:914} INFO - Processing file /home/airflow/.local/lib/python3.12/site-packages/airflow/example_dags/example_task_group.py for tasks to queue
[2026-04-10T03:25:51.312+0000] {logging_mixin.py:190} INFO - [2026-04-10T03:25:51.311+0000] {dagbag.py:588} INFO - Filling up the DagBag from /home/airflow/.local/lib/python3.12/site-packages/airflow/example_dags/example_task_group.py
[2026-04-10T03:25:51.316+0000] {processor.py:925} INFO - DAG(s) 'example_task_group' retrieved from /home/airflow/.local/lib/python3.12/site-packages/airflow/example_dags/example_task_group.py
[2026-04-10T03:25:51.329+0000] {logging_mixin.py:190} INFO - [2026-04-10T03:25:51.329+0000] {dag.py:3239} INFO - Sync 1 DAGs
[2026-04-10T03:25:51.337+0000] {logging_mixin.py:190} INFO - [2026-04-10T03:25:51.337+0000] {dag.py:4180} INFO - Setting next_dagrun for example_task_group to None, run_after=None
[2026-04-10T03:25:51.348+0000] {processor.py:208} INFO - Processing /home/airflow/.local/lib/python3.12/site-packages/airflow/example_dags/example_task_group.py took 0.040 seconds
[2026-04-10T03:26:21.769+0000] {processor.py:186} INFO - Started process (PID=80337) to work on /home/airflow/.local/lib/python3.12/site-packages/airflow/example_dags/example_task_group.py
[2026-04-10T03:26:21.770+0000] {processor.py:914} INFO - Processing file /home/airflow/.local/lib/python3.12/site-packages/airflow/example_dags/example_task_group.py for tasks to queue
[2026-04-10T03:26:21.770+0000] {logging_mixin.py:190} INFO - [2026-04-10T03:26:21.770+0000] {dagbag.py:588} INFO - Filling up the DagBag from /home/airflow/.local/lib/python3.12/site-packages/airflow/example_dags/example_task_group.py
[2026-04-10T03:26:21.773+0000] {processor.py:925} INFO - DAG(s) 'example_task_group' retrieved from /home/airflow/.local/lib/python3.12/site-packages/airflow/example_dags/example_task_group.py
[2026-04-10T03:26:21.780+0000] {logging_mixin.py:190} INFO - [2026-04-10T03:26:21.780+0000] {dag.py:3239} INFO - Sync 1 DAGs
[2026-04-10T03:26:21.785+0000] {logging_mixin.py:190} INFO - [2026-04-10T03:26:21.785+0000] {dag.py:4180} INFO - Setting next_dagrun for example_task_group to None, run_after=None
[2026-04-10T03:26:21.790+0000] {processor.py:208} INFO - Processing /home/airflow/.local/lib/python3.12/site-packages/airflow/example_dags/example_task_group.py took 0.023 seconds
[2026-04-10T03:26:52.053+0000] {processor.py:186} INFO - Started process (PID=80401) to work on /home/airflow/.local/lib/python3.12/site-packages/airflow/example_dags/example_task_group.py
[2026-04-10T03:26:52.054+0000] {processor.py:914} INFO - Processing file /home/airflow/.local/lib/python3.12/site-packages/airflow/example_dags/example_task_group.py for tasks to queue
[2026-04-10T03:26:52.056+0000] {logging_mixin.py:190} INFO - [2026-04-10T03:26:52.056+0000] {dagbag.py:588} INFO - Filling up the DagBag from /home/airflow/.local/lib/python3.12/site-packages/airflow/example_dags/example_task_group.py
[2026-04-10T03:26:52.060+0000] {processor.py:925} INFO - DAG(s) 'example_task_group' retrieved from /home/airflow/.local/lib/python3.12/site-packages/airflow/example_dags/example_task_group.py
[2026-04-10T03:26:52.069+0000] {logging_mixin.py:190} INFO - [2026-04-10T03:26:52.069+0000] {dag.py:3239} INFO - Sync 1 DAGs
[2026-04-10T03:26:52.073+0000] {logging_mixin.py:190} INFO - [2026-04-10T03:26:52.073+0000] {dag.py:4180} INFO - Setting next_dagrun for example_task_group to None, run_after=None
[2026-04-10T03:26:52.081+0000] {processor.py:208} INFO - Processing /home/airflow/.local/lib/python3.12/site-packages/airflow/example_dags/example_task_group.py took 0.030 seconds
[2026-04-10T03:27:22.669+0000] {processor.py:186} INFO - Started process (PID=80465) to work on /home/airflow/.local/lib/python3.12/site-packages/airflow/example_dags/example_task_group.py
[2026-04-10T03:27:22.670+0000] {processor.py:914} INFO - Processing file /home/airflow/.local/lib/python3.12/site-packages/airflow/example_dags/example_task_group.py for tasks to queue
[2026-04-10T03:27:22.670+0000] {logging_mixin.py:190} INFO - [2026-04-10T03:27:22.670+0000] {dagbag.py:588} INFO - Filling up the DagBag from /home/airflow/.local/lib/python3.12/site-packages/airflow/example_dags/example_task_group.py
[2026-04-10T03:27:22.674+0000] {processor.py:925} INFO - DAG(s) 'example_task_group' retrieved from /home/airflow/.local/lib/python3.12/site-packages/airflow/example_dags/example_task_group.py
[2026-04-10T03:27:22.683+0000] {logging_mixin.py:190} INFO - [2026-04-10T03:27:22.683+0000] {dag.py:3239} INFO - Sync 1 DAGs
[2026-04-10T03:27:22.691+0000] {logging_mixin.py:190} INFO - [2026-04-10T03:27:22.691+0000] {dag.py:4180} INFO - Setting next_dagrun for example_task_group to None, run_after=None
[2026-04-10T03:27:22.700+0000] {processor.py:208} INFO - Processing /home/airflow/.local/lib/python3.12/site-packages/airflow/example_dags/example_task_group.py took 0.033 seconds
[2026-04-10T03:27:52.889+0000] {processor.py:186} INFO - Started process (PID=80529) to work on /home/airflow/.local/lib/python3.12/site-packages/airflow/example_dags/example_task_group.py
[2026-04-10T03:27:52.891+0000] {processor.py:914} INFO - Processing file /home/airflow/.local/lib/python3.12/site-packages/airflow/example_dags/example_task_group.py for tasks to queue
[2026-04-10T03:27:52.893+0000] {logging_mixin.py:190} INFO - [2026-04-10T03:27:52.891+0000] {dagbag.py:588} INFO - Filling up the DagBag from /home/airflow/.local/lib/python3.12/site-packages/airflow/example_dags/example_task_group.py
[2026-04-10T03:27:52.904+0000] {processor.py:925} INFO - DAG(s) 'example_task_group' retrieved from /home/airflow/.local/lib/python3.12/site-packages/airflow/example_dags/example_task_group.py
[2026-04-10T03:27:52.920+0000] {logging_mixin.py:190} INFO - [2026-04-10T03:27:52.920+0000] {dag.py:3239} INFO - Sync 1 DAGs
[2026-04-10T03:27:52.926+0000] {logging_mixin.py:190} INFO - [2026-04-10T03:27:52.926+0000] {dag.py:4180} INFO - Setting next_dagrun for example_task_group to None, run_after=None
[2026-04-10T03:27:52.934+0000] {processor.py:208} INFO - Processing /home/airflow/.local/lib/python3.12/site-packages/airflow/example_dags/example_task_group.py took 0.051 seconds
[2026-04-10T03:28:23.610+0000] {processor.py:186} INFO - Started process (PID=80593) to work on /home/airflow/.local/lib/python3.12/site-packages/airflow/example_dags/example_task_group.py
[2026-04-10T03:28:23.610+0000] {processor.py:914} INFO - Processing file /home/airflow/.local/lib/python3.12/site-packages/airflow/example_dags/example_task_group.py for tasks to queue
[2026-04-10T03:28:23.611+0000] {logging_mixin.py:190} INFO - [2026-04-10T03:28:23.611+0000] {dagbag.py:588} INFO - Filling up the DagBag from /home/airflow/.local/lib/python3.12/site-packages/airflow/example_dags/example_task_group.py
[2026-04-10T03:28:23.616+0000] {processor.py:925} INFO - DAG(s) 'example_task_group' retrieved from /home/airflow/.local/lib/python3.12/site-packages/airflow/example_dags/example_task_group.py
[2026-04-10T03:28:23.628+0000] {logging_mixin.py:190} INFO - [2026-04-10T03:28:23.628+0000] {dag.py:3239} INFO - Sync 1 DAGs
[2026-04-10T03:28:23.634+0000] {logging_mixin.py:190} INFO - [2026-04-10T03:28:23.634+0000] {dag.py:4180} INFO - Setting next_dagrun for example_task_group to None, run_after=None
[2026-04-10T03:28:23.644+0000] {processor.py:208} INFO - Processing /home/airflow/.local/lib/python3.12/site-packages/airflow/example_dags/example_task_group.py took 0.036 seconds
[2026-04-10T03:28:53.975+0000] {processor.py:186} INFO - Started process (PID=80657) to work on /home/airflow/.local/lib/python3.12/site-packages/airflow/example_dags/example_task_group.py
[2026-04-10T03:28:53.976+0000] {processor.py:914} INFO - Processing file /home/airflow/.local/lib/python3.12/site-packages/airflow/example_dags/example_task_group.py for tasks to queue
[2026-04-10T03:28:53.976+0000] {logging_mixin.py:190} INFO - [2026-04-10T03:28:53.976+0000] {dagbag.py:588} INFO - Filling up the DagBag from /home/airflow/.local/lib/python3.12/site-packages/airflow/example_dags/example_task_group.py
[2026-04-10T03:28:53.981+0000] {processor.py:925} INFO - DAG(s) 'example_task_group' retrieved from /home/airflow/.local/lib/python3.12/site-packages/airflow/example_dags/example_task_group.py
[2026-04-10T03:28:53.993+0000] {logging_mixin.py:190} INFO - [2026-04-10T03:28:53.993+0000] {dag.py:3239} INFO - Sync 1 DAGs
[2026-04-10T03:28:54.000+0000] {logging_mixin.py:190} INFO - [2026-04-10T03:28:54.000+0000] {dag.py:4180} INFO - Setting next_dagrun for example_task_group to None, run_after=None
[2026-04-10T03:28:54.006+0000] {processor.py:208} INFO - Processing /home/airflow/.local/lib/python3.12/site-packages/airflow/example_dags/example_task_group.py took 0.033 seconds
[2026-04-10T03:29:24.373+0000] {processor.py:186} INFO - Started process (PID=80721) to work on /home/airflow/.local/lib/python3.12/site-packages/airflow/example_dags/example_task_group.py
[2026-04-10T03:29:24.374+0000] {processor.py:914} INFO - Processing file /home/airflow/.local/lib/python3.12/site-packages/airflow/example_dags/example_task_group.py for tasks to queue
[2026-04-10T03:29:24.375+0000] {logging_mixin.py:190} INFO - [2026-04-10T03:29:24.375+0000] {dagbag.py:588} INFO - Filling up the DagBag from /home/airflow/.local/lib/python3.12/site-packages/airflow/example_dags/example_task_group.py
[2026-04-10T03:29:24.380+0000] {processor.py:925} INFO - DAG(s) 'example_task_group' retrieved from /home/airflow/.local/lib/python3.12/site-packages/airflow/example_dags/example_task_group.py
[2026-04-10T03:29:24.392+0000] {logging_mixin.py:190} INFO - [2026-04-10T03:29:24.392+0000] {dag.py:3239} INFO - Sync 1 DAGs
[2026-04-10T03:29:24.400+0000] {logging_mixin.py:190} INFO - [2026-04-10T03:29:24.400+0000] {dag.py:4180} INFO - Setting next_dagrun for example_task_group to None, run_after=None
[2026-04-10T03:29:24.411+0000] {processor.py:208} INFO - Processing /home/airflow/.local/lib/python3.12/site-packages/airflow/example_dags/example_task_group.py took 0.041 seconds
[2026-04-10T03:29:54.892+0000] {processor.py:186} INFO - Started process (PID=80784) to work on /home/airflow/.local/lib/python3.12/site-packages/airflow/example_dags/example_task_group.py
[2026-04-10T03:29:54.893+0000] {processor.py:914} INFO - Processing file /home/airflow/.local/lib/python3.12/site-packages/airflow/example_dags/example_task_group.py for tasks to queue
[2026-04-10T03:29:54.894+0000] {logging_mixin.py:190} INFO - [2026-04-10T03:29:54.894+0000] {dagbag.py:588} INFO - Filling up the DagBag from /home/airflow/.local/lib/python3.12/site-packages/airflow/example_dags/example_task_group.py
[2026-04-10T03:29:54.899+0000] {processor.py:925} INFO - DAG(s) 'example_task_group' retrieved from /home/airflow/.local/lib/python3.12/site-packages/airflow/example_dags/example_task_group.py
[2026-04-10T03:29:54.910+0000] {logging_mixin.py:190} INFO - [2026-04-10T03:29:54.910+0000] {dag.py:3239} INFO - Sync 1 DAGs
[2026-04-10T03:29:54.917+0000] {logging_mixin.py:190} INFO - [2026-04-10T03:29:54.917+0000] {dag.py:4180} INFO - Setting next_dagrun for example_task_group to None, run_after=None
[2026-04-10T03:29:54.927+0000] {processor.py:208} INFO - Processing /home/airflow/.local/lib/python3.12/site-packages/airflow/example_dags/example_task_group.py took 0.038 seconds
[2026-04-10T03:30:25.353+0000] {processor.py:186} INFO - Started process (PID=80848) to work on /home/airflow/.local/lib/python3.12/site-packages/airflow/example_dags/example_task_group.py
[2026-04-10T03:30:25.353+0000] {processor.py:914} INFO - Processing file /home/airflow/.local/lib/python3.12/site-packages/airflow/example_dags/example_task_group.py for tasks to queue
[2026-04-10T03:30:25.354+0000] {logging_mixin.py:190} INFO - [2026-04-10T03:30:25.354+0000] {dagbag.py:588} INFO - Filling up the DagBag from /home/airflow/.local/lib/python3.12/site-packages/airflow/example_dags/example_task_group.py
[2026-04-10T03:30:25.358+0000] {processor.py:925} INFO - DAG(s) 'example_task_group' retrieved from /home/airflow/.local/lib/python3.12/site-packages/airflow/example_dags/example_task_group.py
[2026-04-10T03:30:25.369+0000] {logging_mixin.py:190} INFO - [2026-04-10T03:30:25.369+0000] {dag.py:3239} INFO - Sync 1 DAGs
[2026-04-10T03:30:25.377+0000] {logging_mixin.py:190} INFO - [2026-04-10T03:30:25.377+0000] {dag.py:4180} INFO - Setting next_dagrun for example_task_group to None, run_after=None
[2026-04-10T03:30:25.385+0000] {processor.py:208} INFO - Processing /home/airflow/.local/lib/python3.12/site-packages/airflow/example_dags/example_task_group.py took 0.035 seconds
[2026-04-10T03:30:55.688+0000] {processor.py:186} INFO - Started process (PID=80912) to work on /home/airflow/.local/lib/python3.12/site-packages/airflow/example_dags/example_task_group.py
[2026-04-10T03:30:55.688+0000] {processor.py:914} INFO - Processing file /home/airflow/.local/lib/python3.12/site-packages/airflow/example_dags/example_task_group.py for tasks to queue
[2026-04-10T03:30:55.689+0000] {logging_mixin.py:190} INFO - [2026-04-10T03:30:55.689+0000] {dagbag.py:588} INFO - Filling up the DagBag from /home/airflow/.local/lib/python3.12/site-packages/airflow/example_dags/example_task_group.py
[2026-04-10T03:30:55.693+0000] {processor.py:925} INFO - DAG(s) 'example_task_group' retrieved from /home/airflow/.local/lib/python3.12/site-packages/airflow/example_dags/example_task_group.py
[2026-04-10T03:30:55.704+0000] {logging_mixin.py:190} INFO - [2026-04-10T03:30:55.704+0000] {dag.py:3239} INFO - Sync 1 DAGs
[2026-04-10T03:30:55.709+0000] {logging_mixin.py:190} INFO - [2026-04-10T03:30:55.709+0000] {dag.py:4180} INFO - Setting next_dagrun for example_task_group to None, run_after=None
[2026-04-10T03:30:55.718+0000] {processor.py:208} INFO - Processing /home/airflow/.local/lib/python3.12/site-packages/airflow/example_dags/example_task_group.py took 0.033 seconds
