[2026-04-10T00:07:15.949+0000] {processor.py:186} INFO - Started process (PID=78588) to work on /home/airflow/.local/lib/python3.12/site-packages/airflow/example_dags/tutorial.py
[2026-04-10T00:07:15.950+0000] {processor.py:914} INFO - Processing file /home/airflow/.local/lib/python3.12/site-packages/airflow/example_dags/tutorial.py for tasks to queue
[2026-04-10T00:07:15.951+0000] {logging_mixin.py:190} INFO - [2026-04-10T00:07:15.951+0000] {dagbag.py:588} INFO - Filling up the DagBag from /home/airflow/.local/lib/python3.12/site-packages/airflow/example_dags/tutorial.py
[2026-04-10T00:07:15.955+0000] {processor.py:925} INFO - DAG(s) 'tutorial' retrieved from /home/airflow/.local/lib/python3.12/site-packages/airflow/example_dags/tutorial.py
[2026-04-10T00:07:15.967+0000] {logging_mixin.py:190} INFO - [2026-04-10T00:07:15.966+0000] {dag.py:3239} INFO - Sync 1 DAGs
[2026-04-10T00:07:15.976+0000] {logging_mixin.py:190} INFO - [2026-04-10T00:07:15.976+0000] {dag.py:4180} INFO - Setting next_dagrun for tutorial to 2026-04-09 00:00:00+00:00, run_after=2026-04-10 00:00:00+00:00
[2026-04-10T00:07:15.982+0000] {processor.py:208} INFO - Processing /home/airflow/.local/lib/python3.12/site-packages/airflow/example_dags/tutorial.py took 0.035 seconds
[2026-04-10T00:22:48.909+0000] {processor.py:186} INFO - Started process (PID=78652) to work on /home/airflow/.local/lib/python3.12/site-packages/airflow/example_dags/tutorial.py
[2026-04-10T00:22:48.910+0000] {processor.py:914} INFO - Processing file /home/airflow/.local/lib/python3.12/site-packages/airflow/example_dags/tutorial.py for tasks to queue
[2026-04-10T00:22:48.911+0000] {logging_mixin.py:190} INFO - [2026-04-10T00:22:48.911+0000] {dagbag.py:588} INFO - Filling up the DagBag from /home/airflow/.local/lib/python3.12/site-packages/airflow/example_dags/tutorial.py
[2026-04-10T00:22:48.921+0000] {processor.py:925} INFO - DAG(s) 'tutorial' retrieved from /home/airflow/.local/lib/python3.12/site-packages/airflow/example_dags/tutorial.py
[2026-04-10T00:22:48.940+0000] {logging_mixin.py:190} INFO - [2026-04-10T00:22:48.940+0000] {dag.py:3239} INFO - Sync 1 DAGs
[2026-04-10T00:22:48.961+0000] {logging_mixin.py:190} INFO - [2026-04-10T00:22:48.961+0000] {dag.py:4180} INFO - Setting next_dagrun for tutorial to 2026-04-09 00:00:00+00:00, run_after=2026-04-10 00:00:00+00:00
[2026-04-10T00:22:48.973+0000] {processor.py:208} INFO - Processing /home/airflow/.local/lib/python3.12/site-packages/airflow/example_dags/tutorial.py took 0.068 seconds
[2026-04-10T00:23:19.773+0000] {processor.py:186} INFO - Started process (PID=78716) to work on /home/airflow/.local/lib/python3.12/site-packages/airflow/example_dags/tutorial.py
[2026-04-10T00:23:19.774+0000] {processor.py:914} INFO - Processing file /home/airflow/.local/lib/python3.12/site-packages/airflow/example_dags/tutorial.py for tasks to queue
[2026-04-10T00:23:19.775+0000] {logging_mixin.py:190} INFO - [2026-04-10T00:23:19.775+0000] {dagbag.py:588} INFO - Filling up the DagBag from /home/airflow/.local/lib/python3.12/site-packages/airflow/example_dags/tutorial.py
[2026-04-10T00:23:19.780+0000] {processor.py:925} INFO - DAG(s) 'tutorial' retrieved from /home/airflow/.local/lib/python3.12/site-packages/airflow/example_dags/tutorial.py
[2026-04-10T00:23:19.790+0000] {logging_mixin.py:190} INFO - [2026-04-10T00:23:19.790+0000] {dag.py:3239} INFO - Sync 1 DAGs
[2026-04-10T00:23:19.798+0000] {logging_mixin.py:190} INFO - [2026-04-10T00:23:19.798+0000] {dag.py:4180} INFO - Setting next_dagrun for tutorial to 2026-04-09 00:00:00+00:00, run_after=2026-04-10 00:00:00+00:00
[2026-04-10T00:23:19.806+0000] {processor.py:208} INFO - Processing /home/airflow/.local/lib/python3.12/site-packages/airflow/example_dags/tutorial.py took 0.037 seconds
[2026-04-10T00:38:49.598+0000] {processor.py:186} INFO - Started process (PID=78780) to work on /home/airflow/.local/lib/python3.12/site-packages/airflow/example_dags/tutorial.py
[2026-04-10T00:38:49.599+0000] {processor.py:914} INFO - Processing file /home/airflow/.local/lib/python3.12/site-packages/airflow/example_dags/tutorial.py for tasks to queue
[2026-04-10T00:38:49.600+0000] {logging_mixin.py:190} INFO - [2026-04-10T00:38:49.600+0000] {dagbag.py:588} INFO - Filling up the DagBag from /home/airflow/.local/lib/python3.12/site-packages/airflow/example_dags/tutorial.py
[2026-04-10T00:38:49.604+0000] {processor.py:925} INFO - DAG(s) 'tutorial' retrieved from /home/airflow/.local/lib/python3.12/site-packages/airflow/example_dags/tutorial.py
[2026-04-10T00:38:49.611+0000] {logging_mixin.py:190} INFO - [2026-04-10T00:38:49.611+0000] {dag.py:3239} INFO - Sync 1 DAGs
[2026-04-10T00:38:49.619+0000] {logging_mixin.py:190} INFO - [2026-04-10T00:38:49.619+0000] {dag.py:4180} INFO - Setting next_dagrun for tutorial to 2026-04-09 00:00:00+00:00, run_after=2026-04-10 00:00:00+00:00
[2026-04-10T00:38:49.625+0000] {processor.py:208} INFO - Processing /home/airflow/.local/lib/python3.12/site-packages/airflow/example_dags/tutorial.py took 0.029 seconds
[2026-04-10T00:41:54.048+0000] {processor.py:186} INFO - Started process (PID=78844) to work on /home/airflow/.local/lib/python3.12/site-packages/airflow/example_dags/tutorial.py
[2026-04-10T00:41:54.048+0000] {processor.py:914} INFO - Processing file /home/airflow/.local/lib/python3.12/site-packages/airflow/example_dags/tutorial.py for tasks to queue
[2026-04-10T00:41:54.049+0000] {logging_mixin.py:190} INFO - [2026-04-10T00:41:54.049+0000] {dagbag.py:588} INFO - Filling up the DagBag from /home/airflow/.local/lib/python3.12/site-packages/airflow/example_dags/tutorial.py
[2026-04-10T00:41:54.053+0000] {processor.py:925} INFO - DAG(s) 'tutorial' retrieved from /home/airflow/.local/lib/python3.12/site-packages/airflow/example_dags/tutorial.py
[2026-04-10T00:41:54.061+0000] {logging_mixin.py:190} INFO - [2026-04-10T00:41:54.060+0000] {dag.py:3239} INFO - Sync 1 DAGs
[2026-04-10T00:41:54.070+0000] {logging_mixin.py:190} INFO - [2026-04-10T00:41:54.069+0000] {dag.py:4180} INFO - Setting next_dagrun for tutorial to 2026-04-09 00:00:00+00:00, run_after=2026-04-10 00:00:00+00:00
[2026-04-10T00:41:54.080+0000] {processor.py:208} INFO - Processing /home/airflow/.local/lib/python3.12/site-packages/airflow/example_dags/tutorial.py took 0.035 seconds
[2026-04-10T00:42:25.340+0000] {processor.py:186} INFO - Started process (PID=78908) to work on /home/airflow/.local/lib/python3.12/site-packages/airflow/example_dags/tutorial.py
[2026-04-10T00:42:25.341+0000] {processor.py:914} INFO - Processing file /home/airflow/.local/lib/python3.12/site-packages/airflow/example_dags/tutorial.py for tasks to queue
[2026-04-10T00:42:25.342+0000] {logging_mixin.py:190} INFO - [2026-04-10T00:42:25.341+0000] {dagbag.py:588} INFO - Filling up the DagBag from /home/airflow/.local/lib/python3.12/site-packages/airflow/example_dags/tutorial.py
[2026-04-10T00:42:25.345+0000] {processor.py:925} INFO - DAG(s) 'tutorial' retrieved from /home/airflow/.local/lib/python3.12/site-packages/airflow/example_dags/tutorial.py
[2026-04-10T00:42:25.357+0000] {logging_mixin.py:190} INFO - [2026-04-10T00:42:25.357+0000] {dag.py:3239} INFO - Sync 1 DAGs
[2026-04-10T00:42:25.370+0000] {logging_mixin.py:190} INFO - [2026-04-10T00:42:25.370+0000] {dag.py:4180} INFO - Setting next_dagrun for tutorial to 2026-04-09 00:00:00+00:00, run_after=2026-04-10 00:00:00+00:00
[2026-04-10T00:42:25.378+0000] {processor.py:208} INFO - Processing /home/airflow/.local/lib/python3.12/site-packages/airflow/example_dags/tutorial.py took 0.040 seconds
[2026-04-10T00:57:55.810+0000] {processor.py:186} INFO - Started process (PID=78972) to work on /home/airflow/.local/lib/python3.12/site-packages/airflow/example_dags/tutorial.py
[2026-04-10T00:57:55.810+0000] {processor.py:914} INFO - Processing file /home/airflow/.local/lib/python3.12/site-packages/airflow/example_dags/tutorial.py for tasks to queue
[2026-04-10T00:57:55.812+0000] {logging_mixin.py:190} INFO - [2026-04-10T00:57:55.812+0000] {dagbag.py:588} INFO - Filling up the DagBag from /home/airflow/.local/lib/python3.12/site-packages/airflow/example_dags/tutorial.py
[2026-04-10T00:57:55.816+0000] {processor.py:925} INFO - DAG(s) 'tutorial' retrieved from /home/airflow/.local/lib/python3.12/site-packages/airflow/example_dags/tutorial.py
[2026-04-10T00:57:55.826+0000] {logging_mixin.py:190} INFO - [2026-04-10T00:57:55.826+0000] {dag.py:3239} INFO - Sync 1 DAGs
[2026-04-10T00:57:55.838+0000] {logging_mixin.py:190} INFO - [2026-04-10T00:57:55.838+0000] {dag.py:4180} INFO - Setting next_dagrun for tutorial to 2026-04-09 00:00:00+00:00, run_after=2026-04-10 00:00:00+00:00
[2026-04-10T00:57:55.846+0000] {processor.py:208} INFO - Processing /home/airflow/.local/lib/python3.12/site-packages/airflow/example_dags/tutorial.py took 0.039 seconds
[2026-04-10T01:13:29.867+0000] {processor.py:186} INFO - Started process (PID=79036) to work on /home/airflow/.local/lib/python3.12/site-packages/airflow/example_dags/tutorial.py
[2026-04-10T01:13:29.869+0000] {processor.py:914} INFO - Processing file /home/airflow/.local/lib/python3.12/site-packages/airflow/example_dags/tutorial.py for tasks to queue
[2026-04-10T01:13:29.870+0000] {logging_mixin.py:190} INFO - [2026-04-10T01:13:29.870+0000] {dagbag.py:588} INFO - Filling up the DagBag from /home/airflow/.local/lib/python3.12/site-packages/airflow/example_dags/tutorial.py
[2026-04-10T01:13:29.882+0000] {processor.py:925} INFO - DAG(s) 'tutorial' retrieved from /home/airflow/.local/lib/python3.12/site-packages/airflow/example_dags/tutorial.py
[2026-04-10T01:13:29.901+0000] {logging_mixin.py:190} INFO - [2026-04-10T01:13:29.900+0000] {dag.py:3239} INFO - Sync 1 DAGs
[2026-04-10T01:13:29.924+0000] {logging_mixin.py:190} INFO - [2026-04-10T01:13:29.924+0000] {dag.py:4180} INFO - Setting next_dagrun for tutorial to 2026-04-09 00:00:00+00:00, run_after=2026-04-10 00:00:00+00:00
[2026-04-10T01:13:29.943+0000] {processor.py:208} INFO - Processing /home/airflow/.local/lib/python3.12/site-packages/airflow/example_dags/tutorial.py took 0.082 seconds
[2026-04-10T01:14:00.584+0000] {processor.py:186} INFO - Started process (PID=79099) to work on /home/airflow/.local/lib/python3.12/site-packages/airflow/example_dags/tutorial.py
[2026-04-10T01:14:00.584+0000] {processor.py:914} INFO - Processing file /home/airflow/.local/lib/python3.12/site-packages/airflow/example_dags/tutorial.py for tasks to queue
[2026-04-10T01:14:00.587+0000] {logging_mixin.py:190} INFO - [2026-04-10T01:14:00.586+0000] {dagbag.py:588} INFO - Filling up the DagBag from /home/airflow/.local/lib/python3.12/site-packages/airflow/example_dags/tutorial.py
[2026-04-10T01:14:00.592+0000] {processor.py:925} INFO - DAG(s) 'tutorial' retrieved from /home/airflow/.local/lib/python3.12/site-packages/airflow/example_dags/tutorial.py
[2026-04-10T01:14:00.604+0000] {logging_mixin.py:190} INFO - [2026-04-10T01:14:00.604+0000] {dag.py:3239} INFO - Sync 1 DAGs
[2026-04-10T01:14:00.612+0000] {logging_mixin.py:190} INFO - [2026-04-10T01:14:00.612+0000] {dag.py:4180} INFO - Setting next_dagrun for tutorial to 2026-04-09 00:00:00+00:00, run_after=2026-04-10 00:00:00+00:00
[2026-04-10T01:14:00.619+0000] {processor.py:208} INFO - Processing /home/airflow/.local/lib/python3.12/site-packages/airflow/example_dags/tutorial.py took 0.037 seconds
[2026-04-10T01:29:27.047+0000] {processor.py:186} INFO - Started process (PID=79163) to work on /home/airflow/.local/lib/python3.12/site-packages/airflow/example_dags/tutorial.py
[2026-04-10T01:29:27.047+0000] {processor.py:914} INFO - Processing file /home/airflow/.local/lib/python3.12/site-packages/airflow/example_dags/tutorial.py for tasks to queue
[2026-04-10T01:29:27.048+0000] {logging_mixin.py:190} INFO - [2026-04-10T01:29:27.048+0000] {dagbag.py:588} INFO - Filling up the DagBag from /home/airflow/.local/lib/python3.12/site-packages/airflow/example_dags/tutorial.py
[2026-04-10T01:29:27.052+0000] {processor.py:925} INFO - DAG(s) 'tutorial' retrieved from /home/airflow/.local/lib/python3.12/site-packages/airflow/example_dags/tutorial.py
[2026-04-10T01:29:27.060+0000] {logging_mixin.py:190} INFO - [2026-04-10T01:29:27.060+0000] {dag.py:3239} INFO - Sync 1 DAGs
[2026-04-10T01:29:27.070+0000] {logging_mixin.py:190} INFO - [2026-04-10T01:29:27.070+0000] {dag.py:4180} INFO - Setting next_dagrun for tutorial to 2026-04-09 00:00:00+00:00, run_after=2026-04-10 00:00:00+00:00
[2026-04-10T01:29:27.083+0000] {processor.py:208} INFO - Processing /home/airflow/.local/lib/python3.12/site-packages/airflow/example_dags/tutorial.py took 0.039 seconds
[2026-04-10T01:29:57.509+0000] {processor.py:186} INFO - Started process (PID=79227) to work on /home/airflow/.local/lib/python3.12/site-packages/airflow/example_dags/tutorial.py
[2026-04-10T01:29:57.510+0000] {processor.py:914} INFO - Processing file /home/airflow/.local/lib/python3.12/site-packages/airflow/example_dags/tutorial.py for tasks to queue
[2026-04-10T01:29:57.511+0000] {logging_mixin.py:190} INFO - [2026-04-10T01:29:57.511+0000] {dagbag.py:588} INFO - Filling up the DagBag from /home/airflow/.local/lib/python3.12/site-packages/airflow/example_dags/tutorial.py
[2026-04-10T01:29:57.514+0000] {processor.py:925} INFO - DAG(s) 'tutorial' retrieved from /home/airflow/.local/lib/python3.12/site-packages/airflow/example_dags/tutorial.py
[2026-04-10T01:29:57.524+0000] {logging_mixin.py:190} INFO - [2026-04-10T01:29:57.524+0000] {dag.py:3239} INFO - Sync 1 DAGs
[2026-04-10T01:29:57.533+0000] {logging_mixin.py:190} INFO - [2026-04-10T01:29:57.533+0000] {dag.py:4180} INFO - Setting next_dagrun for tutorial to 2026-04-09 00:00:00+00:00, run_after=2026-04-10 00:00:00+00:00
[2026-04-10T01:29:57.540+0000] {processor.py:208} INFO - Processing /home/airflow/.local/lib/python3.12/site-packages/airflow/example_dags/tutorial.py took 0.034 seconds
[2026-04-10T01:43:16.834+0000] {processor.py:186} INFO - Started process (PID=79291) to work on /home/airflow/.local/lib/python3.12/site-packages/airflow/example_dags/tutorial.py
[2026-04-10T01:43:16.834+0000] {processor.py:914} INFO - Processing file /home/airflow/.local/lib/python3.12/site-packages/airflow/example_dags/tutorial.py for tasks to queue
[2026-04-10T01:43:16.834+0000] {logging_mixin.py:190} INFO - [2026-04-10T01:43:16.834+0000] {dagbag.py:588} INFO - Filling up the DagBag from /home/airflow/.local/lib/python3.12/site-packages/airflow/example_dags/tutorial.py
[2026-04-10T01:43:16.838+0000] {processor.py:925} INFO - DAG(s) 'tutorial' retrieved from /home/airflow/.local/lib/python3.12/site-packages/airflow/example_dags/tutorial.py
[2026-04-10T01:43:16.849+0000] {logging_mixin.py:190} INFO - [2026-04-10T01:43:16.849+0000] {dag.py:3239} INFO - Sync 1 DAGs
[2026-04-10T01:43:16.858+0000] {logging_mixin.py:190} INFO - [2026-04-10T01:43:16.858+0000] {dag.py:4180} INFO - Setting next_dagrun for tutorial to 2026-04-09 00:00:00+00:00, run_after=2026-04-10 00:00:00+00:00
[2026-04-10T01:43:16.870+0000] {processor.py:208} INFO - Processing /home/airflow/.local/lib/python3.12/site-packages/airflow/example_dags/tutorial.py took 0.039 seconds
[2026-04-10T01:58:48.679+0000] {processor.py:186} INFO - Started process (PID=79355) to work on /home/airflow/.local/lib/python3.12/site-packages/airflow/example_dags/tutorial.py
[2026-04-10T01:58:48.680+0000] {processor.py:914} INFO - Processing file /home/airflow/.local/lib/python3.12/site-packages/airflow/example_dags/tutorial.py for tasks to queue
[2026-04-10T01:58:48.680+0000] {logging_mixin.py:190} INFO - [2026-04-10T01:58:48.680+0000] {dagbag.py:588} INFO - Filling up the DagBag from /home/airflow/.local/lib/python3.12/site-packages/airflow/example_dags/tutorial.py
[2026-04-10T01:58:48.685+0000] {processor.py:925} INFO - DAG(s) 'tutorial' retrieved from /home/airflow/.local/lib/python3.12/site-packages/airflow/example_dags/tutorial.py
[2026-04-10T01:58:48.693+0000] {logging_mixin.py:190} INFO - [2026-04-10T01:58:48.693+0000] {dag.py:3239} INFO - Sync 1 DAGs
[2026-04-10T01:58:48.702+0000] {logging_mixin.py:190} INFO - [2026-04-10T01:58:48.702+0000] {dag.py:4180} INFO - Setting next_dagrun for tutorial to 2026-04-09 00:00:00+00:00, run_after=2026-04-10 00:00:00+00:00
[2026-04-10T01:58:48.713+0000] {processor.py:208} INFO - Processing /home/airflow/.local/lib/python3.12/site-packages/airflow/example_dags/tutorial.py took 0.037 seconds
[2026-04-10T01:59:19.956+0000] {processor.py:186} INFO - Started process (PID=79419) to work on /home/airflow/.local/lib/python3.12/site-packages/airflow/example_dags/tutorial.py
[2026-04-10T01:59:19.958+0000] {processor.py:914} INFO - Processing file /home/airflow/.local/lib/python3.12/site-packages/airflow/example_dags/tutorial.py for tasks to queue
[2026-04-10T01:59:19.959+0000] {logging_mixin.py:190} INFO - [2026-04-10T01:59:19.959+0000] {dagbag.py:588} INFO - Filling up the DagBag from /home/airflow/.local/lib/python3.12/site-packages/airflow/example_dags/tutorial.py
[2026-04-10T01:59:19.963+0000] {processor.py:925} INFO - DAG(s) 'tutorial' retrieved from /home/airflow/.local/lib/python3.12/site-packages/airflow/example_dags/tutorial.py
[2026-04-10T01:59:19.971+0000] {logging_mixin.py:190} INFO - [2026-04-10T01:59:19.971+0000] {dag.py:3239} INFO - Sync 1 DAGs
[2026-04-10T01:59:19.980+0000] {logging_mixin.py:190} INFO - [2026-04-10T01:59:19.980+0000] {dag.py:4180} INFO - Setting next_dagrun for tutorial to 2026-04-09 00:00:00+00:00, run_after=2026-04-10 00:00:00+00:00
[2026-04-10T01:59:19.989+0000] {processor.py:208} INFO - Processing /home/airflow/.local/lib/python3.12/site-packages/airflow/example_dags/tutorial.py took 0.035 seconds
[2026-04-10T02:14:52.345+0000] {processor.py:186} INFO - Started process (PID=79483) to work on /home/airflow/.local/lib/python3.12/site-packages/airflow/example_dags/tutorial.py
[2026-04-10T02:14:52.346+0000] {processor.py:914} INFO - Processing file /home/airflow/.local/lib/python3.12/site-packages/airflow/example_dags/tutorial.py for tasks to queue
[2026-04-10T02:14:52.347+0000] {logging_mixin.py:190} INFO - [2026-04-10T02:14:52.347+0000] {dagbag.py:588} INFO - Filling up the DagBag from /home/airflow/.local/lib/python3.12/site-packages/airflow/example_dags/tutorial.py
[2026-04-10T02:14:52.351+0000] {processor.py:925} INFO - DAG(s) 'tutorial' retrieved from /home/airflow/.local/lib/python3.12/site-packages/airflow/example_dags/tutorial.py
[2026-04-10T02:14:52.359+0000] {logging_mixin.py:190} INFO - [2026-04-10T02:14:52.359+0000] {dag.py:3239} INFO - Sync 1 DAGs
[2026-04-10T02:14:52.367+0000] {logging_mixin.py:190} INFO - [2026-04-10T02:14:52.367+0000] {dag.py:4180} INFO - Setting next_dagrun for tutorial to 2026-04-09 00:00:00+00:00, run_after=2026-04-10 00:00:00+00:00
[2026-04-10T02:14:52.373+0000] {processor.py:208} INFO - Processing /home/airflow/.local/lib/python3.12/site-packages/airflow/example_dags/tutorial.py took 0.030 seconds
[2026-04-10T02:20:03.242+0000] {processor.py:186} INFO - Started process (PID=79547) to work on /home/airflow/.local/lib/python3.12/site-packages/airflow/example_dags/tutorial.py
[2026-04-10T02:20:03.243+0000] {processor.py:914} INFO - Processing file /home/airflow/.local/lib/python3.12/site-packages/airflow/example_dags/tutorial.py for tasks to queue
[2026-04-10T02:20:03.243+0000] {logging_mixin.py:190} INFO - [2026-04-10T02:20:03.243+0000] {dagbag.py:588} INFO - Filling up the DagBag from /home/airflow/.local/lib/python3.12/site-packages/airflow/example_dags/tutorial.py
[2026-04-10T02:20:03.251+0000] {processor.py:925} INFO - DAG(s) 'tutorial' retrieved from /home/airflow/.local/lib/python3.12/site-packages/airflow/example_dags/tutorial.py
[2026-04-10T02:20:03.270+0000] {logging_mixin.py:190} INFO - [2026-04-10T02:20:03.269+0000] {dag.py:3239} INFO - Sync 1 DAGs
[2026-04-10T02:20:03.289+0000] {logging_mixin.py:190} INFO - [2026-04-10T02:20:03.288+0000] {dag.py:4180} INFO - Setting next_dagrun for tutorial to 2026-04-09 00:00:00+00:00, run_after=2026-04-10 00:00:00+00:00
[2026-04-10T02:20:03.304+0000] {processor.py:208} INFO - Processing /home/airflow/.local/lib/python3.12/site-packages/airflow/example_dags/tutorial.py took 0.067 seconds
[2026-04-10T02:20:33.620+0000] {processor.py:186} INFO - Started process (PID=79611) to work on /home/airflow/.local/lib/python3.12/site-packages/airflow/example_dags/tutorial.py
[2026-04-10T02:20:33.620+0000] {processor.py:914} INFO - Processing file /home/airflow/.local/lib/python3.12/site-packages/airflow/example_dags/tutorial.py for tasks to queue
[2026-04-10T02:20:33.621+0000] {logging_mixin.py:190} INFO - [2026-04-10T02:20:33.621+0000] {dagbag.py:588} INFO - Filling up the DagBag from /home/airflow/.local/lib/python3.12/site-packages/airflow/example_dags/tutorial.py
[2026-04-10T02:20:33.625+0000] {processor.py:925} INFO - DAG(s) 'tutorial' retrieved from /home/airflow/.local/lib/python3.12/site-packages/airflow/example_dags/tutorial.py
[2026-04-10T02:20:33.638+0000] {logging_mixin.py:190} INFO - [2026-04-10T02:20:33.638+0000] {dag.py:3239} INFO - Sync 1 DAGs
[2026-04-10T02:20:33.647+0000] {logging_mixin.py:190} INFO - [2026-04-10T02:20:33.647+0000] {dag.py:4180} INFO - Setting next_dagrun for tutorial to 2026-04-09 00:00:00+00:00, run_after=2026-04-10 00:00:00+00:00
[2026-04-10T02:20:33.654+0000] {processor.py:208} INFO - Processing /home/airflow/.local/lib/python3.12/site-packages/airflow/example_dags/tutorial.py took 0.036 seconds
[2026-04-10T02:38:22.525+0000] {processor.py:186} INFO - Started process (PID=79675) to work on /home/airflow/.local/lib/python3.12/site-packages/airflow/example_dags/tutorial.py
[2026-04-10T02:38:22.526+0000] {processor.py:914} INFO - Processing file /home/airflow/.local/lib/python3.12/site-packages/airflow/example_dags/tutorial.py for tasks to queue
[2026-04-10T02:38:22.527+0000] {logging_mixin.py:190} INFO - [2026-04-10T02:38:22.526+0000] {dagbag.py:588} INFO - Filling up the DagBag from /home/airflow/.local/lib/python3.12/site-packages/airflow/example_dags/tutorial.py
[2026-04-10T02:38:22.531+0000] {processor.py:925} INFO - DAG(s) 'tutorial' retrieved from /home/airflow/.local/lib/python3.12/site-packages/airflow/example_dags/tutorial.py
[2026-04-10T02:38:22.539+0000] {logging_mixin.py:190} INFO - [2026-04-10T02:38:22.539+0000] {dag.py:3239} INFO - Sync 1 DAGs
[2026-04-10T02:38:22.547+0000] {logging_mixin.py:190} INFO - [2026-04-10T02:38:22.547+0000] {dag.py:4180} INFO - Setting next_dagrun for tutorial to 2026-04-09 00:00:00+00:00, run_after=2026-04-10 00:00:00+00:00
[2026-04-10T02:38:22.557+0000] {processor.py:208} INFO - Processing /home/airflow/.local/lib/python3.12/site-packages/airflow/example_dags/tutorial.py took 0.034 seconds
[2026-04-10T02:44:09.340+0000] {processor.py:186} INFO - Started process (PID=79739) to work on /home/airflow/.local/lib/python3.12/site-packages/airflow/example_dags/tutorial.py
[2026-04-10T02:44:09.341+0000] {processor.py:914} INFO - Processing file /home/airflow/.local/lib/python3.12/site-packages/airflow/example_dags/tutorial.py for tasks to queue
[2026-04-10T02:44:09.342+0000] {logging_mixin.py:190} INFO - [2026-04-10T02:44:09.342+0000] {dagbag.py:588} INFO - Filling up the DagBag from /home/airflow/.local/lib/python3.12/site-packages/airflow/example_dags/tutorial.py
[2026-04-10T02:44:09.348+0000] {processor.py:925} INFO - DAG(s) 'tutorial' retrieved from /home/airflow/.local/lib/python3.12/site-packages/airflow/example_dags/tutorial.py
[2026-04-10T02:44:09.357+0000] {logging_mixin.py:190} INFO - [2026-04-10T02:44:09.357+0000] {dag.py:3239} INFO - Sync 1 DAGs
[2026-04-10T02:44:09.364+0000] {logging_mixin.py:190} INFO - [2026-04-10T02:44:09.364+0000] {dag.py:4180} INFO - Setting next_dagrun for tutorial to 2026-04-09 00:00:00+00:00, run_after=2026-04-10 00:00:00+00:00
[2026-04-10T02:44:09.374+0000] {processor.py:208} INFO - Processing /home/airflow/.local/lib/python3.12/site-packages/airflow/example_dags/tutorial.py took 0.036 seconds
[2026-04-10T02:59:41.003+0000] {processor.py:186} INFO - Started process (PID=79803) to work on /home/airflow/.local/lib/python3.12/site-packages/airflow/example_dags/tutorial.py
[2026-04-10T02:59:41.005+0000] {processor.py:914} INFO - Processing file /home/airflow/.local/lib/python3.12/site-packages/airflow/example_dags/tutorial.py for tasks to queue
[2026-04-10T02:59:41.005+0000] {logging_mixin.py:190} INFO - [2026-04-10T02:59:41.005+0000] {dagbag.py:588} INFO - Filling up the DagBag from /home/airflow/.local/lib/python3.12/site-packages/airflow/example_dags/tutorial.py
[2026-04-10T02:59:41.010+0000] {processor.py:925} INFO - DAG(s) 'tutorial' retrieved from /home/airflow/.local/lib/python3.12/site-packages/airflow/example_dags/tutorial.py
[2026-04-10T02:59:41.018+0000] {logging_mixin.py:190} INFO - [2026-04-10T02:59:41.018+0000] {dag.py:3239} INFO - Sync 1 DAGs
[2026-04-10T02:59:41.027+0000] {logging_mixin.py:190} INFO - [2026-04-10T02:59:41.027+0000] {dag.py:4180} INFO - Setting next_dagrun for tutorial to 2026-04-09 00:00:00+00:00, run_after=2026-04-10 00:00:00+00:00
[2026-04-10T02:59:41.038+0000] {processor.py:208} INFO - Processing /home/airflow/.local/lib/python3.12/site-packages/airflow/example_dags/tutorial.py took 0.039 seconds
[2026-04-10T03:00:11.259+0000] {processor.py:186} INFO - Started process (PID=79867) to work on /home/airflow/.local/lib/python3.12/site-packages/airflow/example_dags/tutorial.py
[2026-04-10T03:00:11.260+0000] {processor.py:914} INFO - Processing file /home/airflow/.local/lib/python3.12/site-packages/airflow/example_dags/tutorial.py for tasks to queue
[2026-04-10T03:00:11.260+0000] {logging_mixin.py:190} INFO - [2026-04-10T03:00:11.260+0000] {dagbag.py:588} INFO - Filling up the DagBag from /home/airflow/.local/lib/python3.12/site-packages/airflow/example_dags/tutorial.py
[2026-04-10T03:00:11.263+0000] {processor.py:925} INFO - DAG(s) 'tutorial' retrieved from /home/airflow/.local/lib/python3.12/site-packages/airflow/example_dags/tutorial.py
[2026-04-10T03:00:11.272+0000] {logging_mixin.py:190} INFO - [2026-04-10T03:00:11.272+0000] {dag.py:3239} INFO - Sync 1 DAGs
[2026-04-10T03:00:11.280+0000] {logging_mixin.py:190} INFO - [2026-04-10T03:00:11.280+0000] {dag.py:4180} INFO - Setting next_dagrun for tutorial to 2026-04-09 00:00:00+00:00, run_after=2026-04-10 00:00:00+00:00
[2026-04-10T03:00:11.287+0000] {processor.py:208} INFO - Processing /home/airflow/.local/lib/python3.12/site-packages/airflow/example_dags/tutorial.py took 0.031 seconds
[2026-04-10T03:15:42.069+0000] {processor.py:186} INFO - Started process (PID=79931) to work on /home/airflow/.local/lib/python3.12/site-packages/airflow/example_dags/tutorial.py
[2026-04-10T03:15:42.069+0000] {processor.py:914} INFO - Processing file /home/airflow/.local/lib/python3.12/site-packages/airflow/example_dags/tutorial.py for tasks to queue
[2026-04-10T03:15:42.070+0000] {logging_mixin.py:190} INFO - [2026-04-10T03:15:42.070+0000] {dagbag.py:588} INFO - Filling up the DagBag from /home/airflow/.local/lib/python3.12/site-packages/airflow/example_dags/tutorial.py
[2026-04-10T03:15:42.074+0000] {processor.py:925} INFO - DAG(s) 'tutorial' retrieved from /home/airflow/.local/lib/python3.12/site-packages/airflow/example_dags/tutorial.py
[2026-04-10T03:15:42.087+0000] {logging_mixin.py:190} INFO - [2026-04-10T03:15:42.087+0000] {dag.py:3239} INFO - Sync 1 DAGs
[2026-04-10T03:15:42.095+0000] {logging_mixin.py:190} INFO - [2026-04-10T03:15:42.095+0000] {dag.py:4180} INFO - Setting next_dagrun for tutorial to 2026-04-09 00:00:00+00:00, run_after=2026-04-10 00:00:00+00:00
[2026-04-10T03:15:42.105+0000] {processor.py:208} INFO - Processing /home/airflow/.local/lib/python3.12/site-packages/airflow/example_dags/tutorial.py took 0.039 seconds
[2026-04-10T03:23:21.641+0000] {processor.py:186} INFO - Started process (PID=79995) to work on /home/airflow/.local/lib/python3.12/site-packages/airflow/example_dags/tutorial.py
[2026-04-10T03:23:21.641+0000] {processor.py:914} INFO - Processing file /home/airflow/.local/lib/python3.12/site-packages/airflow/example_dags/tutorial.py for tasks to queue
[2026-04-10T03:23:21.642+0000] {logging_mixin.py:190} INFO - [2026-04-10T03:23:21.642+0000] {dagbag.py:588} INFO - Filling up the DagBag from /home/airflow/.local/lib/python3.12/site-packages/airflow/example_dags/tutorial.py
[2026-04-10T03:23:21.646+0000] {processor.py:925} INFO - DAG(s) 'tutorial' retrieved from /home/airflow/.local/lib/python3.12/site-packages/airflow/example_dags/tutorial.py
[2026-04-10T03:23:21.653+0000] {logging_mixin.py:190} INFO - [2026-04-10T03:23:21.653+0000] {dag.py:3239} INFO - Sync 1 DAGs
[2026-04-10T03:23:21.664+0000] {logging_mixin.py:190} INFO - [2026-04-10T03:23:21.664+0000] {dag.py:4180} INFO - Setting next_dagrun for tutorial to 2026-04-09 00:00:00+00:00, run_after=2026-04-10 00:00:00+00:00
[2026-04-10T03:23:21.670+0000] {processor.py:208} INFO - Processing /home/airflow/.local/lib/python3.12/site-packages/airflow/example_dags/tutorial.py took 0.032 seconds
[2026-04-10T03:23:52.462+0000] {processor.py:186} INFO - Started process (PID=80059) to work on /home/airflow/.local/lib/python3.12/site-packages/airflow/example_dags/tutorial.py
[2026-04-10T03:23:52.464+0000] {processor.py:914} INFO - Processing file /home/airflow/.local/lib/python3.12/site-packages/airflow/example_dags/tutorial.py for tasks to queue
[2026-04-10T03:23:52.464+0000] {logging_mixin.py:190} INFO - [2026-04-10T03:23:52.464+0000] {dagbag.py:588} INFO - Filling up the DagBag from /home/airflow/.local/lib/python3.12/site-packages/airflow/example_dags/tutorial.py
[2026-04-10T03:23:52.470+0000] {processor.py:925} INFO - DAG(s) 'tutorial' retrieved from /home/airflow/.local/lib/python3.12/site-packages/airflow/example_dags/tutorial.py
[2026-04-10T03:23:52.485+0000] {logging_mixin.py:190} INFO - [2026-04-10T03:23:52.484+0000] {dag.py:3239} INFO - Sync 1 DAGs
[2026-04-10T03:23:52.495+0000] {logging_mixin.py:190} INFO - [2026-04-10T03:23:52.495+0000] {dag.py:4180} INFO - Setting next_dagrun for tutorial to 2026-04-09 00:00:00+00:00, run_after=2026-04-10 00:00:00+00:00
[2026-04-10T03:23:52.502+0000] {processor.py:208} INFO - Processing /home/airflow/.local/lib/python3.12/site-packages/airflow/example_dags/tutorial.py took 0.043 seconds
[2026-04-10T03:24:22.880+0000] {processor.py:186} INFO - Started process (PID=80123) to work on /home/airflow/.local/lib/python3.12/site-packages/airflow/example_dags/tutorial.py
[2026-04-10T03:24:22.881+0000] {processor.py:914} INFO - Processing file /home/airflow/.local/lib/python3.12/site-packages/airflow/example_dags/tutorial.py for tasks to queue
[2026-04-10T03:24:22.883+0000] {logging_mixin.py:190} INFO - [2026-04-10T03:24:22.882+0000] {dagbag.py:588} INFO - Filling up the DagBag from /home/airflow/.local/lib/python3.12/site-packages/airflow/example_dags/tutorial.py
[2026-04-10T03:24:22.887+0000] {processor.py:925} INFO - DAG(s) 'tutorial' retrieved from /home/airflow/.local/lib/python3.12/site-packages/airflow/example_dags/tutorial.py
[2026-04-10T03:24:22.897+0000] {logging_mixin.py:190} INFO - [2026-04-10T03:24:22.897+0000] {dag.py:3239} INFO - Sync 1 DAGs
[2026-04-10T03:24:22.905+0000] {logging_mixin.py:190} INFO - [2026-04-10T03:24:22.905+0000] {dag.py:4180} INFO - Setting next_dagrun for tutorial to 2026-04-09 00:00:00+00:00, run_after=2026-04-10 00:00:00+00:00
[2026-04-10T03:24:22.910+0000] {processor.py:208} INFO - Processing /home/airflow/.local/lib/python3.12/site-packages/airflow/example_dags/tutorial.py took 0.033 seconds
[2026-04-10T03:24:53.229+0000] {processor.py:186} INFO - Started process (PID=80187) to work on /home/airflow/.local/lib/python3.12/site-packages/airflow/example_dags/tutorial.py
[2026-04-10T03:24:53.230+0000] {processor.py:914} INFO - Processing file /home/airflow/.local/lib/python3.12/site-packages/airflow/example_dags/tutorial.py for tasks to queue
[2026-04-10T03:24:53.230+0000] {logging_mixin.py:190} INFO - [2026-04-10T03:24:53.230+0000] {dagbag.py:588} INFO - Filling up the DagBag from /home/airflow/.local/lib/python3.12/site-packages/airflow/example_dags/tutorial.py
[2026-04-10T03:24:53.234+0000] {processor.py:925} INFO - DAG(s) 'tutorial' retrieved from /home/airflow/.local/lib/python3.12/site-packages/airflow/example_dags/tutorial.py
[2026-04-10T03:24:53.249+0000] {logging_mixin.py:190} INFO - [2026-04-10T03:24:53.249+0000] {dag.py:3239} INFO - Sync 1 DAGs
[2026-04-10T03:24:53.259+0000] {logging_mixin.py:190} INFO - [2026-04-10T03:24:53.258+0000] {dag.py:4180} INFO - Setting next_dagrun for tutorial to 2026-04-09 00:00:00+00:00, run_after=2026-04-10 00:00:00+00:00
[2026-04-10T03:24:53.264+0000] {processor.py:208} INFO - Processing /home/airflow/.local/lib/python3.12/site-packages/airflow/example_dags/tutorial.py took 0.037 seconds
[2026-04-10T03:25:23.599+0000] {processor.py:186} INFO - Started process (PID=80251) to work on /home/airflow/.local/lib/python3.12/site-packages/airflow/example_dags/tutorial.py
[2026-04-10T03:25:23.600+0000] {processor.py:914} INFO - Processing file /home/airflow/.local/lib/python3.12/site-packages/airflow/example_dags/tutorial.py for tasks to queue
[2026-04-10T03:25:23.600+0000] {logging_mixin.py:190} INFO - [2026-04-10T03:25:23.600+0000] {dagbag.py:588} INFO - Filling up the DagBag from /home/airflow/.local/lib/python3.12/site-packages/airflow/example_dags/tutorial.py
[2026-04-10T03:25:23.605+0000] {processor.py:925} INFO - DAG(s) 'tutorial' retrieved from /home/airflow/.local/lib/python3.12/site-packages/airflow/example_dags/tutorial.py
[2026-04-10T03:25:23.616+0000] {logging_mixin.py:190} INFO - [2026-04-10T03:25:23.615+0000] {dag.py:3239} INFO - Sync 1 DAGs
[2026-04-10T03:25:23.626+0000] {logging_mixin.py:190} INFO - [2026-04-10T03:25:23.626+0000] {dag.py:4180} INFO - Setting next_dagrun for tutorial to 2026-04-09 00:00:00+00:00, run_after=2026-04-10 00:00:00+00:00
[2026-04-10T03:25:23.636+0000] {processor.py:208} INFO - Processing /home/airflow/.local/lib/python3.12/site-packages/airflow/example_dags/tutorial.py took 0.039 seconds
[2026-04-10T03:25:54.125+0000] {processor.py:186} INFO - Started process (PID=80315) to work on /home/airflow/.local/lib/python3.12/site-packages/airflow/example_dags/tutorial.py
[2026-04-10T03:25:54.126+0000] {processor.py:914} INFO - Processing file /home/airflow/.local/lib/python3.12/site-packages/airflow/example_dags/tutorial.py for tasks to queue
[2026-04-10T03:25:54.126+0000] {logging_mixin.py:190} INFO - [2026-04-10T03:25:54.126+0000] {dagbag.py:588} INFO - Filling up the DagBag from /home/airflow/.local/lib/python3.12/site-packages/airflow/example_dags/tutorial.py
[2026-04-10T03:25:54.130+0000] {processor.py:925} INFO - DAG(s) 'tutorial' retrieved from /home/airflow/.local/lib/python3.12/site-packages/airflow/example_dags/tutorial.py
[2026-04-10T03:25:54.145+0000] {logging_mixin.py:190} INFO - [2026-04-10T03:25:54.145+0000] {dag.py:3239} INFO - Sync 1 DAGs
[2026-04-10T03:25:54.154+0000] {logging_mixin.py:190} INFO - [2026-04-10T03:25:54.154+0000] {dag.py:4180} INFO - Setting next_dagrun for tutorial to 2026-04-09 00:00:00+00:00, run_after=2026-04-10 00:00:00+00:00
[2026-04-10T03:25:54.160+0000] {processor.py:208} INFO - Processing /home/airflow/.local/lib/python3.12/site-packages/airflow/example_dags/tutorial.py took 0.037 seconds
[2026-04-10T03:26:25.419+0000] {processor.py:186} INFO - Started process (PID=80379) to work on /home/airflow/.local/lib/python3.12/site-packages/airflow/example_dags/tutorial.py
[2026-04-10T03:26:25.419+0000] {processor.py:914} INFO - Processing file /home/airflow/.local/lib/python3.12/site-packages/airflow/example_dags/tutorial.py for tasks to queue
[2026-04-10T03:26:25.420+0000] {logging_mixin.py:190} INFO - [2026-04-10T03:26:25.420+0000] {dagbag.py:588} INFO - Filling up the DagBag from /home/airflow/.local/lib/python3.12/site-packages/airflow/example_dags/tutorial.py
[2026-04-10T03:26:25.424+0000] {processor.py:925} INFO - DAG(s) 'tutorial' retrieved from /home/airflow/.local/lib/python3.12/site-packages/airflow/example_dags/tutorial.py
[2026-04-10T03:26:25.434+0000] {logging_mixin.py:190} INFO - [2026-04-10T03:26:25.434+0000] {dag.py:3239} INFO - Sync 1 DAGs
[2026-04-10T03:26:25.444+0000] {logging_mixin.py:190} INFO - [2026-04-10T03:26:25.443+0000] {dag.py:4180} INFO - Setting next_dagrun for tutorial to 2026-04-09 00:00:00+00:00, run_after=2026-04-10 00:00:00+00:00
[2026-04-10T03:26:25.453+0000] {processor.py:208} INFO - Processing /home/airflow/.local/lib/python3.12/site-packages/airflow/example_dags/tutorial.py took 0.036 seconds
[2026-04-10T03:26:55.950+0000] {processor.py:186} INFO - Started process (PID=80443) to work on /home/airflow/.local/lib/python3.12/site-packages/airflow/example_dags/tutorial.py
[2026-04-10T03:26:55.951+0000] {processor.py:914} INFO - Processing file /home/airflow/.local/lib/python3.12/site-packages/airflow/example_dags/tutorial.py for tasks to queue
[2026-04-10T03:26:55.951+0000] {logging_mixin.py:190} INFO - [2026-04-10T03:26:55.951+0000] {dagbag.py:588} INFO - Filling up the DagBag from /home/airflow/.local/lib/python3.12/site-packages/airflow/example_dags/tutorial.py
[2026-04-10T03:26:55.959+0000] {processor.py:925} INFO - DAG(s) 'tutorial' retrieved from /home/airflow/.local/lib/python3.12/site-packages/airflow/example_dags/tutorial.py
[2026-04-10T03:26:55.970+0000] {logging_mixin.py:190} INFO - [2026-04-10T03:26:55.970+0000] {dag.py:3239} INFO - Sync 1 DAGs
[2026-04-10T03:26:55.980+0000] {logging_mixin.py:190} INFO - [2026-04-10T03:26:55.979+0000] {dag.py:4180} INFO - Setting next_dagrun for tutorial to 2026-04-09 00:00:00+00:00, run_after=2026-04-10 00:00:00+00:00
[2026-04-10T03:26:55.986+0000] {processor.py:208} INFO - Processing /home/airflow/.local/lib/python3.12/site-packages/airflow/example_dags/tutorial.py took 0.038 seconds
[2026-04-10T03:27:26.192+0000] {processor.py:186} INFO - Started process (PID=80507) to work on /home/airflow/.local/lib/python3.12/site-packages/airflow/example_dags/tutorial.py
[2026-04-10T03:27:26.192+0000] {processor.py:914} INFO - Processing file /home/airflow/.local/lib/python3.12/site-packages/airflow/example_dags/tutorial.py for tasks to queue
[2026-04-10T03:27:26.193+0000] {logging_mixin.py:190} INFO - [2026-04-10T03:27:26.193+0000] {dagbag.py:588} INFO - Filling up the DagBag from /home/airflow/.local/lib/python3.12/site-packages/airflow/example_dags/tutorial.py
[2026-04-10T03:27:26.197+0000] {processor.py:925} INFO - DAG(s) 'tutorial' retrieved from /home/airflow/.local/lib/python3.12/site-packages/airflow/example_dags/tutorial.py
[2026-04-10T03:27:26.204+0000] {logging_mixin.py:190} INFO - [2026-04-10T03:27:26.204+0000] {dag.py:3239} INFO - Sync 1 DAGs
[2026-04-10T03:27:26.214+0000] {logging_mixin.py:190} INFO - [2026-04-10T03:27:26.214+0000] {dag.py:4180} INFO - Setting next_dagrun for tutorial to 2026-04-09 00:00:00+00:00, run_after=2026-04-10 00:00:00+00:00
[2026-04-10T03:27:26.224+0000] {processor.py:208} INFO - Processing /home/airflow/.local/lib/python3.12/site-packages/airflow/example_dags/tutorial.py took 0.034 seconds
[2026-04-10T03:27:56.650+0000] {processor.py:186} INFO - Started process (PID=80571) to work on /home/airflow/.local/lib/python3.12/site-packages/airflow/example_dags/tutorial.py
[2026-04-10T03:27:56.651+0000] {processor.py:914} INFO - Processing file /home/airflow/.local/lib/python3.12/site-packages/airflow/example_dags/tutorial.py for tasks to queue
[2026-04-10T03:27:56.652+0000] {logging_mixin.py:190} INFO - [2026-04-10T03:27:56.651+0000] {dagbag.py:588} INFO - Filling up the DagBag from /home/airflow/.local/lib/python3.12/site-packages/airflow/example_dags/tutorial.py
[2026-04-10T03:27:56.657+0000] {processor.py:925} INFO - DAG(s) 'tutorial' retrieved from /home/airflow/.local/lib/python3.12/site-packages/airflow/example_dags/tutorial.py
[2026-04-10T03:27:56.666+0000] {logging_mixin.py:190} INFO - [2026-04-10T03:27:56.665+0000] {dag.py:3239} INFO - Sync 1 DAGs
[2026-04-10T03:27:56.677+0000] {logging_mixin.py:190} INFO - [2026-04-10T03:27:56.677+0000] {dag.py:4180} INFO - Setting next_dagrun for tutorial to 2026-04-09 00:00:00+00:00, run_after=2026-04-10 00:00:00+00:00
[2026-04-10T03:27:56.690+0000] {processor.py:208} INFO - Processing /home/airflow/.local/lib/python3.12/site-packages/airflow/example_dags/tutorial.py took 0.042 seconds
[2026-04-10T03:28:27.327+0000] {processor.py:186} INFO - Started process (PID=80635) to work on /home/airflow/.local/lib/python3.12/site-packages/airflow/example_dags/tutorial.py
[2026-04-10T03:28:27.329+0000] {processor.py:914} INFO - Processing file /home/airflow/.local/lib/python3.12/site-packages/airflow/example_dags/tutorial.py for tasks to queue
[2026-04-10T03:28:27.330+0000] {logging_mixin.py:190} INFO - [2026-04-10T03:28:27.330+0000] {dagbag.py:588} INFO - Filling up the DagBag from /home/airflow/.local/lib/python3.12/site-packages/airflow/example_dags/tutorial.py
[2026-04-10T03:28:27.337+0000] {processor.py:925} INFO - DAG(s) 'tutorial' retrieved from /home/airflow/.local/lib/python3.12/site-packages/airflow/example_dags/tutorial.py
[2026-04-10T03:28:27.348+0000] {logging_mixin.py:190} INFO - [2026-04-10T03:28:27.346+0000] {dag.py:3239} INFO - Sync 1 DAGs
[2026-04-10T03:28:27.357+0000] {logging_mixin.py:190} INFO - [2026-04-10T03:28:27.357+0000] {dag.py:4180} INFO - Setting next_dagrun for tutorial to 2026-04-09 00:00:00+00:00, run_after=2026-04-10 00:00:00+00:00
[2026-04-10T03:28:27.363+0000] {processor.py:208} INFO - Processing /home/airflow/.local/lib/python3.12/site-packages/airflow/example_dags/tutorial.py took 0.038 seconds
[2026-04-10T03:28:57.723+0000] {processor.py:186} INFO - Started process (PID=80699) to work on /home/airflow/.local/lib/python3.12/site-packages/airflow/example_dags/tutorial.py
[2026-04-10T03:28:57.724+0000] {processor.py:914} INFO - Processing file /home/airflow/.local/lib/python3.12/site-packages/airflow/example_dags/tutorial.py for tasks to queue
[2026-04-10T03:28:57.724+0000] {logging_mixin.py:190} INFO - [2026-04-10T03:28:57.724+0000] {dagbag.py:588} INFO - Filling up the DagBag from /home/airflow/.local/lib/python3.12/site-packages/airflow/example_dags/tutorial.py
[2026-04-10T03:28:57.728+0000] {processor.py:925} INFO - DAG(s) 'tutorial' retrieved from /home/airflow/.local/lib/python3.12/site-packages/airflow/example_dags/tutorial.py
[2026-04-10T03:28:57.735+0000] {logging_mixin.py:190} INFO - [2026-04-10T03:28:57.734+0000] {dag.py:3239} INFO - Sync 1 DAGs
[2026-04-10T03:28:57.747+0000] {logging_mixin.py:190} INFO - [2026-04-10T03:28:57.747+0000] {dag.py:4180} INFO - Setting next_dagrun for tutorial to 2026-04-09 00:00:00+00:00, run_after=2026-04-10 00:00:00+00:00
[2026-04-10T03:28:57.756+0000] {processor.py:208} INFO - Processing /home/airflow/.local/lib/python3.12/site-packages/airflow/example_dags/tutorial.py took 0.035 seconds
[2026-04-10T03:29:28.096+0000] {processor.py:186} INFO - Started process (PID=80763) to work on /home/airflow/.local/lib/python3.12/site-packages/airflow/example_dags/tutorial.py
[2026-04-10T03:29:28.096+0000] {processor.py:914} INFO - Processing file /home/airflow/.local/lib/python3.12/site-packages/airflow/example_dags/tutorial.py for tasks to queue
[2026-04-10T03:29:28.097+0000] {logging_mixin.py:190} INFO - [2026-04-10T03:29:28.096+0000] {dagbag.py:588} INFO - Filling up the DagBag from /home/airflow/.local/lib/python3.12/site-packages/airflow/example_dags/tutorial.py
[2026-04-10T03:29:28.100+0000] {processor.py:925} INFO - DAG(s) 'tutorial' retrieved from /home/airflow/.local/lib/python3.12/site-packages/airflow/example_dags/tutorial.py
[2026-04-10T03:29:28.108+0000] {logging_mixin.py:190} INFO - [2026-04-10T03:29:28.108+0000] {dag.py:3239} INFO - Sync 1 DAGs
[2026-04-10T03:29:28.116+0000] {logging_mixin.py:190} INFO - [2026-04-10T03:29:28.116+0000] {dag.py:4180} INFO - Setting next_dagrun for tutorial to 2026-04-09 00:00:00+00:00, run_after=2026-04-10 00:00:00+00:00
[2026-04-10T03:29:28.122+0000] {processor.py:208} INFO - Processing /home/airflow/.local/lib/python3.12/site-packages/airflow/example_dags/tutorial.py took 0.029 seconds
[2026-04-10T03:29:58.736+0000] {processor.py:186} INFO - Started process (PID=80826) to work on /home/airflow/.local/lib/python3.12/site-packages/airflow/example_dags/tutorial.py
[2026-04-10T03:29:58.736+0000] {processor.py:914} INFO - Processing file /home/airflow/.local/lib/python3.12/site-packages/airflow/example_dags/tutorial.py for tasks to queue
[2026-04-10T03:29:58.737+0000] {logging_mixin.py:190} INFO - [2026-04-10T03:29:58.737+0000] {dagbag.py:588} INFO - Filling up the DagBag from /home/airflow/.local/lib/python3.12/site-packages/airflow/example_dags/tutorial.py
[2026-04-10T03:29:58.743+0000] {processor.py:925} INFO - DAG(s) 'tutorial' retrieved from /home/airflow/.local/lib/python3.12/site-packages/airflow/example_dags/tutorial.py
[2026-04-10T03:29:58.751+0000] {logging_mixin.py:190} INFO - [2026-04-10T03:29:58.751+0000] {dag.py:3239} INFO - Sync 1 DAGs
[2026-04-10T03:29:58.760+0000] {logging_mixin.py:190} INFO - [2026-04-10T03:29:58.760+0000] {dag.py:4180} INFO - Setting next_dagrun for tutorial to 2026-04-09 00:00:00+00:00, run_after=2026-04-10 00:00:00+00:00
[2026-04-10T03:29:58.773+0000] {processor.py:208} INFO - Processing /home/airflow/.local/lib/python3.12/site-packages/airflow/example_dags/tutorial.py took 0.039 seconds
