[2026-04-10T00:07:14.558+0000] {processor.py:186} INFO - Started process (PID=78554) to work on /home/airflow/.local/lib/python3.12/site-packages/airflow/example_dags/tutorial_taskflow_api.py
[2026-04-10T00:07:14.559+0000] {processor.py:914} INFO - Processing file /home/airflow/.local/lib/python3.12/site-packages/airflow/example_dags/tutorial_taskflow_api.py for tasks to queue
[2026-04-10T00:07:14.559+0000] {logging_mixin.py:190} INFO - [2026-04-10T00:07:14.559+0000] {dagbag.py:588} INFO - Filling up the DagBag from /home/airflow/.local/lib/python3.12/site-packages/airflow/example_dags/tutorial_taskflow_api.py
[2026-04-10T00:07:14.565+0000] {processor.py:925} INFO - DAG(s) 'tutorial_taskflow_api' retrieved from /home/airflow/.local/lib/python3.12/site-packages/airflow/example_dags/tutorial_taskflow_api.py
[2026-04-10T00:07:14.574+0000] {logging_mixin.py:190} INFO - [2026-04-10T00:07:14.574+0000] {dag.py:3239} INFO - Sync 1 DAGs
[2026-04-10T00:07:14.580+0000] {logging_mixin.py:190} INFO - [2026-04-10T00:07:14.580+0000] {dag.py:4180} INFO - Setting next_dagrun for tutorial_taskflow_api to None, run_after=None
[2026-04-10T00:07:14.586+0000] {processor.py:208} INFO - Processing /home/airflow/.local/lib/python3.12/site-packages/airflow/example_dags/tutorial_taskflow_api.py took 0.031 seconds
[2026-04-10T00:22:47.759+0000] {processor.py:186} INFO - Started process (PID=78618) to work on /home/airflow/.local/lib/python3.12/site-packages/airflow/example_dags/tutorial_taskflow_api.py
[2026-04-10T00:22:47.760+0000] {processor.py:914} INFO - Processing file /home/airflow/.local/lib/python3.12/site-packages/airflow/example_dags/tutorial_taskflow_api.py for tasks to queue
[2026-04-10T00:22:47.760+0000] {logging_mixin.py:190} INFO - [2026-04-10T00:22:47.760+0000] {dagbag.py:588} INFO - Filling up the DagBag from /home/airflow/.local/lib/python3.12/site-packages/airflow/example_dags/tutorial_taskflow_api.py
[2026-04-10T00:22:47.764+0000] {processor.py:925} INFO - DAG(s) 'tutorial_taskflow_api' retrieved from /home/airflow/.local/lib/python3.12/site-packages/airflow/example_dags/tutorial_taskflow_api.py
[2026-04-10T00:22:47.771+0000] {logging_mixin.py:190} INFO - [2026-04-10T00:22:47.771+0000] {dag.py:3239} INFO - Sync 1 DAGs
[2026-04-10T00:22:47.777+0000] {logging_mixin.py:190} INFO - [2026-04-10T00:22:47.776+0000] {dag.py:4180} INFO - Setting next_dagrun for tutorial_taskflow_api to None, run_after=None
[2026-04-10T00:22:47.787+0000] {processor.py:208} INFO - Processing /home/airflow/.local/lib/python3.12/site-packages/airflow/example_dags/tutorial_taskflow_api.py took 0.031 seconds
[2026-04-10T00:23:18.507+0000] {processor.py:186} INFO - Started process (PID=78682) to work on /home/airflow/.local/lib/python3.12/site-packages/airflow/example_dags/tutorial_taskflow_api.py
[2026-04-10T00:23:18.508+0000] {processor.py:914} INFO - Processing file /home/airflow/.local/lib/python3.12/site-packages/airflow/example_dags/tutorial_taskflow_api.py for tasks to queue
[2026-04-10T00:23:18.508+0000] {logging_mixin.py:190} INFO - [2026-04-10T00:23:18.508+0000] {dagbag.py:588} INFO - Filling up the DagBag from /home/airflow/.local/lib/python3.12/site-packages/airflow/example_dags/tutorial_taskflow_api.py
[2026-04-10T00:23:18.512+0000] {processor.py:925} INFO - DAG(s) 'tutorial_taskflow_api' retrieved from /home/airflow/.local/lib/python3.12/site-packages/airflow/example_dags/tutorial_taskflow_api.py
[2026-04-10T00:23:18.522+0000] {logging_mixin.py:190} INFO - [2026-04-10T00:23:18.522+0000] {dag.py:3239} INFO - Sync 1 DAGs
[2026-04-10T00:23:18.530+0000] {logging_mixin.py:190} INFO - [2026-04-10T00:23:18.530+0000] {dag.py:4180} INFO - Setting next_dagrun for tutorial_taskflow_api to None, run_after=None
[2026-04-10T00:23:18.540+0000] {processor.py:208} INFO - Processing /home/airflow/.local/lib/python3.12/site-packages/airflow/example_dags/tutorial_taskflow_api.py took 0.035 seconds
[2026-04-10T00:38:48.533+0000] {processor.py:186} INFO - Started process (PID=78746) to work on /home/airflow/.local/lib/python3.12/site-packages/airflow/example_dags/tutorial_taskflow_api.py
[2026-04-10T00:38:48.533+0000] {processor.py:914} INFO - Processing file /home/airflow/.local/lib/python3.12/site-packages/airflow/example_dags/tutorial_taskflow_api.py for tasks to queue
[2026-04-10T00:38:48.534+0000] {logging_mixin.py:190} INFO - [2026-04-10T00:38:48.534+0000] {dagbag.py:588} INFO - Filling up the DagBag from /home/airflow/.local/lib/python3.12/site-packages/airflow/example_dags/tutorial_taskflow_api.py
[2026-04-10T00:38:48.537+0000] {processor.py:925} INFO - DAG(s) 'tutorial_taskflow_api' retrieved from /home/airflow/.local/lib/python3.12/site-packages/airflow/example_dags/tutorial_taskflow_api.py
[2026-04-10T00:38:48.543+0000] {logging_mixin.py:190} INFO - [2026-04-10T00:38:48.543+0000] {dag.py:3239} INFO - Sync 1 DAGs
[2026-04-10T00:38:48.548+0000] {logging_mixin.py:190} INFO - [2026-04-10T00:38:48.548+0000] {dag.py:4180} INFO - Setting next_dagrun for tutorial_taskflow_api to None, run_after=None
[2026-04-10T00:38:48.552+0000] {processor.py:208} INFO - Processing /home/airflow/.local/lib/python3.12/site-packages/airflow/example_dags/tutorial_taskflow_api.py took 0.022 seconds
[2026-04-10T00:41:52.992+0000] {processor.py:186} INFO - Started process (PID=78810) to work on /home/airflow/.local/lib/python3.12/site-packages/airflow/example_dags/tutorial_taskflow_api.py
[2026-04-10T00:41:52.993+0000] {processor.py:914} INFO - Processing file /home/airflow/.local/lib/python3.12/site-packages/airflow/example_dags/tutorial_taskflow_api.py for tasks to queue
[2026-04-10T00:41:52.994+0000] {logging_mixin.py:190} INFO - [2026-04-10T00:41:52.994+0000] {dagbag.py:588} INFO - Filling up the DagBag from /home/airflow/.local/lib/python3.12/site-packages/airflow/example_dags/tutorial_taskflow_api.py
[2026-04-10T00:41:52.997+0000] {processor.py:925} INFO - DAG(s) 'tutorial_taskflow_api' retrieved from /home/airflow/.local/lib/python3.12/site-packages/airflow/example_dags/tutorial_taskflow_api.py
[2026-04-10T00:41:53.007+0000] {logging_mixin.py:190} INFO - [2026-04-10T00:41:53.007+0000] {dag.py:3239} INFO - Sync 1 DAGs
[2026-04-10T00:41:53.012+0000] {logging_mixin.py:190} INFO - [2026-04-10T00:41:53.012+0000] {dag.py:4180} INFO - Setting next_dagrun for tutorial_taskflow_api to None, run_after=None
[2026-04-10T00:41:53.017+0000] {processor.py:208} INFO - Processing /home/airflow/.local/lib/python3.12/site-packages/airflow/example_dags/tutorial_taskflow_api.py took 0.027 seconds
[2026-04-10T00:42:24.268+0000] {processor.py:186} INFO - Started process (PID=78874) to work on /home/airflow/.local/lib/python3.12/site-packages/airflow/example_dags/tutorial_taskflow_api.py
[2026-04-10T00:42:24.269+0000] {processor.py:914} INFO - Processing file /home/airflow/.local/lib/python3.12/site-packages/airflow/example_dags/tutorial_taskflow_api.py for tasks to queue
[2026-04-10T00:42:24.269+0000] {logging_mixin.py:190} INFO - [2026-04-10T00:42:24.269+0000] {dagbag.py:588} INFO - Filling up the DagBag from /home/airflow/.local/lib/python3.12/site-packages/airflow/example_dags/tutorial_taskflow_api.py
[2026-04-10T00:42:24.272+0000] {processor.py:925} INFO - DAG(s) 'tutorial_taskflow_api' retrieved from /home/airflow/.local/lib/python3.12/site-packages/airflow/example_dags/tutorial_taskflow_api.py
[2026-04-10T00:42:24.282+0000] {logging_mixin.py:190} INFO - [2026-04-10T00:42:24.282+0000] {dag.py:3239} INFO - Sync 1 DAGs
[2026-04-10T00:42:24.289+0000] {logging_mixin.py:190} INFO - [2026-04-10T00:42:24.288+0000] {dag.py:4180} INFO - Setting next_dagrun for tutorial_taskflow_api to None, run_after=None
[2026-04-10T00:42:24.298+0000] {processor.py:208} INFO - Processing /home/airflow/.local/lib/python3.12/site-packages/airflow/example_dags/tutorial_taskflow_api.py took 0.032 seconds
[2026-04-10T00:57:54.653+0000] {processor.py:186} INFO - Started process (PID=78938) to work on /home/airflow/.local/lib/python3.12/site-packages/airflow/example_dags/tutorial_taskflow_api.py
[2026-04-10T00:57:54.653+0000] {processor.py:914} INFO - Processing file /home/airflow/.local/lib/python3.12/site-packages/airflow/example_dags/tutorial_taskflow_api.py for tasks to queue
[2026-04-10T00:57:54.655+0000] {logging_mixin.py:190} INFO - [2026-04-10T00:57:54.655+0000] {dagbag.py:588} INFO - Filling up the DagBag from /home/airflow/.local/lib/python3.12/site-packages/airflow/example_dags/tutorial_taskflow_api.py
[2026-04-10T00:57:54.659+0000] {processor.py:925} INFO - DAG(s) 'tutorial_taskflow_api' retrieved from /home/airflow/.local/lib/python3.12/site-packages/airflow/example_dags/tutorial_taskflow_api.py
[2026-04-10T00:57:54.670+0000] {logging_mixin.py:190} INFO - [2026-04-10T00:57:54.670+0000] {dag.py:3239} INFO - Sync 1 DAGs
[2026-04-10T00:57:54.675+0000] {logging_mixin.py:190} INFO - [2026-04-10T00:57:54.675+0000] {dag.py:4180} INFO - Setting next_dagrun for tutorial_taskflow_api to None, run_after=None
[2026-04-10T00:57:54.684+0000] {processor.py:208} INFO - Processing /home/airflow/.local/lib/python3.12/site-packages/airflow/example_dags/tutorial_taskflow_api.py took 0.034 seconds
[2026-04-10T01:13:26.158+0000] {processor.py:186} INFO - Started process (PID=79002) to work on /home/airflow/.local/lib/python3.12/site-packages/airflow/example_dags/tutorial_taskflow_api.py
[2026-04-10T01:13:26.159+0000] {processor.py:914} INFO - Processing file /home/airflow/.local/lib/python3.12/site-packages/airflow/example_dags/tutorial_taskflow_api.py for tasks to queue
[2026-04-10T01:13:26.161+0000] {logging_mixin.py:190} INFO - [2026-04-10T01:13:26.161+0000] {dagbag.py:588} INFO - Filling up the DagBag from /home/airflow/.local/lib/python3.12/site-packages/airflow/example_dags/tutorial_taskflow_api.py
[2026-04-10T01:13:26.171+0000] {processor.py:925} INFO - DAG(s) 'tutorial_taskflow_api' retrieved from /home/airflow/.local/lib/python3.12/site-packages/airflow/example_dags/tutorial_taskflow_api.py
[2026-04-10T01:13:26.189+0000] {logging_mixin.py:190} INFO - [2026-04-10T01:13:26.189+0000] {dag.py:3239} INFO - Sync 1 DAGs
[2026-04-10T01:13:26.201+0000] {logging_mixin.py:190} INFO - [2026-04-10T01:13:26.200+0000] {dag.py:4180} INFO - Setting next_dagrun for tutorial_taskflow_api to None, run_after=None
[2026-04-10T01:13:26.212+0000] {processor.py:208} INFO - Processing /home/airflow/.local/lib/python3.12/site-packages/airflow/example_dags/tutorial_taskflow_api.py took 0.058 seconds
[2026-04-10T01:13:56.419+0000] {processor.py:186} INFO - Started process (PID=79065) to work on /home/airflow/.local/lib/python3.12/site-packages/airflow/example_dags/tutorial_taskflow_api.py
[2026-04-10T01:13:56.419+0000] {processor.py:914} INFO - Processing file /home/airflow/.local/lib/python3.12/site-packages/airflow/example_dags/tutorial_taskflow_api.py for tasks to queue
[2026-04-10T01:13:56.420+0000] {logging_mixin.py:190} INFO - [2026-04-10T01:13:56.419+0000] {dagbag.py:588} INFO - Filling up the DagBag from /home/airflow/.local/lib/python3.12/site-packages/airflow/example_dags/tutorial_taskflow_api.py
[2026-04-10T01:13:56.423+0000] {processor.py:925} INFO - DAG(s) 'tutorial_taskflow_api' retrieved from /home/airflow/.local/lib/python3.12/site-packages/airflow/example_dags/tutorial_taskflow_api.py
[2026-04-10T01:13:56.430+0000] {logging_mixin.py:190} INFO - [2026-04-10T01:13:56.430+0000] {dag.py:3239} INFO - Sync 1 DAGs
[2026-04-10T01:13:56.435+0000] {logging_mixin.py:190} INFO - [2026-04-10T01:13:56.435+0000] {dag.py:4180} INFO - Setting next_dagrun for tutorial_taskflow_api to None, run_after=None
[2026-04-10T01:13:56.440+0000] {processor.py:208} INFO - Processing /home/airflow/.local/lib/python3.12/site-packages/airflow/example_dags/tutorial_taskflow_api.py took 0.024 seconds
[2026-04-10T01:29:25.954+0000] {processor.py:186} INFO - Started process (PID=79129) to work on /home/airflow/.local/lib/python3.12/site-packages/airflow/example_dags/tutorial_taskflow_api.py
[2026-04-10T01:29:25.955+0000] {processor.py:914} INFO - Processing file /home/airflow/.local/lib/python3.12/site-packages/airflow/example_dags/tutorial_taskflow_api.py for tasks to queue
[2026-04-10T01:29:25.955+0000] {logging_mixin.py:190} INFO - [2026-04-10T01:29:25.955+0000] {dagbag.py:588} INFO - Filling up the DagBag from /home/airflow/.local/lib/python3.12/site-packages/airflow/example_dags/tutorial_taskflow_api.py
[2026-04-10T01:29:25.961+0000] {processor.py:925} INFO - DAG(s) 'tutorial_taskflow_api' retrieved from /home/airflow/.local/lib/python3.12/site-packages/airflow/example_dags/tutorial_taskflow_api.py
[2026-04-10T01:29:25.971+0000] {logging_mixin.py:190} INFO - [2026-04-10T01:29:25.971+0000] {dag.py:3239} INFO - Sync 1 DAGs
[2026-04-10T01:29:25.979+0000] {logging_mixin.py:190} INFO - [2026-04-10T01:29:25.979+0000] {dag.py:4180} INFO - Setting next_dagrun for tutorial_taskflow_api to None, run_after=None
[2026-04-10T01:29:25.986+0000] {processor.py:208} INFO - Processing /home/airflow/.local/lib/python3.12/site-packages/airflow/example_dags/tutorial_taskflow_api.py took 0.035 seconds
[2026-04-10T01:29:56.386+0000] {processor.py:186} INFO - Started process (PID=79193) to work on /home/airflow/.local/lib/python3.12/site-packages/airflow/example_dags/tutorial_taskflow_api.py
[2026-04-10T01:29:56.386+0000] {processor.py:914} INFO - Processing file /home/airflow/.local/lib/python3.12/site-packages/airflow/example_dags/tutorial_taskflow_api.py for tasks to queue
[2026-04-10T01:29:56.387+0000] {logging_mixin.py:190} INFO - [2026-04-10T01:29:56.387+0000] {dagbag.py:588} INFO - Filling up the DagBag from /home/airflow/.local/lib/python3.12/site-packages/airflow/example_dags/tutorial_taskflow_api.py
[2026-04-10T01:29:56.392+0000] {processor.py:925} INFO - DAG(s) 'tutorial_taskflow_api' retrieved from /home/airflow/.local/lib/python3.12/site-packages/airflow/example_dags/tutorial_taskflow_api.py
[2026-04-10T01:29:56.403+0000] {logging_mixin.py:190} INFO - [2026-04-10T01:29:56.403+0000] {dag.py:3239} INFO - Sync 1 DAGs
[2026-04-10T01:29:56.410+0000] {logging_mixin.py:190} INFO - [2026-04-10T01:29:56.410+0000] {dag.py:4180} INFO - Setting next_dagrun for tutorial_taskflow_api to None, run_after=None
[2026-04-10T01:29:56.420+0000] {processor.py:208} INFO - Processing /home/airflow/.local/lib/python3.12/site-packages/airflow/example_dags/tutorial_taskflow_api.py took 0.037 seconds
[2026-04-10T01:43:15.739+0000] {processor.py:186} INFO - Started process (PID=79257) to work on /home/airflow/.local/lib/python3.12/site-packages/airflow/example_dags/tutorial_taskflow_api.py
[2026-04-10T01:43:15.740+0000] {processor.py:914} INFO - Processing file /home/airflow/.local/lib/python3.12/site-packages/airflow/example_dags/tutorial_taskflow_api.py for tasks to queue
[2026-04-10T01:43:15.740+0000] {logging_mixin.py:190} INFO - [2026-04-10T01:43:15.740+0000] {dagbag.py:588} INFO - Filling up the DagBag from /home/airflow/.local/lib/python3.12/site-packages/airflow/example_dags/tutorial_taskflow_api.py
[2026-04-10T01:43:15.745+0000] {processor.py:925} INFO - DAG(s) 'tutorial_taskflow_api' retrieved from /home/airflow/.local/lib/python3.12/site-packages/airflow/example_dags/tutorial_taskflow_api.py
[2026-04-10T01:43:15.754+0000] {logging_mixin.py:190} INFO - [2026-04-10T01:43:15.754+0000] {dag.py:3239} INFO - Sync 1 DAGs
[2026-04-10T01:43:15.761+0000] {logging_mixin.py:190} INFO - [2026-04-10T01:43:15.761+0000] {dag.py:4180} INFO - Setting next_dagrun for tutorial_taskflow_api to None, run_after=None
[2026-04-10T01:43:15.767+0000] {processor.py:208} INFO - Processing /home/airflow/.local/lib/python3.12/site-packages/airflow/example_dags/tutorial_taskflow_api.py took 0.030 seconds
[2026-04-10T01:58:47.602+0000] {processor.py:186} INFO - Started process (PID=79321) to work on /home/airflow/.local/lib/python3.12/site-packages/airflow/example_dags/tutorial_taskflow_api.py
[2026-04-10T01:58:47.603+0000] {processor.py:914} INFO - Processing file /home/airflow/.local/lib/python3.12/site-packages/airflow/example_dags/tutorial_taskflow_api.py for tasks to queue
[2026-04-10T01:58:47.603+0000] {logging_mixin.py:190} INFO - [2026-04-10T01:58:47.603+0000] {dagbag.py:588} INFO - Filling up the DagBag from /home/airflow/.local/lib/python3.12/site-packages/airflow/example_dags/tutorial_taskflow_api.py
[2026-04-10T01:58:47.607+0000] {processor.py:925} INFO - DAG(s) 'tutorial_taskflow_api' retrieved from /home/airflow/.local/lib/python3.12/site-packages/airflow/example_dags/tutorial_taskflow_api.py
[2026-04-10T01:58:47.616+0000] {logging_mixin.py:190} INFO - [2026-04-10T01:58:47.616+0000] {dag.py:3239} INFO - Sync 1 DAGs
[2026-04-10T01:58:47.623+0000] {logging_mixin.py:190} INFO - [2026-04-10T01:58:47.623+0000] {dag.py:4180} INFO - Setting next_dagrun for tutorial_taskflow_api to None, run_after=None
[2026-04-10T01:58:47.629+0000] {processor.py:208} INFO - Processing /home/airflow/.local/lib/python3.12/site-packages/airflow/example_dags/tutorial_taskflow_api.py took 0.029 seconds
[2026-04-10T01:59:18.870+0000] {processor.py:186} INFO - Started process (PID=79385) to work on /home/airflow/.local/lib/python3.12/site-packages/airflow/example_dags/tutorial_taskflow_api.py
[2026-04-10T01:59:18.871+0000] {processor.py:914} INFO - Processing file /home/airflow/.local/lib/python3.12/site-packages/airflow/example_dags/tutorial_taskflow_api.py for tasks to queue
[2026-04-10T01:59:18.873+0000] {logging_mixin.py:190} INFO - [2026-04-10T01:59:18.873+0000] {dagbag.py:588} INFO - Filling up the DagBag from /home/airflow/.local/lib/python3.12/site-packages/airflow/example_dags/tutorial_taskflow_api.py
[2026-04-10T01:59:18.878+0000] {processor.py:925} INFO - DAG(s) 'tutorial_taskflow_api' retrieved from /home/airflow/.local/lib/python3.12/site-packages/airflow/example_dags/tutorial_taskflow_api.py
[2026-04-10T01:59:18.893+0000] {logging_mixin.py:190} INFO - [2026-04-10T01:59:18.893+0000] {dag.py:3239} INFO - Sync 1 DAGs
[2026-04-10T01:59:18.900+0000] {logging_mixin.py:190} INFO - [2026-04-10T01:59:18.900+0000] {dag.py:4180} INFO - Setting next_dagrun for tutorial_taskflow_api to None, run_after=None
[2026-04-10T01:59:18.909+0000] {processor.py:208} INFO - Processing /home/airflow/.local/lib/python3.12/site-packages/airflow/example_dags/tutorial_taskflow_api.py took 0.042 seconds
[2026-04-10T02:14:51.305+0000] {processor.py:186} INFO - Started process (PID=79449) to work on /home/airflow/.local/lib/python3.12/site-packages/airflow/example_dags/tutorial_taskflow_api.py
[2026-04-10T02:14:51.306+0000] {processor.py:914} INFO - Processing file /home/airflow/.local/lib/python3.12/site-packages/airflow/example_dags/tutorial_taskflow_api.py for tasks to queue
[2026-04-10T02:14:51.307+0000] {logging_mixin.py:190} INFO - [2026-04-10T02:14:51.306+0000] {dagbag.py:588} INFO - Filling up the DagBag from /home/airflow/.local/lib/python3.12/site-packages/airflow/example_dags/tutorial_taskflow_api.py
[2026-04-10T02:14:51.310+0000] {processor.py:925} INFO - DAG(s) 'tutorial_taskflow_api' retrieved from /home/airflow/.local/lib/python3.12/site-packages/airflow/example_dags/tutorial_taskflow_api.py
[2026-04-10T02:14:51.319+0000] {logging_mixin.py:190} INFO - [2026-04-10T02:14:51.318+0000] {dag.py:3239} INFO - Sync 1 DAGs
[2026-04-10T02:14:51.325+0000] {logging_mixin.py:190} INFO - [2026-04-10T02:14:51.325+0000] {dag.py:4180} INFO - Setting next_dagrun for tutorial_taskflow_api to None, run_after=None
[2026-04-10T02:14:51.332+0000] {processor.py:208} INFO - Processing /home/airflow/.local/lib/python3.12/site-packages/airflow/example_dags/tutorial_taskflow_api.py took 0.029 seconds
[2026-04-10T02:20:01.636+0000] {processor.py:186} INFO - Started process (PID=79513) to work on /home/airflow/.local/lib/python3.12/site-packages/airflow/example_dags/tutorial_taskflow_api.py
[2026-04-10T02:20:01.637+0000] {processor.py:914} INFO - Processing file /home/airflow/.local/lib/python3.12/site-packages/airflow/example_dags/tutorial_taskflow_api.py for tasks to queue
[2026-04-10T02:20:01.637+0000] {logging_mixin.py:190} INFO - [2026-04-10T02:20:01.637+0000] {dagbag.py:588} INFO - Filling up the DagBag from /home/airflow/.local/lib/python3.12/site-packages/airflow/example_dags/tutorial_taskflow_api.py
[2026-04-10T02:20:01.644+0000] {processor.py:925} INFO - DAG(s) 'tutorial_taskflow_api' retrieved from /home/airflow/.local/lib/python3.12/site-packages/airflow/example_dags/tutorial_taskflow_api.py
[2026-04-10T02:20:01.653+0000] {logging_mixin.py:190} INFO - [2026-04-10T02:20:01.653+0000] {dag.py:3239} INFO - Sync 1 DAGs
[2026-04-10T02:20:01.659+0000] {logging_mixin.py:190} INFO - [2026-04-10T02:20:01.658+0000] {dag.py:4180} INFO - Setting next_dagrun for tutorial_taskflow_api to None, run_after=None
[2026-04-10T02:20:01.667+0000] {processor.py:208} INFO - Processing /home/airflow/.local/lib/python3.12/site-packages/airflow/example_dags/tutorial_taskflow_api.py took 0.034 seconds
[2026-04-10T02:20:32.512+0000] {processor.py:186} INFO - Started process (PID=79577) to work on /home/airflow/.local/lib/python3.12/site-packages/airflow/example_dags/tutorial_taskflow_api.py
[2026-04-10T02:20:32.512+0000] {processor.py:914} INFO - Processing file /home/airflow/.local/lib/python3.12/site-packages/airflow/example_dags/tutorial_taskflow_api.py for tasks to queue
[2026-04-10T02:20:32.513+0000] {logging_mixin.py:190} INFO - [2026-04-10T02:20:32.513+0000] {dagbag.py:588} INFO - Filling up the DagBag from /home/airflow/.local/lib/python3.12/site-packages/airflow/example_dags/tutorial_taskflow_api.py
[2026-04-10T02:20:32.516+0000] {processor.py:925} INFO - DAG(s) 'tutorial_taskflow_api' retrieved from /home/airflow/.local/lib/python3.12/site-packages/airflow/example_dags/tutorial_taskflow_api.py
[2026-04-10T02:20:32.525+0000] {logging_mixin.py:190} INFO - [2026-04-10T02:20:32.525+0000] {dag.py:3239} INFO - Sync 1 DAGs
[2026-04-10T02:20:32.534+0000] {logging_mixin.py:190} INFO - [2026-04-10T02:20:32.534+0000] {dag.py:4180} INFO - Setting next_dagrun for tutorial_taskflow_api to None, run_after=None
[2026-04-10T02:20:32.542+0000] {processor.py:208} INFO - Processing /home/airflow/.local/lib/python3.12/site-packages/airflow/example_dags/tutorial_taskflow_api.py took 0.033 seconds
[2026-04-10T02:38:21.347+0000] {processor.py:186} INFO - Started process (PID=79641) to work on /home/airflow/.local/lib/python3.12/site-packages/airflow/example_dags/tutorial_taskflow_api.py
[2026-04-10T02:38:21.349+0000] {processor.py:914} INFO - Processing file /home/airflow/.local/lib/python3.12/site-packages/airflow/example_dags/tutorial_taskflow_api.py for tasks to queue
[2026-04-10T02:38:21.349+0000] {logging_mixin.py:190} INFO - [2026-04-10T02:38:21.349+0000] {dagbag.py:588} INFO - Filling up the DagBag from /home/airflow/.local/lib/python3.12/site-packages/airflow/example_dags/tutorial_taskflow_api.py
[2026-04-10T02:38:21.354+0000] {processor.py:925} INFO - DAG(s) 'tutorial_taskflow_api' retrieved from /home/airflow/.local/lib/python3.12/site-packages/airflow/example_dags/tutorial_taskflow_api.py
[2026-04-10T02:38:21.365+0000] {logging_mixin.py:190} INFO - [2026-04-10T02:38:21.365+0000] {dag.py:3239} INFO - Sync 1 DAGs
[2026-04-10T02:38:21.372+0000] {logging_mixin.py:190} INFO - [2026-04-10T02:38:21.372+0000] {dag.py:4180} INFO - Setting next_dagrun for tutorial_taskflow_api to None, run_after=None
[2026-04-10T02:38:21.381+0000] {processor.py:208} INFO - Processing /home/airflow/.local/lib/python3.12/site-packages/airflow/example_dags/tutorial_taskflow_api.py took 0.036 seconds
[2026-04-10T02:44:08.287+0000] {processor.py:186} INFO - Started process (PID=79705) to work on /home/airflow/.local/lib/python3.12/site-packages/airflow/example_dags/tutorial_taskflow_api.py
[2026-04-10T02:44:08.289+0000] {processor.py:914} INFO - Processing file /home/airflow/.local/lib/python3.12/site-packages/airflow/example_dags/tutorial_taskflow_api.py for tasks to queue
[2026-04-10T02:44:08.289+0000] {logging_mixin.py:190} INFO - [2026-04-10T02:44:08.289+0000] {dagbag.py:588} INFO - Filling up the DagBag from /home/airflow/.local/lib/python3.12/site-packages/airflow/example_dags/tutorial_taskflow_api.py
[2026-04-10T02:44:08.293+0000] {processor.py:925} INFO - DAG(s) 'tutorial_taskflow_api' retrieved from /home/airflow/.local/lib/python3.12/site-packages/airflow/example_dags/tutorial_taskflow_api.py
[2026-04-10T02:44:08.304+0000] {logging_mixin.py:190} INFO - [2026-04-10T02:44:08.304+0000] {dag.py:3239} INFO - Sync 1 DAGs
[2026-04-10T02:44:08.310+0000] {logging_mixin.py:190} INFO - [2026-04-10T02:44:08.310+0000] {dag.py:4180} INFO - Setting next_dagrun for tutorial_taskflow_api to None, run_after=None
[2026-04-10T02:44:08.321+0000] {processor.py:208} INFO - Processing /home/airflow/.local/lib/python3.12/site-packages/airflow/example_dags/tutorial_taskflow_api.py took 0.036 seconds
[2026-04-10T02:59:39.864+0000] {processor.py:186} INFO - Started process (PID=79769) to work on /home/airflow/.local/lib/python3.12/site-packages/airflow/example_dags/tutorial_taskflow_api.py
[2026-04-10T02:59:39.865+0000] {processor.py:914} INFO - Processing file /home/airflow/.local/lib/python3.12/site-packages/airflow/example_dags/tutorial_taskflow_api.py for tasks to queue
[2026-04-10T02:59:39.866+0000] {logging_mixin.py:190} INFO - [2026-04-10T02:59:39.865+0000] {dagbag.py:588} INFO - Filling up the DagBag from /home/airflow/.local/lib/python3.12/site-packages/airflow/example_dags/tutorial_taskflow_api.py
[2026-04-10T02:59:39.869+0000] {processor.py:925} INFO - DAG(s) 'tutorial_taskflow_api' retrieved from /home/airflow/.local/lib/python3.12/site-packages/airflow/example_dags/tutorial_taskflow_api.py
[2026-04-10T02:59:39.878+0000] {logging_mixin.py:190} INFO - [2026-04-10T02:59:39.877+0000] {dag.py:3239} INFO - Sync 1 DAGs
[2026-04-10T02:59:39.883+0000] {logging_mixin.py:190} INFO - [2026-04-10T02:59:39.883+0000] {dag.py:4180} INFO - Setting next_dagrun for tutorial_taskflow_api to None, run_after=None
[2026-04-10T02:59:39.889+0000] {processor.py:208} INFO - Processing /home/airflow/.local/lib/python3.12/site-packages/airflow/example_dags/tutorial_taskflow_api.py took 0.028 seconds
[2026-04-10T03:00:10.194+0000] {processor.py:186} INFO - Started process (PID=79833) to work on /home/airflow/.local/lib/python3.12/site-packages/airflow/example_dags/tutorial_taskflow_api.py
[2026-04-10T03:00:10.195+0000] {processor.py:914} INFO - Processing file /home/airflow/.local/lib/python3.12/site-packages/airflow/example_dags/tutorial_taskflow_api.py for tasks to queue
[2026-04-10T03:00:10.195+0000] {logging_mixin.py:190} INFO - [2026-04-10T03:00:10.195+0000] {dagbag.py:588} INFO - Filling up the DagBag from /home/airflow/.local/lib/python3.12/site-packages/airflow/example_dags/tutorial_taskflow_api.py
[2026-04-10T03:00:10.199+0000] {processor.py:925} INFO - DAG(s) 'tutorial_taskflow_api' retrieved from /home/airflow/.local/lib/python3.12/site-packages/airflow/example_dags/tutorial_taskflow_api.py
[2026-04-10T03:00:10.208+0000] {logging_mixin.py:190} INFO - [2026-04-10T03:00:10.208+0000] {dag.py:3239} INFO - Sync 1 DAGs
[2026-04-10T03:00:10.216+0000] {logging_mixin.py:190} INFO - [2026-04-10T03:00:10.216+0000] {dag.py:4180} INFO - Setting next_dagrun for tutorial_taskflow_api to None, run_after=None
[2026-04-10T03:00:10.225+0000] {processor.py:208} INFO - Processing /home/airflow/.local/lib/python3.12/site-packages/airflow/example_dags/tutorial_taskflow_api.py took 0.033 seconds
[2026-04-10T03:15:40.968+0000] {processor.py:186} INFO - Started process (PID=79897) to work on /home/airflow/.local/lib/python3.12/site-packages/airflow/example_dags/tutorial_taskflow_api.py
[2026-04-10T03:15:40.968+0000] {processor.py:914} INFO - Processing file /home/airflow/.local/lib/python3.12/site-packages/airflow/example_dags/tutorial_taskflow_api.py for tasks to queue
[2026-04-10T03:15:40.970+0000] {logging_mixin.py:190} INFO - [2026-04-10T03:15:40.969+0000] {dagbag.py:588} INFO - Filling up the DagBag from /home/airflow/.local/lib/python3.12/site-packages/airflow/example_dags/tutorial_taskflow_api.py
[2026-04-10T03:15:40.974+0000] {processor.py:925} INFO - DAG(s) 'tutorial_taskflow_api' retrieved from /home/airflow/.local/lib/python3.12/site-packages/airflow/example_dags/tutorial_taskflow_api.py
[2026-04-10T03:15:40.981+0000] {logging_mixin.py:190} INFO - [2026-04-10T03:15:40.981+0000] {dag.py:3239} INFO - Sync 1 DAGs
[2026-04-10T03:15:40.990+0000] {logging_mixin.py:190} INFO - [2026-04-10T03:15:40.990+0000] {dag.py:4180} INFO - Setting next_dagrun for tutorial_taskflow_api to None, run_after=None
[2026-04-10T03:15:41.001+0000] {processor.py:208} INFO - Processing /home/airflow/.local/lib/python3.12/site-packages/airflow/example_dags/tutorial_taskflow_api.py took 0.036 seconds
[2026-04-10T03:23:20.105+0000] {processor.py:186} INFO - Started process (PID=79961) to work on /home/airflow/.local/lib/python3.12/site-packages/airflow/example_dags/tutorial_taskflow_api.py
[2026-04-10T03:23:20.106+0000] {processor.py:914} INFO - Processing file /home/airflow/.local/lib/python3.12/site-packages/airflow/example_dags/tutorial_taskflow_api.py for tasks to queue
[2026-04-10T03:23:20.108+0000] {logging_mixin.py:190} INFO - [2026-04-10T03:23:20.107+0000] {dagbag.py:588} INFO - Filling up the DagBag from /home/airflow/.local/lib/python3.12/site-packages/airflow/example_dags/tutorial_taskflow_api.py
[2026-04-10T03:23:20.112+0000] {processor.py:925} INFO - DAG(s) 'tutorial_taskflow_api' retrieved from /home/airflow/.local/lib/python3.12/site-packages/airflow/example_dags/tutorial_taskflow_api.py
[2026-04-10T03:23:20.122+0000] {logging_mixin.py:190} INFO - [2026-04-10T03:23:20.122+0000] {dag.py:3239} INFO - Sync 1 DAGs
[2026-04-10T03:23:20.131+0000] {logging_mixin.py:190} INFO - [2026-04-10T03:23:20.131+0000] {dag.py:4180} INFO - Setting next_dagrun for tutorial_taskflow_api to None, run_after=None
[2026-04-10T03:23:20.146+0000] {processor.py:208} INFO - Processing /home/airflow/.local/lib/python3.12/site-packages/airflow/example_dags/tutorial_taskflow_api.py took 0.043 seconds
[2026-04-10T03:23:50.988+0000] {processor.py:186} INFO - Started process (PID=80025) to work on /home/airflow/.local/lib/python3.12/site-packages/airflow/example_dags/tutorial_taskflow_api.py
[2026-04-10T03:23:50.991+0000] {processor.py:914} INFO - Processing file /home/airflow/.local/lib/python3.12/site-packages/airflow/example_dags/tutorial_taskflow_api.py for tasks to queue
[2026-04-10T03:23:50.991+0000] {logging_mixin.py:190} INFO - [2026-04-10T03:23:50.991+0000] {dagbag.py:588} INFO - Filling up the DagBag from /home/airflow/.local/lib/python3.12/site-packages/airflow/example_dags/tutorial_taskflow_api.py
[2026-04-10T03:23:50.996+0000] {processor.py:925} INFO - DAG(s) 'tutorial_taskflow_api' retrieved from /home/airflow/.local/lib/python3.12/site-packages/airflow/example_dags/tutorial_taskflow_api.py
[2026-04-10T03:23:51.012+0000] {logging_mixin.py:190} INFO - [2026-04-10T03:23:51.012+0000] {dag.py:3239} INFO - Sync 1 DAGs
[2026-04-10T03:23:51.017+0000] {logging_mixin.py:190} INFO - [2026-04-10T03:23:51.017+0000] {dag.py:4180} INFO - Setting next_dagrun for tutorial_taskflow_api to None, run_after=None
[2026-04-10T03:23:51.026+0000] {processor.py:208} INFO - Processing /home/airflow/.local/lib/python3.12/site-packages/airflow/example_dags/tutorial_taskflow_api.py took 0.041 seconds
[2026-04-10T03:24:21.675+0000] {processor.py:186} INFO - Started process (PID=80089) to work on /home/airflow/.local/lib/python3.12/site-packages/airflow/example_dags/tutorial_taskflow_api.py
[2026-04-10T03:24:21.676+0000] {processor.py:914} INFO - Processing file /home/airflow/.local/lib/python3.12/site-packages/airflow/example_dags/tutorial_taskflow_api.py for tasks to queue
[2026-04-10T03:24:21.676+0000] {logging_mixin.py:190} INFO - [2026-04-10T03:24:21.676+0000] {dagbag.py:588} INFO - Filling up the DagBag from /home/airflow/.local/lib/python3.12/site-packages/airflow/example_dags/tutorial_taskflow_api.py
[2026-04-10T03:24:21.683+0000] {processor.py:925} INFO - DAG(s) 'tutorial_taskflow_api' retrieved from /home/airflow/.local/lib/python3.12/site-packages/airflow/example_dags/tutorial_taskflow_api.py
[2026-04-10T03:24:21.692+0000] {logging_mixin.py:190} INFO - [2026-04-10T03:24:21.692+0000] {dag.py:3239} INFO - Sync 1 DAGs
[2026-04-10T03:24:21.698+0000] {logging_mixin.py:190} INFO - [2026-04-10T03:24:21.698+0000] {dag.py:4180} INFO - Setting next_dagrun for tutorial_taskflow_api to None, run_after=None
[2026-04-10T03:24:21.708+0000] {processor.py:208} INFO - Processing /home/airflow/.local/lib/python3.12/site-packages/airflow/example_dags/tutorial_taskflow_api.py took 0.035 seconds
[2026-04-10T03:24:52.036+0000] {processor.py:186} INFO - Started process (PID=80153) to work on /home/airflow/.local/lib/python3.12/site-packages/airflow/example_dags/tutorial_taskflow_api.py
[2026-04-10T03:24:52.037+0000] {processor.py:914} INFO - Processing file /home/airflow/.local/lib/python3.12/site-packages/airflow/example_dags/tutorial_taskflow_api.py for tasks to queue
[2026-04-10T03:24:52.038+0000] {logging_mixin.py:190} INFO - [2026-04-10T03:24:52.038+0000] {dagbag.py:588} INFO - Filling up the DagBag from /home/airflow/.local/lib/python3.12/site-packages/airflow/example_dags/tutorial_taskflow_api.py
[2026-04-10T03:24:52.042+0000] {processor.py:925} INFO - DAG(s) 'tutorial_taskflow_api' retrieved from /home/airflow/.local/lib/python3.12/site-packages/airflow/example_dags/tutorial_taskflow_api.py
[2026-04-10T03:24:52.049+0000] {logging_mixin.py:190} INFO - [2026-04-10T03:24:52.049+0000] {dag.py:3239} INFO - Sync 1 DAGs
[2026-04-10T03:24:52.056+0000] {logging_mixin.py:190} INFO - [2026-04-10T03:24:52.056+0000] {dag.py:4180} INFO - Setting next_dagrun for tutorial_taskflow_api to None, run_after=None
[2026-04-10T03:24:52.062+0000] {processor.py:208} INFO - Processing /home/airflow/.local/lib/python3.12/site-packages/airflow/example_dags/tutorial_taskflow_api.py took 0.029 seconds
[2026-04-10T03:25:22.483+0000] {processor.py:186} INFO - Started process (PID=80217) to work on /home/airflow/.local/lib/python3.12/site-packages/airflow/example_dags/tutorial_taskflow_api.py
[2026-04-10T03:25:22.484+0000] {processor.py:914} INFO - Processing file /home/airflow/.local/lib/python3.12/site-packages/airflow/example_dags/tutorial_taskflow_api.py for tasks to queue
[2026-04-10T03:25:22.484+0000] {logging_mixin.py:190} INFO - [2026-04-10T03:25:22.484+0000] {dagbag.py:588} INFO - Filling up the DagBag from /home/airflow/.local/lib/python3.12/site-packages/airflow/example_dags/tutorial_taskflow_api.py
[2026-04-10T03:25:22.487+0000] {processor.py:925} INFO - DAG(s) 'tutorial_taskflow_api' retrieved from /home/airflow/.local/lib/python3.12/site-packages/airflow/example_dags/tutorial_taskflow_api.py
[2026-04-10T03:25:22.495+0000] {logging_mixin.py:190} INFO - [2026-04-10T03:25:22.495+0000] {dag.py:3239} INFO - Sync 1 DAGs
[2026-04-10T03:25:22.500+0000] {logging_mixin.py:190} INFO - [2026-04-10T03:25:22.500+0000] {dag.py:4180} INFO - Setting next_dagrun for tutorial_taskflow_api to None, run_after=None
[2026-04-10T03:25:22.511+0000] {processor.py:208} INFO - Processing /home/airflow/.local/lib/python3.12/site-packages/airflow/example_dags/tutorial_taskflow_api.py took 0.031 seconds
[2026-04-10T03:25:52.784+0000] {processor.py:186} INFO - Started process (PID=80281) to work on /home/airflow/.local/lib/python3.12/site-packages/airflow/example_dags/tutorial_taskflow_api.py
[2026-04-10T03:25:52.786+0000] {processor.py:914} INFO - Processing file /home/airflow/.local/lib/python3.12/site-packages/airflow/example_dags/tutorial_taskflow_api.py for tasks to queue
[2026-04-10T03:25:52.787+0000] {logging_mixin.py:190} INFO - [2026-04-10T03:25:52.787+0000] {dagbag.py:588} INFO - Filling up the DagBag from /home/airflow/.local/lib/python3.12/site-packages/airflow/example_dags/tutorial_taskflow_api.py
[2026-04-10T03:25:52.791+0000] {processor.py:925} INFO - DAG(s) 'tutorial_taskflow_api' retrieved from /home/airflow/.local/lib/python3.12/site-packages/airflow/example_dags/tutorial_taskflow_api.py
[2026-04-10T03:25:52.799+0000] {logging_mixin.py:190} INFO - [2026-04-10T03:25:52.799+0000] {dag.py:3239} INFO - Sync 1 DAGs
[2026-04-10T03:25:52.805+0000] {logging_mixin.py:190} INFO - [2026-04-10T03:25:52.805+0000] {dag.py:4180} INFO - Setting next_dagrun for tutorial_taskflow_api to None, run_after=None
[2026-04-10T03:25:52.812+0000] {processor.py:208} INFO - Processing /home/airflow/.local/lib/python3.12/site-packages/airflow/example_dags/tutorial_taskflow_api.py took 0.031 seconds
[2026-04-10T03:26:23.117+0000] {processor.py:186} INFO - Started process (PID=80345) to work on /home/airflow/.local/lib/python3.12/site-packages/airflow/example_dags/tutorial_taskflow_api.py
[2026-04-10T03:26:23.117+0000] {processor.py:914} INFO - Processing file /home/airflow/.local/lib/python3.12/site-packages/airflow/example_dags/tutorial_taskflow_api.py for tasks to queue
[2026-04-10T03:26:23.118+0000] {logging_mixin.py:190} INFO - [2026-04-10T03:26:23.118+0000] {dagbag.py:588} INFO - Filling up the DagBag from /home/airflow/.local/lib/python3.12/site-packages/airflow/example_dags/tutorial_taskflow_api.py
[2026-04-10T03:26:23.121+0000] {processor.py:925} INFO - DAG(s) 'tutorial_taskflow_api' retrieved from /home/airflow/.local/lib/python3.12/site-packages/airflow/example_dags/tutorial_taskflow_api.py
[2026-04-10T03:26:23.129+0000] {logging_mixin.py:190} INFO - [2026-04-10T03:26:23.129+0000] {dag.py:3239} INFO - Sync 1 DAGs
[2026-04-10T03:26:23.134+0000] {logging_mixin.py:190} INFO - [2026-04-10T03:26:23.134+0000] {dag.py:4180} INFO - Setting next_dagrun for tutorial_taskflow_api to None, run_after=None
[2026-04-10T03:26:23.139+0000] {processor.py:208} INFO - Processing /home/airflow/.local/lib/python3.12/site-packages/airflow/example_dags/tutorial_taskflow_api.py took 0.024 seconds
[2026-04-10T03:26:53.280+0000] {processor.py:186} INFO - Started process (PID=80408) to work on /home/airflow/.local/lib/python3.12/site-packages/airflow/example_dags/tutorial_taskflow_api.py
[2026-04-10T03:26:53.281+0000] {processor.py:914} INFO - Processing file /home/airflow/.local/lib/python3.12/site-packages/airflow/example_dags/tutorial_taskflow_api.py for tasks to queue
[2026-04-10T03:26:53.282+0000] {logging_mixin.py:190} INFO - [2026-04-10T03:26:53.282+0000] {dagbag.py:588} INFO - Filling up the DagBag from /home/airflow/.local/lib/python3.12/site-packages/airflow/example_dags/tutorial_taskflow_api.py
[2026-04-10T03:26:53.285+0000] {processor.py:925} INFO - DAG(s) 'tutorial_taskflow_api' retrieved from /home/airflow/.local/lib/python3.12/site-packages/airflow/example_dags/tutorial_taskflow_api.py
[2026-04-10T03:26:53.293+0000] {logging_mixin.py:190} INFO - [2026-04-10T03:26:53.293+0000] {dag.py:3239} INFO - Sync 1 DAGs
[2026-04-10T03:26:53.298+0000] {logging_mixin.py:190} INFO - [2026-04-10T03:26:53.298+0000] {dag.py:4180} INFO - Setting next_dagrun for tutorial_taskflow_api to None, run_after=None
[2026-04-10T03:26:53.304+0000] {processor.py:208} INFO - Processing /home/airflow/.local/lib/python3.12/site-packages/airflow/example_dags/tutorial_taskflow_api.py took 0.027 seconds
[2026-04-10T03:27:23.949+0000] {processor.py:186} INFO - Started process (PID=80472) to work on /home/airflow/.local/lib/python3.12/site-packages/airflow/example_dags/tutorial_taskflow_api.py
[2026-04-10T03:27:23.950+0000] {processor.py:914} INFO - Processing file /home/airflow/.local/lib/python3.12/site-packages/airflow/example_dags/tutorial_taskflow_api.py for tasks to queue
[2026-04-10T03:27:23.950+0000] {logging_mixin.py:190} INFO - [2026-04-10T03:27:23.950+0000] {dagbag.py:588} INFO - Filling up the DagBag from /home/airflow/.local/lib/python3.12/site-packages/airflow/example_dags/tutorial_taskflow_api.py
[2026-04-10T03:27:23.954+0000] {processor.py:925} INFO - DAG(s) 'tutorial_taskflow_api' retrieved from /home/airflow/.local/lib/python3.12/site-packages/airflow/example_dags/tutorial_taskflow_api.py
[2026-04-10T03:27:23.962+0000] {logging_mixin.py:190} INFO - [2026-04-10T03:27:23.962+0000] {dag.py:3239} INFO - Sync 1 DAGs
[2026-04-10T03:27:23.967+0000] {logging_mixin.py:190} INFO - [2026-04-10T03:27:23.967+0000] {dag.py:4180} INFO - Setting next_dagrun for tutorial_taskflow_api to None, run_after=None
[2026-04-10T03:27:23.974+0000] {processor.py:208} INFO - Processing /home/airflow/.local/lib/python3.12/site-packages/airflow/example_dags/tutorial_taskflow_api.py took 0.028 seconds
[2026-04-10T03:27:54.135+0000] {processor.py:186} INFO - Started process (PID=80536) to work on /home/airflow/.local/lib/python3.12/site-packages/airflow/example_dags/tutorial_taskflow_api.py
[2026-04-10T03:27:54.136+0000] {processor.py:914} INFO - Processing file /home/airflow/.local/lib/python3.12/site-packages/airflow/example_dags/tutorial_taskflow_api.py for tasks to queue
[2026-04-10T03:27:54.136+0000] {logging_mixin.py:190} INFO - [2026-04-10T03:27:54.136+0000] {dagbag.py:588} INFO - Filling up the DagBag from /home/airflow/.local/lib/python3.12/site-packages/airflow/example_dags/tutorial_taskflow_api.py
[2026-04-10T03:27:54.140+0000] {processor.py:925} INFO - DAG(s) 'tutorial_taskflow_api' retrieved from /home/airflow/.local/lib/python3.12/site-packages/airflow/example_dags/tutorial_taskflow_api.py
[2026-04-10T03:27:54.147+0000] {logging_mixin.py:190} INFO - [2026-04-10T03:27:54.147+0000] {dag.py:3239} INFO - Sync 1 DAGs
[2026-04-10T03:27:54.153+0000] {logging_mixin.py:190} INFO - [2026-04-10T03:27:54.153+0000] {dag.py:4180} INFO - Setting next_dagrun for tutorial_taskflow_api to None, run_after=None
[2026-04-10T03:27:54.159+0000] {processor.py:208} INFO - Processing /home/airflow/.local/lib/python3.12/site-packages/airflow/example_dags/tutorial_taskflow_api.py took 0.027 seconds
[2026-04-10T03:28:24.956+0000] {processor.py:186} INFO - Started process (PID=80600) to work on /home/airflow/.local/lib/python3.12/site-packages/airflow/example_dags/tutorial_taskflow_api.py
[2026-04-10T03:28:24.957+0000] {processor.py:914} INFO - Processing file /home/airflow/.local/lib/python3.12/site-packages/airflow/example_dags/tutorial_taskflow_api.py for tasks to queue
[2026-04-10T03:28:24.958+0000] {logging_mixin.py:190} INFO - [2026-04-10T03:28:24.958+0000] {dagbag.py:588} INFO - Filling up the DagBag from /home/airflow/.local/lib/python3.12/site-packages/airflow/example_dags/tutorial_taskflow_api.py
[2026-04-10T03:28:24.963+0000] {processor.py:925} INFO - DAG(s) 'tutorial_taskflow_api' retrieved from /home/airflow/.local/lib/python3.12/site-packages/airflow/example_dags/tutorial_taskflow_api.py
[2026-04-10T03:28:24.974+0000] {logging_mixin.py:190} INFO - [2026-04-10T03:28:24.974+0000] {dag.py:3239} INFO - Sync 1 DAGs
[2026-04-10T03:28:24.981+0000] {logging_mixin.py:190} INFO - [2026-04-10T03:28:24.981+0000] {dag.py:4180} INFO - Setting next_dagrun for tutorial_taskflow_api to None, run_after=None
[2026-04-10T03:28:24.988+0000] {processor.py:208} INFO - Processing /home/airflow/.local/lib/python3.12/site-packages/airflow/example_dags/tutorial_taskflow_api.py took 0.035 seconds
[2026-04-10T03:28:55.181+0000] {processor.py:186} INFO - Started process (PID=80663) to work on /home/airflow/.local/lib/python3.12/site-packages/airflow/example_dags/tutorial_taskflow_api.py
[2026-04-10T03:28:55.182+0000] {processor.py:914} INFO - Processing file /home/airflow/.local/lib/python3.12/site-packages/airflow/example_dags/tutorial_taskflow_api.py for tasks to queue
[2026-04-10T03:28:55.182+0000] {logging_mixin.py:190} INFO - [2026-04-10T03:28:55.182+0000] {dagbag.py:588} INFO - Filling up the DagBag from /home/airflow/.local/lib/python3.12/site-packages/airflow/example_dags/tutorial_taskflow_api.py
[2026-04-10T03:28:55.186+0000] {processor.py:925} INFO - DAG(s) 'tutorial_taskflow_api' retrieved from /home/airflow/.local/lib/python3.12/site-packages/airflow/example_dags/tutorial_taskflow_api.py
[2026-04-10T03:28:55.194+0000] {logging_mixin.py:190} INFO - [2026-04-10T03:28:55.194+0000] {dag.py:3239} INFO - Sync 1 DAGs
[2026-04-10T03:28:55.203+0000] {logging_mixin.py:190} INFO - [2026-04-10T03:28:55.202+0000] {dag.py:4180} INFO - Setting next_dagrun for tutorial_taskflow_api to None, run_after=None
[2026-04-10T03:28:55.213+0000] {processor.py:208} INFO - Processing /home/airflow/.local/lib/python3.12/site-packages/airflow/example_dags/tutorial_taskflow_api.py took 0.034 seconds
[2026-04-10T03:29:25.522+0000] {processor.py:186} INFO - Started process (PID=80727) to work on /home/airflow/.local/lib/python3.12/site-packages/airflow/example_dags/tutorial_taskflow_api.py
[2026-04-10T03:29:25.523+0000] {processor.py:914} INFO - Processing file /home/airflow/.local/lib/python3.12/site-packages/airflow/example_dags/tutorial_taskflow_api.py for tasks to queue
[2026-04-10T03:29:25.523+0000] {logging_mixin.py:190} INFO - [2026-04-10T03:29:25.523+0000] {dagbag.py:588} INFO - Filling up the DagBag from /home/airflow/.local/lib/python3.12/site-packages/airflow/example_dags/tutorial_taskflow_api.py
[2026-04-10T03:29:25.526+0000] {processor.py:925} INFO - DAG(s) 'tutorial_taskflow_api' retrieved from /home/airflow/.local/lib/python3.12/site-packages/airflow/example_dags/tutorial_taskflow_api.py
[2026-04-10T03:29:25.533+0000] {logging_mixin.py:190} INFO - [2026-04-10T03:29:25.533+0000] {dag.py:3239} INFO - Sync 1 DAGs
[2026-04-10T03:29:25.537+0000] {logging_mixin.py:190} INFO - [2026-04-10T03:29:25.537+0000] {dag.py:4180} INFO - Setting next_dagrun for tutorial_taskflow_api to None, run_after=None
[2026-04-10T03:29:25.542+0000] {processor.py:208} INFO - Processing /home/airflow/.local/lib/python3.12/site-packages/airflow/example_dags/tutorial_taskflow_api.py took 0.022 seconds
[2026-04-10T03:29:56.119+0000] {processor.py:186} INFO - Started process (PID=80790) to work on /home/airflow/.local/lib/python3.12/site-packages/airflow/example_dags/tutorial_taskflow_api.py
[2026-04-10T03:29:56.122+0000] {processor.py:914} INFO - Processing file /home/airflow/.local/lib/python3.12/site-packages/airflow/example_dags/tutorial_taskflow_api.py for tasks to queue
[2026-04-10T03:29:56.122+0000] {logging_mixin.py:190} INFO - [2026-04-10T03:29:56.122+0000] {dagbag.py:588} INFO - Filling up the DagBag from /home/airflow/.local/lib/python3.12/site-packages/airflow/example_dags/tutorial_taskflow_api.py
[2026-04-10T03:29:56.127+0000] {processor.py:925} INFO - DAG(s) 'tutorial_taskflow_api' retrieved from /home/airflow/.local/lib/python3.12/site-packages/airflow/example_dags/tutorial_taskflow_api.py
[2026-04-10T03:29:56.141+0000] {logging_mixin.py:190} INFO - [2026-04-10T03:29:56.139+0000] {dag.py:3239} INFO - Sync 1 DAGs
[2026-04-10T03:29:56.150+0000] {logging_mixin.py:190} INFO - [2026-04-10T03:29:56.150+0000] {dag.py:4180} INFO - Setting next_dagrun for tutorial_taskflow_api to None, run_after=None
[2026-04-10T03:29:56.165+0000] {processor.py:208} INFO - Processing /home/airflow/.local/lib/python3.12/site-packages/airflow/example_dags/tutorial_taskflow_api.py took 0.055 seconds
[2026-04-10T03:30:26.555+0000] {processor.py:186} INFO - Started process (PID=80854) to work on /home/airflow/.local/lib/python3.12/site-packages/airflow/example_dags/tutorial_taskflow_api.py
[2026-04-10T03:30:26.556+0000] {processor.py:914} INFO - Processing file /home/airflow/.local/lib/python3.12/site-packages/airflow/example_dags/tutorial_taskflow_api.py for tasks to queue
[2026-04-10T03:30:26.556+0000] {logging_mixin.py:190} INFO - [2026-04-10T03:30:26.556+0000] {dagbag.py:588} INFO - Filling up the DagBag from /home/airflow/.local/lib/python3.12/site-packages/airflow/example_dags/tutorial_taskflow_api.py
[2026-04-10T03:30:26.560+0000] {processor.py:925} INFO - DAG(s) 'tutorial_taskflow_api' retrieved from /home/airflow/.local/lib/python3.12/site-packages/airflow/example_dags/tutorial_taskflow_api.py
[2026-04-10T03:30:26.570+0000] {logging_mixin.py:190} INFO - [2026-04-10T03:30:26.570+0000] {dag.py:3239} INFO - Sync 1 DAGs
[2026-04-10T03:30:26.578+0000] {logging_mixin.py:190} INFO - [2026-04-10T03:30:26.578+0000] {dag.py:4180} INFO - Setting next_dagrun for tutorial_taskflow_api to None, run_after=None
[2026-04-10T03:30:26.587+0000] {processor.py:208} INFO - Processing /home/airflow/.local/lib/python3.12/site-packages/airflow/example_dags/tutorial_taskflow_api.py took 0.034 seconds
[2026-04-10T03:30:56.875+0000] {processor.py:186} INFO - Started process (PID=80918) to work on /home/airflow/.local/lib/python3.12/site-packages/airflow/example_dags/tutorial_taskflow_api.py
[2026-04-10T03:30:56.876+0000] {processor.py:914} INFO - Processing file /home/airflow/.local/lib/python3.12/site-packages/airflow/example_dags/tutorial_taskflow_api.py for tasks to queue
[2026-04-10T03:30:56.877+0000] {logging_mixin.py:190} INFO - [2026-04-10T03:30:56.877+0000] {dagbag.py:588} INFO - Filling up the DagBag from /home/airflow/.local/lib/python3.12/site-packages/airflow/example_dags/tutorial_taskflow_api.py
[2026-04-10T03:30:56.881+0000] {processor.py:925} INFO - DAG(s) 'tutorial_taskflow_api' retrieved from /home/airflow/.local/lib/python3.12/site-packages/airflow/example_dags/tutorial_taskflow_api.py
[2026-04-10T03:30:56.887+0000] {logging_mixin.py:190} INFO - [2026-04-10T03:30:56.887+0000] {dag.py:3239} INFO - Sync 1 DAGs
[2026-04-10T03:30:56.894+0000] {logging_mixin.py:190} INFO - [2026-04-10T03:30:56.894+0000] {dag.py:4180} INFO - Setting next_dagrun for tutorial_taskflow_api to None, run_after=None
[2026-04-10T03:30:56.909+0000] {processor.py:208} INFO - Processing /home/airflow/.local/lib/python3.12/site-packages/airflow/example_dags/tutorial_taskflow_api.py took 0.036 seconds
