[2026-04-21T06:42:40.765+0000] {processor.py:186} INFO - Started process (PID=65) to work on /home/airflow/.local/lib/python3.12/site-packages/airflow/example_dags/example_dataset_alias.py
[2026-04-21T06:42:40.766+0000] {processor.py:914} INFO - Processing file /home/airflow/.local/lib/python3.12/site-packages/airflow/example_dags/example_dataset_alias.py for tasks to queue
[2026-04-21T06:42:40.767+0000] {logging_mixin.py:190} INFO - [2026-04-21T06:42:40.767+0000] {dagbag.py:588} INFO - Filling up the DagBag from /home/airflow/.local/lib/python3.12/site-packages/airflow/example_dags/example_dataset_alias.py
[2026-04-21T06:42:41.033+0000] {processor.py:925} INFO - DAG(s) 'dataset_s3_bucket_producer', 'dataset_alias_example_alias_consumer', 'dataset_alias_example_alias_producer', 'dataset_s3_bucket_consumer' retrieved from /home/airflow/.local/lib/python3.12/site-packages/airflow/example_dags/example_dataset_alias.py
[2026-04-21T06:42:41.040+0000] {logging_mixin.py:190} INFO - [2026-04-21T06:42:41.040+0000] {dag.py:3239} INFO - Sync 4 DAGs
[2026-04-21T06:42:41.050+0000] {logging_mixin.py:190} INFO - [2026-04-21T06:42:41.050+0000] {dag.py:4180} INFO - Setting next_dagrun for dataset_alias_example_alias_consumer to None, run_after=None
[2026-04-21T06:42:41.051+0000] {logging_mixin.py:190} INFO - [2026-04-21T06:42:41.051+0000] {dag.py:4180} INFO - Setting next_dagrun for dataset_alias_example_alias_producer to None, run_after=None
[2026-04-21T06:42:41.051+0000] {logging_mixin.py:190} INFO - [2026-04-21T06:42:41.051+0000] {dag.py:4180} INFO - Setting next_dagrun for dataset_s3_bucket_consumer to None, run_after=None
[2026-04-21T06:42:41.051+0000] {logging_mixin.py:190} INFO - [2026-04-21T06:42:41.051+0000] {dag.py:4180} INFO - Setting next_dagrun for dataset_s3_bucket_producer to None, run_after=None
[2026-04-21T06:42:41.059+0000] {processor.py:208} INFO - Processing /home/airflow/.local/lib/python3.12/site-packages/airflow/example_dags/example_dataset_alias.py took 0.296 seconds
[2026-04-21T06:43:11.860+0000] {processor.py:186} INFO - Started process (PID=143) to work on /home/airflow/.local/lib/python3.12/site-packages/airflow/example_dags/example_dataset_alias.py
[2026-04-21T06:43:11.861+0000] {processor.py:914} INFO - Processing file /home/airflow/.local/lib/python3.12/site-packages/airflow/example_dags/example_dataset_alias.py for tasks to queue
[2026-04-21T06:43:11.864+0000] {logging_mixin.py:190} INFO - [2026-04-21T06:43:11.864+0000] {dagbag.py:588} INFO - Filling up the DagBag from /home/airflow/.local/lib/python3.12/site-packages/airflow/example_dags/example_dataset_alias.py
[2026-04-21T06:43:12.129+0000] {processor.py:925} INFO - DAG(s) 'dataset_alias_example_alias_consumer', 'dataset_alias_example_alias_producer', 'dataset_s3_bucket_consumer', 'dataset_s3_bucket_producer' retrieved from /home/airflow/.local/lib/python3.12/site-packages/airflow/example_dags/example_dataset_alias.py
[2026-04-21T06:43:12.144+0000] {logging_mixin.py:190} INFO - [2026-04-21T06:43:12.143+0000] {dag.py:3239} INFO - Sync 4 DAGs
[2026-04-21T06:43:12.156+0000] {logging_mixin.py:190} INFO - [2026-04-21T06:43:12.155+0000] {dag.py:4180} INFO - Setting next_dagrun for dataset_alias_example_alias_consumer to None, run_after=None
[2026-04-21T06:43:12.157+0000] {logging_mixin.py:190} INFO - [2026-04-21T06:43:12.157+0000] {dag.py:4180} INFO - Setting next_dagrun for dataset_alias_example_alias_producer to None, run_after=None
[2026-04-21T06:43:12.158+0000] {logging_mixin.py:190} INFO - [2026-04-21T06:43:12.158+0000] {dag.py:4180} INFO - Setting next_dagrun for dataset_s3_bucket_consumer to None, run_after=None
[2026-04-21T06:43:12.159+0000] {logging_mixin.py:190} INFO - [2026-04-21T06:43:12.159+0000] {dag.py:4180} INFO - Setting next_dagrun for dataset_s3_bucket_producer to None, run_after=None
[2026-04-21T06:43:12.169+0000] {processor.py:208} INFO - Processing /home/airflow/.local/lib/python3.12/site-packages/airflow/example_dags/example_dataset_alias.py took 0.313 seconds
[2026-04-21T06:43:43.050+0000] {processor.py:186} INFO - Started process (PID=207) to work on /home/airflow/.local/lib/python3.12/site-packages/airflow/example_dags/example_dataset_alias.py
[2026-04-21T06:43:43.051+0000] {processor.py:914} INFO - Processing file /home/airflow/.local/lib/python3.12/site-packages/airflow/example_dags/example_dataset_alias.py for tasks to queue
[2026-04-21T06:43:43.053+0000] {logging_mixin.py:190} INFO - [2026-04-21T06:43:43.053+0000] {dagbag.py:588} INFO - Filling up the DagBag from /home/airflow/.local/lib/python3.12/site-packages/airflow/example_dags/example_dataset_alias.py
[2026-04-21T06:43:43.329+0000] {processor.py:925} INFO - DAG(s) 'dataset_alias_example_alias_consumer', 'dataset_s3_bucket_producer', 'dataset_s3_bucket_consumer', 'dataset_alias_example_alias_producer' retrieved from /home/airflow/.local/lib/python3.12/site-packages/airflow/example_dags/example_dataset_alias.py
[2026-04-21T06:43:43.338+0000] {logging_mixin.py:190} INFO - [2026-04-21T06:43:43.338+0000] {dag.py:3239} INFO - Sync 4 DAGs
[2026-04-21T06:43:43.347+0000] {logging_mixin.py:190} INFO - [2026-04-21T06:43:43.347+0000] {dag.py:4180} INFO - Setting next_dagrun for dataset_alias_example_alias_consumer to None, run_after=None
[2026-04-21T06:43:43.348+0000] {logging_mixin.py:190} INFO - [2026-04-21T06:43:43.348+0000] {dag.py:4180} INFO - Setting next_dagrun for dataset_alias_example_alias_producer to None, run_after=None
[2026-04-21T06:43:43.349+0000] {logging_mixin.py:190} INFO - [2026-04-21T06:43:43.349+0000] {dag.py:4180} INFO - Setting next_dagrun for dataset_s3_bucket_consumer to None, run_after=None
[2026-04-21T06:43:43.350+0000] {logging_mixin.py:190} INFO - [2026-04-21T06:43:43.350+0000] {dag.py:4180} INFO - Setting next_dagrun for dataset_s3_bucket_producer to None, run_after=None
[2026-04-21T06:43:43.360+0000] {processor.py:208} INFO - Processing /home/airflow/.local/lib/python3.12/site-packages/airflow/example_dags/example_dataset_alias.py took 0.317 seconds
[2026-04-21T06:44:13.505+0000] {processor.py:186} INFO - Started process (PID=271) to work on /home/airflow/.local/lib/python3.12/site-packages/airflow/example_dags/example_dataset_alias.py
[2026-04-21T06:44:13.507+0000] {processor.py:914} INFO - Processing file /home/airflow/.local/lib/python3.12/site-packages/airflow/example_dags/example_dataset_alias.py for tasks to queue
[2026-04-21T06:44:13.511+0000] {logging_mixin.py:190} INFO - [2026-04-21T06:44:13.511+0000] {dagbag.py:588} INFO - Filling up the DagBag from /home/airflow/.local/lib/python3.12/site-packages/airflow/example_dags/example_dataset_alias.py
[2026-04-21T06:44:13.828+0000] {processor.py:925} INFO - DAG(s) 'dataset_alias_example_alias_producer', 'dataset_s3_bucket_producer', 'dataset_alias_example_alias_consumer', 'dataset_s3_bucket_consumer' retrieved from /home/airflow/.local/lib/python3.12/site-packages/airflow/example_dags/example_dataset_alias.py
[2026-04-21T06:44:13.840+0000] {logging_mixin.py:190} INFO - [2026-04-21T06:44:13.840+0000] {dag.py:3239} INFO - Sync 4 DAGs
[2026-04-21T06:44:13.847+0000] {logging_mixin.py:190} INFO - [2026-04-21T06:44:13.847+0000] {dag.py:4180} INFO - Setting next_dagrun for dataset_alias_example_alias_consumer to None, run_after=None
[2026-04-21T06:44:13.849+0000] {logging_mixin.py:190} INFO - [2026-04-21T06:44:13.849+0000] {dag.py:4180} INFO - Setting next_dagrun for dataset_alias_example_alias_producer to None, run_after=None
[2026-04-21T06:44:13.852+0000] {logging_mixin.py:190} INFO - [2026-04-21T06:44:13.852+0000] {dag.py:4180} INFO - Setting next_dagrun for dataset_s3_bucket_consumer to None, run_after=None
[2026-04-21T06:44:13.853+0000] {logging_mixin.py:190} INFO - [2026-04-21T06:44:13.853+0000] {dag.py:4180} INFO - Setting next_dagrun for dataset_s3_bucket_producer to None, run_after=None
[2026-04-21T06:44:13.864+0000] {processor.py:208} INFO - Processing /home/airflow/.local/lib/python3.12/site-packages/airflow/example_dags/example_dataset_alias.py took 0.368 seconds
[2026-04-21T06:44:43.951+0000] {processor.py:186} INFO - Started process (PID=335) to work on /home/airflow/.local/lib/python3.12/site-packages/airflow/example_dags/example_dataset_alias.py
[2026-04-21T06:44:43.952+0000] {processor.py:914} INFO - Processing file /home/airflow/.local/lib/python3.12/site-packages/airflow/example_dags/example_dataset_alias.py for tasks to queue
[2026-04-21T06:44:43.955+0000] {logging_mixin.py:190} INFO - [2026-04-21T06:44:43.954+0000] {dagbag.py:588} INFO - Filling up the DagBag from /home/airflow/.local/lib/python3.12/site-packages/airflow/example_dags/example_dataset_alias.py
[2026-04-21T06:44:44.177+0000] {processor.py:925} INFO - DAG(s) 'dataset_s3_bucket_producer', 'dataset_alias_example_alias_producer', 'dataset_s3_bucket_consumer', 'dataset_alias_example_alias_consumer' retrieved from /home/airflow/.local/lib/python3.12/site-packages/airflow/example_dags/example_dataset_alias.py
[2026-04-21T06:44:44.188+0000] {logging_mixin.py:190} INFO - [2026-04-21T06:44:44.188+0000] {dag.py:3239} INFO - Sync 4 DAGs
[2026-04-21T06:44:44.196+0000] {logging_mixin.py:190} INFO - [2026-04-21T06:44:44.196+0000] {dag.py:4180} INFO - Setting next_dagrun for dataset_alias_example_alias_consumer to None, run_after=None
[2026-04-21T06:44:44.197+0000] {logging_mixin.py:190} INFO - [2026-04-21T06:44:44.197+0000] {dag.py:4180} INFO - Setting next_dagrun for dataset_alias_example_alias_producer to None, run_after=None
[2026-04-21T06:44:44.197+0000] {logging_mixin.py:190} INFO - [2026-04-21T06:44:44.197+0000] {dag.py:4180} INFO - Setting next_dagrun for dataset_s3_bucket_consumer to None, run_after=None
[2026-04-21T06:44:44.199+0000] {logging_mixin.py:190} INFO - [2026-04-21T06:44:44.199+0000] {dag.py:4180} INFO - Setting next_dagrun for dataset_s3_bucket_producer to None, run_after=None
[2026-04-21T06:44:44.207+0000] {processor.py:208} INFO - Processing /home/airflow/.local/lib/python3.12/site-packages/airflow/example_dags/example_dataset_alias.py took 0.261 seconds
[2026-04-21T06:45:14.284+0000] {processor.py:186} INFO - Started process (PID=399) to work on /home/airflow/.local/lib/python3.12/site-packages/airflow/example_dags/example_dataset_alias.py
[2026-04-21T06:45:14.285+0000] {processor.py:914} INFO - Processing file /home/airflow/.local/lib/python3.12/site-packages/airflow/example_dags/example_dataset_alias.py for tasks to queue
[2026-04-21T06:45:14.286+0000] {logging_mixin.py:190} INFO - [2026-04-21T06:45:14.286+0000] {dagbag.py:588} INFO - Filling up the DagBag from /home/airflow/.local/lib/python3.12/site-packages/airflow/example_dags/example_dataset_alias.py
[2026-04-21T06:45:14.538+0000] {processor.py:925} INFO - DAG(s) 'dataset_s3_bucket_consumer', 'dataset_alias_example_alias_consumer', 'dataset_s3_bucket_producer', 'dataset_alias_example_alias_producer' retrieved from /home/airflow/.local/lib/python3.12/site-packages/airflow/example_dags/example_dataset_alias.py
[2026-04-21T06:45:14.551+0000] {logging_mixin.py:190} INFO - [2026-04-21T06:45:14.551+0000] {dag.py:3239} INFO - Sync 4 DAGs
[2026-04-21T06:45:14.560+0000] {logging_mixin.py:190} INFO - [2026-04-21T06:45:14.559+0000] {dag.py:4180} INFO - Setting next_dagrun for dataset_alias_example_alias_consumer to None, run_after=None
[2026-04-21T06:45:14.561+0000] {logging_mixin.py:190} INFO - [2026-04-21T06:45:14.560+0000] {dag.py:4180} INFO - Setting next_dagrun for dataset_alias_example_alias_producer to None, run_after=None
[2026-04-21T06:45:14.561+0000] {logging_mixin.py:190} INFO - [2026-04-21T06:45:14.561+0000] {dag.py:4180} INFO - Setting next_dagrun for dataset_s3_bucket_consumer to None, run_after=None
[2026-04-21T06:45:14.562+0000] {logging_mixin.py:190} INFO - [2026-04-21T06:45:14.562+0000] {dag.py:4180} INFO - Setting next_dagrun for dataset_s3_bucket_producer to None, run_after=None
[2026-04-21T06:45:14.572+0000] {processor.py:208} INFO - Processing /home/airflow/.local/lib/python3.12/site-packages/airflow/example_dags/example_dataset_alias.py took 0.291 seconds
[2026-04-21T06:45:44.752+0000] {processor.py:186} INFO - Started process (PID=463) to work on /home/airflow/.local/lib/python3.12/site-packages/airflow/example_dags/example_dataset_alias.py
[2026-04-21T06:45:44.756+0000] {processor.py:914} INFO - Processing file /home/airflow/.local/lib/python3.12/site-packages/airflow/example_dags/example_dataset_alias.py for tasks to queue
[2026-04-21T06:45:44.757+0000] {logging_mixin.py:190} INFO - [2026-04-21T06:45:44.757+0000] {dagbag.py:588} INFO - Filling up the DagBag from /home/airflow/.local/lib/python3.12/site-packages/airflow/example_dags/example_dataset_alias.py
[2026-04-21T06:45:45.043+0000] {processor.py:925} INFO - DAG(s) 'dataset_s3_bucket_consumer', 'dataset_s3_bucket_producer', 'dataset_alias_example_alias_consumer', 'dataset_alias_example_alias_producer' retrieved from /home/airflow/.local/lib/python3.12/site-packages/airflow/example_dags/example_dataset_alias.py
[2026-04-21T06:45:45.055+0000] {logging_mixin.py:190} INFO - [2026-04-21T06:45:45.054+0000] {dag.py:3239} INFO - Sync 4 DAGs
[2026-04-21T06:45:45.066+0000] {logging_mixin.py:190} INFO - [2026-04-21T06:45:45.066+0000] {dag.py:4180} INFO - Setting next_dagrun for dataset_alias_example_alias_consumer to None, run_after=None
[2026-04-21T06:45:45.068+0000] {logging_mixin.py:190} INFO - [2026-04-21T06:45:45.068+0000] {dag.py:4180} INFO - Setting next_dagrun for dataset_alias_example_alias_producer to None, run_after=None
[2026-04-21T06:45:45.072+0000] {logging_mixin.py:190} INFO - [2026-04-21T06:45:45.072+0000] {dag.py:4180} INFO - Setting next_dagrun for dataset_s3_bucket_consumer to None, run_after=None
[2026-04-21T06:45:45.072+0000] {logging_mixin.py:190} INFO - [2026-04-21T06:45:45.072+0000] {dag.py:4180} INFO - Setting next_dagrun for dataset_s3_bucket_producer to None, run_after=None
[2026-04-21T06:45:45.079+0000] {processor.py:208} INFO - Processing /home/airflow/.local/lib/python3.12/site-packages/airflow/example_dags/example_dataset_alias.py took 0.331 seconds
[2026-04-21T06:46:15.272+0000] {processor.py:186} INFO - Started process (PID=527) to work on /home/airflow/.local/lib/python3.12/site-packages/airflow/example_dags/example_dataset_alias.py
[2026-04-21T06:46:15.273+0000] {processor.py:914} INFO - Processing file /home/airflow/.local/lib/python3.12/site-packages/airflow/example_dags/example_dataset_alias.py for tasks to queue
[2026-04-21T06:46:15.274+0000] {logging_mixin.py:190} INFO - [2026-04-21T06:46:15.274+0000] {dagbag.py:588} INFO - Filling up the DagBag from /home/airflow/.local/lib/python3.12/site-packages/airflow/example_dags/example_dataset_alias.py
[2026-04-21T06:46:15.502+0000] {processor.py:925} INFO - DAG(s) 'dataset_alias_example_alias_producer', 'dataset_s3_bucket_producer', 'dataset_s3_bucket_consumer', 'dataset_alias_example_alias_consumer' retrieved from /home/airflow/.local/lib/python3.12/site-packages/airflow/example_dags/example_dataset_alias.py
[2026-04-21T06:46:15.514+0000] {logging_mixin.py:190} INFO - [2026-04-21T06:46:15.514+0000] {dag.py:3239} INFO - Sync 4 DAGs
[2026-04-21T06:46:15.522+0000] {logging_mixin.py:190} INFO - [2026-04-21T06:46:15.522+0000] {dag.py:4180} INFO - Setting next_dagrun for dataset_alias_example_alias_consumer to None, run_after=None
[2026-04-21T06:46:15.525+0000] {logging_mixin.py:190} INFO - [2026-04-21T06:46:15.525+0000] {dag.py:4180} INFO - Setting next_dagrun for dataset_alias_example_alias_producer to None, run_after=None
[2026-04-21T06:46:15.525+0000] {logging_mixin.py:190} INFO - [2026-04-21T06:46:15.525+0000] {dag.py:4180} INFO - Setting next_dagrun for dataset_s3_bucket_consumer to None, run_after=None
[2026-04-21T06:46:15.526+0000] {logging_mixin.py:190} INFO - [2026-04-21T06:46:15.526+0000] {dag.py:4180} INFO - Setting next_dagrun for dataset_s3_bucket_producer to None, run_after=None
[2026-04-21T06:46:15.532+0000] {processor.py:208} INFO - Processing /home/airflow/.local/lib/python3.12/site-packages/airflow/example_dags/example_dataset_alias.py took 0.267 seconds
[2026-04-21T06:46:45.579+0000] {processor.py:186} INFO - Started process (PID=591) to work on /home/airflow/.local/lib/python3.12/site-packages/airflow/example_dags/example_dataset_alias.py
[2026-04-21T06:46:45.582+0000] {processor.py:914} INFO - Processing file /home/airflow/.local/lib/python3.12/site-packages/airflow/example_dags/example_dataset_alias.py for tasks to queue
[2026-04-21T06:46:45.585+0000] {logging_mixin.py:190} INFO - [2026-04-21T06:46:45.585+0000] {dagbag.py:588} INFO - Filling up the DagBag from /home/airflow/.local/lib/python3.12/site-packages/airflow/example_dags/example_dataset_alias.py
[2026-04-21T06:46:45.804+0000] {processor.py:925} INFO - DAG(s) 'dataset_alias_example_alias_producer', 'dataset_s3_bucket_producer', 'dataset_s3_bucket_consumer', 'dataset_alias_example_alias_consumer' retrieved from /home/airflow/.local/lib/python3.12/site-packages/airflow/example_dags/example_dataset_alias.py
[2026-04-21T06:46:45.816+0000] {logging_mixin.py:190} INFO - [2026-04-21T06:46:45.816+0000] {dag.py:3239} INFO - Sync 4 DAGs
[2026-04-21T06:46:45.825+0000] {logging_mixin.py:190} INFO - [2026-04-21T06:46:45.824+0000] {dag.py:4180} INFO - Setting next_dagrun for dataset_alias_example_alias_consumer to None, run_after=None
[2026-04-21T06:46:45.826+0000] {logging_mixin.py:190} INFO - [2026-04-21T06:46:45.826+0000] {dag.py:4180} INFO - Setting next_dagrun for dataset_alias_example_alias_producer to None, run_after=None
[2026-04-21T06:46:45.827+0000] {logging_mixin.py:190} INFO - [2026-04-21T06:46:45.827+0000] {dag.py:4180} INFO - Setting next_dagrun for dataset_s3_bucket_consumer to None, run_after=None
[2026-04-21T06:46:45.829+0000] {logging_mixin.py:190} INFO - [2026-04-21T06:46:45.829+0000] {dag.py:4180} INFO - Setting next_dagrun for dataset_s3_bucket_producer to None, run_after=None
[2026-04-21T06:46:45.835+0000] {processor.py:208} INFO - Processing /home/airflow/.local/lib/python3.12/site-packages/airflow/example_dags/example_dataset_alias.py took 0.264 seconds
[2026-04-21T06:47:16.730+0000] {processor.py:186} INFO - Started process (PID=655) to work on /home/airflow/.local/lib/python3.12/site-packages/airflow/example_dags/example_dataset_alias.py
[2026-04-21T06:47:16.731+0000] {processor.py:914} INFO - Processing file /home/airflow/.local/lib/python3.12/site-packages/airflow/example_dags/example_dataset_alias.py for tasks to queue
[2026-04-21T06:47:16.733+0000] {logging_mixin.py:190} INFO - [2026-04-21T06:47:16.733+0000] {dagbag.py:588} INFO - Filling up the DagBag from /home/airflow/.local/lib/python3.12/site-packages/airflow/example_dags/example_dataset_alias.py
[2026-04-21T06:47:16.952+0000] {processor.py:925} INFO - DAG(s) 'dataset_s3_bucket_consumer', 'dataset_alias_example_alias_consumer', 'dataset_s3_bucket_producer', 'dataset_alias_example_alias_producer' retrieved from /home/airflow/.local/lib/python3.12/site-packages/airflow/example_dags/example_dataset_alias.py
[2026-04-21T06:47:16.964+0000] {logging_mixin.py:190} INFO - [2026-04-21T06:47:16.964+0000] {dag.py:3239} INFO - Sync 4 DAGs
[2026-04-21T06:47:16.973+0000] {logging_mixin.py:190} INFO - [2026-04-21T06:47:16.973+0000] {dag.py:4180} INFO - Setting next_dagrun for dataset_alias_example_alias_consumer to None, run_after=None
[2026-04-21T06:47:16.974+0000] {logging_mixin.py:190} INFO - [2026-04-21T06:47:16.974+0000] {dag.py:4180} INFO - Setting next_dagrun for dataset_alias_example_alias_producer to None, run_after=None
[2026-04-21T06:47:16.975+0000] {logging_mixin.py:190} INFO - [2026-04-21T06:47:16.975+0000] {dag.py:4180} INFO - Setting next_dagrun for dataset_s3_bucket_consumer to None, run_after=None
[2026-04-21T06:47:16.976+0000] {logging_mixin.py:190} INFO - [2026-04-21T06:47:16.976+0000] {dag.py:4180} INFO - Setting next_dagrun for dataset_s3_bucket_producer to None, run_after=None
[2026-04-21T06:47:16.985+0000] {processor.py:208} INFO - Processing /home/airflow/.local/lib/python3.12/site-packages/airflow/example_dags/example_dataset_alias.py took 0.260 seconds
[2026-04-21T06:47:47.062+0000] {processor.py:186} INFO - Started process (PID=719) to work on /home/airflow/.local/lib/python3.12/site-packages/airflow/example_dags/example_dataset_alias.py
[2026-04-21T06:47:47.063+0000] {processor.py:914} INFO - Processing file /home/airflow/.local/lib/python3.12/site-packages/airflow/example_dags/example_dataset_alias.py for tasks to queue
[2026-04-21T06:47:47.063+0000] {logging_mixin.py:190} INFO - [2026-04-21T06:47:47.063+0000] {dagbag.py:588} INFO - Filling up the DagBag from /home/airflow/.local/lib/python3.12/site-packages/airflow/example_dags/example_dataset_alias.py
[2026-04-21T06:47:47.270+0000] {processor.py:925} INFO - DAG(s) 'dataset_s3_bucket_consumer', 'dataset_alias_example_alias_producer', 'dataset_s3_bucket_producer', 'dataset_alias_example_alias_consumer' retrieved from /home/airflow/.local/lib/python3.12/site-packages/airflow/example_dags/example_dataset_alias.py
[2026-04-21T06:47:47.277+0000] {logging_mixin.py:190} INFO - [2026-04-21T06:47:47.276+0000] {dag.py:3239} INFO - Sync 4 DAGs
[2026-04-21T06:47:47.284+0000] {logging_mixin.py:190} INFO - [2026-04-21T06:47:47.284+0000] {dag.py:4180} INFO - Setting next_dagrun for dataset_alias_example_alias_consumer to None, run_after=None
[2026-04-21T06:47:47.285+0000] {logging_mixin.py:190} INFO - [2026-04-21T06:47:47.285+0000] {dag.py:4180} INFO - Setting next_dagrun for dataset_alias_example_alias_producer to None, run_after=None
[2026-04-21T06:47:47.286+0000] {logging_mixin.py:190} INFO - [2026-04-21T06:47:47.286+0000] {dag.py:4180} INFO - Setting next_dagrun for dataset_s3_bucket_consumer to None, run_after=None
[2026-04-21T06:47:47.286+0000] {logging_mixin.py:190} INFO - [2026-04-21T06:47:47.286+0000] {dag.py:4180} INFO - Setting next_dagrun for dataset_s3_bucket_producer to None, run_after=None
[2026-04-21T06:47:47.295+0000] {processor.py:208} INFO - Processing /home/airflow/.local/lib/python3.12/site-packages/airflow/example_dags/example_dataset_alias.py took 0.236 seconds
[2026-04-21T06:48:18.310+0000] {processor.py:186} INFO - Started process (PID=783) to work on /home/airflow/.local/lib/python3.12/site-packages/airflow/example_dags/example_dataset_alias.py
[2026-04-21T06:48:18.310+0000] {processor.py:914} INFO - Processing file /home/airflow/.local/lib/python3.12/site-packages/airflow/example_dags/example_dataset_alias.py for tasks to queue
[2026-04-21T06:48:18.311+0000] {logging_mixin.py:190} INFO - [2026-04-21T06:48:18.311+0000] {dagbag.py:588} INFO - Filling up the DagBag from /home/airflow/.local/lib/python3.12/site-packages/airflow/example_dags/example_dataset_alias.py
[2026-04-21T06:48:18.535+0000] {processor.py:925} INFO - DAG(s) 'dataset_alias_example_alias_producer', 'dataset_s3_bucket_producer', 'dataset_s3_bucket_consumer', 'dataset_alias_example_alias_consumer' retrieved from /home/airflow/.local/lib/python3.12/site-packages/airflow/example_dags/example_dataset_alias.py
[2026-04-21T06:48:18.548+0000] {logging_mixin.py:190} INFO - [2026-04-21T06:48:18.548+0000] {dag.py:3239} INFO - Sync 4 DAGs
[2026-04-21T06:48:18.558+0000] {logging_mixin.py:190} INFO - [2026-04-21T06:48:18.558+0000] {dag.py:4180} INFO - Setting next_dagrun for dataset_alias_example_alias_consumer to None, run_after=None
[2026-04-21T06:48:18.559+0000] {logging_mixin.py:190} INFO - [2026-04-21T06:48:18.559+0000] {dag.py:4180} INFO - Setting next_dagrun for dataset_alias_example_alias_producer to None, run_after=None
[2026-04-21T06:48:18.559+0000] {logging_mixin.py:190} INFO - [2026-04-21T06:48:18.559+0000] {dag.py:4180} INFO - Setting next_dagrun for dataset_s3_bucket_consumer to None, run_after=None
[2026-04-21T06:48:18.560+0000] {logging_mixin.py:190} INFO - [2026-04-21T06:48:18.560+0000] {dag.py:4180} INFO - Setting next_dagrun for dataset_s3_bucket_producer to None, run_after=None
[2026-04-21T06:48:18.568+0000] {processor.py:208} INFO - Processing /home/airflow/.local/lib/python3.12/site-packages/airflow/example_dags/example_dataset_alias.py took 0.260 seconds
[2026-04-21T06:48:48.771+0000] {processor.py:186} INFO - Started process (PID=847) to work on /home/airflow/.local/lib/python3.12/site-packages/airflow/example_dags/example_dataset_alias.py
[2026-04-21T06:48:48.772+0000] {processor.py:914} INFO - Processing file /home/airflow/.local/lib/python3.12/site-packages/airflow/example_dags/example_dataset_alias.py for tasks to queue
[2026-04-21T06:48:48.773+0000] {logging_mixin.py:190} INFO - [2026-04-21T06:48:48.773+0000] {dagbag.py:588} INFO - Filling up the DagBag from /home/airflow/.local/lib/python3.12/site-packages/airflow/example_dags/example_dataset_alias.py
[2026-04-21T06:48:49.049+0000] {processor.py:925} INFO - DAG(s) 'dataset_s3_bucket_producer', 'dataset_alias_example_alias_consumer', 'dataset_alias_example_alias_producer', 'dataset_s3_bucket_consumer' retrieved from /home/airflow/.local/lib/python3.12/site-packages/airflow/example_dags/example_dataset_alias.py
[2026-04-21T06:48:49.061+0000] {logging_mixin.py:190} INFO - [2026-04-21T06:48:49.061+0000] {dag.py:3239} INFO - Sync 4 DAGs
[2026-04-21T06:48:49.069+0000] {logging_mixin.py:190} INFO - [2026-04-21T06:48:49.069+0000] {dag.py:4180} INFO - Setting next_dagrun for dataset_alias_example_alias_consumer to None, run_after=None
[2026-04-21T06:48:49.071+0000] {logging_mixin.py:190} INFO - [2026-04-21T06:48:49.071+0000] {dag.py:4180} INFO - Setting next_dagrun for dataset_alias_example_alias_producer to None, run_after=None
[2026-04-21T06:48:49.072+0000] {logging_mixin.py:190} INFO - [2026-04-21T06:48:49.071+0000] {dag.py:4180} INFO - Setting next_dagrun for dataset_s3_bucket_consumer to None, run_after=None
[2026-04-21T06:48:49.074+0000] {logging_mixin.py:190} INFO - [2026-04-21T06:48:49.074+0000] {dag.py:4180} INFO - Setting next_dagrun for dataset_s3_bucket_producer to None, run_after=None
[2026-04-21T06:48:49.085+0000] {processor.py:208} INFO - Processing /home/airflow/.local/lib/python3.12/site-packages/airflow/example_dags/example_dataset_alias.py took 0.317 seconds
[2026-04-21T06:49:19.511+0000] {processor.py:186} INFO - Started process (PID=911) to work on /home/airflow/.local/lib/python3.12/site-packages/airflow/example_dags/example_dataset_alias.py
[2026-04-21T06:49:19.512+0000] {processor.py:914} INFO - Processing file /home/airflow/.local/lib/python3.12/site-packages/airflow/example_dags/example_dataset_alias.py for tasks to queue
[2026-04-21T06:49:19.513+0000] {logging_mixin.py:190} INFO - [2026-04-21T06:49:19.513+0000] {dagbag.py:588} INFO - Filling up the DagBag from /home/airflow/.local/lib/python3.12/site-packages/airflow/example_dags/example_dataset_alias.py
[2026-04-21T06:49:19.726+0000] {processor.py:925} INFO - DAG(s) 'dataset_s3_bucket_producer', 'dataset_alias_example_alias_consumer', 'dataset_s3_bucket_consumer', 'dataset_alias_example_alias_producer' retrieved from /home/airflow/.local/lib/python3.12/site-packages/airflow/example_dags/example_dataset_alias.py
[2026-04-21T06:49:19.736+0000] {logging_mixin.py:190} INFO - [2026-04-21T06:49:19.736+0000] {dag.py:3239} INFO - Sync 4 DAGs
[2026-04-21T06:49:19.744+0000] {logging_mixin.py:190} INFO - [2026-04-21T06:49:19.744+0000] {dag.py:4180} INFO - Setting next_dagrun for dataset_alias_example_alias_consumer to None, run_after=None
[2026-04-21T06:49:19.747+0000] {logging_mixin.py:190} INFO - [2026-04-21T06:49:19.747+0000] {dag.py:4180} INFO - Setting next_dagrun for dataset_alias_example_alias_producer to None, run_after=None
[2026-04-21T06:49:19.748+0000] {logging_mixin.py:190} INFO - [2026-04-21T06:49:19.748+0000] {dag.py:4180} INFO - Setting next_dagrun for dataset_s3_bucket_consumer to None, run_after=None
[2026-04-21T06:49:19.750+0000] {logging_mixin.py:190} INFO - [2026-04-21T06:49:19.750+0000] {dag.py:4180} INFO - Setting next_dagrun for dataset_s3_bucket_producer to None, run_after=None
[2026-04-21T06:49:19.760+0000] {processor.py:208} INFO - Processing /home/airflow/.local/lib/python3.12/site-packages/airflow/example_dags/example_dataset_alias.py took 0.251 seconds
[2026-04-21T06:49:49.947+0000] {processor.py:186} INFO - Started process (PID=975) to work on /home/airflow/.local/lib/python3.12/site-packages/airflow/example_dags/example_dataset_alias.py
[2026-04-21T06:49:49.947+0000] {processor.py:914} INFO - Processing file /home/airflow/.local/lib/python3.12/site-packages/airflow/example_dags/example_dataset_alias.py for tasks to queue
[2026-04-21T06:49:49.949+0000] {logging_mixin.py:190} INFO - [2026-04-21T06:49:49.949+0000] {dagbag.py:588} INFO - Filling up the DagBag from /home/airflow/.local/lib/python3.12/site-packages/airflow/example_dags/example_dataset_alias.py
[2026-04-21T06:49:50.165+0000] {processor.py:925} INFO - DAG(s) 'dataset_alias_example_alias_producer', 'dataset_alias_example_alias_consumer', 'dataset_s3_bucket_consumer', 'dataset_s3_bucket_producer' retrieved from /home/airflow/.local/lib/python3.12/site-packages/airflow/example_dags/example_dataset_alias.py
[2026-04-21T06:49:50.172+0000] {logging_mixin.py:190} INFO - [2026-04-21T06:49:50.172+0000] {dag.py:3239} INFO - Sync 4 DAGs
[2026-04-21T06:49:50.179+0000] {logging_mixin.py:190} INFO - [2026-04-21T06:49:50.179+0000] {dag.py:4180} INFO - Setting next_dagrun for dataset_alias_example_alias_consumer to None, run_after=None
[2026-04-21T06:49:50.179+0000] {logging_mixin.py:190} INFO - [2026-04-21T06:49:50.179+0000] {dag.py:4180} INFO - Setting next_dagrun for dataset_alias_example_alias_producer to None, run_after=None
[2026-04-21T06:49:50.180+0000] {logging_mixin.py:190} INFO - [2026-04-21T06:49:50.180+0000] {dag.py:4180} INFO - Setting next_dagrun for dataset_s3_bucket_consumer to None, run_after=None
[2026-04-21T06:49:50.180+0000] {logging_mixin.py:190} INFO - [2026-04-21T06:49:50.180+0000] {dag.py:4180} INFO - Setting next_dagrun for dataset_s3_bucket_producer to None, run_after=None
[2026-04-21T06:49:50.187+0000] {processor.py:208} INFO - Processing /home/airflow/.local/lib/python3.12/site-packages/airflow/example_dags/example_dataset_alias.py took 0.242 seconds
[2026-04-21T06:50:20.478+0000] {processor.py:186} INFO - Started process (PID=1039) to work on /home/airflow/.local/lib/python3.12/site-packages/airflow/example_dags/example_dataset_alias.py
[2026-04-21T06:50:20.479+0000] {processor.py:914} INFO - Processing file /home/airflow/.local/lib/python3.12/site-packages/airflow/example_dags/example_dataset_alias.py for tasks to queue
[2026-04-21T06:50:20.480+0000] {logging_mixin.py:190} INFO - [2026-04-21T06:50:20.480+0000] {dagbag.py:588} INFO - Filling up the DagBag from /home/airflow/.local/lib/python3.12/site-packages/airflow/example_dags/example_dataset_alias.py
[2026-04-21T06:50:20.691+0000] {processor.py:925} INFO - DAG(s) 'dataset_s3_bucket_consumer', 'dataset_alias_example_alias_consumer', 'dataset_alias_example_alias_producer', 'dataset_s3_bucket_producer' retrieved from /home/airflow/.local/lib/python3.12/site-packages/airflow/example_dags/example_dataset_alias.py
[2026-04-21T06:50:20.702+0000] {logging_mixin.py:190} INFO - [2026-04-21T06:50:20.701+0000] {dag.py:3239} INFO - Sync 4 DAGs
[2026-04-21T06:50:20.712+0000] {logging_mixin.py:190} INFO - [2026-04-21T06:50:20.712+0000] {dag.py:4180} INFO - Setting next_dagrun for dataset_alias_example_alias_consumer to None, run_after=None
[2026-04-21T06:50:20.714+0000] {logging_mixin.py:190} INFO - [2026-04-21T06:50:20.714+0000] {dag.py:4180} INFO - Setting next_dagrun for dataset_alias_example_alias_producer to None, run_after=None
[2026-04-21T06:50:20.716+0000] {logging_mixin.py:190} INFO - [2026-04-21T06:50:20.716+0000] {dag.py:4180} INFO - Setting next_dagrun for dataset_s3_bucket_consumer to None, run_after=None
[2026-04-21T06:50:20.717+0000] {logging_mixin.py:190} INFO - [2026-04-21T06:50:20.717+0000] {dag.py:4180} INFO - Setting next_dagrun for dataset_s3_bucket_producer to None, run_after=None
[2026-04-21T06:50:20.725+0000] {processor.py:208} INFO - Processing /home/airflow/.local/lib/python3.12/site-packages/airflow/example_dags/example_dataset_alias.py took 0.249 seconds
[2026-04-21T06:50:50.972+0000] {processor.py:186} INFO - Started process (PID=1103) to work on /home/airflow/.local/lib/python3.12/site-packages/airflow/example_dags/example_dataset_alias.py
[2026-04-21T06:50:50.973+0000] {processor.py:914} INFO - Processing file /home/airflow/.local/lib/python3.12/site-packages/airflow/example_dags/example_dataset_alias.py for tasks to queue
[2026-04-21T06:50:50.974+0000] {logging_mixin.py:190} INFO - [2026-04-21T06:50:50.974+0000] {dagbag.py:588} INFO - Filling up the DagBag from /home/airflow/.local/lib/python3.12/site-packages/airflow/example_dags/example_dataset_alias.py
[2026-04-21T06:50:51.198+0000] {processor.py:925} INFO - DAG(s) 'dataset_s3_bucket_consumer', 'dataset_alias_example_alias_consumer', 'dataset_s3_bucket_producer', 'dataset_alias_example_alias_producer' retrieved from /home/airflow/.local/lib/python3.12/site-packages/airflow/example_dags/example_dataset_alias.py
[2026-04-21T06:50:51.208+0000] {logging_mixin.py:190} INFO - [2026-04-21T06:50:51.208+0000] {dag.py:3239} INFO - Sync 4 DAGs
[2026-04-21T06:50:51.217+0000] {logging_mixin.py:190} INFO - [2026-04-21T06:50:51.217+0000] {dag.py:4180} INFO - Setting next_dagrun for dataset_alias_example_alias_consumer to None, run_after=None
[2026-04-21T06:50:51.218+0000] {logging_mixin.py:190} INFO - [2026-04-21T06:50:51.218+0000] {dag.py:4180} INFO - Setting next_dagrun for dataset_alias_example_alias_producer to None, run_after=None
[2026-04-21T06:50:51.219+0000] {logging_mixin.py:190} INFO - [2026-04-21T06:50:51.218+0000] {dag.py:4180} INFO - Setting next_dagrun for dataset_s3_bucket_consumer to None, run_after=None
[2026-04-21T06:50:51.219+0000] {logging_mixin.py:190} INFO - [2026-04-21T06:50:51.219+0000] {dag.py:4180} INFO - Setting next_dagrun for dataset_s3_bucket_producer to None, run_after=None
[2026-04-21T06:50:51.230+0000] {processor.py:208} INFO - Processing /home/airflow/.local/lib/python3.12/site-packages/airflow/example_dags/example_dataset_alias.py took 0.260 seconds
