[2026-04-21T06:42:41.778+0000] {processor.py:186} INFO - Started process (PID=87) to work on /home/airflow/.local/lib/python3.12/site-packages/airflow/example_dags/example_params_trigger_ui.py
[2026-04-21T06:42:41.779+0000] {processor.py:914} INFO - Processing file /home/airflow/.local/lib/python3.12/site-packages/airflow/example_dags/example_params_trigger_ui.py for tasks to queue
[2026-04-21T06:42:41.781+0000] {logging_mixin.py:190} INFO - [2026-04-21T06:42:41.781+0000] {dagbag.py:588} INFO - Filling up the DagBag from /home/airflow/.local/lib/python3.12/site-packages/airflow/example_dags/example_params_trigger_ui.py
[2026-04-21T06:42:41.787+0000] {processor.py:925} INFO - DAG(s) 'example_params_trigger_ui' retrieved from /home/airflow/.local/lib/python3.12/site-packages/airflow/example_dags/example_params_trigger_ui.py
[2026-04-21T06:42:41.813+0000] {logging_mixin.py:190} INFO - [2026-04-21T06:42:41.813+0000] {dag.py:3239} INFO - Sync 1 DAGs
[2026-04-21T06:42:41.823+0000] {logging_mixin.py:190} INFO - [2026-04-21T06:42:41.823+0000] {dag.py:4180} INFO - Setting next_dagrun for example_params_trigger_ui to None, run_after=None
[2026-04-21T06:42:41.854+0000] {processor.py:208} INFO - Processing /home/airflow/.local/lib/python3.12/site-packages/airflow/example_dags/example_params_trigger_ui.py took 0.080 seconds
[2026-04-21T06:43:12.559+0000] {processor.py:186} INFO - Started process (PID=159) to work on /home/airflow/.local/lib/python3.12/site-packages/airflow/example_dags/example_params_trigger_ui.py
[2026-04-21T06:43:12.560+0000] {processor.py:914} INFO - Processing file /home/airflow/.local/lib/python3.12/site-packages/airflow/example_dags/example_params_trigger_ui.py for tasks to queue
[2026-04-21T06:43:12.561+0000] {logging_mixin.py:190} INFO - [2026-04-21T06:43:12.561+0000] {dagbag.py:588} INFO - Filling up the DagBag from /home/airflow/.local/lib/python3.12/site-packages/airflow/example_dags/example_params_trigger_ui.py
[2026-04-21T06:43:12.566+0000] {processor.py:925} INFO - DAG(s) 'example_params_trigger_ui' retrieved from /home/airflow/.local/lib/python3.12/site-packages/airflow/example_dags/example_params_trigger_ui.py
[2026-04-21T06:43:12.579+0000] {logging_mixin.py:190} INFO - [2026-04-21T06:43:12.579+0000] {dag.py:3239} INFO - Sync 1 DAGs
[2026-04-21T06:43:12.584+0000] {logging_mixin.py:190} INFO - [2026-04-21T06:43:12.584+0000] {dag.py:4180} INFO - Setting next_dagrun for example_params_trigger_ui to None, run_after=None
[2026-04-21T06:43:12.592+0000] {processor.py:208} INFO - Processing /home/airflow/.local/lib/python3.12/site-packages/airflow/example_dags/example_params_trigger_ui.py took 0.036 seconds
[2026-04-21T06:43:43.741+0000] {processor.py:186} INFO - Started process (PID=223) to work on /home/airflow/.local/lib/python3.12/site-packages/airflow/example_dags/example_params_trigger_ui.py
[2026-04-21T06:43:43.742+0000] {processor.py:914} INFO - Processing file /home/airflow/.local/lib/python3.12/site-packages/airflow/example_dags/example_params_trigger_ui.py for tasks to queue
[2026-04-21T06:43:43.743+0000] {logging_mixin.py:190} INFO - [2026-04-21T06:43:43.742+0000] {dagbag.py:588} INFO - Filling up the DagBag from /home/airflow/.local/lib/python3.12/site-packages/airflow/example_dags/example_params_trigger_ui.py
[2026-04-21T06:43:43.747+0000] {processor.py:925} INFO - DAG(s) 'example_params_trigger_ui' retrieved from /home/airflow/.local/lib/python3.12/site-packages/airflow/example_dags/example_params_trigger_ui.py
[2026-04-21T06:43:43.762+0000] {logging_mixin.py:190} INFO - [2026-04-21T06:43:43.762+0000] {dag.py:3239} INFO - Sync 1 DAGs
[2026-04-21T06:43:43.768+0000] {logging_mixin.py:190} INFO - [2026-04-21T06:43:43.767+0000] {dag.py:4180} INFO - Setting next_dagrun for example_params_trigger_ui to None, run_after=None
[2026-04-21T06:43:43.774+0000] {processor.py:208} INFO - Processing /home/airflow/.local/lib/python3.12/site-packages/airflow/example_dags/example_params_trigger_ui.py took 0.035 seconds
[2026-04-21T06:44:14.261+0000] {processor.py:186} INFO - Started process (PID=287) to work on /home/airflow/.local/lib/python3.12/site-packages/airflow/example_dags/example_params_trigger_ui.py
[2026-04-21T06:44:14.261+0000] {processor.py:914} INFO - Processing file /home/airflow/.local/lib/python3.12/site-packages/airflow/example_dags/example_params_trigger_ui.py for tasks to queue
[2026-04-21T06:44:14.262+0000] {logging_mixin.py:190} INFO - [2026-04-21T06:44:14.262+0000] {dagbag.py:588} INFO - Filling up the DagBag from /home/airflow/.local/lib/python3.12/site-packages/airflow/example_dags/example_params_trigger_ui.py
[2026-04-21T06:44:14.267+0000] {processor.py:925} INFO - DAG(s) 'example_params_trigger_ui' retrieved from /home/airflow/.local/lib/python3.12/site-packages/airflow/example_dags/example_params_trigger_ui.py
[2026-04-21T06:44:14.281+0000] {logging_mixin.py:190} INFO - [2026-04-21T06:44:14.281+0000] {dag.py:3239} INFO - Sync 1 DAGs
[2026-04-21T06:44:14.287+0000] {logging_mixin.py:190} INFO - [2026-04-21T06:44:14.287+0000] {dag.py:4180} INFO - Setting next_dagrun for example_params_trigger_ui to None, run_after=None
[2026-04-21T06:44:14.294+0000] {processor.py:208} INFO - Processing /home/airflow/.local/lib/python3.12/site-packages/airflow/example_dags/example_params_trigger_ui.py took 0.036 seconds
[2026-04-21T06:44:44.550+0000] {processor.py:186} INFO - Started process (PID=351) to work on /home/airflow/.local/lib/python3.12/site-packages/airflow/example_dags/example_params_trigger_ui.py
[2026-04-21T06:44:44.550+0000] {processor.py:914} INFO - Processing file /home/airflow/.local/lib/python3.12/site-packages/airflow/example_dags/example_params_trigger_ui.py for tasks to queue
[2026-04-21T06:44:44.551+0000] {logging_mixin.py:190} INFO - [2026-04-21T06:44:44.551+0000] {dagbag.py:588} INFO - Filling up the DagBag from /home/airflow/.local/lib/python3.12/site-packages/airflow/example_dags/example_params_trigger_ui.py
[2026-04-21T06:44:44.556+0000] {processor.py:925} INFO - DAG(s) 'example_params_trigger_ui' retrieved from /home/airflow/.local/lib/python3.12/site-packages/airflow/example_dags/example_params_trigger_ui.py
[2026-04-21T06:44:44.570+0000] {logging_mixin.py:190} INFO - [2026-04-21T06:44:44.570+0000] {dag.py:3239} INFO - Sync 1 DAGs
[2026-04-21T06:44:44.577+0000] {logging_mixin.py:190} INFO - [2026-04-21T06:44:44.577+0000] {dag.py:4180} INFO - Setting next_dagrun for example_params_trigger_ui to None, run_after=None
[2026-04-21T06:44:44.592+0000] {processor.py:208} INFO - Processing /home/airflow/.local/lib/python3.12/site-packages/airflow/example_dags/example_params_trigger_ui.py took 0.045 seconds
[2026-04-21T06:45:14.917+0000] {processor.py:186} INFO - Started process (PID=414) to work on /home/airflow/.local/lib/python3.12/site-packages/airflow/example_dags/example_params_trigger_ui.py
[2026-04-21T06:45:14.918+0000] {processor.py:914} INFO - Processing file /home/airflow/.local/lib/python3.12/site-packages/airflow/example_dags/example_params_trigger_ui.py for tasks to queue
[2026-04-21T06:45:14.919+0000] {logging_mixin.py:190} INFO - [2026-04-21T06:45:14.919+0000] {dagbag.py:588} INFO - Filling up the DagBag from /home/airflow/.local/lib/python3.12/site-packages/airflow/example_dags/example_params_trigger_ui.py
[2026-04-21T06:45:14.925+0000] {processor.py:925} INFO - DAG(s) 'example_params_trigger_ui' retrieved from /home/airflow/.local/lib/python3.12/site-packages/airflow/example_dags/example_params_trigger_ui.py
[2026-04-21T06:45:14.939+0000] {logging_mixin.py:190} INFO - [2026-04-21T06:45:14.939+0000] {dag.py:3239} INFO - Sync 1 DAGs
[2026-04-21T06:45:14.945+0000] {logging_mixin.py:190} INFO - [2026-04-21T06:45:14.945+0000] {dag.py:4180} INFO - Setting next_dagrun for example_params_trigger_ui to None, run_after=None
[2026-04-21T06:45:14.951+0000] {processor.py:208} INFO - Processing /home/airflow/.local/lib/python3.12/site-packages/airflow/example_dags/example_params_trigger_ui.py took 0.037 seconds
[2026-04-21T06:45:45.510+0000] {processor.py:186} INFO - Started process (PID=479) to work on /home/airflow/.local/lib/python3.12/site-packages/airflow/example_dags/example_params_trigger_ui.py
[2026-04-21T06:45:45.511+0000] {processor.py:914} INFO - Processing file /home/airflow/.local/lib/python3.12/site-packages/airflow/example_dags/example_params_trigger_ui.py for tasks to queue
[2026-04-21T06:45:45.512+0000] {logging_mixin.py:190} INFO - [2026-04-21T06:45:45.512+0000] {dagbag.py:588} INFO - Filling up the DagBag from /home/airflow/.local/lib/python3.12/site-packages/airflow/example_dags/example_params_trigger_ui.py
[2026-04-21T06:45:45.517+0000] {processor.py:925} INFO - DAG(s) 'example_params_trigger_ui' retrieved from /home/airflow/.local/lib/python3.12/site-packages/airflow/example_dags/example_params_trigger_ui.py
[2026-04-21T06:45:45.533+0000] {logging_mixin.py:190} INFO - [2026-04-21T06:45:45.533+0000] {dag.py:3239} INFO - Sync 1 DAGs
[2026-04-21T06:45:45.539+0000] {logging_mixin.py:190} INFO - [2026-04-21T06:45:45.539+0000] {dag.py:4180} INFO - Setting next_dagrun for example_params_trigger_ui to None, run_after=None
[2026-04-21T06:45:45.546+0000] {processor.py:208} INFO - Processing /home/airflow/.local/lib/python3.12/site-packages/airflow/example_dags/example_params_trigger_ui.py took 0.038 seconds
[2026-04-21T06:46:15.939+0000] {processor.py:186} INFO - Started process (PID=543) to work on /home/airflow/.local/lib/python3.12/site-packages/airflow/example_dags/example_params_trigger_ui.py
[2026-04-21T06:46:15.939+0000] {processor.py:914} INFO - Processing file /home/airflow/.local/lib/python3.12/site-packages/airflow/example_dags/example_params_trigger_ui.py for tasks to queue
[2026-04-21T06:46:15.940+0000] {logging_mixin.py:190} INFO - [2026-04-21T06:46:15.940+0000] {dagbag.py:588} INFO - Filling up the DagBag from /home/airflow/.local/lib/python3.12/site-packages/airflow/example_dags/example_params_trigger_ui.py
[2026-04-21T06:46:15.945+0000] {processor.py:925} INFO - DAG(s) 'example_params_trigger_ui' retrieved from /home/airflow/.local/lib/python3.12/site-packages/airflow/example_dags/example_params_trigger_ui.py
[2026-04-21T06:46:15.960+0000] {logging_mixin.py:190} INFO - [2026-04-21T06:46:15.960+0000] {dag.py:3239} INFO - Sync 1 DAGs
[2026-04-21T06:46:15.966+0000] {logging_mixin.py:190} INFO - [2026-04-21T06:46:15.966+0000] {dag.py:4180} INFO - Setting next_dagrun for example_params_trigger_ui to None, run_after=None
[2026-04-21T06:46:15.972+0000] {processor.py:208} INFO - Processing /home/airflow/.local/lib/python3.12/site-packages/airflow/example_dags/example_params_trigger_ui.py took 0.036 seconds
[2026-04-21T06:46:46.182+0000] {processor.py:186} INFO - Started process (PID=607) to work on /home/airflow/.local/lib/python3.12/site-packages/airflow/example_dags/example_params_trigger_ui.py
[2026-04-21T06:46:46.183+0000] {processor.py:914} INFO - Processing file /home/airflow/.local/lib/python3.12/site-packages/airflow/example_dags/example_params_trigger_ui.py for tasks to queue
[2026-04-21T06:46:46.183+0000] {logging_mixin.py:190} INFO - [2026-04-21T06:46:46.183+0000] {dagbag.py:588} INFO - Filling up the DagBag from /home/airflow/.local/lib/python3.12/site-packages/airflow/example_dags/example_params_trigger_ui.py
[2026-04-21T06:46:46.188+0000] {processor.py:925} INFO - DAG(s) 'example_params_trigger_ui' retrieved from /home/airflow/.local/lib/python3.12/site-packages/airflow/example_dags/example_params_trigger_ui.py
[2026-04-21T06:46:46.201+0000] {logging_mixin.py:190} INFO - [2026-04-21T06:46:46.201+0000] {dag.py:3239} INFO - Sync 1 DAGs
[2026-04-21T06:46:46.206+0000] {logging_mixin.py:190} INFO - [2026-04-21T06:46:46.206+0000] {dag.py:4180} INFO - Setting next_dagrun for example_params_trigger_ui to None, run_after=None
[2026-04-21T06:46:46.212+0000] {processor.py:208} INFO - Processing /home/airflow/.local/lib/python3.12/site-packages/airflow/example_dags/example_params_trigger_ui.py took 0.032 seconds
[2026-04-21T06:47:17.467+0000] {processor.py:186} INFO - Started process (PID=671) to work on /home/airflow/.local/lib/python3.12/site-packages/airflow/example_dags/example_params_trigger_ui.py
[2026-04-21T06:47:17.468+0000] {processor.py:914} INFO - Processing file /home/airflow/.local/lib/python3.12/site-packages/airflow/example_dags/example_params_trigger_ui.py for tasks to queue
[2026-04-21T06:47:17.470+0000] {logging_mixin.py:190} INFO - [2026-04-21T06:47:17.470+0000] {dagbag.py:588} INFO - Filling up the DagBag from /home/airflow/.local/lib/python3.12/site-packages/airflow/example_dags/example_params_trigger_ui.py
[2026-04-21T06:47:17.474+0000] {processor.py:925} INFO - DAG(s) 'example_params_trigger_ui' retrieved from /home/airflow/.local/lib/python3.12/site-packages/airflow/example_dags/example_params_trigger_ui.py
[2026-04-21T06:47:17.493+0000] {logging_mixin.py:190} INFO - [2026-04-21T06:47:17.493+0000] {dag.py:3239} INFO - Sync 1 DAGs
[2026-04-21T06:47:17.498+0000] {logging_mixin.py:190} INFO - [2026-04-21T06:47:17.498+0000] {dag.py:4180} INFO - Setting next_dagrun for example_params_trigger_ui to None, run_after=None
[2026-04-21T06:47:17.504+0000] {processor.py:208} INFO - Processing /home/airflow/.local/lib/python3.12/site-packages/airflow/example_dags/example_params_trigger_ui.py took 0.039 seconds
[2026-04-21T06:47:47.652+0000] {processor.py:186} INFO - Started process (PID=735) to work on /home/airflow/.local/lib/python3.12/site-packages/airflow/example_dags/example_params_trigger_ui.py
[2026-04-21T06:47:47.652+0000] {processor.py:914} INFO - Processing file /home/airflow/.local/lib/python3.12/site-packages/airflow/example_dags/example_params_trigger_ui.py for tasks to queue
[2026-04-21T06:47:47.653+0000] {logging_mixin.py:190} INFO - [2026-04-21T06:47:47.653+0000] {dagbag.py:588} INFO - Filling up the DagBag from /home/airflow/.local/lib/python3.12/site-packages/airflow/example_dags/example_params_trigger_ui.py
[2026-04-21T06:47:47.657+0000] {processor.py:925} INFO - DAG(s) 'example_params_trigger_ui' retrieved from /home/airflow/.local/lib/python3.12/site-packages/airflow/example_dags/example_params_trigger_ui.py
[2026-04-21T06:47:47.671+0000] {logging_mixin.py:190} INFO - [2026-04-21T06:47:47.671+0000] {dag.py:3239} INFO - Sync 1 DAGs
[2026-04-21T06:47:47.676+0000] {logging_mixin.py:190} INFO - [2026-04-21T06:47:47.676+0000] {dag.py:4180} INFO - Setting next_dagrun for example_params_trigger_ui to None, run_after=None
[2026-04-21T06:47:47.682+0000] {processor.py:208} INFO - Processing /home/airflow/.local/lib/python3.12/site-packages/airflow/example_dags/example_params_trigger_ui.py took 0.033 seconds
[2026-04-21T06:48:19.018+0000] {processor.py:186} INFO - Started process (PID=799) to work on /home/airflow/.local/lib/python3.12/site-packages/airflow/example_dags/example_params_trigger_ui.py
[2026-04-21T06:48:19.018+0000] {processor.py:914} INFO - Processing file /home/airflow/.local/lib/python3.12/site-packages/airflow/example_dags/example_params_trigger_ui.py for tasks to queue
[2026-04-21T06:48:19.019+0000] {logging_mixin.py:190} INFO - [2026-04-21T06:48:19.019+0000] {dagbag.py:588} INFO - Filling up the DagBag from /home/airflow/.local/lib/python3.12/site-packages/airflow/example_dags/example_params_trigger_ui.py
[2026-04-21T06:48:19.025+0000] {processor.py:925} INFO - DAG(s) 'example_params_trigger_ui' retrieved from /home/airflow/.local/lib/python3.12/site-packages/airflow/example_dags/example_params_trigger_ui.py
[2026-04-21T06:48:19.043+0000] {logging_mixin.py:190} INFO - [2026-04-21T06:48:19.042+0000] {dag.py:3239} INFO - Sync 1 DAGs
[2026-04-21T06:48:19.048+0000] {logging_mixin.py:190} INFO - [2026-04-21T06:48:19.048+0000] {dag.py:4180} INFO - Setting next_dagrun for example_params_trigger_ui to None, run_after=None
[2026-04-21T06:48:19.055+0000] {processor.py:208} INFO - Processing /home/airflow/.local/lib/python3.12/site-packages/airflow/example_dags/example_params_trigger_ui.py took 0.040 seconds
[2026-04-21T06:48:49.527+0000] {processor.py:186} INFO - Started process (PID=863) to work on /home/airflow/.local/lib/python3.12/site-packages/airflow/example_dags/example_params_trigger_ui.py
[2026-04-21T06:48:49.528+0000] {processor.py:914} INFO - Processing file /home/airflow/.local/lib/python3.12/site-packages/airflow/example_dags/example_params_trigger_ui.py for tasks to queue
[2026-04-21T06:48:49.529+0000] {logging_mixin.py:190} INFO - [2026-04-21T06:48:49.528+0000] {dagbag.py:588} INFO - Filling up the DagBag from /home/airflow/.local/lib/python3.12/site-packages/airflow/example_dags/example_params_trigger_ui.py
[2026-04-21T06:48:49.534+0000] {processor.py:925} INFO - DAG(s) 'example_params_trigger_ui' retrieved from /home/airflow/.local/lib/python3.12/site-packages/airflow/example_dags/example_params_trigger_ui.py
[2026-04-21T06:48:49.550+0000] {logging_mixin.py:190} INFO - [2026-04-21T06:48:49.550+0000] {dag.py:3239} INFO - Sync 1 DAGs
[2026-04-21T06:48:49.555+0000] {logging_mixin.py:190} INFO - [2026-04-21T06:48:49.555+0000] {dag.py:4180} INFO - Setting next_dagrun for example_params_trigger_ui to None, run_after=None
[2026-04-21T06:48:49.562+0000] {processor.py:208} INFO - Processing /home/airflow/.local/lib/python3.12/site-packages/airflow/example_dags/example_params_trigger_ui.py took 0.038 seconds
[2026-04-21T06:49:20.286+0000] {processor.py:186} INFO - Started process (PID=927) to work on /home/airflow/.local/lib/python3.12/site-packages/airflow/example_dags/example_params_trigger_ui.py
[2026-04-21T06:49:20.287+0000] {processor.py:914} INFO - Processing file /home/airflow/.local/lib/python3.12/site-packages/airflow/example_dags/example_params_trigger_ui.py for tasks to queue
[2026-04-21T06:49:20.289+0000] {logging_mixin.py:190} INFO - [2026-04-21T06:49:20.288+0000] {dagbag.py:588} INFO - Filling up the DagBag from /home/airflow/.local/lib/python3.12/site-packages/airflow/example_dags/example_params_trigger_ui.py
[2026-04-21T06:49:20.295+0000] {processor.py:925} INFO - DAG(s) 'example_params_trigger_ui' retrieved from /home/airflow/.local/lib/python3.12/site-packages/airflow/example_dags/example_params_trigger_ui.py
[2026-04-21T06:49:20.313+0000] {logging_mixin.py:190} INFO - [2026-04-21T06:49:20.313+0000] {dag.py:3239} INFO - Sync 1 DAGs
[2026-04-21T06:49:20.319+0000] {logging_mixin.py:190} INFO - [2026-04-21T06:49:20.318+0000] {dag.py:4180} INFO - Setting next_dagrun for example_params_trigger_ui to None, run_after=None
[2026-04-21T06:49:20.326+0000] {processor.py:208} INFO - Processing /home/airflow/.local/lib/python3.12/site-packages/airflow/example_dags/example_params_trigger_ui.py took 0.042 seconds
[2026-04-21T06:49:50.550+0000] {processor.py:186} INFO - Started process (PID=991) to work on /home/airflow/.local/lib/python3.12/site-packages/airflow/example_dags/example_params_trigger_ui.py
[2026-04-21T06:49:50.550+0000] {processor.py:914} INFO - Processing file /home/airflow/.local/lib/python3.12/site-packages/airflow/example_dags/example_params_trigger_ui.py for tasks to queue
[2026-04-21T06:49:50.551+0000] {logging_mixin.py:190} INFO - [2026-04-21T06:49:50.551+0000] {dagbag.py:588} INFO - Filling up the DagBag from /home/airflow/.local/lib/python3.12/site-packages/airflow/example_dags/example_params_trigger_ui.py
[2026-04-21T06:49:50.556+0000] {processor.py:925} INFO - DAG(s) 'example_params_trigger_ui' retrieved from /home/airflow/.local/lib/python3.12/site-packages/airflow/example_dags/example_params_trigger_ui.py
[2026-04-21T06:49:50.570+0000] {logging_mixin.py:190} INFO - [2026-04-21T06:49:50.569+0000] {dag.py:3239} INFO - Sync 1 DAGs
[2026-04-21T06:49:50.575+0000] {logging_mixin.py:190} INFO - [2026-04-21T06:49:50.575+0000] {dag.py:4180} INFO - Setting next_dagrun for example_params_trigger_ui to None, run_after=None
[2026-04-21T06:49:50.584+0000] {processor.py:208} INFO - Processing /home/airflow/.local/lib/python3.12/site-packages/airflow/example_dags/example_params_trigger_ui.py took 0.036 seconds
[2026-04-21T06:50:21.265+0000] {processor.py:186} INFO - Started process (PID=1055) to work on /home/airflow/.local/lib/python3.12/site-packages/airflow/example_dags/example_params_trigger_ui.py
[2026-04-21T06:50:21.265+0000] {processor.py:914} INFO - Processing file /home/airflow/.local/lib/python3.12/site-packages/airflow/example_dags/example_params_trigger_ui.py for tasks to queue
[2026-04-21T06:50:21.267+0000] {logging_mixin.py:190} INFO - [2026-04-21T06:50:21.267+0000] {dagbag.py:588} INFO - Filling up the DagBag from /home/airflow/.local/lib/python3.12/site-packages/airflow/example_dags/example_params_trigger_ui.py
[2026-04-21T06:50:21.273+0000] {processor.py:925} INFO - DAG(s) 'example_params_trigger_ui' retrieved from /home/airflow/.local/lib/python3.12/site-packages/airflow/example_dags/example_params_trigger_ui.py
[2026-04-21T06:50:21.294+0000] {logging_mixin.py:190} INFO - [2026-04-21T06:50:21.294+0000] {dag.py:3239} INFO - Sync 1 DAGs
[2026-04-21T06:50:21.300+0000] {logging_mixin.py:190} INFO - [2026-04-21T06:50:21.300+0000] {dag.py:4180} INFO - Setting next_dagrun for example_params_trigger_ui to None, run_after=None
[2026-04-21T06:50:21.306+0000] {processor.py:208} INFO - Processing /home/airflow/.local/lib/python3.12/site-packages/airflow/example_dags/example_params_trigger_ui.py took 0.044 seconds
[2026-04-21T06:50:51.588+0000] {processor.py:186} INFO - Started process (PID=1119) to work on /home/airflow/.local/lib/python3.12/site-packages/airflow/example_dags/example_params_trigger_ui.py
[2026-04-21T06:50:51.588+0000] {processor.py:914} INFO - Processing file /home/airflow/.local/lib/python3.12/site-packages/airflow/example_dags/example_params_trigger_ui.py for tasks to queue
[2026-04-21T06:50:51.589+0000] {logging_mixin.py:190} INFO - [2026-04-21T06:50:51.589+0000] {dagbag.py:588} INFO - Filling up the DagBag from /home/airflow/.local/lib/python3.12/site-packages/airflow/example_dags/example_params_trigger_ui.py
[2026-04-21T06:50:51.594+0000] {processor.py:925} INFO - DAG(s) 'example_params_trigger_ui' retrieved from /home/airflow/.local/lib/python3.12/site-packages/airflow/example_dags/example_params_trigger_ui.py
[2026-04-21T06:50:51.607+0000] {logging_mixin.py:190} INFO - [2026-04-21T06:50:51.607+0000] {dag.py:3239} INFO - Sync 1 DAGs
[2026-04-21T06:50:51.612+0000] {logging_mixin.py:190} INFO - [2026-04-21T06:50:51.612+0000] {dag.py:4180} INFO - Setting next_dagrun for example_params_trigger_ui to None, run_after=None
[2026-04-21T06:50:51.618+0000] {processor.py:208} INFO - Processing /home/airflow/.local/lib/python3.12/site-packages/airflow/example_dags/example_params_trigger_ui.py took 0.033 seconds
