[2026-04-21T06:42:39.933+0000] {processor.py:186} INFO - Started process (PID=50) to work on /home/airflow/.local/lib/python3.12/site-packages/airflow/example_dags/example_branch_day_of_week_operator.py
[2026-04-21T06:42:39.933+0000] {processor.py:914} INFO - Processing file /home/airflow/.local/lib/python3.12/site-packages/airflow/example_dags/example_branch_day_of_week_operator.py for tasks to queue
[2026-04-21T06:42:39.936+0000] {logging_mixin.py:190} INFO - [2026-04-21T06:42:39.935+0000] {dagbag.py:588} INFO - Filling up the DagBag from /home/airflow/.local/lib/python3.12/site-packages/airflow/example_dags/example_branch_day_of_week_operator.py
[2026-04-21T06:42:39.942+0000] {processor.py:925} INFO - DAG(s) 'example_weekday_branch_operator' retrieved from /home/airflow/.local/lib/python3.12/site-packages/airflow/example_dags/example_branch_day_of_week_operator.py
[2026-04-21T06:42:39.967+0000] {logging_mixin.py:190} INFO - [2026-04-21T06:42:39.967+0000] {dag.py:3239} INFO - Sync 1 DAGs
[2026-04-21T06:42:39.986+0000] {logging_mixin.py:190} INFO - [2026-04-21T06:42:39.986+0000] {dag.py:4180} INFO - Setting next_dagrun for example_weekday_branch_operator to 2026-04-20 00:00:00+00:00, run_after=2026-04-21 00:00:00+00:00
[2026-04-21T06:42:40.004+0000] {processor.py:208} INFO - Processing /home/airflow/.local/lib/python3.12/site-packages/airflow/example_dags/example_branch_day_of_week_operator.py took 0.074 seconds
[2026-04-21T06:43:10.336+0000] {processor.py:186} INFO - Started process (PID=122) to work on /home/airflow/.local/lib/python3.12/site-packages/airflow/example_dags/example_branch_day_of_week_operator.py
[2026-04-21T06:43:10.337+0000] {processor.py:914} INFO - Processing file /home/airflow/.local/lib/python3.12/site-packages/airflow/example_dags/example_branch_day_of_week_operator.py for tasks to queue
[2026-04-21T06:43:10.338+0000] {logging_mixin.py:190} INFO - [2026-04-21T06:43:10.338+0000] {dagbag.py:588} INFO - Filling up the DagBag from /home/airflow/.local/lib/python3.12/site-packages/airflow/example_dags/example_branch_day_of_week_operator.py
[2026-04-21T06:43:10.345+0000] {processor.py:925} INFO - DAG(s) 'example_weekday_branch_operator' retrieved from /home/airflow/.local/lib/python3.12/site-packages/airflow/example_dags/example_branch_day_of_week_operator.py
[2026-04-21T06:43:10.356+0000] {logging_mixin.py:190} INFO - [2026-04-21T06:43:10.356+0000] {dag.py:3239} INFO - Sync 1 DAGs
[2026-04-21T06:43:10.368+0000] {logging_mixin.py:190} INFO - [2026-04-21T06:43:10.368+0000] {dag.py:4180} INFO - Setting next_dagrun for example_weekday_branch_operator to 2026-04-20 00:00:00+00:00, run_after=2026-04-21 00:00:00+00:00
[2026-04-21T06:43:10.376+0000] {processor.py:208} INFO - Processing /home/airflow/.local/lib/python3.12/site-packages/airflow/example_dags/example_branch_day_of_week_operator.py took 0.043 seconds
[2026-04-21T06:43:40.418+0000] {processor.py:186} INFO - Started process (PID=186) to work on /home/airflow/.local/lib/python3.12/site-packages/airflow/example_dags/example_branch_day_of_week_operator.py
[2026-04-21T06:43:40.419+0000] {processor.py:914} INFO - Processing file /home/airflow/.local/lib/python3.12/site-packages/airflow/example_dags/example_branch_day_of_week_operator.py for tasks to queue
[2026-04-21T06:43:40.421+0000] {logging_mixin.py:190} INFO - [2026-04-21T06:43:40.421+0000] {dagbag.py:588} INFO - Filling up the DagBag from /home/airflow/.local/lib/python3.12/site-packages/airflow/example_dags/example_branch_day_of_week_operator.py
[2026-04-21T06:43:40.425+0000] {processor.py:925} INFO - DAG(s) 'example_weekday_branch_operator' retrieved from /home/airflow/.local/lib/python3.12/site-packages/airflow/example_dags/example_branch_day_of_week_operator.py
[2026-04-21T06:43:40.433+0000] {logging_mixin.py:190} INFO - [2026-04-21T06:43:40.433+0000] {dag.py:3239} INFO - Sync 1 DAGs
[2026-04-21T06:43:40.442+0000] {logging_mixin.py:190} INFO - [2026-04-21T06:43:40.442+0000] {dag.py:4180} INFO - Setting next_dagrun for example_weekday_branch_operator to 2026-04-20 00:00:00+00:00, run_after=2026-04-21 00:00:00+00:00
[2026-04-21T06:43:40.449+0000] {processor.py:208} INFO - Processing /home/airflow/.local/lib/python3.12/site-packages/airflow/example_dags/example_branch_day_of_week_operator.py took 0.033 seconds
[2026-04-21T06:44:10.613+0000] {processor.py:186} INFO - Started process (PID=249) to work on /home/airflow/.local/lib/python3.12/site-packages/airflow/example_dags/example_branch_day_of_week_operator.py
[2026-04-21T06:44:10.613+0000] {processor.py:914} INFO - Processing file /home/airflow/.local/lib/python3.12/site-packages/airflow/example_dags/example_branch_day_of_week_operator.py for tasks to queue
[2026-04-21T06:44:10.614+0000] {logging_mixin.py:190} INFO - [2026-04-21T06:44:10.614+0000] {dagbag.py:588} INFO - Filling up the DagBag from /home/airflow/.local/lib/python3.12/site-packages/airflow/example_dags/example_branch_day_of_week_operator.py
[2026-04-21T06:44:10.619+0000] {processor.py:925} INFO - DAG(s) 'example_weekday_branch_operator' retrieved from /home/airflow/.local/lib/python3.12/site-packages/airflow/example_dags/example_branch_day_of_week_operator.py
[2026-04-21T06:44:10.629+0000] {logging_mixin.py:190} INFO - [2026-04-21T06:44:10.629+0000] {dag.py:3239} INFO - Sync 1 DAGs
[2026-04-21T06:44:10.639+0000] {logging_mixin.py:190} INFO - [2026-04-21T06:44:10.639+0000] {dag.py:4180} INFO - Setting next_dagrun for example_weekday_branch_operator to 2026-04-20 00:00:00+00:00, run_after=2026-04-21 00:00:00+00:00
[2026-04-21T06:44:10.646+0000] {processor.py:208} INFO - Processing /home/airflow/.local/lib/python3.12/site-packages/airflow/example_dags/example_branch_day_of_week_operator.py took 0.036 seconds
[2026-04-21T06:44:41.147+0000] {processor.py:186} INFO - Started process (PID=313) to work on /home/airflow/.local/lib/python3.12/site-packages/airflow/example_dags/example_branch_day_of_week_operator.py
[2026-04-21T06:44:41.148+0000] {processor.py:914} INFO - Processing file /home/airflow/.local/lib/python3.12/site-packages/airflow/example_dags/example_branch_day_of_week_operator.py for tasks to queue
[2026-04-21T06:44:41.149+0000] {logging_mixin.py:190} INFO - [2026-04-21T06:44:41.149+0000] {dagbag.py:588} INFO - Filling up the DagBag from /home/airflow/.local/lib/python3.12/site-packages/airflow/example_dags/example_branch_day_of_week_operator.py
[2026-04-21T06:44:41.154+0000] {processor.py:925} INFO - DAG(s) 'example_weekday_branch_operator' retrieved from /home/airflow/.local/lib/python3.12/site-packages/airflow/example_dags/example_branch_day_of_week_operator.py
[2026-04-21T06:44:41.165+0000] {logging_mixin.py:190} INFO - [2026-04-21T06:44:41.165+0000] {dag.py:3239} INFO - Sync 1 DAGs
[2026-04-21T06:44:41.174+0000] {logging_mixin.py:190} INFO - [2026-04-21T06:44:41.173+0000] {dag.py:4180} INFO - Setting next_dagrun for example_weekday_branch_operator to 2026-04-20 00:00:00+00:00, run_after=2026-04-21 00:00:00+00:00
[2026-04-21T06:44:41.182+0000] {processor.py:208} INFO - Processing /home/airflow/.local/lib/python3.12/site-packages/airflow/example_dags/example_branch_day_of_week_operator.py took 0.037 seconds
[2026-04-21T06:45:11.517+0000] {processor.py:186} INFO - Started process (PID=377) to work on /home/airflow/.local/lib/python3.12/site-packages/airflow/example_dags/example_branch_day_of_week_operator.py
[2026-04-21T06:45:11.518+0000] {processor.py:914} INFO - Processing file /home/airflow/.local/lib/python3.12/site-packages/airflow/example_dags/example_branch_day_of_week_operator.py for tasks to queue
[2026-04-21T06:45:11.519+0000] {logging_mixin.py:190} INFO - [2026-04-21T06:45:11.519+0000] {dagbag.py:588} INFO - Filling up the DagBag from /home/airflow/.local/lib/python3.12/site-packages/airflow/example_dags/example_branch_day_of_week_operator.py
[2026-04-21T06:45:11.523+0000] {processor.py:925} INFO - DAG(s) 'example_weekday_branch_operator' retrieved from /home/airflow/.local/lib/python3.12/site-packages/airflow/example_dags/example_branch_day_of_week_operator.py
[2026-04-21T06:45:11.533+0000] {logging_mixin.py:190} INFO - [2026-04-21T06:45:11.533+0000] {dag.py:3239} INFO - Sync 1 DAGs
[2026-04-21T06:45:11.545+0000] {logging_mixin.py:190} INFO - [2026-04-21T06:45:11.545+0000] {dag.py:4180} INFO - Setting next_dagrun for example_weekday_branch_operator to 2026-04-20 00:00:00+00:00, run_after=2026-04-21 00:00:00+00:00
[2026-04-21T06:45:11.553+0000] {processor.py:208} INFO - Processing /home/airflow/.local/lib/python3.12/site-packages/airflow/example_dags/example_branch_day_of_week_operator.py took 0.039 seconds
[2026-04-21T06:45:41.949+0000] {processor.py:186} INFO - Started process (PID=447) to work on /home/airflow/.local/lib/python3.12/site-packages/airflow/example_dags/example_branch_day_of_week_operator.py
[2026-04-21T06:45:41.950+0000] {processor.py:914} INFO - Processing file /home/airflow/.local/lib/python3.12/site-packages/airflow/example_dags/example_branch_day_of_week_operator.py for tasks to queue
[2026-04-21T06:45:41.950+0000] {logging_mixin.py:190} INFO - [2026-04-21T06:45:41.950+0000] {dagbag.py:588} INFO - Filling up the DagBag from /home/airflow/.local/lib/python3.12/site-packages/airflow/example_dags/example_branch_day_of_week_operator.py
[2026-04-21T06:45:41.955+0000] {processor.py:925} INFO - DAG(s) 'example_weekday_branch_operator' retrieved from /home/airflow/.local/lib/python3.12/site-packages/airflow/example_dags/example_branch_day_of_week_operator.py
[2026-04-21T06:45:41.964+0000] {logging_mixin.py:190} INFO - [2026-04-21T06:45:41.964+0000] {dag.py:3239} INFO - Sync 1 DAGs
[2026-04-21T06:45:41.976+0000] {logging_mixin.py:190} INFO - [2026-04-21T06:45:41.976+0000] {dag.py:4180} INFO - Setting next_dagrun for example_weekday_branch_operator to 2026-04-20 00:00:00+00:00, run_after=2026-04-21 00:00:00+00:00
[2026-04-21T06:45:41.986+0000] {processor.py:208} INFO - Processing /home/airflow/.local/lib/python3.12/site-packages/airflow/example_dags/example_branch_day_of_week_operator.py took 0.040 seconds
[2026-04-21T06:46:12.547+0000] {processor.py:186} INFO - Started process (PID=511) to work on /home/airflow/.local/lib/python3.12/site-packages/airflow/example_dags/example_branch_day_of_week_operator.py
[2026-04-21T06:46:12.547+0000] {processor.py:914} INFO - Processing file /home/airflow/.local/lib/python3.12/site-packages/airflow/example_dags/example_branch_day_of_week_operator.py for tasks to queue
[2026-04-21T06:46:12.549+0000] {logging_mixin.py:190} INFO - [2026-04-21T06:46:12.548+0000] {dagbag.py:588} INFO - Filling up the DagBag from /home/airflow/.local/lib/python3.12/site-packages/airflow/example_dags/example_branch_day_of_week_operator.py
[2026-04-21T06:46:12.554+0000] {processor.py:925} INFO - DAG(s) 'example_weekday_branch_operator' retrieved from /home/airflow/.local/lib/python3.12/site-packages/airflow/example_dags/example_branch_day_of_week_operator.py
[2026-04-21T06:46:12.565+0000] {logging_mixin.py:190} INFO - [2026-04-21T06:46:12.565+0000] {dag.py:3239} INFO - Sync 1 DAGs
[2026-04-21T06:46:12.573+0000] {logging_mixin.py:190} INFO - [2026-04-21T06:46:12.573+0000] {dag.py:4180} INFO - Setting next_dagrun for example_weekday_branch_operator to 2026-04-20 00:00:00+00:00, run_after=2026-04-21 00:00:00+00:00
[2026-04-21T06:46:12.581+0000] {processor.py:208} INFO - Processing /home/airflow/.local/lib/python3.12/site-packages/airflow/example_dags/example_branch_day_of_week_operator.py took 0.037 seconds
[2026-04-21T06:46:42.881+0000] {processor.py:186} INFO - Started process (PID=575) to work on /home/airflow/.local/lib/python3.12/site-packages/airflow/example_dags/example_branch_day_of_week_operator.py
[2026-04-21T06:46:42.883+0000] {processor.py:914} INFO - Processing file /home/airflow/.local/lib/python3.12/site-packages/airflow/example_dags/example_branch_day_of_week_operator.py for tasks to queue
[2026-04-21T06:46:42.884+0000] {logging_mixin.py:190} INFO - [2026-04-21T06:46:42.884+0000] {dagbag.py:588} INFO - Filling up the DagBag from /home/airflow/.local/lib/python3.12/site-packages/airflow/example_dags/example_branch_day_of_week_operator.py
[2026-04-21T06:46:42.889+0000] {processor.py:925} INFO - DAG(s) 'example_weekday_branch_operator' retrieved from /home/airflow/.local/lib/python3.12/site-packages/airflow/example_dags/example_branch_day_of_week_operator.py
[2026-04-21T06:46:42.899+0000] {logging_mixin.py:190} INFO - [2026-04-21T06:46:42.899+0000] {dag.py:3239} INFO - Sync 1 DAGs
[2026-04-21T06:46:42.910+0000] {logging_mixin.py:190} INFO - [2026-04-21T06:46:42.909+0000] {dag.py:4180} INFO - Setting next_dagrun for example_weekday_branch_operator to 2026-04-20 00:00:00+00:00, run_after=2026-04-21 00:00:00+00:00
[2026-04-21T06:46:42.917+0000] {processor.py:208} INFO - Processing /home/airflow/.local/lib/python3.12/site-packages/airflow/example_dags/example_branch_day_of_week_operator.py took 0.039 seconds
[2026-04-21T06:47:13.066+0000] {processor.py:186} INFO - Started process (PID=639) to work on /home/airflow/.local/lib/python3.12/site-packages/airflow/example_dags/example_branch_day_of_week_operator.py
[2026-04-21T06:47:13.066+0000] {processor.py:914} INFO - Processing file /home/airflow/.local/lib/python3.12/site-packages/airflow/example_dags/example_branch_day_of_week_operator.py for tasks to queue
[2026-04-21T06:47:13.067+0000] {logging_mixin.py:190} INFO - [2026-04-21T06:47:13.067+0000] {dagbag.py:588} INFO - Filling up the DagBag from /home/airflow/.local/lib/python3.12/site-packages/airflow/example_dags/example_branch_day_of_week_operator.py
[2026-04-21T06:47:13.072+0000] {processor.py:925} INFO - DAG(s) 'example_weekday_branch_operator' retrieved from /home/airflow/.local/lib/python3.12/site-packages/airflow/example_dags/example_branch_day_of_week_operator.py
[2026-04-21T06:47:13.082+0000] {logging_mixin.py:190} INFO - [2026-04-21T06:47:13.081+0000] {dag.py:3239} INFO - Sync 1 DAGs
[2026-04-21T06:47:13.091+0000] {logging_mixin.py:190} INFO - [2026-04-21T06:47:13.091+0000] {dag.py:4180} INFO - Setting next_dagrun for example_weekday_branch_operator to 2026-04-20 00:00:00+00:00, run_after=2026-04-21 00:00:00+00:00
[2026-04-21T06:47:13.100+0000] {processor.py:208} INFO - Processing /home/airflow/.local/lib/python3.12/site-packages/airflow/example_dags/example_branch_day_of_week_operator.py took 0.037 seconds
[2026-04-21T06:47:43.346+0000] {processor.py:186} INFO - Started process (PID=703) to work on /home/airflow/.local/lib/python3.12/site-packages/airflow/example_dags/example_branch_day_of_week_operator.py
[2026-04-21T06:47:43.347+0000] {processor.py:914} INFO - Processing file /home/airflow/.local/lib/python3.12/site-packages/airflow/example_dags/example_branch_day_of_week_operator.py for tasks to queue
[2026-04-21T06:47:43.351+0000] {logging_mixin.py:190} INFO - [2026-04-21T06:47:43.351+0000] {dagbag.py:588} INFO - Filling up the DagBag from /home/airflow/.local/lib/python3.12/site-packages/airflow/example_dags/example_branch_day_of_week_operator.py
[2026-04-21T06:47:43.355+0000] {processor.py:925} INFO - DAG(s) 'example_weekday_branch_operator' retrieved from /home/airflow/.local/lib/python3.12/site-packages/airflow/example_dags/example_branch_day_of_week_operator.py
[2026-04-21T06:47:43.362+0000] {logging_mixin.py:190} INFO - [2026-04-21T06:47:43.362+0000] {dag.py:3239} INFO - Sync 1 DAGs
[2026-04-21T06:47:43.373+0000] {logging_mixin.py:190} INFO - [2026-04-21T06:47:43.373+0000] {dag.py:4180} INFO - Setting next_dagrun for example_weekday_branch_operator to 2026-04-20 00:00:00+00:00, run_after=2026-04-21 00:00:00+00:00
[2026-04-21T06:47:43.381+0000] {processor.py:208} INFO - Processing /home/airflow/.local/lib/python3.12/site-packages/airflow/example_dags/example_branch_day_of_week_operator.py took 0.037 seconds
[2026-04-21T06:48:13.504+0000] {processor.py:186} INFO - Started process (PID=767) to work on /home/airflow/.local/lib/python3.12/site-packages/airflow/example_dags/example_branch_day_of_week_operator.py
[2026-04-21T06:48:13.505+0000] {processor.py:914} INFO - Processing file /home/airflow/.local/lib/python3.12/site-packages/airflow/example_dags/example_branch_day_of_week_operator.py for tasks to queue
[2026-04-21T06:48:13.507+0000] {logging_mixin.py:190} INFO - [2026-04-21T06:48:13.507+0000] {dagbag.py:588} INFO - Filling up the DagBag from /home/airflow/.local/lib/python3.12/site-packages/airflow/example_dags/example_branch_day_of_week_operator.py
[2026-04-21T06:48:13.511+0000] {processor.py:925} INFO - DAG(s) 'example_weekday_branch_operator' retrieved from /home/airflow/.local/lib/python3.12/site-packages/airflow/example_dags/example_branch_day_of_week_operator.py
[2026-04-21T06:48:13.523+0000] {logging_mixin.py:190} INFO - [2026-04-21T06:48:13.523+0000] {dag.py:3239} INFO - Sync 1 DAGs
[2026-04-21T06:48:13.531+0000] {logging_mixin.py:190} INFO - [2026-04-21T06:48:13.531+0000] {dag.py:4180} INFO - Setting next_dagrun for example_weekday_branch_operator to 2026-04-20 00:00:00+00:00, run_after=2026-04-21 00:00:00+00:00
[2026-04-21T06:48:13.538+0000] {processor.py:208} INFO - Processing /home/airflow/.local/lib/python3.12/site-packages/airflow/example_dags/example_branch_day_of_week_operator.py took 0.037 seconds
[2026-04-21T06:48:43.946+0000] {processor.py:186} INFO - Started process (PID=831) to work on /home/airflow/.local/lib/python3.12/site-packages/airflow/example_dags/example_branch_day_of_week_operator.py
[2026-04-21T06:48:43.947+0000] {processor.py:914} INFO - Processing file /home/airflow/.local/lib/python3.12/site-packages/airflow/example_dags/example_branch_day_of_week_operator.py for tasks to queue
[2026-04-21T06:48:43.948+0000] {logging_mixin.py:190} INFO - [2026-04-21T06:48:43.947+0000] {dagbag.py:588} INFO - Filling up the DagBag from /home/airflow/.local/lib/python3.12/site-packages/airflow/example_dags/example_branch_day_of_week_operator.py
[2026-04-21T06:48:43.952+0000] {processor.py:925} INFO - DAG(s) 'example_weekday_branch_operator' retrieved from /home/airflow/.local/lib/python3.12/site-packages/airflow/example_dags/example_branch_day_of_week_operator.py
[2026-04-21T06:48:43.965+0000] {logging_mixin.py:190} INFO - [2026-04-21T06:48:43.965+0000] {dag.py:3239} INFO - Sync 1 DAGs
[2026-04-21T06:48:43.976+0000] {logging_mixin.py:190} INFO - [2026-04-21T06:48:43.976+0000] {dag.py:4180} INFO - Setting next_dagrun for example_weekday_branch_operator to 2026-04-20 00:00:00+00:00, run_after=2026-04-21 00:00:00+00:00
[2026-04-21T06:48:43.982+0000] {processor.py:208} INFO - Processing /home/airflow/.local/lib/python3.12/site-packages/airflow/example_dags/example_branch_day_of_week_operator.py took 0.039 seconds
[2026-04-21T06:49:14.694+0000] {processor.py:186} INFO - Started process (PID=895) to work on /home/airflow/.local/lib/python3.12/site-packages/airflow/example_dags/example_branch_day_of_week_operator.py
[2026-04-21T06:49:14.695+0000] {processor.py:914} INFO - Processing file /home/airflow/.local/lib/python3.12/site-packages/airflow/example_dags/example_branch_day_of_week_operator.py for tasks to queue
[2026-04-21T06:49:14.696+0000] {logging_mixin.py:190} INFO - [2026-04-21T06:49:14.696+0000] {dagbag.py:588} INFO - Filling up the DagBag from /home/airflow/.local/lib/python3.12/site-packages/airflow/example_dags/example_branch_day_of_week_operator.py
[2026-04-21T06:49:14.702+0000] {processor.py:925} INFO - DAG(s) 'example_weekday_branch_operator' retrieved from /home/airflow/.local/lib/python3.12/site-packages/airflow/example_dags/example_branch_day_of_week_operator.py
[2026-04-21T06:49:14.711+0000] {logging_mixin.py:190} INFO - [2026-04-21T06:49:14.710+0000] {dag.py:3239} INFO - Sync 1 DAGs
[2026-04-21T06:49:14.719+0000] {logging_mixin.py:190} INFO - [2026-04-21T06:49:14.719+0000] {dag.py:4180} INFO - Setting next_dagrun for example_weekday_branch_operator to 2026-04-20 00:00:00+00:00, run_after=2026-04-21 00:00:00+00:00
[2026-04-21T06:49:14.728+0000] {processor.py:208} INFO - Processing /home/airflow/.local/lib/python3.12/site-packages/airflow/example_dags/example_branch_day_of_week_operator.py took 0.036 seconds
[2026-04-21T06:49:45.209+0000] {processor.py:186} INFO - Started process (PID=959) to work on /home/airflow/.local/lib/python3.12/site-packages/airflow/example_dags/example_branch_day_of_week_operator.py
[2026-04-21T06:49:45.210+0000] {processor.py:914} INFO - Processing file /home/airflow/.local/lib/python3.12/site-packages/airflow/example_dags/example_branch_day_of_week_operator.py for tasks to queue
[2026-04-21T06:49:45.211+0000] {logging_mixin.py:190} INFO - [2026-04-21T06:49:45.211+0000] {dagbag.py:588} INFO - Filling up the DagBag from /home/airflow/.local/lib/python3.12/site-packages/airflow/example_dags/example_branch_day_of_week_operator.py
[2026-04-21T06:49:45.217+0000] {processor.py:925} INFO - DAG(s) 'example_weekday_branch_operator' retrieved from /home/airflow/.local/lib/python3.12/site-packages/airflow/example_dags/example_branch_day_of_week_operator.py
[2026-04-21T06:49:45.230+0000] {logging_mixin.py:190} INFO - [2026-04-21T06:49:45.230+0000] {dag.py:3239} INFO - Sync 1 DAGs
[2026-04-21T06:49:45.240+0000] {logging_mixin.py:190} INFO - [2026-04-21T06:49:45.240+0000] {dag.py:4180} INFO - Setting next_dagrun for example_weekday_branch_operator to 2026-04-20 00:00:00+00:00, run_after=2026-04-21 00:00:00+00:00
[2026-04-21T06:49:45.247+0000] {processor.py:208} INFO - Processing /home/airflow/.local/lib/python3.12/site-packages/airflow/example_dags/example_branch_day_of_week_operator.py took 0.040 seconds
[2026-04-21T06:50:15.657+0000] {processor.py:186} INFO - Started process (PID=1023) to work on /home/airflow/.local/lib/python3.12/site-packages/airflow/example_dags/example_branch_day_of_week_operator.py
[2026-04-21T06:50:15.657+0000] {processor.py:914} INFO - Processing file /home/airflow/.local/lib/python3.12/site-packages/airflow/example_dags/example_branch_day_of_week_operator.py for tasks to queue
[2026-04-21T06:50:15.659+0000] {logging_mixin.py:190} INFO - [2026-04-21T06:50:15.659+0000] {dagbag.py:588} INFO - Filling up the DagBag from /home/airflow/.local/lib/python3.12/site-packages/airflow/example_dags/example_branch_day_of_week_operator.py
[2026-04-21T06:50:15.665+0000] {processor.py:925} INFO - DAG(s) 'example_weekday_branch_operator' retrieved from /home/airflow/.local/lib/python3.12/site-packages/airflow/example_dags/example_branch_day_of_week_operator.py
[2026-04-21T06:50:15.676+0000] {logging_mixin.py:190} INFO - [2026-04-21T06:50:15.676+0000] {dag.py:3239} INFO - Sync 1 DAGs
[2026-04-21T06:50:15.684+0000] {logging_mixin.py:190} INFO - [2026-04-21T06:50:15.684+0000] {dag.py:4180} INFO - Setting next_dagrun for example_weekday_branch_operator to 2026-04-20 00:00:00+00:00, run_after=2026-04-21 00:00:00+00:00
[2026-04-21T06:50:15.692+0000] {processor.py:208} INFO - Processing /home/airflow/.local/lib/python3.12/site-packages/airflow/example_dags/example_branch_day_of_week_operator.py took 0.038 seconds
[2026-04-21T06:50:46.158+0000] {processor.py:186} INFO - Started process (PID=1087) to work on /home/airflow/.local/lib/python3.12/site-packages/airflow/example_dags/example_branch_day_of_week_operator.py
[2026-04-21T06:50:46.159+0000] {processor.py:914} INFO - Processing file /home/airflow/.local/lib/python3.12/site-packages/airflow/example_dags/example_branch_day_of_week_operator.py for tasks to queue
[2026-04-21T06:50:46.160+0000] {logging_mixin.py:190} INFO - [2026-04-21T06:50:46.160+0000] {dagbag.py:588} INFO - Filling up the DagBag from /home/airflow/.local/lib/python3.12/site-packages/airflow/example_dags/example_branch_day_of_week_operator.py
[2026-04-21T06:50:46.165+0000] {processor.py:925} INFO - DAG(s) 'example_weekday_branch_operator' retrieved from /home/airflow/.local/lib/python3.12/site-packages/airflow/example_dags/example_branch_day_of_week_operator.py
[2026-04-21T06:50:46.175+0000] {logging_mixin.py:190} INFO - [2026-04-21T06:50:46.175+0000] {dag.py:3239} INFO - Sync 1 DAGs
[2026-04-21T06:50:46.184+0000] {logging_mixin.py:190} INFO - [2026-04-21T06:50:46.184+0000] {dag.py:4180} INFO - Setting next_dagrun for example_weekday_branch_operator to 2026-04-20 00:00:00+00:00, run_after=2026-04-21 00:00:00+00:00
[2026-04-21T06:50:46.192+0000] {processor.py:208} INFO - Processing /home/airflow/.local/lib/python3.12/site-packages/airflow/example_dags/example_branch_day_of_week_operator.py took 0.036 seconds
