[2026-04-21T06:42:40.484+0000] {processor.py:186} INFO - Started process (PID=58) to work on /home/airflow/.local/lib/python3.12/site-packages/airflow/example_dags/example_external_task_marker_dag.py
[2026-04-21T06:42:40.485+0000] {processor.py:914} INFO - Processing file /home/airflow/.local/lib/python3.12/site-packages/airflow/example_dags/example_external_task_marker_dag.py for tasks to queue
[2026-04-21T06:42:40.485+0000] {logging_mixin.py:190} INFO - [2026-04-21T06:42:40.485+0000] {dagbag.py:588} INFO - Filling up the DagBag from /home/airflow/.local/lib/python3.12/site-packages/airflow/example_dags/example_external_task_marker_dag.py
[2026-04-21T06:42:40.489+0000] {processor.py:925} INFO - DAG(s) 'example_external_task_marker_child', 'example_external_task_marker_parent' retrieved from /home/airflow/.local/lib/python3.12/site-packages/airflow/example_dags/example_external_task_marker_dag.py
[2026-04-21T06:42:40.499+0000] {logging_mixin.py:190} INFO - [2026-04-21T06:42:40.499+0000] {dag.py:3239} INFO - Sync 2 DAGs
[2026-04-21T06:42:40.507+0000] {logging_mixin.py:190} INFO - [2026-04-21T06:42:40.506+0000] {dag.py:4180} INFO - Setting next_dagrun for example_external_task_marker_child to None, run_after=None
[2026-04-21T06:42:40.510+0000] {logging_mixin.py:190} INFO - [2026-04-21T06:42:40.510+0000] {dag.py:4180} INFO - Setting next_dagrun for example_external_task_marker_parent to None, run_after=None
[2026-04-21T06:42:40.518+0000] {processor.py:208} INFO - Processing /home/airflow/.local/lib/python3.12/site-packages/airflow/example_dags/example_external_task_marker_dag.py took 0.036 seconds
[2026-04-21T06:43:10.622+0000] {processor.py:186} INFO - Started process (PID=130) to work on /home/airflow/.local/lib/python3.12/site-packages/airflow/example_dags/example_external_task_marker_dag.py
[2026-04-21T06:43:10.622+0000] {processor.py:914} INFO - Processing file /home/airflow/.local/lib/python3.12/site-packages/airflow/example_dags/example_external_task_marker_dag.py for tasks to queue
[2026-04-21T06:43:10.623+0000] {logging_mixin.py:190} INFO - [2026-04-21T06:43:10.623+0000] {dagbag.py:588} INFO - Filling up the DagBag from /home/airflow/.local/lib/python3.12/site-packages/airflow/example_dags/example_external_task_marker_dag.py
[2026-04-21T06:43:10.627+0000] {processor.py:925} INFO - DAG(s) 'example_external_task_marker_child', 'example_external_task_marker_parent' retrieved from /home/airflow/.local/lib/python3.12/site-packages/airflow/example_dags/example_external_task_marker_dag.py
[2026-04-21T06:43:10.639+0000] {logging_mixin.py:190} INFO - [2026-04-21T06:43:10.639+0000] {dag.py:3239} INFO - Sync 2 DAGs
[2026-04-21T06:43:10.646+0000] {logging_mixin.py:190} INFO - [2026-04-21T06:43:10.646+0000] {dag.py:4180} INFO - Setting next_dagrun for example_external_task_marker_child to None, run_after=None
[2026-04-21T06:43:10.648+0000] {logging_mixin.py:190} INFO - [2026-04-21T06:43:10.648+0000] {dag.py:4180} INFO - Setting next_dagrun for example_external_task_marker_parent to None, run_after=None
[2026-04-21T06:43:10.654+0000] {processor.py:208} INFO - Processing /home/airflow/.local/lib/python3.12/site-packages/airflow/example_dags/example_external_task_marker_dag.py took 0.035 seconds
[2026-04-21T06:43:40.740+0000] {processor.py:186} INFO - Started process (PID=193) to work on /home/airflow/.local/lib/python3.12/site-packages/airflow/example_dags/example_external_task_marker_dag.py
[2026-04-21T06:43:40.740+0000] {processor.py:914} INFO - Processing file /home/airflow/.local/lib/python3.12/site-packages/airflow/example_dags/example_external_task_marker_dag.py for tasks to queue
[2026-04-21T06:43:40.741+0000] {logging_mixin.py:190} INFO - [2026-04-21T06:43:40.741+0000] {dagbag.py:588} INFO - Filling up the DagBag from /home/airflow/.local/lib/python3.12/site-packages/airflow/example_dags/example_external_task_marker_dag.py
[2026-04-21T06:43:40.744+0000] {processor.py:925} INFO - DAG(s) 'example_external_task_marker_child', 'example_external_task_marker_parent' retrieved from /home/airflow/.local/lib/python3.12/site-packages/airflow/example_dags/example_external_task_marker_dag.py
[2026-04-21T06:43:40.752+0000] {logging_mixin.py:190} INFO - [2026-04-21T06:43:40.752+0000] {dag.py:3239} INFO - Sync 2 DAGs
[2026-04-21T06:43:40.757+0000] {logging_mixin.py:190} INFO - [2026-04-21T06:43:40.757+0000] {dag.py:4180} INFO - Setting next_dagrun for example_external_task_marker_child to None, run_after=None
[2026-04-21T06:43:40.758+0000] {logging_mixin.py:190} INFO - [2026-04-21T06:43:40.758+0000] {dag.py:4180} INFO - Setting next_dagrun for example_external_task_marker_parent to None, run_after=None
[2026-04-21T06:43:40.765+0000] {processor.py:208} INFO - Processing /home/airflow/.local/lib/python3.12/site-packages/airflow/example_dags/example_external_task_marker_dag.py took 0.027 seconds
[2026-04-21T06:44:10.876+0000] {processor.py:186} INFO - Started process (PID=257) to work on /home/airflow/.local/lib/python3.12/site-packages/airflow/example_dags/example_external_task_marker_dag.py
[2026-04-21T06:44:10.877+0000] {processor.py:914} INFO - Processing file /home/airflow/.local/lib/python3.12/site-packages/airflow/example_dags/example_external_task_marker_dag.py for tasks to queue
[2026-04-21T06:44:10.878+0000] {logging_mixin.py:190} INFO - [2026-04-21T06:44:10.878+0000] {dagbag.py:588} INFO - Filling up the DagBag from /home/airflow/.local/lib/python3.12/site-packages/airflow/example_dags/example_external_task_marker_dag.py
[2026-04-21T06:44:10.882+0000] {processor.py:925} INFO - DAG(s) 'example_external_task_marker_parent', 'example_external_task_marker_child' retrieved from /home/airflow/.local/lib/python3.12/site-packages/airflow/example_dags/example_external_task_marker_dag.py
[2026-04-21T06:44:10.893+0000] {logging_mixin.py:190} INFO - [2026-04-21T06:44:10.893+0000] {dag.py:3239} INFO - Sync 2 DAGs
[2026-04-21T06:44:10.901+0000] {logging_mixin.py:190} INFO - [2026-04-21T06:44:10.901+0000] {dag.py:4180} INFO - Setting next_dagrun for example_external_task_marker_child to None, run_after=None
[2026-04-21T06:44:10.903+0000] {logging_mixin.py:190} INFO - [2026-04-21T06:44:10.903+0000] {dag.py:4180} INFO - Setting next_dagrun for example_external_task_marker_parent to None, run_after=None
[2026-04-21T06:44:10.911+0000] {processor.py:208} INFO - Processing /home/airflow/.local/lib/python3.12/site-packages/airflow/example_dags/example_external_task_marker_dag.py took 0.037 seconds
[2026-04-21T06:44:41.387+0000] {processor.py:186} INFO - Started process (PID=320) to work on /home/airflow/.local/lib/python3.12/site-packages/airflow/example_dags/example_external_task_marker_dag.py
[2026-04-21T06:44:41.388+0000] {processor.py:914} INFO - Processing file /home/airflow/.local/lib/python3.12/site-packages/airflow/example_dags/example_external_task_marker_dag.py for tasks to queue
[2026-04-21T06:44:41.389+0000] {logging_mixin.py:190} INFO - [2026-04-21T06:44:41.389+0000] {dagbag.py:588} INFO - Filling up the DagBag from /home/airflow/.local/lib/python3.12/site-packages/airflow/example_dags/example_external_task_marker_dag.py
[2026-04-21T06:44:41.392+0000] {processor.py:925} INFO - DAG(s) 'example_external_task_marker_child', 'example_external_task_marker_parent' retrieved from /home/airflow/.local/lib/python3.12/site-packages/airflow/example_dags/example_external_task_marker_dag.py
[2026-04-21T06:44:41.402+0000] {logging_mixin.py:190} INFO - [2026-04-21T06:44:41.402+0000] {dag.py:3239} INFO - Sync 2 DAGs
[2026-04-21T06:44:41.407+0000] {logging_mixin.py:190} INFO - [2026-04-21T06:44:41.407+0000] {dag.py:4180} INFO - Setting next_dagrun for example_external_task_marker_child to None, run_after=None
[2026-04-21T06:44:41.409+0000] {logging_mixin.py:190} INFO - [2026-04-21T06:44:41.409+0000] {dag.py:4180} INFO - Setting next_dagrun for example_external_task_marker_parent to None, run_after=None
[2026-04-21T06:44:41.418+0000] {processor.py:208} INFO - Processing /home/airflow/.local/lib/python3.12/site-packages/airflow/example_dags/example_external_task_marker_dag.py took 0.033 seconds
[2026-04-21T06:45:11.750+0000] {processor.py:186} INFO - Started process (PID=390) to work on /home/airflow/.local/lib/python3.12/site-packages/airflow/example_dags/example_external_task_marker_dag.py
[2026-04-21T06:45:11.751+0000] {processor.py:914} INFO - Processing file /home/airflow/.local/lib/python3.12/site-packages/airflow/example_dags/example_external_task_marker_dag.py for tasks to queue
[2026-04-21T06:45:11.752+0000] {logging_mixin.py:190} INFO - [2026-04-21T06:45:11.752+0000] {dagbag.py:588} INFO - Filling up the DagBag from /home/airflow/.local/lib/python3.12/site-packages/airflow/example_dags/example_external_task_marker_dag.py
[2026-04-21T06:45:11.757+0000] {processor.py:925} INFO - DAG(s) 'example_external_task_marker_parent', 'example_external_task_marker_child' retrieved from /home/airflow/.local/lib/python3.12/site-packages/airflow/example_dags/example_external_task_marker_dag.py
[2026-04-21T06:45:11.771+0000] {logging_mixin.py:190} INFO - [2026-04-21T06:45:11.771+0000] {dag.py:3239} INFO - Sync 2 DAGs
[2026-04-21T06:45:11.777+0000] {logging_mixin.py:190} INFO - [2026-04-21T06:45:11.777+0000] {dag.py:4180} INFO - Setting next_dagrun for example_external_task_marker_child to None, run_after=None
[2026-04-21T06:45:11.779+0000] {logging_mixin.py:190} INFO - [2026-04-21T06:45:11.779+0000] {dag.py:4180} INFO - Setting next_dagrun for example_external_task_marker_parent to None, run_after=None
[2026-04-21T06:45:11.787+0000] {processor.py:208} INFO - Processing /home/airflow/.local/lib/python3.12/site-packages/airflow/example_dags/example_external_task_marker_dag.py took 0.039 seconds
[2026-04-21T06:45:42.138+0000] {processor.py:186} INFO - Started process (PID=454) to work on /home/airflow/.local/lib/python3.12/site-packages/airflow/example_dags/example_external_task_marker_dag.py
[2026-04-21T06:45:42.139+0000] {processor.py:914} INFO - Processing file /home/airflow/.local/lib/python3.12/site-packages/airflow/example_dags/example_external_task_marker_dag.py for tasks to queue
[2026-04-21T06:45:42.140+0000] {logging_mixin.py:190} INFO - [2026-04-21T06:45:42.140+0000] {dagbag.py:588} INFO - Filling up the DagBag from /home/airflow/.local/lib/python3.12/site-packages/airflow/example_dags/example_external_task_marker_dag.py
[2026-04-21T06:45:42.144+0000] {processor.py:925} INFO - DAG(s) 'example_external_task_marker_parent', 'example_external_task_marker_child' retrieved from /home/airflow/.local/lib/python3.12/site-packages/airflow/example_dags/example_external_task_marker_dag.py
[2026-04-21T06:45:42.159+0000] {logging_mixin.py:190} INFO - [2026-04-21T06:45:42.159+0000] {dag.py:3239} INFO - Sync 2 DAGs
[2026-04-21T06:45:42.165+0000] {logging_mixin.py:190} INFO - [2026-04-21T06:45:42.165+0000] {dag.py:4180} INFO - Setting next_dagrun for example_external_task_marker_child to None, run_after=None
[2026-04-21T06:45:42.168+0000] {logging_mixin.py:190} INFO - [2026-04-21T06:45:42.168+0000] {dag.py:4180} INFO - Setting next_dagrun for example_external_task_marker_parent to None, run_after=None
[2026-04-21T06:45:42.175+0000] {processor.py:208} INFO - Processing /home/airflow/.local/lib/python3.12/site-packages/airflow/example_dags/example_external_task_marker_dag.py took 0.039 seconds
[2026-04-21T06:46:12.775+0000] {processor.py:186} INFO - Started process (PID=518) to work on /home/airflow/.local/lib/python3.12/site-packages/airflow/example_dags/example_external_task_marker_dag.py
[2026-04-21T06:46:12.776+0000] {processor.py:914} INFO - Processing file /home/airflow/.local/lib/python3.12/site-packages/airflow/example_dags/example_external_task_marker_dag.py for tasks to queue
[2026-04-21T06:46:12.777+0000] {logging_mixin.py:190} INFO - [2026-04-21T06:46:12.777+0000] {dagbag.py:588} INFO - Filling up the DagBag from /home/airflow/.local/lib/python3.12/site-packages/airflow/example_dags/example_external_task_marker_dag.py
[2026-04-21T06:46:12.780+0000] {processor.py:925} INFO - DAG(s) 'example_external_task_marker_parent', 'example_external_task_marker_child' retrieved from /home/airflow/.local/lib/python3.12/site-packages/airflow/example_dags/example_external_task_marker_dag.py
[2026-04-21T06:46:12.788+0000] {logging_mixin.py:190} INFO - [2026-04-21T06:46:12.788+0000] {dag.py:3239} INFO - Sync 2 DAGs
[2026-04-21T06:46:12.794+0000] {logging_mixin.py:190} INFO - [2026-04-21T06:46:12.794+0000] {dag.py:4180} INFO - Setting next_dagrun for example_external_task_marker_child to None, run_after=None
[2026-04-21T06:46:12.797+0000] {logging_mixin.py:190} INFO - [2026-04-21T06:46:12.797+0000] {dag.py:4180} INFO - Setting next_dagrun for example_external_task_marker_parent to None, run_after=None
[2026-04-21T06:46:12.807+0000] {processor.py:208} INFO - Processing /home/airflow/.local/lib/python3.12/site-packages/airflow/example_dags/example_external_task_marker_dag.py took 0.034 seconds
[2026-04-21T06:46:43.065+0000] {processor.py:186} INFO - Started process (PID=582) to work on /home/airflow/.local/lib/python3.12/site-packages/airflow/example_dags/example_external_task_marker_dag.py
[2026-04-21T06:46:43.065+0000] {processor.py:914} INFO - Processing file /home/airflow/.local/lib/python3.12/site-packages/airflow/example_dags/example_external_task_marker_dag.py for tasks to queue
[2026-04-21T06:46:43.066+0000] {logging_mixin.py:190} INFO - [2026-04-21T06:46:43.066+0000] {dagbag.py:588} INFO - Filling up the DagBag from /home/airflow/.local/lib/python3.12/site-packages/airflow/example_dags/example_external_task_marker_dag.py
[2026-04-21T06:46:43.071+0000] {processor.py:925} INFO - DAG(s) 'example_external_task_marker_parent', 'example_external_task_marker_child' retrieved from /home/airflow/.local/lib/python3.12/site-packages/airflow/example_dags/example_external_task_marker_dag.py
[2026-04-21T06:46:43.080+0000] {logging_mixin.py:190} INFO - [2026-04-21T06:46:43.080+0000] {dag.py:3239} INFO - Sync 2 DAGs
[2026-04-21T06:46:43.086+0000] {logging_mixin.py:190} INFO - [2026-04-21T06:46:43.086+0000] {dag.py:4180} INFO - Setting next_dagrun for example_external_task_marker_child to None, run_after=None
[2026-04-21T06:46:43.087+0000] {logging_mixin.py:190} INFO - [2026-04-21T06:46:43.087+0000] {dag.py:4180} INFO - Setting next_dagrun for example_external_task_marker_parent to None, run_after=None
[2026-04-21T06:46:43.092+0000] {processor.py:208} INFO - Processing /home/airflow/.local/lib/python3.12/site-packages/airflow/example_dags/example_external_task_marker_dag.py took 0.029 seconds
[2026-04-21T06:47:13.254+0000] {processor.py:186} INFO - Started process (PID=646) to work on /home/airflow/.local/lib/python3.12/site-packages/airflow/example_dags/example_external_task_marker_dag.py
[2026-04-21T06:47:13.255+0000] {processor.py:914} INFO - Processing file /home/airflow/.local/lib/python3.12/site-packages/airflow/example_dags/example_external_task_marker_dag.py for tasks to queue
[2026-04-21T06:47:13.256+0000] {logging_mixin.py:190} INFO - [2026-04-21T06:47:13.256+0000] {dagbag.py:588} INFO - Filling up the DagBag from /home/airflow/.local/lib/python3.12/site-packages/airflow/example_dags/example_external_task_marker_dag.py
[2026-04-21T06:47:13.259+0000] {processor.py:925} INFO - DAG(s) 'example_external_task_marker_parent', 'example_external_task_marker_child' retrieved from /home/airflow/.local/lib/python3.12/site-packages/airflow/example_dags/example_external_task_marker_dag.py
[2026-04-21T06:47:13.272+0000] {logging_mixin.py:190} INFO - [2026-04-21T06:47:13.272+0000] {dag.py:3239} INFO - Sync 2 DAGs
[2026-04-21T06:47:13.277+0000] {logging_mixin.py:190} INFO - [2026-04-21T06:47:13.277+0000] {dag.py:4180} INFO - Setting next_dagrun for example_external_task_marker_child to None, run_after=None
[2026-04-21T06:47:13.279+0000] {logging_mixin.py:190} INFO - [2026-04-21T06:47:13.279+0000] {dag.py:4180} INFO - Setting next_dagrun for example_external_task_marker_parent to None, run_after=None
[2026-04-21T06:47:13.289+0000] {processor.py:208} INFO - Processing /home/airflow/.local/lib/python3.12/site-packages/airflow/example_dags/example_external_task_marker_dag.py took 0.037 seconds
[2026-04-21T06:47:43.529+0000] {processor.py:186} INFO - Started process (PID=710) to work on /home/airflow/.local/lib/python3.12/site-packages/airflow/example_dags/example_external_task_marker_dag.py
[2026-04-21T06:47:43.531+0000] {processor.py:914} INFO - Processing file /home/airflow/.local/lib/python3.12/site-packages/airflow/example_dags/example_external_task_marker_dag.py for tasks to queue
[2026-04-21T06:47:43.532+0000] {logging_mixin.py:190} INFO - [2026-04-21T06:47:43.532+0000] {dagbag.py:588} INFO - Filling up the DagBag from /home/airflow/.local/lib/python3.12/site-packages/airflow/example_dags/example_external_task_marker_dag.py
[2026-04-21T06:47:43.535+0000] {processor.py:925} INFO - DAG(s) 'example_external_task_marker_child', 'example_external_task_marker_parent' retrieved from /home/airflow/.local/lib/python3.12/site-packages/airflow/example_dags/example_external_task_marker_dag.py
[2026-04-21T06:47:43.544+0000] {logging_mixin.py:190} INFO - [2026-04-21T06:47:43.544+0000] {dag.py:3239} INFO - Sync 2 DAGs
[2026-04-21T06:47:43.550+0000] {logging_mixin.py:190} INFO - [2026-04-21T06:47:43.550+0000] {dag.py:4180} INFO - Setting next_dagrun for example_external_task_marker_child to None, run_after=None
[2026-04-21T06:47:43.551+0000] {logging_mixin.py:190} INFO - [2026-04-21T06:47:43.551+0000] {dag.py:4180} INFO - Setting next_dagrun for example_external_task_marker_parent to None, run_after=None
[2026-04-21T06:47:43.560+0000] {processor.py:208} INFO - Processing /home/airflow/.local/lib/python3.12/site-packages/airflow/example_dags/example_external_task_marker_dag.py took 0.033 seconds
[2026-04-21T06:48:13.695+0000] {processor.py:186} INFO - Started process (PID=774) to work on /home/airflow/.local/lib/python3.12/site-packages/airflow/example_dags/example_external_task_marker_dag.py
[2026-04-21T06:48:13.695+0000] {processor.py:914} INFO - Processing file /home/airflow/.local/lib/python3.12/site-packages/airflow/example_dags/example_external_task_marker_dag.py for tasks to queue
[2026-04-21T06:48:13.696+0000] {logging_mixin.py:190} INFO - [2026-04-21T06:48:13.696+0000] {dagbag.py:588} INFO - Filling up the DagBag from /home/airflow/.local/lib/python3.12/site-packages/airflow/example_dags/example_external_task_marker_dag.py
[2026-04-21T06:48:13.699+0000] {processor.py:925} INFO - DAG(s) 'example_external_task_marker_child', 'example_external_task_marker_parent' retrieved from /home/airflow/.local/lib/python3.12/site-packages/airflow/example_dags/example_external_task_marker_dag.py
[2026-04-21T06:48:13.708+0000] {logging_mixin.py:190} INFO - [2026-04-21T06:48:13.708+0000] {dag.py:3239} INFO - Sync 2 DAGs
[2026-04-21T06:48:13.715+0000] {logging_mixin.py:190} INFO - [2026-04-21T06:48:13.715+0000] {dag.py:4180} INFO - Setting next_dagrun for example_external_task_marker_child to None, run_after=None
[2026-04-21T06:48:13.718+0000] {logging_mixin.py:190} INFO - [2026-04-21T06:48:13.718+0000] {dag.py:4180} INFO - Setting next_dagrun for example_external_task_marker_parent to None, run_after=None
[2026-04-21T06:48:13.735+0000] {processor.py:208} INFO - Processing /home/airflow/.local/lib/python3.12/site-packages/airflow/example_dags/example_external_task_marker_dag.py took 0.043 seconds
[2026-04-21T06:48:44.157+0000] {processor.py:186} INFO - Started process (PID=838) to work on /home/airflow/.local/lib/python3.12/site-packages/airflow/example_dags/example_external_task_marker_dag.py
[2026-04-21T06:48:44.158+0000] {processor.py:914} INFO - Processing file /home/airflow/.local/lib/python3.12/site-packages/airflow/example_dags/example_external_task_marker_dag.py for tasks to queue
[2026-04-21T06:48:44.159+0000] {logging_mixin.py:190} INFO - [2026-04-21T06:48:44.158+0000] {dagbag.py:588} INFO - Filling up the DagBag from /home/airflow/.local/lib/python3.12/site-packages/airflow/example_dags/example_external_task_marker_dag.py
[2026-04-21T06:48:44.162+0000] {processor.py:925} INFO - DAG(s) 'example_external_task_marker_parent', 'example_external_task_marker_child' retrieved from /home/airflow/.local/lib/python3.12/site-packages/airflow/example_dags/example_external_task_marker_dag.py
[2026-04-21T06:48:44.171+0000] {logging_mixin.py:190} INFO - [2026-04-21T06:48:44.171+0000] {dag.py:3239} INFO - Sync 2 DAGs
[2026-04-21T06:48:44.178+0000] {logging_mixin.py:190} INFO - [2026-04-21T06:48:44.178+0000] {dag.py:4180} INFO - Setting next_dagrun for example_external_task_marker_child to None, run_after=None
[2026-04-21T06:48:44.179+0000] {logging_mixin.py:190} INFO - [2026-04-21T06:48:44.179+0000] {dag.py:4180} INFO - Setting next_dagrun for example_external_task_marker_parent to None, run_after=None
[2026-04-21T06:48:44.188+0000] {processor.py:208} INFO - Processing /home/airflow/.local/lib/python3.12/site-packages/airflow/example_dags/example_external_task_marker_dag.py took 0.034 seconds
[2026-04-21T06:49:14.943+0000] {processor.py:186} INFO - Started process (PID=902) to work on /home/airflow/.local/lib/python3.12/site-packages/airflow/example_dags/example_external_task_marker_dag.py
[2026-04-21T06:49:14.943+0000] {processor.py:914} INFO - Processing file /home/airflow/.local/lib/python3.12/site-packages/airflow/example_dags/example_external_task_marker_dag.py for tasks to queue
[2026-04-21T06:49:14.944+0000] {logging_mixin.py:190} INFO - [2026-04-21T06:49:14.944+0000] {dagbag.py:588} INFO - Filling up the DagBag from /home/airflow/.local/lib/python3.12/site-packages/airflow/example_dags/example_external_task_marker_dag.py
[2026-04-21T06:49:14.947+0000] {processor.py:925} INFO - DAG(s) 'example_external_task_marker_child', 'example_external_task_marker_parent' retrieved from /home/airflow/.local/lib/python3.12/site-packages/airflow/example_dags/example_external_task_marker_dag.py
[2026-04-21T06:49:14.954+0000] {logging_mixin.py:190} INFO - [2026-04-21T06:49:14.954+0000] {dag.py:3239} INFO - Sync 2 DAGs
[2026-04-21T06:49:14.959+0000] {logging_mixin.py:190} INFO - [2026-04-21T06:49:14.959+0000] {dag.py:4180} INFO - Setting next_dagrun for example_external_task_marker_child to None, run_after=None
[2026-04-21T06:49:14.960+0000] {logging_mixin.py:190} INFO - [2026-04-21T06:49:14.960+0000] {dag.py:4180} INFO - Setting next_dagrun for example_external_task_marker_parent to None, run_after=None
[2026-04-21T06:49:14.965+0000] {processor.py:208} INFO - Processing /home/airflow/.local/lib/python3.12/site-packages/airflow/example_dags/example_external_task_marker_dag.py took 0.024 seconds
[2026-04-21T06:49:45.425+0000] {processor.py:186} INFO - Started process (PID=966) to work on /home/airflow/.local/lib/python3.12/site-packages/airflow/example_dags/example_external_task_marker_dag.py
[2026-04-21T06:49:45.425+0000] {processor.py:914} INFO - Processing file /home/airflow/.local/lib/python3.12/site-packages/airflow/example_dags/example_external_task_marker_dag.py for tasks to queue
[2026-04-21T06:49:45.426+0000] {logging_mixin.py:190} INFO - [2026-04-21T06:49:45.426+0000] {dagbag.py:588} INFO - Filling up the DagBag from /home/airflow/.local/lib/python3.12/site-packages/airflow/example_dags/example_external_task_marker_dag.py
[2026-04-21T06:49:45.430+0000] {processor.py:925} INFO - DAG(s) 'example_external_task_marker_parent', 'example_external_task_marker_child' retrieved from /home/airflow/.local/lib/python3.12/site-packages/airflow/example_dags/example_external_task_marker_dag.py
[2026-04-21T06:49:45.438+0000] {logging_mixin.py:190} INFO - [2026-04-21T06:49:45.438+0000] {dag.py:3239} INFO - Sync 2 DAGs
[2026-04-21T06:49:45.444+0000] {logging_mixin.py:190} INFO - [2026-04-21T06:49:45.444+0000] {dag.py:4180} INFO - Setting next_dagrun for example_external_task_marker_child to None, run_after=None
[2026-04-21T06:49:45.447+0000] {logging_mixin.py:190} INFO - [2026-04-21T06:49:45.447+0000] {dag.py:4180} INFO - Setting next_dagrun for example_external_task_marker_parent to None, run_after=None
[2026-04-21T06:49:45.457+0000] {processor.py:208} INFO - Processing /home/airflow/.local/lib/python3.12/site-packages/airflow/example_dags/example_external_task_marker_dag.py took 0.035 seconds
[2026-04-21T06:50:15.921+0000] {processor.py:186} INFO - Started process (PID=1030) to work on /home/airflow/.local/lib/python3.12/site-packages/airflow/example_dags/example_external_task_marker_dag.py
[2026-04-21T06:50:15.921+0000] {processor.py:914} INFO - Processing file /home/airflow/.local/lib/python3.12/site-packages/airflow/example_dags/example_external_task_marker_dag.py for tasks to queue
[2026-04-21T06:50:15.922+0000] {logging_mixin.py:190} INFO - [2026-04-21T06:50:15.922+0000] {dagbag.py:588} INFO - Filling up the DagBag from /home/airflow/.local/lib/python3.12/site-packages/airflow/example_dags/example_external_task_marker_dag.py
[2026-04-21T06:50:15.925+0000] {processor.py:925} INFO - DAG(s) 'example_external_task_marker_parent', 'example_external_task_marker_child' retrieved from /home/airflow/.local/lib/python3.12/site-packages/airflow/example_dags/example_external_task_marker_dag.py
[2026-04-21T06:50:15.932+0000] {logging_mixin.py:190} INFO - [2026-04-21T06:50:15.932+0000] {dag.py:3239} INFO - Sync 2 DAGs
[2026-04-21T06:50:15.937+0000] {logging_mixin.py:190} INFO - [2026-04-21T06:50:15.937+0000] {dag.py:4180} INFO - Setting next_dagrun for example_external_task_marker_child to None, run_after=None
[2026-04-21T06:50:15.938+0000] {logging_mixin.py:190} INFO - [2026-04-21T06:50:15.938+0000] {dag.py:4180} INFO - Setting next_dagrun for example_external_task_marker_parent to None, run_after=None
[2026-04-21T06:50:15.942+0000] {processor.py:208} INFO - Processing /home/airflow/.local/lib/python3.12/site-packages/airflow/example_dags/example_external_task_marker_dag.py took 0.024 seconds
[2026-04-21T06:50:46.420+0000] {processor.py:186} INFO - Started process (PID=1094) to work on /home/airflow/.local/lib/python3.12/site-packages/airflow/example_dags/example_external_task_marker_dag.py
[2026-04-21T06:50:46.420+0000] {processor.py:914} INFO - Processing file /home/airflow/.local/lib/python3.12/site-packages/airflow/example_dags/example_external_task_marker_dag.py for tasks to queue
[2026-04-21T06:50:46.421+0000] {logging_mixin.py:190} INFO - [2026-04-21T06:50:46.421+0000] {dagbag.py:588} INFO - Filling up the DagBag from /home/airflow/.local/lib/python3.12/site-packages/airflow/example_dags/example_external_task_marker_dag.py
[2026-04-21T06:50:46.425+0000] {processor.py:925} INFO - DAG(s) 'example_external_task_marker_child', 'example_external_task_marker_parent' retrieved from /home/airflow/.local/lib/python3.12/site-packages/airflow/example_dags/example_external_task_marker_dag.py
[2026-04-21T06:50:46.434+0000] {logging_mixin.py:190} INFO - [2026-04-21T06:50:46.434+0000] {dag.py:3239} INFO - Sync 2 DAGs
[2026-04-21T06:50:46.439+0000] {logging_mixin.py:190} INFO - [2026-04-21T06:50:46.439+0000] {dag.py:4180} INFO - Setting next_dagrun for example_external_task_marker_child to None, run_after=None
[2026-04-21T06:50:46.441+0000] {logging_mixin.py:190} INFO - [2026-04-21T06:50:46.441+0000] {dag.py:4180} INFO - Setting next_dagrun for example_external_task_marker_parent to None, run_after=None
[2026-04-21T06:50:46.450+0000] {processor.py:208} INFO - Processing /home/airflow/.local/lib/python3.12/site-packages/airflow/example_dags/example_external_task_marker_dag.py took 0.032 seconds
