[2026-04-21T06:42:39.367+0000] {processor.py:186} INFO - Started process (PID=49) to work on /home/airflow/.local/lib/python3.12/site-packages/airflow/example_dags/example_datasets.py
[2026-04-21T06:42:39.368+0000] {processor.py:914} INFO - Processing file /home/airflow/.local/lib/python3.12/site-packages/airflow/example_dags/example_datasets.py for tasks to queue
[2026-04-21T06:42:39.371+0000] {logging_mixin.py:190} INFO - [2026-04-21T06:42:39.371+0000] {dagbag.py:588} INFO - Filling up the DagBag from /home/airflow/.local/lib/python3.12/site-packages/airflow/example_dags/example_datasets.py
[2026-04-21T06:42:39.840+0000] {processor.py:925} INFO - DAG(s) 'consume_1_or_both_2_and_3_with_dataset_expressions', 'dataset_produces_2', 'consume_1_or_2_with_dataset_expressions', 'dataset_consumes_1', 'dataset_consumes_1_never_scheduled', 'conditional_dataset_and_time_based_timetable', 'dataset_consumes_1_and_2', 'dataset_consumes_unknown_never_scheduled', 'consume_1_and_2_with_dataset_expressions', 'dataset_produces_1' retrieved from /home/airflow/.local/lib/python3.12/site-packages/airflow/example_dags/example_datasets.py
[2026-04-21T06:42:39.859+0000] {logging_mixin.py:190} INFO - [2026-04-21T06:42:39.859+0000] {dag.py:3239} INFO - Sync 10 DAGs
[2026-04-21T06:42:39.879+0000] {logging_mixin.py:190} INFO - [2026-04-21T06:42:39.879+0000] {dag.py:4180} INFO - Setting next_dagrun for conditional_dataset_and_time_based_timetable to 2026-04-15 01:00:00+00:00, run_after=2026-04-15 01:00:00+00:00
[2026-04-21T06:42:39.884+0000] {logging_mixin.py:190} INFO - [2026-04-21T06:42:39.884+0000] {dag.py:4180} INFO - Setting next_dagrun for consume_1_and_2_with_dataset_expressions to None, run_after=None
[2026-04-21T06:42:39.885+0000] {logging_mixin.py:190} INFO - [2026-04-21T06:42:39.885+0000] {dag.py:4180} INFO - Setting next_dagrun for consume_1_or_2_with_dataset_expressions to None, run_after=None
[2026-04-21T06:42:39.886+0000] {logging_mixin.py:190} INFO - [2026-04-21T06:42:39.886+0000] {dag.py:4180} INFO - Setting next_dagrun for consume_1_or_both_2_and_3_with_dataset_expressions to None, run_after=None
[2026-04-21T06:42:39.887+0000] {logging_mixin.py:190} INFO - [2026-04-21T06:42:39.887+0000] {dag.py:4180} INFO - Setting next_dagrun for dataset_consumes_1 to None, run_after=None
[2026-04-21T06:42:39.887+0000] {logging_mixin.py:190} INFO - [2026-04-21T06:42:39.887+0000] {dag.py:4180} INFO - Setting next_dagrun for dataset_consumes_1_and_2 to None, run_after=None
[2026-04-21T06:42:39.888+0000] {logging_mixin.py:190} INFO - [2026-04-21T06:42:39.888+0000] {dag.py:4180} INFO - Setting next_dagrun for dataset_consumes_1_never_scheduled to None, run_after=None
[2026-04-21T06:42:39.889+0000] {logging_mixin.py:190} INFO - [2026-04-21T06:42:39.888+0000] {dag.py:4180} INFO - Setting next_dagrun for dataset_consumes_unknown_never_scheduled to None, run_after=None
[2026-04-21T06:42:39.889+0000] {logging_mixin.py:190} INFO - [2026-04-21T06:42:39.889+0000] {dag.py:4180} INFO - Setting next_dagrun for dataset_produces_1 to 2026-04-20 00:00:00+00:00, run_after=2026-04-21 00:00:00+00:00
[2026-04-21T06:42:39.890+0000] {logging_mixin.py:190} INFO - [2026-04-21T06:42:39.890+0000] {dag.py:4180} INFO - Setting next_dagrun for dataset_produces_2 to None, run_after=None
[2026-04-21T06:42:39.911+0000] {processor.py:208} INFO - Processing /home/airflow/.local/lib/python3.12/site-packages/airflow/example_dags/example_datasets.py took 0.547 seconds
[2026-04-21T06:43:09.953+0000] {processor.py:186} INFO - Started process (PID=121) to work on /home/airflow/.local/lib/python3.12/site-packages/airflow/example_dags/example_datasets.py
[2026-04-21T06:43:09.955+0000] {processor.py:914} INFO - Processing file /home/airflow/.local/lib/python3.12/site-packages/airflow/example_dags/example_datasets.py for tasks to queue
[2026-04-21T06:43:09.957+0000] {logging_mixin.py:190} INFO - [2026-04-21T06:43:09.957+0000] {dagbag.py:588} INFO - Filling up the DagBag from /home/airflow/.local/lib/python3.12/site-packages/airflow/example_dags/example_datasets.py
[2026-04-21T06:43:10.291+0000] {processor.py:925} INFO - DAG(s) 'conditional_dataset_and_time_based_timetable', 'dataset_consumes_1', 'dataset_consumes_unknown_never_scheduled', 'dataset_produces_1', 'dataset_consumes_1_and_2', 'consume_1_or_both_2_and_3_with_dataset_expressions', 'dataset_produces_2', 'consume_1_or_2_with_dataset_expressions', 'consume_1_and_2_with_dataset_expressions', 'dataset_consumes_1_never_scheduled' retrieved from /home/airflow/.local/lib/python3.12/site-packages/airflow/example_dags/example_datasets.py
[2026-04-21T06:43:10.304+0000] {logging_mixin.py:190} INFO - [2026-04-21T06:43:10.304+0000] {dag.py:3239} INFO - Sync 10 DAGs
[2026-04-21T06:43:10.312+0000] {logging_mixin.py:190} INFO - [2026-04-21T06:43:10.312+0000] {dag.py:4180} INFO - Setting next_dagrun for conditional_dataset_and_time_based_timetable to 2026-04-15 01:00:00+00:00, run_after=2026-04-15 01:00:00+00:00
[2026-04-21T06:43:10.313+0000] {logging_mixin.py:190} INFO - [2026-04-21T06:43:10.313+0000] {dag.py:4180} INFO - Setting next_dagrun for consume_1_and_2_with_dataset_expressions to None, run_after=None
[2026-04-21T06:43:10.314+0000] {logging_mixin.py:190} INFO - [2026-04-21T06:43:10.314+0000] {dag.py:4180} INFO - Setting next_dagrun for consume_1_or_2_with_dataset_expressions to None, run_after=None
[2026-04-21T06:43:10.314+0000] {logging_mixin.py:190} INFO - [2026-04-21T06:43:10.314+0000] {dag.py:4180} INFO - Setting next_dagrun for consume_1_or_both_2_and_3_with_dataset_expressions to None, run_after=None
[2026-04-21T06:43:10.314+0000] {logging_mixin.py:190} INFO - [2026-04-21T06:43:10.314+0000] {dag.py:4180} INFO - Setting next_dagrun for dataset_consumes_1 to None, run_after=None
[2026-04-21T06:43:10.315+0000] {logging_mixin.py:190} INFO - [2026-04-21T06:43:10.315+0000] {dag.py:4180} INFO - Setting next_dagrun for dataset_consumes_1_and_2 to None, run_after=None
[2026-04-21T06:43:10.315+0000] {logging_mixin.py:190} INFO - [2026-04-21T06:43:10.315+0000] {dag.py:4180} INFO - Setting next_dagrun for dataset_consumes_1_never_scheduled to None, run_after=None
[2026-04-21T06:43:10.315+0000] {logging_mixin.py:190} INFO - [2026-04-21T06:43:10.315+0000] {dag.py:4180} INFO - Setting next_dagrun for dataset_consumes_unknown_never_scheduled to None, run_after=None
[2026-04-21T06:43:10.316+0000] {logging_mixin.py:190} INFO - [2026-04-21T06:43:10.316+0000] {dag.py:4180} INFO - Setting next_dagrun for dataset_produces_1 to 2026-04-20 00:00:00+00:00, run_after=2026-04-21 00:00:00+00:00
[2026-04-21T06:43:10.316+0000] {logging_mixin.py:190} INFO - [2026-04-21T06:43:10.316+0000] {dag.py:4180} INFO - Setting next_dagrun for dataset_produces_2 to None, run_after=None
[2026-04-21T06:43:10.326+0000] {processor.py:208} INFO - Processing /home/airflow/.local/lib/python3.12/site-packages/airflow/example_dags/example_datasets.py took 0.375 seconds
[2026-04-21T06:43:40.413+0000] {processor.py:186} INFO - Started process (PID=185) to work on /home/airflow/.local/lib/python3.12/site-packages/airflow/example_dags/example_datasets.py
[2026-04-21T06:43:40.413+0000] {processor.py:914} INFO - Processing file /home/airflow/.local/lib/python3.12/site-packages/airflow/example_dags/example_datasets.py for tasks to queue
[2026-04-21T06:43:40.414+0000] {logging_mixin.py:190} INFO - [2026-04-21T06:43:40.414+0000] {dagbag.py:588} INFO - Filling up the DagBag from /home/airflow/.local/lib/python3.12/site-packages/airflow/example_dags/example_datasets.py
[2026-04-21T06:43:40.647+0000] {processor.py:925} INFO - DAG(s) 'dataset_consumes_unknown_never_scheduled', 'dataset_consumes_1_and_2', 'consume_1_and_2_with_dataset_expressions', 'dataset_consumes_1_never_scheduled', 'conditional_dataset_and_time_based_timetable', 'consume_1_or_both_2_and_3_with_dataset_expressions', 'dataset_consumes_1', 'consume_1_or_2_with_dataset_expressions', 'dataset_produces_2', 'dataset_produces_1' retrieved from /home/airflow/.local/lib/python3.12/site-packages/airflow/example_dags/example_datasets.py
[2026-04-21T06:43:40.664+0000] {logging_mixin.py:190} INFO - [2026-04-21T06:43:40.664+0000] {dag.py:3239} INFO - Sync 10 DAGs
[2026-04-21T06:43:40.672+0000] {logging_mixin.py:190} INFO - [2026-04-21T06:43:40.671+0000] {dag.py:4180} INFO - Setting next_dagrun for conditional_dataset_and_time_based_timetable to 2026-04-15 01:00:00+00:00, run_after=2026-04-15 01:00:00+00:00
[2026-04-21T06:43:40.673+0000] {logging_mixin.py:190} INFO - [2026-04-21T06:43:40.673+0000] {dag.py:4180} INFO - Setting next_dagrun for consume_1_and_2_with_dataset_expressions to None, run_after=None
[2026-04-21T06:43:40.674+0000] {logging_mixin.py:190} INFO - [2026-04-21T06:43:40.674+0000] {dag.py:4180} INFO - Setting next_dagrun for consume_1_or_2_with_dataset_expressions to None, run_after=None
[2026-04-21T06:43:40.676+0000] {logging_mixin.py:190} INFO - [2026-04-21T06:43:40.676+0000] {dag.py:4180} INFO - Setting next_dagrun for consume_1_or_both_2_and_3_with_dataset_expressions to None, run_after=None
[2026-04-21T06:43:40.676+0000] {logging_mixin.py:190} INFO - [2026-04-21T06:43:40.676+0000] {dag.py:4180} INFO - Setting next_dagrun for dataset_consumes_1 to None, run_after=None
[2026-04-21T06:43:40.677+0000] {logging_mixin.py:190} INFO - [2026-04-21T06:43:40.677+0000] {dag.py:4180} INFO - Setting next_dagrun for dataset_consumes_1_and_2 to None, run_after=None
[2026-04-21T06:43:40.677+0000] {logging_mixin.py:190} INFO - [2026-04-21T06:43:40.677+0000] {dag.py:4180} INFO - Setting next_dagrun for dataset_consumes_1_never_scheduled to None, run_after=None
[2026-04-21T06:43:40.678+0000] {logging_mixin.py:190} INFO - [2026-04-21T06:43:40.678+0000] {dag.py:4180} INFO - Setting next_dagrun for dataset_consumes_unknown_never_scheduled to None, run_after=None
[2026-04-21T06:43:40.679+0000] {logging_mixin.py:190} INFO - [2026-04-21T06:43:40.679+0000] {dag.py:4180} INFO - Setting next_dagrun for dataset_produces_1 to 2026-04-20 00:00:00+00:00, run_after=2026-04-21 00:00:00+00:00
[2026-04-21T06:43:40.682+0000] {logging_mixin.py:190} INFO - [2026-04-21T06:43:40.682+0000] {dag.py:4180} INFO - Setting next_dagrun for dataset_produces_2 to None, run_after=None
[2026-04-21T06:43:40.697+0000] {processor.py:208} INFO - Processing /home/airflow/.local/lib/python3.12/site-packages/airflow/example_dags/example_datasets.py took 0.287 seconds
[2026-04-21T06:44:10.743+0000] {processor.py:186} INFO - Started process (PID=253) to work on /home/airflow/.local/lib/python3.12/site-packages/airflow/example_dags/example_datasets.py
[2026-04-21T06:44:10.744+0000] {processor.py:914} INFO - Processing file /home/airflow/.local/lib/python3.12/site-packages/airflow/example_dags/example_datasets.py for tasks to queue
[2026-04-21T06:44:10.745+0000] {logging_mixin.py:190} INFO - [2026-04-21T06:44:10.745+0000] {dagbag.py:588} INFO - Filling up the DagBag from /home/airflow/.local/lib/python3.12/site-packages/airflow/example_dags/example_datasets.py
[2026-04-21T06:44:11.005+0000] {processor.py:925} INFO - DAG(s) 'dataset_consumes_1', 'dataset_produces_2', 'dataset_produces_1', 'consume_1_or_2_with_dataset_expressions', 'consume_1_or_both_2_and_3_with_dataset_expressions', 'conditional_dataset_and_time_based_timetable', 'dataset_consumes_1_and_2', 'consume_1_and_2_with_dataset_expressions', 'dataset_consumes_1_never_scheduled', 'dataset_consumes_unknown_never_scheduled' retrieved from /home/airflow/.local/lib/python3.12/site-packages/airflow/example_dags/example_datasets.py
[2026-04-21T06:44:11.019+0000] {logging_mixin.py:190} INFO - [2026-04-21T06:44:11.019+0000] {dag.py:3239} INFO - Sync 10 DAGs
[2026-04-21T06:44:11.029+0000] {logging_mixin.py:190} INFO - [2026-04-21T06:44:11.029+0000] {dag.py:4180} INFO - Setting next_dagrun for conditional_dataset_and_time_based_timetable to 2026-04-15 01:00:00+00:00, run_after=2026-04-15 01:00:00+00:00
[2026-04-21T06:44:11.031+0000] {logging_mixin.py:190} INFO - [2026-04-21T06:44:11.031+0000] {dag.py:4180} INFO - Setting next_dagrun for consume_1_and_2_with_dataset_expressions to None, run_after=None
[2026-04-21T06:44:11.032+0000] {logging_mixin.py:190} INFO - [2026-04-21T06:44:11.032+0000] {dag.py:4180} INFO - Setting next_dagrun for consume_1_or_2_with_dataset_expressions to None, run_after=None
[2026-04-21T06:44:11.033+0000] {logging_mixin.py:190} INFO - [2026-04-21T06:44:11.033+0000] {dag.py:4180} INFO - Setting next_dagrun for consume_1_or_both_2_and_3_with_dataset_expressions to None, run_after=None
[2026-04-21T06:44:11.034+0000] {logging_mixin.py:190} INFO - [2026-04-21T06:44:11.034+0000] {dag.py:4180} INFO - Setting next_dagrun for dataset_consumes_1 to None, run_after=None
[2026-04-21T06:44:11.034+0000] {logging_mixin.py:190} INFO - [2026-04-21T06:44:11.034+0000] {dag.py:4180} INFO - Setting next_dagrun for dataset_consumes_1_and_2 to None, run_after=None
[2026-04-21T06:44:11.035+0000] {logging_mixin.py:190} INFO - [2026-04-21T06:44:11.035+0000] {dag.py:4180} INFO - Setting next_dagrun for dataset_consumes_1_never_scheduled to None, run_after=None
[2026-04-21T06:44:11.037+0000] {logging_mixin.py:190} INFO - [2026-04-21T06:44:11.037+0000] {dag.py:4180} INFO - Setting next_dagrun for dataset_consumes_unknown_never_scheduled to None, run_after=None
[2026-04-21T06:44:11.038+0000] {logging_mixin.py:190} INFO - [2026-04-21T06:44:11.038+0000] {dag.py:4180} INFO - Setting next_dagrun for dataset_produces_1 to 2026-04-20 00:00:00+00:00, run_after=2026-04-21 00:00:00+00:00
[2026-04-21T06:44:11.038+0000] {logging_mixin.py:190} INFO - [2026-04-21T06:44:11.038+0000] {dag.py:4180} INFO - Setting next_dagrun for dataset_produces_2 to None, run_after=None
[2026-04-21T06:44:11.051+0000] {processor.py:208} INFO - Processing /home/airflow/.local/lib/python3.12/site-packages/airflow/example_dags/example_datasets.py took 0.310 seconds
[2026-04-21T06:44:41.424+0000] {processor.py:186} INFO - Started process (PID=321) to work on /home/airflow/.local/lib/python3.12/site-packages/airflow/example_dags/example_datasets.py
[2026-04-21T06:44:41.424+0000] {processor.py:914} INFO - Processing file /home/airflow/.local/lib/python3.12/site-packages/airflow/example_dags/example_datasets.py for tasks to queue
[2026-04-21T06:44:41.425+0000] {logging_mixin.py:190} INFO - [2026-04-21T06:44:41.425+0000] {dagbag.py:588} INFO - Filling up the DagBag from /home/airflow/.local/lib/python3.12/site-packages/airflow/example_dags/example_datasets.py
[2026-04-21T06:44:41.728+0000] {processor.py:925} INFO - DAG(s) 'dataset_consumes_1_never_scheduled', 'consume_1_or_2_with_dataset_expressions', 'dataset_consumes_1_and_2', 'dataset_consumes_unknown_never_scheduled', 'dataset_produces_1', 'conditional_dataset_and_time_based_timetable', 'consume_1_or_both_2_and_3_with_dataset_expressions', 'consume_1_and_2_with_dataset_expressions', 'dataset_consumes_1', 'dataset_produces_2' retrieved from /home/airflow/.local/lib/python3.12/site-packages/airflow/example_dags/example_datasets.py
[2026-04-21T06:44:41.744+0000] {logging_mixin.py:190} INFO - [2026-04-21T06:44:41.744+0000] {dag.py:3239} INFO - Sync 10 DAGs
[2026-04-21T06:44:41.754+0000] {logging_mixin.py:190} INFO - [2026-04-21T06:44:41.754+0000] {dag.py:4180} INFO - Setting next_dagrun for conditional_dataset_and_time_based_timetable to 2026-04-15 01:00:00+00:00, run_after=2026-04-15 01:00:00+00:00
[2026-04-21T06:44:41.755+0000] {logging_mixin.py:190} INFO - [2026-04-21T06:44:41.755+0000] {dag.py:4180} INFO - Setting next_dagrun for consume_1_and_2_with_dataset_expressions to None, run_after=None
[2026-04-21T06:44:41.756+0000] {logging_mixin.py:190} INFO - [2026-04-21T06:44:41.756+0000] {dag.py:4180} INFO - Setting next_dagrun for consume_1_or_2_with_dataset_expressions to None, run_after=None
[2026-04-21T06:44:41.756+0000] {logging_mixin.py:190} INFO - [2026-04-21T06:44:41.756+0000] {dag.py:4180} INFO - Setting next_dagrun for consume_1_or_both_2_and_3_with_dataset_expressions to None, run_after=None
[2026-04-21T06:44:41.757+0000] {logging_mixin.py:190} INFO - [2026-04-21T06:44:41.757+0000] {dag.py:4180} INFO - Setting next_dagrun for dataset_consumes_1 to None, run_after=None
[2026-04-21T06:44:41.757+0000] {logging_mixin.py:190} INFO - [2026-04-21T06:44:41.757+0000] {dag.py:4180} INFO - Setting next_dagrun for dataset_consumes_1_and_2 to None, run_after=None
[2026-04-21T06:44:41.758+0000] {logging_mixin.py:190} INFO - [2026-04-21T06:44:41.757+0000] {dag.py:4180} INFO - Setting next_dagrun for dataset_consumes_1_never_scheduled to None, run_after=None
[2026-04-21T06:44:41.758+0000] {logging_mixin.py:190} INFO - [2026-04-21T06:44:41.758+0000] {dag.py:4180} INFO - Setting next_dagrun for dataset_consumes_unknown_never_scheduled to None, run_after=None
[2026-04-21T06:44:41.759+0000] {logging_mixin.py:190} INFO - [2026-04-21T06:44:41.759+0000] {dag.py:4180} INFO - Setting next_dagrun for dataset_produces_1 to 2026-04-20 00:00:00+00:00, run_after=2026-04-21 00:00:00+00:00
[2026-04-21T06:44:41.759+0000] {logging_mixin.py:190} INFO - [2026-04-21T06:44:41.759+0000] {dag.py:4180} INFO - Setting next_dagrun for dataset_produces_2 to None, run_after=None
[2026-04-21T06:44:41.768+0000] {processor.py:208} INFO - Processing /home/airflow/.local/lib/python3.12/site-packages/airflow/example_dags/example_datasets.py took 0.346 seconds
[2026-04-21T06:45:11.792+0000] {processor.py:186} INFO - Started process (PID=391) to work on /home/airflow/.local/lib/python3.12/site-packages/airflow/example_dags/example_datasets.py
[2026-04-21T06:45:11.793+0000] {processor.py:914} INFO - Processing file /home/airflow/.local/lib/python3.12/site-packages/airflow/example_dags/example_datasets.py for tasks to queue
[2026-04-21T06:45:11.794+0000] {logging_mixin.py:190} INFO - [2026-04-21T06:45:11.794+0000] {dagbag.py:588} INFO - Filling up the DagBag from /home/airflow/.local/lib/python3.12/site-packages/airflow/example_dags/example_datasets.py
[2026-04-21T06:45:12.080+0000] {processor.py:925} INFO - DAG(s) 'dataset_produces_2', 'consume_1_and_2_with_dataset_expressions', 'dataset_consumes_unknown_never_scheduled', 'dataset_consumes_1_never_scheduled', 'conditional_dataset_and_time_based_timetable', 'dataset_consumes_1_and_2', 'dataset_produces_1', 'consume_1_or_both_2_and_3_with_dataset_expressions', 'consume_1_or_2_with_dataset_expressions', 'dataset_consumes_1' retrieved from /home/airflow/.local/lib/python3.12/site-packages/airflow/example_dags/example_datasets.py
[2026-04-21T06:45:12.092+0000] {logging_mixin.py:190} INFO - [2026-04-21T06:45:12.092+0000] {dag.py:3239} INFO - Sync 10 DAGs
[2026-04-21T06:45:12.099+0000] {logging_mixin.py:190} INFO - [2026-04-21T06:45:12.099+0000] {dag.py:4180} INFO - Setting next_dagrun for conditional_dataset_and_time_based_timetable to 2026-04-15 01:00:00+00:00, run_after=2026-04-15 01:00:00+00:00
[2026-04-21T06:45:12.100+0000] {logging_mixin.py:190} INFO - [2026-04-21T06:45:12.100+0000] {dag.py:4180} INFO - Setting next_dagrun for consume_1_and_2_with_dataset_expressions to None, run_after=None
[2026-04-21T06:45:12.101+0000] {logging_mixin.py:190} INFO - [2026-04-21T06:45:12.101+0000] {dag.py:4180} INFO - Setting next_dagrun for consume_1_or_2_with_dataset_expressions to None, run_after=None
[2026-04-21T06:45:12.101+0000] {logging_mixin.py:190} INFO - [2026-04-21T06:45:12.101+0000] {dag.py:4180} INFO - Setting next_dagrun for consume_1_or_both_2_and_3_with_dataset_expressions to None, run_after=None
[2026-04-21T06:45:12.102+0000] {logging_mixin.py:190} INFO - [2026-04-21T06:45:12.102+0000] {dag.py:4180} INFO - Setting next_dagrun for dataset_consumes_1 to None, run_after=None
[2026-04-21T06:45:12.102+0000] {logging_mixin.py:190} INFO - [2026-04-21T06:45:12.102+0000] {dag.py:4180} INFO - Setting next_dagrun for dataset_consumes_1_and_2 to None, run_after=None
[2026-04-21T06:45:12.102+0000] {logging_mixin.py:190} INFO - [2026-04-21T06:45:12.102+0000] {dag.py:4180} INFO - Setting next_dagrun for dataset_consumes_1_never_scheduled to None, run_after=None
[2026-04-21T06:45:12.103+0000] {logging_mixin.py:190} INFO - [2026-04-21T06:45:12.103+0000] {dag.py:4180} INFO - Setting next_dagrun for dataset_consumes_unknown_never_scheduled to None, run_after=None
[2026-04-21T06:45:12.103+0000] {logging_mixin.py:190} INFO - [2026-04-21T06:45:12.103+0000] {dag.py:4180} INFO - Setting next_dagrun for dataset_produces_1 to 2026-04-20 00:00:00+00:00, run_after=2026-04-21 00:00:00+00:00
[2026-04-21T06:45:12.104+0000] {logging_mixin.py:190} INFO - [2026-04-21T06:45:12.104+0000] {dag.py:4180} INFO - Setting next_dagrun for dataset_produces_2 to None, run_after=None
[2026-04-21T06:45:12.113+0000] {processor.py:208} INFO - Processing /home/airflow/.local/lib/python3.12/site-packages/airflow/example_dags/example_datasets.py took 0.323 seconds
[2026-04-21T06:45:42.178+0000] {processor.py:186} INFO - Started process (PID=455) to work on /home/airflow/.local/lib/python3.12/site-packages/airflow/example_dags/example_datasets.py
[2026-04-21T06:45:42.179+0000] {processor.py:914} INFO - Processing file /home/airflow/.local/lib/python3.12/site-packages/airflow/example_dags/example_datasets.py for tasks to queue
[2026-04-21T06:45:42.180+0000] {logging_mixin.py:190} INFO - [2026-04-21T06:45:42.180+0000] {dagbag.py:588} INFO - Filling up the DagBag from /home/airflow/.local/lib/python3.12/site-packages/airflow/example_dags/example_datasets.py
[2026-04-21T06:45:42.478+0000] {processor.py:925} INFO - DAG(s) 'consume_1_or_2_with_dataset_expressions', 'consume_1_and_2_with_dataset_expressions', 'dataset_consumes_1_and_2', 'dataset_produces_2', 'consume_1_or_both_2_and_3_with_dataset_expressions', 'dataset_consumes_unknown_never_scheduled', 'conditional_dataset_and_time_based_timetable', 'dataset_produces_1', 'dataset_consumes_1_never_scheduled', 'dataset_consumes_1' retrieved from /home/airflow/.local/lib/python3.12/site-packages/airflow/example_dags/example_datasets.py
[2026-04-21T06:45:42.488+0000] {logging_mixin.py:190} INFO - [2026-04-21T06:45:42.488+0000] {dag.py:3239} INFO - Sync 10 DAGs
[2026-04-21T06:45:42.495+0000] {logging_mixin.py:190} INFO - [2026-04-21T06:45:42.495+0000] {dag.py:4180} INFO - Setting next_dagrun for conditional_dataset_and_time_based_timetable to 2026-04-15 01:00:00+00:00, run_after=2026-04-15 01:00:00+00:00
[2026-04-21T06:45:42.496+0000] {logging_mixin.py:190} INFO - [2026-04-21T06:45:42.496+0000] {dag.py:4180} INFO - Setting next_dagrun for consume_1_and_2_with_dataset_expressions to None, run_after=None
[2026-04-21T06:45:42.496+0000] {logging_mixin.py:190} INFO - [2026-04-21T06:45:42.496+0000] {dag.py:4180} INFO - Setting next_dagrun for consume_1_or_2_with_dataset_expressions to None, run_after=None
[2026-04-21T06:45:42.497+0000] {logging_mixin.py:190} INFO - [2026-04-21T06:45:42.497+0000] {dag.py:4180} INFO - Setting next_dagrun for consume_1_or_both_2_and_3_with_dataset_expressions to None, run_after=None
[2026-04-21T06:45:42.497+0000] {logging_mixin.py:190} INFO - [2026-04-21T06:45:42.497+0000] {dag.py:4180} INFO - Setting next_dagrun for dataset_consumes_1 to None, run_after=None
[2026-04-21T06:45:42.497+0000] {logging_mixin.py:190} INFO - [2026-04-21T06:45:42.497+0000] {dag.py:4180} INFO - Setting next_dagrun for dataset_consumes_1_and_2 to None, run_after=None
[2026-04-21T06:45:42.498+0000] {logging_mixin.py:190} INFO - [2026-04-21T06:45:42.498+0000] {dag.py:4180} INFO - Setting next_dagrun for dataset_consumes_1_never_scheduled to None, run_after=None
[2026-04-21T06:45:42.498+0000] {logging_mixin.py:190} INFO - [2026-04-21T06:45:42.498+0000] {dag.py:4180} INFO - Setting next_dagrun for dataset_consumes_unknown_never_scheduled to None, run_after=None
[2026-04-21T06:45:42.498+0000] {logging_mixin.py:190} INFO - [2026-04-21T06:45:42.498+0000] {dag.py:4180} INFO - Setting next_dagrun for dataset_produces_1 to 2026-04-20 00:00:00+00:00, run_after=2026-04-21 00:00:00+00:00
[2026-04-21T06:45:42.499+0000] {logging_mixin.py:190} INFO - [2026-04-21T06:45:42.499+0000] {dag.py:4180} INFO - Setting next_dagrun for dataset_produces_2 to None, run_after=None
[2026-04-21T06:45:42.506+0000] {processor.py:208} INFO - Processing /home/airflow/.local/lib/python3.12/site-packages/airflow/example_dags/example_datasets.py took 0.330 seconds
[2026-04-21T06:46:12.826+0000] {processor.py:186} INFO - Started process (PID=521) to work on /home/airflow/.local/lib/python3.12/site-packages/airflow/example_dags/example_datasets.py
[2026-04-21T06:46:12.827+0000] {processor.py:914} INFO - Processing file /home/airflow/.local/lib/python3.12/site-packages/airflow/example_dags/example_datasets.py for tasks to queue
[2026-04-21T06:46:12.829+0000] {logging_mixin.py:190} INFO - [2026-04-21T06:46:12.828+0000] {dagbag.py:588} INFO - Filling up the DagBag from /home/airflow/.local/lib/python3.12/site-packages/airflow/example_dags/example_datasets.py
[2026-04-21T06:46:13.109+0000] {processor.py:925} INFO - DAG(s) 'conditional_dataset_and_time_based_timetable', 'dataset_produces_1', 'dataset_consumes_unknown_never_scheduled', 'dataset_consumes_1', 'dataset_consumes_1_and_2', 'consume_1_or_2_with_dataset_expressions', 'consume_1_and_2_with_dataset_expressions', 'consume_1_or_both_2_and_3_with_dataset_expressions', 'dataset_produces_2', 'dataset_consumes_1_never_scheduled' retrieved from /home/airflow/.local/lib/python3.12/site-packages/airflow/example_dags/example_datasets.py
[2026-04-21T06:46:13.133+0000] {logging_mixin.py:190} INFO - [2026-04-21T06:46:13.133+0000] {dag.py:3239} INFO - Sync 10 DAGs
[2026-04-21T06:46:13.145+0000] {logging_mixin.py:190} INFO - [2026-04-21T06:46:13.145+0000] {dag.py:4180} INFO - Setting next_dagrun for conditional_dataset_and_time_based_timetable to 2026-04-15 01:00:00+00:00, run_after=2026-04-15 01:00:00+00:00
[2026-04-21T06:46:13.147+0000] {logging_mixin.py:190} INFO - [2026-04-21T06:46:13.147+0000] {dag.py:4180} INFO - Setting next_dagrun for consume_1_and_2_with_dataset_expressions to None, run_after=None
[2026-04-21T06:46:13.151+0000] {logging_mixin.py:190} INFO - [2026-04-21T06:46:13.150+0000] {dag.py:4180} INFO - Setting next_dagrun for consume_1_or_2_with_dataset_expressions to None, run_after=None
[2026-04-21T06:46:13.151+0000] {logging_mixin.py:190} INFO - [2026-04-21T06:46:13.151+0000] {dag.py:4180} INFO - Setting next_dagrun for consume_1_or_both_2_and_3_with_dataset_expressions to None, run_after=None
[2026-04-21T06:46:13.151+0000] {logging_mixin.py:190} INFO - [2026-04-21T06:46:13.151+0000] {dag.py:4180} INFO - Setting next_dagrun for dataset_consumes_1 to None, run_after=None
[2026-04-21T06:46:13.152+0000] {logging_mixin.py:190} INFO - [2026-04-21T06:46:13.151+0000] {dag.py:4180} INFO - Setting next_dagrun for dataset_consumes_1_and_2 to None, run_after=None
[2026-04-21T06:46:13.152+0000] {logging_mixin.py:190} INFO - [2026-04-21T06:46:13.152+0000] {dag.py:4180} INFO - Setting next_dagrun for dataset_consumes_1_never_scheduled to None, run_after=None
[2026-04-21T06:46:13.152+0000] {logging_mixin.py:190} INFO - [2026-04-21T06:46:13.152+0000] {dag.py:4180} INFO - Setting next_dagrun for dataset_consumes_unknown_never_scheduled to None, run_after=None
[2026-04-21T06:46:13.153+0000] {logging_mixin.py:190} INFO - [2026-04-21T06:46:13.153+0000] {dag.py:4180} INFO - Setting next_dagrun for dataset_produces_1 to 2026-04-20 00:00:00+00:00, run_after=2026-04-21 00:00:00+00:00
[2026-04-21T06:46:13.153+0000] {logging_mixin.py:190} INFO - [2026-04-21T06:46:13.153+0000] {dag.py:4180} INFO - Setting next_dagrun for dataset_produces_2 to None, run_after=None
[2026-04-21T06:46:13.165+0000] {processor.py:208} INFO - Processing /home/airflow/.local/lib/python3.12/site-packages/airflow/example_dags/example_datasets.py took 0.341 seconds
[2026-04-21T06:46:44.146+0000] {processor.py:186} INFO - Started process (PID=585) to work on /home/airflow/.local/lib/python3.12/site-packages/airflow/example_dags/example_datasets.py
[2026-04-21T06:46:44.147+0000] {processor.py:914} INFO - Processing file /home/airflow/.local/lib/python3.12/site-packages/airflow/example_dags/example_datasets.py for tasks to queue
[2026-04-21T06:46:44.148+0000] {logging_mixin.py:190} INFO - [2026-04-21T06:46:44.148+0000] {dagbag.py:588} INFO - Filling up the DagBag from /home/airflow/.local/lib/python3.12/site-packages/airflow/example_dags/example_datasets.py
[2026-04-21T06:46:44.421+0000] {processor.py:925} INFO - DAG(s) 'conditional_dataset_and_time_based_timetable', 'dataset_consumes_1_and_2', 'dataset_consumes_unknown_never_scheduled', 'dataset_consumes_1_never_scheduled', 'consume_1_and_2_with_dataset_expressions', 'dataset_produces_2', 'dataset_produces_1', 'consume_1_or_both_2_and_3_with_dataset_expressions', 'consume_1_or_2_with_dataset_expressions', 'dataset_consumes_1' retrieved from /home/airflow/.local/lib/python3.12/site-packages/airflow/example_dags/example_datasets.py
[2026-04-21T06:46:44.441+0000] {logging_mixin.py:190} INFO - [2026-04-21T06:46:44.440+0000] {dag.py:3239} INFO - Sync 10 DAGs
[2026-04-21T06:46:44.451+0000] {logging_mixin.py:190} INFO - [2026-04-21T06:46:44.451+0000] {dag.py:4180} INFO - Setting next_dagrun for conditional_dataset_and_time_based_timetable to 2026-04-15 01:00:00+00:00, run_after=2026-04-15 01:00:00+00:00
[2026-04-21T06:46:44.453+0000] {logging_mixin.py:190} INFO - [2026-04-21T06:46:44.453+0000] {dag.py:4180} INFO - Setting next_dagrun for consume_1_and_2_with_dataset_expressions to None, run_after=None
[2026-04-21T06:46:44.454+0000] {logging_mixin.py:190} INFO - [2026-04-21T06:46:44.454+0000] {dag.py:4180} INFO - Setting next_dagrun for consume_1_or_2_with_dataset_expressions to None, run_after=None
[2026-04-21T06:46:44.454+0000] {logging_mixin.py:190} INFO - [2026-04-21T06:46:44.454+0000] {dag.py:4180} INFO - Setting next_dagrun for consume_1_or_both_2_and_3_with_dataset_expressions to None, run_after=None
[2026-04-21T06:46:44.455+0000] {logging_mixin.py:190} INFO - [2026-04-21T06:46:44.455+0000] {dag.py:4180} INFO - Setting next_dagrun for dataset_consumes_1 to None, run_after=None
[2026-04-21T06:46:44.455+0000] {logging_mixin.py:190} INFO - [2026-04-21T06:46:44.455+0000] {dag.py:4180} INFO - Setting next_dagrun for dataset_consumes_1_and_2 to None, run_after=None
[2026-04-21T06:46:44.456+0000] {logging_mixin.py:190} INFO - [2026-04-21T06:46:44.456+0000] {dag.py:4180} INFO - Setting next_dagrun for dataset_consumes_1_never_scheduled to None, run_after=None
[2026-04-21T06:46:44.457+0000] {logging_mixin.py:190} INFO - [2026-04-21T06:46:44.457+0000] {dag.py:4180} INFO - Setting next_dagrun for dataset_consumes_unknown_never_scheduled to None, run_after=None
[2026-04-21T06:46:44.458+0000] {logging_mixin.py:190} INFO - [2026-04-21T06:46:44.458+0000] {dag.py:4180} INFO - Setting next_dagrun for dataset_produces_1 to 2026-04-20 00:00:00+00:00, run_after=2026-04-21 00:00:00+00:00
[2026-04-21T06:46:44.458+0000] {logging_mixin.py:190} INFO - [2026-04-21T06:46:44.458+0000] {dag.py:4180} INFO - Setting next_dagrun for dataset_produces_2 to None, run_after=None
[2026-04-21T06:46:44.471+0000] {processor.py:208} INFO - Processing /home/airflow/.local/lib/python3.12/site-packages/airflow/example_dags/example_datasets.py took 0.329 seconds
[2026-04-21T06:47:15.340+0000] {processor.py:186} INFO - Started process (PID=649) to work on /home/airflow/.local/lib/python3.12/site-packages/airflow/example_dags/example_datasets.py
[2026-04-21T06:47:15.342+0000] {processor.py:914} INFO - Processing file /home/airflow/.local/lib/python3.12/site-packages/airflow/example_dags/example_datasets.py for tasks to queue
[2026-04-21T06:47:15.344+0000] {logging_mixin.py:190} INFO - [2026-04-21T06:47:15.344+0000] {dagbag.py:588} INFO - Filling up the DagBag from /home/airflow/.local/lib/python3.12/site-packages/airflow/example_dags/example_datasets.py
[2026-04-21T06:47:15.564+0000] {processor.py:925} INFO - DAG(s) 'dataset_consumes_1', 'dataset_consumes_unknown_never_scheduled', 'dataset_produces_2', 'consume_1_or_2_with_dataset_expressions', 'consume_1_or_both_2_and_3_with_dataset_expressions', 'dataset_consumes_1_and_2', 'dataset_produces_1', 'dataset_consumes_1_never_scheduled', 'consume_1_and_2_with_dataset_expressions', 'conditional_dataset_and_time_based_timetable' retrieved from /home/airflow/.local/lib/python3.12/site-packages/airflow/example_dags/example_datasets.py
[2026-04-21T06:47:15.589+0000] {logging_mixin.py:190} INFO - [2026-04-21T06:47:15.589+0000] {dag.py:3239} INFO - Sync 10 DAGs
[2026-04-21T06:47:15.600+0000] {logging_mixin.py:190} INFO - [2026-04-21T06:47:15.600+0000] {dag.py:4180} INFO - Setting next_dagrun for conditional_dataset_and_time_based_timetable to 2026-04-15 01:00:00+00:00, run_after=2026-04-15 01:00:00+00:00
[2026-04-21T06:47:15.603+0000] {logging_mixin.py:190} INFO - [2026-04-21T06:47:15.603+0000] {dag.py:4180} INFO - Setting next_dagrun for consume_1_and_2_with_dataset_expressions to None, run_after=None
[2026-04-21T06:47:15.604+0000] {logging_mixin.py:190} INFO - [2026-04-21T06:47:15.604+0000] {dag.py:4180} INFO - Setting next_dagrun for consume_1_or_2_with_dataset_expressions to None, run_after=None
[2026-04-21T06:47:15.605+0000] {logging_mixin.py:190} INFO - [2026-04-21T06:47:15.605+0000] {dag.py:4180} INFO - Setting next_dagrun for consume_1_or_both_2_and_3_with_dataset_expressions to None, run_after=None
[2026-04-21T06:47:15.605+0000] {logging_mixin.py:190} INFO - [2026-04-21T06:47:15.605+0000] {dag.py:4180} INFO - Setting next_dagrun for dataset_consumes_1 to None, run_after=None
[2026-04-21T06:47:15.606+0000] {logging_mixin.py:190} INFO - [2026-04-21T06:47:15.606+0000] {dag.py:4180} INFO - Setting next_dagrun for dataset_consumes_1_and_2 to None, run_after=None
[2026-04-21T06:47:15.606+0000] {logging_mixin.py:190} INFO - [2026-04-21T06:47:15.606+0000] {dag.py:4180} INFO - Setting next_dagrun for dataset_consumes_1_never_scheduled to None, run_after=None
[2026-04-21T06:47:15.607+0000] {logging_mixin.py:190} INFO - [2026-04-21T06:47:15.607+0000] {dag.py:4180} INFO - Setting next_dagrun for dataset_consumes_unknown_never_scheduled to None, run_after=None
[2026-04-21T06:47:15.608+0000] {logging_mixin.py:190} INFO - [2026-04-21T06:47:15.608+0000] {dag.py:4180} INFO - Setting next_dagrun for dataset_produces_1 to 2026-04-20 00:00:00+00:00, run_after=2026-04-21 00:00:00+00:00
[2026-04-21T06:47:15.609+0000] {logging_mixin.py:190} INFO - [2026-04-21T06:47:15.609+0000] {dag.py:4180} INFO - Setting next_dagrun for dataset_produces_2 to None, run_after=None
[2026-04-21T06:47:15.621+0000] {processor.py:208} INFO - Processing /home/airflow/.local/lib/python3.12/site-packages/airflow/example_dags/example_datasets.py took 0.288 seconds
[2026-04-21T06:47:46.640+0000] {processor.py:186} INFO - Started process (PID=713) to work on /home/airflow/.local/lib/python3.12/site-packages/airflow/example_dags/example_datasets.py
[2026-04-21T06:47:46.644+0000] {processor.py:914} INFO - Processing file /home/airflow/.local/lib/python3.12/site-packages/airflow/example_dags/example_datasets.py for tasks to queue
[2026-04-21T06:47:46.646+0000] {logging_mixin.py:190} INFO - [2026-04-21T06:47:46.646+0000] {dagbag.py:588} INFO - Filling up the DagBag from /home/airflow/.local/lib/python3.12/site-packages/airflow/example_dags/example_datasets.py
[2026-04-21T06:47:46.928+0000] {processor.py:925} INFO - DAG(s) 'dataset_produces_2', 'consume_1_and_2_with_dataset_expressions', 'dataset_consumes_1_and_2', 'conditional_dataset_and_time_based_timetable', 'consume_1_or_both_2_and_3_with_dataset_expressions', 'dataset_consumes_unknown_never_scheduled', 'dataset_consumes_1_never_scheduled', 'consume_1_or_2_with_dataset_expressions', 'dataset_consumes_1', 'dataset_produces_1' retrieved from /home/airflow/.local/lib/python3.12/site-packages/airflow/example_dags/example_datasets.py
[2026-04-21T06:47:46.951+0000] {logging_mixin.py:190} INFO - [2026-04-21T06:47:46.951+0000] {dag.py:3239} INFO - Sync 10 DAGs
[2026-04-21T06:47:46.959+0000] {logging_mixin.py:190} INFO - [2026-04-21T06:47:46.959+0000] {dag.py:4180} INFO - Setting next_dagrun for conditional_dataset_and_time_based_timetable to 2026-04-15 01:00:00+00:00, run_after=2026-04-15 01:00:00+00:00
[2026-04-21T06:47:46.962+0000] {logging_mixin.py:190} INFO - [2026-04-21T06:47:46.962+0000] {dag.py:4180} INFO - Setting next_dagrun for consume_1_and_2_with_dataset_expressions to None, run_after=None
[2026-04-21T06:47:46.962+0000] {logging_mixin.py:190} INFO - [2026-04-21T06:47:46.962+0000] {dag.py:4180} INFO - Setting next_dagrun for consume_1_or_2_with_dataset_expressions to None, run_after=None
[2026-04-21T06:47:46.963+0000] {logging_mixin.py:190} INFO - [2026-04-21T06:47:46.963+0000] {dag.py:4180} INFO - Setting next_dagrun for consume_1_or_both_2_and_3_with_dataset_expressions to None, run_after=None
[2026-04-21T06:47:46.963+0000] {logging_mixin.py:190} INFO - [2026-04-21T06:47:46.963+0000] {dag.py:4180} INFO - Setting next_dagrun for dataset_consumes_1 to None, run_after=None
[2026-04-21T06:47:46.964+0000] {logging_mixin.py:190} INFO - [2026-04-21T06:47:46.964+0000] {dag.py:4180} INFO - Setting next_dagrun for dataset_consumes_1_and_2 to None, run_after=None
[2026-04-21T06:47:46.964+0000] {logging_mixin.py:190} INFO - [2026-04-21T06:47:46.964+0000] {dag.py:4180} INFO - Setting next_dagrun for dataset_consumes_1_never_scheduled to None, run_after=None
[2026-04-21T06:47:46.965+0000] {logging_mixin.py:190} INFO - [2026-04-21T06:47:46.965+0000] {dag.py:4180} INFO - Setting next_dagrun for dataset_consumes_unknown_never_scheduled to None, run_after=None
[2026-04-21T06:47:46.965+0000] {logging_mixin.py:190} INFO - [2026-04-21T06:47:46.965+0000] {dag.py:4180} INFO - Setting next_dagrun for dataset_produces_1 to 2026-04-20 00:00:00+00:00, run_after=2026-04-21 00:00:00+00:00
[2026-04-21T06:47:46.966+0000] {logging_mixin.py:190} INFO - [2026-04-21T06:47:46.966+0000] {dag.py:4180} INFO - Setting next_dagrun for dataset_produces_2 to None, run_after=None
[2026-04-21T06:47:46.979+0000] {processor.py:208} INFO - Processing /home/airflow/.local/lib/python3.12/site-packages/airflow/example_dags/example_datasets.py took 0.348 seconds
[2026-04-21T06:48:17.814+0000] {processor.py:186} INFO - Started process (PID=777) to work on /home/airflow/.local/lib/python3.12/site-packages/airflow/example_dags/example_datasets.py
[2026-04-21T06:48:17.816+0000] {processor.py:914} INFO - Processing file /home/airflow/.local/lib/python3.12/site-packages/airflow/example_dags/example_datasets.py for tasks to queue
[2026-04-21T06:48:17.818+0000] {logging_mixin.py:190} INFO - [2026-04-21T06:48:17.818+0000] {dagbag.py:588} INFO - Filling up the DagBag from /home/airflow/.local/lib/python3.12/site-packages/airflow/example_dags/example_datasets.py
[2026-04-21T06:48:18.167+0000] {processor.py:925} INFO - DAG(s) 'conditional_dataset_and_time_based_timetable', 'consume_1_or_2_with_dataset_expressions', 'dataset_consumes_unknown_never_scheduled', 'consume_1_or_both_2_and_3_with_dataset_expressions', 'dataset_consumes_1_and_2', 'dataset_produces_2', 'consume_1_and_2_with_dataset_expressions', 'dataset_produces_1', 'dataset_consumes_1', 'dataset_consumes_1_never_scheduled' retrieved from /home/airflow/.local/lib/python3.12/site-packages/airflow/example_dags/example_datasets.py
[2026-04-21T06:48:18.189+0000] {logging_mixin.py:190} INFO - [2026-04-21T06:48:18.189+0000] {dag.py:3239} INFO - Sync 10 DAGs
[2026-04-21T06:48:18.203+0000] {logging_mixin.py:190} INFO - [2026-04-21T06:48:18.203+0000] {dag.py:4180} INFO - Setting next_dagrun for conditional_dataset_and_time_based_timetable to 2026-04-15 01:00:00+00:00, run_after=2026-04-15 01:00:00+00:00
[2026-04-21T06:48:18.204+0000] {logging_mixin.py:190} INFO - [2026-04-21T06:48:18.204+0000] {dag.py:4180} INFO - Setting next_dagrun for consume_1_and_2_with_dataset_expressions to None, run_after=None
[2026-04-21T06:48:18.205+0000] {logging_mixin.py:190} INFO - [2026-04-21T06:48:18.205+0000] {dag.py:4180} INFO - Setting next_dagrun for consume_1_or_2_with_dataset_expressions to None, run_after=None
[2026-04-21T06:48:18.205+0000] {logging_mixin.py:190} INFO - [2026-04-21T06:48:18.205+0000] {dag.py:4180} INFO - Setting next_dagrun for consume_1_or_both_2_and_3_with_dataset_expressions to None, run_after=None
[2026-04-21T06:48:18.206+0000] {logging_mixin.py:190} INFO - [2026-04-21T06:48:18.206+0000] {dag.py:4180} INFO - Setting next_dagrun for dataset_consumes_1 to None, run_after=None
[2026-04-21T06:48:18.206+0000] {logging_mixin.py:190} INFO - [2026-04-21T06:48:18.206+0000] {dag.py:4180} INFO - Setting next_dagrun for dataset_consumes_1_and_2 to None, run_after=None
[2026-04-21T06:48:18.207+0000] {logging_mixin.py:190} INFO - [2026-04-21T06:48:18.207+0000] {dag.py:4180} INFO - Setting next_dagrun for dataset_consumes_1_never_scheduled to None, run_after=None
[2026-04-21T06:48:18.208+0000] {logging_mixin.py:190} INFO - [2026-04-21T06:48:18.208+0000] {dag.py:4180} INFO - Setting next_dagrun for dataset_consumes_unknown_never_scheduled to None, run_after=None
[2026-04-21T06:48:18.210+0000] {logging_mixin.py:190} INFO - [2026-04-21T06:48:18.210+0000] {dag.py:4180} INFO - Setting next_dagrun for dataset_produces_1 to 2026-04-20 00:00:00+00:00, run_after=2026-04-21 00:00:00+00:00
[2026-04-21T06:48:18.211+0000] {logging_mixin.py:190} INFO - [2026-04-21T06:48:18.211+0000] {dag.py:4180} INFO - Setting next_dagrun for dataset_produces_2 to None, run_after=None
[2026-04-21T06:48:18.224+0000] {processor.py:208} INFO - Processing /home/airflow/.local/lib/python3.12/site-packages/airflow/example_dags/example_datasets.py took 0.417 seconds
[2026-04-21T06:48:48.264+0000] {processor.py:186} INFO - Started process (PID=841) to work on /home/airflow/.local/lib/python3.12/site-packages/airflow/example_dags/example_datasets.py
[2026-04-21T06:48:48.265+0000] {processor.py:914} INFO - Processing file /home/airflow/.local/lib/python3.12/site-packages/airflow/example_dags/example_datasets.py for tasks to queue
[2026-04-21T06:48:48.267+0000] {logging_mixin.py:190} INFO - [2026-04-21T06:48:48.266+0000] {dagbag.py:588} INFO - Filling up the DagBag from /home/airflow/.local/lib/python3.12/site-packages/airflow/example_dags/example_datasets.py
[2026-04-21T06:48:48.581+0000] {processor.py:925} INFO - DAG(s) 'conditional_dataset_and_time_based_timetable', 'dataset_consumes_1_and_2', 'consume_1_and_2_with_dataset_expressions', 'consume_1_or_2_with_dataset_expressions', 'dataset_produces_1', 'dataset_consumes_1_never_scheduled', 'dataset_consumes_1', 'dataset_consumes_unknown_never_scheduled', 'consume_1_or_both_2_and_3_with_dataset_expressions', 'dataset_produces_2' retrieved from /home/airflow/.local/lib/python3.12/site-packages/airflow/example_dags/example_datasets.py
[2026-04-21T06:48:48.603+0000] {logging_mixin.py:190} INFO - [2026-04-21T06:48:48.603+0000] {dag.py:3239} INFO - Sync 10 DAGs
[2026-04-21T06:48:48.621+0000] {logging_mixin.py:190} INFO - [2026-04-21T06:48:48.621+0000] {dag.py:4180} INFO - Setting next_dagrun for conditional_dataset_and_time_based_timetable to 2026-04-15 01:00:00+00:00, run_after=2026-04-15 01:00:00+00:00
[2026-04-21T06:48:48.625+0000] {logging_mixin.py:190} INFO - [2026-04-21T06:48:48.625+0000] {dag.py:4180} INFO - Setting next_dagrun for consume_1_and_2_with_dataset_expressions to None, run_after=None
[2026-04-21T06:48:48.627+0000] {logging_mixin.py:190} INFO - [2026-04-21T06:48:48.626+0000] {dag.py:4180} INFO - Setting next_dagrun for consume_1_or_2_with_dataset_expressions to None, run_after=None
[2026-04-21T06:48:48.628+0000] {logging_mixin.py:190} INFO - [2026-04-21T06:48:48.628+0000] {dag.py:4180} INFO - Setting next_dagrun for consume_1_or_both_2_and_3_with_dataset_expressions to None, run_after=None
[2026-04-21T06:48:48.628+0000] {logging_mixin.py:190} INFO - [2026-04-21T06:48:48.628+0000] {dag.py:4180} INFO - Setting next_dagrun for dataset_consumes_1 to None, run_after=None
[2026-04-21T06:48:48.629+0000] {logging_mixin.py:190} INFO - [2026-04-21T06:48:48.629+0000] {dag.py:4180} INFO - Setting next_dagrun for dataset_consumes_1_and_2 to None, run_after=None
[2026-04-21T06:48:48.630+0000] {logging_mixin.py:190} INFO - [2026-04-21T06:48:48.630+0000] {dag.py:4180} INFO - Setting next_dagrun for dataset_consumes_1_never_scheduled to None, run_after=None
[2026-04-21T06:48:48.632+0000] {logging_mixin.py:190} INFO - [2026-04-21T06:48:48.632+0000] {dag.py:4180} INFO - Setting next_dagrun for dataset_consumes_unknown_never_scheduled to None, run_after=None
[2026-04-21T06:48:48.633+0000] {logging_mixin.py:190} INFO - [2026-04-21T06:48:48.633+0000] {dag.py:4180} INFO - Setting next_dagrun for dataset_produces_1 to 2026-04-20 00:00:00+00:00, run_after=2026-04-21 00:00:00+00:00
[2026-04-21T06:48:48.634+0000] {logging_mixin.py:190} INFO - [2026-04-21T06:48:48.634+0000] {dag.py:4180} INFO - Setting next_dagrun for dataset_produces_2 to None, run_after=None
[2026-04-21T06:48:48.668+0000] {processor.py:208} INFO - Processing /home/airflow/.local/lib/python3.12/site-packages/airflow/example_dags/example_datasets.py took 0.410 seconds
[2026-04-21T06:49:19.039+0000] {processor.py:186} INFO - Started process (PID=905) to work on /home/airflow/.local/lib/python3.12/site-packages/airflow/example_dags/example_datasets.py
[2026-04-21T06:49:19.040+0000] {processor.py:914} INFO - Processing file /home/airflow/.local/lib/python3.12/site-packages/airflow/example_dags/example_datasets.py for tasks to queue
[2026-04-21T06:49:19.042+0000] {logging_mixin.py:190} INFO - [2026-04-21T06:49:19.042+0000] {dagbag.py:588} INFO - Filling up the DagBag from /home/airflow/.local/lib/python3.12/site-packages/airflow/example_dags/example_datasets.py
[2026-04-21T06:49:19.380+0000] {processor.py:925} INFO - DAG(s) 'consume_1_and_2_with_dataset_expressions', 'dataset_produces_1', 'consume_1_or_both_2_and_3_with_dataset_expressions', 'conditional_dataset_and_time_based_timetable', 'dataset_consumes_1_never_scheduled', 'dataset_consumes_unknown_never_scheduled', 'dataset_produces_2', 'consume_1_or_2_with_dataset_expressions', 'dataset_consumes_1', 'dataset_consumes_1_and_2' retrieved from /home/airflow/.local/lib/python3.12/site-packages/airflow/example_dags/example_datasets.py
[2026-04-21T06:49:19.399+0000] {logging_mixin.py:190} INFO - [2026-04-21T06:49:19.399+0000] {dag.py:3239} INFO - Sync 10 DAGs
[2026-04-21T06:49:19.408+0000] {logging_mixin.py:190} INFO - [2026-04-21T06:49:19.408+0000] {dag.py:4180} INFO - Setting next_dagrun for conditional_dataset_and_time_based_timetable to 2026-04-15 01:00:00+00:00, run_after=2026-04-15 01:00:00+00:00
[2026-04-21T06:49:19.410+0000] {logging_mixin.py:190} INFO - [2026-04-21T06:49:19.410+0000] {dag.py:4180} INFO - Setting next_dagrun for consume_1_and_2_with_dataset_expressions to None, run_after=None
[2026-04-21T06:49:19.411+0000] {logging_mixin.py:190} INFO - [2026-04-21T06:49:19.411+0000] {dag.py:4180} INFO - Setting next_dagrun for consume_1_or_2_with_dataset_expressions to None, run_after=None
[2026-04-21T06:49:19.411+0000] {logging_mixin.py:190} INFO - [2026-04-21T06:49:19.411+0000] {dag.py:4180} INFO - Setting next_dagrun for consume_1_or_both_2_and_3_with_dataset_expressions to None, run_after=None
[2026-04-21T06:49:19.412+0000] {logging_mixin.py:190} INFO - [2026-04-21T06:49:19.412+0000] {dag.py:4180} INFO - Setting next_dagrun for dataset_consumes_1 to None, run_after=None
[2026-04-21T06:49:19.412+0000] {logging_mixin.py:190} INFO - [2026-04-21T06:49:19.412+0000] {dag.py:4180} INFO - Setting next_dagrun for dataset_consumes_1_and_2 to None, run_after=None
[2026-04-21T06:49:19.413+0000] {logging_mixin.py:190} INFO - [2026-04-21T06:49:19.413+0000] {dag.py:4180} INFO - Setting next_dagrun for dataset_consumes_1_never_scheduled to None, run_after=None
[2026-04-21T06:49:19.413+0000] {logging_mixin.py:190} INFO - [2026-04-21T06:49:19.413+0000] {dag.py:4180} INFO - Setting next_dagrun for dataset_consumes_unknown_never_scheduled to None, run_after=None
[2026-04-21T06:49:19.414+0000] {logging_mixin.py:190} INFO - [2026-04-21T06:49:19.414+0000] {dag.py:4180} INFO - Setting next_dagrun for dataset_produces_1 to 2026-04-20 00:00:00+00:00, run_after=2026-04-21 00:00:00+00:00
[2026-04-21T06:49:19.415+0000] {logging_mixin.py:190} INFO - [2026-04-21T06:49:19.415+0000] {dag.py:4180} INFO - Setting next_dagrun for dataset_produces_2 to None, run_after=None
[2026-04-21T06:49:19.430+0000] {processor.py:208} INFO - Processing /home/airflow/.local/lib/python3.12/site-packages/airflow/example_dags/example_datasets.py took 0.396 seconds
[2026-04-21T06:49:49.526+0000] {processor.py:186} INFO - Started process (PID=969) to work on /home/airflow/.local/lib/python3.12/site-packages/airflow/example_dags/example_datasets.py
[2026-04-21T06:49:49.527+0000] {processor.py:914} INFO - Processing file /home/airflow/.local/lib/python3.12/site-packages/airflow/example_dags/example_datasets.py for tasks to queue
[2026-04-21T06:49:49.529+0000] {logging_mixin.py:190} INFO - [2026-04-21T06:49:49.529+0000] {dagbag.py:588} INFO - Filling up the DagBag from /home/airflow/.local/lib/python3.12/site-packages/airflow/example_dags/example_datasets.py
[2026-04-21T06:49:49.814+0000] {processor.py:925} INFO - DAG(s) 'dataset_produces_1', 'dataset_consumes_1', 'consume_1_or_both_2_and_3_with_dataset_expressions', 'conditional_dataset_and_time_based_timetable', 'consume_1_and_2_with_dataset_expressions', 'dataset_consumes_1_and_2', 'consume_1_or_2_with_dataset_expressions', 'dataset_produces_2', 'dataset_consumes_1_never_scheduled', 'dataset_consumes_unknown_never_scheduled' retrieved from /home/airflow/.local/lib/python3.12/site-packages/airflow/example_dags/example_datasets.py
[2026-04-21T06:49:49.841+0000] {logging_mixin.py:190} INFO - [2026-04-21T06:49:49.841+0000] {dag.py:3239} INFO - Sync 10 DAGs
[2026-04-21T06:49:49.852+0000] {logging_mixin.py:190} INFO - [2026-04-21T06:49:49.852+0000] {dag.py:4180} INFO - Setting next_dagrun for conditional_dataset_and_time_based_timetable to 2026-04-15 01:00:00+00:00, run_after=2026-04-15 01:00:00+00:00
[2026-04-21T06:49:49.854+0000] {logging_mixin.py:190} INFO - [2026-04-21T06:49:49.854+0000] {dag.py:4180} INFO - Setting next_dagrun for consume_1_and_2_with_dataset_expressions to None, run_after=None
[2026-04-21T06:49:49.855+0000] {logging_mixin.py:190} INFO - [2026-04-21T06:49:49.855+0000] {dag.py:4180} INFO - Setting next_dagrun for consume_1_or_2_with_dataset_expressions to None, run_after=None
[2026-04-21T06:49:49.855+0000] {logging_mixin.py:190} INFO - [2026-04-21T06:49:49.855+0000] {dag.py:4180} INFO - Setting next_dagrun for consume_1_or_both_2_and_3_with_dataset_expressions to None, run_after=None
[2026-04-21T06:49:49.856+0000] {logging_mixin.py:190} INFO - [2026-04-21T06:49:49.856+0000] {dag.py:4180} INFO - Setting next_dagrun for dataset_consumes_1 to None, run_after=None
[2026-04-21T06:49:49.857+0000] {logging_mixin.py:190} INFO - [2026-04-21T06:49:49.857+0000] {dag.py:4180} INFO - Setting next_dagrun for dataset_consumes_1_and_2 to None, run_after=None
[2026-04-21T06:49:49.859+0000] {logging_mixin.py:190} INFO - [2026-04-21T06:49:49.859+0000] {dag.py:4180} INFO - Setting next_dagrun for dataset_consumes_1_never_scheduled to None, run_after=None
[2026-04-21T06:49:49.860+0000] {logging_mixin.py:190} INFO - [2026-04-21T06:49:49.860+0000] {dag.py:4180} INFO - Setting next_dagrun for dataset_consumes_unknown_never_scheduled to None, run_after=None
[2026-04-21T06:49:49.860+0000] {logging_mixin.py:190} INFO - [2026-04-21T06:49:49.860+0000] {dag.py:4180} INFO - Setting next_dagrun for dataset_produces_1 to 2026-04-20 00:00:00+00:00, run_after=2026-04-21 00:00:00+00:00
[2026-04-21T06:49:49.861+0000] {logging_mixin.py:190} INFO - [2026-04-21T06:49:49.861+0000] {dag.py:4180} INFO - Setting next_dagrun for dataset_produces_2 to None, run_after=None
[2026-04-21T06:49:49.871+0000] {processor.py:208} INFO - Processing /home/airflow/.local/lib/python3.12/site-packages/airflow/example_dags/example_datasets.py took 0.352 seconds
[2026-04-21T06:50:20.044+0000] {processor.py:186} INFO - Started process (PID=1033) to work on /home/airflow/.local/lib/python3.12/site-packages/airflow/example_dags/example_datasets.py
[2026-04-21T06:50:20.046+0000] {processor.py:914} INFO - Processing file /home/airflow/.local/lib/python3.12/site-packages/airflow/example_dags/example_datasets.py for tasks to queue
[2026-04-21T06:50:20.048+0000] {logging_mixin.py:190} INFO - [2026-04-21T06:50:20.047+0000] {dagbag.py:588} INFO - Filling up the DagBag from /home/airflow/.local/lib/python3.12/site-packages/airflow/example_dags/example_datasets.py
[2026-04-21T06:50:20.343+0000] {processor.py:925} INFO - DAG(s) 'dataset_consumes_1_never_scheduled', 'conditional_dataset_and_time_based_timetable', 'dataset_produces_1', 'dataset_consumes_1', 'dataset_consumes_1_and_2', 'dataset_consumes_unknown_never_scheduled', 'consume_1_or_both_2_and_3_with_dataset_expressions', 'consume_1_and_2_with_dataset_expressions', 'consume_1_or_2_with_dataset_expressions', 'dataset_produces_2' retrieved from /home/airflow/.local/lib/python3.12/site-packages/airflow/example_dags/example_datasets.py
[2026-04-21T06:50:20.364+0000] {logging_mixin.py:190} INFO - [2026-04-21T06:50:20.364+0000] {dag.py:3239} INFO - Sync 10 DAGs
[2026-04-21T06:50:20.373+0000] {logging_mixin.py:190} INFO - [2026-04-21T06:50:20.373+0000] {dag.py:4180} INFO - Setting next_dagrun for conditional_dataset_and_time_based_timetable to 2026-04-15 01:00:00+00:00, run_after=2026-04-15 01:00:00+00:00
[2026-04-21T06:50:20.375+0000] {logging_mixin.py:190} INFO - [2026-04-21T06:50:20.375+0000] {dag.py:4180} INFO - Setting next_dagrun for consume_1_and_2_with_dataset_expressions to None, run_after=None
[2026-04-21T06:50:20.375+0000] {logging_mixin.py:190} INFO - [2026-04-21T06:50:20.375+0000] {dag.py:4180} INFO - Setting next_dagrun for consume_1_or_2_with_dataset_expressions to None, run_after=None
[2026-04-21T06:50:20.377+0000] {logging_mixin.py:190} INFO - [2026-04-21T06:50:20.377+0000] {dag.py:4180} INFO - Setting next_dagrun for consume_1_or_both_2_and_3_with_dataset_expressions to None, run_after=None
[2026-04-21T06:50:20.378+0000] {logging_mixin.py:190} INFO - [2026-04-21T06:50:20.378+0000] {dag.py:4180} INFO - Setting next_dagrun for dataset_consumes_1 to None, run_after=None
[2026-04-21T06:50:20.378+0000] {logging_mixin.py:190} INFO - [2026-04-21T06:50:20.378+0000] {dag.py:4180} INFO - Setting next_dagrun for dataset_consumes_1_and_2 to None, run_after=None
[2026-04-21T06:50:20.378+0000] {logging_mixin.py:190} INFO - [2026-04-21T06:50:20.378+0000] {dag.py:4180} INFO - Setting next_dagrun for dataset_consumes_1_never_scheduled to None, run_after=None
[2026-04-21T06:50:20.379+0000] {logging_mixin.py:190} INFO - [2026-04-21T06:50:20.379+0000] {dag.py:4180} INFO - Setting next_dagrun for dataset_consumes_unknown_never_scheduled to None, run_after=None
[2026-04-21T06:50:20.381+0000] {logging_mixin.py:190} INFO - [2026-04-21T06:50:20.381+0000] {dag.py:4180} INFO - Setting next_dagrun for dataset_produces_1 to 2026-04-20 00:00:00+00:00, run_after=2026-04-21 00:00:00+00:00
[2026-04-21T06:50:20.381+0000] {logging_mixin.py:190} INFO - [2026-04-21T06:50:20.381+0000] {dag.py:4180} INFO - Setting next_dagrun for dataset_produces_2 to None, run_after=None
[2026-04-21T06:50:20.395+0000] {processor.py:208} INFO - Processing /home/airflow/.local/lib/python3.12/site-packages/airflow/example_dags/example_datasets.py took 0.357 seconds
[2026-04-21T06:50:50.525+0000] {processor.py:186} INFO - Started process (PID=1097) to work on /home/airflow/.local/lib/python3.12/site-packages/airflow/example_dags/example_datasets.py
[2026-04-21T06:50:50.528+0000] {processor.py:914} INFO - Processing file /home/airflow/.local/lib/python3.12/site-packages/airflow/example_dags/example_datasets.py for tasks to queue
[2026-04-21T06:50:50.531+0000] {logging_mixin.py:190} INFO - [2026-04-21T06:50:50.530+0000] {dagbag.py:588} INFO - Filling up the DagBag from /home/airflow/.local/lib/python3.12/site-packages/airflow/example_dags/example_datasets.py
[2026-04-21T06:50:50.837+0000] {processor.py:925} INFO - DAG(s) 'dataset_consumes_unknown_never_scheduled', 'dataset_consumes_1_never_scheduled', 'dataset_consumes_1', 'consume_1_or_both_2_and_3_with_dataset_expressions', 'dataset_produces_2', 'consume_1_or_2_with_dataset_expressions', 'dataset_consumes_1_and_2', 'consume_1_and_2_with_dataset_expressions', 'dataset_produces_1', 'conditional_dataset_and_time_based_timetable' retrieved from /home/airflow/.local/lib/python3.12/site-packages/airflow/example_dags/example_datasets.py
[2026-04-21T06:50:50.857+0000] {logging_mixin.py:190} INFO - [2026-04-21T06:50:50.857+0000] {dag.py:3239} INFO - Sync 10 DAGs
[2026-04-21T06:50:50.866+0000] {logging_mixin.py:190} INFO - [2026-04-21T06:50:50.866+0000] {dag.py:4180} INFO - Setting next_dagrun for conditional_dataset_and_time_based_timetable to 2026-04-15 01:00:00+00:00, run_after=2026-04-15 01:00:00+00:00
[2026-04-21T06:50:50.869+0000] {logging_mixin.py:190} INFO - [2026-04-21T06:50:50.869+0000] {dag.py:4180} INFO - Setting next_dagrun for consume_1_and_2_with_dataset_expressions to None, run_after=None
[2026-04-21T06:50:50.869+0000] {logging_mixin.py:190} INFO - [2026-04-21T06:50:50.869+0000] {dag.py:4180} INFO - Setting next_dagrun for consume_1_or_2_with_dataset_expressions to None, run_after=None
[2026-04-21T06:50:50.870+0000] {logging_mixin.py:190} INFO - [2026-04-21T06:50:50.870+0000] {dag.py:4180} INFO - Setting next_dagrun for consume_1_or_both_2_and_3_with_dataset_expressions to None, run_after=None
[2026-04-21T06:50:50.870+0000] {logging_mixin.py:190} INFO - [2026-04-21T06:50:50.870+0000] {dag.py:4180} INFO - Setting next_dagrun for dataset_consumes_1 to None, run_after=None
[2026-04-21T06:50:50.871+0000] {logging_mixin.py:190} INFO - [2026-04-21T06:50:50.871+0000] {dag.py:4180} INFO - Setting next_dagrun for dataset_consumes_1_and_2 to None, run_after=None
[2026-04-21T06:50:50.872+0000] {logging_mixin.py:190} INFO - [2026-04-21T06:50:50.872+0000] {dag.py:4180} INFO - Setting next_dagrun for dataset_consumes_1_never_scheduled to None, run_after=None
[2026-04-21T06:50:50.872+0000] {logging_mixin.py:190} INFO - [2026-04-21T06:50:50.872+0000] {dag.py:4180} INFO - Setting next_dagrun for dataset_consumes_unknown_never_scheduled to None, run_after=None
[2026-04-21T06:50:50.873+0000] {logging_mixin.py:190} INFO - [2026-04-21T06:50:50.873+0000] {dag.py:4180} INFO - Setting next_dagrun for dataset_produces_1 to 2026-04-20 00:00:00+00:00, run_after=2026-04-21 00:00:00+00:00
[2026-04-21T06:50:50.876+0000] {logging_mixin.py:190} INFO - [2026-04-21T06:50:50.876+0000] {dag.py:4180} INFO - Setting next_dagrun for dataset_produces_2 to None, run_after=None
[2026-04-21T06:50:50.887+0000] {processor.py:208} INFO - Processing /home/airflow/.local/lib/python3.12/site-packages/airflow/example_dags/example_datasets.py took 0.368 seconds
