[2026-04-21T06:42:42.111+0000] {processor.py:186} INFO - Started process (PID=94) to work on /home/airflow/.local/lib/python3.12/site-packages/airflow/example_dags/example_sla_dag.py
[2026-04-21T06:42:42.112+0000] {processor.py:914} INFO - Processing file /home/airflow/.local/lib/python3.12/site-packages/airflow/example_dags/example_sla_dag.py for tasks to queue
[2026-04-21T06:42:42.114+0000] {logging_mixin.py:190} INFO - [2026-04-21T06:42:42.114+0000] {dagbag.py:588} INFO - Filling up the DagBag from /home/airflow/.local/lib/python3.12/site-packages/airflow/example_dags/example_sla_dag.py
[2026-04-21T06:42:42.120+0000] {processor.py:925} INFO - DAG(s) 'example_sla_dag' retrieved from /home/airflow/.local/lib/python3.12/site-packages/airflow/example_dags/example_sla_dag.py
[2026-04-21T06:42:42.134+0000] {logging_mixin.py:190} INFO - [2026-04-21T06:42:42.134+0000] {dag.py:3239} INFO - Sync 1 DAGs
[2026-04-21T06:42:42.146+0000] {logging_mixin.py:190} INFO - [2026-04-21T06:42:42.145+0000] {dag.py:4180} INFO - Setting next_dagrun for example_sla_dag to 2026-04-21 06:40:00+00:00, run_after=2026-04-21 06:42:00+00:00
[2026-04-21T06:42:42.157+0000] {processor.py:208} INFO - Processing /home/airflow/.local/lib/python3.12/site-packages/airflow/example_dags/example_sla_dag.py took 0.048 seconds
[2026-04-21T06:43:12.823+0000] {processor.py:186} INFO - Started process (PID=166) to work on /home/airflow/.local/lib/python3.12/site-packages/airflow/example_dags/example_sla_dag.py
[2026-04-21T06:43:12.824+0000] {processor.py:914} INFO - Processing file /home/airflow/.local/lib/python3.12/site-packages/airflow/example_dags/example_sla_dag.py for tasks to queue
[2026-04-21T06:43:12.825+0000] {logging_mixin.py:190} INFO - [2026-04-21T06:43:12.825+0000] {dagbag.py:588} INFO - Filling up the DagBag from /home/airflow/.local/lib/python3.12/site-packages/airflow/example_dags/example_sla_dag.py
[2026-04-21T06:43:12.830+0000] {processor.py:925} INFO - DAG(s) 'example_sla_dag' retrieved from /home/airflow/.local/lib/python3.12/site-packages/airflow/example_dags/example_sla_dag.py
[2026-04-21T06:43:12.840+0000] {logging_mixin.py:190} INFO - [2026-04-21T06:43:12.839+0000] {dag.py:3239} INFO - Sync 1 DAGs
[2026-04-21T06:43:12.850+0000] {logging_mixin.py:190} INFO - [2026-04-21T06:43:12.850+0000] {dag.py:4180} INFO - Setting next_dagrun for example_sla_dag to 2026-04-21 06:40:00+00:00, run_after=2026-04-21 06:42:00+00:00
[2026-04-21T06:43:12.859+0000] {processor.py:208} INFO - Processing /home/airflow/.local/lib/python3.12/site-packages/airflow/example_dags/example_sla_dag.py took 0.039 seconds
[2026-04-21T06:43:43.935+0000] {processor.py:186} INFO - Started process (PID=230) to work on /home/airflow/.local/lib/python3.12/site-packages/airflow/example_dags/example_sla_dag.py
[2026-04-21T06:43:43.937+0000] {processor.py:914} INFO - Processing file /home/airflow/.local/lib/python3.12/site-packages/airflow/example_dags/example_sla_dag.py for tasks to queue
[2026-04-21T06:43:43.938+0000] {logging_mixin.py:190} INFO - [2026-04-21T06:43:43.938+0000] {dagbag.py:588} INFO - Filling up the DagBag from /home/airflow/.local/lib/python3.12/site-packages/airflow/example_dags/example_sla_dag.py
[2026-04-21T06:43:43.942+0000] {processor.py:925} INFO - DAG(s) 'example_sla_dag' retrieved from /home/airflow/.local/lib/python3.12/site-packages/airflow/example_dags/example_sla_dag.py
[2026-04-21T06:43:43.952+0000] {logging_mixin.py:190} INFO - [2026-04-21T06:43:43.951+0000] {dag.py:3239} INFO - Sync 1 DAGs
[2026-04-21T06:43:43.962+0000] {logging_mixin.py:190} INFO - [2026-04-21T06:43:43.962+0000] {dag.py:4180} INFO - Setting next_dagrun for example_sla_dag to 2026-04-21 06:40:00+00:00, run_after=2026-04-21 06:42:00+00:00
[2026-04-21T06:43:43.968+0000] {processor.py:208} INFO - Processing /home/airflow/.local/lib/python3.12/site-packages/airflow/example_dags/example_sla_dag.py took 0.034 seconds
[2026-04-21T06:44:14.503+0000] {processor.py:186} INFO - Started process (PID=294) to work on /home/airflow/.local/lib/python3.12/site-packages/airflow/example_dags/example_sla_dag.py
[2026-04-21T06:44:14.504+0000] {processor.py:914} INFO - Processing file /home/airflow/.local/lib/python3.12/site-packages/airflow/example_dags/example_sla_dag.py for tasks to queue
[2026-04-21T06:44:14.504+0000] {logging_mixin.py:190} INFO - [2026-04-21T06:44:14.504+0000] {dagbag.py:588} INFO - Filling up the DagBag from /home/airflow/.local/lib/python3.12/site-packages/airflow/example_dags/example_sla_dag.py
[2026-04-21T06:44:14.508+0000] {processor.py:925} INFO - DAG(s) 'example_sla_dag' retrieved from /home/airflow/.local/lib/python3.12/site-packages/airflow/example_dags/example_sla_dag.py
[2026-04-21T06:44:14.515+0000] {logging_mixin.py:190} INFO - [2026-04-21T06:44:14.515+0000] {dag.py:3239} INFO - Sync 1 DAGs
[2026-04-21T06:44:14.523+0000] {logging_mixin.py:190} INFO - [2026-04-21T06:44:14.523+0000] {dag.py:4180} INFO - Setting next_dagrun for example_sla_dag to 2026-04-21 06:42:00+00:00, run_after=2026-04-21 06:44:00+00:00
[2026-04-21T06:44:14.528+0000] {processor.py:208} INFO - Processing /home/airflow/.local/lib/python3.12/site-packages/airflow/example_dags/example_sla_dag.py took 0.027 seconds
[2026-04-21T06:44:44.839+0000] {processor.py:186} INFO - Started process (PID=358) to work on /home/airflow/.local/lib/python3.12/site-packages/airflow/example_dags/example_sla_dag.py
[2026-04-21T06:44:44.839+0000] {processor.py:914} INFO - Processing file /home/airflow/.local/lib/python3.12/site-packages/airflow/example_dags/example_sla_dag.py for tasks to queue
[2026-04-21T06:44:44.840+0000] {logging_mixin.py:190} INFO - [2026-04-21T06:44:44.840+0000] {dagbag.py:588} INFO - Filling up the DagBag from /home/airflow/.local/lib/python3.12/site-packages/airflow/example_dags/example_sla_dag.py
[2026-04-21T06:44:44.845+0000] {processor.py:925} INFO - DAG(s) 'example_sla_dag' retrieved from /home/airflow/.local/lib/python3.12/site-packages/airflow/example_dags/example_sla_dag.py
[2026-04-21T06:44:44.856+0000] {logging_mixin.py:190} INFO - [2026-04-21T06:44:44.856+0000] {dag.py:3239} INFO - Sync 1 DAGs
[2026-04-21T06:44:44.867+0000] {logging_mixin.py:190} INFO - [2026-04-21T06:44:44.867+0000] {dag.py:4180} INFO - Setting next_dagrun for example_sla_dag to 2026-04-21 06:42:00+00:00, run_after=2026-04-21 06:44:00+00:00
[2026-04-21T06:44:44.876+0000] {processor.py:208} INFO - Processing /home/airflow/.local/lib/python3.12/site-packages/airflow/example_dags/example_sla_dag.py took 0.040 seconds
[2026-04-21T06:45:15.216+0000] {processor.py:186} INFO - Started process (PID=422) to work on /home/airflow/.local/lib/python3.12/site-packages/airflow/example_dags/example_sla_dag.py
[2026-04-21T06:45:15.217+0000] {processor.py:914} INFO - Processing file /home/airflow/.local/lib/python3.12/site-packages/airflow/example_dags/example_sla_dag.py for tasks to queue
[2026-04-21T06:45:15.218+0000] {logging_mixin.py:190} INFO - [2026-04-21T06:45:15.218+0000] {dagbag.py:588} INFO - Filling up the DagBag from /home/airflow/.local/lib/python3.12/site-packages/airflow/example_dags/example_sla_dag.py
[2026-04-21T06:45:15.222+0000] {processor.py:925} INFO - DAG(s) 'example_sla_dag' retrieved from /home/airflow/.local/lib/python3.12/site-packages/airflow/example_dags/example_sla_dag.py
[2026-04-21T06:45:15.230+0000] {logging_mixin.py:190} INFO - [2026-04-21T06:45:15.230+0000] {dag.py:3239} INFO - Sync 1 DAGs
[2026-04-21T06:45:15.240+0000] {logging_mixin.py:190} INFO - [2026-04-21T06:45:15.240+0000] {dag.py:4180} INFO - Setting next_dagrun for example_sla_dag to 2026-04-21 06:42:00+00:00, run_after=2026-04-21 06:44:00+00:00
[2026-04-21T06:45:15.253+0000] {processor.py:208} INFO - Processing /home/airflow/.local/lib/python3.12/site-packages/airflow/example_dags/example_sla_dag.py took 0.039 seconds
[2026-04-21T06:45:45.726+0000] {processor.py:186} INFO - Started process (PID=486) to work on /home/airflow/.local/lib/python3.12/site-packages/airflow/example_dags/example_sla_dag.py
[2026-04-21T06:45:45.727+0000] {processor.py:914} INFO - Processing file /home/airflow/.local/lib/python3.12/site-packages/airflow/example_dags/example_sla_dag.py for tasks to queue
[2026-04-21T06:45:45.728+0000] {logging_mixin.py:190} INFO - [2026-04-21T06:45:45.728+0000] {dagbag.py:588} INFO - Filling up the DagBag from /home/airflow/.local/lib/python3.12/site-packages/airflow/example_dags/example_sla_dag.py
[2026-04-21T06:45:45.731+0000] {processor.py:925} INFO - DAG(s) 'example_sla_dag' retrieved from /home/airflow/.local/lib/python3.12/site-packages/airflow/example_dags/example_sla_dag.py
[2026-04-21T06:45:45.737+0000] {logging_mixin.py:190} INFO - [2026-04-21T06:45:45.737+0000] {dag.py:3239} INFO - Sync 1 DAGs
[2026-04-21T06:45:45.745+0000] {logging_mixin.py:190} INFO - [2026-04-21T06:45:45.745+0000] {dag.py:4180} INFO - Setting next_dagrun for example_sla_dag to 2026-04-21 06:42:00+00:00, run_after=2026-04-21 06:44:00+00:00
[2026-04-21T06:45:45.749+0000] {processor.py:208} INFO - Processing /home/airflow/.local/lib/python3.12/site-packages/airflow/example_dags/example_sla_dag.py took 0.025 seconds
[2026-04-21T06:46:16.143+0000] {processor.py:186} INFO - Started process (PID=550) to work on /home/airflow/.local/lib/python3.12/site-packages/airflow/example_dags/example_sla_dag.py
[2026-04-21T06:46:16.144+0000] {processor.py:914} INFO - Processing file /home/airflow/.local/lib/python3.12/site-packages/airflow/example_dags/example_sla_dag.py for tasks to queue
[2026-04-21T06:46:16.145+0000] {logging_mixin.py:190} INFO - [2026-04-21T06:46:16.145+0000] {dagbag.py:588} INFO - Filling up the DagBag from /home/airflow/.local/lib/python3.12/site-packages/airflow/example_dags/example_sla_dag.py
[2026-04-21T06:46:16.151+0000] {processor.py:925} INFO - DAG(s) 'example_sla_dag' retrieved from /home/airflow/.local/lib/python3.12/site-packages/airflow/example_dags/example_sla_dag.py
[2026-04-21T06:46:16.162+0000] {logging_mixin.py:190} INFO - [2026-04-21T06:46:16.162+0000] {dag.py:3239} INFO - Sync 1 DAGs
[2026-04-21T06:46:16.173+0000] {logging_mixin.py:190} INFO - [2026-04-21T06:46:16.172+0000] {dag.py:4180} INFO - Setting next_dagrun for example_sla_dag to 2026-04-21 06:44:00+00:00, run_after=2026-04-21 06:46:00+00:00
[2026-04-21T06:46:16.182+0000] {processor.py:208} INFO - Processing /home/airflow/.local/lib/python3.12/site-packages/airflow/example_dags/example_sla_dag.py took 0.041 seconds
[2026-04-21T06:46:46.389+0000] {processor.py:186} INFO - Started process (PID=614) to work on /home/airflow/.local/lib/python3.12/site-packages/airflow/example_dags/example_sla_dag.py
[2026-04-21T06:46:46.389+0000] {processor.py:914} INFO - Processing file /home/airflow/.local/lib/python3.12/site-packages/airflow/example_dags/example_sla_dag.py for tasks to queue
[2026-04-21T06:46:46.390+0000] {logging_mixin.py:190} INFO - [2026-04-21T06:46:46.390+0000] {dagbag.py:588} INFO - Filling up the DagBag from /home/airflow/.local/lib/python3.12/site-packages/airflow/example_dags/example_sla_dag.py
[2026-04-21T06:46:46.394+0000] {processor.py:925} INFO - DAG(s) 'example_sla_dag' retrieved from /home/airflow/.local/lib/python3.12/site-packages/airflow/example_dags/example_sla_dag.py
[2026-04-21T06:46:46.400+0000] {logging_mixin.py:190} INFO - [2026-04-21T06:46:46.399+0000] {dag.py:3239} INFO - Sync 1 DAGs
[2026-04-21T06:46:46.407+0000] {logging_mixin.py:190} INFO - [2026-04-21T06:46:46.406+0000] {dag.py:4180} INFO - Setting next_dagrun for example_sla_dag to 2026-04-21 06:44:00+00:00, run_after=2026-04-21 06:46:00+00:00
[2026-04-21T06:46:46.412+0000] {processor.py:208} INFO - Processing /home/airflow/.local/lib/python3.12/site-packages/airflow/example_dags/example_sla_dag.py took 0.025 seconds
[2026-04-21T06:47:17.614+0000] {processor.py:186} INFO - Started process (PID=678) to work on /home/airflow/.local/lib/python3.12/site-packages/airflow/example_dags/example_sla_dag.py
[2026-04-21T06:47:17.615+0000] {processor.py:914} INFO - Processing file /home/airflow/.local/lib/python3.12/site-packages/airflow/example_dags/example_sla_dag.py for tasks to queue
[2026-04-21T06:47:17.615+0000] {logging_mixin.py:190} INFO - [2026-04-21T06:47:17.615+0000] {dagbag.py:588} INFO - Filling up the DagBag from /home/airflow/.local/lib/python3.12/site-packages/airflow/example_dags/example_sla_dag.py
[2026-04-21T06:47:17.622+0000] {processor.py:925} INFO - DAG(s) 'example_sla_dag' retrieved from /home/airflow/.local/lib/python3.12/site-packages/airflow/example_dags/example_sla_dag.py
[2026-04-21T06:47:17.636+0000] {logging_mixin.py:190} INFO - [2026-04-21T06:47:17.636+0000] {dag.py:3239} INFO - Sync 1 DAGs
[2026-04-21T06:47:17.647+0000] {logging_mixin.py:190} INFO - [2026-04-21T06:47:17.647+0000] {dag.py:4180} INFO - Setting next_dagrun for example_sla_dag to 2026-04-21 06:44:00+00:00, run_after=2026-04-21 06:46:00+00:00
[2026-04-21T06:47:17.653+0000] {processor.py:208} INFO - Processing /home/airflow/.local/lib/python3.12/site-packages/airflow/example_dags/example_sla_dag.py took 0.042 seconds
[2026-04-21T06:47:47.857+0000] {processor.py:186} INFO - Started process (PID=742) to work on /home/airflow/.local/lib/python3.12/site-packages/airflow/example_dags/example_sla_dag.py
[2026-04-21T06:47:47.859+0000] {processor.py:914} INFO - Processing file /home/airflow/.local/lib/python3.12/site-packages/airflow/example_dags/example_sla_dag.py for tasks to queue
[2026-04-21T06:47:47.859+0000] {logging_mixin.py:190} INFO - [2026-04-21T06:47:47.859+0000] {dagbag.py:588} INFO - Filling up the DagBag from /home/airflow/.local/lib/python3.12/site-packages/airflow/example_dags/example_sla_dag.py
[2026-04-21T06:47:47.865+0000] {processor.py:925} INFO - DAG(s) 'example_sla_dag' retrieved from /home/airflow/.local/lib/python3.12/site-packages/airflow/example_dags/example_sla_dag.py
[2026-04-21T06:47:47.872+0000] {logging_mixin.py:190} INFO - [2026-04-21T06:47:47.872+0000] {dag.py:3239} INFO - Sync 1 DAGs
[2026-04-21T06:47:47.881+0000] {logging_mixin.py:190} INFO - [2026-04-21T06:47:47.881+0000] {dag.py:4180} INFO - Setting next_dagrun for example_sla_dag to 2026-04-21 06:44:00+00:00, run_after=2026-04-21 06:46:00+00:00
[2026-04-21T06:47:47.888+0000] {processor.py:208} INFO - Processing /home/airflow/.local/lib/python3.12/site-packages/airflow/example_dags/example_sla_dag.py took 0.034 seconds
[2026-04-21T06:48:19.231+0000] {processor.py:186} INFO - Started process (PID=806) to work on /home/airflow/.local/lib/python3.12/site-packages/airflow/example_dags/example_sla_dag.py
[2026-04-21T06:48:19.233+0000] {processor.py:914} INFO - Processing file /home/airflow/.local/lib/python3.12/site-packages/airflow/example_dags/example_sla_dag.py for tasks to queue
[2026-04-21T06:48:19.235+0000] {logging_mixin.py:190} INFO - [2026-04-21T06:48:19.234+0000] {dagbag.py:588} INFO - Filling up the DagBag from /home/airflow/.local/lib/python3.12/site-packages/airflow/example_dags/example_sla_dag.py
[2026-04-21T06:48:19.244+0000] {processor.py:925} INFO - DAG(s) 'example_sla_dag' retrieved from /home/airflow/.local/lib/python3.12/site-packages/airflow/example_dags/example_sla_dag.py
[2026-04-21T06:48:19.259+0000] {logging_mixin.py:190} INFO - [2026-04-21T06:48:19.259+0000] {dag.py:3239} INFO - Sync 1 DAGs
[2026-04-21T06:48:19.272+0000] {logging_mixin.py:190} INFO - [2026-04-21T06:48:19.271+0000] {dag.py:4180} INFO - Setting next_dagrun for example_sla_dag to 2026-04-21 06:46:00+00:00, run_after=2026-04-21 06:48:00+00:00
[2026-04-21T06:48:19.281+0000] {processor.py:208} INFO - Processing /home/airflow/.local/lib/python3.12/site-packages/airflow/example_dags/example_sla_dag.py took 0.052 seconds
[2026-04-21T06:48:49.941+0000] {processor.py:186} INFO - Started process (PID=870) to work on /home/airflow/.local/lib/python3.12/site-packages/airflow/example_dags/example_sla_dag.py
[2026-04-21T06:48:49.942+0000] {processor.py:914} INFO - Processing file /home/airflow/.local/lib/python3.12/site-packages/airflow/example_dags/example_sla_dag.py for tasks to queue
[2026-04-21T06:48:49.944+0000] {logging_mixin.py:190} INFO - [2026-04-21T06:48:49.944+0000] {dagbag.py:588} INFO - Filling up the DagBag from /home/airflow/.local/lib/python3.12/site-packages/airflow/example_dags/example_sla_dag.py
[2026-04-21T06:48:49.953+0000] {processor.py:925} INFO - DAG(s) 'example_sla_dag' retrieved from /home/airflow/.local/lib/python3.12/site-packages/airflow/example_dags/example_sla_dag.py
[2026-04-21T06:48:49.970+0000] {logging_mixin.py:190} INFO - [2026-04-21T06:48:49.969+0000] {dag.py:3239} INFO - Sync 1 DAGs
[2026-04-21T06:48:49.981+0000] {logging_mixin.py:190} INFO - [2026-04-21T06:48:49.981+0000] {dag.py:4180} INFO - Setting next_dagrun for example_sla_dag to 2026-04-21 06:46:00+00:00, run_after=2026-04-21 06:48:00+00:00
[2026-04-21T06:48:49.993+0000] {processor.py:208} INFO - Processing /home/airflow/.local/lib/python3.12/site-packages/airflow/example_dags/example_sla_dag.py took 0.056 seconds
[2026-04-21T06:49:20.455+0000] {processor.py:186} INFO - Started process (PID=934) to work on /home/airflow/.local/lib/python3.12/site-packages/airflow/example_dags/example_sla_dag.py
[2026-04-21T06:49:20.455+0000] {processor.py:914} INFO - Processing file /home/airflow/.local/lib/python3.12/site-packages/airflow/example_dags/example_sla_dag.py for tasks to queue
[2026-04-21T06:49:20.456+0000] {logging_mixin.py:190} INFO - [2026-04-21T06:49:20.456+0000] {dagbag.py:588} INFO - Filling up the DagBag from /home/airflow/.local/lib/python3.12/site-packages/airflow/example_dags/example_sla_dag.py
[2026-04-21T06:49:20.461+0000] {processor.py:925} INFO - DAG(s) 'example_sla_dag' retrieved from /home/airflow/.local/lib/python3.12/site-packages/airflow/example_dags/example_sla_dag.py
[2026-04-21T06:49:20.470+0000] {logging_mixin.py:190} INFO - [2026-04-21T06:49:20.470+0000] {dag.py:3239} INFO - Sync 1 DAGs
[2026-04-21T06:49:20.480+0000] {logging_mixin.py:190} INFO - [2026-04-21T06:49:20.480+0000] {dag.py:4180} INFO - Setting next_dagrun for example_sla_dag to 2026-04-21 06:46:00+00:00, run_after=2026-04-21 06:48:00+00:00
[2026-04-21T06:49:20.489+0000] {processor.py:208} INFO - Processing /home/airflow/.local/lib/python3.12/site-packages/airflow/example_dags/example_sla_dag.py took 0.037 seconds
[2026-04-21T06:49:50.911+0000] {processor.py:186} INFO - Started process (PID=998) to work on /home/airflow/.local/lib/python3.12/site-packages/airflow/example_dags/example_sla_dag.py
[2026-04-21T06:49:50.913+0000] {processor.py:914} INFO - Processing file /home/airflow/.local/lib/python3.12/site-packages/airflow/example_dags/example_sla_dag.py for tasks to queue
[2026-04-21T06:49:50.914+0000] {logging_mixin.py:190} INFO - [2026-04-21T06:49:50.913+0000] {dagbag.py:588} INFO - Filling up the DagBag from /home/airflow/.local/lib/python3.12/site-packages/airflow/example_dags/example_sla_dag.py
[2026-04-21T06:49:50.917+0000] {processor.py:925} INFO - DAG(s) 'example_sla_dag' retrieved from /home/airflow/.local/lib/python3.12/site-packages/airflow/example_dags/example_sla_dag.py
[2026-04-21T06:49:50.928+0000] {logging_mixin.py:190} INFO - [2026-04-21T06:49:50.928+0000] {dag.py:3239} INFO - Sync 1 DAGs
[2026-04-21T06:49:50.940+0000] {logging_mixin.py:190} INFO - [2026-04-21T06:49:50.940+0000] {dag.py:4180} INFO - Setting next_dagrun for example_sla_dag to 2026-04-21 06:46:00+00:00, run_after=2026-04-21 06:48:00+00:00
[2026-04-21T06:49:50.949+0000] {processor.py:208} INFO - Processing /home/airflow/.local/lib/python3.12/site-packages/airflow/example_dags/example_sla_dag.py took 0.041 seconds
[2026-04-21T06:50:21.435+0000] {processor.py:186} INFO - Started process (PID=1062) to work on /home/airflow/.local/lib/python3.12/site-packages/airflow/example_dags/example_sla_dag.py
[2026-04-21T06:50:21.435+0000] {processor.py:914} INFO - Processing file /home/airflow/.local/lib/python3.12/site-packages/airflow/example_dags/example_sla_dag.py for tasks to queue
[2026-04-21T06:50:21.437+0000] {logging_mixin.py:190} INFO - [2026-04-21T06:50:21.437+0000] {dagbag.py:588} INFO - Filling up the DagBag from /home/airflow/.local/lib/python3.12/site-packages/airflow/example_dags/example_sla_dag.py
[2026-04-21T06:50:21.443+0000] {processor.py:925} INFO - DAG(s) 'example_sla_dag' retrieved from /home/airflow/.local/lib/python3.12/site-packages/airflow/example_dags/example_sla_dag.py
[2026-04-21T06:50:21.450+0000] {logging_mixin.py:190} INFO - [2026-04-21T06:50:21.450+0000] {dag.py:3239} INFO - Sync 1 DAGs
[2026-04-21T06:50:21.460+0000] {logging_mixin.py:190} INFO - [2026-04-21T06:50:21.460+0000] {dag.py:4180} INFO - Setting next_dagrun for example_sla_dag to 2026-04-21 06:48:00+00:00, run_after=2026-04-21 06:50:00+00:00
[2026-04-21T06:50:21.470+0000] {processor.py:208} INFO - Processing /home/airflow/.local/lib/python3.12/site-packages/airflow/example_dags/example_sla_dag.py took 0.037 seconds
[2026-04-21T06:50:51.810+0000] {processor.py:186} INFO - Started process (PID=1126) to work on /home/airflow/.local/lib/python3.12/site-packages/airflow/example_dags/example_sla_dag.py
[2026-04-21T06:50:51.811+0000] {processor.py:914} INFO - Processing file /home/airflow/.local/lib/python3.12/site-packages/airflow/example_dags/example_sla_dag.py for tasks to queue
[2026-04-21T06:50:51.813+0000] {logging_mixin.py:190} INFO - [2026-04-21T06:50:51.813+0000] {dagbag.py:588} INFO - Filling up the DagBag from /home/airflow/.local/lib/python3.12/site-packages/airflow/example_dags/example_sla_dag.py
[2026-04-21T06:50:51.820+0000] {processor.py:925} INFO - DAG(s) 'example_sla_dag' retrieved from /home/airflow/.local/lib/python3.12/site-packages/airflow/example_dags/example_sla_dag.py
[2026-04-21T06:50:51.826+0000] {logging_mixin.py:190} INFO - [2026-04-21T06:50:51.826+0000] {dag.py:3239} INFO - Sync 1 DAGs
[2026-04-21T06:50:51.834+0000] {logging_mixin.py:190} INFO - [2026-04-21T06:50:51.834+0000] {dag.py:4180} INFO - Setting next_dagrun for example_sla_dag to 2026-04-21 06:48:00+00:00, run_after=2026-04-21 06:50:00+00:00
[2026-04-21T06:50:51.841+0000] {processor.py:208} INFO - Processing /home/airflow/.local/lib/python3.12/site-packages/airflow/example_dags/example_sla_dag.py took 0.033 seconds
