[2026-04-21T06:42:42.166+0000] {processor.py:186} INFO - Started process (PID=95) to work on /home/airflow/.local/lib/python3.12/site-packages/airflow/example_dags/example_branch_python_dop_operator_3.py
[2026-04-21T06:42:42.167+0000] {processor.py:914} INFO - Processing file /home/airflow/.local/lib/python3.12/site-packages/airflow/example_dags/example_branch_python_dop_operator_3.py for tasks to queue
[2026-04-21T06:42:42.168+0000] {logging_mixin.py:190} INFO - [2026-04-21T06:42:42.168+0000] {dagbag.py:588} INFO - Filling up the DagBag from /home/airflow/.local/lib/python3.12/site-packages/airflow/example_dags/example_branch_python_dop_operator_3.py
[2026-04-21T06:42:42.172+0000] {processor.py:925} INFO - DAG(s) 'example_branch_dop_operator_v3' retrieved from /home/airflow/.local/lib/python3.12/site-packages/airflow/example_dags/example_branch_python_dop_operator_3.py
[2026-04-21T06:42:42.180+0000] {logging_mixin.py:190} INFO - [2026-04-21T06:42:42.180+0000] {dag.py:3239} INFO - Sync 1 DAGs
[2026-04-21T06:42:42.192+0000] {logging_mixin.py:190} INFO - [2026-04-21T06:42:42.192+0000] {dag.py:4180} INFO - Setting next_dagrun for example_branch_dop_operator_v3 to 2026-04-21 06:41:00+00:00, run_after=2026-04-21 06:42:00+00:00
[2026-04-21T06:42:42.199+0000] {processor.py:208} INFO - Processing /home/airflow/.local/lib/python3.12/site-packages/airflow/example_dags/example_branch_python_dop_operator_3.py took 0.034 seconds
[2026-04-21T06:43:12.849+0000] {processor.py:186} INFO - Started process (PID=167) to work on /home/airflow/.local/lib/python3.12/site-packages/airflow/example_dags/example_branch_python_dop_operator_3.py
[2026-04-21T06:43:12.850+0000] {processor.py:914} INFO - Processing file /home/airflow/.local/lib/python3.12/site-packages/airflow/example_dags/example_branch_python_dop_operator_3.py for tasks to queue
[2026-04-21T06:43:12.851+0000] {logging_mixin.py:190} INFO - [2026-04-21T06:43:12.851+0000] {dagbag.py:588} INFO - Filling up the DagBag from /home/airflow/.local/lib/python3.12/site-packages/airflow/example_dags/example_branch_python_dop_operator_3.py
[2026-04-21T06:43:12.856+0000] {processor.py:925} INFO - DAG(s) 'example_branch_dop_operator_v3' retrieved from /home/airflow/.local/lib/python3.12/site-packages/airflow/example_dags/example_branch_python_dop_operator_3.py
[2026-04-21T06:43:12.866+0000] {logging_mixin.py:190} INFO - [2026-04-21T06:43:12.866+0000] {dag.py:3239} INFO - Sync 1 DAGs
[2026-04-21T06:43:12.874+0000] {logging_mixin.py:190} INFO - [2026-04-21T06:43:12.874+0000] {dag.py:4180} INFO - Setting next_dagrun for example_branch_dop_operator_v3 to 2026-04-21 06:42:00+00:00, run_after=2026-04-21 06:43:00+00:00
[2026-04-21T06:43:12.880+0000] {processor.py:208} INFO - Processing /home/airflow/.local/lib/python3.12/site-packages/airflow/example_dags/example_branch_python_dop_operator_3.py took 0.033 seconds
[2026-04-21T06:43:43.964+0000] {processor.py:186} INFO - Started process (PID=231) to work on /home/airflow/.local/lib/python3.12/site-packages/airflow/example_dags/example_branch_python_dop_operator_3.py
[2026-04-21T06:43:43.965+0000] {processor.py:914} INFO - Processing file /home/airflow/.local/lib/python3.12/site-packages/airflow/example_dags/example_branch_python_dop_operator_3.py for tasks to queue
[2026-04-21T06:43:43.966+0000] {logging_mixin.py:190} INFO - [2026-04-21T06:43:43.966+0000] {dagbag.py:588} INFO - Filling up the DagBag from /home/airflow/.local/lib/python3.12/site-packages/airflow/example_dags/example_branch_python_dop_operator_3.py
[2026-04-21T06:43:43.970+0000] {processor.py:925} INFO - DAG(s) 'example_branch_dop_operator_v3' retrieved from /home/airflow/.local/lib/python3.12/site-packages/airflow/example_dags/example_branch_python_dop_operator_3.py
[2026-04-21T06:43:43.977+0000] {logging_mixin.py:190} INFO - [2026-04-21T06:43:43.977+0000] {dag.py:3239} INFO - Sync 1 DAGs
[2026-04-21T06:43:43.988+0000] {logging_mixin.py:190} INFO - [2026-04-21T06:43:43.988+0000] {dag.py:4180} INFO - Setting next_dagrun for example_branch_dop_operator_v3 to 2026-04-21 06:42:00+00:00, run_after=2026-04-21 06:43:00+00:00
[2026-04-21T06:43:43.998+0000] {processor.py:208} INFO - Processing /home/airflow/.local/lib/python3.12/site-packages/airflow/example_dags/example_branch_python_dop_operator_3.py took 0.036 seconds
[2026-04-21T06:44:14.538+0000] {processor.py:186} INFO - Started process (PID=295) to work on /home/airflow/.local/lib/python3.12/site-packages/airflow/example_dags/example_branch_python_dop_operator_3.py
[2026-04-21T06:44:14.538+0000] {processor.py:914} INFO - Processing file /home/airflow/.local/lib/python3.12/site-packages/airflow/example_dags/example_branch_python_dop_operator_3.py for tasks to queue
[2026-04-21T06:44:14.539+0000] {logging_mixin.py:190} INFO - [2026-04-21T06:44:14.539+0000] {dagbag.py:588} INFO - Filling up the DagBag from /home/airflow/.local/lib/python3.12/site-packages/airflow/example_dags/example_branch_python_dop_operator_3.py
[2026-04-21T06:44:14.544+0000] {processor.py:925} INFO - DAG(s) 'example_branch_dop_operator_v3' retrieved from /home/airflow/.local/lib/python3.12/site-packages/airflow/example_dags/example_branch_python_dop_operator_3.py
[2026-04-21T06:44:14.551+0000] {logging_mixin.py:190} INFO - [2026-04-21T06:44:14.551+0000] {dag.py:3239} INFO - Sync 1 DAGs
[2026-04-21T06:44:14.562+0000] {logging_mixin.py:190} INFO - [2026-04-21T06:44:14.562+0000] {dag.py:4180} INFO - Setting next_dagrun for example_branch_dop_operator_v3 to 2026-04-21 06:43:00+00:00, run_after=2026-04-21 06:44:00+00:00
[2026-04-21T06:44:14.570+0000] {processor.py:208} INFO - Processing /home/airflow/.local/lib/python3.12/site-packages/airflow/example_dags/example_branch_python_dop_operator_3.py took 0.034 seconds
[2026-04-21T06:44:44.844+0000] {processor.py:186} INFO - Started process (PID=359) to work on /home/airflow/.local/lib/python3.12/site-packages/airflow/example_dags/example_branch_python_dop_operator_3.py
[2026-04-21T06:44:44.845+0000] {processor.py:914} INFO - Processing file /home/airflow/.local/lib/python3.12/site-packages/airflow/example_dags/example_branch_python_dop_operator_3.py for tasks to queue
[2026-04-21T06:44:44.846+0000] {logging_mixin.py:190} INFO - [2026-04-21T06:44:44.846+0000] {dagbag.py:588} INFO - Filling up the DagBag from /home/airflow/.local/lib/python3.12/site-packages/airflow/example_dags/example_branch_python_dop_operator_3.py
[2026-04-21T06:44:44.850+0000] {processor.py:925} INFO - DAG(s) 'example_branch_dop_operator_v3' retrieved from /home/airflow/.local/lib/python3.12/site-packages/airflow/example_dags/example_branch_python_dop_operator_3.py
[2026-04-21T06:44:44.861+0000] {logging_mixin.py:190} INFO - [2026-04-21T06:44:44.861+0000] {dag.py:3239} INFO - Sync 1 DAGs
[2026-04-21T06:44:44.872+0000] {logging_mixin.py:190} INFO - [2026-04-21T06:44:44.872+0000] {dag.py:4180} INFO - Setting next_dagrun for example_branch_dop_operator_v3 to 2026-04-21 06:43:00+00:00, run_after=2026-04-21 06:44:00+00:00
[2026-04-21T06:44:44.881+0000] {processor.py:208} INFO - Processing /home/airflow/.local/lib/python3.12/site-packages/airflow/example_dags/example_branch_python_dop_operator_3.py took 0.039 seconds
[2026-04-21T06:45:15.233+0000] {processor.py:186} INFO - Started process (PID=423) to work on /home/airflow/.local/lib/python3.12/site-packages/airflow/example_dags/example_branch_python_dop_operator_3.py
[2026-04-21T06:45:15.234+0000] {processor.py:914} INFO - Processing file /home/airflow/.local/lib/python3.12/site-packages/airflow/example_dags/example_branch_python_dop_operator_3.py for tasks to queue
[2026-04-21T06:45:15.235+0000] {logging_mixin.py:190} INFO - [2026-04-21T06:45:15.235+0000] {dagbag.py:588} INFO - Filling up the DagBag from /home/airflow/.local/lib/python3.12/site-packages/airflow/example_dags/example_branch_python_dop_operator_3.py
[2026-04-21T06:45:15.240+0000] {processor.py:925} INFO - DAG(s) 'example_branch_dop_operator_v3' retrieved from /home/airflow/.local/lib/python3.12/site-packages/airflow/example_dags/example_branch_python_dop_operator_3.py
[2026-04-21T06:45:15.250+0000] {logging_mixin.py:190} INFO - [2026-04-21T06:45:15.250+0000] {dag.py:3239} INFO - Sync 1 DAGs
[2026-04-21T06:45:15.260+0000] {logging_mixin.py:190} INFO - [2026-04-21T06:45:15.260+0000] {dag.py:4180} INFO - Setting next_dagrun for example_branch_dop_operator_v3 to 2026-04-21 06:44:00+00:00, run_after=2026-04-21 06:45:00+00:00
[2026-04-21T06:45:15.266+0000] {processor.py:208} INFO - Processing /home/airflow/.local/lib/python3.12/site-packages/airflow/example_dags/example_branch_python_dop_operator_3.py took 0.036 seconds
[2026-04-21T06:45:45.758+0000] {processor.py:186} INFO - Started process (PID=487) to work on /home/airflow/.local/lib/python3.12/site-packages/airflow/example_dags/example_branch_python_dop_operator_3.py
[2026-04-21T06:45:45.758+0000] {processor.py:914} INFO - Processing file /home/airflow/.local/lib/python3.12/site-packages/airflow/example_dags/example_branch_python_dop_operator_3.py for tasks to queue
[2026-04-21T06:45:45.759+0000] {logging_mixin.py:190} INFO - [2026-04-21T06:45:45.759+0000] {dagbag.py:588} INFO - Filling up the DagBag from /home/airflow/.local/lib/python3.12/site-packages/airflow/example_dags/example_branch_python_dop_operator_3.py
[2026-04-21T06:45:45.764+0000] {processor.py:925} INFO - DAG(s) 'example_branch_dop_operator_v3' retrieved from /home/airflow/.local/lib/python3.12/site-packages/airflow/example_dags/example_branch_python_dop_operator_3.py
[2026-04-21T06:45:45.774+0000] {logging_mixin.py:190} INFO - [2026-04-21T06:45:45.774+0000] {dag.py:3239} INFO - Sync 1 DAGs
[2026-04-21T06:45:45.783+0000] {logging_mixin.py:190} INFO - [2026-04-21T06:45:45.783+0000] {dag.py:4180} INFO - Setting next_dagrun for example_branch_dop_operator_v3 to 2026-04-21 06:44:00+00:00, run_after=2026-04-21 06:45:00+00:00
[2026-04-21T06:45:45.791+0000] {processor.py:208} INFO - Processing /home/airflow/.local/lib/python3.12/site-packages/airflow/example_dags/example_branch_python_dop_operator_3.py took 0.036 seconds
[2026-04-21T06:46:16.185+0000] {processor.py:186} INFO - Started process (PID=551) to work on /home/airflow/.local/lib/python3.12/site-packages/airflow/example_dags/example_branch_python_dop_operator_3.py
[2026-04-21T06:46:16.185+0000] {processor.py:914} INFO - Processing file /home/airflow/.local/lib/python3.12/site-packages/airflow/example_dags/example_branch_python_dop_operator_3.py for tasks to queue
[2026-04-21T06:46:16.186+0000] {logging_mixin.py:190} INFO - [2026-04-21T06:46:16.186+0000] {dagbag.py:588} INFO - Filling up the DagBag from /home/airflow/.local/lib/python3.12/site-packages/airflow/example_dags/example_branch_python_dop_operator_3.py
[2026-04-21T06:46:16.191+0000] {processor.py:925} INFO - DAG(s) 'example_branch_dop_operator_v3' retrieved from /home/airflow/.local/lib/python3.12/site-packages/airflow/example_dags/example_branch_python_dop_operator_3.py
[2026-04-21T06:46:16.201+0000] {logging_mixin.py:190} INFO - [2026-04-21T06:46:16.201+0000] {dag.py:3239} INFO - Sync 1 DAGs
[2026-04-21T06:46:16.214+0000] {logging_mixin.py:190} INFO - [2026-04-21T06:46:16.213+0000] {dag.py:4180} INFO - Setting next_dagrun for example_branch_dop_operator_v3 to 2026-04-21 06:45:00+00:00, run_after=2026-04-21 06:46:00+00:00
[2026-04-21T06:46:16.226+0000] {processor.py:208} INFO - Processing /home/airflow/.local/lib/python3.12/site-packages/airflow/example_dags/example_branch_python_dop_operator_3.py took 0.044 seconds
[2026-04-21T06:46:46.420+0000] {processor.py:186} INFO - Started process (PID=615) to work on /home/airflow/.local/lib/python3.12/site-packages/airflow/example_dags/example_branch_python_dop_operator_3.py
[2026-04-21T06:46:46.421+0000] {processor.py:914} INFO - Processing file /home/airflow/.local/lib/python3.12/site-packages/airflow/example_dags/example_branch_python_dop_operator_3.py for tasks to queue
[2026-04-21T06:46:46.422+0000] {logging_mixin.py:190} INFO - [2026-04-21T06:46:46.422+0000] {dagbag.py:588} INFO - Filling up the DagBag from /home/airflow/.local/lib/python3.12/site-packages/airflow/example_dags/example_branch_python_dop_operator_3.py
[2026-04-21T06:46:46.426+0000] {processor.py:925} INFO - DAG(s) 'example_branch_dop_operator_v3' retrieved from /home/airflow/.local/lib/python3.12/site-packages/airflow/example_dags/example_branch_python_dop_operator_3.py
[2026-04-21T06:46:46.436+0000] {logging_mixin.py:190} INFO - [2026-04-21T06:46:46.436+0000] {dag.py:3239} INFO - Sync 1 DAGs
[2026-04-21T06:46:46.447+0000] {logging_mixin.py:190} INFO - [2026-04-21T06:46:46.447+0000] {dag.py:4180} INFO - Setting next_dagrun for example_branch_dop_operator_v3 to 2026-04-21 06:45:00+00:00, run_after=2026-04-21 06:46:00+00:00
[2026-04-21T06:46:46.455+0000] {processor.py:208} INFO - Processing /home/airflow/.local/lib/python3.12/site-packages/airflow/example_dags/example_branch_python_dop_operator_3.py took 0.037 seconds
[2026-04-21T06:47:17.654+0000] {processor.py:186} INFO - Started process (PID=679) to work on /home/airflow/.local/lib/python3.12/site-packages/airflow/example_dags/example_branch_python_dop_operator_3.py
[2026-04-21T06:47:17.655+0000] {processor.py:914} INFO - Processing file /home/airflow/.local/lib/python3.12/site-packages/airflow/example_dags/example_branch_python_dop_operator_3.py for tasks to queue
[2026-04-21T06:47:17.656+0000] {logging_mixin.py:190} INFO - [2026-04-21T06:47:17.656+0000] {dagbag.py:588} INFO - Filling up the DagBag from /home/airflow/.local/lib/python3.12/site-packages/airflow/example_dags/example_branch_python_dop_operator_3.py
[2026-04-21T06:47:17.663+0000] {processor.py:925} INFO - DAG(s) 'example_branch_dop_operator_v3' retrieved from /home/airflow/.local/lib/python3.12/site-packages/airflow/example_dags/example_branch_python_dop_operator_3.py
[2026-04-21T06:47:17.672+0000] {logging_mixin.py:190} INFO - [2026-04-21T06:47:17.672+0000] {dag.py:3239} INFO - Sync 1 DAGs
[2026-04-21T06:47:17.683+0000] {logging_mixin.py:190} INFO - [2026-04-21T06:47:17.683+0000] {dag.py:4180} INFO - Setting next_dagrun for example_branch_dop_operator_v3 to 2026-04-21 06:46:00+00:00, run_after=2026-04-21 06:47:00+00:00
[2026-04-21T06:47:17.693+0000] {processor.py:208} INFO - Processing /home/airflow/.local/lib/python3.12/site-packages/airflow/example_dags/example_branch_python_dop_operator_3.py took 0.041 seconds
[2026-04-21T06:47:47.880+0000] {processor.py:186} INFO - Started process (PID=743) to work on /home/airflow/.local/lib/python3.12/site-packages/airflow/example_dags/example_branch_python_dop_operator_3.py
[2026-04-21T06:47:47.881+0000] {processor.py:914} INFO - Processing file /home/airflow/.local/lib/python3.12/site-packages/airflow/example_dags/example_branch_python_dop_operator_3.py for tasks to queue
[2026-04-21T06:47:47.882+0000] {logging_mixin.py:190} INFO - [2026-04-21T06:47:47.882+0000] {dagbag.py:588} INFO - Filling up the DagBag from /home/airflow/.local/lib/python3.12/site-packages/airflow/example_dags/example_branch_python_dop_operator_3.py
[2026-04-21T06:47:47.887+0000] {processor.py:925} INFO - DAG(s) 'example_branch_dop_operator_v3' retrieved from /home/airflow/.local/lib/python3.12/site-packages/airflow/example_dags/example_branch_python_dop_operator_3.py
[2026-04-21T06:47:47.896+0000] {logging_mixin.py:190} INFO - [2026-04-21T06:47:47.896+0000] {dag.py:3239} INFO - Sync 1 DAGs
[2026-04-21T06:47:47.904+0000] {logging_mixin.py:190} INFO - [2026-04-21T06:47:47.904+0000] {dag.py:4180} INFO - Setting next_dagrun for example_branch_dop_operator_v3 to 2026-04-21 06:46:00+00:00, run_after=2026-04-21 06:47:00+00:00
[2026-04-21T06:47:47.909+0000] {processor.py:208} INFO - Processing /home/airflow/.local/lib/python3.12/site-packages/airflow/example_dags/example_branch_python_dop_operator_3.py took 0.032 seconds
[2026-04-21T06:48:19.285+0000] {processor.py:186} INFO - Started process (PID=807) to work on /home/airflow/.local/lib/python3.12/site-packages/airflow/example_dags/example_branch_python_dop_operator_3.py
[2026-04-21T06:48:19.285+0000] {processor.py:914} INFO - Processing file /home/airflow/.local/lib/python3.12/site-packages/airflow/example_dags/example_branch_python_dop_operator_3.py for tasks to queue
[2026-04-21T06:48:19.286+0000] {logging_mixin.py:190} INFO - [2026-04-21T06:48:19.286+0000] {dagbag.py:588} INFO - Filling up the DagBag from /home/airflow/.local/lib/python3.12/site-packages/airflow/example_dags/example_branch_python_dop_operator_3.py
[2026-04-21T06:48:19.291+0000] {processor.py:925} INFO - DAG(s) 'example_branch_dop_operator_v3' retrieved from /home/airflow/.local/lib/python3.12/site-packages/airflow/example_dags/example_branch_python_dop_operator_3.py
[2026-04-21T06:48:19.303+0000] {logging_mixin.py:190} INFO - [2026-04-21T06:48:19.303+0000] {dag.py:3239} INFO - Sync 1 DAGs
[2026-04-21T06:48:19.313+0000] {logging_mixin.py:190} INFO - [2026-04-21T06:48:19.313+0000] {dag.py:4180} INFO - Setting next_dagrun for example_branch_dop_operator_v3 to 2026-04-21 06:47:00+00:00, run_after=2026-04-21 06:48:00+00:00
[2026-04-21T06:48:19.327+0000] {processor.py:208} INFO - Processing /home/airflow/.local/lib/python3.12/site-packages/airflow/example_dags/example_branch_python_dop_operator_3.py took 0.045 seconds
[2026-04-21T06:48:49.999+0000] {processor.py:186} INFO - Started process (PID=871) to work on /home/airflow/.local/lib/python3.12/site-packages/airflow/example_dags/example_branch_python_dop_operator_3.py
[2026-04-21T06:48:50.000+0000] {processor.py:914} INFO - Processing file /home/airflow/.local/lib/python3.12/site-packages/airflow/example_dags/example_branch_python_dop_operator_3.py for tasks to queue
[2026-04-21T06:48:50.001+0000] {logging_mixin.py:190} INFO - [2026-04-21T06:48:50.001+0000] {dagbag.py:588} INFO - Filling up the DagBag from /home/airflow/.local/lib/python3.12/site-packages/airflow/example_dags/example_branch_python_dop_operator_3.py
[2026-04-21T06:48:50.006+0000] {processor.py:925} INFO - DAG(s) 'example_branch_dop_operator_v3' retrieved from /home/airflow/.local/lib/python3.12/site-packages/airflow/example_dags/example_branch_python_dop_operator_3.py
[2026-04-21T06:48:50.019+0000] {logging_mixin.py:190} INFO - [2026-04-21T06:48:50.019+0000] {dag.py:3239} INFO - Sync 1 DAGs
[2026-04-21T06:48:50.029+0000] {logging_mixin.py:190} INFO - [2026-04-21T06:48:50.029+0000] {dag.py:4180} INFO - Setting next_dagrun for example_branch_dop_operator_v3 to 2026-04-21 06:47:00+00:00, run_after=2026-04-21 06:48:00+00:00
[2026-04-21T06:48:50.039+0000] {processor.py:208} INFO - Processing /home/airflow/.local/lib/python3.12/site-packages/airflow/example_dags/example_branch_python_dop_operator_3.py took 0.042 seconds
[2026-04-21T06:49:20.478+0000] {processor.py:186} INFO - Started process (PID=935) to work on /home/airflow/.local/lib/python3.12/site-packages/airflow/example_dags/example_branch_python_dop_operator_3.py
[2026-04-21T06:49:20.479+0000] {processor.py:914} INFO - Processing file /home/airflow/.local/lib/python3.12/site-packages/airflow/example_dags/example_branch_python_dop_operator_3.py for tasks to queue
[2026-04-21T06:49:20.481+0000] {logging_mixin.py:190} INFO - [2026-04-21T06:49:20.481+0000] {dagbag.py:588} INFO - Filling up the DagBag from /home/airflow/.local/lib/python3.12/site-packages/airflow/example_dags/example_branch_python_dop_operator_3.py
[2026-04-21T06:49:20.487+0000] {processor.py:925} INFO - DAG(s) 'example_branch_dop_operator_v3' retrieved from /home/airflow/.local/lib/python3.12/site-packages/airflow/example_dags/example_branch_python_dop_operator_3.py
[2026-04-21T06:49:20.496+0000] {logging_mixin.py:190} INFO - [2026-04-21T06:49:20.496+0000] {dag.py:3239} INFO - Sync 1 DAGs
[2026-04-21T06:49:20.505+0000] {logging_mixin.py:190} INFO - [2026-04-21T06:49:20.505+0000] {dag.py:4180} INFO - Setting next_dagrun for example_branch_dop_operator_v3 to 2026-04-21 06:48:00+00:00, run_after=2026-04-21 06:49:00+00:00
[2026-04-21T06:49:20.510+0000] {processor.py:208} INFO - Processing /home/airflow/.local/lib/python3.12/site-packages/airflow/example_dags/example_branch_python_dop_operator_3.py took 0.034 seconds
[2026-04-21T06:49:50.956+0000] {processor.py:186} INFO - Started process (PID=999) to work on /home/airflow/.local/lib/python3.12/site-packages/airflow/example_dags/example_branch_python_dop_operator_3.py
[2026-04-21T06:49:50.957+0000] {processor.py:914} INFO - Processing file /home/airflow/.local/lib/python3.12/site-packages/airflow/example_dags/example_branch_python_dop_operator_3.py for tasks to queue
[2026-04-21T06:49:50.958+0000] {logging_mixin.py:190} INFO - [2026-04-21T06:49:50.958+0000] {dagbag.py:588} INFO - Filling up the DagBag from /home/airflow/.local/lib/python3.12/site-packages/airflow/example_dags/example_branch_python_dop_operator_3.py
[2026-04-21T06:49:50.962+0000] {processor.py:925} INFO - DAG(s) 'example_branch_dop_operator_v3' retrieved from /home/airflow/.local/lib/python3.12/site-packages/airflow/example_dags/example_branch_python_dop_operator_3.py
[2026-04-21T06:49:50.969+0000] {logging_mixin.py:190} INFO - [2026-04-21T06:49:50.969+0000] {dag.py:3239} INFO - Sync 1 DAGs
[2026-04-21T06:49:50.978+0000] {logging_mixin.py:190} INFO - [2026-04-21T06:49:50.978+0000] {dag.py:4180} INFO - Setting next_dagrun for example_branch_dop_operator_v3 to 2026-04-21 06:48:00+00:00, run_after=2026-04-21 06:49:00+00:00
[2026-04-21T06:49:50.984+0000] {processor.py:208} INFO - Processing /home/airflow/.local/lib/python3.12/site-packages/airflow/example_dags/example_branch_python_dop_operator_3.py took 0.030 seconds
[2026-04-21T06:50:21.459+0000] {processor.py:186} INFO - Started process (PID=1063) to work on /home/airflow/.local/lib/python3.12/site-packages/airflow/example_dags/example_branch_python_dop_operator_3.py
[2026-04-21T06:50:21.460+0000] {processor.py:914} INFO - Processing file /home/airflow/.local/lib/python3.12/site-packages/airflow/example_dags/example_branch_python_dop_operator_3.py for tasks to queue
[2026-04-21T06:50:21.461+0000] {logging_mixin.py:190} INFO - [2026-04-21T06:50:21.461+0000] {dagbag.py:588} INFO - Filling up the DagBag from /home/airflow/.local/lib/python3.12/site-packages/airflow/example_dags/example_branch_python_dop_operator_3.py
[2026-04-21T06:50:21.466+0000] {processor.py:925} INFO - DAG(s) 'example_branch_dop_operator_v3' retrieved from /home/airflow/.local/lib/python3.12/site-packages/airflow/example_dags/example_branch_python_dop_operator_3.py
[2026-04-21T06:50:21.476+0000] {logging_mixin.py:190} INFO - [2026-04-21T06:50:21.476+0000] {dag.py:3239} INFO - Sync 1 DAGs
[2026-04-21T06:50:21.485+0000] {logging_mixin.py:190} INFO - [2026-04-21T06:50:21.485+0000] {dag.py:4180} INFO - Setting next_dagrun for example_branch_dop_operator_v3 to 2026-04-21 06:49:00+00:00, run_after=2026-04-21 06:50:00+00:00
[2026-04-21T06:50:21.491+0000] {processor.py:208} INFO - Processing /home/airflow/.local/lib/python3.12/site-packages/airflow/example_dags/example_branch_python_dop_operator_3.py took 0.035 seconds
[2026-04-21T06:50:51.829+0000] {processor.py:186} INFO - Started process (PID=1127) to work on /home/airflow/.local/lib/python3.12/site-packages/airflow/example_dags/example_branch_python_dop_operator_3.py
[2026-04-21T06:50:51.829+0000] {processor.py:914} INFO - Processing file /home/airflow/.local/lib/python3.12/site-packages/airflow/example_dags/example_branch_python_dop_operator_3.py for tasks to queue
[2026-04-21T06:50:51.830+0000] {logging_mixin.py:190} INFO - [2026-04-21T06:50:51.830+0000] {dagbag.py:588} INFO - Filling up the DagBag from /home/airflow/.local/lib/python3.12/site-packages/airflow/example_dags/example_branch_python_dop_operator_3.py
[2026-04-21T06:50:51.834+0000] {processor.py:925} INFO - DAG(s) 'example_branch_dop_operator_v3' retrieved from /home/airflow/.local/lib/python3.12/site-packages/airflow/example_dags/example_branch_python_dop_operator_3.py
[2026-04-21T06:50:51.842+0000] {logging_mixin.py:190} INFO - [2026-04-21T06:50:51.842+0000] {dag.py:3239} INFO - Sync 1 DAGs
[2026-04-21T06:50:51.850+0000] {logging_mixin.py:190} INFO - [2026-04-21T06:50:51.850+0000] {dag.py:4180} INFO - Setting next_dagrun for example_branch_dop_operator_v3 to 2026-04-21 06:49:00+00:00, run_after=2026-04-21 06:50:00+00:00
[2026-04-21T06:50:51.858+0000] {processor.py:208} INFO - Processing /home/airflow/.local/lib/python3.12/site-packages/airflow/example_dags/example_branch_python_dop_operator_3.py took 0.032 seconds
[2026-04-21T06:51:23.018+0000] {processor.py:186} INFO - Started process (PID=1191) to work on /home/airflow/.local/lib/python3.12/site-packages/airflow/example_dags/example_branch_python_dop_operator_3.py
[2026-04-21T06:51:23.019+0000] {processor.py:914} INFO - Processing file /home/airflow/.local/lib/python3.12/site-packages/airflow/example_dags/example_branch_python_dop_operator_3.py for tasks to queue
[2026-04-21T06:51:23.021+0000] {logging_mixin.py:190} INFO - [2026-04-21T06:51:23.020+0000] {dagbag.py:588} INFO - Filling up the DagBag from /home/airflow/.local/lib/python3.12/site-packages/airflow/example_dags/example_branch_python_dop_operator_3.py
[2026-04-21T06:51:23.024+0000] {processor.py:925} INFO - DAG(s) 'example_branch_dop_operator_v3' retrieved from /home/airflow/.local/lib/python3.12/site-packages/airflow/example_dags/example_branch_python_dop_operator_3.py
[2026-04-21T06:51:23.034+0000] {logging_mixin.py:190} INFO - [2026-04-21T06:51:23.034+0000] {dag.py:3239} INFO - Sync 1 DAGs
[2026-04-21T06:51:23.043+0000] {logging_mixin.py:190} INFO - [2026-04-21T06:51:23.043+0000] {dag.py:4180} INFO - Setting next_dagrun for example_branch_dop_operator_v3 to 2026-04-21 06:50:00+00:00, run_after=2026-04-21 06:51:00+00:00
[2026-04-21T06:51:23.053+0000] {processor.py:208} INFO - Processing /home/airflow/.local/lib/python3.12/site-packages/airflow/example_dags/example_branch_python_dop_operator_3.py took 0.037 seconds
[2026-04-21T06:51:54.192+0000] {processor.py:186} INFO - Started process (PID=1255) to work on /home/airflow/.local/lib/python3.12/site-packages/airflow/example_dags/example_branch_python_dop_operator_3.py
[2026-04-21T06:51:54.192+0000] {processor.py:914} INFO - Processing file /home/airflow/.local/lib/python3.12/site-packages/airflow/example_dags/example_branch_python_dop_operator_3.py for tasks to queue
[2026-04-21T06:51:54.193+0000] {logging_mixin.py:190} INFO - [2026-04-21T06:51:54.193+0000] {dagbag.py:588} INFO - Filling up the DagBag from /home/airflow/.local/lib/python3.12/site-packages/airflow/example_dags/example_branch_python_dop_operator_3.py
[2026-04-21T06:51:54.197+0000] {processor.py:925} INFO - DAG(s) 'example_branch_dop_operator_v3' retrieved from /home/airflow/.local/lib/python3.12/site-packages/airflow/example_dags/example_branch_python_dop_operator_3.py
[2026-04-21T06:51:54.213+0000] {logging_mixin.py:190} INFO - [2026-04-21T06:51:54.213+0000] {dag.py:3239} INFO - Sync 1 DAGs
[2026-04-21T06:51:54.226+0000] {logging_mixin.py:190} INFO - [2026-04-21T06:51:54.226+0000] {dag.py:4180} INFO - Setting next_dagrun for example_branch_dop_operator_v3 to 2026-04-21 06:50:00+00:00, run_after=2026-04-21 06:51:00+00:00
[2026-04-21T06:51:54.242+0000] {processor.py:208} INFO - Processing /home/airflow/.local/lib/python3.12/site-packages/airflow/example_dags/example_branch_python_dop_operator_3.py took 0.053 seconds
[2026-04-21T06:52:25.630+0000] {processor.py:186} INFO - Started process (PID=1319) to work on /home/airflow/.local/lib/python3.12/site-packages/airflow/example_dags/example_branch_python_dop_operator_3.py
[2026-04-21T06:52:25.630+0000] {processor.py:914} INFO - Processing file /home/airflow/.local/lib/python3.12/site-packages/airflow/example_dags/example_branch_python_dop_operator_3.py for tasks to queue
[2026-04-21T06:52:25.631+0000] {logging_mixin.py:190} INFO - [2026-04-21T06:52:25.631+0000] {dagbag.py:588} INFO - Filling up the DagBag from /home/airflow/.local/lib/python3.12/site-packages/airflow/example_dags/example_branch_python_dop_operator_3.py
[2026-04-21T06:52:25.635+0000] {processor.py:925} INFO - DAG(s) 'example_branch_dop_operator_v3' retrieved from /home/airflow/.local/lib/python3.12/site-packages/airflow/example_dags/example_branch_python_dop_operator_3.py
[2026-04-21T06:52:25.646+0000] {logging_mixin.py:190} INFO - [2026-04-21T06:52:25.646+0000] {dag.py:3239} INFO - Sync 1 DAGs
[2026-04-21T06:52:25.656+0000] {logging_mixin.py:190} INFO - [2026-04-21T06:52:25.656+0000] {dag.py:4180} INFO - Setting next_dagrun for example_branch_dop_operator_v3 to 2026-04-21 06:51:00+00:00, run_after=2026-04-21 06:52:00+00:00
[2026-04-21T06:52:25.666+0000] {processor.py:208} INFO - Processing /home/airflow/.local/lib/python3.12/site-packages/airflow/example_dags/example_branch_python_dop_operator_3.py took 0.038 seconds
[2026-04-21T06:52:55.972+0000] {processor.py:186} INFO - Started process (PID=1383) to work on /home/airflow/.local/lib/python3.12/site-packages/airflow/example_dags/example_branch_python_dop_operator_3.py
[2026-04-21T06:52:55.973+0000] {processor.py:914} INFO - Processing file /home/airflow/.local/lib/python3.12/site-packages/airflow/example_dags/example_branch_python_dop_operator_3.py for tasks to queue
[2026-04-21T06:52:55.976+0000] {logging_mixin.py:190} INFO - [2026-04-21T06:52:55.976+0000] {dagbag.py:588} INFO - Filling up the DagBag from /home/airflow/.local/lib/python3.12/site-packages/airflow/example_dags/example_branch_python_dop_operator_3.py
[2026-04-21T06:52:55.982+0000] {processor.py:925} INFO - DAG(s) 'example_branch_dop_operator_v3' retrieved from /home/airflow/.local/lib/python3.12/site-packages/airflow/example_dags/example_branch_python_dop_operator_3.py
[2026-04-21T06:52:55.992+0000] {logging_mixin.py:190} INFO - [2026-04-21T06:52:55.992+0000] {dag.py:3239} INFO - Sync 1 DAGs
[2026-04-21T06:52:56.002+0000] {logging_mixin.py:190} INFO - [2026-04-21T06:52:56.002+0000] {dag.py:4180} INFO - Setting next_dagrun for example_branch_dop_operator_v3 to 2026-04-21 06:51:00+00:00, run_after=2026-04-21 06:52:00+00:00
[2026-04-21T06:52:56.012+0000] {processor.py:208} INFO - Processing /home/airflow/.local/lib/python3.12/site-packages/airflow/example_dags/example_branch_python_dop_operator_3.py took 0.043 seconds
[2026-04-21T06:53:27.269+0000] {processor.py:186} INFO - Started process (PID=1447) to work on /home/airflow/.local/lib/python3.12/site-packages/airflow/example_dags/example_branch_python_dop_operator_3.py
[2026-04-21T06:53:27.270+0000] {processor.py:914} INFO - Processing file /home/airflow/.local/lib/python3.12/site-packages/airflow/example_dags/example_branch_python_dop_operator_3.py for tasks to queue
[2026-04-21T06:53:27.271+0000] {logging_mixin.py:190} INFO - [2026-04-21T06:53:27.271+0000] {dagbag.py:588} INFO - Filling up the DagBag from /home/airflow/.local/lib/python3.12/site-packages/airflow/example_dags/example_branch_python_dop_operator_3.py
[2026-04-21T06:53:27.276+0000] {processor.py:925} INFO - DAG(s) 'example_branch_dop_operator_v3' retrieved from /home/airflow/.local/lib/python3.12/site-packages/airflow/example_dags/example_branch_python_dop_operator_3.py
[2026-04-21T06:53:27.284+0000] {logging_mixin.py:190} INFO - [2026-04-21T06:53:27.284+0000] {dag.py:3239} INFO - Sync 1 DAGs
[2026-04-21T06:53:27.294+0000] {logging_mixin.py:190} INFO - [2026-04-21T06:53:27.294+0000] {dag.py:4180} INFO - Setting next_dagrun for example_branch_dop_operator_v3 to 2026-04-21 06:52:00+00:00, run_after=2026-04-21 06:53:00+00:00
[2026-04-21T06:53:27.305+0000] {processor.py:208} INFO - Processing /home/airflow/.local/lib/python3.12/site-packages/airflow/example_dags/example_branch_python_dop_operator_3.py took 0.038 seconds
[2026-04-21T06:53:57.540+0000] {processor.py:186} INFO - Started process (PID=1511) to work on /home/airflow/.local/lib/python3.12/site-packages/airflow/example_dags/example_branch_python_dop_operator_3.py
[2026-04-21T06:53:57.541+0000] {processor.py:914} INFO - Processing file /home/airflow/.local/lib/python3.12/site-packages/airflow/example_dags/example_branch_python_dop_operator_3.py for tasks to queue
[2026-04-21T06:53:57.542+0000] {logging_mixin.py:190} INFO - [2026-04-21T06:53:57.542+0000] {dagbag.py:588} INFO - Filling up the DagBag from /home/airflow/.local/lib/python3.12/site-packages/airflow/example_dags/example_branch_python_dop_operator_3.py
[2026-04-21T06:53:57.547+0000] {processor.py:925} INFO - DAG(s) 'example_branch_dop_operator_v3' retrieved from /home/airflow/.local/lib/python3.12/site-packages/airflow/example_dags/example_branch_python_dop_operator_3.py
[2026-04-21T06:53:57.554+0000] {logging_mixin.py:190} INFO - [2026-04-21T06:53:57.554+0000] {dag.py:3239} INFO - Sync 1 DAGs
[2026-04-21T06:53:57.563+0000] {logging_mixin.py:190} INFO - [2026-04-21T06:53:57.562+0000] {dag.py:4180} INFO - Setting next_dagrun for example_branch_dop_operator_v3 to 2026-04-21 06:52:00+00:00, run_after=2026-04-21 06:53:00+00:00
[2026-04-21T06:53:57.571+0000] {processor.py:208} INFO - Processing /home/airflow/.local/lib/python3.12/site-packages/airflow/example_dags/example_branch_python_dop_operator_3.py took 0.032 seconds
[2026-04-21T06:54:28.552+0000] {processor.py:186} INFO - Started process (PID=1575) to work on /home/airflow/.local/lib/python3.12/site-packages/airflow/example_dags/example_branch_python_dop_operator_3.py
[2026-04-21T06:54:28.552+0000] {processor.py:914} INFO - Processing file /home/airflow/.local/lib/python3.12/site-packages/airflow/example_dags/example_branch_python_dop_operator_3.py for tasks to queue
[2026-04-21T06:54:28.553+0000] {logging_mixin.py:190} INFO - [2026-04-21T06:54:28.553+0000] {dagbag.py:588} INFO - Filling up the DagBag from /home/airflow/.local/lib/python3.12/site-packages/airflow/example_dags/example_branch_python_dop_operator_3.py
[2026-04-21T06:54:28.558+0000] {processor.py:925} INFO - DAG(s) 'example_branch_dop_operator_v3' retrieved from /home/airflow/.local/lib/python3.12/site-packages/airflow/example_dags/example_branch_python_dop_operator_3.py
[2026-04-21T06:54:28.569+0000] {logging_mixin.py:190} INFO - [2026-04-21T06:54:28.569+0000] {dag.py:3239} INFO - Sync 1 DAGs
[2026-04-21T06:54:28.580+0000] {logging_mixin.py:190} INFO - [2026-04-21T06:54:28.580+0000] {dag.py:4180} INFO - Setting next_dagrun for example_branch_dop_operator_v3 to 2026-04-21 06:53:00+00:00, run_after=2026-04-21 06:54:00+00:00
[2026-04-21T06:54:28.590+0000] {processor.py:208} INFO - Processing /home/airflow/.local/lib/python3.12/site-packages/airflow/example_dags/example_branch_python_dop_operator_3.py took 0.041 seconds
[2026-04-21T06:54:59.652+0000] {processor.py:186} INFO - Started process (PID=1639) to work on /home/airflow/.local/lib/python3.12/site-packages/airflow/example_dags/example_branch_python_dop_operator_3.py
[2026-04-21T06:54:59.653+0000] {processor.py:914} INFO - Processing file /home/airflow/.local/lib/python3.12/site-packages/airflow/example_dags/example_branch_python_dop_operator_3.py for tasks to queue
[2026-04-21T06:54:59.654+0000] {logging_mixin.py:190} INFO - [2026-04-21T06:54:59.654+0000] {dagbag.py:588} INFO - Filling up the DagBag from /home/airflow/.local/lib/python3.12/site-packages/airflow/example_dags/example_branch_python_dop_operator_3.py
[2026-04-21T06:54:59.659+0000] {processor.py:925} INFO - DAG(s) 'example_branch_dop_operator_v3' retrieved from /home/airflow/.local/lib/python3.12/site-packages/airflow/example_dags/example_branch_python_dop_operator_3.py
[2026-04-21T06:54:59.668+0000] {logging_mixin.py:190} INFO - [2026-04-21T06:54:59.668+0000] {dag.py:3239} INFO - Sync 1 DAGs
[2026-04-21T06:54:59.677+0000] {logging_mixin.py:190} INFO - [2026-04-21T06:54:59.677+0000] {dag.py:4180} INFO - Setting next_dagrun for example_branch_dop_operator_v3 to 2026-04-21 06:53:00+00:00, run_after=2026-04-21 06:54:00+00:00
[2026-04-21T06:54:59.683+0000] {processor.py:208} INFO - Processing /home/airflow/.local/lib/python3.12/site-packages/airflow/example_dags/example_branch_python_dop_operator_3.py took 0.035 seconds
[2026-04-21T06:55:30.769+0000] {processor.py:186} INFO - Started process (PID=1703) to work on /home/airflow/.local/lib/python3.12/site-packages/airflow/example_dags/example_branch_python_dop_operator_3.py
[2026-04-21T06:55:30.770+0000] {processor.py:914} INFO - Processing file /home/airflow/.local/lib/python3.12/site-packages/airflow/example_dags/example_branch_python_dop_operator_3.py for tasks to queue
[2026-04-21T06:55:30.771+0000] {logging_mixin.py:190} INFO - [2026-04-21T06:55:30.770+0000] {dagbag.py:588} INFO - Filling up the DagBag from /home/airflow/.local/lib/python3.12/site-packages/airflow/example_dags/example_branch_python_dop_operator_3.py
[2026-04-21T06:55:30.775+0000] {processor.py:925} INFO - DAG(s) 'example_branch_dop_operator_v3' retrieved from /home/airflow/.local/lib/python3.12/site-packages/airflow/example_dags/example_branch_python_dop_operator_3.py
[2026-04-21T06:55:30.782+0000] {logging_mixin.py:190} INFO - [2026-04-21T06:55:30.782+0000] {dag.py:3239} INFO - Sync 1 DAGs
[2026-04-21T06:55:30.790+0000] {logging_mixin.py:190} INFO - [2026-04-21T06:55:30.790+0000] {dag.py:4180} INFO - Setting next_dagrun for example_branch_dop_operator_v3 to 2026-04-21 06:54:00+00:00, run_after=2026-04-21 06:55:00+00:00
[2026-04-21T06:55:30.797+0000] {processor.py:208} INFO - Processing /home/airflow/.local/lib/python3.12/site-packages/airflow/example_dags/example_branch_python_dop_operator_3.py took 0.030 seconds
[2026-04-21T06:56:04.328+0000] {processor.py:186} INFO - Started process (PID=1767) to work on /home/airflow/.local/lib/python3.12/site-packages/airflow/example_dags/example_branch_python_dop_operator_3.py
[2026-04-21T06:56:04.329+0000] {processor.py:914} INFO - Processing file /home/airflow/.local/lib/python3.12/site-packages/airflow/example_dags/example_branch_python_dop_operator_3.py for tasks to queue
[2026-04-21T06:56:04.330+0000] {logging_mixin.py:190} INFO - [2026-04-21T06:56:04.329+0000] {dagbag.py:588} INFO - Filling up the DagBag from /home/airflow/.local/lib/python3.12/site-packages/airflow/example_dags/example_branch_python_dop_operator_3.py
[2026-04-21T06:56:04.335+0000] {processor.py:925} INFO - DAG(s) 'example_branch_dop_operator_v3' retrieved from /home/airflow/.local/lib/python3.12/site-packages/airflow/example_dags/example_branch_python_dop_operator_3.py
[2026-04-21T06:56:04.345+0000] {logging_mixin.py:190} INFO - [2026-04-21T06:56:04.344+0000] {dag.py:3239} INFO - Sync 1 DAGs
[2026-04-21T06:56:04.361+0000] {logging_mixin.py:190} INFO - [2026-04-21T06:56:04.360+0000] {dag.py:4180} INFO - Setting next_dagrun for example_branch_dop_operator_v3 to 2026-04-21 06:55:00+00:00, run_after=2026-04-21 06:56:00+00:00
[2026-04-21T06:56:04.372+0000] {processor.py:208} INFO - Processing /home/airflow/.local/lib/python3.12/site-packages/airflow/example_dags/example_branch_python_dop_operator_3.py took 0.047 seconds
[2026-04-21T07:01:28.406+0000] {processor.py:186} INFO - Started process (PID=1848) to work on /home/airflow/.local/lib/python3.12/site-packages/airflow/example_dags/example_branch_python_dop_operator_3.py
[2026-04-21T07:01:28.407+0000] {processor.py:914} INFO - Processing file /home/airflow/.local/lib/python3.12/site-packages/airflow/example_dags/example_branch_python_dop_operator_3.py for tasks to queue
[2026-04-21T07:01:28.407+0000] {logging_mixin.py:190} INFO - [2026-04-21T07:01:28.407+0000] {dagbag.py:588} INFO - Filling up the DagBag from /home/airflow/.local/lib/python3.12/site-packages/airflow/example_dags/example_branch_python_dop_operator_3.py
[2026-04-21T07:01:28.411+0000] {processor.py:925} INFO - DAG(s) 'example_branch_dop_operator_v3' retrieved from /home/airflow/.local/lib/python3.12/site-packages/airflow/example_dags/example_branch_python_dop_operator_3.py
[2026-04-21T07:01:28.417+0000] {logging_mixin.py:190} INFO - [2026-04-21T07:01:28.417+0000] {dag.py:3239} INFO - Sync 1 DAGs
[2026-04-21T07:01:28.425+0000] {logging_mixin.py:190} INFO - [2026-04-21T07:01:28.425+0000] {dag.py:4180} INFO - Setting next_dagrun for example_branch_dop_operator_v3 to 2026-04-21 07:00:00+00:00, run_after=2026-04-21 07:01:00+00:00
[2026-04-21T07:01:28.430+0000] {processor.py:208} INFO - Processing /home/airflow/.local/lib/python3.12/site-packages/airflow/example_dags/example_branch_python_dop_operator_3.py took 0.026 seconds
[2026-04-21T07:01:59.864+0000] {processor.py:186} INFO - Started process (PID=1912) to work on /home/airflow/.local/lib/python3.12/site-packages/airflow/example_dags/example_branch_python_dop_operator_3.py
[2026-04-21T07:01:59.865+0000] {processor.py:914} INFO - Processing file /home/airflow/.local/lib/python3.12/site-packages/airflow/example_dags/example_branch_python_dop_operator_3.py for tasks to queue
[2026-04-21T07:01:59.867+0000] {logging_mixin.py:190} INFO - [2026-04-21T07:01:59.867+0000] {dagbag.py:588} INFO - Filling up the DagBag from /home/airflow/.local/lib/python3.12/site-packages/airflow/example_dags/example_branch_python_dop_operator_3.py
[2026-04-21T07:01:59.874+0000] {processor.py:925} INFO - DAG(s) 'example_branch_dop_operator_v3' retrieved from /home/airflow/.local/lib/python3.12/site-packages/airflow/example_dags/example_branch_python_dop_operator_3.py
[2026-04-21T07:01:59.886+0000] {logging_mixin.py:190} INFO - [2026-04-21T07:01:59.886+0000] {dag.py:3239} INFO - Sync 1 DAGs
[2026-04-21T07:01:59.898+0000] {logging_mixin.py:190} INFO - [2026-04-21T07:01:59.898+0000] {dag.py:4180} INFO - Setting next_dagrun for example_branch_dop_operator_v3 to 2026-04-21 07:00:00+00:00, run_after=2026-04-21 07:01:00+00:00
[2026-04-21T07:01:59.906+0000] {processor.py:208} INFO - Processing /home/airflow/.local/lib/python3.12/site-packages/airflow/example_dags/example_branch_python_dop_operator_3.py took 0.044 seconds
[2026-04-21T07:02:30.890+0000] {processor.py:186} INFO - Started process (PID=1976) to work on /home/airflow/.local/lib/python3.12/site-packages/airflow/example_dags/example_branch_python_dop_operator_3.py
[2026-04-21T07:02:30.891+0000] {processor.py:914} INFO - Processing file /home/airflow/.local/lib/python3.12/site-packages/airflow/example_dags/example_branch_python_dop_operator_3.py for tasks to queue
[2026-04-21T07:02:30.892+0000] {logging_mixin.py:190} INFO - [2026-04-21T07:02:30.891+0000] {dagbag.py:588} INFO - Filling up the DagBag from /home/airflow/.local/lib/python3.12/site-packages/airflow/example_dags/example_branch_python_dop_operator_3.py
[2026-04-21T07:02:30.896+0000] {processor.py:925} INFO - DAG(s) 'example_branch_dop_operator_v3' retrieved from /home/airflow/.local/lib/python3.12/site-packages/airflow/example_dags/example_branch_python_dop_operator_3.py
[2026-04-21T07:02:30.905+0000] {logging_mixin.py:190} INFO - [2026-04-21T07:02:30.905+0000] {dag.py:3239} INFO - Sync 1 DAGs
[2026-04-21T07:02:30.914+0000] {logging_mixin.py:190} INFO - [2026-04-21T07:02:30.914+0000] {dag.py:4180} INFO - Setting next_dagrun for example_branch_dop_operator_v3 to 2026-04-21 07:01:00+00:00, run_after=2026-04-21 07:02:00+00:00
[2026-04-21T07:02:30.919+0000] {processor.py:208} INFO - Processing /home/airflow/.local/lib/python3.12/site-packages/airflow/example_dags/example_branch_python_dop_operator_3.py took 0.032 seconds
[2026-04-21T07:03:01.894+0000] {processor.py:186} INFO - Started process (PID=2040) to work on /home/airflow/.local/lib/python3.12/site-packages/airflow/example_dags/example_branch_python_dop_operator_3.py
[2026-04-21T07:03:01.896+0000] {processor.py:914} INFO - Processing file /home/airflow/.local/lib/python3.12/site-packages/airflow/example_dags/example_branch_python_dop_operator_3.py for tasks to queue
[2026-04-21T07:03:01.897+0000] {logging_mixin.py:190} INFO - [2026-04-21T07:03:01.897+0000] {dagbag.py:588} INFO - Filling up the DagBag from /home/airflow/.local/lib/python3.12/site-packages/airflow/example_dags/example_branch_python_dop_operator_3.py
[2026-04-21T07:03:01.901+0000] {processor.py:925} INFO - DAG(s) 'example_branch_dop_operator_v3' retrieved from /home/airflow/.local/lib/python3.12/site-packages/airflow/example_dags/example_branch_python_dop_operator_3.py
[2026-04-21T07:03:01.908+0000] {logging_mixin.py:190} INFO - [2026-04-21T07:03:01.908+0000] {dag.py:3239} INFO - Sync 1 DAGs
[2026-04-21T07:03:01.917+0000] {logging_mixin.py:190} INFO - [2026-04-21T07:03:01.917+0000] {dag.py:4180} INFO - Setting next_dagrun for example_branch_dop_operator_v3 to 2026-04-21 07:02:00+00:00, run_after=2026-04-21 07:03:00+00:00
[2026-04-21T07:03:01.931+0000] {processor.py:208} INFO - Processing /home/airflow/.local/lib/python3.12/site-packages/airflow/example_dags/example_branch_python_dop_operator_3.py took 0.039 seconds
[2026-04-21T07:03:32.997+0000] {processor.py:186} INFO - Started process (PID=2104) to work on /home/airflow/.local/lib/python3.12/site-packages/airflow/example_dags/example_branch_python_dop_operator_3.py
[2026-04-21T07:03:32.997+0000] {processor.py:914} INFO - Processing file /home/airflow/.local/lib/python3.12/site-packages/airflow/example_dags/example_branch_python_dop_operator_3.py for tasks to queue
[2026-04-21T07:03:32.998+0000] {logging_mixin.py:190} INFO - [2026-04-21T07:03:32.998+0000] {dagbag.py:588} INFO - Filling up the DagBag from /home/airflow/.local/lib/python3.12/site-packages/airflow/example_dags/example_branch_python_dop_operator_3.py
[2026-04-21T07:03:33.003+0000] {processor.py:925} INFO - DAG(s) 'example_branch_dop_operator_v3' retrieved from /home/airflow/.local/lib/python3.12/site-packages/airflow/example_dags/example_branch_python_dop_operator_3.py
[2026-04-21T07:03:33.009+0000] {logging_mixin.py:190} INFO - [2026-04-21T07:03:33.009+0000] {dag.py:3239} INFO - Sync 1 DAGs
[2026-04-21T07:03:33.019+0000] {logging_mixin.py:190} INFO - [2026-04-21T07:03:33.019+0000] {dag.py:4180} INFO - Setting next_dagrun for example_branch_dop_operator_v3 to 2026-04-21 07:02:00+00:00, run_after=2026-04-21 07:03:00+00:00
[2026-04-21T07:03:33.028+0000] {processor.py:208} INFO - Processing /home/airflow/.local/lib/python3.12/site-packages/airflow/example_dags/example_branch_python_dop_operator_3.py took 0.034 seconds
[2026-04-21T07:04:03.997+0000] {processor.py:186} INFO - Started process (PID=2168) to work on /home/airflow/.local/lib/python3.12/site-packages/airflow/example_dags/example_branch_python_dop_operator_3.py
[2026-04-21T07:04:03.998+0000] {processor.py:914} INFO - Processing file /home/airflow/.local/lib/python3.12/site-packages/airflow/example_dags/example_branch_python_dop_operator_3.py for tasks to queue
[2026-04-21T07:04:04.000+0000] {logging_mixin.py:190} INFO - [2026-04-21T07:04:04.000+0000] {dagbag.py:588} INFO - Filling up the DagBag from /home/airflow/.local/lib/python3.12/site-packages/airflow/example_dags/example_branch_python_dop_operator_3.py
[2026-04-21T07:04:04.004+0000] {processor.py:925} INFO - DAG(s) 'example_branch_dop_operator_v3' retrieved from /home/airflow/.local/lib/python3.12/site-packages/airflow/example_dags/example_branch_python_dop_operator_3.py
[2026-04-21T07:04:04.014+0000] {logging_mixin.py:190} INFO - [2026-04-21T07:04:04.014+0000] {dag.py:3239} INFO - Sync 1 DAGs
[2026-04-21T07:04:04.023+0000] {logging_mixin.py:190} INFO - [2026-04-21T07:04:04.023+0000] {dag.py:4180} INFO - Setting next_dagrun for example_branch_dop_operator_v3 to 2026-04-21 07:03:00+00:00, run_after=2026-04-21 07:04:00+00:00
[2026-04-21T07:04:04.028+0000] {processor.py:208} INFO - Processing /home/airflow/.local/lib/python3.12/site-packages/airflow/example_dags/example_branch_python_dop_operator_3.py took 0.033 seconds
[2026-04-21T07:04:35.200+0000] {processor.py:186} INFO - Started process (PID=2232) to work on /home/airflow/.local/lib/python3.12/site-packages/airflow/example_dags/example_branch_python_dop_operator_3.py
[2026-04-21T07:04:35.201+0000] {processor.py:914} INFO - Processing file /home/airflow/.local/lib/python3.12/site-packages/airflow/example_dags/example_branch_python_dop_operator_3.py for tasks to queue
[2026-04-21T07:04:35.201+0000] {logging_mixin.py:190} INFO - [2026-04-21T07:04:35.201+0000] {dagbag.py:588} INFO - Filling up the DagBag from /home/airflow/.local/lib/python3.12/site-packages/airflow/example_dags/example_branch_python_dop_operator_3.py
[2026-04-21T07:04:35.206+0000] {processor.py:925} INFO - DAG(s) 'example_branch_dop_operator_v3' retrieved from /home/airflow/.local/lib/python3.12/site-packages/airflow/example_dags/example_branch_python_dop_operator_3.py
[2026-04-21T07:04:35.215+0000] {logging_mixin.py:190} INFO - [2026-04-21T07:04:35.214+0000] {dag.py:3239} INFO - Sync 1 DAGs
[2026-04-21T07:04:35.225+0000] {logging_mixin.py:190} INFO - [2026-04-21T07:04:35.225+0000] {dag.py:4180} INFO - Setting next_dagrun for example_branch_dop_operator_v3 to 2026-04-21 07:03:00+00:00, run_after=2026-04-21 07:04:00+00:00
[2026-04-21T07:04:35.233+0000] {processor.py:208} INFO - Processing /home/airflow/.local/lib/python3.12/site-packages/airflow/example_dags/example_branch_python_dop_operator_3.py took 0.035 seconds
