[2026-04-21T06:42:40.027+0000] {processor.py:186} INFO - Started process (PID=52) to work on /home/airflow/.local/lib/python3.12/site-packages/airflow/example_dags/example_dag_decorator.py
[2026-04-21T06:42:40.028+0000] {processor.py:914} INFO - Processing file /home/airflow/.local/lib/python3.12/site-packages/airflow/example_dags/example_dag_decorator.py for tasks to queue
[2026-04-21T06:42:40.030+0000] {logging_mixin.py:190} INFO - [2026-04-21T06:42:40.030+0000] {dagbag.py:588} INFO - Filling up the DagBag from /home/airflow/.local/lib/python3.12/site-packages/airflow/example_dags/example_dag_decorator.py
[2026-04-21T06:42:40.124+0000] {processor.py:925} INFO - DAG(s) 'example_dag_decorator' retrieved from /home/airflow/.local/lib/python3.12/site-packages/airflow/example_dags/example_dag_decorator.py
[2026-04-21T06:42:40.257+0000] {logging_mixin.py:190} INFO - [2026-04-21T06:42:40.256+0000] {dag.py:3239} INFO - Sync 1 DAGs
[2026-04-21T06:42:40.266+0000] {logging_mixin.py:190} INFO - [2026-04-21T06:42:40.266+0000] {dag.py:4180} INFO - Setting next_dagrun for example_dag_decorator to None, run_after=None
[2026-04-21T06:42:40.279+0000] {processor.py:208} INFO - Processing /home/airflow/.local/lib/python3.12/site-packages/airflow/example_dags/example_dag_decorator.py took 0.259 seconds
[2026-04-21T06:43:10.338+0000] {processor.py:186} INFO - Started process (PID=123) to work on /home/airflow/.local/lib/python3.12/site-packages/airflow/example_dags/example_dag_decorator.py
[2026-04-21T06:43:10.338+0000] {processor.py:914} INFO - Processing file /home/airflow/.local/lib/python3.12/site-packages/airflow/example_dags/example_dag_decorator.py for tasks to queue
[2026-04-21T06:43:10.340+0000] {logging_mixin.py:190} INFO - [2026-04-21T06:43:10.340+0000] {dagbag.py:588} INFO - Filling up the DagBag from /home/airflow/.local/lib/python3.12/site-packages/airflow/example_dags/example_dag_decorator.py
[2026-04-21T06:43:10.388+0000] {processor.py:925} INFO - DAG(s) 'example_dag_decorator' retrieved from /home/airflow/.local/lib/python3.12/site-packages/airflow/example_dags/example_dag_decorator.py
[2026-04-21T06:43:10.428+0000] {logging_mixin.py:190} INFO - [2026-04-21T06:43:10.427+0000] {dag.py:3239} INFO - Sync 1 DAGs
[2026-04-21T06:43:10.433+0000] {logging_mixin.py:190} INFO - [2026-04-21T06:43:10.433+0000] {dag.py:4180} INFO - Setting next_dagrun for example_dag_decorator to None, run_after=None
[2026-04-21T06:43:10.439+0000] {processor.py:208} INFO - Processing /home/airflow/.local/lib/python3.12/site-packages/airflow/example_dags/example_dag_decorator.py took 0.103 seconds
[2026-04-21T06:43:40.458+0000] {processor.py:186} INFO - Started process (PID=187) to work on /home/airflow/.local/lib/python3.12/site-packages/airflow/example_dags/example_dag_decorator.py
[2026-04-21T06:43:40.458+0000] {processor.py:914} INFO - Processing file /home/airflow/.local/lib/python3.12/site-packages/airflow/example_dags/example_dag_decorator.py for tasks to queue
[2026-04-21T06:43:40.459+0000] {logging_mixin.py:190} INFO - [2026-04-21T06:43:40.459+0000] {dagbag.py:588} INFO - Filling up the DagBag from /home/airflow/.local/lib/python3.12/site-packages/airflow/example_dags/example_dag_decorator.py
[2026-04-21T06:43:40.496+0000] {processor.py:925} INFO - DAG(s) 'example_dag_decorator' retrieved from /home/airflow/.local/lib/python3.12/site-packages/airflow/example_dags/example_dag_decorator.py
[2026-04-21T06:43:40.538+0000] {logging_mixin.py:190} INFO - [2026-04-21T06:43:40.538+0000] {dag.py:3239} INFO - Sync 1 DAGs
[2026-04-21T06:43:40.542+0000] {logging_mixin.py:190} INFO - [2026-04-21T06:43:40.542+0000] {dag.py:4180} INFO - Setting next_dagrun for example_dag_decorator to None, run_after=None
[2026-04-21T06:43:40.548+0000] {processor.py:208} INFO - Processing /home/airflow/.local/lib/python3.12/site-packages/airflow/example_dags/example_dag_decorator.py took 0.092 seconds
[2026-04-21T06:44:10.620+0000] {processor.py:186} INFO - Started process (PID=250) to work on /home/airflow/.local/lib/python3.12/site-packages/airflow/example_dags/example_dag_decorator.py
[2026-04-21T06:44:10.620+0000] {processor.py:914} INFO - Processing file /home/airflow/.local/lib/python3.12/site-packages/airflow/example_dags/example_dag_decorator.py for tasks to queue
[2026-04-21T06:44:10.621+0000] {logging_mixin.py:190} INFO - [2026-04-21T06:44:10.621+0000] {dagbag.py:588} INFO - Filling up the DagBag from /home/airflow/.local/lib/python3.12/site-packages/airflow/example_dags/example_dag_decorator.py
[2026-04-21T06:44:10.665+0000] {processor.py:925} INFO - DAG(s) 'example_dag_decorator' retrieved from /home/airflow/.local/lib/python3.12/site-packages/airflow/example_dags/example_dag_decorator.py
[2026-04-21T06:44:10.714+0000] {logging_mixin.py:190} INFO - [2026-04-21T06:44:10.714+0000] {dag.py:3239} INFO - Sync 1 DAGs
[2026-04-21T06:44:10.721+0000] {logging_mixin.py:190} INFO - [2026-04-21T06:44:10.721+0000] {dag.py:4180} INFO - Setting next_dagrun for example_dag_decorator to None, run_after=None
[2026-04-21T06:44:10.732+0000] {processor.py:208} INFO - Processing /home/airflow/.local/lib/python3.12/site-packages/airflow/example_dags/example_dag_decorator.py took 0.115 seconds
[2026-04-21T06:44:41.190+0000] {processor.py:186} INFO - Started process (PID=314) to work on /home/airflow/.local/lib/python3.12/site-packages/airflow/example_dags/example_dag_decorator.py
[2026-04-21T06:44:41.190+0000] {processor.py:914} INFO - Processing file /home/airflow/.local/lib/python3.12/site-packages/airflow/example_dags/example_dag_decorator.py for tasks to queue
[2026-04-21T06:44:41.191+0000] {logging_mixin.py:190} INFO - [2026-04-21T06:44:41.191+0000] {dagbag.py:588} INFO - Filling up the DagBag from /home/airflow/.local/lib/python3.12/site-packages/airflow/example_dags/example_dag_decorator.py
[2026-04-21T06:44:41.238+0000] {processor.py:925} INFO - DAG(s) 'example_dag_decorator' retrieved from /home/airflow/.local/lib/python3.12/site-packages/airflow/example_dags/example_dag_decorator.py
[2026-04-21T06:44:41.276+0000] {logging_mixin.py:190} INFO - [2026-04-21T06:44:41.276+0000] {dag.py:3239} INFO - Sync 1 DAGs
[2026-04-21T06:44:41.280+0000] {logging_mixin.py:190} INFO - [2026-04-21T06:44:41.279+0000] {dag.py:4180} INFO - Setting next_dagrun for example_dag_decorator to None, run_after=None
[2026-04-21T06:44:41.286+0000] {processor.py:208} INFO - Processing /home/airflow/.local/lib/python3.12/site-packages/airflow/example_dags/example_dag_decorator.py took 0.098 seconds
[2026-04-21T06:45:11.557+0000] {processor.py:186} INFO - Started process (PID=384) to work on /home/airflow/.local/lib/python3.12/site-packages/airflow/example_dags/example_dag_decorator.py
[2026-04-21T06:45:11.558+0000] {processor.py:914} INFO - Processing file /home/airflow/.local/lib/python3.12/site-packages/airflow/example_dags/example_dag_decorator.py for tasks to queue
[2026-04-21T06:45:11.559+0000] {logging_mixin.py:190} INFO - [2026-04-21T06:45:11.559+0000] {dagbag.py:588} INFO - Filling up the DagBag from /home/airflow/.local/lib/python3.12/site-packages/airflow/example_dags/example_dag_decorator.py
[2026-04-21T06:45:11.624+0000] {processor.py:925} INFO - DAG(s) 'example_dag_decorator' retrieved from /home/airflow/.local/lib/python3.12/site-packages/airflow/example_dags/example_dag_decorator.py
[2026-04-21T06:45:11.689+0000] {logging_mixin.py:190} INFO - [2026-04-21T06:45:11.689+0000] {dag.py:3239} INFO - Sync 1 DAGs
[2026-04-21T06:45:11.694+0000] {logging_mixin.py:190} INFO - [2026-04-21T06:45:11.694+0000] {dag.py:4180} INFO - Setting next_dagrun for example_dag_decorator to None, run_after=None
[2026-04-21T06:45:11.704+0000] {processor.py:208} INFO - Processing /home/airflow/.local/lib/python3.12/site-packages/airflow/example_dags/example_dag_decorator.py took 0.149 seconds
[2026-04-21T06:45:42.003+0000] {processor.py:186} INFO - Started process (PID=450) to work on /home/airflow/.local/lib/python3.12/site-packages/airflow/example_dags/example_dag_decorator.py
[2026-04-21T06:45:42.004+0000] {processor.py:914} INFO - Processing file /home/airflow/.local/lib/python3.12/site-packages/airflow/example_dags/example_dag_decorator.py for tasks to queue
[2026-04-21T06:45:42.005+0000] {logging_mixin.py:190} INFO - [2026-04-21T06:45:42.005+0000] {dagbag.py:588} INFO - Filling up the DagBag from /home/airflow/.local/lib/python3.12/site-packages/airflow/example_dags/example_dag_decorator.py
[2026-04-21T06:45:42.059+0000] {processor.py:925} INFO - DAG(s) 'example_dag_decorator' retrieved from /home/airflow/.local/lib/python3.12/site-packages/airflow/example_dags/example_dag_decorator.py
[2026-04-21T06:45:42.112+0000] {logging_mixin.py:190} INFO - [2026-04-21T06:45:42.112+0000] {dag.py:3239} INFO - Sync 1 DAGs
[2026-04-21T06:45:42.119+0000] {logging_mixin.py:190} INFO - [2026-04-21T06:45:42.119+0000] {dag.py:4180} INFO - Setting next_dagrun for example_dag_decorator to None, run_after=None
[2026-04-21T06:45:42.127+0000] {processor.py:208} INFO - Processing /home/airflow/.local/lib/python3.12/site-packages/airflow/example_dags/example_dag_decorator.py took 0.127 seconds
[2026-04-21T06:46:12.586+0000] {processor.py:186} INFO - Started process (PID=512) to work on /home/airflow/.local/lib/python3.12/site-packages/airflow/example_dags/example_dag_decorator.py
[2026-04-21T06:46:12.588+0000] {processor.py:914} INFO - Processing file /home/airflow/.local/lib/python3.12/site-packages/airflow/example_dags/example_dag_decorator.py for tasks to queue
[2026-04-21T06:46:12.588+0000] {logging_mixin.py:190} INFO - [2026-04-21T06:46:12.588+0000] {dagbag.py:588} INFO - Filling up the DagBag from /home/airflow/.local/lib/python3.12/site-packages/airflow/example_dags/example_dag_decorator.py
[2026-04-21T06:46:12.652+0000] {processor.py:925} INFO - DAG(s) 'example_dag_decorator' retrieved from /home/airflow/.local/lib/python3.12/site-packages/airflow/example_dags/example_dag_decorator.py
[2026-04-21T06:46:12.718+0000] {logging_mixin.py:190} INFO - [2026-04-21T06:46:12.718+0000] {dag.py:3239} INFO - Sync 1 DAGs
[2026-04-21T06:46:12.723+0000] {logging_mixin.py:190} INFO - [2026-04-21T06:46:12.723+0000] {dag.py:4180} INFO - Setting next_dagrun for example_dag_decorator to None, run_after=None
[2026-04-21T06:46:12.730+0000] {processor.py:208} INFO - Processing /home/airflow/.local/lib/python3.12/site-packages/airflow/example_dags/example_dag_decorator.py took 0.146 seconds
[2026-04-21T06:46:42.928+0000] {processor.py:186} INFO - Started process (PID=577) to work on /home/airflow/.local/lib/python3.12/site-packages/airflow/example_dags/example_dag_decorator.py
[2026-04-21T06:46:42.928+0000] {processor.py:914} INFO - Processing file /home/airflow/.local/lib/python3.12/site-packages/airflow/example_dags/example_dag_decorator.py for tasks to queue
[2026-04-21T06:46:42.930+0000] {logging_mixin.py:190} INFO - [2026-04-21T06:46:42.929+0000] {dagbag.py:588} INFO - Filling up the DagBag from /home/airflow/.local/lib/python3.12/site-packages/airflow/example_dags/example_dag_decorator.py
[2026-04-21T06:46:42.974+0000] {processor.py:925} INFO - DAG(s) 'example_dag_decorator' retrieved from /home/airflow/.local/lib/python3.12/site-packages/airflow/example_dags/example_dag_decorator.py
[2026-04-21T06:46:43.018+0000] {logging_mixin.py:190} INFO - [2026-04-21T06:46:43.018+0000] {dag.py:3239} INFO - Sync 1 DAGs
[2026-04-21T06:46:43.024+0000] {logging_mixin.py:190} INFO - [2026-04-21T06:46:43.023+0000] {dag.py:4180} INFO - Setting next_dagrun for example_dag_decorator to None, run_after=None
[2026-04-21T06:46:43.033+0000] {processor.py:208} INFO - Processing /home/airflow/.local/lib/python3.12/site-packages/airflow/example_dags/example_dag_decorator.py took 0.108 seconds
[2026-04-21T06:47:13.139+0000] {processor.py:186} INFO - Started process (PID=642) to work on /home/airflow/.local/lib/python3.12/site-packages/airflow/example_dags/example_dag_decorator.py
[2026-04-21T06:47:13.139+0000] {processor.py:914} INFO - Processing file /home/airflow/.local/lib/python3.12/site-packages/airflow/example_dags/example_dag_decorator.py for tasks to queue
[2026-04-21T06:47:13.140+0000] {logging_mixin.py:190} INFO - [2026-04-21T06:47:13.140+0000] {dagbag.py:588} INFO - Filling up the DagBag from /home/airflow/.local/lib/python3.12/site-packages/airflow/example_dags/example_dag_decorator.py
[2026-04-21T06:47:13.185+0000] {processor.py:925} INFO - DAG(s) 'example_dag_decorator' retrieved from /home/airflow/.local/lib/python3.12/site-packages/airflow/example_dags/example_dag_decorator.py
[2026-04-21T06:47:13.229+0000] {logging_mixin.py:190} INFO - [2026-04-21T06:47:13.229+0000] {dag.py:3239} INFO - Sync 1 DAGs
[2026-04-21T06:47:13.233+0000] {logging_mixin.py:190} INFO - [2026-04-21T06:47:13.233+0000] {dag.py:4180} INFO - Setting next_dagrun for example_dag_decorator to None, run_after=None
[2026-04-21T06:47:13.245+0000] {processor.py:208} INFO - Processing /home/airflow/.local/lib/python3.12/site-packages/airflow/example_dags/example_dag_decorator.py took 0.108 seconds
[2026-04-21T06:47:43.426+0000] {processor.py:186} INFO - Started process (PID=706) to work on /home/airflow/.local/lib/python3.12/site-packages/airflow/example_dags/example_dag_decorator.py
[2026-04-21T06:47:43.426+0000] {processor.py:914} INFO - Processing file /home/airflow/.local/lib/python3.12/site-packages/airflow/example_dags/example_dag_decorator.py for tasks to queue
[2026-04-21T06:47:43.427+0000] {logging_mixin.py:190} INFO - [2026-04-21T06:47:43.427+0000] {dagbag.py:588} INFO - Filling up the DagBag from /home/airflow/.local/lib/python3.12/site-packages/airflow/example_dags/example_dag_decorator.py
[2026-04-21T06:47:43.464+0000] {processor.py:925} INFO - DAG(s) 'example_dag_decorator' retrieved from /home/airflow/.local/lib/python3.12/site-packages/airflow/example_dags/example_dag_decorator.py
[2026-04-21T06:47:43.504+0000] {logging_mixin.py:190} INFO - [2026-04-21T06:47:43.504+0000] {dag.py:3239} INFO - Sync 1 DAGs
[2026-04-21T06:47:43.509+0000] {logging_mixin.py:190} INFO - [2026-04-21T06:47:43.509+0000] {dag.py:4180} INFO - Setting next_dagrun for example_dag_decorator to None, run_after=None
[2026-04-21T06:47:43.519+0000] {processor.py:208} INFO - Processing /home/airflow/.local/lib/python3.12/site-packages/airflow/example_dags/example_dag_decorator.py took 0.095 seconds
[2026-04-21T06:48:13.580+0000] {processor.py:186} INFO - Started process (PID=770) to work on /home/airflow/.local/lib/python3.12/site-packages/airflow/example_dags/example_dag_decorator.py
[2026-04-21T06:48:13.581+0000] {processor.py:914} INFO - Processing file /home/airflow/.local/lib/python3.12/site-packages/airflow/example_dags/example_dag_decorator.py for tasks to queue
[2026-04-21T06:48:13.582+0000] {logging_mixin.py:190} INFO - [2026-04-21T06:48:13.582+0000] {dagbag.py:588} INFO - Filling up the DagBag from /home/airflow/.local/lib/python3.12/site-packages/airflow/example_dags/example_dag_decorator.py
[2026-04-21T06:48:13.622+0000] {processor.py:925} INFO - DAG(s) 'example_dag_decorator' retrieved from /home/airflow/.local/lib/python3.12/site-packages/airflow/example_dags/example_dag_decorator.py
[2026-04-21T06:48:13.668+0000] {logging_mixin.py:190} INFO - [2026-04-21T06:48:13.667+0000] {dag.py:3239} INFO - Sync 1 DAGs
[2026-04-21T06:48:13.671+0000] {logging_mixin.py:190} INFO - [2026-04-21T06:48:13.671+0000] {dag.py:4180} INFO - Setting next_dagrun for example_dag_decorator to None, run_after=None
[2026-04-21T06:48:13.685+0000] {processor.py:208} INFO - Processing /home/airflow/.local/lib/python3.12/site-packages/airflow/example_dags/example_dag_decorator.py took 0.106 seconds
[2026-04-21T06:48:43.986+0000] {processor.py:186} INFO - Started process (PID=832) to work on /home/airflow/.local/lib/python3.12/site-packages/airflow/example_dags/example_dag_decorator.py
[2026-04-21T06:48:43.986+0000] {processor.py:914} INFO - Processing file /home/airflow/.local/lib/python3.12/site-packages/airflow/example_dags/example_dag_decorator.py for tasks to queue
[2026-04-21T06:48:43.987+0000] {logging_mixin.py:190} INFO - [2026-04-21T06:48:43.987+0000] {dagbag.py:588} INFO - Filling up the DagBag from /home/airflow/.local/lib/python3.12/site-packages/airflow/example_dags/example_dag_decorator.py
[2026-04-21T06:48:44.029+0000] {processor.py:925} INFO - DAG(s) 'example_dag_decorator' retrieved from /home/airflow/.local/lib/python3.12/site-packages/airflow/example_dags/example_dag_decorator.py
[2026-04-21T06:48:44.085+0000] {logging_mixin.py:190} INFO - [2026-04-21T06:48:44.085+0000] {dag.py:3239} INFO - Sync 1 DAGs
[2026-04-21T06:48:44.093+0000] {logging_mixin.py:190} INFO - [2026-04-21T06:48:44.092+0000] {dag.py:4180} INFO - Setting next_dagrun for example_dag_decorator to None, run_after=None
[2026-04-21T06:48:44.103+0000] {processor.py:208} INFO - Processing /home/airflow/.local/lib/python3.12/site-packages/airflow/example_dags/example_dag_decorator.py took 0.120 seconds
[2026-04-21T06:49:14.734+0000] {processor.py:186} INFO - Started process (PID=896) to work on /home/airflow/.local/lib/python3.12/site-packages/airflow/example_dags/example_dag_decorator.py
[2026-04-21T06:49:14.735+0000] {processor.py:914} INFO - Processing file /home/airflow/.local/lib/python3.12/site-packages/airflow/example_dags/example_dag_decorator.py for tasks to queue
[2026-04-21T06:49:14.736+0000] {logging_mixin.py:190} INFO - [2026-04-21T06:49:14.736+0000] {dagbag.py:588} INFO - Filling up the DagBag from /home/airflow/.local/lib/python3.12/site-packages/airflow/example_dags/example_dag_decorator.py
[2026-04-21T06:49:14.773+0000] {processor.py:925} INFO - DAG(s) 'example_dag_decorator' retrieved from /home/airflow/.local/lib/python3.12/site-packages/airflow/example_dags/example_dag_decorator.py
[2026-04-21T06:49:14.809+0000] {logging_mixin.py:190} INFO - [2026-04-21T06:49:14.809+0000] {dag.py:3239} INFO - Sync 1 DAGs
[2026-04-21T06:49:14.812+0000] {logging_mixin.py:190} INFO - [2026-04-21T06:49:14.812+0000] {dag.py:4180} INFO - Setting next_dagrun for example_dag_decorator to None, run_after=None
[2026-04-21T06:49:14.818+0000] {processor.py:208} INFO - Processing /home/airflow/.local/lib/python3.12/site-packages/airflow/example_dags/example_dag_decorator.py took 0.085 seconds
[2026-04-21T06:49:45.251+0000] {processor.py:186} INFO - Started process (PID=960) to work on /home/airflow/.local/lib/python3.12/site-packages/airflow/example_dags/example_dag_decorator.py
[2026-04-21T06:49:45.251+0000] {processor.py:914} INFO - Processing file /home/airflow/.local/lib/python3.12/site-packages/airflow/example_dags/example_dag_decorator.py for tasks to queue
[2026-04-21T06:49:45.252+0000] {logging_mixin.py:190} INFO - [2026-04-21T06:49:45.252+0000] {dagbag.py:588} INFO - Filling up the DagBag from /home/airflow/.local/lib/python3.12/site-packages/airflow/example_dags/example_dag_decorator.py
[2026-04-21T06:49:45.307+0000] {processor.py:925} INFO - DAG(s) 'example_dag_decorator' retrieved from /home/airflow/.local/lib/python3.12/site-packages/airflow/example_dags/example_dag_decorator.py
[2026-04-21T06:49:45.356+0000] {logging_mixin.py:190} INFO - [2026-04-21T06:49:45.356+0000] {dag.py:3239} INFO - Sync 1 DAGs
[2026-04-21T06:49:45.360+0000] {logging_mixin.py:190} INFO - [2026-04-21T06:49:45.360+0000] {dag.py:4180} INFO - Setting next_dagrun for example_dag_decorator to None, run_after=None
[2026-04-21T06:49:45.371+0000] {processor.py:208} INFO - Processing /home/airflow/.local/lib/python3.12/site-packages/airflow/example_dags/example_dag_decorator.py took 0.123 seconds
[2026-04-21T06:50:15.701+0000] {processor.py:186} INFO - Started process (PID=1024) to work on /home/airflow/.local/lib/python3.12/site-packages/airflow/example_dags/example_dag_decorator.py
[2026-04-21T06:50:15.702+0000] {processor.py:914} INFO - Processing file /home/airflow/.local/lib/python3.12/site-packages/airflow/example_dags/example_dag_decorator.py for tasks to queue
[2026-04-21T06:50:15.703+0000] {logging_mixin.py:190} INFO - [2026-04-21T06:50:15.702+0000] {dagbag.py:588} INFO - Filling up the DagBag from /home/airflow/.local/lib/python3.12/site-packages/airflow/example_dags/example_dag_decorator.py
[2026-04-21T06:50:15.741+0000] {processor.py:925} INFO - DAG(s) 'example_dag_decorator' retrieved from /home/airflow/.local/lib/python3.12/site-packages/airflow/example_dags/example_dag_decorator.py
[2026-04-21T06:50:15.780+0000] {logging_mixin.py:190} INFO - [2026-04-21T06:50:15.779+0000] {dag.py:3239} INFO - Sync 1 DAGs
[2026-04-21T06:50:15.783+0000] {logging_mixin.py:190} INFO - [2026-04-21T06:50:15.783+0000] {dag.py:4180} INFO - Setting next_dagrun for example_dag_decorator to None, run_after=None
[2026-04-21T06:50:15.788+0000] {processor.py:208} INFO - Processing /home/airflow/.local/lib/python3.12/site-packages/airflow/example_dags/example_dag_decorator.py took 0.089 seconds
[2026-04-21T06:50:46.199+0000] {processor.py:186} INFO - Started process (PID=1088) to work on /home/airflow/.local/lib/python3.12/site-packages/airflow/example_dags/example_dag_decorator.py
[2026-04-21T06:50:46.199+0000] {processor.py:914} INFO - Processing file /home/airflow/.local/lib/python3.12/site-packages/airflow/example_dags/example_dag_decorator.py for tasks to queue
[2026-04-21T06:50:46.200+0000] {logging_mixin.py:190} INFO - [2026-04-21T06:50:46.200+0000] {dagbag.py:588} INFO - Filling up the DagBag from /home/airflow/.local/lib/python3.12/site-packages/airflow/example_dags/example_dag_decorator.py
[2026-04-21T06:50:46.236+0000] {processor.py:925} INFO - DAG(s) 'example_dag_decorator' retrieved from /home/airflow/.local/lib/python3.12/site-packages/airflow/example_dags/example_dag_decorator.py
[2026-04-21T06:50:46.272+0000] {logging_mixin.py:190} INFO - [2026-04-21T06:50:46.272+0000] {dag.py:3239} INFO - Sync 1 DAGs
[2026-04-21T06:50:46.276+0000] {logging_mixin.py:190} INFO - [2026-04-21T06:50:46.276+0000] {dag.py:4180} INFO - Setting next_dagrun for example_dag_decorator to None, run_after=None
[2026-04-21T06:50:46.281+0000] {processor.py:208} INFO - Processing /home/airflow/.local/lib/python3.12/site-packages/airflow/example_dags/example_dag_decorator.py took 0.085 seconds
