[2026-04-21T06:42:41.262+0000] {processor.py:186} INFO - Started process (PID=71) to work on /home/airflow/.local/lib/python3.12/site-packages/airflow/example_dags/example_complex.py
[2026-04-21T06:42:41.263+0000] {processor.py:914} INFO - Processing file /home/airflow/.local/lib/python3.12/site-packages/airflow/example_dags/example_complex.py for tasks to queue
[2026-04-21T06:42:41.264+0000] {logging_mixin.py:190} INFO - [2026-04-21T06:42:41.264+0000] {dagbag.py:588} INFO - Filling up the DagBag from /home/airflow/.local/lib/python3.12/site-packages/airflow/example_dags/example_complex.py
[2026-04-21T06:42:41.272+0000] {processor.py:925} INFO - DAG(s) 'example_complex' retrieved from /home/airflow/.local/lib/python3.12/site-packages/airflow/example_dags/example_complex.py
[2026-04-21T06:42:41.295+0000] {logging_mixin.py:190} INFO - [2026-04-21T06:42:41.295+0000] {dag.py:3239} INFO - Sync 1 DAGs
[2026-04-21T06:42:41.301+0000] {logging_mixin.py:190} INFO - [2026-04-21T06:42:41.301+0000] {dag.py:4180} INFO - Setting next_dagrun for example_complex to None, run_after=None
[2026-04-21T06:42:41.308+0000] {processor.py:208} INFO - Processing /home/airflow/.local/lib/python3.12/site-packages/airflow/example_dags/example_complex.py took 0.050 seconds
[2026-04-21T06:43:12.317+0000] {processor.py:186} INFO - Started process (PID=149) to work on /home/airflow/.local/lib/python3.12/site-packages/airflow/example_dags/example_complex.py
[2026-04-21T06:43:12.317+0000] {processor.py:914} INFO - Processing file /home/airflow/.local/lib/python3.12/site-packages/airflow/example_dags/example_complex.py for tasks to queue
[2026-04-21T06:43:12.318+0000] {logging_mixin.py:190} INFO - [2026-04-21T06:43:12.318+0000] {dagbag.py:588} INFO - Filling up the DagBag from /home/airflow/.local/lib/python3.12/site-packages/airflow/example_dags/example_complex.py
[2026-04-21T06:43:12.325+0000] {processor.py:925} INFO - DAG(s) 'example_complex' retrieved from /home/airflow/.local/lib/python3.12/site-packages/airflow/example_dags/example_complex.py
[2026-04-21T06:43:12.339+0000] {logging_mixin.py:190} INFO - [2026-04-21T06:43:12.339+0000] {dag.py:3239} INFO - Sync 1 DAGs
[2026-04-21T06:43:12.345+0000] {logging_mixin.py:190} INFO - [2026-04-21T06:43:12.345+0000] {dag.py:4180} INFO - Setting next_dagrun for example_complex to None, run_after=None
[2026-04-21T06:43:12.353+0000] {processor.py:208} INFO - Processing /home/airflow/.local/lib/python3.12/site-packages/airflow/example_dags/example_complex.py took 0.039 seconds
[2026-04-21T06:43:43.458+0000] {processor.py:186} INFO - Started process (PID=213) to work on /home/airflow/.local/lib/python3.12/site-packages/airflow/example_dags/example_complex.py
[2026-04-21T06:43:43.458+0000] {processor.py:914} INFO - Processing file /home/airflow/.local/lib/python3.12/site-packages/airflow/example_dags/example_complex.py for tasks to queue
[2026-04-21T06:43:43.459+0000] {logging_mixin.py:190} INFO - [2026-04-21T06:43:43.459+0000] {dagbag.py:588} INFO - Filling up the DagBag from /home/airflow/.local/lib/python3.12/site-packages/airflow/example_dags/example_complex.py
[2026-04-21T06:43:43.463+0000] {processor.py:925} INFO - DAG(s) 'example_complex' retrieved from /home/airflow/.local/lib/python3.12/site-packages/airflow/example_dags/example_complex.py
[2026-04-21T06:43:43.477+0000] {logging_mixin.py:190} INFO - [2026-04-21T06:43:43.477+0000] {dag.py:3239} INFO - Sync 1 DAGs
[2026-04-21T06:43:43.484+0000] {logging_mixin.py:190} INFO - [2026-04-21T06:43:43.484+0000] {dag.py:4180} INFO - Setting next_dagrun for example_complex to None, run_after=None
[2026-04-21T06:43:43.490+0000] {processor.py:208} INFO - Processing /home/airflow/.local/lib/python3.12/site-packages/airflow/example_dags/example_complex.py took 0.035 seconds
[2026-04-21T06:44:13.970+0000] {processor.py:186} INFO - Started process (PID=277) to work on /home/airflow/.local/lib/python3.12/site-packages/airflow/example_dags/example_complex.py
[2026-04-21T06:44:13.972+0000] {processor.py:914} INFO - Processing file /home/airflow/.local/lib/python3.12/site-packages/airflow/example_dags/example_complex.py for tasks to queue
[2026-04-21T06:44:13.974+0000] {logging_mixin.py:190} INFO - [2026-04-21T06:44:13.974+0000] {dagbag.py:588} INFO - Filling up the DagBag from /home/airflow/.local/lib/python3.12/site-packages/airflow/example_dags/example_complex.py
[2026-04-21T06:44:13.984+0000] {processor.py:925} INFO - DAG(s) 'example_complex' retrieved from /home/airflow/.local/lib/python3.12/site-packages/airflow/example_dags/example_complex.py
[2026-04-21T06:44:13.999+0000] {logging_mixin.py:190} INFO - [2026-04-21T06:44:13.999+0000] {dag.py:3239} INFO - Sync 1 DAGs
[2026-04-21T06:44:14.005+0000] {logging_mixin.py:190} INFO - [2026-04-21T06:44:14.005+0000] {dag.py:4180} INFO - Setting next_dagrun for example_complex to None, run_after=None
[2026-04-21T06:44:14.015+0000] {processor.py:208} INFO - Processing /home/airflow/.local/lib/python3.12/site-packages/airflow/example_dags/example_complex.py took 0.054 seconds
[2026-04-21T06:44:44.301+0000] {processor.py:186} INFO - Started process (PID=341) to work on /home/airflow/.local/lib/python3.12/site-packages/airflow/example_dags/example_complex.py
[2026-04-21T06:44:44.302+0000] {processor.py:914} INFO - Processing file /home/airflow/.local/lib/python3.12/site-packages/airflow/example_dags/example_complex.py for tasks to queue
[2026-04-21T06:44:44.302+0000] {logging_mixin.py:190} INFO - [2026-04-21T06:44:44.302+0000] {dagbag.py:588} INFO - Filling up the DagBag from /home/airflow/.local/lib/python3.12/site-packages/airflow/example_dags/example_complex.py
[2026-04-21T06:44:44.307+0000] {processor.py:925} INFO - DAG(s) 'example_complex' retrieved from /home/airflow/.local/lib/python3.12/site-packages/airflow/example_dags/example_complex.py
[2026-04-21T06:44:44.316+0000] {logging_mixin.py:190} INFO - [2026-04-21T06:44:44.316+0000] {dag.py:3239} INFO - Sync 1 DAGs
[2026-04-21T06:44:44.321+0000] {logging_mixin.py:190} INFO - [2026-04-21T06:44:44.321+0000] {dag.py:4180} INFO - Setting next_dagrun for example_complex to None, run_after=None
[2026-04-21T06:44:44.326+0000] {processor.py:208} INFO - Processing /home/airflow/.local/lib/python3.12/site-packages/airflow/example_dags/example_complex.py took 0.027 seconds
[2026-04-21T06:45:14.684+0000] {processor.py:186} INFO - Started process (PID=405) to work on /home/airflow/.local/lib/python3.12/site-packages/airflow/example_dags/example_complex.py
[2026-04-21T06:45:14.685+0000] {processor.py:914} INFO - Processing file /home/airflow/.local/lib/python3.12/site-packages/airflow/example_dags/example_complex.py for tasks to queue
[2026-04-21T06:45:14.686+0000] {logging_mixin.py:190} INFO - [2026-04-21T06:45:14.686+0000] {dagbag.py:588} INFO - Filling up the DagBag from /home/airflow/.local/lib/python3.12/site-packages/airflow/example_dags/example_complex.py
[2026-04-21T06:45:14.692+0000] {processor.py:925} INFO - DAG(s) 'example_complex' retrieved from /home/airflow/.local/lib/python3.12/site-packages/airflow/example_dags/example_complex.py
[2026-04-21T06:45:14.707+0000] {logging_mixin.py:190} INFO - [2026-04-21T06:45:14.707+0000] {dag.py:3239} INFO - Sync 1 DAGs
[2026-04-21T06:45:14.713+0000] {logging_mixin.py:190} INFO - [2026-04-21T06:45:14.713+0000] {dag.py:4180} INFO - Setting next_dagrun for example_complex to None, run_after=None
[2026-04-21T06:45:14.721+0000] {processor.py:208} INFO - Processing /home/airflow/.local/lib/python3.12/site-packages/airflow/example_dags/example_complex.py took 0.040 seconds
[2026-04-21T06:45:45.181+0000] {processor.py:186} INFO - Started process (PID=469) to work on /home/airflow/.local/lib/python3.12/site-packages/airflow/example_dags/example_complex.py
[2026-04-21T06:45:45.181+0000] {processor.py:914} INFO - Processing file /home/airflow/.local/lib/python3.12/site-packages/airflow/example_dags/example_complex.py for tasks to queue
[2026-04-21T06:45:45.182+0000] {logging_mixin.py:190} INFO - [2026-04-21T06:45:45.182+0000] {dagbag.py:588} INFO - Filling up the DagBag from /home/airflow/.local/lib/python3.12/site-packages/airflow/example_dags/example_complex.py
[2026-04-21T06:45:45.187+0000] {processor.py:925} INFO - DAG(s) 'example_complex' retrieved from /home/airflow/.local/lib/python3.12/site-packages/airflow/example_dags/example_complex.py
[2026-04-21T06:45:45.197+0000] {logging_mixin.py:190} INFO - [2026-04-21T06:45:45.197+0000] {dag.py:3239} INFO - Sync 1 DAGs
[2026-04-21T06:45:45.202+0000] {logging_mixin.py:190} INFO - [2026-04-21T06:45:45.202+0000] {dag.py:4180} INFO - Setting next_dagrun for example_complex to None, run_after=None
[2026-04-21T06:45:45.208+0000] {processor.py:208} INFO - Processing /home/airflow/.local/lib/python3.12/site-packages/airflow/example_dags/example_complex.py took 0.029 seconds
[2026-04-21T06:46:15.633+0000] {processor.py:186} INFO - Started process (PID=533) to work on /home/airflow/.local/lib/python3.12/site-packages/airflow/example_dags/example_complex.py
[2026-04-21T06:46:15.634+0000] {processor.py:914} INFO - Processing file /home/airflow/.local/lib/python3.12/site-packages/airflow/example_dags/example_complex.py for tasks to queue
[2026-04-21T06:46:15.635+0000] {logging_mixin.py:190} INFO - [2026-04-21T06:46:15.635+0000] {dagbag.py:588} INFO - Filling up the DagBag from /home/airflow/.local/lib/python3.12/site-packages/airflow/example_dags/example_complex.py
[2026-04-21T06:46:15.639+0000] {processor.py:925} INFO - DAG(s) 'example_complex' retrieved from /home/airflow/.local/lib/python3.12/site-packages/airflow/example_dags/example_complex.py
[2026-04-21T06:46:15.649+0000] {logging_mixin.py:190} INFO - [2026-04-21T06:46:15.649+0000] {dag.py:3239} INFO - Sync 1 DAGs
[2026-04-21T06:46:15.654+0000] {logging_mixin.py:190} INFO - [2026-04-21T06:46:15.654+0000] {dag.py:4180} INFO - Setting next_dagrun for example_complex to None, run_after=None
[2026-04-21T06:46:15.660+0000] {processor.py:208} INFO - Processing /home/airflow/.local/lib/python3.12/site-packages/airflow/example_dags/example_complex.py took 0.029 seconds
[2026-04-21T06:46:45.931+0000] {processor.py:186} INFO - Started process (PID=597) to work on /home/airflow/.local/lib/python3.12/site-packages/airflow/example_dags/example_complex.py
[2026-04-21T06:46:45.931+0000] {processor.py:914} INFO - Processing file /home/airflow/.local/lib/python3.12/site-packages/airflow/example_dags/example_complex.py for tasks to queue
[2026-04-21T06:46:45.932+0000] {logging_mixin.py:190} INFO - [2026-04-21T06:46:45.932+0000] {dagbag.py:588} INFO - Filling up the DagBag from /home/airflow/.local/lib/python3.12/site-packages/airflow/example_dags/example_complex.py
[2026-04-21T06:46:45.936+0000] {processor.py:925} INFO - DAG(s) 'example_complex' retrieved from /home/airflow/.local/lib/python3.12/site-packages/airflow/example_dags/example_complex.py
[2026-04-21T06:46:45.945+0000] {logging_mixin.py:190} INFO - [2026-04-21T06:46:45.945+0000] {dag.py:3239} INFO - Sync 1 DAGs
[2026-04-21T06:46:45.949+0000] {logging_mixin.py:190} INFO - [2026-04-21T06:46:45.949+0000] {dag.py:4180} INFO - Setting next_dagrun for example_complex to None, run_after=None
[2026-04-21T06:46:45.955+0000] {processor.py:208} INFO - Processing /home/airflow/.local/lib/python3.12/site-packages/airflow/example_dags/example_complex.py took 0.026 seconds
[2026-04-21T06:47:17.076+0000] {processor.py:186} INFO - Started process (PID=661) to work on /home/airflow/.local/lib/python3.12/site-packages/airflow/example_dags/example_complex.py
[2026-04-21T06:47:17.076+0000] {processor.py:914} INFO - Processing file /home/airflow/.local/lib/python3.12/site-packages/airflow/example_dags/example_complex.py for tasks to queue
[2026-04-21T06:47:17.077+0000] {logging_mixin.py:190} INFO - [2026-04-21T06:47:17.077+0000] {dagbag.py:588} INFO - Filling up the DagBag from /home/airflow/.local/lib/python3.12/site-packages/airflow/example_dags/example_complex.py
[2026-04-21T06:47:17.081+0000] {processor.py:925} INFO - DAG(s) 'example_complex' retrieved from /home/airflow/.local/lib/python3.12/site-packages/airflow/example_dags/example_complex.py
[2026-04-21T06:47:17.090+0000] {logging_mixin.py:190} INFO - [2026-04-21T06:47:17.090+0000] {dag.py:3239} INFO - Sync 1 DAGs
[2026-04-21T06:47:17.094+0000] {logging_mixin.py:190} INFO - [2026-04-21T06:47:17.094+0000] {dag.py:4180} INFO - Setting next_dagrun for example_complex to None, run_after=None
[2026-04-21T06:47:17.099+0000] {processor.py:208} INFO - Processing /home/airflow/.local/lib/python3.12/site-packages/airflow/example_dags/example_complex.py took 0.025 seconds
[2026-04-21T06:47:47.393+0000] {processor.py:186} INFO - Started process (PID=725) to work on /home/airflow/.local/lib/python3.12/site-packages/airflow/example_dags/example_complex.py
[2026-04-21T06:47:47.394+0000] {processor.py:914} INFO - Processing file /home/airflow/.local/lib/python3.12/site-packages/airflow/example_dags/example_complex.py for tasks to queue
[2026-04-21T06:47:47.395+0000] {logging_mixin.py:190} INFO - [2026-04-21T06:47:47.394+0000] {dagbag.py:588} INFO - Filling up the DagBag from /home/airflow/.local/lib/python3.12/site-packages/airflow/example_dags/example_complex.py
[2026-04-21T06:47:47.399+0000] {processor.py:925} INFO - DAG(s) 'example_complex' retrieved from /home/airflow/.local/lib/python3.12/site-packages/airflow/example_dags/example_complex.py
[2026-04-21T06:47:47.408+0000] {logging_mixin.py:190} INFO - [2026-04-21T06:47:47.408+0000] {dag.py:3239} INFO - Sync 1 DAGs
[2026-04-21T06:47:47.412+0000] {logging_mixin.py:190} INFO - [2026-04-21T06:47:47.412+0000] {dag.py:4180} INFO - Setting next_dagrun for example_complex to None, run_after=None
[2026-04-21T06:47:47.417+0000] {processor.py:208} INFO - Processing /home/airflow/.local/lib/python3.12/site-packages/airflow/example_dags/example_complex.py took 0.025 seconds
[2026-04-21T06:48:18.674+0000] {processor.py:186} INFO - Started process (PID=789) to work on /home/airflow/.local/lib/python3.12/site-packages/airflow/example_dags/example_complex.py
[2026-04-21T06:48:18.674+0000] {processor.py:914} INFO - Processing file /home/airflow/.local/lib/python3.12/site-packages/airflow/example_dags/example_complex.py for tasks to queue
[2026-04-21T06:48:18.675+0000] {logging_mixin.py:190} INFO - [2026-04-21T06:48:18.675+0000] {dagbag.py:588} INFO - Filling up the DagBag from /home/airflow/.local/lib/python3.12/site-packages/airflow/example_dags/example_complex.py
[2026-04-21T06:48:18.682+0000] {processor.py:925} INFO - DAG(s) 'example_complex' retrieved from /home/airflow/.local/lib/python3.12/site-packages/airflow/example_dags/example_complex.py
[2026-04-21T06:48:18.702+0000] {logging_mixin.py:190} INFO - [2026-04-21T06:48:18.702+0000] {dag.py:3239} INFO - Sync 1 DAGs
[2026-04-21T06:48:18.709+0000] {logging_mixin.py:190} INFO - [2026-04-21T06:48:18.708+0000] {dag.py:4180} INFO - Setting next_dagrun for example_complex to None, run_after=None
[2026-04-21T06:48:18.720+0000] {processor.py:208} INFO - Processing /home/airflow/.local/lib/python3.12/site-packages/airflow/example_dags/example_complex.py took 0.049 seconds
[2026-04-21T06:48:49.213+0000] {processor.py:186} INFO - Started process (PID=853) to work on /home/airflow/.local/lib/python3.12/site-packages/airflow/example_dags/example_complex.py
[2026-04-21T06:48:49.214+0000] {processor.py:914} INFO - Processing file /home/airflow/.local/lib/python3.12/site-packages/airflow/example_dags/example_complex.py for tasks to queue
[2026-04-21T06:48:49.215+0000] {logging_mixin.py:190} INFO - [2026-04-21T06:48:49.215+0000] {dagbag.py:588} INFO - Filling up the DagBag from /home/airflow/.local/lib/python3.12/site-packages/airflow/example_dags/example_complex.py
[2026-04-21T06:48:49.220+0000] {processor.py:925} INFO - DAG(s) 'example_complex' retrieved from /home/airflow/.local/lib/python3.12/site-packages/airflow/example_dags/example_complex.py
[2026-04-21T06:48:49.230+0000] {logging_mixin.py:190} INFO - [2026-04-21T06:48:49.230+0000] {dag.py:3239} INFO - Sync 1 DAGs
[2026-04-21T06:48:49.235+0000] {logging_mixin.py:190} INFO - [2026-04-21T06:48:49.235+0000] {dag.py:4180} INFO - Setting next_dagrun for example_complex to None, run_after=None
[2026-04-21T06:48:49.241+0000] {processor.py:208} INFO - Processing /home/airflow/.local/lib/python3.12/site-packages/airflow/example_dags/example_complex.py took 0.030 seconds
[2026-04-21T06:49:19.869+0000] {processor.py:186} INFO - Started process (PID=917) to work on /home/airflow/.local/lib/python3.12/site-packages/airflow/example_dags/example_complex.py
[2026-04-21T06:49:19.870+0000] {processor.py:914} INFO - Processing file /home/airflow/.local/lib/python3.12/site-packages/airflow/example_dags/example_complex.py for tasks to queue
[2026-04-21T06:49:19.872+0000] {logging_mixin.py:190} INFO - [2026-04-21T06:49:19.872+0000] {dagbag.py:588} INFO - Filling up the DagBag from /home/airflow/.local/lib/python3.12/site-packages/airflow/example_dags/example_complex.py
[2026-04-21T06:49:19.877+0000] {processor.py:925} INFO - DAG(s) 'example_complex' retrieved from /home/airflow/.local/lib/python3.12/site-packages/airflow/example_dags/example_complex.py
[2026-04-21T06:49:19.890+0000] {logging_mixin.py:190} INFO - [2026-04-21T06:49:19.890+0000] {dag.py:3239} INFO - Sync 1 DAGs
[2026-04-21T06:49:19.896+0000] {logging_mixin.py:190} INFO - [2026-04-21T06:49:19.896+0000] {dag.py:4180} INFO - Setting next_dagrun for example_complex to None, run_after=None
[2026-04-21T06:49:19.910+0000] {processor.py:208} INFO - Processing /home/airflow/.local/lib/python3.12/site-packages/airflow/example_dags/example_complex.py took 0.044 seconds
[2026-04-21T06:49:50.297+0000] {processor.py:186} INFO - Started process (PID=981) to work on /home/airflow/.local/lib/python3.12/site-packages/airflow/example_dags/example_complex.py
[2026-04-21T06:49:50.297+0000] {processor.py:914} INFO - Processing file /home/airflow/.local/lib/python3.12/site-packages/airflow/example_dags/example_complex.py for tasks to queue
[2026-04-21T06:49:50.298+0000] {logging_mixin.py:190} INFO - [2026-04-21T06:49:50.298+0000] {dagbag.py:588} INFO - Filling up the DagBag from /home/airflow/.local/lib/python3.12/site-packages/airflow/example_dags/example_complex.py
[2026-04-21T06:49:50.303+0000] {processor.py:925} INFO - DAG(s) 'example_complex' retrieved from /home/airflow/.local/lib/python3.12/site-packages/airflow/example_dags/example_complex.py
[2026-04-21T06:49:50.313+0000] {logging_mixin.py:190} INFO - [2026-04-21T06:49:50.313+0000] {dag.py:3239} INFO - Sync 1 DAGs
[2026-04-21T06:49:50.321+0000] {logging_mixin.py:190} INFO - [2026-04-21T06:49:50.321+0000] {dag.py:4180} INFO - Setting next_dagrun for example_complex to None, run_after=None
[2026-04-21T06:49:50.331+0000] {processor.py:208} INFO - Processing /home/airflow/.local/lib/python3.12/site-packages/airflow/example_dags/example_complex.py took 0.036 seconds
[2026-04-21T06:50:20.825+0000] {processor.py:186} INFO - Started process (PID=1045) to work on /home/airflow/.local/lib/python3.12/site-packages/airflow/example_dags/example_complex.py
[2026-04-21T06:50:20.825+0000] {processor.py:914} INFO - Processing file /home/airflow/.local/lib/python3.12/site-packages/airflow/example_dags/example_complex.py for tasks to queue
[2026-04-21T06:50:20.826+0000] {logging_mixin.py:190} INFO - [2026-04-21T06:50:20.826+0000] {dagbag.py:588} INFO - Filling up the DagBag from /home/airflow/.local/lib/python3.12/site-packages/airflow/example_dags/example_complex.py
[2026-04-21T06:50:20.830+0000] {processor.py:925} INFO - DAG(s) 'example_complex' retrieved from /home/airflow/.local/lib/python3.12/site-packages/airflow/example_dags/example_complex.py
[2026-04-21T06:50:20.840+0000] {logging_mixin.py:190} INFO - [2026-04-21T06:50:20.840+0000] {dag.py:3239} INFO - Sync 1 DAGs
[2026-04-21T06:50:20.844+0000] {logging_mixin.py:190} INFO - [2026-04-21T06:50:20.844+0000] {dag.py:4180} INFO - Setting next_dagrun for example_complex to None, run_after=None
[2026-04-21T06:50:20.849+0000] {processor.py:208} INFO - Processing /home/airflow/.local/lib/python3.12/site-packages/airflow/example_dags/example_complex.py took 0.027 seconds
[2026-04-21T06:50:51.331+0000] {processor.py:186} INFO - Started process (PID=1109) to work on /home/airflow/.local/lib/python3.12/site-packages/airflow/example_dags/example_complex.py
[2026-04-21T06:50:51.332+0000] {processor.py:914} INFO - Processing file /home/airflow/.local/lib/python3.12/site-packages/airflow/example_dags/example_complex.py for tasks to queue
[2026-04-21T06:50:51.332+0000] {logging_mixin.py:190} INFO - [2026-04-21T06:50:51.332+0000] {dagbag.py:588} INFO - Filling up the DagBag from /home/airflow/.local/lib/python3.12/site-packages/airflow/example_dags/example_complex.py
[2026-04-21T06:50:51.336+0000] {processor.py:925} INFO - DAG(s) 'example_complex' retrieved from /home/airflow/.local/lib/python3.12/site-packages/airflow/example_dags/example_complex.py
[2026-04-21T06:50:51.346+0000] {logging_mixin.py:190} INFO - [2026-04-21T06:50:51.346+0000] {dag.py:3239} INFO - Sync 1 DAGs
[2026-04-21T06:50:51.350+0000] {logging_mixin.py:190} INFO - [2026-04-21T06:50:51.350+0000] {dag.py:4180} INFO - Setting next_dagrun for example_complex to None, run_after=None
[2026-04-21T06:50:51.355+0000] {processor.py:208} INFO - Processing /home/airflow/.local/lib/python3.12/site-packages/airflow/example_dags/example_complex.py took 0.026 seconds
