[2026-04-21T06:42:39.134+0000] {processor.py:186} INFO - Started process (PID=46) to work on /home/airflow/.local/lib/python3.12/site-packages/airflow/example_dags/example_xcom.py
[2026-04-21T06:42:39.135+0000] {processor.py:914} INFO - Processing file /home/airflow/.local/lib/python3.12/site-packages/airflow/example_dags/example_xcom.py for tasks to queue
[2026-04-21T06:42:39.137+0000] {logging_mixin.py:190} INFO - [2026-04-21T06:42:39.137+0000] {dagbag.py:588} INFO - Filling up the DagBag from /home/airflow/.local/lib/python3.12/site-packages/airflow/example_dags/example_xcom.py
[2026-04-21T06:42:39.144+0000] {processor.py:925} INFO - DAG(s) 'example_xcom' retrieved from /home/airflow/.local/lib/python3.12/site-packages/airflow/example_dags/example_xcom.py
[2026-04-21T06:42:39.166+0000] {logging_mixin.py:190} INFO - [2026-04-21T06:42:39.166+0000] {dag.py:3239} INFO - Sync 1 DAGs
[2026-04-21T06:42:39.181+0000] {logging_mixin.py:190} INFO - [2026-04-21T06:42:39.181+0000] {dag.py:4180} INFO - Setting next_dagrun for example_xcom to 2021-01-01 00:00:00+00:00, run_after=2021-01-01 00:00:00+00:00
[2026-04-21T06:42:39.195+0000] {processor.py:208} INFO - Processing /home/airflow/.local/lib/python3.12/site-packages/airflow/example_dags/example_xcom.py took 0.064 seconds
[2026-04-21T06:43:09.862+0000] {processor.py:186} INFO - Started process (PID=118) to work on /home/airflow/.local/lib/python3.12/site-packages/airflow/example_dags/example_xcom.py
[2026-04-21T06:43:09.865+0000] {processor.py:914} INFO - Processing file /home/airflow/.local/lib/python3.12/site-packages/airflow/example_dags/example_xcom.py for tasks to queue
[2026-04-21T06:43:09.866+0000] {logging_mixin.py:190} INFO - [2026-04-21T06:43:09.866+0000] {dagbag.py:588} INFO - Filling up the DagBag from /home/airflow/.local/lib/python3.12/site-packages/airflow/example_dags/example_xcom.py
[2026-04-21T06:43:09.871+0000] {processor.py:925} INFO - DAG(s) 'example_xcom' retrieved from /home/airflow/.local/lib/python3.12/site-packages/airflow/example_dags/example_xcom.py
[2026-04-21T06:43:09.881+0000] {logging_mixin.py:190} INFO - [2026-04-21T06:43:09.881+0000] {dag.py:3239} INFO - Sync 1 DAGs
[2026-04-21T06:43:09.894+0000] {logging_mixin.py:190} INFO - [2026-04-21T06:43:09.893+0000] {dag.py:4180} INFO - Setting next_dagrun for example_xcom to 2021-01-01 00:00:00+00:00, run_after=2021-01-01 00:00:00+00:00
[2026-04-21T06:43:09.905+0000] {processor.py:208} INFO - Processing /home/airflow/.local/lib/python3.12/site-packages/airflow/example_dags/example_xcom.py took 0.046 seconds
[2026-04-21T06:43:40.334+0000] {processor.py:186} INFO - Started process (PID=182) to work on /home/airflow/.local/lib/python3.12/site-packages/airflow/example_dags/example_xcom.py
[2026-04-21T06:43:40.334+0000] {processor.py:914} INFO - Processing file /home/airflow/.local/lib/python3.12/site-packages/airflow/example_dags/example_xcom.py for tasks to queue
[2026-04-21T06:43:40.336+0000] {logging_mixin.py:190} INFO - [2026-04-21T06:43:40.336+0000] {dagbag.py:588} INFO - Filling up the DagBag from /home/airflow/.local/lib/python3.12/site-packages/airflow/example_dags/example_xcom.py
[2026-04-21T06:43:40.341+0000] {processor.py:925} INFO - DAG(s) 'example_xcom' retrieved from /home/airflow/.local/lib/python3.12/site-packages/airflow/example_dags/example_xcom.py
[2026-04-21T06:43:40.353+0000] {logging_mixin.py:190} INFO - [2026-04-21T06:43:40.353+0000] {dag.py:3239} INFO - Sync 1 DAGs
[2026-04-21T06:43:40.362+0000] {logging_mixin.py:190} INFO - [2026-04-21T06:43:40.362+0000] {dag.py:4180} INFO - Setting next_dagrun for example_xcom to 2021-01-01 00:00:00+00:00, run_after=2021-01-01 00:00:00+00:00
[2026-04-21T06:43:40.371+0000] {processor.py:208} INFO - Processing /home/airflow/.local/lib/python3.12/site-packages/airflow/example_dags/example_xcom.py took 0.038 seconds
[2026-04-21T06:44:10.516+0000] {processor.py:186} INFO - Started process (PID=246) to work on /home/airflow/.local/lib/python3.12/site-packages/airflow/example_dags/example_xcom.py
[2026-04-21T06:44:10.516+0000] {processor.py:914} INFO - Processing file /home/airflow/.local/lib/python3.12/site-packages/airflow/example_dags/example_xcom.py for tasks to queue
[2026-04-21T06:44:10.518+0000] {logging_mixin.py:190} INFO - [2026-04-21T06:44:10.517+0000] {dagbag.py:588} INFO - Filling up the DagBag from /home/airflow/.local/lib/python3.12/site-packages/airflow/example_dags/example_xcom.py
[2026-04-21T06:44:10.526+0000] {processor.py:925} INFO - DAG(s) 'example_xcom' retrieved from /home/airflow/.local/lib/python3.12/site-packages/airflow/example_dags/example_xcom.py
[2026-04-21T06:44:10.536+0000] {logging_mixin.py:190} INFO - [2026-04-21T06:44:10.536+0000] {dag.py:3239} INFO - Sync 1 DAGs
[2026-04-21T06:44:10.546+0000] {logging_mixin.py:190} INFO - [2026-04-21T06:44:10.545+0000] {dag.py:4180} INFO - Setting next_dagrun for example_xcom to 2021-01-01 00:00:00+00:00, run_after=2021-01-01 00:00:00+00:00
[2026-04-21T06:44:10.554+0000] {processor.py:208} INFO - Processing /home/airflow/.local/lib/python3.12/site-packages/airflow/example_dags/example_xcom.py took 0.040 seconds
[2026-04-21T06:44:41.071+0000] {processor.py:186} INFO - Started process (PID=310) to work on /home/airflow/.local/lib/python3.12/site-packages/airflow/example_dags/example_xcom.py
[2026-04-21T06:44:41.073+0000] {processor.py:914} INFO - Processing file /home/airflow/.local/lib/python3.12/site-packages/airflow/example_dags/example_xcom.py for tasks to queue
[2026-04-21T06:44:41.075+0000] {logging_mixin.py:190} INFO - [2026-04-21T06:44:41.074+0000] {dagbag.py:588} INFO - Filling up the DagBag from /home/airflow/.local/lib/python3.12/site-packages/airflow/example_dags/example_xcom.py
[2026-04-21T06:44:41.080+0000] {processor.py:925} INFO - DAG(s) 'example_xcom' retrieved from /home/airflow/.local/lib/python3.12/site-packages/airflow/example_dags/example_xcom.py
[2026-04-21T06:44:41.089+0000] {logging_mixin.py:190} INFO - [2026-04-21T06:44:41.089+0000] {dag.py:3239} INFO - Sync 1 DAGs
[2026-04-21T06:44:41.098+0000] {logging_mixin.py:190} INFO - [2026-04-21T06:44:41.098+0000] {dag.py:4180} INFO - Setting next_dagrun for example_xcom to 2021-01-01 00:00:00+00:00, run_after=2021-01-01 00:00:00+00:00
[2026-04-21T06:44:41.105+0000] {processor.py:208} INFO - Processing /home/airflow/.local/lib/python3.12/site-packages/airflow/example_dags/example_xcom.py took 0.036 seconds
[2026-04-21T06:45:11.432+0000] {processor.py:186} INFO - Started process (PID=374) to work on /home/airflow/.local/lib/python3.12/site-packages/airflow/example_dags/example_xcom.py
[2026-04-21T06:45:11.434+0000] {processor.py:914} INFO - Processing file /home/airflow/.local/lib/python3.12/site-packages/airflow/example_dags/example_xcom.py for tasks to queue
[2026-04-21T06:45:11.435+0000] {logging_mixin.py:190} INFO - [2026-04-21T06:45:11.435+0000] {dagbag.py:588} INFO - Filling up the DagBag from /home/airflow/.local/lib/python3.12/site-packages/airflow/example_dags/example_xcom.py
[2026-04-21T06:45:11.440+0000] {processor.py:925} INFO - DAG(s) 'example_xcom' retrieved from /home/airflow/.local/lib/python3.12/site-packages/airflow/example_dags/example_xcom.py
[2026-04-21T06:45:11.452+0000] {logging_mixin.py:190} INFO - [2026-04-21T06:45:11.452+0000] {dag.py:3239} INFO - Sync 1 DAGs
[2026-04-21T06:45:11.461+0000] {logging_mixin.py:190} INFO - [2026-04-21T06:45:11.461+0000] {dag.py:4180} INFO - Setting next_dagrun for example_xcom to 2021-01-01 00:00:00+00:00, run_after=2021-01-01 00:00:00+00:00
[2026-04-21T06:45:11.471+0000] {processor.py:208} INFO - Processing /home/airflow/.local/lib/python3.12/site-packages/airflow/example_dags/example_xcom.py took 0.042 seconds
[2026-04-21T06:45:41.848+0000] {processor.py:186} INFO - Started process (PID=444) to work on /home/airflow/.local/lib/python3.12/site-packages/airflow/example_dags/example_xcom.py
[2026-04-21T06:45:41.849+0000] {processor.py:914} INFO - Processing file /home/airflow/.local/lib/python3.12/site-packages/airflow/example_dags/example_xcom.py for tasks to queue
[2026-04-21T06:45:41.852+0000] {logging_mixin.py:190} INFO - [2026-04-21T06:45:41.852+0000] {dagbag.py:588} INFO - Filling up the DagBag from /home/airflow/.local/lib/python3.12/site-packages/airflow/example_dags/example_xcom.py
[2026-04-21T06:45:41.860+0000] {processor.py:925} INFO - DAG(s) 'example_xcom' retrieved from /home/airflow/.local/lib/python3.12/site-packages/airflow/example_dags/example_xcom.py
[2026-04-21T06:45:41.870+0000] {logging_mixin.py:190} INFO - [2026-04-21T06:45:41.870+0000] {dag.py:3239} INFO - Sync 1 DAGs
[2026-04-21T06:45:41.880+0000] {logging_mixin.py:190} INFO - [2026-04-21T06:45:41.880+0000] {dag.py:4180} INFO - Setting next_dagrun for example_xcom to 2021-01-01 00:00:00+00:00, run_after=2021-01-01 00:00:00+00:00
[2026-04-21T06:45:41.889+0000] {processor.py:208} INFO - Processing /home/airflow/.local/lib/python3.12/site-packages/airflow/example_dags/example_xcom.py took 0.045 seconds
[2026-04-21T06:46:12.463+0000] {processor.py:186} INFO - Started process (PID=508) to work on /home/airflow/.local/lib/python3.12/site-packages/airflow/example_dags/example_xcom.py
[2026-04-21T06:46:12.465+0000] {processor.py:914} INFO - Processing file /home/airflow/.local/lib/python3.12/site-packages/airflow/example_dags/example_xcom.py for tasks to queue
[2026-04-21T06:46:12.466+0000] {logging_mixin.py:190} INFO - [2026-04-21T06:46:12.466+0000] {dagbag.py:588} INFO - Filling up the DagBag from /home/airflow/.local/lib/python3.12/site-packages/airflow/example_dags/example_xcom.py
[2026-04-21T06:46:12.472+0000] {processor.py:925} INFO - DAG(s) 'example_xcom' retrieved from /home/airflow/.local/lib/python3.12/site-packages/airflow/example_dags/example_xcom.py
[2026-04-21T06:46:12.484+0000] {logging_mixin.py:190} INFO - [2026-04-21T06:46:12.484+0000] {dag.py:3239} INFO - Sync 1 DAGs
[2026-04-21T06:46:12.493+0000] {logging_mixin.py:190} INFO - [2026-04-21T06:46:12.493+0000] {dag.py:4180} INFO - Setting next_dagrun for example_xcom to 2021-01-01 00:00:00+00:00, run_after=2021-01-01 00:00:00+00:00
[2026-04-21T06:46:12.502+0000] {processor.py:208} INFO - Processing /home/airflow/.local/lib/python3.12/site-packages/airflow/example_dags/example_xcom.py took 0.044 seconds
[2026-04-21T06:46:42.800+0000] {processor.py:186} INFO - Started process (PID=572) to work on /home/airflow/.local/lib/python3.12/site-packages/airflow/example_dags/example_xcom.py
[2026-04-21T06:46:42.800+0000] {processor.py:914} INFO - Processing file /home/airflow/.local/lib/python3.12/site-packages/airflow/example_dags/example_xcom.py for tasks to queue
[2026-04-21T06:46:42.801+0000] {logging_mixin.py:190} INFO - [2026-04-21T06:46:42.801+0000] {dagbag.py:588} INFO - Filling up the DagBag from /home/airflow/.local/lib/python3.12/site-packages/airflow/example_dags/example_xcom.py
[2026-04-21T06:46:42.808+0000] {processor.py:925} INFO - DAG(s) 'example_xcom' retrieved from /home/airflow/.local/lib/python3.12/site-packages/airflow/example_dags/example_xcom.py
[2026-04-21T06:46:42.818+0000] {logging_mixin.py:190} INFO - [2026-04-21T06:46:42.818+0000] {dag.py:3239} INFO - Sync 1 DAGs
[2026-04-21T06:46:42.833+0000] {logging_mixin.py:190} INFO - [2026-04-21T06:46:42.833+0000] {dag.py:4180} INFO - Setting next_dagrun for example_xcom to 2021-01-01 00:00:00+00:00, run_after=2021-01-01 00:00:00+00:00
[2026-04-21T06:46:42.841+0000] {processor.py:208} INFO - Processing /home/airflow/.local/lib/python3.12/site-packages/airflow/example_dags/example_xcom.py took 0.044 seconds
[2026-04-21T06:47:12.961+0000] {processor.py:186} INFO - Started process (PID=635) to work on /home/airflow/.local/lib/python3.12/site-packages/airflow/example_dags/example_xcom.py
[2026-04-21T06:47:12.961+0000] {processor.py:914} INFO - Processing file /home/airflow/.local/lib/python3.12/site-packages/airflow/example_dags/example_xcom.py for tasks to queue
[2026-04-21T06:47:12.962+0000] {logging_mixin.py:190} INFO - [2026-04-21T06:47:12.962+0000] {dagbag.py:588} INFO - Filling up the DagBag from /home/airflow/.local/lib/python3.12/site-packages/airflow/example_dags/example_xcom.py
[2026-04-21T06:47:12.965+0000] {processor.py:925} INFO - DAG(s) 'example_xcom' retrieved from /home/airflow/.local/lib/python3.12/site-packages/airflow/example_dags/example_xcom.py
[2026-04-21T06:47:12.972+0000] {logging_mixin.py:190} INFO - [2026-04-21T06:47:12.972+0000] {dag.py:3239} INFO - Sync 1 DAGs
[2026-04-21T06:47:12.979+0000] {logging_mixin.py:190} INFO - [2026-04-21T06:47:12.979+0000] {dag.py:4180} INFO - Setting next_dagrun for example_xcom to 2021-01-01 00:00:00+00:00, run_after=2021-01-01 00:00:00+00:00
[2026-04-21T06:47:12.983+0000] {processor.py:208} INFO - Processing /home/airflow/.local/lib/python3.12/site-packages/airflow/example_dags/example_xcom.py took 0.025 seconds
[2026-04-21T06:47:43.276+0000] {processor.py:186} INFO - Started process (PID=700) to work on /home/airflow/.local/lib/python3.12/site-packages/airflow/example_dags/example_xcom.py
[2026-04-21T06:47:43.278+0000] {processor.py:914} INFO - Processing file /home/airflow/.local/lib/python3.12/site-packages/airflow/example_dags/example_xcom.py for tasks to queue
[2026-04-21T06:47:43.279+0000] {logging_mixin.py:190} INFO - [2026-04-21T06:47:43.279+0000] {dagbag.py:588} INFO - Filling up the DagBag from /home/airflow/.local/lib/python3.12/site-packages/airflow/example_dags/example_xcom.py
[2026-04-21T06:47:43.284+0000] {processor.py:925} INFO - DAG(s) 'example_xcom' retrieved from /home/airflow/.local/lib/python3.12/site-packages/airflow/example_dags/example_xcom.py
[2026-04-21T06:47:43.294+0000] {logging_mixin.py:190} INFO - [2026-04-21T06:47:43.294+0000] {dag.py:3239} INFO - Sync 1 DAGs
[2026-04-21T06:47:43.302+0000] {logging_mixin.py:190} INFO - [2026-04-21T06:47:43.302+0000] {dag.py:4180} INFO - Setting next_dagrun for example_xcom to 2021-01-01 00:00:00+00:00, run_after=2021-01-01 00:00:00+00:00
[2026-04-21T06:47:43.311+0000] {processor.py:208} INFO - Processing /home/airflow/.local/lib/python3.12/site-packages/airflow/example_dags/example_xcom.py took 0.037 seconds
[2026-04-21T06:48:13.437+0000] {processor.py:186} INFO - Started process (PID=764) to work on /home/airflow/.local/lib/python3.12/site-packages/airflow/example_dags/example_xcom.py
[2026-04-21T06:48:13.438+0000] {processor.py:914} INFO - Processing file /home/airflow/.local/lib/python3.12/site-packages/airflow/example_dags/example_xcom.py for tasks to queue
[2026-04-21T06:48:13.439+0000] {logging_mixin.py:190} INFO - [2026-04-21T06:48:13.439+0000] {dagbag.py:588} INFO - Filling up the DagBag from /home/airflow/.local/lib/python3.12/site-packages/airflow/example_dags/example_xcom.py
[2026-04-21T06:48:13.442+0000] {processor.py:925} INFO - DAG(s) 'example_xcom' retrieved from /home/airflow/.local/lib/python3.12/site-packages/airflow/example_dags/example_xcom.py
[2026-04-21T06:48:13.450+0000] {logging_mixin.py:190} INFO - [2026-04-21T06:48:13.450+0000] {dag.py:3239} INFO - Sync 1 DAGs
[2026-04-21T06:48:13.458+0000] {logging_mixin.py:190} INFO - [2026-04-21T06:48:13.458+0000] {dag.py:4180} INFO - Setting next_dagrun for example_xcom to 2021-01-01 00:00:00+00:00, run_after=2021-01-01 00:00:00+00:00
[2026-04-21T06:48:13.466+0000] {processor.py:208} INFO - Processing /home/airflow/.local/lib/python3.12/site-packages/airflow/example_dags/example_xcom.py took 0.032 seconds
[2026-04-21T06:48:43.866+0000] {processor.py:186} INFO - Started process (PID=828) to work on /home/airflow/.local/lib/python3.12/site-packages/airflow/example_dags/example_xcom.py
[2026-04-21T06:48:43.867+0000] {processor.py:914} INFO - Processing file /home/airflow/.local/lib/python3.12/site-packages/airflow/example_dags/example_xcom.py for tasks to queue
[2026-04-21T06:48:43.869+0000] {logging_mixin.py:190} INFO - [2026-04-21T06:48:43.869+0000] {dagbag.py:588} INFO - Filling up the DagBag from /home/airflow/.local/lib/python3.12/site-packages/airflow/example_dags/example_xcom.py
[2026-04-21T06:48:43.872+0000] {processor.py:925} INFO - DAG(s) 'example_xcom' retrieved from /home/airflow/.local/lib/python3.12/site-packages/airflow/example_dags/example_xcom.py
[2026-04-21T06:48:43.882+0000] {logging_mixin.py:190} INFO - [2026-04-21T06:48:43.881+0000] {dag.py:3239} INFO - Sync 1 DAGs
[2026-04-21T06:48:43.896+0000] {logging_mixin.py:190} INFO - [2026-04-21T06:48:43.895+0000] {dag.py:4180} INFO - Setting next_dagrun for example_xcom to 2021-01-01 00:00:00+00:00, run_after=2021-01-01 00:00:00+00:00
[2026-04-21T06:48:43.903+0000] {processor.py:208} INFO - Processing /home/airflow/.local/lib/python3.12/site-packages/airflow/example_dags/example_xcom.py took 0.040 seconds
[2026-04-21T06:49:14.623+0000] {processor.py:186} INFO - Started process (PID=892) to work on /home/airflow/.local/lib/python3.12/site-packages/airflow/example_dags/example_xcom.py
[2026-04-21T06:49:14.624+0000] {processor.py:914} INFO - Processing file /home/airflow/.local/lib/python3.12/site-packages/airflow/example_dags/example_xcom.py for tasks to queue
[2026-04-21T06:49:14.626+0000] {logging_mixin.py:190} INFO - [2026-04-21T06:49:14.626+0000] {dagbag.py:588} INFO - Filling up the DagBag from /home/airflow/.local/lib/python3.12/site-packages/airflow/example_dags/example_xcom.py
[2026-04-21T06:49:14.630+0000] {processor.py:925} INFO - DAG(s) 'example_xcom' retrieved from /home/airflow/.local/lib/python3.12/site-packages/airflow/example_dags/example_xcom.py
[2026-04-21T06:49:14.640+0000] {logging_mixin.py:190} INFO - [2026-04-21T06:49:14.639+0000] {dag.py:3239} INFO - Sync 1 DAGs
[2026-04-21T06:49:14.648+0000] {logging_mixin.py:190} INFO - [2026-04-21T06:49:14.648+0000] {dag.py:4180} INFO - Setting next_dagrun for example_xcom to 2021-01-01 00:00:00+00:00, run_after=2021-01-01 00:00:00+00:00
[2026-04-21T06:49:14.657+0000] {processor.py:208} INFO - Processing /home/airflow/.local/lib/python3.12/site-packages/airflow/example_dags/example_xcom.py took 0.036 seconds
[2026-04-21T06:49:45.129+0000] {processor.py:186} INFO - Started process (PID=956) to work on /home/airflow/.local/lib/python3.12/site-packages/airflow/example_dags/example_xcom.py
[2026-04-21T06:49:45.130+0000] {processor.py:914} INFO - Processing file /home/airflow/.local/lib/python3.12/site-packages/airflow/example_dags/example_xcom.py for tasks to queue
[2026-04-21T06:49:45.131+0000] {logging_mixin.py:190} INFO - [2026-04-21T06:49:45.131+0000] {dagbag.py:588} INFO - Filling up the DagBag from /home/airflow/.local/lib/python3.12/site-packages/airflow/example_dags/example_xcom.py
[2026-04-21T06:49:45.142+0000] {processor.py:925} INFO - DAG(s) 'example_xcom' retrieved from /home/airflow/.local/lib/python3.12/site-packages/airflow/example_dags/example_xcom.py
[2026-04-21T06:49:45.153+0000] {logging_mixin.py:190} INFO - [2026-04-21T06:49:45.153+0000] {dag.py:3239} INFO - Sync 1 DAGs
[2026-04-21T06:49:45.163+0000] {logging_mixin.py:190} INFO - [2026-04-21T06:49:45.162+0000] {dag.py:4180} INFO - Setting next_dagrun for example_xcom to 2021-01-01 00:00:00+00:00, run_after=2021-01-01 00:00:00+00:00
[2026-04-21T06:49:45.171+0000] {processor.py:208} INFO - Processing /home/airflow/.local/lib/python3.12/site-packages/airflow/example_dags/example_xcom.py took 0.044 seconds
[2026-04-21T06:50:15.573+0000] {processor.py:186} INFO - Started process (PID=1020) to work on /home/airflow/.local/lib/python3.12/site-packages/airflow/example_dags/example_xcom.py
[2026-04-21T06:50:15.574+0000] {processor.py:914} INFO - Processing file /home/airflow/.local/lib/python3.12/site-packages/airflow/example_dags/example_xcom.py for tasks to queue
[2026-04-21T06:50:15.575+0000] {logging_mixin.py:190} INFO - [2026-04-21T06:50:15.575+0000] {dagbag.py:588} INFO - Filling up the DagBag from /home/airflow/.local/lib/python3.12/site-packages/airflow/example_dags/example_xcom.py
[2026-04-21T06:50:15.578+0000] {processor.py:925} INFO - DAG(s) 'example_xcom' retrieved from /home/airflow/.local/lib/python3.12/site-packages/airflow/example_dags/example_xcom.py
[2026-04-21T06:50:15.592+0000] {logging_mixin.py:190} INFO - [2026-04-21T06:50:15.592+0000] {dag.py:3239} INFO - Sync 1 DAGs
[2026-04-21T06:50:15.602+0000] {logging_mixin.py:190} INFO - [2026-04-21T06:50:15.601+0000] {dag.py:4180} INFO - Setting next_dagrun for example_xcom to 2021-01-01 00:00:00+00:00, run_after=2021-01-01 00:00:00+00:00
[2026-04-21T06:50:15.612+0000] {processor.py:208} INFO - Processing /home/airflow/.local/lib/python3.12/site-packages/airflow/example_dags/example_xcom.py took 0.042 seconds
[2026-04-21T06:50:46.083+0000] {processor.py:186} INFO - Started process (PID=1084) to work on /home/airflow/.local/lib/python3.12/site-packages/airflow/example_dags/example_xcom.py
[2026-04-21T06:50:46.084+0000] {processor.py:914} INFO - Processing file /home/airflow/.local/lib/python3.12/site-packages/airflow/example_dags/example_xcom.py for tasks to queue
[2026-04-21T06:50:46.086+0000] {logging_mixin.py:190} INFO - [2026-04-21T06:50:46.086+0000] {dagbag.py:588} INFO - Filling up the DagBag from /home/airflow/.local/lib/python3.12/site-packages/airflow/example_dags/example_xcom.py
[2026-04-21T06:50:46.090+0000] {processor.py:925} INFO - DAG(s) 'example_xcom' retrieved from /home/airflow/.local/lib/python3.12/site-packages/airflow/example_dags/example_xcom.py
[2026-04-21T06:50:46.098+0000] {logging_mixin.py:190} INFO - [2026-04-21T06:50:46.098+0000] {dag.py:3239} INFO - Sync 1 DAGs
[2026-04-21T06:50:46.110+0000] {logging_mixin.py:190} INFO - [2026-04-21T06:50:46.110+0000] {dag.py:4180} INFO - Setting next_dagrun for example_xcom to 2021-01-01 00:00:00+00:00, run_after=2021-01-01 00:00:00+00:00
[2026-04-21T06:50:46.119+0000] {processor.py:208} INFO - Processing /home/airflow/.local/lib/python3.12/site-packages/airflow/example_dags/example_xcom.py took 0.039 seconds
[2026-04-21T06:51:16.402+0000] {processor.py:186} INFO - Started process (PID=1148) to work on /home/airflow/.local/lib/python3.12/site-packages/airflow/example_dags/example_xcom.py
[2026-04-21T06:51:16.403+0000] {processor.py:914} INFO - Processing file /home/airflow/.local/lib/python3.12/site-packages/airflow/example_dags/example_xcom.py for tasks to queue
[2026-04-21T06:51:16.404+0000] {logging_mixin.py:190} INFO - [2026-04-21T06:51:16.404+0000] {dagbag.py:588} INFO - Filling up the DagBag from /home/airflow/.local/lib/python3.12/site-packages/airflow/example_dags/example_xcom.py
[2026-04-21T06:51:16.408+0000] {processor.py:925} INFO - DAG(s) 'example_xcom' retrieved from /home/airflow/.local/lib/python3.12/site-packages/airflow/example_dags/example_xcom.py
[2026-04-21T06:51:16.417+0000] {logging_mixin.py:190} INFO - [2026-04-21T06:51:16.417+0000] {dag.py:3239} INFO - Sync 1 DAGs
[2026-04-21T06:51:16.427+0000] {logging_mixin.py:190} INFO - [2026-04-21T06:51:16.427+0000] {dag.py:4180} INFO - Setting next_dagrun for example_xcom to 2021-01-01 00:00:00+00:00, run_after=2021-01-01 00:00:00+00:00
[2026-04-21T06:51:16.435+0000] {processor.py:208} INFO - Processing /home/airflow/.local/lib/python3.12/site-packages/airflow/example_dags/example_xcom.py took 0.035 seconds
[2026-04-21T06:51:46.559+0000] {processor.py:186} INFO - Started process (PID=1212) to work on /home/airflow/.local/lib/python3.12/site-packages/airflow/example_dags/example_xcom.py
[2026-04-21T06:51:46.559+0000] {processor.py:914} INFO - Processing file /home/airflow/.local/lib/python3.12/site-packages/airflow/example_dags/example_xcom.py for tasks to queue
[2026-04-21T06:51:46.561+0000] {logging_mixin.py:190} INFO - [2026-04-21T06:51:46.561+0000] {dagbag.py:588} INFO - Filling up the DagBag from /home/airflow/.local/lib/python3.12/site-packages/airflow/example_dags/example_xcom.py
[2026-04-21T06:51:46.566+0000] {processor.py:925} INFO - DAG(s) 'example_xcom' retrieved from /home/airflow/.local/lib/python3.12/site-packages/airflow/example_dags/example_xcom.py
[2026-04-21T06:51:46.578+0000] {logging_mixin.py:190} INFO - [2026-04-21T06:51:46.578+0000] {dag.py:3239} INFO - Sync 1 DAGs
[2026-04-21T06:51:46.588+0000] {logging_mixin.py:190} INFO - [2026-04-21T06:51:46.588+0000] {dag.py:4180} INFO - Setting next_dagrun for example_xcom to 2021-01-01 00:00:00+00:00, run_after=2021-01-01 00:00:00+00:00
[2026-04-21T06:51:46.597+0000] {processor.py:208} INFO - Processing /home/airflow/.local/lib/python3.12/site-packages/airflow/example_dags/example_xcom.py took 0.040 seconds
[2026-04-21T06:52:16.773+0000] {processor.py:186} INFO - Started process (PID=1276) to work on /home/airflow/.local/lib/python3.12/site-packages/airflow/example_dags/example_xcom.py
[2026-04-21T06:52:16.774+0000] {processor.py:914} INFO - Processing file /home/airflow/.local/lib/python3.12/site-packages/airflow/example_dags/example_xcom.py for tasks to queue
[2026-04-21T06:52:16.776+0000] {logging_mixin.py:190} INFO - [2026-04-21T06:52:16.776+0000] {dagbag.py:588} INFO - Filling up the DagBag from /home/airflow/.local/lib/python3.12/site-packages/airflow/example_dags/example_xcom.py
[2026-04-21T06:52:16.781+0000] {processor.py:925} INFO - DAG(s) 'example_xcom' retrieved from /home/airflow/.local/lib/python3.12/site-packages/airflow/example_dags/example_xcom.py
[2026-04-21T06:52:16.793+0000] {logging_mixin.py:190} INFO - [2026-04-21T06:52:16.793+0000] {dag.py:3239} INFO - Sync 1 DAGs
[2026-04-21T06:52:16.800+0000] {logging_mixin.py:190} INFO - [2026-04-21T06:52:16.800+0000] {dag.py:4180} INFO - Setting next_dagrun for example_xcom to 2021-01-01 00:00:00+00:00, run_after=2021-01-01 00:00:00+00:00
[2026-04-21T06:52:16.808+0000] {processor.py:208} INFO - Processing /home/airflow/.local/lib/python3.12/site-packages/airflow/example_dags/example_xcom.py took 0.038 seconds
[2026-04-21T06:52:47.277+0000] {processor.py:186} INFO - Started process (PID=1340) to work on /home/airflow/.local/lib/python3.12/site-packages/airflow/example_dags/example_xcom.py
[2026-04-21T06:52:47.278+0000] {processor.py:914} INFO - Processing file /home/airflow/.local/lib/python3.12/site-packages/airflow/example_dags/example_xcom.py for tasks to queue
[2026-04-21T06:52:47.281+0000] {logging_mixin.py:190} INFO - [2026-04-21T06:52:47.280+0000] {dagbag.py:588} INFO - Filling up the DagBag from /home/airflow/.local/lib/python3.12/site-packages/airflow/example_dags/example_xcom.py
[2026-04-21T06:52:47.287+0000] {processor.py:925} INFO - DAG(s) 'example_xcom' retrieved from /home/airflow/.local/lib/python3.12/site-packages/airflow/example_dags/example_xcom.py
[2026-04-21T06:52:47.298+0000] {logging_mixin.py:190} INFO - [2026-04-21T06:52:47.298+0000] {dag.py:3239} INFO - Sync 1 DAGs
[2026-04-21T06:52:47.306+0000] {logging_mixin.py:190} INFO - [2026-04-21T06:52:47.306+0000] {dag.py:4180} INFO - Setting next_dagrun for example_xcom to 2021-01-01 00:00:00+00:00, run_after=2021-01-01 00:00:00+00:00
[2026-04-21T06:52:47.314+0000] {processor.py:208} INFO - Processing /home/airflow/.local/lib/python3.12/site-packages/airflow/example_dags/example_xcom.py took 0.039 seconds
[2026-04-21T06:53:17.466+0000] {processor.py:186} INFO - Started process (PID=1404) to work on /home/airflow/.local/lib/python3.12/site-packages/airflow/example_dags/example_xcom.py
[2026-04-21T06:53:17.467+0000] {processor.py:914} INFO - Processing file /home/airflow/.local/lib/python3.12/site-packages/airflow/example_dags/example_xcom.py for tasks to queue
[2026-04-21T06:53:17.469+0000] {logging_mixin.py:190} INFO - [2026-04-21T06:53:17.469+0000] {dagbag.py:588} INFO - Filling up the DagBag from /home/airflow/.local/lib/python3.12/site-packages/airflow/example_dags/example_xcom.py
[2026-04-21T06:53:17.473+0000] {processor.py:925} INFO - DAG(s) 'example_xcom' retrieved from /home/airflow/.local/lib/python3.12/site-packages/airflow/example_dags/example_xcom.py
[2026-04-21T06:53:17.482+0000] {logging_mixin.py:190} INFO - [2026-04-21T06:53:17.482+0000] {dag.py:3239} INFO - Sync 1 DAGs
[2026-04-21T06:53:17.495+0000] {logging_mixin.py:190} INFO - [2026-04-21T06:53:17.495+0000] {dag.py:4180} INFO - Setting next_dagrun for example_xcom to 2021-01-01 00:00:00+00:00, run_after=2021-01-01 00:00:00+00:00
[2026-04-21T06:53:17.505+0000] {processor.py:208} INFO - Processing /home/airflow/.local/lib/python3.12/site-packages/airflow/example_dags/example_xcom.py took 0.042 seconds
[2026-04-21T06:53:47.892+0000] {processor.py:186} INFO - Started process (PID=1468) to work on /home/airflow/.local/lib/python3.12/site-packages/airflow/example_dags/example_xcom.py
[2026-04-21T06:53:47.892+0000] {processor.py:914} INFO - Processing file /home/airflow/.local/lib/python3.12/site-packages/airflow/example_dags/example_xcom.py for tasks to queue
[2026-04-21T06:53:47.893+0000] {logging_mixin.py:190} INFO - [2026-04-21T06:53:47.893+0000] {dagbag.py:588} INFO - Filling up the DagBag from /home/airflow/.local/lib/python3.12/site-packages/airflow/example_dags/example_xcom.py
[2026-04-21T06:53:47.897+0000] {processor.py:925} INFO - DAG(s) 'example_xcom' retrieved from /home/airflow/.local/lib/python3.12/site-packages/airflow/example_dags/example_xcom.py
[2026-04-21T06:53:47.904+0000] {logging_mixin.py:190} INFO - [2026-04-21T06:53:47.904+0000] {dag.py:3239} INFO - Sync 1 DAGs
[2026-04-21T06:53:47.912+0000] {logging_mixin.py:190} INFO - [2026-04-21T06:53:47.912+0000] {dag.py:4180} INFO - Setting next_dagrun for example_xcom to 2021-01-01 00:00:00+00:00, run_after=2021-01-01 00:00:00+00:00
[2026-04-21T06:53:47.917+0000] {processor.py:208} INFO - Processing /home/airflow/.local/lib/python3.12/site-packages/airflow/example_dags/example_xcom.py took 0.029 seconds
[2026-04-21T06:54:17.977+0000] {processor.py:186} INFO - Started process (PID=1532) to work on /home/airflow/.local/lib/python3.12/site-packages/airflow/example_dags/example_xcom.py
[2026-04-21T06:54:17.978+0000] {processor.py:914} INFO - Processing file /home/airflow/.local/lib/python3.12/site-packages/airflow/example_dags/example_xcom.py for tasks to queue
[2026-04-21T06:54:17.979+0000] {logging_mixin.py:190} INFO - [2026-04-21T06:54:17.979+0000] {dagbag.py:588} INFO - Filling up the DagBag from /home/airflow/.local/lib/python3.12/site-packages/airflow/example_dags/example_xcom.py
[2026-04-21T06:54:17.983+0000] {processor.py:925} INFO - DAG(s) 'example_xcom' retrieved from /home/airflow/.local/lib/python3.12/site-packages/airflow/example_dags/example_xcom.py
[2026-04-21T06:54:17.991+0000] {logging_mixin.py:190} INFO - [2026-04-21T06:54:17.991+0000] {dag.py:3239} INFO - Sync 1 DAGs
[2026-04-21T06:54:17.999+0000] {logging_mixin.py:190} INFO - [2026-04-21T06:54:17.999+0000] {dag.py:4180} INFO - Setting next_dagrun for example_xcom to 2021-01-01 00:00:00+00:00, run_after=2021-01-01 00:00:00+00:00
[2026-04-21T06:54:18.005+0000] {processor.py:208} INFO - Processing /home/airflow/.local/lib/python3.12/site-packages/airflow/example_dags/example_xcom.py took 0.031 seconds
[2026-04-21T06:54:49.023+0000] {processor.py:186} INFO - Started process (PID=1596) to work on /home/airflow/.local/lib/python3.12/site-packages/airflow/example_dags/example_xcom.py
[2026-04-21T06:54:49.024+0000] {processor.py:914} INFO - Processing file /home/airflow/.local/lib/python3.12/site-packages/airflow/example_dags/example_xcom.py for tasks to queue
[2026-04-21T06:54:49.025+0000] {logging_mixin.py:190} INFO - [2026-04-21T06:54:49.025+0000] {dagbag.py:588} INFO - Filling up the DagBag from /home/airflow/.local/lib/python3.12/site-packages/airflow/example_dags/example_xcom.py
[2026-04-21T06:54:49.030+0000] {processor.py:925} INFO - DAG(s) 'example_xcom' retrieved from /home/airflow/.local/lib/python3.12/site-packages/airflow/example_dags/example_xcom.py
[2026-04-21T06:54:49.040+0000] {logging_mixin.py:190} INFO - [2026-04-21T06:54:49.040+0000] {dag.py:3239} INFO - Sync 1 DAGs
[2026-04-21T06:54:49.050+0000] {logging_mixin.py:190} INFO - [2026-04-21T06:54:49.049+0000] {dag.py:4180} INFO - Setting next_dagrun for example_xcom to 2021-01-01 00:00:00+00:00, run_after=2021-01-01 00:00:00+00:00
[2026-04-21T06:54:49.058+0000] {processor.py:208} INFO - Processing /home/airflow/.local/lib/python3.12/site-packages/airflow/example_dags/example_xcom.py took 0.037 seconds
[2026-04-21T06:55:19.208+0000] {processor.py:186} INFO - Started process (PID=1660) to work on /home/airflow/.local/lib/python3.12/site-packages/airflow/example_dags/example_xcom.py
[2026-04-21T06:55:19.210+0000] {processor.py:914} INFO - Processing file /home/airflow/.local/lib/python3.12/site-packages/airflow/example_dags/example_xcom.py for tasks to queue
[2026-04-21T06:55:19.211+0000] {logging_mixin.py:190} INFO - [2026-04-21T06:55:19.211+0000] {dagbag.py:588} INFO - Filling up the DagBag from /home/airflow/.local/lib/python3.12/site-packages/airflow/example_dags/example_xcom.py
[2026-04-21T06:55:19.215+0000] {processor.py:925} INFO - DAG(s) 'example_xcom' retrieved from /home/airflow/.local/lib/python3.12/site-packages/airflow/example_dags/example_xcom.py
[2026-04-21T06:55:19.225+0000] {logging_mixin.py:190} INFO - [2026-04-21T06:55:19.225+0000] {dag.py:3239} INFO - Sync 1 DAGs
[2026-04-21T06:55:19.235+0000] {logging_mixin.py:190} INFO - [2026-04-21T06:55:19.234+0000] {dag.py:4180} INFO - Setting next_dagrun for example_xcom to 2021-01-01 00:00:00+00:00, run_after=2021-01-01 00:00:00+00:00
[2026-04-21T06:55:19.244+0000] {processor.py:208} INFO - Processing /home/airflow/.local/lib/python3.12/site-packages/airflow/example_dags/example_xcom.py took 0.038 seconds
[2026-04-21T06:55:50.276+0000] {processor.py:186} INFO - Started process (PID=1724) to work on /home/airflow/.local/lib/python3.12/site-packages/airflow/example_dags/example_xcom.py
[2026-04-21T06:55:50.277+0000] {processor.py:914} INFO - Processing file /home/airflow/.local/lib/python3.12/site-packages/airflow/example_dags/example_xcom.py for tasks to queue
[2026-04-21T06:55:50.279+0000] {logging_mixin.py:190} INFO - [2026-04-21T06:55:50.279+0000] {dagbag.py:588} INFO - Filling up the DagBag from /home/airflow/.local/lib/python3.12/site-packages/airflow/example_dags/example_xcom.py
[2026-04-21T06:55:50.284+0000] {processor.py:925} INFO - DAG(s) 'example_xcom' retrieved from /home/airflow/.local/lib/python3.12/site-packages/airflow/example_dags/example_xcom.py
[2026-04-21T06:55:50.296+0000] {logging_mixin.py:190} INFO - [2026-04-21T06:55:50.295+0000] {dag.py:3239} INFO - Sync 1 DAGs
[2026-04-21T06:55:50.305+0000] {logging_mixin.py:190} INFO - [2026-04-21T06:55:50.305+0000] {dag.py:4180} INFO - Setting next_dagrun for example_xcom to 2021-01-01 00:00:00+00:00, run_after=2021-01-01 00:00:00+00:00
[2026-04-21T06:55:50.313+0000] {processor.py:208} INFO - Processing /home/airflow/.local/lib/python3.12/site-packages/airflow/example_dags/example_xcom.py took 0.040 seconds
[2026-04-21T06:56:20.906+0000] {processor.py:186} INFO - Started process (PID=1788) to work on /home/airflow/.local/lib/python3.12/site-packages/airflow/example_dags/example_xcom.py
[2026-04-21T06:56:20.908+0000] {processor.py:914} INFO - Processing file /home/airflow/.local/lib/python3.12/site-packages/airflow/example_dags/example_xcom.py for tasks to queue
[2026-04-21T06:56:20.909+0000] {logging_mixin.py:190} INFO - [2026-04-21T06:56:20.909+0000] {dagbag.py:588} INFO - Filling up the DagBag from /home/airflow/.local/lib/python3.12/site-packages/airflow/example_dags/example_xcom.py
[2026-04-21T06:56:20.914+0000] {processor.py:925} INFO - DAG(s) 'example_xcom' retrieved from /home/airflow/.local/lib/python3.12/site-packages/airflow/example_dags/example_xcom.py
[2026-04-21T06:56:20.925+0000] {logging_mixin.py:190} INFO - [2026-04-21T06:56:20.925+0000] {dag.py:3239} INFO - Sync 1 DAGs
[2026-04-21T06:56:20.933+0000] {logging_mixin.py:190} INFO - [2026-04-21T06:56:20.933+0000] {dag.py:4180} INFO - Setting next_dagrun for example_xcom to 2021-01-01 00:00:00+00:00, run_after=2021-01-01 00:00:00+00:00
[2026-04-21T06:56:20.942+0000] {processor.py:208} INFO - Processing /home/airflow/.local/lib/python3.12/site-packages/airflow/example_dags/example_xcom.py took 0.038 seconds
[2026-04-21T07:01:26.806+0000] {processor.py:186} INFO - Started process (PID=1805) to work on /home/airflow/.local/lib/python3.12/site-packages/airflow/example_dags/example_xcom.py
[2026-04-21T07:01:26.808+0000] {processor.py:914} INFO - Processing file /home/airflow/.local/lib/python3.12/site-packages/airflow/example_dags/example_xcom.py for tasks to queue
[2026-04-21T07:01:26.809+0000] {logging_mixin.py:190} INFO - [2026-04-21T07:01:26.808+0000] {dagbag.py:588} INFO - Filling up the DagBag from /home/airflow/.local/lib/python3.12/site-packages/airflow/example_dags/example_xcom.py
[2026-04-21T07:01:26.812+0000] {processor.py:925} INFO - DAG(s) 'example_xcom' retrieved from /home/airflow/.local/lib/python3.12/site-packages/airflow/example_dags/example_xcom.py
[2026-04-21T07:01:26.822+0000] {logging_mixin.py:190} INFO - [2026-04-21T07:01:26.822+0000] {dag.py:3239} INFO - Sync 1 DAGs
[2026-04-21T07:01:26.836+0000] {logging_mixin.py:190} INFO - [2026-04-21T07:01:26.835+0000] {dag.py:4180} INFO - Setting next_dagrun for example_xcom to 2021-01-01 00:00:00+00:00, run_after=2021-01-01 00:00:00+00:00
[2026-04-21T07:01:26.845+0000] {processor.py:208} INFO - Processing /home/airflow/.local/lib/python3.12/site-packages/airflow/example_dags/example_xcom.py took 0.041 seconds
[2026-04-21T07:01:57.033+0000] {processor.py:186} INFO - Started process (PID=1869) to work on /home/airflow/.local/lib/python3.12/site-packages/airflow/example_dags/example_xcom.py
[2026-04-21T07:01:57.033+0000] {processor.py:914} INFO - Processing file /home/airflow/.local/lib/python3.12/site-packages/airflow/example_dags/example_xcom.py for tasks to queue
[2026-04-21T07:01:57.036+0000] {logging_mixin.py:190} INFO - [2026-04-21T07:01:57.036+0000] {dagbag.py:588} INFO - Filling up the DagBag from /home/airflow/.local/lib/python3.12/site-packages/airflow/example_dags/example_xcom.py
[2026-04-21T07:01:57.042+0000] {processor.py:925} INFO - DAG(s) 'example_xcom' retrieved from /home/airflow/.local/lib/python3.12/site-packages/airflow/example_dags/example_xcom.py
[2026-04-21T07:01:57.060+0000] {logging_mixin.py:190} INFO - [2026-04-21T07:01:57.060+0000] {dag.py:3239} INFO - Sync 1 DAGs
[2026-04-21T07:01:57.072+0000] {logging_mixin.py:190} INFO - [2026-04-21T07:01:57.072+0000] {dag.py:4180} INFO - Setting next_dagrun for example_xcom to 2021-01-01 00:00:00+00:00, run_after=2021-01-01 00:00:00+00:00
[2026-04-21T07:01:57.081+0000] {processor.py:208} INFO - Processing /home/airflow/.local/lib/python3.12/site-packages/airflow/example_dags/example_xcom.py took 0.051 seconds
[2026-04-21T07:02:27.406+0000] {processor.py:186} INFO - Started process (PID=1933) to work on /home/airflow/.local/lib/python3.12/site-packages/airflow/example_dags/example_xcom.py
[2026-04-21T07:02:27.406+0000] {processor.py:914} INFO - Processing file /home/airflow/.local/lib/python3.12/site-packages/airflow/example_dags/example_xcom.py for tasks to queue
[2026-04-21T07:02:27.409+0000] {logging_mixin.py:190} INFO - [2026-04-21T07:02:27.408+0000] {dagbag.py:588} INFO - Filling up the DagBag from /home/airflow/.local/lib/python3.12/site-packages/airflow/example_dags/example_xcom.py
[2026-04-21T07:02:27.414+0000] {processor.py:925} INFO - DAG(s) 'example_xcom' retrieved from /home/airflow/.local/lib/python3.12/site-packages/airflow/example_dags/example_xcom.py
[2026-04-21T07:02:27.425+0000] {logging_mixin.py:190} INFO - [2026-04-21T07:02:27.425+0000] {dag.py:3239} INFO - Sync 1 DAGs
[2026-04-21T07:02:27.435+0000] {logging_mixin.py:190} INFO - [2026-04-21T07:02:27.434+0000] {dag.py:4180} INFO - Setting next_dagrun for example_xcom to 2021-01-01 00:00:00+00:00, run_after=2021-01-01 00:00:00+00:00
[2026-04-21T07:02:27.442+0000] {processor.py:208} INFO - Processing /home/airflow/.local/lib/python3.12/site-packages/airflow/example_dags/example_xcom.py took 0.038 seconds
[2026-04-21T07:02:58.417+0000] {processor.py:186} INFO - Started process (PID=1997) to work on /home/airflow/.local/lib/python3.12/site-packages/airflow/example_dags/example_xcom.py
[2026-04-21T07:02:58.419+0000] {processor.py:914} INFO - Processing file /home/airflow/.local/lib/python3.12/site-packages/airflow/example_dags/example_xcom.py for tasks to queue
[2026-04-21T07:02:58.421+0000] {logging_mixin.py:190} INFO - [2026-04-21T07:02:58.420+0000] {dagbag.py:588} INFO - Filling up the DagBag from /home/airflow/.local/lib/python3.12/site-packages/airflow/example_dags/example_xcom.py
[2026-04-21T07:02:58.424+0000] {processor.py:925} INFO - DAG(s) 'example_xcom' retrieved from /home/airflow/.local/lib/python3.12/site-packages/airflow/example_dags/example_xcom.py
[2026-04-21T07:02:58.431+0000] {logging_mixin.py:190} INFO - [2026-04-21T07:02:58.431+0000] {dag.py:3239} INFO - Sync 1 DAGs
[2026-04-21T07:02:58.438+0000] {logging_mixin.py:190} INFO - [2026-04-21T07:02:58.438+0000] {dag.py:4180} INFO - Setting next_dagrun for example_xcom to 2021-01-01 00:00:00+00:00, run_after=2021-01-01 00:00:00+00:00
[2026-04-21T07:02:58.446+0000] {processor.py:208} INFO - Processing /home/airflow/.local/lib/python3.12/site-packages/airflow/example_dags/example_xcom.py took 0.031 seconds
[2026-04-21T07:03:29.450+0000] {processor.py:186} INFO - Started process (PID=2061) to work on /home/airflow/.local/lib/python3.12/site-packages/airflow/example_dags/example_xcom.py
[2026-04-21T07:03:29.450+0000] {processor.py:914} INFO - Processing file /home/airflow/.local/lib/python3.12/site-packages/airflow/example_dags/example_xcom.py for tasks to queue
[2026-04-21T07:03:29.453+0000] {logging_mixin.py:190} INFO - [2026-04-21T07:03:29.452+0000] {dagbag.py:588} INFO - Filling up the DagBag from /home/airflow/.local/lib/python3.12/site-packages/airflow/example_dags/example_xcom.py
[2026-04-21T07:03:29.456+0000] {processor.py:925} INFO - DAG(s) 'example_xcom' retrieved from /home/airflow/.local/lib/python3.12/site-packages/airflow/example_dags/example_xcom.py
[2026-04-21T07:03:29.464+0000] {logging_mixin.py:190} INFO - [2026-04-21T07:03:29.464+0000] {dag.py:3239} INFO - Sync 1 DAGs
[2026-04-21T07:03:29.472+0000] {logging_mixin.py:190} INFO - [2026-04-21T07:03:29.472+0000] {dag.py:4180} INFO - Setting next_dagrun for example_xcom to 2021-01-01 00:00:00+00:00, run_after=2021-01-01 00:00:00+00:00
[2026-04-21T07:03:29.480+0000] {processor.py:208} INFO - Processing /home/airflow/.local/lib/python3.12/site-packages/airflow/example_dags/example_xcom.py took 0.032 seconds
[2026-04-21T07:03:59.553+0000] {processor.py:186} INFO - Started process (PID=2125) to work on /home/airflow/.local/lib/python3.12/site-packages/airflow/example_dags/example_xcom.py
[2026-04-21T07:03:59.554+0000] {processor.py:914} INFO - Processing file /home/airflow/.local/lib/python3.12/site-packages/airflow/example_dags/example_xcom.py for tasks to queue
[2026-04-21T07:03:59.555+0000] {logging_mixin.py:190} INFO - [2026-04-21T07:03:59.555+0000] {dagbag.py:588} INFO - Filling up the DagBag from /home/airflow/.local/lib/python3.12/site-packages/airflow/example_dags/example_xcom.py
[2026-04-21T07:03:59.559+0000] {processor.py:925} INFO - DAG(s) 'example_xcom' retrieved from /home/airflow/.local/lib/python3.12/site-packages/airflow/example_dags/example_xcom.py
[2026-04-21T07:03:59.567+0000] {logging_mixin.py:190} INFO - [2026-04-21T07:03:59.567+0000] {dag.py:3239} INFO - Sync 1 DAGs
[2026-04-21T07:03:59.577+0000] {logging_mixin.py:190} INFO - [2026-04-21T07:03:59.577+0000] {dag.py:4180} INFO - Setting next_dagrun for example_xcom to 2021-01-01 00:00:00+00:00, run_after=2021-01-01 00:00:00+00:00
[2026-04-21T07:03:59.586+0000] {processor.py:208} INFO - Processing /home/airflow/.local/lib/python3.12/site-packages/airflow/example_dags/example_xcom.py took 0.034 seconds
[2026-04-21T07:04:30.586+0000] {processor.py:186} INFO - Started process (PID=2189) to work on /home/airflow/.local/lib/python3.12/site-packages/airflow/example_dags/example_xcom.py
[2026-04-21T07:04:30.586+0000] {processor.py:914} INFO - Processing file /home/airflow/.local/lib/python3.12/site-packages/airflow/example_dags/example_xcom.py for tasks to queue
[2026-04-21T07:04:30.588+0000] {logging_mixin.py:190} INFO - [2026-04-21T07:04:30.588+0000] {dagbag.py:588} INFO - Filling up the DagBag from /home/airflow/.local/lib/python3.12/site-packages/airflow/example_dags/example_xcom.py
[2026-04-21T07:04:30.592+0000] {processor.py:925} INFO - DAG(s) 'example_xcom' retrieved from /home/airflow/.local/lib/python3.12/site-packages/airflow/example_dags/example_xcom.py
[2026-04-21T07:04:30.606+0000] {logging_mixin.py:190} INFO - [2026-04-21T07:04:30.606+0000] {dag.py:3239} INFO - Sync 1 DAGs
[2026-04-21T07:04:30.618+0000] {logging_mixin.py:190} INFO - [2026-04-21T07:04:30.618+0000] {dag.py:4180} INFO - Setting next_dagrun for example_xcom to 2021-01-01 00:00:00+00:00, run_after=2021-01-01 00:00:00+00:00
[2026-04-21T07:04:30.627+0000] {processor.py:208} INFO - Processing /home/airflow/.local/lib/python3.12/site-packages/airflow/example_dags/example_xcom.py took 0.044 seconds
