[2026-04-21T06:42:41.616+0000] {processor.py:186} INFO - Started process (PID=84) to work on /home/airflow/.local/lib/python3.12/site-packages/airflow/example_dags/example_subdag_operator.py
[2026-04-21T06:42:41.617+0000] {processor.py:914} INFO - Processing file /home/airflow/.local/lib/python3.12/site-packages/airflow/example_dags/example_subdag_operator.py for tasks to queue
[2026-04-21T06:42:41.619+0000] {logging_mixin.py:190} INFO - [2026-04-21T06:42:41.619+0000] {dagbag.py:588} INFO - Filling up the DagBag from /home/airflow/.local/lib/python3.12/site-packages/airflow/example_dags/example_subdag_operator.py
[2026-04-21T06:42:41.632+0000] {processor.py:925} INFO - DAG(s) 'example_subdag_operator.section-1', 'example_subdag_operator.section-2', 'example_subdag_operator' retrieved from /home/airflow/.local/lib/python3.12/site-packages/airflow/example_dags/example_subdag_operator.py
[2026-04-21T06:42:41.641+0000] {logging_mixin.py:190} INFO - [2026-04-21T06:42:41.641+0000] {dag.py:3239} INFO - Sync 3 DAGs
[2026-04-21T06:42:41.649+0000] {logging_mixin.py:190} INFO - [2026-04-21T06:42:41.649+0000] {dag.py:4180} INFO - Setting next_dagrun for example_subdag_operator to 2022-01-01 00:00:00+00:00, run_after=2022-01-01 00:00:00+00:00
[2026-04-21T06:42:41.651+0000] {logging_mixin.py:190} INFO - [2026-04-21T06:42:41.650+0000] {dag.py:4180} INFO - Setting next_dagrun for example_subdag_operator.section-1 to None, run_after=None
[2026-04-21T06:42:41.651+0000] {logging_mixin.py:190} INFO - [2026-04-21T06:42:41.651+0000] {dag.py:4180} INFO - Setting next_dagrun for example_subdag_operator.section-2 to None, run_after=None
[2026-04-21T06:42:41.653+0000] {logging_mixin.py:190} INFO - [2026-04-21T06:42:41.653+0000] {dag.py:3239} INFO - Sync 2 DAGs
[2026-04-21T06:42:41.655+0000] {logging_mixin.py:190} INFO - [2026-04-21T06:42:41.655+0000] {dag.py:4180} INFO - Setting next_dagrun for example_subdag_operator.section-1 to None, run_after=None
[2026-04-21T06:42:41.655+0000] {logging_mixin.py:190} INFO - [2026-04-21T06:42:41.655+0000] {dag.py:4180} INFO - Setting next_dagrun for example_subdag_operator.section-2 to None, run_after=None
[2026-04-21T06:42:41.659+0000] {processor.py:208} INFO - Processing /home/airflow/.local/lib/python3.12/site-packages/airflow/example_dags/example_subdag_operator.py took 0.045 seconds
[2026-04-21T06:43:12.454+0000] {processor.py:186} INFO - Started process (PID=155) to work on /home/airflow/.local/lib/python3.12/site-packages/airflow/example_dags/example_subdag_operator.py
[2026-04-21T06:43:12.455+0000] {processor.py:914} INFO - Processing file /home/airflow/.local/lib/python3.12/site-packages/airflow/example_dags/example_subdag_operator.py for tasks to queue
[2026-04-21T06:43:12.456+0000] {logging_mixin.py:190} INFO - [2026-04-21T06:43:12.455+0000] {dagbag.py:588} INFO - Filling up the DagBag from /home/airflow/.local/lib/python3.12/site-packages/airflow/example_dags/example_subdag_operator.py
[2026-04-21T06:43:12.471+0000] {processor.py:925} INFO - DAG(s) 'example_subdag_operator.section-1', 'example_subdag_operator.section-2', 'example_subdag_operator' retrieved from /home/airflow/.local/lib/python3.12/site-packages/airflow/example_dags/example_subdag_operator.py
[2026-04-21T06:43:12.476+0000] {logging_mixin.py:190} INFO - [2026-04-21T06:43:12.476+0000] {dag.py:3239} INFO - Sync 3 DAGs
[2026-04-21T06:43:12.487+0000] {logging_mixin.py:190} INFO - [2026-04-21T06:43:12.487+0000] {dag.py:4180} INFO - Setting next_dagrun for example_subdag_operator to 2022-01-01 00:00:00+00:00, run_after=2022-01-01 00:00:00+00:00
[2026-04-21T06:43:12.488+0000] {logging_mixin.py:190} INFO - [2026-04-21T06:43:12.488+0000] {dag.py:4180} INFO - Setting next_dagrun for example_subdag_operator.section-1 to None, run_after=None
[2026-04-21T06:43:12.488+0000] {logging_mixin.py:190} INFO - [2026-04-21T06:43:12.488+0000] {dag.py:4180} INFO - Setting next_dagrun for example_subdag_operator.section-2 to None, run_after=None
[2026-04-21T06:43:12.491+0000] {logging_mixin.py:190} INFO - [2026-04-21T06:43:12.491+0000] {dag.py:3239} INFO - Sync 2 DAGs
[2026-04-21T06:43:12.493+0000] {logging_mixin.py:190} INFO - [2026-04-21T06:43:12.493+0000] {dag.py:4180} INFO - Setting next_dagrun for example_subdag_operator.section-1 to None, run_after=None
[2026-04-21T06:43:12.494+0000] {logging_mixin.py:190} INFO - [2026-04-21T06:43:12.494+0000] {dag.py:4180} INFO - Setting next_dagrun for example_subdag_operator.section-2 to None, run_after=None
[2026-04-21T06:43:12.501+0000] {processor.py:208} INFO - Processing /home/airflow/.local/lib/python3.12/site-packages/airflow/example_dags/example_subdag_operator.py took 0.049 seconds
[2026-04-21T06:43:43.622+0000] {processor.py:186} INFO - Started process (PID=220) to work on /home/airflow/.local/lib/python3.12/site-packages/airflow/example_dags/example_subdag_operator.py
[2026-04-21T06:43:43.622+0000] {processor.py:914} INFO - Processing file /home/airflow/.local/lib/python3.12/site-packages/airflow/example_dags/example_subdag_operator.py for tasks to queue
[2026-04-21T06:43:43.623+0000] {logging_mixin.py:190} INFO - [2026-04-21T06:43:43.623+0000] {dagbag.py:588} INFO - Filling up the DagBag from /home/airflow/.local/lib/python3.12/site-packages/airflow/example_dags/example_subdag_operator.py
[2026-04-21T06:43:43.633+0000] {processor.py:925} INFO - DAG(s) 'example_subdag_operator.section-1', 'example_subdag_operator.section-2', 'example_subdag_operator' retrieved from /home/airflow/.local/lib/python3.12/site-packages/airflow/example_dags/example_subdag_operator.py
[2026-04-21T06:43:43.638+0000] {logging_mixin.py:190} INFO - [2026-04-21T06:43:43.638+0000] {dag.py:3239} INFO - Sync 3 DAGs
[2026-04-21T06:43:43.646+0000] {logging_mixin.py:190} INFO - [2026-04-21T06:43:43.646+0000] {dag.py:4180} INFO - Setting next_dagrun for example_subdag_operator to 2022-01-01 00:00:00+00:00, run_after=2022-01-01 00:00:00+00:00
[2026-04-21T06:43:43.647+0000] {logging_mixin.py:190} INFO - [2026-04-21T06:43:43.647+0000] {dag.py:4180} INFO - Setting next_dagrun for example_subdag_operator.section-1 to None, run_after=None
[2026-04-21T06:43:43.648+0000] {logging_mixin.py:190} INFO - [2026-04-21T06:43:43.648+0000] {dag.py:4180} INFO - Setting next_dagrun for example_subdag_operator.section-2 to None, run_after=None
[2026-04-21T06:43:43.650+0000] {logging_mixin.py:190} INFO - [2026-04-21T06:43:43.650+0000] {dag.py:3239} INFO - Sync 2 DAGs
[2026-04-21T06:43:43.652+0000] {logging_mixin.py:190} INFO - [2026-04-21T06:43:43.652+0000] {dag.py:4180} INFO - Setting next_dagrun for example_subdag_operator.section-1 to None, run_after=None
[2026-04-21T06:43:43.652+0000] {logging_mixin.py:190} INFO - [2026-04-21T06:43:43.652+0000] {dag.py:4180} INFO - Setting next_dagrun for example_subdag_operator.section-2 to None, run_after=None
[2026-04-21T06:43:43.656+0000] {processor.py:208} INFO - Processing /home/airflow/.local/lib/python3.12/site-packages/airflow/example_dags/example_subdag_operator.py took 0.037 seconds
[2026-04-21T06:44:14.141+0000] {processor.py:186} INFO - Started process (PID=284) to work on /home/airflow/.local/lib/python3.12/site-packages/airflow/example_dags/example_subdag_operator.py
[2026-04-21T06:44:14.141+0000] {processor.py:914} INFO - Processing file /home/airflow/.local/lib/python3.12/site-packages/airflow/example_dags/example_subdag_operator.py for tasks to queue
[2026-04-21T06:44:14.142+0000] {logging_mixin.py:190} INFO - [2026-04-21T06:44:14.142+0000] {dagbag.py:588} INFO - Filling up the DagBag from /home/airflow/.local/lib/python3.12/site-packages/airflow/example_dags/example_subdag_operator.py
[2026-04-21T06:44:14.152+0000] {processor.py:925} INFO - DAG(s) 'example_subdag_operator.section-1', 'example_subdag_operator.section-2', 'example_subdag_operator' retrieved from /home/airflow/.local/lib/python3.12/site-packages/airflow/example_dags/example_subdag_operator.py
[2026-04-21T06:44:14.158+0000] {logging_mixin.py:190} INFO - [2026-04-21T06:44:14.158+0000] {dag.py:3239} INFO - Sync 3 DAGs
[2026-04-21T06:44:14.166+0000] {logging_mixin.py:190} INFO - [2026-04-21T06:44:14.166+0000] {dag.py:4180} INFO - Setting next_dagrun for example_subdag_operator to 2022-01-01 00:00:00+00:00, run_after=2022-01-01 00:00:00+00:00
[2026-04-21T06:44:14.167+0000] {logging_mixin.py:190} INFO - [2026-04-21T06:44:14.167+0000] {dag.py:4180} INFO - Setting next_dagrun for example_subdag_operator.section-1 to None, run_after=None
[2026-04-21T06:44:14.168+0000] {logging_mixin.py:190} INFO - [2026-04-21T06:44:14.167+0000] {dag.py:4180} INFO - Setting next_dagrun for example_subdag_operator.section-2 to None, run_after=None
[2026-04-21T06:44:14.170+0000] {logging_mixin.py:190} INFO - [2026-04-21T06:44:14.170+0000] {dag.py:3239} INFO - Sync 2 DAGs
[2026-04-21T06:44:14.172+0000] {logging_mixin.py:190} INFO - [2026-04-21T06:44:14.172+0000] {dag.py:4180} INFO - Setting next_dagrun for example_subdag_operator.section-1 to None, run_after=None
[2026-04-21T06:44:14.172+0000] {logging_mixin.py:190} INFO - [2026-04-21T06:44:14.172+0000] {dag.py:4180} INFO - Setting next_dagrun for example_subdag_operator.section-2 to None, run_after=None
[2026-04-21T06:44:14.175+0000] {processor.py:208} INFO - Processing /home/airflow/.local/lib/python3.12/site-packages/airflow/example_dags/example_subdag_operator.py took 0.036 seconds
[2026-04-21T06:44:44.440+0000] {processor.py:186} INFO - Started process (PID=347) to work on /home/airflow/.local/lib/python3.12/site-packages/airflow/example_dags/example_subdag_operator.py
[2026-04-21T06:44:44.440+0000] {processor.py:914} INFO - Processing file /home/airflow/.local/lib/python3.12/site-packages/airflow/example_dags/example_subdag_operator.py for tasks to queue
[2026-04-21T06:44:44.441+0000] {logging_mixin.py:190} INFO - [2026-04-21T06:44:44.441+0000] {dagbag.py:588} INFO - Filling up the DagBag from /home/airflow/.local/lib/python3.12/site-packages/airflow/example_dags/example_subdag_operator.py
[2026-04-21T06:44:44.450+0000] {processor.py:925} INFO - DAG(s) 'example_subdag_operator.section-1', 'example_subdag_operator.section-2', 'example_subdag_operator' retrieved from /home/airflow/.local/lib/python3.12/site-packages/airflow/example_dags/example_subdag_operator.py
[2026-04-21T06:44:44.454+0000] {logging_mixin.py:190} INFO - [2026-04-21T06:44:44.454+0000] {dag.py:3239} INFO - Sync 3 DAGs
[2026-04-21T06:44:44.461+0000] {logging_mixin.py:190} INFO - [2026-04-21T06:44:44.461+0000] {dag.py:4180} INFO - Setting next_dagrun for example_subdag_operator to 2022-01-01 00:00:00+00:00, run_after=2022-01-01 00:00:00+00:00
[2026-04-21T06:44:44.462+0000] {logging_mixin.py:190} INFO - [2026-04-21T06:44:44.462+0000] {dag.py:4180} INFO - Setting next_dagrun for example_subdag_operator.section-1 to None, run_after=None
[2026-04-21T06:44:44.463+0000] {logging_mixin.py:190} INFO - [2026-04-21T06:44:44.463+0000] {dag.py:4180} INFO - Setting next_dagrun for example_subdag_operator.section-2 to None, run_after=None
[2026-04-21T06:44:44.465+0000] {logging_mixin.py:190} INFO - [2026-04-21T06:44:44.465+0000] {dag.py:3239} INFO - Sync 2 DAGs
[2026-04-21T06:44:44.466+0000] {logging_mixin.py:190} INFO - [2026-04-21T06:44:44.466+0000] {dag.py:4180} INFO - Setting next_dagrun for example_subdag_operator.section-1 to None, run_after=None
[2026-04-21T06:44:44.467+0000] {logging_mixin.py:190} INFO - [2026-04-21T06:44:44.466+0000] {dag.py:4180} INFO - Setting next_dagrun for example_subdag_operator.section-2 to None, run_after=None
[2026-04-21T06:44:44.469+0000] {processor.py:208} INFO - Processing /home/airflow/.local/lib/python3.12/site-packages/airflow/example_dags/example_subdag_operator.py took 0.032 seconds
[2026-04-21T06:45:14.825+0000] {processor.py:186} INFO - Started process (PID=411) to work on /home/airflow/.local/lib/python3.12/site-packages/airflow/example_dags/example_subdag_operator.py
[2026-04-21T06:45:14.826+0000] {processor.py:914} INFO - Processing file /home/airflow/.local/lib/python3.12/site-packages/airflow/example_dags/example_subdag_operator.py for tasks to queue
[2026-04-21T06:45:14.827+0000] {logging_mixin.py:190} INFO - [2026-04-21T06:45:14.827+0000] {dagbag.py:588} INFO - Filling up the DagBag from /home/airflow/.local/lib/python3.12/site-packages/airflow/example_dags/example_subdag_operator.py
[2026-04-21T06:45:14.839+0000] {processor.py:925} INFO - DAG(s) 'example_subdag_operator.section-1', 'example_subdag_operator.section-2', 'example_subdag_operator' retrieved from /home/airflow/.local/lib/python3.12/site-packages/airflow/example_dags/example_subdag_operator.py
[2026-04-21T06:45:14.846+0000] {logging_mixin.py:190} INFO - [2026-04-21T06:45:14.846+0000] {dag.py:3239} INFO - Sync 3 DAGs
[2026-04-21T06:45:14.857+0000] {logging_mixin.py:190} INFO - [2026-04-21T06:45:14.857+0000] {dag.py:4180} INFO - Setting next_dagrun for example_subdag_operator to 2022-01-01 00:00:00+00:00, run_after=2022-01-01 00:00:00+00:00
[2026-04-21T06:45:14.858+0000] {logging_mixin.py:190} INFO - [2026-04-21T06:45:14.858+0000] {dag.py:4180} INFO - Setting next_dagrun for example_subdag_operator.section-1 to None, run_after=None
[2026-04-21T06:45:14.859+0000] {logging_mixin.py:190} INFO - [2026-04-21T06:45:14.859+0000] {dag.py:4180} INFO - Setting next_dagrun for example_subdag_operator.section-2 to None, run_after=None
[2026-04-21T06:45:14.864+0000] {logging_mixin.py:190} INFO - [2026-04-21T06:45:14.864+0000] {dag.py:3239} INFO - Sync 2 DAGs
[2026-04-21T06:45:14.867+0000] {logging_mixin.py:190} INFO - [2026-04-21T06:45:14.866+0000] {dag.py:4180} INFO - Setting next_dagrun for example_subdag_operator.section-1 to None, run_after=None
[2026-04-21T06:45:14.867+0000] {logging_mixin.py:190} INFO - [2026-04-21T06:45:14.867+0000] {dag.py:4180} INFO - Setting next_dagrun for example_subdag_operator.section-2 to None, run_after=None
[2026-04-21T06:45:14.871+0000] {processor.py:208} INFO - Processing /home/airflow/.local/lib/python3.12/site-packages/airflow/example_dags/example_subdag_operator.py took 0.049 seconds
[2026-04-21T06:45:45.381+0000] {processor.py:186} INFO - Started process (PID=476) to work on /home/airflow/.local/lib/python3.12/site-packages/airflow/example_dags/example_subdag_operator.py
[2026-04-21T06:45:45.382+0000] {processor.py:914} INFO - Processing file /home/airflow/.local/lib/python3.12/site-packages/airflow/example_dags/example_subdag_operator.py for tasks to queue
[2026-04-21T06:45:45.382+0000] {logging_mixin.py:190} INFO - [2026-04-21T06:45:45.382+0000] {dagbag.py:588} INFO - Filling up the DagBag from /home/airflow/.local/lib/python3.12/site-packages/airflow/example_dags/example_subdag_operator.py
[2026-04-21T06:45:45.394+0000] {processor.py:925} INFO - DAG(s) 'example_subdag_operator.section-1', 'example_subdag_operator.section-2', 'example_subdag_operator' retrieved from /home/airflow/.local/lib/python3.12/site-packages/airflow/example_dags/example_subdag_operator.py
[2026-04-21T06:45:45.399+0000] {logging_mixin.py:190} INFO - [2026-04-21T06:45:45.399+0000] {dag.py:3239} INFO - Sync 3 DAGs
[2026-04-21T06:45:45.408+0000] {logging_mixin.py:190} INFO - [2026-04-21T06:45:45.408+0000] {dag.py:4180} INFO - Setting next_dagrun for example_subdag_operator to 2022-01-01 00:00:00+00:00, run_after=2022-01-01 00:00:00+00:00
[2026-04-21T06:45:45.409+0000] {logging_mixin.py:190} INFO - [2026-04-21T06:45:45.409+0000] {dag.py:4180} INFO - Setting next_dagrun for example_subdag_operator.section-1 to None, run_after=None
[2026-04-21T06:45:45.409+0000] {logging_mixin.py:190} INFO - [2026-04-21T06:45:45.409+0000] {dag.py:4180} INFO - Setting next_dagrun for example_subdag_operator.section-2 to None, run_after=None
[2026-04-21T06:45:45.413+0000] {logging_mixin.py:190} INFO - [2026-04-21T06:45:45.413+0000] {dag.py:3239} INFO - Sync 2 DAGs
[2026-04-21T06:45:45.414+0000] {logging_mixin.py:190} INFO - [2026-04-21T06:45:45.414+0000] {dag.py:4180} INFO - Setting next_dagrun for example_subdag_operator.section-1 to None, run_after=None
[2026-04-21T06:45:45.415+0000] {logging_mixin.py:190} INFO - [2026-04-21T06:45:45.415+0000] {dag.py:4180} INFO - Setting next_dagrun for example_subdag_operator.section-2 to None, run_after=None
[2026-04-21T06:45:45.418+0000] {processor.py:208} INFO - Processing /home/airflow/.local/lib/python3.12/site-packages/airflow/example_dags/example_subdag_operator.py took 0.039 seconds
[2026-04-21T06:46:15.820+0000] {processor.py:186} INFO - Started process (PID=540) to work on /home/airflow/.local/lib/python3.12/site-packages/airflow/example_dags/example_subdag_operator.py
[2026-04-21T06:46:15.820+0000] {processor.py:914} INFO - Processing file /home/airflow/.local/lib/python3.12/site-packages/airflow/example_dags/example_subdag_operator.py for tasks to queue
[2026-04-21T06:46:15.821+0000] {logging_mixin.py:190} INFO - [2026-04-21T06:46:15.821+0000] {dagbag.py:588} INFO - Filling up the DagBag from /home/airflow/.local/lib/python3.12/site-packages/airflow/example_dags/example_subdag_operator.py
[2026-04-21T06:46:15.831+0000] {processor.py:925} INFO - DAG(s) 'example_subdag_operator.section-1', 'example_subdag_operator.section-2', 'example_subdag_operator' retrieved from /home/airflow/.local/lib/python3.12/site-packages/airflow/example_dags/example_subdag_operator.py
[2026-04-21T06:46:15.835+0000] {logging_mixin.py:190} INFO - [2026-04-21T06:46:15.835+0000] {dag.py:3239} INFO - Sync 3 DAGs
[2026-04-21T06:46:15.843+0000] {logging_mixin.py:190} INFO - [2026-04-21T06:46:15.843+0000] {dag.py:4180} INFO - Setting next_dagrun for example_subdag_operator to 2022-01-01 00:00:00+00:00, run_after=2022-01-01 00:00:00+00:00
[2026-04-21T06:46:15.845+0000] {logging_mixin.py:190} INFO - [2026-04-21T06:46:15.845+0000] {dag.py:4180} INFO - Setting next_dagrun for example_subdag_operator.section-1 to None, run_after=None
[2026-04-21T06:46:15.845+0000] {logging_mixin.py:190} INFO - [2026-04-21T06:46:15.845+0000] {dag.py:4180} INFO - Setting next_dagrun for example_subdag_operator.section-2 to None, run_after=None
[2026-04-21T06:46:15.847+0000] {logging_mixin.py:190} INFO - [2026-04-21T06:46:15.847+0000] {dag.py:3239} INFO - Sync 2 DAGs
[2026-04-21T06:46:15.849+0000] {logging_mixin.py:190} INFO - [2026-04-21T06:46:15.849+0000] {dag.py:4180} INFO - Setting next_dagrun for example_subdag_operator.section-1 to None, run_after=None
[2026-04-21T06:46:15.849+0000] {logging_mixin.py:190} INFO - [2026-04-21T06:46:15.849+0000] {dag.py:4180} INFO - Setting next_dagrun for example_subdag_operator.section-2 to None, run_after=None
[2026-04-21T06:46:15.853+0000] {processor.py:208} INFO - Processing /home/airflow/.local/lib/python3.12/site-packages/airflow/example_dags/example_subdag_operator.py took 0.035 seconds
[2026-04-21T06:46:46.074+0000] {processor.py:186} INFO - Started process (PID=604) to work on /home/airflow/.local/lib/python3.12/site-packages/airflow/example_dags/example_subdag_operator.py
[2026-04-21T06:46:46.075+0000] {processor.py:914} INFO - Processing file /home/airflow/.local/lib/python3.12/site-packages/airflow/example_dags/example_subdag_operator.py for tasks to queue
[2026-04-21T06:46:46.075+0000] {logging_mixin.py:190} INFO - [2026-04-21T06:46:46.075+0000] {dagbag.py:588} INFO - Filling up the DagBag from /home/airflow/.local/lib/python3.12/site-packages/airflow/example_dags/example_subdag_operator.py
[2026-04-21T06:46:46.084+0000] {processor.py:925} INFO - DAG(s) 'example_subdag_operator.section-1', 'example_subdag_operator.section-2', 'example_subdag_operator' retrieved from /home/airflow/.local/lib/python3.12/site-packages/airflow/example_dags/example_subdag_operator.py
[2026-04-21T06:46:46.089+0000] {logging_mixin.py:190} INFO - [2026-04-21T06:46:46.089+0000] {dag.py:3239} INFO - Sync 3 DAGs
[2026-04-21T06:46:46.096+0000] {logging_mixin.py:190} INFO - [2026-04-21T06:46:46.096+0000] {dag.py:4180} INFO - Setting next_dagrun for example_subdag_operator to 2022-01-01 00:00:00+00:00, run_after=2022-01-01 00:00:00+00:00
[2026-04-21T06:46:46.097+0000] {logging_mixin.py:190} INFO - [2026-04-21T06:46:46.097+0000] {dag.py:4180} INFO - Setting next_dagrun for example_subdag_operator.section-1 to None, run_after=None
[2026-04-21T06:46:46.097+0000] {logging_mixin.py:190} INFO - [2026-04-21T06:46:46.097+0000] {dag.py:4180} INFO - Setting next_dagrun for example_subdag_operator.section-2 to None, run_after=None
[2026-04-21T06:46:46.100+0000] {logging_mixin.py:190} INFO - [2026-04-21T06:46:46.100+0000] {dag.py:3239} INFO - Sync 2 DAGs
[2026-04-21T06:46:46.101+0000] {logging_mixin.py:190} INFO - [2026-04-21T06:46:46.101+0000] {dag.py:4180} INFO - Setting next_dagrun for example_subdag_operator.section-1 to None, run_after=None
[2026-04-21T06:46:46.101+0000] {logging_mixin.py:190} INFO - [2026-04-21T06:46:46.101+0000] {dag.py:4180} INFO - Setting next_dagrun for example_subdag_operator.section-2 to None, run_after=None
[2026-04-21T06:46:46.105+0000] {processor.py:208} INFO - Processing /home/airflow/.local/lib/python3.12/site-packages/airflow/example_dags/example_subdag_operator.py took 0.032 seconds
[2026-04-21T06:47:17.418+0000] {processor.py:186} INFO - Started process (PID=668) to work on /home/airflow/.local/lib/python3.12/site-packages/airflow/example_dags/example_subdag_operator.py
[2026-04-21T06:47:17.418+0000] {processor.py:914} INFO - Processing file /home/airflow/.local/lib/python3.12/site-packages/airflow/example_dags/example_subdag_operator.py for tasks to queue
[2026-04-21T06:47:17.419+0000] {logging_mixin.py:190} INFO - [2026-04-21T06:47:17.419+0000] {dagbag.py:588} INFO - Filling up the DagBag from /home/airflow/.local/lib/python3.12/site-packages/airflow/example_dags/example_subdag_operator.py
[2026-04-21T06:47:17.430+0000] {processor.py:925} INFO - DAG(s) 'example_subdag_operator.section-1', 'example_subdag_operator.section-2', 'example_subdag_operator' retrieved from /home/airflow/.local/lib/python3.12/site-packages/airflow/example_dags/example_subdag_operator.py
[2026-04-21T06:47:17.438+0000] {logging_mixin.py:190} INFO - [2026-04-21T06:47:17.435+0000] {dag.py:3239} INFO - Sync 3 DAGs
[2026-04-21T06:47:17.445+0000] {logging_mixin.py:190} INFO - [2026-04-21T06:47:17.445+0000] {dag.py:4180} INFO - Setting next_dagrun for example_subdag_operator to 2022-01-01 00:00:00+00:00, run_after=2022-01-01 00:00:00+00:00
[2026-04-21T06:47:17.447+0000] {logging_mixin.py:190} INFO - [2026-04-21T06:47:17.447+0000] {dag.py:4180} INFO - Setting next_dagrun for example_subdag_operator.section-1 to None, run_after=None
[2026-04-21T06:47:17.448+0000] {logging_mixin.py:190} INFO - [2026-04-21T06:47:17.448+0000] {dag.py:4180} INFO - Setting next_dagrun for example_subdag_operator.section-2 to None, run_after=None
[2026-04-21T06:47:17.450+0000] {logging_mixin.py:190} INFO - [2026-04-21T06:47:17.450+0000] {dag.py:3239} INFO - Sync 2 DAGs
[2026-04-21T06:47:17.453+0000] {logging_mixin.py:190} INFO - [2026-04-21T06:47:17.453+0000] {dag.py:4180} INFO - Setting next_dagrun for example_subdag_operator.section-1 to None, run_after=None
[2026-04-21T06:47:17.453+0000] {logging_mixin.py:190} INFO - [2026-04-21T06:47:17.453+0000] {dag.py:4180} INFO - Setting next_dagrun for example_subdag_operator.section-2 to None, run_after=None
[2026-04-21T06:47:17.458+0000] {processor.py:208} INFO - Processing /home/airflow/.local/lib/python3.12/site-packages/airflow/example_dags/example_subdag_operator.py took 0.042 seconds
[2026-04-21T06:47:47.536+0000] {processor.py:186} INFO - Started process (PID=732) to work on /home/airflow/.local/lib/python3.12/site-packages/airflow/example_dags/example_subdag_operator.py
[2026-04-21T06:47:47.537+0000] {processor.py:914} INFO - Processing file /home/airflow/.local/lib/python3.12/site-packages/airflow/example_dags/example_subdag_operator.py for tasks to queue
[2026-04-21T06:47:47.538+0000] {logging_mixin.py:190} INFO - [2026-04-21T06:47:47.538+0000] {dagbag.py:588} INFO - Filling up the DagBag from /home/airflow/.local/lib/python3.12/site-packages/airflow/example_dags/example_subdag_operator.py
[2026-04-21T06:47:47.552+0000] {processor.py:925} INFO - DAG(s) 'example_subdag_operator.section-1', 'example_subdag_operator.section-2', 'example_subdag_operator' retrieved from /home/airflow/.local/lib/python3.12/site-packages/airflow/example_dags/example_subdag_operator.py
[2026-04-21T06:47:47.557+0000] {logging_mixin.py:190} INFO - [2026-04-21T06:47:47.557+0000] {dag.py:3239} INFO - Sync 3 DAGs
[2026-04-21T06:47:47.564+0000] {logging_mixin.py:190} INFO - [2026-04-21T06:47:47.564+0000] {dag.py:4180} INFO - Setting next_dagrun for example_subdag_operator to 2022-01-01 00:00:00+00:00, run_after=2022-01-01 00:00:00+00:00
[2026-04-21T06:47:47.565+0000] {logging_mixin.py:190} INFO - [2026-04-21T06:47:47.565+0000] {dag.py:4180} INFO - Setting next_dagrun for example_subdag_operator.section-1 to None, run_after=None
[2026-04-21T06:47:47.565+0000] {logging_mixin.py:190} INFO - [2026-04-21T06:47:47.565+0000] {dag.py:4180} INFO - Setting next_dagrun for example_subdag_operator.section-2 to None, run_after=None
[2026-04-21T06:47:47.567+0000] {logging_mixin.py:190} INFO - [2026-04-21T06:47:47.567+0000] {dag.py:3239} INFO - Sync 2 DAGs
[2026-04-21T06:47:47.569+0000] {logging_mixin.py:190} INFO - [2026-04-21T06:47:47.569+0000] {dag.py:4180} INFO - Setting next_dagrun for example_subdag_operator.section-1 to None, run_after=None
[2026-04-21T06:47:47.569+0000] {logging_mixin.py:190} INFO - [2026-04-21T06:47:47.569+0000] {dag.py:4180} INFO - Setting next_dagrun for example_subdag_operator.section-2 to None, run_after=None
[2026-04-21T06:47:47.572+0000] {processor.py:208} INFO - Processing /home/airflow/.local/lib/python3.12/site-packages/airflow/example_dags/example_subdag_operator.py took 0.038 seconds
[2026-04-21T06:48:18.858+0000] {processor.py:186} INFO - Started process (PID=796) to work on /home/airflow/.local/lib/python3.12/site-packages/airflow/example_dags/example_subdag_operator.py
[2026-04-21T06:48:18.859+0000] {processor.py:914} INFO - Processing file /home/airflow/.local/lib/python3.12/site-packages/airflow/example_dags/example_subdag_operator.py for tasks to queue
[2026-04-21T06:48:18.861+0000] {logging_mixin.py:190} INFO - [2026-04-21T06:48:18.861+0000] {dagbag.py:588} INFO - Filling up the DagBag from /home/airflow/.local/lib/python3.12/site-packages/airflow/example_dags/example_subdag_operator.py
[2026-04-21T06:48:18.873+0000] {processor.py:925} INFO - DAG(s) 'example_subdag_operator.section-1', 'example_subdag_operator.section-2', 'example_subdag_operator' retrieved from /home/airflow/.local/lib/python3.12/site-packages/airflow/example_dags/example_subdag_operator.py
[2026-04-21T06:48:18.878+0000] {logging_mixin.py:190} INFO - [2026-04-21T06:48:18.878+0000] {dag.py:3239} INFO - Sync 3 DAGs
[2026-04-21T06:48:18.887+0000] {logging_mixin.py:190} INFO - [2026-04-21T06:48:18.887+0000] {dag.py:4180} INFO - Setting next_dagrun for example_subdag_operator to 2022-01-01 00:00:00+00:00, run_after=2022-01-01 00:00:00+00:00
[2026-04-21T06:48:18.888+0000] {logging_mixin.py:190} INFO - [2026-04-21T06:48:18.888+0000] {dag.py:4180} INFO - Setting next_dagrun for example_subdag_operator.section-1 to None, run_after=None
[2026-04-21T06:48:18.889+0000] {logging_mixin.py:190} INFO - [2026-04-21T06:48:18.889+0000] {dag.py:4180} INFO - Setting next_dagrun for example_subdag_operator.section-2 to None, run_after=None
[2026-04-21T06:48:18.891+0000] {logging_mixin.py:190} INFO - [2026-04-21T06:48:18.891+0000] {dag.py:3239} INFO - Sync 2 DAGs
[2026-04-21T06:48:18.893+0000] {logging_mixin.py:190} INFO - [2026-04-21T06:48:18.893+0000] {dag.py:4180} INFO - Setting next_dagrun for example_subdag_operator.section-1 to None, run_after=None
[2026-04-21T06:48:18.894+0000] {logging_mixin.py:190} INFO - [2026-04-21T06:48:18.894+0000] {dag.py:4180} INFO - Setting next_dagrun for example_subdag_operator.section-2 to None, run_after=None
[2026-04-21T06:48:18.898+0000] {processor.py:208} INFO - Processing /home/airflow/.local/lib/python3.12/site-packages/airflow/example_dags/example_subdag_operator.py took 0.042 seconds
[2026-04-21T06:48:49.393+0000] {processor.py:186} INFO - Started process (PID=860) to work on /home/airflow/.local/lib/python3.12/site-packages/airflow/example_dags/example_subdag_operator.py
[2026-04-21T06:48:49.393+0000] {processor.py:914} INFO - Processing file /home/airflow/.local/lib/python3.12/site-packages/airflow/example_dags/example_subdag_operator.py for tasks to queue
[2026-04-21T06:48:49.394+0000] {logging_mixin.py:190} INFO - [2026-04-21T06:48:49.394+0000] {dagbag.py:588} INFO - Filling up the DagBag from /home/airflow/.local/lib/python3.12/site-packages/airflow/example_dags/example_subdag_operator.py
[2026-04-21T06:48:49.405+0000] {processor.py:925} INFO - DAG(s) 'example_subdag_operator.section-1', 'example_subdag_operator.section-2', 'example_subdag_operator' retrieved from /home/airflow/.local/lib/python3.12/site-packages/airflow/example_dags/example_subdag_operator.py
[2026-04-21T06:48:49.411+0000] {logging_mixin.py:190} INFO - [2026-04-21T06:48:49.410+0000] {dag.py:3239} INFO - Sync 3 DAGs
[2026-04-21T06:48:49.419+0000] {logging_mixin.py:190} INFO - [2026-04-21T06:48:49.419+0000] {dag.py:4180} INFO - Setting next_dagrun for example_subdag_operator to 2022-01-01 00:00:00+00:00, run_after=2022-01-01 00:00:00+00:00
[2026-04-21T06:48:49.421+0000] {logging_mixin.py:190} INFO - [2026-04-21T06:48:49.420+0000] {dag.py:4180} INFO - Setting next_dagrun for example_subdag_operator.section-1 to None, run_after=None
[2026-04-21T06:48:49.421+0000] {logging_mixin.py:190} INFO - [2026-04-21T06:48:49.421+0000] {dag.py:4180} INFO - Setting next_dagrun for example_subdag_operator.section-2 to None, run_after=None
[2026-04-21T06:48:49.424+0000] {logging_mixin.py:190} INFO - [2026-04-21T06:48:49.423+0000] {dag.py:3239} INFO - Sync 2 DAGs
[2026-04-21T06:48:49.425+0000] {logging_mixin.py:190} INFO - [2026-04-21T06:48:49.425+0000] {dag.py:4180} INFO - Setting next_dagrun for example_subdag_operator.section-1 to None, run_after=None
[2026-04-21T06:48:49.426+0000] {logging_mixin.py:190} INFO - [2026-04-21T06:48:49.426+0000] {dag.py:4180} INFO - Setting next_dagrun for example_subdag_operator.section-2 to None, run_after=None
[2026-04-21T06:48:49.429+0000] {processor.py:208} INFO - Processing /home/airflow/.local/lib/python3.12/site-packages/airflow/example_dags/example_subdag_operator.py took 0.039 seconds
[2026-04-21T06:49:20.007+0000] {processor.py:186} INFO - Started process (PID=923) to work on /home/airflow/.local/lib/python3.12/site-packages/airflow/example_dags/example_subdag_operator.py
[2026-04-21T06:49:20.008+0000] {processor.py:914} INFO - Processing file /home/airflow/.local/lib/python3.12/site-packages/airflow/example_dags/example_subdag_operator.py for tasks to queue
[2026-04-21T06:49:20.009+0000] {logging_mixin.py:190} INFO - [2026-04-21T06:49:20.009+0000] {dagbag.py:588} INFO - Filling up the DagBag from /home/airflow/.local/lib/python3.12/site-packages/airflow/example_dags/example_subdag_operator.py
[2026-04-21T06:49:20.023+0000] {processor.py:925} INFO - DAG(s) 'example_subdag_operator.section-1', 'example_subdag_operator.section-2', 'example_subdag_operator' retrieved from /home/airflow/.local/lib/python3.12/site-packages/airflow/example_dags/example_subdag_operator.py
[2026-04-21T06:49:20.030+0000] {logging_mixin.py:190} INFO - [2026-04-21T06:49:20.030+0000] {dag.py:3239} INFO - Sync 3 DAGs
[2026-04-21T06:49:20.039+0000] {logging_mixin.py:190} INFO - [2026-04-21T06:49:20.039+0000] {dag.py:4180} INFO - Setting next_dagrun for example_subdag_operator to 2022-01-01 00:00:00+00:00, run_after=2022-01-01 00:00:00+00:00
[2026-04-21T06:49:20.044+0000] {logging_mixin.py:190} INFO - [2026-04-21T06:49:20.044+0000] {dag.py:4180} INFO - Setting next_dagrun for example_subdag_operator.section-1 to None, run_after=None
[2026-04-21T06:49:20.044+0000] {logging_mixin.py:190} INFO - [2026-04-21T06:49:20.044+0000] {dag.py:4180} INFO - Setting next_dagrun for example_subdag_operator.section-2 to None, run_after=None
[2026-04-21T06:49:20.047+0000] {logging_mixin.py:190} INFO - [2026-04-21T06:49:20.047+0000] {dag.py:3239} INFO - Sync 2 DAGs
[2026-04-21T06:49:20.050+0000] {logging_mixin.py:190} INFO - [2026-04-21T06:49:20.050+0000] {dag.py:4180} INFO - Setting next_dagrun for example_subdag_operator.section-1 to None, run_after=None
[2026-04-21T06:49:20.050+0000] {logging_mixin.py:190} INFO - [2026-04-21T06:49:20.050+0000] {dag.py:4180} INFO - Setting next_dagrun for example_subdag_operator.section-2 to None, run_after=None
[2026-04-21T06:49:20.055+0000] {processor.py:208} INFO - Processing /home/airflow/.local/lib/python3.12/site-packages/airflow/example_dags/example_subdag_operator.py took 0.050 seconds
[2026-04-21T06:49:50.434+0000] {processor.py:186} INFO - Started process (PID=988) to work on /home/airflow/.local/lib/python3.12/site-packages/airflow/example_dags/example_subdag_operator.py
[2026-04-21T06:49:50.434+0000] {processor.py:914} INFO - Processing file /home/airflow/.local/lib/python3.12/site-packages/airflow/example_dags/example_subdag_operator.py for tasks to queue
[2026-04-21T06:49:50.437+0000] {logging_mixin.py:190} INFO - [2026-04-21T06:49:50.436+0000] {dagbag.py:588} INFO - Filling up the DagBag from /home/airflow/.local/lib/python3.12/site-packages/airflow/example_dags/example_subdag_operator.py
[2026-04-21T06:49:50.446+0000] {processor.py:925} INFO - DAG(s) 'example_subdag_operator.section-1', 'example_subdag_operator.section-2', 'example_subdag_operator' retrieved from /home/airflow/.local/lib/python3.12/site-packages/airflow/example_dags/example_subdag_operator.py
[2026-04-21T06:49:50.451+0000] {logging_mixin.py:190} INFO - [2026-04-21T06:49:50.451+0000] {dag.py:3239} INFO - Sync 3 DAGs
[2026-04-21T06:49:50.459+0000] {logging_mixin.py:190} INFO - [2026-04-21T06:49:50.459+0000] {dag.py:4180} INFO - Setting next_dagrun for example_subdag_operator to 2022-01-01 00:00:00+00:00, run_after=2022-01-01 00:00:00+00:00
[2026-04-21T06:49:50.460+0000] {logging_mixin.py:190} INFO - [2026-04-21T06:49:50.460+0000] {dag.py:4180} INFO - Setting next_dagrun for example_subdag_operator.section-1 to None, run_after=None
[2026-04-21T06:49:50.460+0000] {logging_mixin.py:190} INFO - [2026-04-21T06:49:50.460+0000] {dag.py:4180} INFO - Setting next_dagrun for example_subdag_operator.section-2 to None, run_after=None
[2026-04-21T06:49:50.463+0000] {logging_mixin.py:190} INFO - [2026-04-21T06:49:50.463+0000] {dag.py:3239} INFO - Sync 2 DAGs
[2026-04-21T06:49:50.464+0000] {logging_mixin.py:190} INFO - [2026-04-21T06:49:50.464+0000] {dag.py:4180} INFO - Setting next_dagrun for example_subdag_operator.section-1 to None, run_after=None
[2026-04-21T06:49:50.464+0000] {logging_mixin.py:190} INFO - [2026-04-21T06:49:50.464+0000] {dag.py:4180} INFO - Setting next_dagrun for example_subdag_operator.section-2 to None, run_after=None
[2026-04-21T06:49:50.468+0000] {processor.py:208} INFO - Processing /home/airflow/.local/lib/python3.12/site-packages/airflow/example_dags/example_subdag_operator.py took 0.036 seconds
[2026-04-21T06:50:21.208+0000] {processor.py:186} INFO - Started process (PID=1052) to work on /home/airflow/.local/lib/python3.12/site-packages/airflow/example_dags/example_subdag_operator.py
[2026-04-21T06:50:21.208+0000] {processor.py:914} INFO - Processing file /home/airflow/.local/lib/python3.12/site-packages/airflow/example_dags/example_subdag_operator.py for tasks to queue
[2026-04-21T06:50:21.209+0000] {logging_mixin.py:190} INFO - [2026-04-21T06:50:21.209+0000] {dagbag.py:588} INFO - Filling up the DagBag from /home/airflow/.local/lib/python3.12/site-packages/airflow/example_dags/example_subdag_operator.py
[2026-04-21T06:50:21.227+0000] {processor.py:925} INFO - DAG(s) 'example_subdag_operator.section-1', 'example_subdag_operator.section-2', 'example_subdag_operator' retrieved from /home/airflow/.local/lib/python3.12/site-packages/airflow/example_dags/example_subdag_operator.py
[2026-04-21T06:50:21.233+0000] {logging_mixin.py:190} INFO - [2026-04-21T06:50:21.232+0000] {dag.py:3239} INFO - Sync 3 DAGs
[2026-04-21T06:50:21.242+0000] {logging_mixin.py:190} INFO - [2026-04-21T06:50:21.242+0000] {dag.py:4180} INFO - Setting next_dagrun for example_subdag_operator to 2022-01-01 00:00:00+00:00, run_after=2022-01-01 00:00:00+00:00
[2026-04-21T06:50:21.244+0000] {logging_mixin.py:190} INFO - [2026-04-21T06:50:21.244+0000] {dag.py:4180} INFO - Setting next_dagrun for example_subdag_operator.section-1 to None, run_after=None
[2026-04-21T06:50:21.245+0000] {logging_mixin.py:190} INFO - [2026-04-21T06:50:21.245+0000] {dag.py:4180} INFO - Setting next_dagrun for example_subdag_operator.section-2 to None, run_after=None
[2026-04-21T06:50:21.247+0000] {logging_mixin.py:190} INFO - [2026-04-21T06:50:21.247+0000] {dag.py:3239} INFO - Sync 2 DAGs
[2026-04-21T06:50:21.251+0000] {logging_mixin.py:190} INFO - [2026-04-21T06:50:21.251+0000] {dag.py:4180} INFO - Setting next_dagrun for example_subdag_operator.section-1 to None, run_after=None
[2026-04-21T06:50:21.251+0000] {logging_mixin.py:190} INFO - [2026-04-21T06:50:21.251+0000] {dag.py:4180} INFO - Setting next_dagrun for example_subdag_operator.section-2 to None, run_after=None
[2026-04-21T06:50:21.255+0000] {processor.py:208} INFO - Processing /home/airflow/.local/lib/python3.12/site-packages/airflow/example_dags/example_subdag_operator.py took 0.049 seconds
[2026-04-21T06:50:51.471+0000] {processor.py:186} INFO - Started process (PID=1116) to work on /home/airflow/.local/lib/python3.12/site-packages/airflow/example_dags/example_subdag_operator.py
[2026-04-21T06:50:51.472+0000] {processor.py:914} INFO - Processing file /home/airflow/.local/lib/python3.12/site-packages/airflow/example_dags/example_subdag_operator.py for tasks to queue
[2026-04-21T06:50:51.473+0000] {logging_mixin.py:190} INFO - [2026-04-21T06:50:51.473+0000] {dagbag.py:588} INFO - Filling up the DagBag from /home/airflow/.local/lib/python3.12/site-packages/airflow/example_dags/example_subdag_operator.py
[2026-04-21T06:50:51.483+0000] {processor.py:925} INFO - DAG(s) 'example_subdag_operator.section-1', 'example_subdag_operator.section-2', 'example_subdag_operator' retrieved from /home/airflow/.local/lib/python3.12/site-packages/airflow/example_dags/example_subdag_operator.py
[2026-04-21T06:50:51.488+0000] {logging_mixin.py:190} INFO - [2026-04-21T06:50:51.488+0000] {dag.py:3239} INFO - Sync 3 DAGs
[2026-04-21T06:50:51.495+0000] {logging_mixin.py:190} INFO - [2026-04-21T06:50:51.495+0000] {dag.py:4180} INFO - Setting next_dagrun for example_subdag_operator to 2022-01-01 00:00:00+00:00, run_after=2022-01-01 00:00:00+00:00
[2026-04-21T06:50:51.496+0000] {logging_mixin.py:190} INFO - [2026-04-21T06:50:51.496+0000] {dag.py:4180} INFO - Setting next_dagrun for example_subdag_operator.section-1 to None, run_after=None
[2026-04-21T06:50:51.497+0000] {logging_mixin.py:190} INFO - [2026-04-21T06:50:51.497+0000] {dag.py:4180} INFO - Setting next_dagrun for example_subdag_operator.section-2 to None, run_after=None
[2026-04-21T06:50:51.499+0000] {logging_mixin.py:190} INFO - [2026-04-21T06:50:51.499+0000] {dag.py:3239} INFO - Sync 2 DAGs
[2026-04-21T06:50:51.501+0000] {logging_mixin.py:190} INFO - [2026-04-21T06:50:51.500+0000] {dag.py:4180} INFO - Setting next_dagrun for example_subdag_operator.section-1 to None, run_after=None
[2026-04-21T06:50:51.501+0000] {logging_mixin.py:190} INFO - [2026-04-21T06:50:51.501+0000] {dag.py:4180} INFO - Setting next_dagrun for example_subdag_operator.section-2 to None, run_after=None
[2026-04-21T06:50:51.504+0000] {processor.py:208} INFO - Processing /home/airflow/.local/lib/python3.12/site-packages/airflow/example_dags/example_subdag_operator.py took 0.035 seconds
