[2026-04-21T06:42:40.668+0000] {processor.py:186} INFO - Started process (PID=62) to work on /home/airflow/.local/lib/python3.12/site-packages/airflow/example_dags/example_python_operator.py
[2026-04-21T06:42:40.669+0000] {processor.py:914} INFO - Processing file /home/airflow/.local/lib/python3.12/site-packages/airflow/example_dags/example_python_operator.py for tasks to queue
[2026-04-21T06:42:40.670+0000] {logging_mixin.py:190} INFO - [2026-04-21T06:42:40.670+0000] {dagbag.py:588} INFO - Filling up the DagBag from /home/airflow/.local/lib/python3.12/site-packages/airflow/example_dags/example_python_operator.py
[2026-04-21T06:42:40.679+0000] {processor.py:925} INFO - DAG(s) 'example_python_operator' retrieved from /home/airflow/.local/lib/python3.12/site-packages/airflow/example_dags/example_python_operator.py
[2026-04-21T06:42:40.740+0000] {logging_mixin.py:190} INFO - [2026-04-21T06:42:40.739+0000] {dag.py:3239} INFO - Sync 1 DAGs
[2026-04-21T06:42:40.745+0000] {logging_mixin.py:190} INFO - [2026-04-21T06:42:40.745+0000] {dag.py:4180} INFO - Setting next_dagrun for example_python_operator to None, run_after=None
[2026-04-21T06:42:40.759+0000] {processor.py:208} INFO - Processing /home/airflow/.local/lib/python3.12/site-packages/airflow/example_dags/example_python_operator.py took 0.094 seconds
[2026-04-21T06:43:10.818+0000] {processor.py:186} INFO - Started process (PID=136) to work on /home/airflow/.local/lib/python3.12/site-packages/airflow/example_dags/example_python_operator.py
[2026-04-21T06:43:10.819+0000] {processor.py:914} INFO - Processing file /home/airflow/.local/lib/python3.12/site-packages/airflow/example_dags/example_python_operator.py for tasks to queue
[2026-04-21T06:43:10.820+0000] {logging_mixin.py:190} INFO - [2026-04-21T06:43:10.820+0000] {dagbag.py:588} INFO - Filling up the DagBag from /home/airflow/.local/lib/python3.12/site-packages/airflow/example_dags/example_python_operator.py
[2026-04-21T06:43:10.828+0000] {processor.py:925} INFO - DAG(s) 'example_python_operator' retrieved from /home/airflow/.local/lib/python3.12/site-packages/airflow/example_dags/example_python_operator.py
[2026-04-21T06:43:10.838+0000] {logging_mixin.py:190} INFO - [2026-04-21T06:43:10.838+0000] {dag.py:3239} INFO - Sync 1 DAGs
[2026-04-21T06:43:10.844+0000] {logging_mixin.py:190} INFO - [2026-04-21T06:43:10.843+0000] {dag.py:4180} INFO - Setting next_dagrun for example_python_operator to None, run_after=None
[2026-04-21T06:43:10.850+0000] {processor.py:208} INFO - Processing /home/airflow/.local/lib/python3.12/site-packages/airflow/example_dags/example_python_operator.py took 0.034 seconds
[2026-04-21T06:43:40.973+0000] {processor.py:186} INFO - Started process (PID=200) to work on /home/airflow/.local/lib/python3.12/site-packages/airflow/example_dags/example_python_operator.py
[2026-04-21T06:43:40.973+0000] {processor.py:914} INFO - Processing file /home/airflow/.local/lib/python3.12/site-packages/airflow/example_dags/example_python_operator.py for tasks to queue
[2026-04-21T06:43:40.974+0000] {logging_mixin.py:190} INFO - [2026-04-21T06:43:40.974+0000] {dagbag.py:588} INFO - Filling up the DagBag from /home/airflow/.local/lib/python3.12/site-packages/airflow/example_dags/example_python_operator.py
[2026-04-21T06:43:40.980+0000] {processor.py:925} INFO - DAG(s) 'example_python_operator' retrieved from /home/airflow/.local/lib/python3.12/site-packages/airflow/example_dags/example_python_operator.py
[2026-04-21T06:43:40.990+0000] {logging_mixin.py:190} INFO - [2026-04-21T06:43:40.990+0000] {dag.py:3239} INFO - Sync 1 DAGs
[2026-04-21T06:43:40.996+0000] {logging_mixin.py:190} INFO - [2026-04-21T06:43:40.995+0000] {dag.py:4180} INFO - Setting next_dagrun for example_python_operator to None, run_after=None
[2026-04-21T06:43:41.002+0000] {processor.py:208} INFO - Processing /home/airflow/.local/lib/python3.12/site-packages/airflow/example_dags/example_python_operator.py took 0.032 seconds
[2026-04-21T06:44:11.109+0000] {processor.py:186} INFO - Started process (PID=264) to work on /home/airflow/.local/lib/python3.12/site-packages/airflow/example_dags/example_python_operator.py
[2026-04-21T06:44:11.109+0000] {processor.py:914} INFO - Processing file /home/airflow/.local/lib/python3.12/site-packages/airflow/example_dags/example_python_operator.py for tasks to queue
[2026-04-21T06:44:11.110+0000] {logging_mixin.py:190} INFO - [2026-04-21T06:44:11.110+0000] {dagbag.py:588} INFO - Filling up the DagBag from /home/airflow/.local/lib/python3.12/site-packages/airflow/example_dags/example_python_operator.py
[2026-04-21T06:44:11.116+0000] {processor.py:925} INFO - DAG(s) 'example_python_operator' retrieved from /home/airflow/.local/lib/python3.12/site-packages/airflow/example_dags/example_python_operator.py
[2026-04-21T06:44:11.125+0000] {logging_mixin.py:190} INFO - [2026-04-21T06:44:11.125+0000] {dag.py:3239} INFO - Sync 1 DAGs
[2026-04-21T06:44:11.131+0000] {logging_mixin.py:190} INFO - [2026-04-21T06:44:11.131+0000] {dag.py:4180} INFO - Setting next_dagrun for example_python_operator to None, run_after=None
[2026-04-21T06:44:11.138+0000] {processor.py:208} INFO - Processing /home/airflow/.local/lib/python3.12/site-packages/airflow/example_dags/example_python_operator.py took 0.032 seconds
[2026-04-21T06:44:41.844+0000] {processor.py:186} INFO - Started process (PID=331) to work on /home/airflow/.local/lib/python3.12/site-packages/airflow/example_dags/example_python_operator.py
[2026-04-21T06:44:41.845+0000] {processor.py:914} INFO - Processing file /home/airflow/.local/lib/python3.12/site-packages/airflow/example_dags/example_python_operator.py for tasks to queue
[2026-04-21T06:44:41.846+0000] {logging_mixin.py:190} INFO - [2026-04-21T06:44:41.846+0000] {dagbag.py:588} INFO - Filling up the DagBag from /home/airflow/.local/lib/python3.12/site-packages/airflow/example_dags/example_python_operator.py
[2026-04-21T06:44:41.853+0000] {processor.py:925} INFO - DAG(s) 'example_python_operator' retrieved from /home/airflow/.local/lib/python3.12/site-packages/airflow/example_dags/example_python_operator.py
[2026-04-21T06:44:41.868+0000] {logging_mixin.py:190} INFO - [2026-04-21T06:44:41.867+0000] {dag.py:3239} INFO - Sync 1 DAGs
[2026-04-21T06:44:41.876+0000] {logging_mixin.py:190} INFO - [2026-04-21T06:44:41.876+0000] {dag.py:4180} INFO - Setting next_dagrun for example_python_operator to None, run_after=None
[2026-04-21T06:44:41.883+0000] {processor.py:208} INFO - Processing /home/airflow/.local/lib/python3.12/site-packages/airflow/example_dags/example_python_operator.py took 0.044 seconds
[2026-04-21T06:45:12.199+0000] {processor.py:186} INFO - Started process (PID=395) to work on /home/airflow/.local/lib/python3.12/site-packages/airflow/example_dags/example_python_operator.py
[2026-04-21T06:45:12.200+0000] {processor.py:914} INFO - Processing file /home/airflow/.local/lib/python3.12/site-packages/airflow/example_dags/example_python_operator.py for tasks to queue
[2026-04-21T06:45:12.201+0000] {logging_mixin.py:190} INFO - [2026-04-21T06:45:12.201+0000] {dagbag.py:588} INFO - Filling up the DagBag from /home/airflow/.local/lib/python3.12/site-packages/airflow/example_dags/example_python_operator.py
[2026-04-21T06:45:12.208+0000] {processor.py:925} INFO - DAG(s) 'example_python_operator' retrieved from /home/airflow/.local/lib/python3.12/site-packages/airflow/example_dags/example_python_operator.py
[2026-04-21T06:45:12.217+0000] {logging_mixin.py:190} INFO - [2026-04-21T06:45:12.216+0000] {dag.py:3239} INFO - Sync 1 DAGs
[2026-04-21T06:45:12.223+0000] {logging_mixin.py:190} INFO - [2026-04-21T06:45:12.223+0000] {dag.py:4180} INFO - Setting next_dagrun for example_python_operator to None, run_after=None
[2026-04-21T06:45:12.232+0000] {processor.py:208} INFO - Processing /home/airflow/.local/lib/python3.12/site-packages/airflow/example_dags/example_python_operator.py took 0.036 seconds
[2026-04-21T06:45:42.302+0000] {processor.py:186} INFO - Started process (PID=459) to work on /home/airflow/.local/lib/python3.12/site-packages/airflow/example_dags/example_python_operator.py
[2026-04-21T06:45:42.303+0000] {processor.py:914} INFO - Processing file /home/airflow/.local/lib/python3.12/site-packages/airflow/example_dags/example_python_operator.py for tasks to queue
[2026-04-21T06:45:42.304+0000] {logging_mixin.py:190} INFO - [2026-04-21T06:45:42.304+0000] {dagbag.py:588} INFO - Filling up the DagBag from /home/airflow/.local/lib/python3.12/site-packages/airflow/example_dags/example_python_operator.py
[2026-04-21T06:45:42.312+0000] {processor.py:925} INFO - DAG(s) 'example_python_operator' retrieved from /home/airflow/.local/lib/python3.12/site-packages/airflow/example_dags/example_python_operator.py
[2026-04-21T06:45:42.320+0000] {logging_mixin.py:190} INFO - [2026-04-21T06:45:42.320+0000] {dag.py:3239} INFO - Sync 1 DAGs
[2026-04-21T06:45:42.325+0000] {logging_mixin.py:190} INFO - [2026-04-21T06:45:42.325+0000] {dag.py:4180} INFO - Setting next_dagrun for example_python_operator to None, run_after=None
[2026-04-21T06:45:42.332+0000] {processor.py:208} INFO - Processing /home/airflow/.local/lib/python3.12/site-packages/airflow/example_dags/example_python_operator.py took 0.032 seconds
[2026-04-21T06:46:13.177+0000] {processor.py:186} INFO - Started process (PID=524) to work on /home/airflow/.local/lib/python3.12/site-packages/airflow/example_dags/example_python_operator.py
[2026-04-21T06:46:13.179+0000] {processor.py:914} INFO - Processing file /home/airflow/.local/lib/python3.12/site-packages/airflow/example_dags/example_python_operator.py for tasks to queue
[2026-04-21T06:46:13.180+0000] {logging_mixin.py:190} INFO - [2026-04-21T06:46:13.180+0000] {dagbag.py:588} INFO - Filling up the DagBag from /home/airflow/.local/lib/python3.12/site-packages/airflow/example_dags/example_python_operator.py
[2026-04-21T06:46:13.188+0000] {processor.py:925} INFO - DAG(s) 'example_python_operator' retrieved from /home/airflow/.local/lib/python3.12/site-packages/airflow/example_dags/example_python_operator.py
[2026-04-21T06:46:13.200+0000] {logging_mixin.py:190} INFO - [2026-04-21T06:46:13.199+0000] {dag.py:3239} INFO - Sync 1 DAGs
[2026-04-21T06:46:13.204+0000] {logging_mixin.py:190} INFO - [2026-04-21T06:46:13.204+0000] {dag.py:4180} INFO - Setting next_dagrun for example_python_operator to None, run_after=None
[2026-04-21T06:46:13.213+0000] {processor.py:208} INFO - Processing /home/airflow/.local/lib/python3.12/site-packages/airflow/example_dags/example_python_operator.py took 0.038 seconds
[2026-04-21T06:46:44.485+0000] {processor.py:186} INFO - Started process (PID=588) to work on /home/airflow/.local/lib/python3.12/site-packages/airflow/example_dags/example_python_operator.py
[2026-04-21T06:46:44.487+0000] {processor.py:914} INFO - Processing file /home/airflow/.local/lib/python3.12/site-packages/airflow/example_dags/example_python_operator.py for tasks to queue
[2026-04-21T06:46:44.488+0000] {logging_mixin.py:190} INFO - [2026-04-21T06:46:44.488+0000] {dagbag.py:588} INFO - Filling up the DagBag from /home/airflow/.local/lib/python3.12/site-packages/airflow/example_dags/example_python_operator.py
[2026-04-21T06:46:44.493+0000] {processor.py:925} INFO - DAG(s) 'example_python_operator' retrieved from /home/airflow/.local/lib/python3.12/site-packages/airflow/example_dags/example_python_operator.py
[2026-04-21T06:46:44.503+0000] {logging_mixin.py:190} INFO - [2026-04-21T06:46:44.503+0000] {dag.py:3239} INFO - Sync 1 DAGs
[2026-04-21T06:46:44.509+0000] {logging_mixin.py:190} INFO - [2026-04-21T06:46:44.509+0000] {dag.py:4180} INFO - Setting next_dagrun for example_python_operator to None, run_after=None
[2026-04-21T06:46:44.517+0000] {processor.py:208} INFO - Processing /home/airflow/.local/lib/python3.12/site-packages/airflow/example_dags/example_python_operator.py took 0.035 seconds
[2026-04-21T06:47:15.634+0000] {processor.py:186} INFO - Started process (PID=652) to work on /home/airflow/.local/lib/python3.12/site-packages/airflow/example_dags/example_python_operator.py
[2026-04-21T06:47:15.636+0000] {processor.py:914} INFO - Processing file /home/airflow/.local/lib/python3.12/site-packages/airflow/example_dags/example_python_operator.py for tasks to queue
[2026-04-21T06:47:15.640+0000] {logging_mixin.py:190} INFO - [2026-04-21T06:47:15.640+0000] {dagbag.py:588} INFO - Filling up the DagBag from /home/airflow/.local/lib/python3.12/site-packages/airflow/example_dags/example_python_operator.py
[2026-04-21T06:47:15.648+0000] {processor.py:925} INFO - DAG(s) 'example_python_operator' retrieved from /home/airflow/.local/lib/python3.12/site-packages/airflow/example_dags/example_python_operator.py
[2026-04-21T06:47:15.657+0000] {logging_mixin.py:190} INFO - [2026-04-21T06:47:15.657+0000] {dag.py:3239} INFO - Sync 1 DAGs
[2026-04-21T06:47:15.662+0000] {logging_mixin.py:190} INFO - [2026-04-21T06:47:15.662+0000] {dag.py:4180} INFO - Setting next_dagrun for example_python_operator to None, run_after=None
[2026-04-21T06:47:15.668+0000] {processor.py:208} INFO - Processing /home/airflow/.local/lib/python3.12/site-packages/airflow/example_dags/example_python_operator.py took 0.037 seconds
[2026-04-21T06:47:46.996+0000] {processor.py:186} INFO - Started process (PID=716) to work on /home/airflow/.local/lib/python3.12/site-packages/airflow/example_dags/example_python_operator.py
[2026-04-21T06:47:46.997+0000] {processor.py:914} INFO - Processing file /home/airflow/.local/lib/python3.12/site-packages/airflow/example_dags/example_python_operator.py for tasks to queue
[2026-04-21T06:47:46.998+0000] {logging_mixin.py:190} INFO - [2026-04-21T06:47:46.998+0000] {dagbag.py:588} INFO - Filling up the DagBag from /home/airflow/.local/lib/python3.12/site-packages/airflow/example_dags/example_python_operator.py
[2026-04-21T06:47:47.004+0000] {processor.py:925} INFO - DAG(s) 'example_python_operator' retrieved from /home/airflow/.local/lib/python3.12/site-packages/airflow/example_dags/example_python_operator.py
[2026-04-21T06:47:47.012+0000] {logging_mixin.py:190} INFO - [2026-04-21T06:47:47.012+0000] {dag.py:3239} INFO - Sync 1 DAGs
[2026-04-21T06:47:47.018+0000] {logging_mixin.py:190} INFO - [2026-04-21T06:47:47.018+0000] {dag.py:4180} INFO - Setting next_dagrun for example_python_operator to None, run_after=None
[2026-04-21T06:47:47.028+0000] {processor.py:208} INFO - Processing /home/airflow/.local/lib/python3.12/site-packages/airflow/example_dags/example_python_operator.py took 0.034 seconds
[2026-04-21T06:48:18.239+0000] {processor.py:186} INFO - Started process (PID=780) to work on /home/airflow/.local/lib/python3.12/site-packages/airflow/example_dags/example_python_operator.py
[2026-04-21T06:48:18.240+0000] {processor.py:914} INFO - Processing file /home/airflow/.local/lib/python3.12/site-packages/airflow/example_dags/example_python_operator.py for tasks to queue
[2026-04-21T06:48:18.242+0000] {logging_mixin.py:190} INFO - [2026-04-21T06:48:18.242+0000] {dagbag.py:588} INFO - Filling up the DagBag from /home/airflow/.local/lib/python3.12/site-packages/airflow/example_dags/example_python_operator.py
[2026-04-21T06:48:18.248+0000] {processor.py:925} INFO - DAG(s) 'example_python_operator' retrieved from /home/airflow/.local/lib/python3.12/site-packages/airflow/example_dags/example_python_operator.py
[2026-04-21T06:48:18.258+0000] {logging_mixin.py:190} INFO - [2026-04-21T06:48:18.258+0000] {dag.py:3239} INFO - Sync 1 DAGs
[2026-04-21T06:48:18.264+0000] {logging_mixin.py:190} INFO - [2026-04-21T06:48:18.263+0000] {dag.py:4180} INFO - Setting next_dagrun for example_python_operator to None, run_after=None
[2026-04-21T06:48:18.273+0000] {processor.py:208} INFO - Processing /home/airflow/.local/lib/python3.12/site-packages/airflow/example_dags/example_python_operator.py took 0.036 seconds
[2026-04-21T06:48:48.699+0000] {processor.py:186} INFO - Started process (PID=844) to work on /home/airflow/.local/lib/python3.12/site-packages/airflow/example_dags/example_python_operator.py
[2026-04-21T06:48:48.700+0000] {processor.py:914} INFO - Processing file /home/airflow/.local/lib/python3.12/site-packages/airflow/example_dags/example_python_operator.py for tasks to queue
[2026-04-21T06:48:48.702+0000] {logging_mixin.py:190} INFO - [2026-04-21T06:48:48.702+0000] {dagbag.py:588} INFO - Filling up the DagBag from /home/airflow/.local/lib/python3.12/site-packages/airflow/example_dags/example_python_operator.py
[2026-04-21T06:48:48.709+0000] {processor.py:925} INFO - DAG(s) 'example_python_operator' retrieved from /home/airflow/.local/lib/python3.12/site-packages/airflow/example_dags/example_python_operator.py
[2026-04-21T06:48:48.722+0000] {logging_mixin.py:190} INFO - [2026-04-21T06:48:48.722+0000] {dag.py:3239} INFO - Sync 1 DAGs
[2026-04-21T06:48:48.728+0000] {logging_mixin.py:190} INFO - [2026-04-21T06:48:48.728+0000] {dag.py:4180} INFO - Setting next_dagrun for example_python_operator to None, run_after=None
[2026-04-21T06:48:48.741+0000] {processor.py:208} INFO - Processing /home/airflow/.local/lib/python3.12/site-packages/airflow/example_dags/example_python_operator.py took 0.045 seconds
[2026-04-21T06:49:19.445+0000] {processor.py:186} INFO - Started process (PID=908) to work on /home/airflow/.local/lib/python3.12/site-packages/airflow/example_dags/example_python_operator.py
[2026-04-21T06:49:19.445+0000] {processor.py:914} INFO - Processing file /home/airflow/.local/lib/python3.12/site-packages/airflow/example_dags/example_python_operator.py for tasks to queue
[2026-04-21T06:49:19.447+0000] {logging_mixin.py:190} INFO - [2026-04-21T06:49:19.446+0000] {dagbag.py:588} INFO - Filling up the DagBag from /home/airflow/.local/lib/python3.12/site-packages/airflow/example_dags/example_python_operator.py
[2026-04-21T06:49:19.452+0000] {processor.py:925} INFO - DAG(s) 'example_python_operator' retrieved from /home/airflow/.local/lib/python3.12/site-packages/airflow/example_dags/example_python_operator.py
[2026-04-21T06:49:19.463+0000] {logging_mixin.py:190} INFO - [2026-04-21T06:49:19.463+0000] {dag.py:3239} INFO - Sync 1 DAGs
[2026-04-21T06:49:19.468+0000] {logging_mixin.py:190} INFO - [2026-04-21T06:49:19.468+0000] {dag.py:4180} INFO - Setting next_dagrun for example_python_operator to None, run_after=None
[2026-04-21T06:49:19.477+0000] {processor.py:208} INFO - Processing /home/airflow/.local/lib/python3.12/site-packages/airflow/example_dags/example_python_operator.py took 0.035 seconds
[2026-04-21T06:49:49.886+0000] {processor.py:186} INFO - Started process (PID=972) to work on /home/airflow/.local/lib/python3.12/site-packages/airflow/example_dags/example_python_operator.py
[2026-04-21T06:49:49.888+0000] {processor.py:914} INFO - Processing file /home/airflow/.local/lib/python3.12/site-packages/airflow/example_dags/example_python_operator.py for tasks to queue
[2026-04-21T06:49:49.890+0000] {logging_mixin.py:190} INFO - [2026-04-21T06:49:49.890+0000] {dagbag.py:588} INFO - Filling up the DagBag from /home/airflow/.local/lib/python3.12/site-packages/airflow/example_dags/example_python_operator.py
[2026-04-21T06:49:49.896+0000] {processor.py:925} INFO - DAG(s) 'example_python_operator' retrieved from /home/airflow/.local/lib/python3.12/site-packages/airflow/example_dags/example_python_operator.py
[2026-04-21T06:49:49.908+0000] {logging_mixin.py:190} INFO - [2026-04-21T06:49:49.907+0000] {dag.py:3239} INFO - Sync 1 DAGs
[2026-04-21T06:49:49.913+0000] {logging_mixin.py:190} INFO - [2026-04-21T06:49:49.912+0000] {dag.py:4180} INFO - Setting next_dagrun for example_python_operator to None, run_after=None
[2026-04-21T06:49:49.922+0000] {processor.py:208} INFO - Processing /home/airflow/.local/lib/python3.12/site-packages/airflow/example_dags/example_python_operator.py took 0.038 seconds
[2026-04-21T06:50:20.408+0000] {processor.py:186} INFO - Started process (PID=1036) to work on /home/airflow/.local/lib/python3.12/site-packages/airflow/example_dags/example_python_operator.py
[2026-04-21T06:50:20.410+0000] {processor.py:914} INFO - Processing file /home/airflow/.local/lib/python3.12/site-packages/airflow/example_dags/example_python_operator.py for tasks to queue
[2026-04-21T06:50:20.414+0000] {logging_mixin.py:190} INFO - [2026-04-21T06:50:20.414+0000] {dagbag.py:588} INFO - Filling up the DagBag from /home/airflow/.local/lib/python3.12/site-packages/airflow/example_dags/example_python_operator.py
[2026-04-21T06:50:20.419+0000] {processor.py:925} INFO - DAG(s) 'example_python_operator' retrieved from /home/airflow/.local/lib/python3.12/site-packages/airflow/example_dags/example_python_operator.py
[2026-04-21T06:50:20.430+0000] {logging_mixin.py:190} INFO - [2026-04-21T06:50:20.430+0000] {dag.py:3239} INFO - Sync 1 DAGs
[2026-04-21T06:50:20.435+0000] {logging_mixin.py:190} INFO - [2026-04-21T06:50:20.435+0000] {dag.py:4180} INFO - Setting next_dagrun for example_python_operator to None, run_after=None
[2026-04-21T06:50:20.441+0000] {processor.py:208} INFO - Processing /home/airflow/.local/lib/python3.12/site-packages/airflow/example_dags/example_python_operator.py took 0.035 seconds
[2026-04-21T06:50:50.904+0000] {processor.py:186} INFO - Started process (PID=1100) to work on /home/airflow/.local/lib/python3.12/site-packages/airflow/example_dags/example_python_operator.py
[2026-04-21T06:50:50.905+0000] {processor.py:914} INFO - Processing file /home/airflow/.local/lib/python3.12/site-packages/airflow/example_dags/example_python_operator.py for tasks to queue
[2026-04-21T06:50:50.906+0000] {logging_mixin.py:190} INFO - [2026-04-21T06:50:50.906+0000] {dagbag.py:588} INFO - Filling up the DagBag from /home/airflow/.local/lib/python3.12/site-packages/airflow/example_dags/example_python_operator.py
[2026-04-21T06:50:50.912+0000] {processor.py:925} INFO - DAG(s) 'example_python_operator' retrieved from /home/airflow/.local/lib/python3.12/site-packages/airflow/example_dags/example_python_operator.py
[2026-04-21T06:50:50.924+0000] {logging_mixin.py:190} INFO - [2026-04-21T06:50:50.923+0000] {dag.py:3239} INFO - Sync 1 DAGs
[2026-04-21T06:50:50.928+0000] {logging_mixin.py:190} INFO - [2026-04-21T06:50:50.928+0000] {dag.py:4180} INFO - Setting next_dagrun for example_python_operator to None, run_after=None
[2026-04-21T06:50:50.937+0000] {processor.py:208} INFO - Processing /home/airflow/.local/lib/python3.12/site-packages/airflow/example_dags/example_python_operator.py took 0.036 seconds
