[2026-04-21T06:42:41.113+0000] {processor.py:186} INFO - Started process (PID=68) to work on /home/airflow/.local/lib/python3.12/site-packages/airflow/example_dags/example_bash_operator.py
[2026-04-21T06:42:41.113+0000] {processor.py:914} INFO - Processing file /home/airflow/.local/lib/python3.12/site-packages/airflow/example_dags/example_bash_operator.py for tasks to queue
[2026-04-21T06:42:41.114+0000] {logging_mixin.py:190} INFO - [2026-04-21T06:42:41.114+0000] {dagbag.py:588} INFO - Filling up the DagBag from /home/airflow/.local/lib/python3.12/site-packages/airflow/example_dags/example_bash_operator.py
[2026-04-21T06:42:41.119+0000] {processor.py:925} INFO - DAG(s) 'example_bash_operator' retrieved from /home/airflow/.local/lib/python3.12/site-packages/airflow/example_dags/example_bash_operator.py
[2026-04-21T06:42:41.129+0000] {logging_mixin.py:190} INFO - [2026-04-21T06:42:41.128+0000] {dag.py:3239} INFO - Sync 1 DAGs
[2026-04-21T06:42:41.137+0000] {logging_mixin.py:190} INFO - [2026-04-21T06:42:41.137+0000] {dag.py:4180} INFO - Setting next_dagrun for example_bash_operator to 2026-04-20 00:00:00+00:00, run_after=2026-04-21 00:00:00+00:00
[2026-04-21T06:42:41.143+0000] {processor.py:208} INFO - Processing /home/airflow/.local/lib/python3.12/site-packages/airflow/example_dags/example_bash_operator.py took 0.032 seconds
[2026-04-21T06:43:12.186+0000] {processor.py:186} INFO - Started process (PID=146) to work on /home/airflow/.local/lib/python3.12/site-packages/airflow/example_dags/example_bash_operator.py
[2026-04-21T06:43:12.188+0000] {processor.py:914} INFO - Processing file /home/airflow/.local/lib/python3.12/site-packages/airflow/example_dags/example_bash_operator.py for tasks to queue
[2026-04-21T06:43:12.191+0000] {logging_mixin.py:190} INFO - [2026-04-21T06:43:12.191+0000] {dagbag.py:588} INFO - Filling up the DagBag from /home/airflow/.local/lib/python3.12/site-packages/airflow/example_dags/example_bash_operator.py
[2026-04-21T06:43:12.208+0000] {processor.py:925} INFO - DAG(s) 'example_bash_operator' retrieved from /home/airflow/.local/lib/python3.12/site-packages/airflow/example_dags/example_bash_operator.py
[2026-04-21T06:43:12.227+0000] {logging_mixin.py:190} INFO - [2026-04-21T06:43:12.227+0000] {dag.py:3239} INFO - Sync 1 DAGs
[2026-04-21T06:43:12.241+0000] {logging_mixin.py:190} INFO - [2026-04-21T06:43:12.241+0000] {dag.py:4180} INFO - Setting next_dagrun for example_bash_operator to 2026-04-20 00:00:00+00:00, run_after=2026-04-21 00:00:00+00:00
[2026-04-21T06:43:12.250+0000] {processor.py:208} INFO - Processing /home/airflow/.local/lib/python3.12/site-packages/airflow/example_dags/example_bash_operator.py took 0.067 seconds
[2026-04-21T06:43:43.402+0000] {processor.py:186} INFO - Started process (PID=210) to work on /home/airflow/.local/lib/python3.12/site-packages/airflow/example_dags/example_bash_operator.py
[2026-04-21T06:43:43.403+0000] {processor.py:914} INFO - Processing file /home/airflow/.local/lib/python3.12/site-packages/airflow/example_dags/example_bash_operator.py for tasks to queue
[2026-04-21T06:43:43.403+0000] {logging_mixin.py:190} INFO - [2026-04-21T06:43:43.403+0000] {dagbag.py:588} INFO - Filling up the DagBag from /home/airflow/.local/lib/python3.12/site-packages/airflow/example_dags/example_bash_operator.py
[2026-04-21T06:43:43.409+0000] {processor.py:925} INFO - DAG(s) 'example_bash_operator' retrieved from /home/airflow/.local/lib/python3.12/site-packages/airflow/example_dags/example_bash_operator.py
[2026-04-21T06:43:43.421+0000] {logging_mixin.py:190} INFO - [2026-04-21T06:43:43.421+0000] {dag.py:3239} INFO - Sync 1 DAGs
[2026-04-21T06:43:43.430+0000] {logging_mixin.py:190} INFO - [2026-04-21T06:43:43.430+0000] {dag.py:4180} INFO - Setting next_dagrun for example_bash_operator to 2026-04-20 00:00:00+00:00, run_after=2026-04-21 00:00:00+00:00
[2026-04-21T06:43:43.439+0000] {processor.py:208} INFO - Processing /home/airflow/.local/lib/python3.12/site-packages/airflow/example_dags/example_bash_operator.py took 0.039 seconds
[2026-04-21T06:44:13.877+0000] {processor.py:186} INFO - Started process (PID=274) to work on /home/airflow/.local/lib/python3.12/site-packages/airflow/example_dags/example_bash_operator.py
[2026-04-21T06:44:13.877+0000] {processor.py:914} INFO - Processing file /home/airflow/.local/lib/python3.12/site-packages/airflow/example_dags/example_bash_operator.py for tasks to queue
[2026-04-21T06:44:13.879+0000] {logging_mixin.py:190} INFO - [2026-04-21T06:44:13.879+0000] {dagbag.py:588} INFO - Filling up the DagBag from /home/airflow/.local/lib/python3.12/site-packages/airflow/example_dags/example_bash_operator.py
[2026-04-21T06:44:13.885+0000] {processor.py:925} INFO - DAG(s) 'example_bash_operator' retrieved from /home/airflow/.local/lib/python3.12/site-packages/airflow/example_dags/example_bash_operator.py
[2026-04-21T06:44:13.896+0000] {logging_mixin.py:190} INFO - [2026-04-21T06:44:13.896+0000] {dag.py:3239} INFO - Sync 1 DAGs
[2026-04-21T06:44:13.905+0000] {logging_mixin.py:190} INFO - [2026-04-21T06:44:13.905+0000] {dag.py:4180} INFO - Setting next_dagrun for example_bash_operator to 2026-04-20 00:00:00+00:00, run_after=2026-04-21 00:00:00+00:00
[2026-04-21T06:44:13.917+0000] {processor.py:208} INFO - Processing /home/airflow/.local/lib/python3.12/site-packages/airflow/example_dags/example_bash_operator.py took 0.042 seconds
[2026-04-21T06:44:44.219+0000] {processor.py:186} INFO - Started process (PID=338) to work on /home/airflow/.local/lib/python3.12/site-packages/airflow/example_dags/example_bash_operator.py
[2026-04-21T06:44:44.220+0000] {processor.py:914} INFO - Processing file /home/airflow/.local/lib/python3.12/site-packages/airflow/example_dags/example_bash_operator.py for tasks to queue
[2026-04-21T06:44:44.221+0000] {logging_mixin.py:190} INFO - [2026-04-21T06:44:44.221+0000] {dagbag.py:588} INFO - Filling up the DagBag from /home/airflow/.local/lib/python3.12/site-packages/airflow/example_dags/example_bash_operator.py
[2026-04-21T06:44:44.225+0000] {processor.py:925} INFO - DAG(s) 'example_bash_operator' retrieved from /home/airflow/.local/lib/python3.12/site-packages/airflow/example_dags/example_bash_operator.py
[2026-04-21T06:44:44.236+0000] {logging_mixin.py:190} INFO - [2026-04-21T06:44:44.236+0000] {dag.py:3239} INFO - Sync 1 DAGs
[2026-04-21T06:44:44.244+0000] {logging_mixin.py:190} INFO - [2026-04-21T06:44:44.244+0000] {dag.py:4180} INFO - Setting next_dagrun for example_bash_operator to 2026-04-20 00:00:00+00:00, run_after=2026-04-21 00:00:00+00:00
[2026-04-21T06:44:44.251+0000] {processor.py:208} INFO - Processing /home/airflow/.local/lib/python3.12/site-packages/airflow/example_dags/example_bash_operator.py took 0.034 seconds
[2026-04-21T06:45:14.586+0000] {processor.py:186} INFO - Started process (PID=402) to work on /home/airflow/.local/lib/python3.12/site-packages/airflow/example_dags/example_bash_operator.py
[2026-04-21T06:45:14.587+0000] {processor.py:914} INFO - Processing file /home/airflow/.local/lib/python3.12/site-packages/airflow/example_dags/example_bash_operator.py for tasks to queue
[2026-04-21T06:45:14.588+0000] {logging_mixin.py:190} INFO - [2026-04-21T06:45:14.588+0000] {dagbag.py:588} INFO - Filling up the DagBag from /home/airflow/.local/lib/python3.12/site-packages/airflow/example_dags/example_bash_operator.py
[2026-04-21T06:45:14.596+0000] {processor.py:925} INFO - DAG(s) 'example_bash_operator' retrieved from /home/airflow/.local/lib/python3.12/site-packages/airflow/example_dags/example_bash_operator.py
[2026-04-21T06:45:14.610+0000] {logging_mixin.py:190} INFO - [2026-04-21T06:45:14.610+0000] {dag.py:3239} INFO - Sync 1 DAGs
[2026-04-21T06:45:14.621+0000] {logging_mixin.py:190} INFO - [2026-04-21T06:45:14.621+0000] {dag.py:4180} INFO - Setting next_dagrun for example_bash_operator to 2026-04-20 00:00:00+00:00, run_after=2026-04-21 00:00:00+00:00
[2026-04-21T06:45:14.627+0000] {processor.py:208} INFO - Processing /home/airflow/.local/lib/python3.12/site-packages/airflow/example_dags/example_bash_operator.py took 0.044 seconds
[2026-04-21T06:45:45.092+0000] {processor.py:186} INFO - Started process (PID=466) to work on /home/airflow/.local/lib/python3.12/site-packages/airflow/example_dags/example_bash_operator.py
[2026-04-21T06:45:45.092+0000] {processor.py:914} INFO - Processing file /home/airflow/.local/lib/python3.12/site-packages/airflow/example_dags/example_bash_operator.py for tasks to queue
[2026-04-21T06:45:45.093+0000] {logging_mixin.py:190} INFO - [2026-04-21T06:45:45.093+0000] {dagbag.py:588} INFO - Filling up the DagBag from /home/airflow/.local/lib/python3.12/site-packages/airflow/example_dags/example_bash_operator.py
[2026-04-21T06:45:45.099+0000] {processor.py:925} INFO - DAG(s) 'example_bash_operator' retrieved from /home/airflow/.local/lib/python3.12/site-packages/airflow/example_dags/example_bash_operator.py
[2026-04-21T06:45:45.109+0000] {logging_mixin.py:190} INFO - [2026-04-21T06:45:45.109+0000] {dag.py:3239} INFO - Sync 1 DAGs
[2026-04-21T06:45:45.119+0000] {logging_mixin.py:190} INFO - [2026-04-21T06:45:45.119+0000] {dag.py:4180} INFO - Setting next_dagrun for example_bash_operator to 2026-04-20 00:00:00+00:00, run_after=2026-04-21 00:00:00+00:00
[2026-04-21T06:45:45.129+0000] {processor.py:208} INFO - Processing /home/airflow/.local/lib/python3.12/site-packages/airflow/example_dags/example_bash_operator.py took 0.040 seconds
[2026-04-21T06:46:15.543+0000] {processor.py:186} INFO - Started process (PID=530) to work on /home/airflow/.local/lib/python3.12/site-packages/airflow/example_dags/example_bash_operator.py
[2026-04-21T06:46:15.544+0000] {processor.py:914} INFO - Processing file /home/airflow/.local/lib/python3.12/site-packages/airflow/example_dags/example_bash_operator.py for tasks to queue
[2026-04-21T06:46:15.547+0000] {logging_mixin.py:190} INFO - [2026-04-21T06:46:15.547+0000] {dagbag.py:588} INFO - Filling up the DagBag from /home/airflow/.local/lib/python3.12/site-packages/airflow/example_dags/example_bash_operator.py
[2026-04-21T06:46:15.552+0000] {processor.py:925} INFO - DAG(s) 'example_bash_operator' retrieved from /home/airflow/.local/lib/python3.12/site-packages/airflow/example_dags/example_bash_operator.py
[2026-04-21T06:46:15.566+0000] {logging_mixin.py:190} INFO - [2026-04-21T06:46:15.566+0000] {dag.py:3239} INFO - Sync 1 DAGs
[2026-04-21T06:46:15.574+0000] {logging_mixin.py:190} INFO - [2026-04-21T06:46:15.574+0000] {dag.py:4180} INFO - Setting next_dagrun for example_bash_operator to 2026-04-20 00:00:00+00:00, run_after=2026-04-21 00:00:00+00:00
[2026-04-21T06:46:15.579+0000] {processor.py:208} INFO - Processing /home/airflow/.local/lib/python3.12/site-packages/airflow/example_dags/example_bash_operator.py took 0.038 seconds
[2026-04-21T06:46:45.849+0000] {processor.py:186} INFO - Started process (PID=594) to work on /home/airflow/.local/lib/python3.12/site-packages/airflow/example_dags/example_bash_operator.py
[2026-04-21T06:46:45.852+0000] {processor.py:914} INFO - Processing file /home/airflow/.local/lib/python3.12/site-packages/airflow/example_dags/example_bash_operator.py for tasks to queue
[2026-04-21T06:46:45.853+0000] {logging_mixin.py:190} INFO - [2026-04-21T06:46:45.853+0000] {dagbag.py:588} INFO - Filling up the DagBag from /home/airflow/.local/lib/python3.12/site-packages/airflow/example_dags/example_bash_operator.py
[2026-04-21T06:46:45.859+0000] {processor.py:925} INFO - DAG(s) 'example_bash_operator' retrieved from /home/airflow/.local/lib/python3.12/site-packages/airflow/example_dags/example_bash_operator.py
[2026-04-21T06:46:45.870+0000] {logging_mixin.py:190} INFO - [2026-04-21T06:46:45.870+0000] {dag.py:3239} INFO - Sync 1 DAGs
[2026-04-21T06:46:45.879+0000] {logging_mixin.py:190} INFO - [2026-04-21T06:46:45.879+0000] {dag.py:4180} INFO - Setting next_dagrun for example_bash_operator to 2026-04-20 00:00:00+00:00, run_after=2026-04-21 00:00:00+00:00
[2026-04-21T06:46:45.888+0000] {processor.py:208} INFO - Processing /home/airflow/.local/lib/python3.12/site-packages/airflow/example_dags/example_bash_operator.py took 0.041 seconds
[2026-04-21T06:47:16.997+0000] {processor.py:186} INFO - Started process (PID=658) to work on /home/airflow/.local/lib/python3.12/site-packages/airflow/example_dags/example_bash_operator.py
[2026-04-21T06:47:16.998+0000] {processor.py:914} INFO - Processing file /home/airflow/.local/lib/python3.12/site-packages/airflow/example_dags/example_bash_operator.py for tasks to queue
[2026-04-21T06:47:16.999+0000] {logging_mixin.py:190} INFO - [2026-04-21T06:47:16.999+0000] {dagbag.py:588} INFO - Filling up the DagBag from /home/airflow/.local/lib/python3.12/site-packages/airflow/example_dags/example_bash_operator.py
[2026-04-21T06:47:17.004+0000] {processor.py:925} INFO - DAG(s) 'example_bash_operator' retrieved from /home/airflow/.local/lib/python3.12/site-packages/airflow/example_dags/example_bash_operator.py
[2026-04-21T06:47:17.013+0000] {logging_mixin.py:190} INFO - [2026-04-21T06:47:17.013+0000] {dag.py:3239} INFO - Sync 1 DAGs
[2026-04-21T06:47:17.021+0000] {logging_mixin.py:190} INFO - [2026-04-21T06:47:17.021+0000] {dag.py:4180} INFO - Setting next_dagrun for example_bash_operator to 2026-04-20 00:00:00+00:00, run_after=2026-04-21 00:00:00+00:00
[2026-04-21T06:47:17.030+0000] {processor.py:208} INFO - Processing /home/airflow/.local/lib/python3.12/site-packages/airflow/example_dags/example_bash_operator.py took 0.035 seconds
[2026-04-21T06:47:47.306+0000] {processor.py:186} INFO - Started process (PID=722) to work on /home/airflow/.local/lib/python3.12/site-packages/airflow/example_dags/example_bash_operator.py
[2026-04-21T06:47:47.307+0000] {processor.py:914} INFO - Processing file /home/airflow/.local/lib/python3.12/site-packages/airflow/example_dags/example_bash_operator.py for tasks to queue
[2026-04-21T06:47:47.308+0000] {logging_mixin.py:190} INFO - [2026-04-21T06:47:47.308+0000] {dagbag.py:588} INFO - Filling up the DagBag from /home/airflow/.local/lib/python3.12/site-packages/airflow/example_dags/example_bash_operator.py
[2026-04-21T06:47:47.316+0000] {processor.py:925} INFO - DAG(s) 'example_bash_operator' retrieved from /home/airflow/.local/lib/python3.12/site-packages/airflow/example_dags/example_bash_operator.py
[2026-04-21T06:47:47.329+0000] {logging_mixin.py:190} INFO - [2026-04-21T06:47:47.329+0000] {dag.py:3239} INFO - Sync 1 DAGs
[2026-04-21T06:47:47.338+0000] {logging_mixin.py:190} INFO - [2026-04-21T06:47:47.338+0000] {dag.py:4180} INFO - Setting next_dagrun for example_bash_operator to 2026-04-20 00:00:00+00:00, run_after=2026-04-21 00:00:00+00:00
[2026-04-21T06:47:47.344+0000] {processor.py:208} INFO - Processing /home/airflow/.local/lib/python3.12/site-packages/airflow/example_dags/example_bash_operator.py took 0.040 seconds
[2026-04-21T06:48:18.585+0000] {processor.py:186} INFO - Started process (PID=786) to work on /home/airflow/.local/lib/python3.12/site-packages/airflow/example_dags/example_bash_operator.py
[2026-04-21T06:48:18.586+0000] {processor.py:914} INFO - Processing file /home/airflow/.local/lib/python3.12/site-packages/airflow/example_dags/example_bash_operator.py for tasks to queue
[2026-04-21T06:48:18.587+0000] {logging_mixin.py:190} INFO - [2026-04-21T06:48:18.587+0000] {dagbag.py:588} INFO - Filling up the DagBag from /home/airflow/.local/lib/python3.12/site-packages/airflow/example_dags/example_bash_operator.py
[2026-04-21T06:48:18.592+0000] {processor.py:925} INFO - DAG(s) 'example_bash_operator' retrieved from /home/airflow/.local/lib/python3.12/site-packages/airflow/example_dags/example_bash_operator.py
[2026-04-21T06:48:18.606+0000] {logging_mixin.py:190} INFO - [2026-04-21T06:48:18.606+0000] {dag.py:3239} INFO - Sync 1 DAGs
[2026-04-21T06:48:18.614+0000] {logging_mixin.py:190} INFO - [2026-04-21T06:48:18.614+0000] {dag.py:4180} INFO - Setting next_dagrun for example_bash_operator to 2026-04-20 00:00:00+00:00, run_after=2026-04-21 00:00:00+00:00
[2026-04-21T06:48:18.619+0000] {processor.py:208} INFO - Processing /home/airflow/.local/lib/python3.12/site-packages/airflow/example_dags/example_bash_operator.py took 0.036 seconds
[2026-04-21T06:48:49.108+0000] {processor.py:186} INFO - Started process (PID=850) to work on /home/airflow/.local/lib/python3.12/site-packages/airflow/example_dags/example_bash_operator.py
[2026-04-21T06:48:49.108+0000] {processor.py:914} INFO - Processing file /home/airflow/.local/lib/python3.12/site-packages/airflow/example_dags/example_bash_operator.py for tasks to queue
[2026-04-21T06:48:49.110+0000] {logging_mixin.py:190} INFO - [2026-04-21T06:48:49.109+0000] {dagbag.py:588} INFO - Filling up the DagBag from /home/airflow/.local/lib/python3.12/site-packages/airflow/example_dags/example_bash_operator.py
[2026-04-21T06:48:49.117+0000] {processor.py:925} INFO - DAG(s) 'example_bash_operator' retrieved from /home/airflow/.local/lib/python3.12/site-packages/airflow/example_dags/example_bash_operator.py
[2026-04-21T06:48:49.133+0000] {logging_mixin.py:190} INFO - [2026-04-21T06:48:49.132+0000] {dag.py:3239} INFO - Sync 1 DAGs
[2026-04-21T06:48:49.144+0000] {logging_mixin.py:190} INFO - [2026-04-21T06:48:49.144+0000] {dag.py:4180} INFO - Setting next_dagrun for example_bash_operator to 2026-04-20 00:00:00+00:00, run_after=2026-04-21 00:00:00+00:00
[2026-04-21T06:48:49.150+0000] {processor.py:208} INFO - Processing /home/airflow/.local/lib/python3.12/site-packages/airflow/example_dags/example_bash_operator.py took 0.045 seconds
[2026-04-21T06:49:19.775+0000] {processor.py:186} INFO - Started process (PID=914) to work on /home/airflow/.local/lib/python3.12/site-packages/airflow/example_dags/example_bash_operator.py
[2026-04-21T06:49:19.776+0000] {processor.py:914} INFO - Processing file /home/airflow/.local/lib/python3.12/site-packages/airflow/example_dags/example_bash_operator.py for tasks to queue
[2026-04-21T06:49:19.777+0000] {logging_mixin.py:190} INFO - [2026-04-21T06:49:19.777+0000] {dagbag.py:588} INFO - Filling up the DagBag from /home/airflow/.local/lib/python3.12/site-packages/airflow/example_dags/example_bash_operator.py
[2026-04-21T06:49:19.783+0000] {processor.py:925} INFO - DAG(s) 'example_bash_operator' retrieved from /home/airflow/.local/lib/python3.12/site-packages/airflow/example_dags/example_bash_operator.py
[2026-04-21T06:49:19.795+0000] {logging_mixin.py:190} INFO - [2026-04-21T06:49:19.795+0000] {dag.py:3239} INFO - Sync 1 DAGs
[2026-04-21T06:49:19.803+0000] {logging_mixin.py:190} INFO - [2026-04-21T06:49:19.803+0000] {dag.py:4180} INFO - Setting next_dagrun for example_bash_operator to 2026-04-20 00:00:00+00:00, run_after=2026-04-21 00:00:00+00:00
[2026-04-21T06:49:19.811+0000] {processor.py:208} INFO - Processing /home/airflow/.local/lib/python3.12/site-packages/airflow/example_dags/example_bash_operator.py took 0.038 seconds
[2026-04-21T06:49:50.228+0000] {processor.py:186} INFO - Started process (PID=978) to work on /home/airflow/.local/lib/python3.12/site-packages/airflow/example_dags/example_bash_operator.py
[2026-04-21T06:49:50.228+0000] {processor.py:914} INFO - Processing file /home/airflow/.local/lib/python3.12/site-packages/airflow/example_dags/example_bash_operator.py for tasks to queue
[2026-04-21T06:49:50.230+0000] {logging_mixin.py:190} INFO - [2026-04-21T06:49:50.229+0000] {dagbag.py:588} INFO - Filling up the DagBag from /home/airflow/.local/lib/python3.12/site-packages/airflow/example_dags/example_bash_operator.py
[2026-04-21T06:49:50.236+0000] {processor.py:925} INFO - DAG(s) 'example_bash_operator' retrieved from /home/airflow/.local/lib/python3.12/site-packages/airflow/example_dags/example_bash_operator.py
[2026-04-21T06:49:50.245+0000] {logging_mixin.py:190} INFO - [2026-04-21T06:49:50.244+0000] {dag.py:3239} INFO - Sync 1 DAGs
[2026-04-21T06:49:50.252+0000] {logging_mixin.py:190} INFO - [2026-04-21T06:49:50.252+0000] {dag.py:4180} INFO - Setting next_dagrun for example_bash_operator to 2026-04-20 00:00:00+00:00, run_after=2026-04-21 00:00:00+00:00
[2026-04-21T06:49:50.261+0000] {processor.py:208} INFO - Processing /home/airflow/.local/lib/python3.12/site-packages/airflow/example_dags/example_bash_operator.py took 0.036 seconds
[2026-04-21T06:50:20.742+0000] {processor.py:186} INFO - Started process (PID=1042) to work on /home/airflow/.local/lib/python3.12/site-packages/airflow/example_dags/example_bash_operator.py
[2026-04-21T06:50:20.743+0000] {processor.py:914} INFO - Processing file /home/airflow/.local/lib/python3.12/site-packages/airflow/example_dags/example_bash_operator.py for tasks to queue
[2026-04-21T06:50:20.745+0000] {logging_mixin.py:190} INFO - [2026-04-21T06:50:20.745+0000] {dagbag.py:588} INFO - Filling up the DagBag from /home/airflow/.local/lib/python3.12/site-packages/airflow/example_dags/example_bash_operator.py
[2026-04-21T06:50:20.751+0000] {processor.py:925} INFO - DAG(s) 'example_bash_operator' retrieved from /home/airflow/.local/lib/python3.12/site-packages/airflow/example_dags/example_bash_operator.py
[2026-04-21T06:50:20.762+0000] {logging_mixin.py:190} INFO - [2026-04-21T06:50:20.762+0000] {dag.py:3239} INFO - Sync 1 DAGs
[2026-04-21T06:50:20.771+0000] {logging_mixin.py:190} INFO - [2026-04-21T06:50:20.771+0000] {dag.py:4180} INFO - Setting next_dagrun for example_bash_operator to 2026-04-20 00:00:00+00:00, run_after=2026-04-21 00:00:00+00:00
[2026-04-21T06:50:20.780+0000] {processor.py:208} INFO - Processing /home/airflow/.local/lib/python3.12/site-packages/airflow/example_dags/example_bash_operator.py took 0.040 seconds
[2026-04-21T06:50:51.242+0000] {processor.py:186} INFO - Started process (PID=1106) to work on /home/airflow/.local/lib/python3.12/site-packages/airflow/example_dags/example_bash_operator.py
[2026-04-21T06:50:51.242+0000] {processor.py:914} INFO - Processing file /home/airflow/.local/lib/python3.12/site-packages/airflow/example_dags/example_bash_operator.py for tasks to queue
[2026-04-21T06:50:51.244+0000] {logging_mixin.py:190} INFO - [2026-04-21T06:50:51.244+0000] {dagbag.py:588} INFO - Filling up the DagBag from /home/airflow/.local/lib/python3.12/site-packages/airflow/example_dags/example_bash_operator.py
[2026-04-21T06:50:51.251+0000] {processor.py:925} INFO - DAG(s) 'example_bash_operator' retrieved from /home/airflow/.local/lib/python3.12/site-packages/airflow/example_dags/example_bash_operator.py
[2026-04-21T06:50:51.264+0000] {logging_mixin.py:190} INFO - [2026-04-21T06:50:51.264+0000] {dag.py:3239} INFO - Sync 1 DAGs
[2026-04-21T06:50:51.275+0000] {logging_mixin.py:190} INFO - [2026-04-21T06:50:51.275+0000] {dag.py:4180} INFO - Setting next_dagrun for example_bash_operator to 2026-04-20 00:00:00+00:00, run_after=2026-04-21 00:00:00+00:00
[2026-04-21T06:50:51.281+0000] {processor.py:208} INFO - Processing /home/airflow/.local/lib/python3.12/site-packages/airflow/example_dags/example_bash_operator.py took 0.042 seconds
