[2026-04-21T06:42:42.016+0000] {processor.py:186} INFO - Started process (PID=91) to work on /home/airflow/.local/lib/python3.12/site-packages/airflow/example_dags/example_params_ui_tutorial.py
[2026-04-21T06:42:42.016+0000] {processor.py:914} INFO - Processing file /home/airflow/.local/lib/python3.12/site-packages/airflow/example_dags/example_params_ui_tutorial.py for tasks to queue
[2026-04-21T06:42:42.018+0000] {logging_mixin.py:190} INFO - [2026-04-21T06:42:42.018+0000] {dagbag.py:588} INFO - Filling up the DagBag from /home/airflow/.local/lib/python3.12/site-packages/airflow/example_dags/example_params_ui_tutorial.py
[2026-04-21T06:42:42.022+0000] {processor.py:925} INFO - DAG(s) 'example_params_ui_tutorial' retrieved from /home/airflow/.local/lib/python3.12/site-packages/airflow/example_dags/example_params_ui_tutorial.py
[2026-04-21T06:42:42.083+0000] {logging_mixin.py:190} INFO - [2026-04-21T06:42:42.083+0000] {dag.py:3239} INFO - Sync 1 DAGs
[2026-04-21T06:42:42.088+0000] {logging_mixin.py:190} INFO - [2026-04-21T06:42:42.088+0000] {dag.py:4180} INFO - Setting next_dagrun for example_params_ui_tutorial to None, run_after=None
[2026-04-21T06:42:42.100+0000] {processor.py:208} INFO - Processing /home/airflow/.local/lib/python3.12/site-packages/airflow/example_dags/example_params_ui_tutorial.py took 0.087 seconds
[2026-04-21T06:43:12.734+0000] {processor.py:186} INFO - Started process (PID=163) to work on /home/airflow/.local/lib/python3.12/site-packages/airflow/example_dags/example_params_ui_tutorial.py
[2026-04-21T06:43:12.734+0000] {processor.py:914} INFO - Processing file /home/airflow/.local/lib/python3.12/site-packages/airflow/example_dags/example_params_ui_tutorial.py for tasks to queue
[2026-04-21T06:43:12.735+0000] {logging_mixin.py:190} INFO - [2026-04-21T06:43:12.735+0000] {dagbag.py:588} INFO - Filling up the DagBag from /home/airflow/.local/lib/python3.12/site-packages/airflow/example_dags/example_params_ui_tutorial.py
[2026-04-21T06:43:12.739+0000] {processor.py:925} INFO - DAG(s) 'example_params_ui_tutorial' retrieved from /home/airflow/.local/lib/python3.12/site-packages/airflow/example_dags/example_params_ui_tutorial.py
[2026-04-21T06:43:12.753+0000] {logging_mixin.py:190} INFO - [2026-04-21T06:43:12.753+0000] {dag.py:3239} INFO - Sync 1 DAGs
[2026-04-21T06:43:12.759+0000] {logging_mixin.py:190} INFO - [2026-04-21T06:43:12.759+0000] {dag.py:4180} INFO - Setting next_dagrun for example_params_ui_tutorial to None, run_after=None
[2026-04-21T06:43:12.767+0000] {processor.py:208} INFO - Processing /home/airflow/.local/lib/python3.12/site-packages/airflow/example_dags/example_params_ui_tutorial.py took 0.036 seconds
[2026-04-21T06:43:43.869+0000] {processor.py:186} INFO - Started process (PID=227) to work on /home/airflow/.local/lib/python3.12/site-packages/airflow/example_dags/example_params_ui_tutorial.py
[2026-04-21T06:43:43.870+0000] {processor.py:914} INFO - Processing file /home/airflow/.local/lib/python3.12/site-packages/airflow/example_dags/example_params_ui_tutorial.py for tasks to queue
[2026-04-21T06:43:43.870+0000] {logging_mixin.py:190} INFO - [2026-04-21T06:43:43.870+0000] {dagbag.py:588} INFO - Filling up the DagBag from /home/airflow/.local/lib/python3.12/site-packages/airflow/example_dags/example_params_ui_tutorial.py
[2026-04-21T06:43:43.876+0000] {processor.py:925} INFO - DAG(s) 'example_params_ui_tutorial' retrieved from /home/airflow/.local/lib/python3.12/site-packages/airflow/example_dags/example_params_ui_tutorial.py
[2026-04-21T06:43:43.891+0000] {logging_mixin.py:190} INFO - [2026-04-21T06:43:43.891+0000] {dag.py:3239} INFO - Sync 1 DAGs
[2026-04-21T06:43:43.898+0000] {logging_mixin.py:190} INFO - [2026-04-21T06:43:43.898+0000] {dag.py:4180} INFO - Setting next_dagrun for example_params_ui_tutorial to None, run_after=None
[2026-04-21T06:43:43.909+0000] {processor.py:208} INFO - Processing /home/airflow/.local/lib/python3.12/site-packages/airflow/example_dags/example_params_ui_tutorial.py took 0.043 seconds
[2026-04-21T06:44:14.421+0000] {processor.py:186} INFO - Started process (PID=291) to work on /home/airflow/.local/lib/python3.12/site-packages/airflow/example_dags/example_params_ui_tutorial.py
[2026-04-21T06:44:14.421+0000] {processor.py:914} INFO - Processing file /home/airflow/.local/lib/python3.12/site-packages/airflow/example_dags/example_params_ui_tutorial.py for tasks to queue
[2026-04-21T06:44:14.422+0000] {logging_mixin.py:190} INFO - [2026-04-21T06:44:14.422+0000] {dagbag.py:588} INFO - Filling up the DagBag from /home/airflow/.local/lib/python3.12/site-packages/airflow/example_dags/example_params_ui_tutorial.py
[2026-04-21T06:44:14.425+0000] {processor.py:925} INFO - DAG(s) 'example_params_ui_tutorial' retrieved from /home/airflow/.local/lib/python3.12/site-packages/airflow/example_dags/example_params_ui_tutorial.py
[2026-04-21T06:44:14.439+0000] {logging_mixin.py:190} INFO - [2026-04-21T06:44:14.439+0000] {dag.py:3239} INFO - Sync 1 DAGs
[2026-04-21T06:44:14.444+0000] {logging_mixin.py:190} INFO - [2026-04-21T06:44:14.444+0000] {dag.py:4180} INFO - Setting next_dagrun for example_params_ui_tutorial to None, run_after=None
[2026-04-21T06:44:14.449+0000] {processor.py:208} INFO - Processing /home/airflow/.local/lib/python3.12/site-packages/airflow/example_dags/example_params_ui_tutorial.py took 0.031 seconds
[2026-04-21T06:44:44.748+0000] {processor.py:186} INFO - Started process (PID=355) to work on /home/airflow/.local/lib/python3.12/site-packages/airflow/example_dags/example_params_ui_tutorial.py
[2026-04-21T06:44:44.749+0000] {processor.py:914} INFO - Processing file /home/airflow/.local/lib/python3.12/site-packages/airflow/example_dags/example_params_ui_tutorial.py for tasks to queue
[2026-04-21T06:44:44.750+0000] {logging_mixin.py:190} INFO - [2026-04-21T06:44:44.750+0000] {dagbag.py:588} INFO - Filling up the DagBag from /home/airflow/.local/lib/python3.12/site-packages/airflow/example_dags/example_params_ui_tutorial.py
[2026-04-21T06:44:44.754+0000] {processor.py:925} INFO - DAG(s) 'example_params_ui_tutorial' retrieved from /home/airflow/.local/lib/python3.12/site-packages/airflow/example_dags/example_params_ui_tutorial.py
[2026-04-21T06:44:44.770+0000] {logging_mixin.py:190} INFO - [2026-04-21T06:44:44.769+0000] {dag.py:3239} INFO - Sync 1 DAGs
[2026-04-21T06:44:44.776+0000] {logging_mixin.py:190} INFO - [2026-04-21T06:44:44.776+0000] {dag.py:4180} INFO - Setting next_dagrun for example_params_ui_tutorial to None, run_after=None
[2026-04-21T06:44:44.783+0000] {processor.py:208} INFO - Processing /home/airflow/.local/lib/python3.12/site-packages/airflow/example_dags/example_params_ui_tutorial.py took 0.039 seconds
[2026-04-21T06:45:15.084+0000] {processor.py:186} INFO - Started process (PID=419) to work on /home/airflow/.local/lib/python3.12/site-packages/airflow/example_dags/example_params_ui_tutorial.py
[2026-04-21T06:45:15.085+0000] {processor.py:914} INFO - Processing file /home/airflow/.local/lib/python3.12/site-packages/airflow/example_dags/example_params_ui_tutorial.py for tasks to queue
[2026-04-21T06:45:15.086+0000] {logging_mixin.py:190} INFO - [2026-04-21T06:45:15.086+0000] {dagbag.py:588} INFO - Filling up the DagBag from /home/airflow/.local/lib/python3.12/site-packages/airflow/example_dags/example_params_ui_tutorial.py
[2026-04-21T06:45:15.090+0000] {processor.py:925} INFO - DAG(s) 'example_params_ui_tutorial' retrieved from /home/airflow/.local/lib/python3.12/site-packages/airflow/example_dags/example_params_ui_tutorial.py
[2026-04-21T06:45:15.106+0000] {logging_mixin.py:190} INFO - [2026-04-21T06:45:15.106+0000] {dag.py:3239} INFO - Sync 1 DAGs
[2026-04-21T06:45:15.112+0000] {logging_mixin.py:190} INFO - [2026-04-21T06:45:15.112+0000] {dag.py:4180} INFO - Setting next_dagrun for example_params_ui_tutorial to None, run_after=None
[2026-04-21T06:45:15.119+0000] {processor.py:208} INFO - Processing /home/airflow/.local/lib/python3.12/site-packages/airflow/example_dags/example_params_ui_tutorial.py took 0.038 seconds
[2026-04-21T06:45:45.649+0000] {processor.py:186} INFO - Started process (PID=483) to work on /home/airflow/.local/lib/python3.12/site-packages/airflow/example_dags/example_params_ui_tutorial.py
[2026-04-21T06:45:45.649+0000] {processor.py:914} INFO - Processing file /home/airflow/.local/lib/python3.12/site-packages/airflow/example_dags/example_params_ui_tutorial.py for tasks to queue
[2026-04-21T06:45:45.650+0000] {logging_mixin.py:190} INFO - [2026-04-21T06:45:45.650+0000] {dagbag.py:588} INFO - Filling up the DagBag from /home/airflow/.local/lib/python3.12/site-packages/airflow/example_dags/example_params_ui_tutorial.py
[2026-04-21T06:45:45.653+0000] {processor.py:925} INFO - DAG(s) 'example_params_ui_tutorial' retrieved from /home/airflow/.local/lib/python3.12/site-packages/airflow/example_dags/example_params_ui_tutorial.py
[2026-04-21T06:45:45.666+0000] {logging_mixin.py:190} INFO - [2026-04-21T06:45:45.666+0000] {dag.py:3239} INFO - Sync 1 DAGs
[2026-04-21T06:45:45.671+0000] {logging_mixin.py:190} INFO - [2026-04-21T06:45:45.671+0000] {dag.py:4180} INFO - Setting next_dagrun for example_params_ui_tutorial to None, run_after=None
[2026-04-21T06:45:45.676+0000] {processor.py:208} INFO - Processing /home/airflow/.local/lib/python3.12/site-packages/airflow/example_dags/example_params_ui_tutorial.py took 0.029 seconds
[2026-04-21T06:46:16.076+0000] {processor.py:186} INFO - Started process (PID=547) to work on /home/airflow/.local/lib/python3.12/site-packages/airflow/example_dags/example_params_ui_tutorial.py
[2026-04-21T06:46:16.077+0000] {processor.py:914} INFO - Processing file /home/airflow/.local/lib/python3.12/site-packages/airflow/example_dags/example_params_ui_tutorial.py for tasks to queue
[2026-04-21T06:46:16.080+0000] {logging_mixin.py:190} INFO - [2026-04-21T06:46:16.080+0000] {dagbag.py:588} INFO - Filling up the DagBag from /home/airflow/.local/lib/python3.12/site-packages/airflow/example_dags/example_params_ui_tutorial.py
[2026-04-21T06:46:16.086+0000] {processor.py:925} INFO - DAG(s) 'example_params_ui_tutorial' retrieved from /home/airflow/.local/lib/python3.12/site-packages/airflow/example_dags/example_params_ui_tutorial.py
[2026-04-21T06:46:16.103+0000] {logging_mixin.py:190} INFO - [2026-04-21T06:46:16.103+0000] {dag.py:3239} INFO - Sync 1 DAGs
[2026-04-21T06:46:16.109+0000] {logging_mixin.py:190} INFO - [2026-04-21T06:46:16.109+0000] {dag.py:4180} INFO - Setting next_dagrun for example_params_ui_tutorial to None, run_after=None
[2026-04-21T06:46:16.125+0000] {processor.py:208} INFO - Processing /home/airflow/.local/lib/python3.12/site-packages/airflow/example_dags/example_params_ui_tutorial.py took 0.051 seconds
[2026-04-21T06:46:46.305+0000] {processor.py:186} INFO - Started process (PID=611) to work on /home/airflow/.local/lib/python3.12/site-packages/airflow/example_dags/example_params_ui_tutorial.py
[2026-04-21T06:46:46.307+0000] {processor.py:914} INFO - Processing file /home/airflow/.local/lib/python3.12/site-packages/airflow/example_dags/example_params_ui_tutorial.py for tasks to queue
[2026-04-21T06:46:46.308+0000] {logging_mixin.py:190} INFO - [2026-04-21T06:46:46.308+0000] {dagbag.py:588} INFO - Filling up the DagBag from /home/airflow/.local/lib/python3.12/site-packages/airflow/example_dags/example_params_ui_tutorial.py
[2026-04-21T06:46:46.311+0000] {processor.py:925} INFO - DAG(s) 'example_params_ui_tutorial' retrieved from /home/airflow/.local/lib/python3.12/site-packages/airflow/example_dags/example_params_ui_tutorial.py
[2026-04-21T06:46:46.327+0000] {logging_mixin.py:190} INFO - [2026-04-21T06:46:46.327+0000] {dag.py:3239} INFO - Sync 1 DAGs
[2026-04-21T06:46:46.333+0000] {logging_mixin.py:190} INFO - [2026-04-21T06:46:46.333+0000] {dag.py:4180} INFO - Setting next_dagrun for example_params_ui_tutorial to None, run_after=None
[2026-04-21T06:46:46.340+0000] {processor.py:208} INFO - Processing /home/airflow/.local/lib/python3.12/site-packages/airflow/example_dags/example_params_ui_tutorial.py took 0.037 seconds
[2026-04-21T06:47:17.561+0000] {processor.py:186} INFO - Started process (PID=675) to work on /home/airflow/.local/lib/python3.12/site-packages/airflow/example_dags/example_params_ui_tutorial.py
[2026-04-21T06:47:17.562+0000] {processor.py:914} INFO - Processing file /home/airflow/.local/lib/python3.12/site-packages/airflow/example_dags/example_params_ui_tutorial.py for tasks to queue
[2026-04-21T06:47:17.563+0000] {logging_mixin.py:190} INFO - [2026-04-21T06:47:17.562+0000] {dagbag.py:588} INFO - Filling up the DagBag from /home/airflow/.local/lib/python3.12/site-packages/airflow/example_dags/example_params_ui_tutorial.py
[2026-04-21T06:47:17.566+0000] {processor.py:925} INFO - DAG(s) 'example_params_ui_tutorial' retrieved from /home/airflow/.local/lib/python3.12/site-packages/airflow/example_dags/example_params_ui_tutorial.py
[2026-04-21T06:47:17.581+0000] {logging_mixin.py:190} INFO - [2026-04-21T06:47:17.581+0000] {dag.py:3239} INFO - Sync 1 DAGs
[2026-04-21T06:47:17.587+0000] {logging_mixin.py:190} INFO - [2026-04-21T06:47:17.587+0000] {dag.py:4180} INFO - Setting next_dagrun for example_params_ui_tutorial to None, run_after=None
[2026-04-21T06:47:17.598+0000] {processor.py:208} INFO - Processing /home/airflow/.local/lib/python3.12/site-packages/airflow/example_dags/example_params_ui_tutorial.py took 0.039 seconds
[2026-04-21T06:47:47.784+0000] {processor.py:186} INFO - Started process (PID=739) to work on /home/airflow/.local/lib/python3.12/site-packages/airflow/example_dags/example_params_ui_tutorial.py
[2026-04-21T06:47:47.786+0000] {processor.py:914} INFO - Processing file /home/airflow/.local/lib/python3.12/site-packages/airflow/example_dags/example_params_ui_tutorial.py for tasks to queue
[2026-04-21T06:47:47.787+0000] {logging_mixin.py:190} INFO - [2026-04-21T06:47:47.787+0000] {dagbag.py:588} INFO - Filling up the DagBag from /home/airflow/.local/lib/python3.12/site-packages/airflow/example_dags/example_params_ui_tutorial.py
[2026-04-21T06:47:47.790+0000] {processor.py:925} INFO - DAG(s) 'example_params_ui_tutorial' retrieved from /home/airflow/.local/lib/python3.12/site-packages/airflow/example_dags/example_params_ui_tutorial.py
[2026-04-21T06:47:47.810+0000] {logging_mixin.py:190} INFO - [2026-04-21T06:47:47.810+0000] {dag.py:3239} INFO - Sync 1 DAGs
[2026-04-21T06:47:47.814+0000] {logging_mixin.py:190} INFO - [2026-04-21T06:47:47.814+0000] {dag.py:4180} INFO - Setting next_dagrun for example_params_ui_tutorial to None, run_after=None
[2026-04-21T06:47:47.824+0000] {processor.py:208} INFO - Processing /home/airflow/.local/lib/python3.12/site-packages/airflow/example_dags/example_params_ui_tutorial.py took 0.042 seconds
[2026-04-21T06:48:19.174+0000] {processor.py:186} INFO - Started process (PID=803) to work on /home/airflow/.local/lib/python3.12/site-packages/airflow/example_dags/example_params_ui_tutorial.py
[2026-04-21T06:48:19.175+0000] {processor.py:914} INFO - Processing file /home/airflow/.local/lib/python3.12/site-packages/airflow/example_dags/example_params_ui_tutorial.py for tasks to queue
[2026-04-21T06:48:19.176+0000] {logging_mixin.py:190} INFO - [2026-04-21T06:48:19.176+0000] {dagbag.py:588} INFO - Filling up the DagBag from /home/airflow/.local/lib/python3.12/site-packages/airflow/example_dags/example_params_ui_tutorial.py
[2026-04-21T06:48:19.181+0000] {processor.py:925} INFO - DAG(s) 'example_params_ui_tutorial' retrieved from /home/airflow/.local/lib/python3.12/site-packages/airflow/example_dags/example_params_ui_tutorial.py
[2026-04-21T06:48:19.197+0000] {logging_mixin.py:190} INFO - [2026-04-21T06:48:19.196+0000] {dag.py:3239} INFO - Sync 1 DAGs
[2026-04-21T06:48:19.204+0000] {logging_mixin.py:190} INFO - [2026-04-21T06:48:19.203+0000] {dag.py:4180} INFO - Setting next_dagrun for example_params_ui_tutorial to None, run_after=None
[2026-04-21T06:48:19.214+0000] {processor.py:208} INFO - Processing /home/airflow/.local/lib/python3.12/site-packages/airflow/example_dags/example_params_ui_tutorial.py took 0.043 seconds
[2026-04-21T06:48:49.797+0000] {processor.py:186} INFO - Started process (PID=867) to work on /home/airflow/.local/lib/python3.12/site-packages/airflow/example_dags/example_params_ui_tutorial.py
[2026-04-21T06:48:49.798+0000] {processor.py:914} INFO - Processing file /home/airflow/.local/lib/python3.12/site-packages/airflow/example_dags/example_params_ui_tutorial.py for tasks to queue
[2026-04-21T06:48:49.801+0000] {logging_mixin.py:190} INFO - [2026-04-21T06:48:49.800+0000] {dagbag.py:588} INFO - Filling up the DagBag from /home/airflow/.local/lib/python3.12/site-packages/airflow/example_dags/example_params_ui_tutorial.py
[2026-04-21T06:48:49.814+0000] {processor.py:925} INFO - DAG(s) 'example_params_ui_tutorial' retrieved from /home/airflow/.local/lib/python3.12/site-packages/airflow/example_dags/example_params_ui_tutorial.py
[2026-04-21T06:48:49.882+0000] {logging_mixin.py:190} INFO - [2026-04-21T06:48:49.882+0000] {dag.py:3239} INFO - Sync 1 DAGs
[2026-04-21T06:48:49.904+0000] {logging_mixin.py:190} INFO - [2026-04-21T06:48:49.904+0000] {dag.py:4180} INFO - Setting next_dagrun for example_params_ui_tutorial to None, run_after=None
[2026-04-21T06:48:49.920+0000] {processor.py:208} INFO - Processing /home/airflow/.local/lib/python3.12/site-packages/airflow/example_dags/example_params_ui_tutorial.py took 0.128 seconds
[2026-04-21T06:49:20.386+0000] {processor.py:186} INFO - Started process (PID=931) to work on /home/airflow/.local/lib/python3.12/site-packages/airflow/example_dags/example_params_ui_tutorial.py
[2026-04-21T06:49:20.388+0000] {processor.py:914} INFO - Processing file /home/airflow/.local/lib/python3.12/site-packages/airflow/example_dags/example_params_ui_tutorial.py for tasks to queue
[2026-04-21T06:49:20.389+0000] {logging_mixin.py:190} INFO - [2026-04-21T06:49:20.389+0000] {dagbag.py:588} INFO - Filling up the DagBag from /home/airflow/.local/lib/python3.12/site-packages/airflow/example_dags/example_params_ui_tutorial.py
[2026-04-21T06:49:20.393+0000] {processor.py:925} INFO - DAG(s) 'example_params_ui_tutorial' retrieved from /home/airflow/.local/lib/python3.12/site-packages/airflow/example_dags/example_params_ui_tutorial.py
[2026-04-21T06:49:20.409+0000] {logging_mixin.py:190} INFO - [2026-04-21T06:49:20.408+0000] {dag.py:3239} INFO - Sync 1 DAGs
[2026-04-21T06:49:20.414+0000] {logging_mixin.py:190} INFO - [2026-04-21T06:49:20.414+0000] {dag.py:4180} INFO - Setting next_dagrun for example_params_ui_tutorial to None, run_after=None
[2026-04-21T06:49:20.423+0000] {processor.py:208} INFO - Processing /home/airflow/.local/lib/python3.12/site-packages/airflow/example_dags/example_params_ui_tutorial.py took 0.040 seconds
[2026-04-21T06:49:50.856+0000] {processor.py:186} INFO - Started process (PID=995) to work on /home/airflow/.local/lib/python3.12/site-packages/airflow/example_dags/example_params_ui_tutorial.py
[2026-04-21T06:49:50.857+0000] {processor.py:914} INFO - Processing file /home/airflow/.local/lib/python3.12/site-packages/airflow/example_dags/example_params_ui_tutorial.py for tasks to queue
[2026-04-21T06:49:50.858+0000] {logging_mixin.py:190} INFO - [2026-04-21T06:49:50.858+0000] {dagbag.py:588} INFO - Filling up the DagBag from /home/airflow/.local/lib/python3.12/site-packages/airflow/example_dags/example_params_ui_tutorial.py
[2026-04-21T06:49:50.862+0000] {processor.py:925} INFO - DAG(s) 'example_params_ui_tutorial' retrieved from /home/airflow/.local/lib/python3.12/site-packages/airflow/example_dags/example_params_ui_tutorial.py
[2026-04-21T06:49:50.882+0000] {logging_mixin.py:190} INFO - [2026-04-21T06:49:50.881+0000] {dag.py:3239} INFO - Sync 1 DAGs
[2026-04-21T06:49:50.890+0000] {logging_mixin.py:190} INFO - [2026-04-21T06:49:50.890+0000] {dag.py:4180} INFO - Setting next_dagrun for example_params_ui_tutorial to None, run_after=None
[2026-04-21T06:49:50.899+0000] {processor.py:208} INFO - Processing /home/airflow/.local/lib/python3.12/site-packages/airflow/example_dags/example_params_ui_tutorial.py took 0.046 seconds
[2026-04-21T06:50:21.366+0000] {processor.py:186} INFO - Started process (PID=1059) to work on /home/airflow/.local/lib/python3.12/site-packages/airflow/example_dags/example_params_ui_tutorial.py
[2026-04-21T06:50:21.367+0000] {processor.py:914} INFO - Processing file /home/airflow/.local/lib/python3.12/site-packages/airflow/example_dags/example_params_ui_tutorial.py for tasks to queue
[2026-04-21T06:50:21.368+0000] {logging_mixin.py:190} INFO - [2026-04-21T06:50:21.368+0000] {dagbag.py:588} INFO - Filling up the DagBag from /home/airflow/.local/lib/python3.12/site-packages/airflow/example_dags/example_params_ui_tutorial.py
[2026-04-21T06:50:21.375+0000] {processor.py:925} INFO - DAG(s) 'example_params_ui_tutorial' retrieved from /home/airflow/.local/lib/python3.12/site-packages/airflow/example_dags/example_params_ui_tutorial.py
[2026-04-21T06:50:21.390+0000] {logging_mixin.py:190} INFO - [2026-04-21T06:50:21.389+0000] {dag.py:3239} INFO - Sync 1 DAGs
[2026-04-21T06:50:21.396+0000] {logging_mixin.py:190} INFO - [2026-04-21T06:50:21.396+0000] {dag.py:4180} INFO - Setting next_dagrun for example_params_ui_tutorial to None, run_after=None
[2026-04-21T06:50:21.407+0000] {processor.py:208} INFO - Processing /home/airflow/.local/lib/python3.12/site-packages/airflow/example_dags/example_params_ui_tutorial.py took 0.043 seconds
[2026-04-21T06:50:51.735+0000] {processor.py:186} INFO - Started process (PID=1123) to work on /home/airflow/.local/lib/python3.12/site-packages/airflow/example_dags/example_params_ui_tutorial.py
[2026-04-21T06:50:51.736+0000] {processor.py:914} INFO - Processing file /home/airflow/.local/lib/python3.12/site-packages/airflow/example_dags/example_params_ui_tutorial.py for tasks to queue
[2026-04-21T06:50:51.737+0000] {logging_mixin.py:190} INFO - [2026-04-21T06:50:51.737+0000] {dagbag.py:588} INFO - Filling up the DagBag from /home/airflow/.local/lib/python3.12/site-packages/airflow/example_dags/example_params_ui_tutorial.py
[2026-04-21T06:50:51.744+0000] {processor.py:925} INFO - DAG(s) 'example_params_ui_tutorial' retrieved from /home/airflow/.local/lib/python3.12/site-packages/airflow/example_dags/example_params_ui_tutorial.py
[2026-04-21T06:50:51.760+0000] {logging_mixin.py:190} INFO - [2026-04-21T06:50:51.760+0000] {dag.py:3239} INFO - Sync 1 DAGs
[2026-04-21T06:50:51.766+0000] {logging_mixin.py:190} INFO - [2026-04-21T06:50:51.766+0000] {dag.py:4180} INFO - Setting next_dagrun for example_params_ui_tutorial to None, run_after=None
[2026-04-21T06:50:51.774+0000] {processor.py:208} INFO - Processing /home/airflow/.local/lib/python3.12/site-packages/airflow/example_dags/example_params_ui_tutorial.py took 0.041 seconds
[2026-04-21T06:51:22.927+0000] {processor.py:186} INFO - Started process (PID=1187) to work on /home/airflow/.local/lib/python3.12/site-packages/airflow/example_dags/example_params_ui_tutorial.py
[2026-04-21T06:51:22.928+0000] {processor.py:914} INFO - Processing file /home/airflow/.local/lib/python3.12/site-packages/airflow/example_dags/example_params_ui_tutorial.py for tasks to queue
[2026-04-21T06:51:22.929+0000] {logging_mixin.py:190} INFO - [2026-04-21T06:51:22.929+0000] {dagbag.py:588} INFO - Filling up the DagBag from /home/airflow/.local/lib/python3.12/site-packages/airflow/example_dags/example_params_ui_tutorial.py
[2026-04-21T06:51:22.933+0000] {processor.py:925} INFO - DAG(s) 'example_params_ui_tutorial' retrieved from /home/airflow/.local/lib/python3.12/site-packages/airflow/example_dags/example_params_ui_tutorial.py
[2026-04-21T06:51:22.951+0000] {logging_mixin.py:190} INFO - [2026-04-21T06:51:22.951+0000] {dag.py:3239} INFO - Sync 1 DAGs
[2026-04-21T06:51:22.956+0000] {logging_mixin.py:190} INFO - [2026-04-21T06:51:22.956+0000] {dag.py:4180} INFO - Setting next_dagrun for example_params_ui_tutorial to None, run_after=None
[2026-04-21T06:51:22.963+0000] {processor.py:208} INFO - Processing /home/airflow/.local/lib/python3.12/site-packages/airflow/example_dags/example_params_ui_tutorial.py took 0.038 seconds
[2026-04-21T06:51:54.100+0000] {processor.py:186} INFO - Started process (PID=1251) to work on /home/airflow/.local/lib/python3.12/site-packages/airflow/example_dags/example_params_ui_tutorial.py
[2026-04-21T06:51:54.101+0000] {processor.py:914} INFO - Processing file /home/airflow/.local/lib/python3.12/site-packages/airflow/example_dags/example_params_ui_tutorial.py for tasks to queue
[2026-04-21T06:51:54.102+0000] {logging_mixin.py:190} INFO - [2026-04-21T06:51:54.102+0000] {dagbag.py:588} INFO - Filling up the DagBag from /home/airflow/.local/lib/python3.12/site-packages/airflow/example_dags/example_params_ui_tutorial.py
[2026-04-21T06:51:54.105+0000] {processor.py:925} INFO - DAG(s) 'example_params_ui_tutorial' retrieved from /home/airflow/.local/lib/python3.12/site-packages/airflow/example_dags/example_params_ui_tutorial.py
[2026-04-21T06:51:54.122+0000] {logging_mixin.py:190} INFO - [2026-04-21T06:51:54.122+0000] {dag.py:3239} INFO - Sync 1 DAGs
[2026-04-21T06:51:54.126+0000] {logging_mixin.py:190} INFO - [2026-04-21T06:51:54.126+0000] {dag.py:4180} INFO - Setting next_dagrun for example_params_ui_tutorial to None, run_after=None
[2026-04-21T06:51:54.133+0000] {processor.py:208} INFO - Processing /home/airflow/.local/lib/python3.12/site-packages/airflow/example_dags/example_params_ui_tutorial.py took 0.036 seconds
[2026-04-21T06:52:25.532+0000] {processor.py:186} INFO - Started process (PID=1315) to work on /home/airflow/.local/lib/python3.12/site-packages/airflow/example_dags/example_params_ui_tutorial.py
[2026-04-21T06:52:25.533+0000] {processor.py:914} INFO - Processing file /home/airflow/.local/lib/python3.12/site-packages/airflow/example_dags/example_params_ui_tutorial.py for tasks to queue
[2026-04-21T06:52:25.534+0000] {logging_mixin.py:190} INFO - [2026-04-21T06:52:25.534+0000] {dagbag.py:588} INFO - Filling up the DagBag from /home/airflow/.local/lib/python3.12/site-packages/airflow/example_dags/example_params_ui_tutorial.py
[2026-04-21T06:52:25.539+0000] {processor.py:925} INFO - DAG(s) 'example_params_ui_tutorial' retrieved from /home/airflow/.local/lib/python3.12/site-packages/airflow/example_dags/example_params_ui_tutorial.py
[2026-04-21T06:52:25.555+0000] {logging_mixin.py:190} INFO - [2026-04-21T06:52:25.555+0000] {dag.py:3239} INFO - Sync 1 DAGs
[2026-04-21T06:52:25.562+0000] {logging_mixin.py:190} INFO - [2026-04-21T06:52:25.562+0000] {dag.py:4180} INFO - Setting next_dagrun for example_params_ui_tutorial to None, run_after=None
[2026-04-21T06:52:25.572+0000] {processor.py:208} INFO - Processing /home/airflow/.local/lib/python3.12/site-packages/airflow/example_dags/example_params_ui_tutorial.py took 0.043 seconds
[2026-04-21T06:52:55.872+0000] {processor.py:186} INFO - Started process (PID=1379) to work on /home/airflow/.local/lib/python3.12/site-packages/airflow/example_dags/example_params_ui_tutorial.py
[2026-04-21T06:52:55.872+0000] {processor.py:914} INFO - Processing file /home/airflow/.local/lib/python3.12/site-packages/airflow/example_dags/example_params_ui_tutorial.py for tasks to queue
[2026-04-21T06:52:55.874+0000] {logging_mixin.py:190} INFO - [2026-04-21T06:52:55.873+0000] {dagbag.py:588} INFO - Filling up the DagBag from /home/airflow/.local/lib/python3.12/site-packages/airflow/example_dags/example_params_ui_tutorial.py
[2026-04-21T06:52:55.881+0000] {processor.py:925} INFO - DAG(s) 'example_params_ui_tutorial' retrieved from /home/airflow/.local/lib/python3.12/site-packages/airflow/example_dags/example_params_ui_tutorial.py
[2026-04-21T06:52:55.897+0000] {logging_mixin.py:190} INFO - [2026-04-21T06:52:55.897+0000] {dag.py:3239} INFO - Sync 1 DAGs
[2026-04-21T06:52:55.902+0000] {logging_mixin.py:190} INFO - [2026-04-21T06:52:55.902+0000] {dag.py:4180} INFO - Setting next_dagrun for example_params_ui_tutorial to None, run_after=None
[2026-04-21T06:52:55.908+0000] {processor.py:208} INFO - Processing /home/airflow/.local/lib/python3.12/site-packages/airflow/example_dags/example_params_ui_tutorial.py took 0.039 seconds
[2026-04-21T06:53:27.173+0000] {processor.py:186} INFO - Started process (PID=1443) to work on /home/airflow/.local/lib/python3.12/site-packages/airflow/example_dags/example_params_ui_tutorial.py
[2026-04-21T06:53:27.173+0000] {processor.py:914} INFO - Processing file /home/airflow/.local/lib/python3.12/site-packages/airflow/example_dags/example_params_ui_tutorial.py for tasks to queue
[2026-04-21T06:53:27.174+0000] {logging_mixin.py:190} INFO - [2026-04-21T06:53:27.174+0000] {dagbag.py:588} INFO - Filling up the DagBag from /home/airflow/.local/lib/python3.12/site-packages/airflow/example_dags/example_params_ui_tutorial.py
[2026-04-21T06:53:27.178+0000] {processor.py:925} INFO - DAG(s) 'example_params_ui_tutorial' retrieved from /home/airflow/.local/lib/python3.12/site-packages/airflow/example_dags/example_params_ui_tutorial.py
[2026-04-21T06:53:27.192+0000] {logging_mixin.py:190} INFO - [2026-04-21T06:53:27.192+0000] {dag.py:3239} INFO - Sync 1 DAGs
[2026-04-21T06:53:27.197+0000] {logging_mixin.py:190} INFO - [2026-04-21T06:53:27.197+0000] {dag.py:4180} INFO - Setting next_dagrun for example_params_ui_tutorial to None, run_after=None
[2026-04-21T06:53:27.213+0000] {processor.py:208} INFO - Processing /home/airflow/.local/lib/python3.12/site-packages/airflow/example_dags/example_params_ui_tutorial.py took 0.042 seconds
[2026-04-21T06:53:57.459+0000] {processor.py:186} INFO - Started process (PID=1507) to work on /home/airflow/.local/lib/python3.12/site-packages/airflow/example_dags/example_params_ui_tutorial.py
[2026-04-21T06:53:57.460+0000] {processor.py:914} INFO - Processing file /home/airflow/.local/lib/python3.12/site-packages/airflow/example_dags/example_params_ui_tutorial.py for tasks to queue
[2026-04-21T06:53:57.461+0000] {logging_mixin.py:190} INFO - [2026-04-21T06:53:57.461+0000] {dagbag.py:588} INFO - Filling up the DagBag from /home/airflow/.local/lib/python3.12/site-packages/airflow/example_dags/example_params_ui_tutorial.py
[2026-04-21T06:53:57.465+0000] {processor.py:925} INFO - DAG(s) 'example_params_ui_tutorial' retrieved from /home/airflow/.local/lib/python3.12/site-packages/airflow/example_dags/example_params_ui_tutorial.py
[2026-04-21T06:53:57.480+0000] {logging_mixin.py:190} INFO - [2026-04-21T06:53:57.480+0000] {dag.py:3239} INFO - Sync 1 DAGs
[2026-04-21T06:53:57.485+0000] {logging_mixin.py:190} INFO - [2026-04-21T06:53:57.485+0000] {dag.py:4180} INFO - Setting next_dagrun for example_params_ui_tutorial to None, run_after=None
[2026-04-21T06:53:57.497+0000] {processor.py:208} INFO - Processing /home/airflow/.local/lib/python3.12/site-packages/airflow/example_dags/example_params_ui_tutorial.py took 0.040 seconds
[2026-04-21T06:54:28.397+0000] {processor.py:186} INFO - Started process (PID=1571) to work on /home/airflow/.local/lib/python3.12/site-packages/airflow/example_dags/example_params_ui_tutorial.py
[2026-04-21T06:54:28.397+0000] {processor.py:914} INFO - Processing file /home/airflow/.local/lib/python3.12/site-packages/airflow/example_dags/example_params_ui_tutorial.py for tasks to queue
[2026-04-21T06:54:28.398+0000] {logging_mixin.py:190} INFO - [2026-04-21T06:54:28.398+0000] {dagbag.py:588} INFO - Filling up the DagBag from /home/airflow/.local/lib/python3.12/site-packages/airflow/example_dags/example_params_ui_tutorial.py
[2026-04-21T06:54:28.402+0000] {processor.py:925} INFO - DAG(s) 'example_params_ui_tutorial' retrieved from /home/airflow/.local/lib/python3.12/site-packages/airflow/example_dags/example_params_ui_tutorial.py
[2026-04-21T06:54:28.435+0000] {logging_mixin.py:190} INFO - [2026-04-21T06:54:28.435+0000] {dag.py:3239} INFO - Sync 1 DAGs
[2026-04-21T06:54:28.440+0000] {logging_mixin.py:190} INFO - [2026-04-21T06:54:28.440+0000] {dag.py:4180} INFO - Setting next_dagrun for example_params_ui_tutorial to None, run_after=None
[2026-04-21T06:54:28.446+0000] {processor.py:208} INFO - Processing /home/airflow/.local/lib/python3.12/site-packages/airflow/example_dags/example_params_ui_tutorial.py took 0.051 seconds
[2026-04-21T06:54:59.488+0000] {processor.py:186} INFO - Started process (PID=1634) to work on /home/airflow/.local/lib/python3.12/site-packages/airflow/example_dags/example_params_ui_tutorial.py
[2026-04-21T06:54:59.488+0000] {processor.py:914} INFO - Processing file /home/airflow/.local/lib/python3.12/site-packages/airflow/example_dags/example_params_ui_tutorial.py for tasks to queue
[2026-04-21T06:54:59.489+0000] {logging_mixin.py:190} INFO - [2026-04-21T06:54:59.489+0000] {dagbag.py:588} INFO - Filling up the DagBag from /home/airflow/.local/lib/python3.12/site-packages/airflow/example_dags/example_params_ui_tutorial.py
[2026-04-21T06:54:59.493+0000] {processor.py:925} INFO - DAG(s) 'example_params_ui_tutorial' retrieved from /home/airflow/.local/lib/python3.12/site-packages/airflow/example_dags/example_params_ui_tutorial.py
[2026-04-21T06:54:59.506+0000] {logging_mixin.py:190} INFO - [2026-04-21T06:54:59.506+0000] {dag.py:3239} INFO - Sync 1 DAGs
[2026-04-21T06:54:59.511+0000] {logging_mixin.py:190} INFO - [2026-04-21T06:54:59.511+0000] {dag.py:4180} INFO - Setting next_dagrun for example_params_ui_tutorial to None, run_after=None
[2026-04-21T06:54:59.517+0000] {processor.py:208} INFO - Processing /home/airflow/.local/lib/python3.12/site-packages/airflow/example_dags/example_params_ui_tutorial.py took 0.031 seconds
[2026-04-21T06:55:30.607+0000] {processor.py:186} INFO - Started process (PID=1698) to work on /home/airflow/.local/lib/python3.12/site-packages/airflow/example_dags/example_params_ui_tutorial.py
[2026-04-21T06:55:30.608+0000] {processor.py:914} INFO - Processing file /home/airflow/.local/lib/python3.12/site-packages/airflow/example_dags/example_params_ui_tutorial.py for tasks to queue
[2026-04-21T06:55:30.609+0000] {logging_mixin.py:190} INFO - [2026-04-21T06:55:30.609+0000] {dagbag.py:588} INFO - Filling up the DagBag from /home/airflow/.local/lib/python3.12/site-packages/airflow/example_dags/example_params_ui_tutorial.py
[2026-04-21T06:55:30.612+0000] {processor.py:925} INFO - DAG(s) 'example_params_ui_tutorial' retrieved from /home/airflow/.local/lib/python3.12/site-packages/airflow/example_dags/example_params_ui_tutorial.py
[2026-04-21T06:55:30.629+0000] {logging_mixin.py:190} INFO - [2026-04-21T06:55:30.628+0000] {dag.py:3239} INFO - Sync 1 DAGs
[2026-04-21T06:55:30.637+0000] {logging_mixin.py:190} INFO - [2026-04-21T06:55:30.637+0000] {dag.py:4180} INFO - Setting next_dagrun for example_params_ui_tutorial to None, run_after=None
[2026-04-21T06:55:30.643+0000] {processor.py:208} INFO - Processing /home/airflow/.local/lib/python3.12/site-packages/airflow/example_dags/example_params_ui_tutorial.py took 0.039 seconds
[2026-04-21T06:56:03.842+0000] {processor.py:186} INFO - Started process (PID=1762) to work on /home/airflow/.local/lib/python3.12/site-packages/airflow/example_dags/example_params_ui_tutorial.py
[2026-04-21T06:56:03.843+0000] {processor.py:914} INFO - Processing file /home/airflow/.local/lib/python3.12/site-packages/airflow/example_dags/example_params_ui_tutorial.py for tasks to queue
[2026-04-21T06:56:03.846+0000] {logging_mixin.py:190} INFO - [2026-04-21T06:56:03.846+0000] {dagbag.py:588} INFO - Filling up the DagBag from /home/airflow/.local/lib/python3.12/site-packages/airflow/example_dags/example_params_ui_tutorial.py
[2026-04-21T06:56:03.855+0000] {processor.py:925} INFO - DAG(s) 'example_params_ui_tutorial' retrieved from /home/airflow/.local/lib/python3.12/site-packages/airflow/example_dags/example_params_ui_tutorial.py
[2026-04-21T06:56:03.873+0000] {logging_mixin.py:190} INFO - [2026-04-21T06:56:03.873+0000] {dag.py:3239} INFO - Sync 1 DAGs
[2026-04-21T06:56:03.879+0000] {logging_mixin.py:190} INFO - [2026-04-21T06:56:03.879+0000] {dag.py:4180} INFO - Setting next_dagrun for example_params_ui_tutorial to None, run_after=None
[2026-04-21T06:56:03.887+0000] {processor.py:208} INFO - Processing /home/airflow/.local/lib/python3.12/site-packages/airflow/example_dags/example_params_ui_tutorial.py took 0.049 seconds
[2026-04-21T07:01:28.335+0000] {processor.py:186} INFO - Started process (PID=1844) to work on /home/airflow/.local/lib/python3.12/site-packages/airflow/example_dags/example_params_ui_tutorial.py
[2026-04-21T07:01:28.336+0000] {processor.py:914} INFO - Processing file /home/airflow/.local/lib/python3.12/site-packages/airflow/example_dags/example_params_ui_tutorial.py for tasks to queue
[2026-04-21T07:01:28.336+0000] {logging_mixin.py:190} INFO - [2026-04-21T07:01:28.336+0000] {dagbag.py:588} INFO - Filling up the DagBag from /home/airflow/.local/lib/python3.12/site-packages/airflow/example_dags/example_params_ui_tutorial.py
[2026-04-21T07:01:28.340+0000] {processor.py:925} INFO - DAG(s) 'example_params_ui_tutorial' retrieved from /home/airflow/.local/lib/python3.12/site-packages/airflow/example_dags/example_params_ui_tutorial.py
[2026-04-21T07:01:28.352+0000] {logging_mixin.py:190} INFO - [2026-04-21T07:01:28.352+0000] {dag.py:3239} INFO - Sync 1 DAGs
[2026-04-21T07:01:28.357+0000] {logging_mixin.py:190} INFO - [2026-04-21T07:01:28.357+0000] {dag.py:4180} INFO - Setting next_dagrun for example_params_ui_tutorial to None, run_after=None
[2026-04-21T07:01:28.362+0000] {processor.py:208} INFO - Processing /home/airflow/.local/lib/python3.12/site-packages/airflow/example_dags/example_params_ui_tutorial.py took 0.029 seconds
[2026-04-21T07:01:59.736+0000] {processor.py:186} INFO - Started process (PID=1908) to work on /home/airflow/.local/lib/python3.12/site-packages/airflow/example_dags/example_params_ui_tutorial.py
[2026-04-21T07:01:59.737+0000] {processor.py:914} INFO - Processing file /home/airflow/.local/lib/python3.12/site-packages/airflow/example_dags/example_params_ui_tutorial.py for tasks to queue
[2026-04-21T07:01:59.738+0000] {logging_mixin.py:190} INFO - [2026-04-21T07:01:59.738+0000] {dagbag.py:588} INFO - Filling up the DagBag from /home/airflow/.local/lib/python3.12/site-packages/airflow/example_dags/example_params_ui_tutorial.py
[2026-04-21T07:01:59.741+0000] {processor.py:925} INFO - DAG(s) 'example_params_ui_tutorial' retrieved from /home/airflow/.local/lib/python3.12/site-packages/airflow/example_dags/example_params_ui_tutorial.py
[2026-04-21T07:01:59.760+0000] {logging_mixin.py:190} INFO - [2026-04-21T07:01:59.759+0000] {dag.py:3239} INFO - Sync 1 DAGs
[2026-04-21T07:01:59.765+0000] {logging_mixin.py:190} INFO - [2026-04-21T07:01:59.765+0000] {dag.py:4180} INFO - Setting next_dagrun for example_params_ui_tutorial to None, run_after=None
[2026-04-21T07:01:59.775+0000] {processor.py:208} INFO - Processing /home/airflow/.local/lib/python3.12/site-packages/airflow/example_dags/example_params_ui_tutorial.py took 0.041 seconds
[2026-04-21T07:02:30.809+0000] {processor.py:186} INFO - Started process (PID=1972) to work on /home/airflow/.local/lib/python3.12/site-packages/airflow/example_dags/example_params_ui_tutorial.py
[2026-04-21T07:02:30.809+0000] {processor.py:914} INFO - Processing file /home/airflow/.local/lib/python3.12/site-packages/airflow/example_dags/example_params_ui_tutorial.py for tasks to queue
[2026-04-21T07:02:30.810+0000] {logging_mixin.py:190} INFO - [2026-04-21T07:02:30.810+0000] {dagbag.py:588} INFO - Filling up the DagBag from /home/airflow/.local/lib/python3.12/site-packages/airflow/example_dags/example_params_ui_tutorial.py
[2026-04-21T07:02:30.813+0000] {processor.py:925} INFO - DAG(s) 'example_params_ui_tutorial' retrieved from /home/airflow/.local/lib/python3.12/site-packages/airflow/example_dags/example_params_ui_tutorial.py
[2026-04-21T07:02:30.827+0000] {logging_mixin.py:190} INFO - [2026-04-21T07:02:30.827+0000] {dag.py:3239} INFO - Sync 1 DAGs
[2026-04-21T07:02:30.832+0000] {logging_mixin.py:190} INFO - [2026-04-21T07:02:30.832+0000] {dag.py:4180} INFO - Setting next_dagrun for example_params_ui_tutorial to None, run_after=None
[2026-04-21T07:02:30.842+0000] {processor.py:208} INFO - Processing /home/airflow/.local/lib/python3.12/site-packages/airflow/example_dags/example_params_ui_tutorial.py took 0.035 seconds
[2026-04-21T07:03:01.801+0000] {processor.py:186} INFO - Started process (PID=2036) to work on /home/airflow/.local/lib/python3.12/site-packages/airflow/example_dags/example_params_ui_tutorial.py
[2026-04-21T07:03:01.801+0000] {processor.py:914} INFO - Processing file /home/airflow/.local/lib/python3.12/site-packages/airflow/example_dags/example_params_ui_tutorial.py for tasks to queue
[2026-04-21T07:03:01.805+0000] {logging_mixin.py:190} INFO - [2026-04-21T07:03:01.805+0000] {dagbag.py:588} INFO - Filling up the DagBag from /home/airflow/.local/lib/python3.12/site-packages/airflow/example_dags/example_params_ui_tutorial.py
[2026-04-21T07:03:01.808+0000] {processor.py:925} INFO - DAG(s) 'example_params_ui_tutorial' retrieved from /home/airflow/.local/lib/python3.12/site-packages/airflow/example_dags/example_params_ui_tutorial.py
[2026-04-21T07:03:01.827+0000] {logging_mixin.py:190} INFO - [2026-04-21T07:03:01.827+0000] {dag.py:3239} INFO - Sync 1 DAGs
[2026-04-21T07:03:01.832+0000] {logging_mixin.py:190} INFO - [2026-04-21T07:03:01.832+0000] {dag.py:4180} INFO - Setting next_dagrun for example_params_ui_tutorial to None, run_after=None
[2026-04-21T07:03:01.841+0000] {processor.py:208} INFO - Processing /home/airflow/.local/lib/python3.12/site-packages/airflow/example_dags/example_params_ui_tutorial.py took 0.042 seconds
[2026-04-21T07:03:32.911+0000] {processor.py:186} INFO - Started process (PID=2100) to work on /home/airflow/.local/lib/python3.12/site-packages/airflow/example_dags/example_params_ui_tutorial.py
[2026-04-21T07:03:32.912+0000] {processor.py:914} INFO - Processing file /home/airflow/.local/lib/python3.12/site-packages/airflow/example_dags/example_params_ui_tutorial.py for tasks to queue
[2026-04-21T07:03:32.913+0000] {logging_mixin.py:190} INFO - [2026-04-21T07:03:32.913+0000] {dagbag.py:588} INFO - Filling up the DagBag from /home/airflow/.local/lib/python3.12/site-packages/airflow/example_dags/example_params_ui_tutorial.py
[2026-04-21T07:03:32.919+0000] {processor.py:925} INFO - DAG(s) 'example_params_ui_tutorial' retrieved from /home/airflow/.local/lib/python3.12/site-packages/airflow/example_dags/example_params_ui_tutorial.py
[2026-04-21T07:03:32.933+0000] {logging_mixin.py:190} INFO - [2026-04-21T07:03:32.933+0000] {dag.py:3239} INFO - Sync 1 DAGs
[2026-04-21T07:03:32.938+0000] {logging_mixin.py:190} INFO - [2026-04-21T07:03:32.938+0000] {dag.py:4180} INFO - Setting next_dagrun for example_params_ui_tutorial to None, run_after=None
[2026-04-21T07:03:32.944+0000] {processor.py:208} INFO - Processing /home/airflow/.local/lib/python3.12/site-packages/airflow/example_dags/example_params_ui_tutorial.py took 0.035 seconds
[2026-04-21T07:04:03.912+0000] {processor.py:186} INFO - Started process (PID=2164) to work on /home/airflow/.local/lib/python3.12/site-packages/airflow/example_dags/example_params_ui_tutorial.py
[2026-04-21T07:04:03.912+0000] {processor.py:914} INFO - Processing file /home/airflow/.local/lib/python3.12/site-packages/airflow/example_dags/example_params_ui_tutorial.py for tasks to queue
[2026-04-21T07:04:03.914+0000] {logging_mixin.py:190} INFO - [2026-04-21T07:04:03.914+0000] {dagbag.py:588} INFO - Filling up the DagBag from /home/airflow/.local/lib/python3.12/site-packages/airflow/example_dags/example_params_ui_tutorial.py
[2026-04-21T07:04:03.917+0000] {processor.py:925} INFO - DAG(s) 'example_params_ui_tutorial' retrieved from /home/airflow/.local/lib/python3.12/site-packages/airflow/example_dags/example_params_ui_tutorial.py
[2026-04-21T07:04:03.932+0000] {logging_mixin.py:190} INFO - [2026-04-21T07:04:03.932+0000] {dag.py:3239} INFO - Sync 1 DAGs
[2026-04-21T07:04:03.938+0000] {logging_mixin.py:190} INFO - [2026-04-21T07:04:03.938+0000] {dag.py:4180} INFO - Setting next_dagrun for example_params_ui_tutorial to None, run_after=None
[2026-04-21T07:04:03.946+0000] {processor.py:208} INFO - Processing /home/airflow/.local/lib/python3.12/site-packages/airflow/example_dags/example_params_ui_tutorial.py took 0.037 seconds
[2026-04-21T07:04:35.096+0000] {processor.py:186} INFO - Started process (PID=2228) to work on /home/airflow/.local/lib/python3.12/site-packages/airflow/example_dags/example_params_ui_tutorial.py
[2026-04-21T07:04:35.097+0000] {processor.py:914} INFO - Processing file /home/airflow/.local/lib/python3.12/site-packages/airflow/example_dags/example_params_ui_tutorial.py for tasks to queue
[2026-04-21T07:04:35.097+0000] {logging_mixin.py:190} INFO - [2026-04-21T07:04:35.097+0000] {dagbag.py:588} INFO - Filling up the DagBag from /home/airflow/.local/lib/python3.12/site-packages/airflow/example_dags/example_params_ui_tutorial.py
[2026-04-21T07:04:35.101+0000] {processor.py:925} INFO - DAG(s) 'example_params_ui_tutorial' retrieved from /home/airflow/.local/lib/python3.12/site-packages/airflow/example_dags/example_params_ui_tutorial.py
[2026-04-21T07:04:35.120+0000] {logging_mixin.py:190} INFO - [2026-04-21T07:04:35.120+0000] {dag.py:3239} INFO - Sync 1 DAGs
[2026-04-21T07:04:35.131+0000] {logging_mixin.py:190} INFO - [2026-04-21T07:04:35.131+0000] {dag.py:4180} INFO - Setting next_dagrun for example_params_ui_tutorial to None, run_after=None
[2026-04-21T07:04:35.146+0000] {processor.py:208} INFO - Processing /home/airflow/.local/lib/python3.12/site-packages/airflow/example_dags/example_params_ui_tutorial.py took 0.052 seconds
