[2026-04-21T06:42:41.332+0000] {processor.py:186} INFO - Started process (PID=78) to work on /home/airflow/.local/lib/python3.12/site-packages/airflow/example_dags/example_latest_only_with_trigger.py
[2026-04-21T06:42:41.332+0000] {processor.py:914} INFO - Processing file /home/airflow/.local/lib/python3.12/site-packages/airflow/example_dags/example_latest_only_with_trigger.py for tasks to queue
[2026-04-21T06:42:41.335+0000] {logging_mixin.py:190} INFO - [2026-04-21T06:42:41.334+0000] {dagbag.py:588} INFO - Filling up the DagBag from /home/airflow/.local/lib/python3.12/site-packages/airflow/example_dags/example_latest_only_with_trigger.py
[2026-04-21T06:42:41.343+0000] {processor.py:925} INFO - DAG(s) 'latest_only_with_trigger' retrieved from /home/airflow/.local/lib/python3.12/site-packages/airflow/example_dags/example_latest_only_with_trigger.py
[2026-04-21T06:42:41.373+0000] {logging_mixin.py:190} INFO - [2026-04-21T06:42:41.373+0000] {dag.py:3239} INFO - Sync 1 DAGs
[2026-04-21T06:42:41.408+0000] {logging_mixin.py:190} INFO - [2026-04-21T06:42:41.406+0000] {dag.py:4180} INFO - Setting next_dagrun for latest_only_with_trigger to 2026-04-21 00:00:00+00:00, run_after=2026-04-21 04:00:00+00:00
[2026-04-21T06:42:41.429+0000] {processor.py:208} INFO - Processing /home/airflow/.local/lib/python3.12/site-packages/airflow/example_dags/example_latest_only_with_trigger.py took 0.100 seconds
[2026-04-21T06:43:12.329+0000] {processor.py:186} INFO - Started process (PID=150) to work on /home/airflow/.local/lib/python3.12/site-packages/airflow/example_dags/example_latest_only_with_trigger.py
[2026-04-21T06:43:12.330+0000] {processor.py:914} INFO - Processing file /home/airflow/.local/lib/python3.12/site-packages/airflow/example_dags/example_latest_only_with_trigger.py for tasks to queue
[2026-04-21T06:43:12.333+0000] {logging_mixin.py:190} INFO - [2026-04-21T06:43:12.333+0000] {dagbag.py:588} INFO - Filling up the DagBag from /home/airflow/.local/lib/python3.12/site-packages/airflow/example_dags/example_latest_only_with_trigger.py
[2026-04-21T06:43:12.336+0000] {processor.py:925} INFO - DAG(s) 'latest_only_with_trigger' retrieved from /home/airflow/.local/lib/python3.12/site-packages/airflow/example_dags/example_latest_only_with_trigger.py
[2026-04-21T06:43:12.349+0000] {logging_mixin.py:190} INFO - [2026-04-21T06:43:12.348+0000] {dag.py:3239} INFO - Sync 1 DAGs
[2026-04-21T06:43:12.359+0000] {logging_mixin.py:190} INFO - [2026-04-21T06:43:12.359+0000] {dag.py:4180} INFO - Setting next_dagrun for latest_only_with_trigger to 2026-04-21 00:00:00+00:00, run_after=2026-04-21 04:00:00+00:00
[2026-04-21T06:43:12.365+0000] {processor.py:208} INFO - Processing /home/airflow/.local/lib/python3.12/site-packages/airflow/example_dags/example_latest_only_with_trigger.py took 0.039 seconds
[2026-04-21T06:43:43.491+0000] {processor.py:186} INFO - Started process (PID=214) to work on /home/airflow/.local/lib/python3.12/site-packages/airflow/example_dags/example_latest_only_with_trigger.py
[2026-04-21T06:43:43.492+0000] {processor.py:914} INFO - Processing file /home/airflow/.local/lib/python3.12/site-packages/airflow/example_dags/example_latest_only_with_trigger.py for tasks to queue
[2026-04-21T06:43:43.493+0000] {logging_mixin.py:190} INFO - [2026-04-21T06:43:43.493+0000] {dagbag.py:588} INFO - Filling up the DagBag from /home/airflow/.local/lib/python3.12/site-packages/airflow/example_dags/example_latest_only_with_trigger.py
[2026-04-21T06:43:43.496+0000] {processor.py:925} INFO - DAG(s) 'latest_only_with_trigger' retrieved from /home/airflow/.local/lib/python3.12/site-packages/airflow/example_dags/example_latest_only_with_trigger.py
[2026-04-21T06:43:43.503+0000] {logging_mixin.py:190} INFO - [2026-04-21T06:43:43.503+0000] {dag.py:3239} INFO - Sync 1 DAGs
[2026-04-21T06:43:43.513+0000] {logging_mixin.py:190} INFO - [2026-04-21T06:43:43.513+0000] {dag.py:4180} INFO - Setting next_dagrun for latest_only_with_trigger to 2026-04-21 00:00:00+00:00, run_after=2026-04-21 04:00:00+00:00
[2026-04-21T06:43:43.527+0000] {processor.py:208} INFO - Processing /home/airflow/.local/lib/python3.12/site-packages/airflow/example_dags/example_latest_only_with_trigger.py took 0.038 seconds
[2026-04-21T06:44:14.004+0000] {processor.py:186} INFO - Started process (PID=278) to work on /home/airflow/.local/lib/python3.12/site-packages/airflow/example_dags/example_latest_only_with_trigger.py
[2026-04-21T06:44:14.004+0000] {processor.py:914} INFO - Processing file /home/airflow/.local/lib/python3.12/site-packages/airflow/example_dags/example_latest_only_with_trigger.py for tasks to queue
[2026-04-21T06:44:14.005+0000] {logging_mixin.py:190} INFO - [2026-04-21T06:44:14.005+0000] {dagbag.py:588} INFO - Filling up the DagBag from /home/airflow/.local/lib/python3.12/site-packages/airflow/example_dags/example_latest_only_with_trigger.py
[2026-04-21T06:44:14.011+0000] {processor.py:925} INFO - DAG(s) 'latest_only_with_trigger' retrieved from /home/airflow/.local/lib/python3.12/site-packages/airflow/example_dags/example_latest_only_with_trigger.py
[2026-04-21T06:44:14.020+0000] {logging_mixin.py:190} INFO - [2026-04-21T06:44:14.020+0000] {dag.py:3239} INFO - Sync 1 DAGs
[2026-04-21T06:44:14.030+0000] {logging_mixin.py:190} INFO - [2026-04-21T06:44:14.030+0000] {dag.py:4180} INFO - Setting next_dagrun for latest_only_with_trigger to 2026-04-21 00:00:00+00:00, run_after=2026-04-21 04:00:00+00:00
[2026-04-21T06:44:14.041+0000] {processor.py:208} INFO - Processing /home/airflow/.local/lib/python3.12/site-packages/airflow/example_dags/example_latest_only_with_trigger.py took 0.039 seconds
[2026-04-21T06:44:44.334+0000] {processor.py:186} INFO - Started process (PID=342) to work on /home/airflow/.local/lib/python3.12/site-packages/airflow/example_dags/example_latest_only_with_trigger.py
[2026-04-21T06:44:44.335+0000] {processor.py:914} INFO - Processing file /home/airflow/.local/lib/python3.12/site-packages/airflow/example_dags/example_latest_only_with_trigger.py for tasks to queue
[2026-04-21T06:44:44.336+0000] {logging_mixin.py:190} INFO - [2026-04-21T06:44:44.336+0000] {dagbag.py:588} INFO - Filling up the DagBag from /home/airflow/.local/lib/python3.12/site-packages/airflow/example_dags/example_latest_only_with_trigger.py
[2026-04-21T06:44:44.339+0000] {processor.py:925} INFO - DAG(s) 'latest_only_with_trigger' retrieved from /home/airflow/.local/lib/python3.12/site-packages/airflow/example_dags/example_latest_only_with_trigger.py
[2026-04-21T06:44:44.347+0000] {logging_mixin.py:190} INFO - [2026-04-21T06:44:44.347+0000] {dag.py:3239} INFO - Sync 1 DAGs
[2026-04-21T06:44:44.357+0000] {logging_mixin.py:190} INFO - [2026-04-21T06:44:44.357+0000] {dag.py:4180} INFO - Setting next_dagrun for latest_only_with_trigger to 2026-04-21 00:00:00+00:00, run_after=2026-04-21 04:00:00+00:00
[2026-04-21T06:44:44.365+0000] {processor.py:208} INFO - Processing /home/airflow/.local/lib/python3.12/site-packages/airflow/example_dags/example_latest_only_with_trigger.py took 0.033 seconds
[2026-04-21T06:45:14.690+0000] {processor.py:186} INFO - Started process (PID=406) to work on /home/airflow/.local/lib/python3.12/site-packages/airflow/example_dags/example_latest_only_with_trigger.py
[2026-04-21T06:45:14.691+0000] {processor.py:914} INFO - Processing file /home/airflow/.local/lib/python3.12/site-packages/airflow/example_dags/example_latest_only_with_trigger.py for tasks to queue
[2026-04-21T06:45:14.692+0000] {logging_mixin.py:190} INFO - [2026-04-21T06:45:14.692+0000] {dagbag.py:588} INFO - Filling up the DagBag from /home/airflow/.local/lib/python3.12/site-packages/airflow/example_dags/example_latest_only_with_trigger.py
[2026-04-21T06:45:14.696+0000] {processor.py:925} INFO - DAG(s) 'latest_only_with_trigger' retrieved from /home/airflow/.local/lib/python3.12/site-packages/airflow/example_dags/example_latest_only_with_trigger.py
[2026-04-21T06:45:14.711+0000] {logging_mixin.py:190} INFO - [2026-04-21T06:45:14.711+0000] {dag.py:3239} INFO - Sync 1 DAGs
[2026-04-21T06:45:14.723+0000] {logging_mixin.py:190} INFO - [2026-04-21T06:45:14.723+0000] {dag.py:4180} INFO - Setting next_dagrun for latest_only_with_trigger to 2026-04-21 00:00:00+00:00, run_after=2026-04-21 04:00:00+00:00
[2026-04-21T06:45:14.731+0000] {processor.py:208} INFO - Processing /home/airflow/.local/lib/python3.12/site-packages/airflow/example_dags/example_latest_only_with_trigger.py took 0.043 seconds
[2026-04-21T06:45:45.216+0000] {processor.py:186} INFO - Started process (PID=470) to work on /home/airflow/.local/lib/python3.12/site-packages/airflow/example_dags/example_latest_only_with_trigger.py
[2026-04-21T06:45:45.217+0000] {processor.py:914} INFO - Processing file /home/airflow/.local/lib/python3.12/site-packages/airflow/example_dags/example_latest_only_with_trigger.py for tasks to queue
[2026-04-21T06:45:45.218+0000] {logging_mixin.py:190} INFO - [2026-04-21T06:45:45.218+0000] {dagbag.py:588} INFO - Filling up the DagBag from /home/airflow/.local/lib/python3.12/site-packages/airflow/example_dags/example_latest_only_with_trigger.py
[2026-04-21T06:45:45.221+0000] {processor.py:925} INFO - DAG(s) 'latest_only_with_trigger' retrieved from /home/airflow/.local/lib/python3.12/site-packages/airflow/example_dags/example_latest_only_with_trigger.py
[2026-04-21T06:45:45.228+0000] {logging_mixin.py:190} INFO - [2026-04-21T06:45:45.228+0000] {dag.py:3239} INFO - Sync 1 DAGs
[2026-04-21T06:45:45.235+0000] {logging_mixin.py:190} INFO - [2026-04-21T06:45:45.235+0000] {dag.py:4180} INFO - Setting next_dagrun for latest_only_with_trigger to 2026-04-21 00:00:00+00:00, run_after=2026-04-21 04:00:00+00:00
[2026-04-21T06:45:45.241+0000] {processor.py:208} INFO - Processing /home/airflow/.local/lib/python3.12/site-packages/airflow/example_dags/example_latest_only_with_trigger.py took 0.027 seconds
[2026-04-21T06:46:15.670+0000] {processor.py:186} INFO - Started process (PID=534) to work on /home/airflow/.local/lib/python3.12/site-packages/airflow/example_dags/example_latest_only_with_trigger.py
[2026-04-21T06:46:15.671+0000] {processor.py:914} INFO - Processing file /home/airflow/.local/lib/python3.12/site-packages/airflow/example_dags/example_latest_only_with_trigger.py for tasks to queue
[2026-04-21T06:46:15.671+0000] {logging_mixin.py:190} INFO - [2026-04-21T06:46:15.671+0000] {dagbag.py:588} INFO - Filling up the DagBag from /home/airflow/.local/lib/python3.12/site-packages/airflow/example_dags/example_latest_only_with_trigger.py
[2026-04-21T06:46:15.675+0000] {processor.py:925} INFO - DAG(s) 'latest_only_with_trigger' retrieved from /home/airflow/.local/lib/python3.12/site-packages/airflow/example_dags/example_latest_only_with_trigger.py
[2026-04-21T06:46:15.682+0000] {logging_mixin.py:190} INFO - [2026-04-21T06:46:15.682+0000] {dag.py:3239} INFO - Sync 1 DAGs
[2026-04-21T06:46:15.689+0000] {logging_mixin.py:190} INFO - [2026-04-21T06:46:15.689+0000] {dag.py:4180} INFO - Setting next_dagrun for latest_only_with_trigger to 2026-04-21 00:00:00+00:00, run_after=2026-04-21 04:00:00+00:00
[2026-04-21T06:46:15.695+0000] {processor.py:208} INFO - Processing /home/airflow/.local/lib/python3.12/site-packages/airflow/example_dags/example_latest_only_with_trigger.py took 0.027 seconds
[2026-04-21T06:46:45.963+0000] {processor.py:186} INFO - Started process (PID=598) to work on /home/airflow/.local/lib/python3.12/site-packages/airflow/example_dags/example_latest_only_with_trigger.py
[2026-04-21T06:46:45.964+0000] {processor.py:914} INFO - Processing file /home/airflow/.local/lib/python3.12/site-packages/airflow/example_dags/example_latest_only_with_trigger.py for tasks to queue
[2026-04-21T06:46:45.965+0000] {logging_mixin.py:190} INFO - [2026-04-21T06:46:45.965+0000] {dagbag.py:588} INFO - Filling up the DagBag from /home/airflow/.local/lib/python3.12/site-packages/airflow/example_dags/example_latest_only_with_trigger.py
[2026-04-21T06:46:45.971+0000] {processor.py:925} INFO - DAG(s) 'latest_only_with_trigger' retrieved from /home/airflow/.local/lib/python3.12/site-packages/airflow/example_dags/example_latest_only_with_trigger.py
[2026-04-21T06:46:45.981+0000] {logging_mixin.py:190} INFO - [2026-04-21T06:46:45.981+0000] {dag.py:3239} INFO - Sync 1 DAGs
[2026-04-21T06:46:45.992+0000] {logging_mixin.py:190} INFO - [2026-04-21T06:46:45.992+0000] {dag.py:4180} INFO - Setting next_dagrun for latest_only_with_trigger to 2026-04-21 00:00:00+00:00, run_after=2026-04-21 04:00:00+00:00
[2026-04-21T06:46:46.001+0000] {processor.py:208} INFO - Processing /home/airflow/.local/lib/python3.12/site-packages/airflow/example_dags/example_latest_only_with_trigger.py took 0.040 seconds
[2026-04-21T06:47:17.107+0000] {processor.py:186} INFO - Started process (PID=662) to work on /home/airflow/.local/lib/python3.12/site-packages/airflow/example_dags/example_latest_only_with_trigger.py
[2026-04-21T06:47:17.107+0000] {processor.py:914} INFO - Processing file /home/airflow/.local/lib/python3.12/site-packages/airflow/example_dags/example_latest_only_with_trigger.py for tasks to queue
[2026-04-21T06:47:17.108+0000] {logging_mixin.py:190} INFO - [2026-04-21T06:47:17.108+0000] {dagbag.py:588} INFO - Filling up the DagBag from /home/airflow/.local/lib/python3.12/site-packages/airflow/example_dags/example_latest_only_with_trigger.py
[2026-04-21T06:47:17.113+0000] {processor.py:925} INFO - DAG(s) 'latest_only_with_trigger' retrieved from /home/airflow/.local/lib/python3.12/site-packages/airflow/example_dags/example_latest_only_with_trigger.py
[2026-04-21T06:47:17.121+0000] {logging_mixin.py:190} INFO - [2026-04-21T06:47:17.121+0000] {dag.py:3239} INFO - Sync 1 DAGs
[2026-04-21T06:47:17.131+0000] {logging_mixin.py:190} INFO - [2026-04-21T06:47:17.131+0000] {dag.py:4180} INFO - Setting next_dagrun for latest_only_with_trigger to 2026-04-21 00:00:00+00:00, run_after=2026-04-21 04:00:00+00:00
[2026-04-21T06:47:17.138+0000] {processor.py:208} INFO - Processing /home/airflow/.local/lib/python3.12/site-packages/airflow/example_dags/example_latest_only_with_trigger.py took 0.034 seconds
[2026-04-21T06:47:47.425+0000] {processor.py:186} INFO - Started process (PID=726) to work on /home/airflow/.local/lib/python3.12/site-packages/airflow/example_dags/example_latest_only_with_trigger.py
[2026-04-21T06:47:47.425+0000] {processor.py:914} INFO - Processing file /home/airflow/.local/lib/python3.12/site-packages/airflow/example_dags/example_latest_only_with_trigger.py for tasks to queue
[2026-04-21T06:47:47.426+0000] {logging_mixin.py:190} INFO - [2026-04-21T06:47:47.426+0000] {dagbag.py:588} INFO - Filling up the DagBag from /home/airflow/.local/lib/python3.12/site-packages/airflow/example_dags/example_latest_only_with_trigger.py
[2026-04-21T06:47:47.429+0000] {processor.py:925} INFO - DAG(s) 'latest_only_with_trigger' retrieved from /home/airflow/.local/lib/python3.12/site-packages/airflow/example_dags/example_latest_only_with_trigger.py
[2026-04-21T06:47:47.437+0000] {logging_mixin.py:190} INFO - [2026-04-21T06:47:47.437+0000] {dag.py:3239} INFO - Sync 1 DAGs
[2026-04-21T06:47:47.447+0000] {logging_mixin.py:190} INFO - [2026-04-21T06:47:47.447+0000] {dag.py:4180} INFO - Setting next_dagrun for latest_only_with_trigger to 2026-04-21 00:00:00+00:00, run_after=2026-04-21 04:00:00+00:00
[2026-04-21T06:47:47.457+0000] {processor.py:208} INFO - Processing /home/airflow/.local/lib/python3.12/site-packages/airflow/example_dags/example_latest_only_with_trigger.py took 0.034 seconds
[2026-04-21T06:48:18.680+0000] {processor.py:186} INFO - Started process (PID=790) to work on /home/airflow/.local/lib/python3.12/site-packages/airflow/example_dags/example_latest_only_with_trigger.py
[2026-04-21T06:48:18.681+0000] {processor.py:914} INFO - Processing file /home/airflow/.local/lib/python3.12/site-packages/airflow/example_dags/example_latest_only_with_trigger.py for tasks to queue
[2026-04-21T06:48:18.683+0000] {logging_mixin.py:190} INFO - [2026-04-21T06:48:18.683+0000] {dagbag.py:588} INFO - Filling up the DagBag from /home/airflow/.local/lib/python3.12/site-packages/airflow/example_dags/example_latest_only_with_trigger.py
[2026-04-21T06:48:18.690+0000] {processor.py:925} INFO - DAG(s) 'latest_only_with_trigger' retrieved from /home/airflow/.local/lib/python3.12/site-packages/airflow/example_dags/example_latest_only_with_trigger.py
[2026-04-21T06:48:18.705+0000] {logging_mixin.py:190} INFO - [2026-04-21T06:48:18.704+0000] {dag.py:3239} INFO - Sync 1 DAGs
[2026-04-21T06:48:18.715+0000] {logging_mixin.py:190} INFO - [2026-04-21T06:48:18.715+0000] {dag.py:4180} INFO - Setting next_dagrun for latest_only_with_trigger to 2026-04-21 00:00:00+00:00, run_after=2026-04-21 04:00:00+00:00
[2026-04-21T06:48:18.725+0000] {processor.py:208} INFO - Processing /home/airflow/.local/lib/python3.12/site-packages/airflow/example_dags/example_latest_only_with_trigger.py took 0.049 seconds
[2026-04-21T06:48:49.252+0000] {processor.py:186} INFO - Started process (PID=854) to work on /home/airflow/.local/lib/python3.12/site-packages/airflow/example_dags/example_latest_only_with_trigger.py
[2026-04-21T06:48:49.253+0000] {processor.py:914} INFO - Processing file /home/airflow/.local/lib/python3.12/site-packages/airflow/example_dags/example_latest_only_with_trigger.py for tasks to queue
[2026-04-21T06:48:49.256+0000] {logging_mixin.py:190} INFO - [2026-04-21T06:48:49.255+0000] {dagbag.py:588} INFO - Filling up the DagBag from /home/airflow/.local/lib/python3.12/site-packages/airflow/example_dags/example_latest_only_with_trigger.py
[2026-04-21T06:48:49.259+0000] {processor.py:925} INFO - DAG(s) 'latest_only_with_trigger' retrieved from /home/airflow/.local/lib/python3.12/site-packages/airflow/example_dags/example_latest_only_with_trigger.py
[2026-04-21T06:48:49.271+0000] {logging_mixin.py:190} INFO - [2026-04-21T06:48:49.271+0000] {dag.py:3239} INFO - Sync 1 DAGs
[2026-04-21T06:48:49.281+0000] {logging_mixin.py:190} INFO - [2026-04-21T06:48:49.281+0000] {dag.py:4180} INFO - Setting next_dagrun for latest_only_with_trigger to 2026-04-21 00:00:00+00:00, run_after=2026-04-21 04:00:00+00:00
[2026-04-21T06:48:49.293+0000] {processor.py:208} INFO - Processing /home/airflow/.local/lib/python3.12/site-packages/airflow/example_dags/example_latest_only_with_trigger.py took 0.044 seconds
[2026-04-21T06:49:19.880+0000] {processor.py:186} INFO - Started process (PID=918) to work on /home/airflow/.local/lib/python3.12/site-packages/airflow/example_dags/example_latest_only_with_trigger.py
[2026-04-21T06:49:19.880+0000] {processor.py:914} INFO - Processing file /home/airflow/.local/lib/python3.12/site-packages/airflow/example_dags/example_latest_only_with_trigger.py for tasks to queue
[2026-04-21T06:49:19.883+0000] {logging_mixin.py:190} INFO - [2026-04-21T06:49:19.882+0000] {dagbag.py:588} INFO - Filling up the DagBag from /home/airflow/.local/lib/python3.12/site-packages/airflow/example_dags/example_latest_only_with_trigger.py
[2026-04-21T06:49:19.886+0000] {processor.py:925} INFO - DAG(s) 'latest_only_with_trigger' retrieved from /home/airflow/.local/lib/python3.12/site-packages/airflow/example_dags/example_latest_only_with_trigger.py
[2026-04-21T06:49:19.894+0000] {logging_mixin.py:190} INFO - [2026-04-21T06:49:19.894+0000] {dag.py:3239} INFO - Sync 1 DAGs
[2026-04-21T06:49:19.908+0000] {logging_mixin.py:190} INFO - [2026-04-21T06:49:19.908+0000] {dag.py:4180} INFO - Setting next_dagrun for latest_only_with_trigger to 2026-04-21 00:00:00+00:00, run_after=2026-04-21 04:00:00+00:00
[2026-04-21T06:49:19.917+0000] {processor.py:208} INFO - Processing /home/airflow/.local/lib/python3.12/site-packages/airflow/example_dags/example_latest_only_with_trigger.py took 0.040 seconds
[2026-04-21T06:49:50.312+0000] {processor.py:186} INFO - Started process (PID=982) to work on /home/airflow/.local/lib/python3.12/site-packages/airflow/example_dags/example_latest_only_with_trigger.py
[2026-04-21T06:49:50.313+0000] {processor.py:914} INFO - Processing file /home/airflow/.local/lib/python3.12/site-packages/airflow/example_dags/example_latest_only_with_trigger.py for tasks to queue
[2026-04-21T06:49:50.315+0000] {logging_mixin.py:190} INFO - [2026-04-21T06:49:50.315+0000] {dagbag.py:588} INFO - Filling up the DagBag from /home/airflow/.local/lib/python3.12/site-packages/airflow/example_dags/example_latest_only_with_trigger.py
[2026-04-21T06:49:50.317+0000] {processor.py:925} INFO - DAG(s) 'latest_only_with_trigger' retrieved from /home/airflow/.local/lib/python3.12/site-packages/airflow/example_dags/example_latest_only_with_trigger.py
[2026-04-21T06:49:50.330+0000] {logging_mixin.py:190} INFO - [2026-04-21T06:49:50.329+0000] {dag.py:3239} INFO - Sync 1 DAGs
[2026-04-21T06:49:50.340+0000] {logging_mixin.py:190} INFO - [2026-04-21T06:49:50.340+0000] {dag.py:4180} INFO - Setting next_dagrun for latest_only_with_trigger to 2026-04-21 00:00:00+00:00, run_after=2026-04-21 04:00:00+00:00
[2026-04-21T06:49:50.345+0000] {processor.py:208} INFO - Processing /home/airflow/.local/lib/python3.12/site-packages/airflow/example_dags/example_latest_only_with_trigger.py took 0.035 seconds
[2026-04-21T06:50:20.858+0000] {processor.py:186} INFO - Started process (PID=1046) to work on /home/airflow/.local/lib/python3.12/site-packages/airflow/example_dags/example_latest_only_with_trigger.py
[2026-04-21T06:50:20.858+0000] {processor.py:914} INFO - Processing file /home/airflow/.local/lib/python3.12/site-packages/airflow/example_dags/example_latest_only_with_trigger.py for tasks to queue
[2026-04-21T06:50:20.860+0000] {logging_mixin.py:190} INFO - [2026-04-21T06:50:20.860+0000] {dagbag.py:588} INFO - Filling up the DagBag from /home/airflow/.local/lib/python3.12/site-packages/airflow/example_dags/example_latest_only_with_trigger.py
[2026-04-21T06:50:20.863+0000] {processor.py:925} INFO - DAG(s) 'latest_only_with_trigger' retrieved from /home/airflow/.local/lib/python3.12/site-packages/airflow/example_dags/example_latest_only_with_trigger.py
[2026-04-21T06:50:20.872+0000] {logging_mixin.py:190} INFO - [2026-04-21T06:50:20.872+0000] {dag.py:3239} INFO - Sync 1 DAGs
[2026-04-21T06:50:20.880+0000] {logging_mixin.py:190} INFO - [2026-04-21T06:50:20.880+0000] {dag.py:4180} INFO - Setting next_dagrun for latest_only_with_trigger to 2026-04-21 00:00:00+00:00, run_after=2026-04-21 04:00:00+00:00
[2026-04-21T06:50:20.889+0000] {processor.py:208} INFO - Processing /home/airflow/.local/lib/python3.12/site-packages/airflow/example_dags/example_latest_only_with_trigger.py took 0.033 seconds
[2026-04-21T06:50:51.364+0000] {processor.py:186} INFO - Started process (PID=1110) to work on /home/airflow/.local/lib/python3.12/site-packages/airflow/example_dags/example_latest_only_with_trigger.py
[2026-04-21T06:50:51.364+0000] {processor.py:914} INFO - Processing file /home/airflow/.local/lib/python3.12/site-packages/airflow/example_dags/example_latest_only_with_trigger.py for tasks to queue
[2026-04-21T06:50:51.365+0000] {logging_mixin.py:190} INFO - [2026-04-21T06:50:51.365+0000] {dagbag.py:588} INFO - Filling up the DagBag from /home/airflow/.local/lib/python3.12/site-packages/airflow/example_dags/example_latest_only_with_trigger.py
[2026-04-21T06:50:51.369+0000] {processor.py:925} INFO - DAG(s) 'latest_only_with_trigger' retrieved from /home/airflow/.local/lib/python3.12/site-packages/airflow/example_dags/example_latest_only_with_trigger.py
[2026-04-21T06:50:51.377+0000] {logging_mixin.py:190} INFO - [2026-04-21T06:50:51.377+0000] {dag.py:3239} INFO - Sync 1 DAGs
[2026-04-21T06:50:51.386+0000] {logging_mixin.py:190} INFO - [2026-04-21T06:50:51.386+0000] {dag.py:4180} INFO - Setting next_dagrun for latest_only_with_trigger to 2026-04-21 00:00:00+00:00, run_after=2026-04-21 04:00:00+00:00
[2026-04-21T06:50:51.394+0000] {processor.py:208} INFO - Processing /home/airflow/.local/lib/python3.12/site-packages/airflow/example_dags/example_latest_only_with_trigger.py took 0.033 seconds
