[2026-04-21T06:42:41.443+0000] {processor.py:186} INFO - Started process (PID=79) to work on /home/airflow/.local/lib/python3.12/site-packages/airflow/example_dags/example_latest_only.py
[2026-04-21T06:42:41.444+0000] {processor.py:914} INFO - Processing file /home/airflow/.local/lib/python3.12/site-packages/airflow/example_dags/example_latest_only.py for tasks to queue
[2026-04-21T06:42:41.445+0000] {logging_mixin.py:190} INFO - [2026-04-21T06:42:41.445+0000] {dagbag.py:588} INFO - Filling up the DagBag from /home/airflow/.local/lib/python3.12/site-packages/airflow/example_dags/example_latest_only.py
[2026-04-21T06:42:41.449+0000] {processor.py:925} INFO - DAG(s) 'latest_only' retrieved from /home/airflow/.local/lib/python3.12/site-packages/airflow/example_dags/example_latest_only.py
[2026-04-21T06:42:41.460+0000] {logging_mixin.py:190} INFO - [2026-04-21T06:42:41.460+0000] {dag.py:3239} INFO - Sync 1 DAGs
[2026-04-21T06:42:41.470+0000] {logging_mixin.py:190} INFO - [2026-04-21T06:42:41.470+0000] {dag.py:4180} INFO - Setting next_dagrun for latest_only to 2026-04-21 00:00:00+00:00, run_after=2026-04-21 04:00:00+00:00
[2026-04-21T06:42:41.478+0000] {processor.py:208} INFO - Processing /home/airflow/.local/lib/python3.12/site-packages/airflow/example_dags/example_latest_only.py took 0.037 seconds
[2026-04-21T06:43:12.366+0000] {processor.py:186} INFO - Started process (PID=151) to work on /home/airflow/.local/lib/python3.12/site-packages/airflow/example_dags/example_latest_only.py
[2026-04-21T06:43:12.367+0000] {processor.py:914} INFO - Processing file /home/airflow/.local/lib/python3.12/site-packages/airflow/example_dags/example_latest_only.py for tasks to queue
[2026-04-21T06:43:12.368+0000] {logging_mixin.py:190} INFO - [2026-04-21T06:43:12.368+0000] {dagbag.py:588} INFO - Filling up the DagBag from /home/airflow/.local/lib/python3.12/site-packages/airflow/example_dags/example_latest_only.py
[2026-04-21T06:43:12.372+0000] {processor.py:925} INFO - DAG(s) 'latest_only' retrieved from /home/airflow/.local/lib/python3.12/site-packages/airflow/example_dags/example_latest_only.py
[2026-04-21T06:43:12.380+0000] {logging_mixin.py:190} INFO - [2026-04-21T06:43:12.380+0000] {dag.py:3239} INFO - Sync 1 DAGs
[2026-04-21T06:43:12.392+0000] {logging_mixin.py:190} INFO - [2026-04-21T06:43:12.392+0000] {dag.py:4180} INFO - Setting next_dagrun for latest_only to 2026-04-21 00:00:00+00:00, run_after=2026-04-21 04:00:00+00:00
[2026-04-21T06:43:12.404+0000] {processor.py:208} INFO - Processing /home/airflow/.local/lib/python3.12/site-packages/airflow/example_dags/example_latest_only.py took 0.041 seconds
[2026-04-21T06:43:43.500+0000] {processor.py:186} INFO - Started process (PID=215) to work on /home/airflow/.local/lib/python3.12/site-packages/airflow/example_dags/example_latest_only.py
[2026-04-21T06:43:43.503+0000] {processor.py:914} INFO - Processing file /home/airflow/.local/lib/python3.12/site-packages/airflow/example_dags/example_latest_only.py for tasks to queue
[2026-04-21T06:43:43.506+0000] {logging_mixin.py:190} INFO - [2026-04-21T06:43:43.506+0000] {dagbag.py:588} INFO - Filling up the DagBag from /home/airflow/.local/lib/python3.12/site-packages/airflow/example_dags/example_latest_only.py
[2026-04-21T06:43:43.509+0000] {processor.py:925} INFO - DAG(s) 'latest_only' retrieved from /home/airflow/.local/lib/python3.12/site-packages/airflow/example_dags/example_latest_only.py
[2026-04-21T06:43:43.519+0000] {logging_mixin.py:190} INFO - [2026-04-21T06:43:43.519+0000] {dag.py:3239} INFO - Sync 1 DAGs
[2026-04-21T06:43:43.527+0000] {logging_mixin.py:190} INFO - [2026-04-21T06:43:43.527+0000] {dag.py:4180} INFO - Setting next_dagrun for latest_only to 2026-04-21 00:00:00+00:00, run_after=2026-04-21 04:00:00+00:00
[2026-04-21T06:43:43.534+0000] {processor.py:208} INFO - Processing /home/airflow/.local/lib/python3.12/site-packages/airflow/example_dags/example_latest_only.py took 0.036 seconds
[2026-04-21T06:44:14.025+0000] {processor.py:186} INFO - Started process (PID=279) to work on /home/airflow/.local/lib/python3.12/site-packages/airflow/example_dags/example_latest_only.py
[2026-04-21T06:44:14.028+0000] {processor.py:914} INFO - Processing file /home/airflow/.local/lib/python3.12/site-packages/airflow/example_dags/example_latest_only.py for tasks to queue
[2026-04-21T06:44:14.029+0000] {logging_mixin.py:190} INFO - [2026-04-21T06:44:14.029+0000] {dagbag.py:588} INFO - Filling up the DagBag from /home/airflow/.local/lib/python3.12/site-packages/airflow/example_dags/example_latest_only.py
[2026-04-21T06:44:14.033+0000] {processor.py:925} INFO - DAG(s) 'latest_only' retrieved from /home/airflow/.local/lib/python3.12/site-packages/airflow/example_dags/example_latest_only.py
[2026-04-21T06:44:14.044+0000] {logging_mixin.py:190} INFO - [2026-04-21T06:44:14.043+0000] {dag.py:3239} INFO - Sync 1 DAGs
[2026-04-21T06:44:14.052+0000] {logging_mixin.py:190} INFO - [2026-04-21T06:44:14.052+0000] {dag.py:4180} INFO - Setting next_dagrun for latest_only to 2026-04-21 00:00:00+00:00, run_after=2026-04-21 04:00:00+00:00
[2026-04-21T06:44:14.060+0000] {processor.py:208} INFO - Processing /home/airflow/.local/lib/python3.12/site-packages/airflow/example_dags/example_latest_only.py took 0.037 seconds
[2026-04-21T06:44:44.335+0000] {processor.py:186} INFO - Started process (PID=343) to work on /home/airflow/.local/lib/python3.12/site-packages/airflow/example_dags/example_latest_only.py
[2026-04-21T06:44:44.336+0000] {processor.py:914} INFO - Processing file /home/airflow/.local/lib/python3.12/site-packages/airflow/example_dags/example_latest_only.py for tasks to queue
[2026-04-21T06:44:44.336+0000] {logging_mixin.py:190} INFO - [2026-04-21T06:44:44.336+0000] {dagbag.py:588} INFO - Filling up the DagBag from /home/airflow/.local/lib/python3.12/site-packages/airflow/example_dags/example_latest_only.py
[2026-04-21T06:44:44.339+0000] {processor.py:925} INFO - DAG(s) 'latest_only' retrieved from /home/airflow/.local/lib/python3.12/site-packages/airflow/example_dags/example_latest_only.py
[2026-04-21T06:44:44.347+0000] {logging_mixin.py:190} INFO - [2026-04-21T06:44:44.347+0000] {dag.py:3239} INFO - Sync 1 DAGs
[2026-04-21T06:44:44.357+0000] {logging_mixin.py:190} INFO - [2026-04-21T06:44:44.357+0000] {dag.py:4180} INFO - Setting next_dagrun for latest_only to 2026-04-21 00:00:00+00:00, run_after=2026-04-21 04:00:00+00:00
[2026-04-21T06:44:44.365+0000] {processor.py:208} INFO - Processing /home/airflow/.local/lib/python3.12/site-packages/airflow/example_dags/example_latest_only.py took 0.032 seconds
[2026-04-21T06:45:14.732+0000] {processor.py:186} INFO - Started process (PID=407) to work on /home/airflow/.local/lib/python3.12/site-packages/airflow/example_dags/example_latest_only.py
[2026-04-21T06:45:14.733+0000] {processor.py:914} INFO - Processing file /home/airflow/.local/lib/python3.12/site-packages/airflow/example_dags/example_latest_only.py for tasks to queue
[2026-04-21T06:45:14.734+0000] {logging_mixin.py:190} INFO - [2026-04-21T06:45:14.734+0000] {dagbag.py:588} INFO - Filling up the DagBag from /home/airflow/.local/lib/python3.12/site-packages/airflow/example_dags/example_latest_only.py
[2026-04-21T06:45:14.738+0000] {processor.py:925} INFO - DAG(s) 'latest_only' retrieved from /home/airflow/.local/lib/python3.12/site-packages/airflow/example_dags/example_latest_only.py
[2026-04-21T06:45:14.747+0000] {logging_mixin.py:190} INFO - [2026-04-21T06:45:14.747+0000] {dag.py:3239} INFO - Sync 1 DAGs
[2026-04-21T06:45:14.758+0000] {logging_mixin.py:190} INFO - [2026-04-21T06:45:14.758+0000] {dag.py:4180} INFO - Setting next_dagrun for latest_only to 2026-04-21 00:00:00+00:00, run_after=2026-04-21 04:00:00+00:00
[2026-04-21T06:45:14.769+0000] {processor.py:208} INFO - Processing /home/airflow/.local/lib/python3.12/site-packages/airflow/example_dags/example_latest_only.py took 0.039 seconds
[2026-04-21T06:45:45.253+0000] {processor.py:186} INFO - Started process (PID=471) to work on /home/airflow/.local/lib/python3.12/site-packages/airflow/example_dags/example_latest_only.py
[2026-04-21T06:45:45.254+0000] {processor.py:914} INFO - Processing file /home/airflow/.local/lib/python3.12/site-packages/airflow/example_dags/example_latest_only.py for tasks to queue
[2026-04-21T06:45:45.255+0000] {logging_mixin.py:190} INFO - [2026-04-21T06:45:45.255+0000] {dagbag.py:588} INFO - Filling up the DagBag from /home/airflow/.local/lib/python3.12/site-packages/airflow/example_dags/example_latest_only.py
[2026-04-21T06:45:45.258+0000] {processor.py:925} INFO - DAG(s) 'latest_only' retrieved from /home/airflow/.local/lib/python3.12/site-packages/airflow/example_dags/example_latest_only.py
[2026-04-21T06:45:45.270+0000] {logging_mixin.py:190} INFO - [2026-04-21T06:45:45.270+0000] {dag.py:3239} INFO - Sync 1 DAGs
[2026-04-21T06:45:45.281+0000] {logging_mixin.py:190} INFO - [2026-04-21T06:45:45.281+0000] {dag.py:4180} INFO - Setting next_dagrun for latest_only to 2026-04-21 00:00:00+00:00, run_after=2026-04-21 04:00:00+00:00
[2026-04-21T06:45:45.292+0000] {processor.py:208} INFO - Processing /home/airflow/.local/lib/python3.12/site-packages/airflow/example_dags/example_latest_only.py took 0.044 seconds
[2026-04-21T06:46:15.704+0000] {processor.py:186} INFO - Started process (PID=535) to work on /home/airflow/.local/lib/python3.12/site-packages/airflow/example_dags/example_latest_only.py
[2026-04-21T06:46:15.704+0000] {processor.py:914} INFO - Processing file /home/airflow/.local/lib/python3.12/site-packages/airflow/example_dags/example_latest_only.py for tasks to queue
[2026-04-21T06:46:15.705+0000] {logging_mixin.py:190} INFO - [2026-04-21T06:46:15.705+0000] {dagbag.py:588} INFO - Filling up the DagBag from /home/airflow/.local/lib/python3.12/site-packages/airflow/example_dags/example_latest_only.py
[2026-04-21T06:46:15.708+0000] {processor.py:925} INFO - DAG(s) 'latest_only' retrieved from /home/airflow/.local/lib/python3.12/site-packages/airflow/example_dags/example_latest_only.py
[2026-04-21T06:46:15.719+0000] {logging_mixin.py:190} INFO - [2026-04-21T06:46:15.719+0000] {dag.py:3239} INFO - Sync 1 DAGs
[2026-04-21T06:46:15.731+0000] {logging_mixin.py:190} INFO - [2026-04-21T06:46:15.731+0000] {dag.py:4180} INFO - Setting next_dagrun for latest_only to 2026-04-21 00:00:00+00:00, run_after=2026-04-21 04:00:00+00:00
[2026-04-21T06:46:15.741+0000] {processor.py:208} INFO - Processing /home/airflow/.local/lib/python3.12/site-packages/airflow/example_dags/example_latest_only.py took 0.039 seconds
[2026-04-21T06:46:45.963+0000] {processor.py:186} INFO - Started process (PID=599) to work on /home/airflow/.local/lib/python3.12/site-packages/airflow/example_dags/example_latest_only.py
[2026-04-21T06:46:45.964+0000] {processor.py:914} INFO - Processing file /home/airflow/.local/lib/python3.12/site-packages/airflow/example_dags/example_latest_only.py for tasks to queue
[2026-04-21T06:46:45.965+0000] {logging_mixin.py:190} INFO - [2026-04-21T06:46:45.965+0000] {dagbag.py:588} INFO - Filling up the DagBag from /home/airflow/.local/lib/python3.12/site-packages/airflow/example_dags/example_latest_only.py
[2026-04-21T06:46:45.969+0000] {processor.py:925} INFO - DAG(s) 'latest_only' retrieved from /home/airflow/.local/lib/python3.12/site-packages/airflow/example_dags/example_latest_only.py
[2026-04-21T06:46:45.980+0000] {logging_mixin.py:190} INFO - [2026-04-21T06:46:45.980+0000] {dag.py:3239} INFO - Sync 1 DAGs
[2026-04-21T06:46:45.989+0000] {logging_mixin.py:190} INFO - [2026-04-21T06:46:45.989+0000] {dag.py:4180} INFO - Setting next_dagrun for latest_only to 2026-04-21 00:00:00+00:00, run_after=2026-04-21 04:00:00+00:00
[2026-04-21T06:46:45.997+0000] {processor.py:208} INFO - Processing /home/airflow/.local/lib/python3.12/site-packages/airflow/example_dags/example_latest_only.py took 0.036 seconds
[2026-04-21T06:47:17.108+0000] {processor.py:186} INFO - Started process (PID=663) to work on /home/airflow/.local/lib/python3.12/site-packages/airflow/example_dags/example_latest_only.py
[2026-04-21T06:47:17.109+0000] {processor.py:914} INFO - Processing file /home/airflow/.local/lib/python3.12/site-packages/airflow/example_dags/example_latest_only.py for tasks to queue
[2026-04-21T06:47:17.111+0000] {logging_mixin.py:190} INFO - [2026-04-21T06:47:17.111+0000] {dagbag.py:588} INFO - Filling up the DagBag from /home/airflow/.local/lib/python3.12/site-packages/airflow/example_dags/example_latest_only.py
[2026-04-21T06:47:17.113+0000] {processor.py:925} INFO - DAG(s) 'latest_only' retrieved from /home/airflow/.local/lib/python3.12/site-packages/airflow/example_dags/example_latest_only.py
[2026-04-21T06:47:17.122+0000] {logging_mixin.py:190} INFO - [2026-04-21T06:47:17.122+0000] {dag.py:3239} INFO - Sync 1 DAGs
[2026-04-21T06:47:17.130+0000] {logging_mixin.py:190} INFO - [2026-04-21T06:47:17.130+0000] {dag.py:4180} INFO - Setting next_dagrun for latest_only to 2026-04-21 00:00:00+00:00, run_after=2026-04-21 04:00:00+00:00
[2026-04-21T06:47:17.138+0000] {processor.py:208} INFO - Processing /home/airflow/.local/lib/python3.12/site-packages/airflow/example_dags/example_latest_only.py took 0.032 seconds
[2026-04-21T06:47:47.426+0000] {processor.py:186} INFO - Started process (PID=727) to work on /home/airflow/.local/lib/python3.12/site-packages/airflow/example_dags/example_latest_only.py
[2026-04-21T06:47:47.426+0000] {processor.py:914} INFO - Processing file /home/airflow/.local/lib/python3.12/site-packages/airflow/example_dags/example_latest_only.py for tasks to queue
[2026-04-21T06:47:47.428+0000] {logging_mixin.py:190} INFO - [2026-04-21T06:47:47.428+0000] {dagbag.py:588} INFO - Filling up the DagBag from /home/airflow/.local/lib/python3.12/site-packages/airflow/example_dags/example_latest_only.py
[2026-04-21T06:47:47.432+0000] {processor.py:925} INFO - DAG(s) 'latest_only' retrieved from /home/airflow/.local/lib/python3.12/site-packages/airflow/example_dags/example_latest_only.py
[2026-04-21T06:47:47.444+0000] {logging_mixin.py:190} INFO - [2026-04-21T06:47:47.444+0000] {dag.py:3239} INFO - Sync 1 DAGs
[2026-04-21T06:47:47.452+0000] {logging_mixin.py:190} INFO - [2026-04-21T06:47:47.451+0000] {dag.py:4180} INFO - Setting next_dagrun for latest_only to 2026-04-21 00:00:00+00:00, run_after=2026-04-21 04:00:00+00:00
[2026-04-21T06:47:47.459+0000] {processor.py:208} INFO - Processing /home/airflow/.local/lib/python3.12/site-packages/airflow/example_dags/example_latest_only.py took 0.036 seconds
[2026-04-21T06:48:18.731+0000] {processor.py:186} INFO - Started process (PID=791) to work on /home/airflow/.local/lib/python3.12/site-packages/airflow/example_dags/example_latest_only.py
[2026-04-21T06:48:18.731+0000] {processor.py:914} INFO - Processing file /home/airflow/.local/lib/python3.12/site-packages/airflow/example_dags/example_latest_only.py for tasks to queue
[2026-04-21T06:48:18.732+0000] {logging_mixin.py:190} INFO - [2026-04-21T06:48:18.732+0000] {dagbag.py:588} INFO - Filling up the DagBag from /home/airflow/.local/lib/python3.12/site-packages/airflow/example_dags/example_latest_only.py
[2026-04-21T06:48:18.736+0000] {processor.py:925} INFO - DAG(s) 'latest_only' retrieved from /home/airflow/.local/lib/python3.12/site-packages/airflow/example_dags/example_latest_only.py
[2026-04-21T06:48:18.747+0000] {logging_mixin.py:190} INFO - [2026-04-21T06:48:18.747+0000] {dag.py:3239} INFO - Sync 1 DAGs
[2026-04-21T06:48:18.759+0000] {logging_mixin.py:190} INFO - [2026-04-21T06:48:18.759+0000] {dag.py:4180} INFO - Setting next_dagrun for latest_only to 2026-04-21 00:00:00+00:00, run_after=2026-04-21 04:00:00+00:00
[2026-04-21T06:48:18.769+0000] {processor.py:208} INFO - Processing /home/airflow/.local/lib/python3.12/site-packages/airflow/example_dags/example_latest_only.py took 0.040 seconds
[2026-04-21T06:48:49.252+0000] {processor.py:186} INFO - Started process (PID=855) to work on /home/airflow/.local/lib/python3.12/site-packages/airflow/example_dags/example_latest_only.py
[2026-04-21T06:48:49.253+0000] {processor.py:914} INFO - Processing file /home/airflow/.local/lib/python3.12/site-packages/airflow/example_dags/example_latest_only.py for tasks to queue
[2026-04-21T06:48:49.253+0000] {logging_mixin.py:190} INFO - [2026-04-21T06:48:49.253+0000] {dagbag.py:588} INFO - Filling up the DagBag from /home/airflow/.local/lib/python3.12/site-packages/airflow/example_dags/example_latest_only.py
[2026-04-21T06:48:49.258+0000] {processor.py:925} INFO - DAG(s) 'latest_only' retrieved from /home/airflow/.local/lib/python3.12/site-packages/airflow/example_dags/example_latest_only.py
[2026-04-21T06:48:49.270+0000] {logging_mixin.py:190} INFO - [2026-04-21T06:48:49.270+0000] {dag.py:3239} INFO - Sync 1 DAGs
[2026-04-21T06:48:49.279+0000] {logging_mixin.py:190} INFO - [2026-04-21T06:48:49.279+0000] {dag.py:4180} INFO - Setting next_dagrun for latest_only to 2026-04-21 00:00:00+00:00, run_after=2026-04-21 04:00:00+00:00
[2026-04-21T06:48:49.288+0000] {processor.py:208} INFO - Processing /home/airflow/.local/lib/python3.12/site-packages/airflow/example_dags/example_latest_only.py took 0.039 seconds
[2026-04-21T06:49:19.920+0000] {processor.py:186} INFO - Started process (PID=919) to work on /home/airflow/.local/lib/python3.12/site-packages/airflow/example_dags/example_latest_only.py
[2026-04-21T06:49:19.920+0000] {processor.py:914} INFO - Processing file /home/airflow/.local/lib/python3.12/site-packages/airflow/example_dags/example_latest_only.py for tasks to queue
[2026-04-21T06:49:19.921+0000] {logging_mixin.py:190} INFO - [2026-04-21T06:49:19.921+0000] {dagbag.py:588} INFO - Filling up the DagBag from /home/airflow/.local/lib/python3.12/site-packages/airflow/example_dags/example_latest_only.py
[2026-04-21T06:49:19.925+0000] {processor.py:925} INFO - DAG(s) 'latest_only' retrieved from /home/airflow/.local/lib/python3.12/site-packages/airflow/example_dags/example_latest_only.py
[2026-04-21T06:49:19.934+0000] {logging_mixin.py:190} INFO - [2026-04-21T06:49:19.933+0000] {dag.py:3239} INFO - Sync 1 DAGs
[2026-04-21T06:49:19.942+0000] {logging_mixin.py:190} INFO - [2026-04-21T06:49:19.942+0000] {dag.py:4180} INFO - Setting next_dagrun for latest_only to 2026-04-21 00:00:00+00:00, run_after=2026-04-21 04:00:00+00:00
[2026-04-21T06:49:19.953+0000] {processor.py:208} INFO - Processing /home/airflow/.local/lib/python3.12/site-packages/airflow/example_dags/example_latest_only.py took 0.035 seconds
[2026-04-21T06:49:50.341+0000] {processor.py:186} INFO - Started process (PID=983) to work on /home/airflow/.local/lib/python3.12/site-packages/airflow/example_dags/example_latest_only.py
[2026-04-21T06:49:50.342+0000] {processor.py:914} INFO - Processing file /home/airflow/.local/lib/python3.12/site-packages/airflow/example_dags/example_latest_only.py for tasks to queue
[2026-04-21T06:49:50.342+0000] {logging_mixin.py:190} INFO - [2026-04-21T06:49:50.342+0000] {dagbag.py:588} INFO - Filling up the DagBag from /home/airflow/.local/lib/python3.12/site-packages/airflow/example_dags/example_latest_only.py
[2026-04-21T06:49:50.345+0000] {processor.py:925} INFO - DAG(s) 'latest_only' retrieved from /home/airflow/.local/lib/python3.12/site-packages/airflow/example_dags/example_latest_only.py
[2026-04-21T06:49:50.352+0000] {logging_mixin.py:190} INFO - [2026-04-21T06:49:50.352+0000] {dag.py:3239} INFO - Sync 1 DAGs
[2026-04-21T06:49:50.361+0000] {logging_mixin.py:190} INFO - [2026-04-21T06:49:50.360+0000] {dag.py:4180} INFO - Setting next_dagrun for latest_only to 2026-04-21 00:00:00+00:00, run_after=2026-04-21 04:00:00+00:00
[2026-04-21T06:49:50.372+0000] {processor.py:208} INFO - Processing /home/airflow/.local/lib/python3.12/site-packages/airflow/example_dags/example_latest_only.py took 0.033 seconds
[2026-04-21T06:50:20.859+0000] {processor.py:186} INFO - Started process (PID=1047) to work on /home/airflow/.local/lib/python3.12/site-packages/airflow/example_dags/example_latest_only.py
[2026-04-21T06:50:20.859+0000] {processor.py:914} INFO - Processing file /home/airflow/.local/lib/python3.12/site-packages/airflow/example_dags/example_latest_only.py for tasks to queue
[2026-04-21T06:50:20.860+0000] {logging_mixin.py:190} INFO - [2026-04-21T06:50:20.860+0000] {dagbag.py:588} INFO - Filling up the DagBag from /home/airflow/.local/lib/python3.12/site-packages/airflow/example_dags/example_latest_only.py
[2026-04-21T06:50:20.864+0000] {processor.py:925} INFO - DAG(s) 'latest_only' retrieved from /home/airflow/.local/lib/python3.12/site-packages/airflow/example_dags/example_latest_only.py
[2026-04-21T06:50:20.873+0000] {logging_mixin.py:190} INFO - [2026-04-21T06:50:20.873+0000] {dag.py:3239} INFO - Sync 1 DAGs
[2026-04-21T06:50:20.882+0000] {logging_mixin.py:190} INFO - [2026-04-21T06:50:20.882+0000] {dag.py:4180} INFO - Setting next_dagrun for latest_only to 2026-04-21 00:00:00+00:00, run_after=2026-04-21 04:00:00+00:00
[2026-04-21T06:50:20.892+0000] {processor.py:208} INFO - Processing /home/airflow/.local/lib/python3.12/site-packages/airflow/example_dags/example_latest_only.py took 0.035 seconds
[2026-04-21T06:50:51.365+0000] {processor.py:186} INFO - Started process (PID=1111) to work on /home/airflow/.local/lib/python3.12/site-packages/airflow/example_dags/example_latest_only.py
[2026-04-21T06:50:51.365+0000] {processor.py:914} INFO - Processing file /home/airflow/.local/lib/python3.12/site-packages/airflow/example_dags/example_latest_only.py for tasks to queue
[2026-04-21T06:50:51.366+0000] {logging_mixin.py:190} INFO - [2026-04-21T06:50:51.366+0000] {dagbag.py:588} INFO - Filling up the DagBag from /home/airflow/.local/lib/python3.12/site-packages/airflow/example_dags/example_latest_only.py
[2026-04-21T06:50:51.369+0000] {processor.py:925} INFO - DAG(s) 'latest_only' retrieved from /home/airflow/.local/lib/python3.12/site-packages/airflow/example_dags/example_latest_only.py
[2026-04-21T06:50:51.378+0000] {logging_mixin.py:190} INFO - [2026-04-21T06:50:51.377+0000] {dag.py:3239} INFO - Sync 1 DAGs
[2026-04-21T06:50:51.386+0000] {logging_mixin.py:190} INFO - [2026-04-21T06:50:51.386+0000] {dag.py:4180} INFO - Setting next_dagrun for latest_only to 2026-04-21 00:00:00+00:00, run_after=2026-04-21 04:00:00+00:00
[2026-04-21T06:50:51.394+0000] {processor.py:208} INFO - Processing /home/airflow/.local/lib/python3.12/site-packages/airflow/example_dags/example_latest_only.py took 0.031 seconds
[2026-04-21T06:51:22.569+0000] {processor.py:186} INFO - Started process (PID=1175) to work on /home/airflow/.local/lib/python3.12/site-packages/airflow/example_dags/example_latest_only.py
[2026-04-21T06:51:22.572+0000] {processor.py:914} INFO - Processing file /home/airflow/.local/lib/python3.12/site-packages/airflow/example_dags/example_latest_only.py for tasks to queue
[2026-04-21T06:51:22.572+0000] {logging_mixin.py:190} INFO - [2026-04-21T06:51:22.572+0000] {dagbag.py:588} INFO - Filling up the DagBag from /home/airflow/.local/lib/python3.12/site-packages/airflow/example_dags/example_latest_only.py
[2026-04-21T06:51:22.575+0000] {processor.py:925} INFO - DAG(s) 'latest_only' retrieved from /home/airflow/.local/lib/python3.12/site-packages/airflow/example_dags/example_latest_only.py
[2026-04-21T06:51:22.582+0000] {logging_mixin.py:190} INFO - [2026-04-21T06:51:22.582+0000] {dag.py:3239} INFO - Sync 1 DAGs
[2026-04-21T06:51:22.590+0000] {logging_mixin.py:190} INFO - [2026-04-21T06:51:22.589+0000] {dag.py:4180} INFO - Setting next_dagrun for latest_only to 2026-04-21 00:00:00+00:00, run_after=2026-04-21 04:00:00+00:00
[2026-04-21T06:51:22.595+0000] {processor.py:208} INFO - Processing /home/airflow/.local/lib/python3.12/site-packages/airflow/example_dags/example_latest_only.py took 0.028 seconds
[2026-04-21T06:51:53.692+0000] {processor.py:186} INFO - Started process (PID=1239) to work on /home/airflow/.local/lib/python3.12/site-packages/airflow/example_dags/example_latest_only.py
[2026-04-21T06:51:53.693+0000] {processor.py:914} INFO - Processing file /home/airflow/.local/lib/python3.12/site-packages/airflow/example_dags/example_latest_only.py for tasks to queue
[2026-04-21T06:51:53.697+0000] {logging_mixin.py:190} INFO - [2026-04-21T06:51:53.697+0000] {dagbag.py:588} INFO - Filling up the DagBag from /home/airflow/.local/lib/python3.12/site-packages/airflow/example_dags/example_latest_only.py
[2026-04-21T06:51:53.699+0000] {processor.py:925} INFO - DAG(s) 'latest_only' retrieved from /home/airflow/.local/lib/python3.12/site-packages/airflow/example_dags/example_latest_only.py
[2026-04-21T06:51:53.708+0000] {logging_mixin.py:190} INFO - [2026-04-21T06:51:53.708+0000] {dag.py:3239} INFO - Sync 1 DAGs
[2026-04-21T06:51:53.717+0000] {logging_mixin.py:190} INFO - [2026-04-21T06:51:53.717+0000] {dag.py:4180} INFO - Setting next_dagrun for latest_only to 2026-04-21 00:00:00+00:00, run_after=2026-04-21 04:00:00+00:00
[2026-04-21T06:51:53.726+0000] {processor.py:208} INFO - Processing /home/airflow/.local/lib/python3.12/site-packages/airflow/example_dags/example_latest_only.py took 0.035 seconds
[2026-04-21T06:52:25.139+0000] {processor.py:186} INFO - Started process (PID=1303) to work on /home/airflow/.local/lib/python3.12/site-packages/airflow/example_dags/example_latest_only.py
[2026-04-21T06:52:25.140+0000] {processor.py:914} INFO - Processing file /home/airflow/.local/lib/python3.12/site-packages/airflow/example_dags/example_latest_only.py for tasks to queue
[2026-04-21T06:52:25.140+0000] {logging_mixin.py:190} INFO - [2026-04-21T06:52:25.140+0000] {dagbag.py:588} INFO - Filling up the DagBag from /home/airflow/.local/lib/python3.12/site-packages/airflow/example_dags/example_latest_only.py
[2026-04-21T06:52:25.143+0000] {processor.py:925} INFO - DAG(s) 'latest_only' retrieved from /home/airflow/.local/lib/python3.12/site-packages/airflow/example_dags/example_latest_only.py
[2026-04-21T06:52:25.153+0000] {logging_mixin.py:190} INFO - [2026-04-21T06:52:25.152+0000] {dag.py:3239} INFO - Sync 1 DAGs
[2026-04-21T06:52:25.161+0000] {logging_mixin.py:190} INFO - [2026-04-21T06:52:25.161+0000] {dag.py:4180} INFO - Setting next_dagrun for latest_only to 2026-04-21 00:00:00+00:00, run_after=2026-04-21 04:00:00+00:00
[2026-04-21T06:52:25.168+0000] {processor.py:208} INFO - Processing /home/airflow/.local/lib/python3.12/site-packages/airflow/example_dags/example_latest_only.py took 0.031 seconds
[2026-04-21T06:52:55.529+0000] {processor.py:186} INFO - Started process (PID=1367) to work on /home/airflow/.local/lib/python3.12/site-packages/airflow/example_dags/example_latest_only.py
[2026-04-21T06:52:55.530+0000] {processor.py:914} INFO - Processing file /home/airflow/.local/lib/python3.12/site-packages/airflow/example_dags/example_latest_only.py for tasks to queue
[2026-04-21T06:52:55.531+0000] {logging_mixin.py:190} INFO - [2026-04-21T06:52:55.531+0000] {dagbag.py:588} INFO - Filling up the DagBag from /home/airflow/.local/lib/python3.12/site-packages/airflow/example_dags/example_latest_only.py
[2026-04-21T06:52:55.534+0000] {processor.py:925} INFO - DAG(s) 'latest_only' retrieved from /home/airflow/.local/lib/python3.12/site-packages/airflow/example_dags/example_latest_only.py
[2026-04-21T06:52:55.546+0000] {logging_mixin.py:190} INFO - [2026-04-21T06:52:55.546+0000] {dag.py:3239} INFO - Sync 1 DAGs
[2026-04-21T06:52:55.555+0000] {logging_mixin.py:190} INFO - [2026-04-21T06:52:55.554+0000] {dag.py:4180} INFO - Setting next_dagrun for latest_only to 2026-04-21 00:00:00+00:00, run_after=2026-04-21 04:00:00+00:00
[2026-04-21T06:52:55.561+0000] {processor.py:208} INFO - Processing /home/airflow/.local/lib/python3.12/site-packages/airflow/example_dags/example_latest_only.py took 0.034 seconds
[2026-04-21T06:53:26.794+0000] {processor.py:186} INFO - Started process (PID=1431) to work on /home/airflow/.local/lib/python3.12/site-packages/airflow/example_dags/example_latest_only.py
[2026-04-21T06:53:26.795+0000] {processor.py:914} INFO - Processing file /home/airflow/.local/lib/python3.12/site-packages/airflow/example_dags/example_latest_only.py for tasks to queue
[2026-04-21T06:53:26.797+0000] {logging_mixin.py:190} INFO - [2026-04-21T06:53:26.796+0000] {dagbag.py:588} INFO - Filling up the DagBag from /home/airflow/.local/lib/python3.12/site-packages/airflow/example_dags/example_latest_only.py
[2026-04-21T06:53:26.800+0000] {processor.py:925} INFO - DAG(s) 'latest_only' retrieved from /home/airflow/.local/lib/python3.12/site-packages/airflow/example_dags/example_latest_only.py
[2026-04-21T06:53:26.807+0000] {logging_mixin.py:190} INFO - [2026-04-21T06:53:26.807+0000] {dag.py:3239} INFO - Sync 1 DAGs
[2026-04-21T06:53:26.818+0000] {logging_mixin.py:190} INFO - [2026-04-21T06:53:26.818+0000] {dag.py:4180} INFO - Setting next_dagrun for latest_only to 2026-04-21 00:00:00+00:00, run_after=2026-04-21 04:00:00+00:00
[2026-04-21T06:53:26.826+0000] {processor.py:208} INFO - Processing /home/airflow/.local/lib/python3.12/site-packages/airflow/example_dags/example_latest_only.py took 0.035 seconds
[2026-04-21T06:53:57.092+0000] {processor.py:186} INFO - Started process (PID=1495) to work on /home/airflow/.local/lib/python3.12/site-packages/airflow/example_dags/example_latest_only.py
[2026-04-21T06:53:57.092+0000] {processor.py:914} INFO - Processing file /home/airflow/.local/lib/python3.12/site-packages/airflow/example_dags/example_latest_only.py for tasks to queue
[2026-04-21T06:53:57.093+0000] {logging_mixin.py:190} INFO - [2026-04-21T06:53:57.093+0000] {dagbag.py:588} INFO - Filling up the DagBag from /home/airflow/.local/lib/python3.12/site-packages/airflow/example_dags/example_latest_only.py
[2026-04-21T06:53:57.097+0000] {processor.py:925} INFO - DAG(s) 'latest_only' retrieved from /home/airflow/.local/lib/python3.12/site-packages/airflow/example_dags/example_latest_only.py
[2026-04-21T06:53:57.109+0000] {logging_mixin.py:190} INFO - [2026-04-21T06:53:57.109+0000] {dag.py:3239} INFO - Sync 1 DAGs
[2026-04-21T06:53:57.118+0000] {logging_mixin.py:190} INFO - [2026-04-21T06:53:57.118+0000] {dag.py:4180} INFO - Setting next_dagrun for latest_only to 2026-04-21 00:00:00+00:00, run_after=2026-04-21 04:00:00+00:00
[2026-04-21T06:53:57.127+0000] {processor.py:208} INFO - Processing /home/airflow/.local/lib/python3.12/site-packages/airflow/example_dags/example_latest_only.py took 0.038 seconds
[2026-04-21T06:54:28.085+0000] {processor.py:186} INFO - Started process (PID=1559) to work on /home/airflow/.local/lib/python3.12/site-packages/airflow/example_dags/example_latest_only.py
[2026-04-21T06:54:28.086+0000] {processor.py:914} INFO - Processing file /home/airflow/.local/lib/python3.12/site-packages/airflow/example_dags/example_latest_only.py for tasks to queue
[2026-04-21T06:54:28.087+0000] {logging_mixin.py:190} INFO - [2026-04-21T06:54:28.087+0000] {dagbag.py:588} INFO - Filling up the DagBag from /home/airflow/.local/lib/python3.12/site-packages/airflow/example_dags/example_latest_only.py
[2026-04-21T06:54:28.092+0000] {processor.py:925} INFO - DAG(s) 'latest_only' retrieved from /home/airflow/.local/lib/python3.12/site-packages/airflow/example_dags/example_latest_only.py
[2026-04-21T06:54:28.099+0000] {logging_mixin.py:190} INFO - [2026-04-21T06:54:28.099+0000] {dag.py:3239} INFO - Sync 1 DAGs
[2026-04-21T06:54:28.109+0000] {logging_mixin.py:190} INFO - [2026-04-21T06:54:28.109+0000] {dag.py:4180} INFO - Setting next_dagrun for latest_only to 2026-04-21 00:00:00+00:00, run_after=2026-04-21 04:00:00+00:00
[2026-04-21T06:54:28.118+0000] {processor.py:208} INFO - Processing /home/airflow/.local/lib/python3.12/site-packages/airflow/example_dags/example_latest_only.py took 0.035 seconds
[2026-04-21T06:54:59.225+0000] {processor.py:186} INFO - Started process (PID=1623) to work on /home/airflow/.local/lib/python3.12/site-packages/airflow/example_dags/example_latest_only.py
[2026-04-21T06:54:59.225+0000] {processor.py:914} INFO - Processing file /home/airflow/.local/lib/python3.12/site-packages/airflow/example_dags/example_latest_only.py for tasks to queue
[2026-04-21T06:54:59.226+0000] {logging_mixin.py:190} INFO - [2026-04-21T06:54:59.226+0000] {dagbag.py:588} INFO - Filling up the DagBag from /home/airflow/.local/lib/python3.12/site-packages/airflow/example_dags/example_latest_only.py
[2026-04-21T06:54:59.229+0000] {processor.py:925} INFO - DAG(s) 'latest_only' retrieved from /home/airflow/.local/lib/python3.12/site-packages/airflow/example_dags/example_latest_only.py
[2026-04-21T06:54:59.240+0000] {logging_mixin.py:190} INFO - [2026-04-21T06:54:59.240+0000] {dag.py:3239} INFO - Sync 1 DAGs
[2026-04-21T06:54:59.250+0000] {logging_mixin.py:190} INFO - [2026-04-21T06:54:59.250+0000] {dag.py:4180} INFO - Setting next_dagrun for latest_only to 2026-04-21 00:00:00+00:00, run_after=2026-04-21 04:00:00+00:00
[2026-04-21T06:54:59.259+0000] {processor.py:208} INFO - Processing /home/airflow/.local/lib/python3.12/site-packages/airflow/example_dags/example_latest_only.py took 0.037 seconds
[2026-04-21T06:55:30.351+0000] {processor.py:186} INFO - Started process (PID=1687) to work on /home/airflow/.local/lib/python3.12/site-packages/airflow/example_dags/example_latest_only.py
[2026-04-21T06:55:30.351+0000] {processor.py:914} INFO - Processing file /home/airflow/.local/lib/python3.12/site-packages/airflow/example_dags/example_latest_only.py for tasks to queue
[2026-04-21T06:55:30.355+0000] {logging_mixin.py:190} INFO - [2026-04-21T06:55:30.354+0000] {dagbag.py:588} INFO - Filling up the DagBag from /home/airflow/.local/lib/python3.12/site-packages/airflow/example_dags/example_latest_only.py
[2026-04-21T06:55:30.357+0000] {processor.py:925} INFO - DAG(s) 'latest_only' retrieved from /home/airflow/.local/lib/python3.12/site-packages/airflow/example_dags/example_latest_only.py
[2026-04-21T06:55:30.365+0000] {logging_mixin.py:190} INFO - [2026-04-21T06:55:30.365+0000] {dag.py:3239} INFO - Sync 1 DAGs
[2026-04-21T06:55:30.372+0000] {logging_mixin.py:190} INFO - [2026-04-21T06:55:30.372+0000] {dag.py:4180} INFO - Setting next_dagrun for latest_only to 2026-04-21 00:00:00+00:00, run_after=2026-04-21 04:00:00+00:00
[2026-04-21T06:55:30.379+0000] {processor.py:208} INFO - Processing /home/airflow/.local/lib/python3.12/site-packages/airflow/example_dags/example_latest_only.py took 0.031 seconds
[2026-04-21T06:56:03.266+0000] {processor.py:186} INFO - Started process (PID=1751) to work on /home/airflow/.local/lib/python3.12/site-packages/airflow/example_dags/example_latest_only.py
[2026-04-21T06:56:03.266+0000] {processor.py:914} INFO - Processing file /home/airflow/.local/lib/python3.12/site-packages/airflow/example_dags/example_latest_only.py for tasks to queue
[2026-04-21T06:56:03.271+0000] {logging_mixin.py:190} INFO - [2026-04-21T06:56:03.270+0000] {dagbag.py:588} INFO - Filling up the DagBag from /home/airflow/.local/lib/python3.12/site-packages/airflow/example_dags/example_latest_only.py
[2026-04-21T06:56:03.275+0000] {processor.py:925} INFO - DAG(s) 'latest_only' retrieved from /home/airflow/.local/lib/python3.12/site-packages/airflow/example_dags/example_latest_only.py
[2026-04-21T06:56:03.289+0000] {logging_mixin.py:190} INFO - [2026-04-21T06:56:03.289+0000] {dag.py:3239} INFO - Sync 1 DAGs
[2026-04-21T06:56:03.381+0000] {logging_mixin.py:190} INFO - [2026-04-21T06:56:03.381+0000] {dag.py:4180} INFO - Setting next_dagrun for latest_only to 2026-04-21 00:00:00+00:00, run_after=2026-04-21 04:00:00+00:00
[2026-04-21T06:56:03.405+0000] {processor.py:208} INFO - Processing /home/airflow/.local/lib/python3.12/site-packages/airflow/example_dags/example_latest_only.py took 0.145 seconds
[2026-04-21T07:01:27.847+0000] {processor.py:186} INFO - Started process (PID=1832) to work on /home/airflow/.local/lib/python3.12/site-packages/airflow/example_dags/example_latest_only.py
[2026-04-21T07:01:27.847+0000] {processor.py:914} INFO - Processing file /home/airflow/.local/lib/python3.12/site-packages/airflow/example_dags/example_latest_only.py for tasks to queue
[2026-04-21T07:01:27.848+0000] {logging_mixin.py:190} INFO - [2026-04-21T07:01:27.848+0000] {dagbag.py:588} INFO - Filling up the DagBag from /home/airflow/.local/lib/python3.12/site-packages/airflow/example_dags/example_latest_only.py
[2026-04-21T07:01:27.851+0000] {processor.py:925} INFO - DAG(s) 'latest_only' retrieved from /home/airflow/.local/lib/python3.12/site-packages/airflow/example_dags/example_latest_only.py
[2026-04-21T07:01:27.858+0000] {logging_mixin.py:190} INFO - [2026-04-21T07:01:27.858+0000] {dag.py:3239} INFO - Sync 1 DAGs
[2026-04-21T07:01:27.866+0000] {logging_mixin.py:190} INFO - [2026-04-21T07:01:27.866+0000] {dag.py:4180} INFO - Setting next_dagrun for latest_only to 2026-04-21 00:00:00+00:00, run_after=2026-04-21 04:00:00+00:00
[2026-04-21T07:01:27.871+0000] {processor.py:208} INFO - Processing /home/airflow/.local/lib/python3.12/site-packages/airflow/example_dags/example_latest_only.py took 0.027 seconds
[2026-04-21T07:01:59.231+0000] {processor.py:186} INFO - Started process (PID=1896) to work on /home/airflow/.local/lib/python3.12/site-packages/airflow/example_dags/example_latest_only.py
[2026-04-21T07:01:59.232+0000] {processor.py:914} INFO - Processing file /home/airflow/.local/lib/python3.12/site-packages/airflow/example_dags/example_latest_only.py for tasks to queue
[2026-04-21T07:01:59.233+0000] {logging_mixin.py:190} INFO - [2026-04-21T07:01:59.233+0000] {dagbag.py:588} INFO - Filling up the DagBag from /home/airflow/.local/lib/python3.12/site-packages/airflow/example_dags/example_latest_only.py
[2026-04-21T07:01:59.238+0000] {processor.py:925} INFO - DAG(s) 'latest_only' retrieved from /home/airflow/.local/lib/python3.12/site-packages/airflow/example_dags/example_latest_only.py
[2026-04-21T07:01:59.248+0000] {logging_mixin.py:190} INFO - [2026-04-21T07:01:59.247+0000] {dag.py:3239} INFO - Sync 1 DAGs
[2026-04-21T07:01:59.257+0000] {logging_mixin.py:190} INFO - [2026-04-21T07:01:59.257+0000] {dag.py:4180} INFO - Setting next_dagrun for latest_only to 2026-04-21 00:00:00+00:00, run_after=2026-04-21 04:00:00+00:00
[2026-04-21T07:01:59.266+0000] {processor.py:208} INFO - Processing /home/airflow/.local/lib/python3.12/site-packages/airflow/example_dags/example_latest_only.py took 0.037 seconds
[2026-04-21T07:02:30.476+0000] {processor.py:186} INFO - Started process (PID=1960) to work on /home/airflow/.local/lib/python3.12/site-packages/airflow/example_dags/example_latest_only.py
[2026-04-21T07:02:30.476+0000] {processor.py:914} INFO - Processing file /home/airflow/.local/lib/python3.12/site-packages/airflow/example_dags/example_latest_only.py for tasks to queue
[2026-04-21T07:02:30.478+0000] {logging_mixin.py:190} INFO - [2026-04-21T07:02:30.478+0000] {dagbag.py:588} INFO - Filling up the DagBag from /home/airflow/.local/lib/python3.12/site-packages/airflow/example_dags/example_latest_only.py
[2026-04-21T07:02:30.481+0000] {processor.py:925} INFO - DAG(s) 'latest_only' retrieved from /home/airflow/.local/lib/python3.12/site-packages/airflow/example_dags/example_latest_only.py
[2026-04-21T07:02:30.487+0000] {logging_mixin.py:190} INFO - [2026-04-21T07:02:30.487+0000] {dag.py:3239} INFO - Sync 1 DAGs
[2026-04-21T07:02:30.496+0000] {logging_mixin.py:190} INFO - [2026-04-21T07:02:30.496+0000] {dag.py:4180} INFO - Setting next_dagrun for latest_only to 2026-04-21 00:00:00+00:00, run_after=2026-04-21 04:00:00+00:00
[2026-04-21T07:02:30.508+0000] {processor.py:208} INFO - Processing /home/airflow/.local/lib/python3.12/site-packages/airflow/example_dags/example_latest_only.py took 0.034 seconds
[2026-04-21T07:03:01.455+0000] {processor.py:186} INFO - Started process (PID=2024) to work on /home/airflow/.local/lib/python3.12/site-packages/airflow/example_dags/example_latest_only.py
[2026-04-21T07:03:01.455+0000] {processor.py:914} INFO - Processing file /home/airflow/.local/lib/python3.12/site-packages/airflow/example_dags/example_latest_only.py for tasks to queue
[2026-04-21T07:03:01.456+0000] {logging_mixin.py:190} INFO - [2026-04-21T07:03:01.456+0000] {dagbag.py:588} INFO - Filling up the DagBag from /home/airflow/.local/lib/python3.12/site-packages/airflow/example_dags/example_latest_only.py
[2026-04-21T07:03:01.458+0000] {processor.py:925} INFO - DAG(s) 'latest_only' retrieved from /home/airflow/.local/lib/python3.12/site-packages/airflow/example_dags/example_latest_only.py
[2026-04-21T07:03:01.464+0000] {logging_mixin.py:190} INFO - [2026-04-21T07:03:01.464+0000] {dag.py:3239} INFO - Sync 1 DAGs
[2026-04-21T07:03:01.471+0000] {logging_mixin.py:190} INFO - [2026-04-21T07:03:01.471+0000] {dag.py:4180} INFO - Setting next_dagrun for latest_only to 2026-04-21 00:00:00+00:00, run_after=2026-04-21 04:00:00+00:00
[2026-04-21T07:03:01.476+0000] {processor.py:208} INFO - Processing /home/airflow/.local/lib/python3.12/site-packages/airflow/example_dags/example_latest_only.py took 0.023 seconds
[2026-04-21T07:03:32.554+0000] {processor.py:186} INFO - Started process (PID=2088) to work on /home/airflow/.local/lib/python3.12/site-packages/airflow/example_dags/example_latest_only.py
[2026-04-21T07:03:32.554+0000] {processor.py:914} INFO - Processing file /home/airflow/.local/lib/python3.12/site-packages/airflow/example_dags/example_latest_only.py for tasks to queue
[2026-04-21T07:03:32.555+0000] {logging_mixin.py:190} INFO - [2026-04-21T07:03:32.555+0000] {dagbag.py:588} INFO - Filling up the DagBag from /home/airflow/.local/lib/python3.12/site-packages/airflow/example_dags/example_latest_only.py
[2026-04-21T07:03:32.558+0000] {processor.py:925} INFO - DAG(s) 'latest_only' retrieved from /home/airflow/.local/lib/python3.12/site-packages/airflow/example_dags/example_latest_only.py
[2026-04-21T07:03:32.566+0000] {logging_mixin.py:190} INFO - [2026-04-21T07:03:32.566+0000] {dag.py:3239} INFO - Sync 1 DAGs
[2026-04-21T07:03:32.574+0000] {logging_mixin.py:190} INFO - [2026-04-21T07:03:32.574+0000] {dag.py:4180} INFO - Setting next_dagrun for latest_only to 2026-04-21 00:00:00+00:00, run_after=2026-04-21 04:00:00+00:00
[2026-04-21T07:03:32.585+0000] {processor.py:208} INFO - Processing /home/airflow/.local/lib/python3.12/site-packages/airflow/example_dags/example_latest_only.py took 0.032 seconds
[2026-04-21T07:04:03.571+0000] {processor.py:186} INFO - Started process (PID=2152) to work on /home/airflow/.local/lib/python3.12/site-packages/airflow/example_dags/example_latest_only.py
[2026-04-21T07:04:03.571+0000] {processor.py:914} INFO - Processing file /home/airflow/.local/lib/python3.12/site-packages/airflow/example_dags/example_latest_only.py for tasks to queue
[2026-04-21T07:04:03.572+0000] {logging_mixin.py:190} INFO - [2026-04-21T07:04:03.572+0000] {dagbag.py:588} INFO - Filling up the DagBag from /home/airflow/.local/lib/python3.12/site-packages/airflow/example_dags/example_latest_only.py
[2026-04-21T07:04:03.574+0000] {processor.py:925} INFO - DAG(s) 'latest_only' retrieved from /home/airflow/.local/lib/python3.12/site-packages/airflow/example_dags/example_latest_only.py
[2026-04-21T07:04:03.580+0000] {logging_mixin.py:190} INFO - [2026-04-21T07:04:03.580+0000] {dag.py:3239} INFO - Sync 1 DAGs
[2026-04-21T07:04:03.587+0000] {logging_mixin.py:190} INFO - [2026-04-21T07:04:03.587+0000] {dag.py:4180} INFO - Setting next_dagrun for latest_only to 2026-04-21 00:00:00+00:00, run_after=2026-04-21 04:00:00+00:00
[2026-04-21T07:04:03.592+0000] {processor.py:208} INFO - Processing /home/airflow/.local/lib/python3.12/site-packages/airflow/example_dags/example_latest_only.py took 0.023 seconds
[2026-04-21T07:04:34.744+0000] {processor.py:186} INFO - Started process (PID=2216) to work on /home/airflow/.local/lib/python3.12/site-packages/airflow/example_dags/example_latest_only.py
[2026-04-21T07:04:34.745+0000] {processor.py:914} INFO - Processing file /home/airflow/.local/lib/python3.12/site-packages/airflow/example_dags/example_latest_only.py for tasks to queue
[2026-04-21T07:04:34.746+0000] {logging_mixin.py:190} INFO - [2026-04-21T07:04:34.746+0000] {dagbag.py:588} INFO - Filling up the DagBag from /home/airflow/.local/lib/python3.12/site-packages/airflow/example_dags/example_latest_only.py
[2026-04-21T07:04:34.751+0000] {processor.py:925} INFO - DAG(s) 'latest_only' retrieved from /home/airflow/.local/lib/python3.12/site-packages/airflow/example_dags/example_latest_only.py
[2026-04-21T07:04:34.762+0000] {logging_mixin.py:190} INFO - [2026-04-21T07:04:34.760+0000] {dag.py:3239} INFO - Sync 1 DAGs
[2026-04-21T07:04:34.770+0000] {logging_mixin.py:190} INFO - [2026-04-21T07:04:34.770+0000] {dag.py:4180} INFO - Setting next_dagrun for latest_only to 2026-04-21 00:00:00+00:00, run_after=2026-04-21 04:00:00+00:00
[2026-04-21T07:04:34.779+0000] {processor.py:208} INFO - Processing /home/airflow/.local/lib/python3.12/site-packages/airflow/example_dags/example_latest_only.py took 0.039 seconds
