[2026-04-21T06:42:41.492+0000] {processor.py:186} INFO - Started process (PID=80) to work on /home/airflow/.local/lib/python3.12/site-packages/airflow/example_dags/tutorial_dag.py
[2026-04-21T06:42:41.492+0000] {processor.py:914} INFO - Processing file /home/airflow/.local/lib/python3.12/site-packages/airflow/example_dags/tutorial_dag.py for tasks to queue
[2026-04-21T06:42:41.494+0000] {logging_mixin.py:190} INFO - [2026-04-21T06:42:41.494+0000] {dagbag.py:588} INFO - Filling up the DagBag from /home/airflow/.local/lib/python3.12/site-packages/airflow/example_dags/tutorial_dag.py
[2026-04-21T06:42:41.500+0000] {processor.py:925} INFO - DAG(s) 'tutorial_dag' retrieved from /home/airflow/.local/lib/python3.12/site-packages/airflow/example_dags/tutorial_dag.py
[2026-04-21T06:42:41.512+0000] {logging_mixin.py:190} INFO - [2026-04-21T06:42:41.512+0000] {dag.py:3239} INFO - Sync 1 DAGs
[2026-04-21T06:42:41.524+0000] {logging_mixin.py:190} INFO - [2026-04-21T06:42:41.524+0000] {dag.py:4180} INFO - Setting next_dagrun for tutorial_dag to None, run_after=None
[2026-04-21T06:42:41.541+0000] {processor.py:208} INFO - Processing /home/airflow/.local/lib/python3.12/site-packages/airflow/example_dags/tutorial_dag.py took 0.054 seconds
[2026-04-21T06:43:12.378+0000] {processor.py:186} INFO - Started process (PID=152) to work on /home/airflow/.local/lib/python3.12/site-packages/airflow/example_dags/tutorial_dag.py
[2026-04-21T06:43:12.379+0000] {processor.py:914} INFO - Processing file /home/airflow/.local/lib/python3.12/site-packages/airflow/example_dags/tutorial_dag.py for tasks to queue
[2026-04-21T06:43:12.381+0000] {logging_mixin.py:190} INFO - [2026-04-21T06:43:12.381+0000] {dagbag.py:588} INFO - Filling up the DagBag from /home/airflow/.local/lib/python3.12/site-packages/airflow/example_dags/tutorial_dag.py
[2026-04-21T06:43:12.385+0000] {processor.py:925} INFO - DAG(s) 'tutorial_dag' retrieved from /home/airflow/.local/lib/python3.12/site-packages/airflow/example_dags/tutorial_dag.py
[2026-04-21T06:43:12.397+0000] {logging_mixin.py:190} INFO - [2026-04-21T06:43:12.397+0000] {dag.py:3239} INFO - Sync 1 DAGs
[2026-04-21T06:43:12.407+0000] {logging_mixin.py:190} INFO - [2026-04-21T06:43:12.407+0000] {dag.py:4180} INFO - Setting next_dagrun for tutorial_dag to None, run_after=None
[2026-04-21T06:43:12.414+0000] {processor.py:208} INFO - Processing /home/airflow/.local/lib/python3.12/site-packages/airflow/example_dags/tutorial_dag.py took 0.039 seconds
[2026-04-21T06:43:43.536+0000] {processor.py:186} INFO - Started process (PID=216) to work on /home/airflow/.local/lib/python3.12/site-packages/airflow/example_dags/tutorial_dag.py
[2026-04-21T06:43:43.537+0000] {processor.py:914} INFO - Processing file /home/airflow/.local/lib/python3.12/site-packages/airflow/example_dags/tutorial_dag.py for tasks to queue
[2026-04-21T06:43:43.537+0000] {logging_mixin.py:190} INFO - [2026-04-21T06:43:43.537+0000] {dagbag.py:588} INFO - Filling up the DagBag from /home/airflow/.local/lib/python3.12/site-packages/airflow/example_dags/tutorial_dag.py
[2026-04-21T06:43:43.541+0000] {processor.py:925} INFO - DAG(s) 'tutorial_dag' retrieved from /home/airflow/.local/lib/python3.12/site-packages/airflow/example_dags/tutorial_dag.py
[2026-04-21T06:43:43.548+0000] {logging_mixin.py:190} INFO - [2026-04-21T06:43:43.548+0000] {dag.py:3239} INFO - Sync 1 DAGs
[2026-04-21T06:43:43.553+0000] {logging_mixin.py:190} INFO - [2026-04-21T06:43:43.553+0000] {dag.py:4180} INFO - Setting next_dagrun for tutorial_dag to None, run_after=None
[2026-04-21T06:43:43.564+0000] {processor.py:208} INFO - Processing /home/airflow/.local/lib/python3.12/site-packages/airflow/example_dags/tutorial_dag.py took 0.030 seconds
[2026-04-21T06:44:14.051+0000] {processor.py:186} INFO - Started process (PID=280) to work on /home/airflow/.local/lib/python3.12/site-packages/airflow/example_dags/tutorial_dag.py
[2026-04-21T06:44:14.052+0000] {processor.py:914} INFO - Processing file /home/airflow/.local/lib/python3.12/site-packages/airflow/example_dags/tutorial_dag.py for tasks to queue
[2026-04-21T06:44:14.053+0000] {logging_mixin.py:190} INFO - [2026-04-21T06:44:14.053+0000] {dagbag.py:588} INFO - Filling up the DagBag from /home/airflow/.local/lib/python3.12/site-packages/airflow/example_dags/tutorial_dag.py
[2026-04-21T06:44:14.058+0000] {processor.py:925} INFO - DAG(s) 'tutorial_dag' retrieved from /home/airflow/.local/lib/python3.12/site-packages/airflow/example_dags/tutorial_dag.py
[2026-04-21T06:44:14.066+0000] {logging_mixin.py:190} INFO - [2026-04-21T06:44:14.066+0000] {dag.py:3239} INFO - Sync 1 DAGs
[2026-04-21T06:44:14.072+0000] {logging_mixin.py:190} INFO - [2026-04-21T06:44:14.072+0000] {dag.py:4180} INFO - Setting next_dagrun for tutorial_dag to None, run_after=None
[2026-04-21T06:44:14.082+0000] {processor.py:208} INFO - Processing /home/airflow/.local/lib/python3.12/site-packages/airflow/example_dags/tutorial_dag.py took 0.033 seconds
[2026-04-21T06:44:44.373+0000] {processor.py:186} INFO - Started process (PID=344) to work on /home/airflow/.local/lib/python3.12/site-packages/airflow/example_dags/tutorial_dag.py
[2026-04-21T06:44:44.374+0000] {processor.py:914} INFO - Processing file /home/airflow/.local/lib/python3.12/site-packages/airflow/example_dags/tutorial_dag.py for tasks to queue
[2026-04-21T06:44:44.374+0000] {logging_mixin.py:190} INFO - [2026-04-21T06:44:44.374+0000] {dagbag.py:588} INFO - Filling up the DagBag from /home/airflow/.local/lib/python3.12/site-packages/airflow/example_dags/tutorial_dag.py
[2026-04-21T06:44:44.377+0000] {processor.py:925} INFO - DAG(s) 'tutorial_dag' retrieved from /home/airflow/.local/lib/python3.12/site-packages/airflow/example_dags/tutorial_dag.py
[2026-04-21T06:44:44.383+0000] {logging_mixin.py:190} INFO - [2026-04-21T06:44:44.383+0000] {dag.py:3239} INFO - Sync 1 DAGs
[2026-04-21T06:44:44.388+0000] {logging_mixin.py:190} INFO - [2026-04-21T06:44:44.388+0000] {dag.py:4180} INFO - Setting next_dagrun for tutorial_dag to None, run_after=None
[2026-04-21T06:44:44.393+0000] {processor.py:208} INFO - Processing /home/airflow/.local/lib/python3.12/site-packages/airflow/example_dags/tutorial_dag.py took 0.022 seconds
[2026-04-21T06:45:14.742+0000] {processor.py:186} INFO - Started process (PID=408) to work on /home/airflow/.local/lib/python3.12/site-packages/airflow/example_dags/tutorial_dag.py
[2026-04-21T06:45:14.744+0000] {processor.py:914} INFO - Processing file /home/airflow/.local/lib/python3.12/site-packages/airflow/example_dags/tutorial_dag.py for tasks to queue
[2026-04-21T06:45:14.745+0000] {logging_mixin.py:190} INFO - [2026-04-21T06:45:14.745+0000] {dagbag.py:588} INFO - Filling up the DagBag from /home/airflow/.local/lib/python3.12/site-packages/airflow/example_dags/tutorial_dag.py
[2026-04-21T06:45:14.749+0000] {processor.py:925} INFO - DAG(s) 'tutorial_dag' retrieved from /home/airflow/.local/lib/python3.12/site-packages/airflow/example_dags/tutorial_dag.py
[2026-04-21T06:45:14.761+0000] {logging_mixin.py:190} INFO - [2026-04-21T06:45:14.761+0000] {dag.py:3239} INFO - Sync 1 DAGs
[2026-04-21T06:45:14.766+0000] {logging_mixin.py:190} INFO - [2026-04-21T06:45:14.766+0000] {dag.py:4180} INFO - Setting next_dagrun for tutorial_dag to None, run_after=None
[2026-04-21T06:45:14.777+0000] {processor.py:208} INFO - Processing /home/airflow/.local/lib/python3.12/site-packages/airflow/example_dags/tutorial_dag.py took 0.037 seconds
[2026-04-21T06:45:45.253+0000] {processor.py:186} INFO - Started process (PID=472) to work on /home/airflow/.local/lib/python3.12/site-packages/airflow/example_dags/tutorial_dag.py
[2026-04-21T06:45:45.254+0000] {processor.py:914} INFO - Processing file /home/airflow/.local/lib/python3.12/site-packages/airflow/example_dags/tutorial_dag.py for tasks to queue
[2026-04-21T06:45:45.258+0000] {logging_mixin.py:190} INFO - [2026-04-21T06:45:45.258+0000] {dagbag.py:588} INFO - Filling up the DagBag from /home/airflow/.local/lib/python3.12/site-packages/airflow/example_dags/tutorial_dag.py
[2026-04-21T06:45:45.261+0000] {processor.py:925} INFO - DAG(s) 'tutorial_dag' retrieved from /home/airflow/.local/lib/python3.12/site-packages/airflow/example_dags/tutorial_dag.py
[2026-04-21T06:45:45.270+0000] {logging_mixin.py:190} INFO - [2026-04-21T06:45:45.270+0000] {dag.py:3239} INFO - Sync 1 DAGs
[2026-04-21T06:45:45.280+0000] {logging_mixin.py:190} INFO - [2026-04-21T06:45:45.280+0000] {dag.py:4180} INFO - Setting next_dagrun for tutorial_dag to None, run_after=None
[2026-04-21T06:45:45.288+0000] {processor.py:208} INFO - Processing /home/airflow/.local/lib/python3.12/site-packages/airflow/example_dags/tutorial_dag.py took 0.038 seconds
[2026-04-21T06:46:15.705+0000] {processor.py:186} INFO - Started process (PID=536) to work on /home/airflow/.local/lib/python3.12/site-packages/airflow/example_dags/tutorial_dag.py
[2026-04-21T06:46:15.706+0000] {processor.py:914} INFO - Processing file /home/airflow/.local/lib/python3.12/site-packages/airflow/example_dags/tutorial_dag.py for tasks to queue
[2026-04-21T06:46:15.708+0000] {logging_mixin.py:190} INFO - [2026-04-21T06:46:15.708+0000] {dagbag.py:588} INFO - Filling up the DagBag from /home/airflow/.local/lib/python3.12/site-packages/airflow/example_dags/tutorial_dag.py
[2026-04-21T06:46:15.712+0000] {processor.py:925} INFO - DAG(s) 'tutorial_dag' retrieved from /home/airflow/.local/lib/python3.12/site-packages/airflow/example_dags/tutorial_dag.py
[2026-04-21T06:46:15.723+0000] {logging_mixin.py:190} INFO - [2026-04-21T06:46:15.723+0000] {dag.py:3239} INFO - Sync 1 DAGs
[2026-04-21T06:46:15.728+0000] {logging_mixin.py:190} INFO - [2026-04-21T06:46:15.728+0000] {dag.py:4180} INFO - Setting next_dagrun for tutorial_dag to None, run_after=None
[2026-04-21T06:46:15.737+0000] {processor.py:208} INFO - Processing /home/airflow/.local/lib/python3.12/site-packages/airflow/example_dags/tutorial_dag.py took 0.034 seconds
[2026-04-21T06:46:46.006+0000] {processor.py:186} INFO - Started process (PID=600) to work on /home/airflow/.local/lib/python3.12/site-packages/airflow/example_dags/tutorial_dag.py
[2026-04-21T06:46:46.007+0000] {processor.py:914} INFO - Processing file /home/airflow/.local/lib/python3.12/site-packages/airflow/example_dags/tutorial_dag.py for tasks to queue
[2026-04-21T06:46:46.008+0000] {logging_mixin.py:190} INFO - [2026-04-21T06:46:46.008+0000] {dagbag.py:588} INFO - Filling up the DagBag from /home/airflow/.local/lib/python3.12/site-packages/airflow/example_dags/tutorial_dag.py
[2026-04-21T06:46:46.011+0000] {processor.py:925} INFO - DAG(s) 'tutorial_dag' retrieved from /home/airflow/.local/lib/python3.12/site-packages/airflow/example_dags/tutorial_dag.py
[2026-04-21T06:46:46.020+0000] {logging_mixin.py:190} INFO - [2026-04-21T06:46:46.020+0000] {dag.py:3239} INFO - Sync 1 DAGs
[2026-04-21T06:46:46.026+0000] {logging_mixin.py:190} INFO - [2026-04-21T06:46:46.026+0000] {dag.py:4180} INFO - Setting next_dagrun for tutorial_dag to None, run_after=None
[2026-04-21T06:46:46.032+0000] {processor.py:208} INFO - Processing /home/airflow/.local/lib/python3.12/site-packages/airflow/example_dags/tutorial_dag.py took 0.028 seconds
[2026-04-21T06:47:17.146+0000] {processor.py:186} INFO - Started process (PID=664) to work on /home/airflow/.local/lib/python3.12/site-packages/airflow/example_dags/tutorial_dag.py
[2026-04-21T06:47:17.147+0000] {processor.py:914} INFO - Processing file /home/airflow/.local/lib/python3.12/site-packages/airflow/example_dags/tutorial_dag.py for tasks to queue
[2026-04-21T06:47:17.147+0000] {logging_mixin.py:190} INFO - [2026-04-21T06:47:17.147+0000] {dagbag.py:588} INFO - Filling up the DagBag from /home/airflow/.local/lib/python3.12/site-packages/airflow/example_dags/tutorial_dag.py
[2026-04-21T06:47:17.150+0000] {processor.py:925} INFO - DAG(s) 'tutorial_dag' retrieved from /home/airflow/.local/lib/python3.12/site-packages/airflow/example_dags/tutorial_dag.py
[2026-04-21T06:47:17.156+0000] {logging_mixin.py:190} INFO - [2026-04-21T06:47:17.156+0000] {dag.py:3239} INFO - Sync 1 DAGs
[2026-04-21T06:47:17.160+0000] {logging_mixin.py:190} INFO - [2026-04-21T06:47:17.160+0000] {dag.py:4180} INFO - Setting next_dagrun for tutorial_dag to None, run_after=None
[2026-04-21T06:47:17.165+0000] {processor.py:208} INFO - Processing /home/airflow/.local/lib/python3.12/site-packages/airflow/example_dags/tutorial_dag.py took 0.020 seconds
[2026-04-21T06:47:47.465+0000] {processor.py:186} INFO - Started process (PID=728) to work on /home/airflow/.local/lib/python3.12/site-packages/airflow/example_dags/tutorial_dag.py
[2026-04-21T06:47:47.465+0000] {processor.py:914} INFO - Processing file /home/airflow/.local/lib/python3.12/site-packages/airflow/example_dags/tutorial_dag.py for tasks to queue
[2026-04-21T06:47:47.466+0000] {logging_mixin.py:190} INFO - [2026-04-21T06:47:47.466+0000] {dagbag.py:588} INFO - Filling up the DagBag from /home/airflow/.local/lib/python3.12/site-packages/airflow/example_dags/tutorial_dag.py
[2026-04-21T06:47:47.469+0000] {processor.py:925} INFO - DAG(s) 'tutorial_dag' retrieved from /home/airflow/.local/lib/python3.12/site-packages/airflow/example_dags/tutorial_dag.py
[2026-04-21T06:47:47.475+0000] {logging_mixin.py:190} INFO - [2026-04-21T06:47:47.475+0000] {dag.py:3239} INFO - Sync 1 DAGs
[2026-04-21T06:47:47.479+0000] {logging_mixin.py:190} INFO - [2026-04-21T06:47:47.479+0000] {dag.py:4180} INFO - Setting next_dagrun for tutorial_dag to None, run_after=None
[2026-04-21T06:47:47.484+0000] {processor.py:208} INFO - Processing /home/airflow/.local/lib/python3.12/site-packages/airflow/example_dags/tutorial_dag.py took 0.021 seconds
[2026-04-21T06:48:18.736+0000] {processor.py:186} INFO - Started process (PID=792) to work on /home/airflow/.local/lib/python3.12/site-packages/airflow/example_dags/tutorial_dag.py
[2026-04-21T06:48:18.737+0000] {processor.py:914} INFO - Processing file /home/airflow/.local/lib/python3.12/site-packages/airflow/example_dags/tutorial_dag.py for tasks to queue
[2026-04-21T06:48:18.738+0000] {logging_mixin.py:190} INFO - [2026-04-21T06:48:18.738+0000] {dagbag.py:588} INFO - Filling up the DagBag from /home/airflow/.local/lib/python3.12/site-packages/airflow/example_dags/tutorial_dag.py
[2026-04-21T06:48:18.742+0000] {processor.py:925} INFO - DAG(s) 'tutorial_dag' retrieved from /home/airflow/.local/lib/python3.12/site-packages/airflow/example_dags/tutorial_dag.py
[2026-04-21T06:48:18.755+0000] {logging_mixin.py:190} INFO - [2026-04-21T06:48:18.754+0000] {dag.py:3239} INFO - Sync 1 DAGs
[2026-04-21T06:48:18.761+0000] {logging_mixin.py:190} INFO - [2026-04-21T06:48:18.760+0000] {dag.py:4180} INFO - Setting next_dagrun for tutorial_dag to None, run_after=None
[2026-04-21T06:48:18.768+0000] {processor.py:208} INFO - Processing /home/airflow/.local/lib/python3.12/site-packages/airflow/example_dags/tutorial_dag.py took 0.035 seconds
[2026-04-21T06:48:49.299+0000] {processor.py:186} INFO - Started process (PID=856) to work on /home/airflow/.local/lib/python3.12/site-packages/airflow/example_dags/tutorial_dag.py
[2026-04-21T06:48:49.299+0000] {processor.py:914} INFO - Processing file /home/airflow/.local/lib/python3.12/site-packages/airflow/example_dags/tutorial_dag.py for tasks to queue
[2026-04-21T06:48:49.300+0000] {logging_mixin.py:190} INFO - [2026-04-21T06:48:49.300+0000] {dagbag.py:588} INFO - Filling up the DagBag from /home/airflow/.local/lib/python3.12/site-packages/airflow/example_dags/tutorial_dag.py
[2026-04-21T06:48:49.304+0000] {processor.py:925} INFO - DAG(s) 'tutorial_dag' retrieved from /home/airflow/.local/lib/python3.12/site-packages/airflow/example_dags/tutorial_dag.py
[2026-04-21T06:48:49.316+0000] {logging_mixin.py:190} INFO - [2026-04-21T06:48:49.316+0000] {dag.py:3239} INFO - Sync 1 DAGs
[2026-04-21T06:48:49.322+0000] {logging_mixin.py:190} INFO - [2026-04-21T06:48:49.322+0000] {dag.py:4180} INFO - Setting next_dagrun for tutorial_dag to None, run_after=None
[2026-04-21T06:48:49.335+0000] {processor.py:208} INFO - Processing /home/airflow/.local/lib/python3.12/site-packages/airflow/example_dags/tutorial_dag.py took 0.038 seconds
[2026-04-21T06:49:19.928+0000] {processor.py:186} INFO - Started process (PID=920) to work on /home/airflow/.local/lib/python3.12/site-packages/airflow/example_dags/tutorial_dag.py
[2026-04-21T06:49:19.929+0000] {processor.py:914} INFO - Processing file /home/airflow/.local/lib/python3.12/site-packages/airflow/example_dags/tutorial_dag.py for tasks to queue
[2026-04-21T06:49:19.931+0000] {logging_mixin.py:190} INFO - [2026-04-21T06:49:19.931+0000] {dagbag.py:588} INFO - Filling up the DagBag from /home/airflow/.local/lib/python3.12/site-packages/airflow/example_dags/tutorial_dag.py
[2026-04-21T06:49:19.935+0000] {processor.py:925} INFO - DAG(s) 'tutorial_dag' retrieved from /home/airflow/.local/lib/python3.12/site-packages/airflow/example_dags/tutorial_dag.py
[2026-04-21T06:49:19.947+0000] {logging_mixin.py:190} INFO - [2026-04-21T06:49:19.947+0000] {dag.py:3239} INFO - Sync 1 DAGs
[2026-04-21T06:49:19.955+0000] {logging_mixin.py:190} INFO - [2026-04-21T06:49:19.954+0000] {dag.py:4180} INFO - Setting next_dagrun for tutorial_dag to None, run_after=None
[2026-04-21T06:49:19.961+0000] {processor.py:208} INFO - Processing /home/airflow/.local/lib/python3.12/site-packages/airflow/example_dags/tutorial_dag.py took 0.036 seconds
[2026-04-21T06:49:50.355+0000] {processor.py:186} INFO - Started process (PID=984) to work on /home/airflow/.local/lib/python3.12/site-packages/airflow/example_dags/tutorial_dag.py
[2026-04-21T06:49:50.355+0000] {processor.py:914} INFO - Processing file /home/airflow/.local/lib/python3.12/site-packages/airflow/example_dags/tutorial_dag.py for tasks to queue
[2026-04-21T06:49:50.358+0000] {logging_mixin.py:190} INFO - [2026-04-21T06:49:50.358+0000] {dagbag.py:588} INFO - Filling up the DagBag from /home/airflow/.local/lib/python3.12/site-packages/airflow/example_dags/tutorial_dag.py
[2026-04-21T06:49:50.361+0000] {processor.py:925} INFO - DAG(s) 'tutorial_dag' retrieved from /home/airflow/.local/lib/python3.12/site-packages/airflow/example_dags/tutorial_dag.py
[2026-04-21T06:49:50.370+0000] {logging_mixin.py:190} INFO - [2026-04-21T06:49:50.370+0000] {dag.py:3239} INFO - Sync 1 DAGs
[2026-04-21T06:49:50.377+0000] {logging_mixin.py:190} INFO - [2026-04-21T06:49:50.377+0000] {dag.py:4180} INFO - Setting next_dagrun for tutorial_dag to None, run_after=None
[2026-04-21T06:49:50.383+0000] {processor.py:208} INFO - Processing /home/airflow/.local/lib/python3.12/site-packages/airflow/example_dags/tutorial_dag.py took 0.030 seconds
[2026-04-21T06:50:20.898+0000] {processor.py:186} INFO - Started process (PID=1048) to work on /home/airflow/.local/lib/python3.12/site-packages/airflow/example_dags/tutorial_dag.py
[2026-04-21T06:50:20.898+0000] {processor.py:914} INFO - Processing file /home/airflow/.local/lib/python3.12/site-packages/airflow/example_dags/tutorial_dag.py for tasks to queue
[2026-04-21T06:50:20.899+0000] {logging_mixin.py:190} INFO - [2026-04-21T06:50:20.899+0000] {dagbag.py:588} INFO - Filling up the DagBag from /home/airflow/.local/lib/python3.12/site-packages/airflow/example_dags/tutorial_dag.py
[2026-04-21T06:50:20.901+0000] {processor.py:925} INFO - DAG(s) 'tutorial_dag' retrieved from /home/airflow/.local/lib/python3.12/site-packages/airflow/example_dags/tutorial_dag.py
[2026-04-21T06:50:20.908+0000] {logging_mixin.py:190} INFO - [2026-04-21T06:50:20.908+0000] {dag.py:3239} INFO - Sync 1 DAGs
[2026-04-21T06:50:20.912+0000] {logging_mixin.py:190} INFO - [2026-04-21T06:50:20.912+0000] {dag.py:4180} INFO - Setting next_dagrun for tutorial_dag to None, run_after=None
[2026-04-21T06:50:20.917+0000] {processor.py:208} INFO - Processing /home/airflow/.local/lib/python3.12/site-packages/airflow/example_dags/tutorial_dag.py took 0.021 seconds
[2026-04-21T06:50:51.402+0000] {processor.py:186} INFO - Started process (PID=1112) to work on /home/airflow/.local/lib/python3.12/site-packages/airflow/example_dags/tutorial_dag.py
[2026-04-21T06:50:51.403+0000] {processor.py:914} INFO - Processing file /home/airflow/.local/lib/python3.12/site-packages/airflow/example_dags/tutorial_dag.py for tasks to queue
[2026-04-21T06:50:51.403+0000] {logging_mixin.py:190} INFO - [2026-04-21T06:50:51.403+0000] {dagbag.py:588} INFO - Filling up the DagBag from /home/airflow/.local/lib/python3.12/site-packages/airflow/example_dags/tutorial_dag.py
[2026-04-21T06:50:51.406+0000] {processor.py:925} INFO - DAG(s) 'tutorial_dag' retrieved from /home/airflow/.local/lib/python3.12/site-packages/airflow/example_dags/tutorial_dag.py
[2026-04-21T06:50:51.412+0000] {logging_mixin.py:190} INFO - [2026-04-21T06:50:51.412+0000] {dag.py:3239} INFO - Sync 1 DAGs
[2026-04-21T06:50:51.417+0000] {logging_mixin.py:190} INFO - [2026-04-21T06:50:51.417+0000] {dag.py:4180} INFO - Setting next_dagrun for tutorial_dag to None, run_after=None
[2026-04-21T06:50:51.422+0000] {processor.py:208} INFO - Processing /home/airflow/.local/lib/python3.12/site-packages/airflow/example_dags/tutorial_dag.py took 0.021 seconds
[2026-04-21T06:51:22.595+0000] {processor.py:186} INFO - Started process (PID=1176) to work on /home/airflow/.local/lib/python3.12/site-packages/airflow/example_dags/tutorial_dag.py
[2026-04-21T06:51:22.595+0000] {processor.py:914} INFO - Processing file /home/airflow/.local/lib/python3.12/site-packages/airflow/example_dags/tutorial_dag.py for tasks to queue
[2026-04-21T06:51:22.598+0000] {logging_mixin.py:190} INFO - [2026-04-21T06:51:22.598+0000] {dagbag.py:588} INFO - Filling up the DagBag from /home/airflow/.local/lib/python3.12/site-packages/airflow/example_dags/tutorial_dag.py
[2026-04-21T06:51:22.601+0000] {processor.py:925} INFO - DAG(s) 'tutorial_dag' retrieved from /home/airflow/.local/lib/python3.12/site-packages/airflow/example_dags/tutorial_dag.py
[2026-04-21T06:51:22.608+0000] {logging_mixin.py:190} INFO - [2026-04-21T06:51:22.608+0000] {dag.py:3239} INFO - Sync 1 DAGs
[2026-04-21T06:51:22.613+0000] {logging_mixin.py:190} INFO - [2026-04-21T06:51:22.613+0000] {dag.py:4180} INFO - Setting next_dagrun for tutorial_dag to None, run_after=None
[2026-04-21T06:51:22.622+0000] {processor.py:208} INFO - Processing /home/airflow/.local/lib/python3.12/site-packages/airflow/example_dags/tutorial_dag.py took 0.030 seconds
[2026-04-21T06:51:53.734+0000] {processor.py:186} INFO - Started process (PID=1240) to work on /home/airflow/.local/lib/python3.12/site-packages/airflow/example_dags/tutorial_dag.py
[2026-04-21T06:51:53.735+0000] {processor.py:914} INFO - Processing file /home/airflow/.local/lib/python3.12/site-packages/airflow/example_dags/tutorial_dag.py for tasks to queue
[2026-04-21T06:51:53.736+0000] {logging_mixin.py:190} INFO - [2026-04-21T06:51:53.735+0000] {dagbag.py:588} INFO - Filling up the DagBag from /home/airflow/.local/lib/python3.12/site-packages/airflow/example_dags/tutorial_dag.py
[2026-04-21T06:51:53.738+0000] {processor.py:925} INFO - DAG(s) 'tutorial_dag' retrieved from /home/airflow/.local/lib/python3.12/site-packages/airflow/example_dags/tutorial_dag.py
[2026-04-21T06:51:53.745+0000] {logging_mixin.py:190} INFO - [2026-04-21T06:51:53.745+0000] {dag.py:3239} INFO - Sync 1 DAGs
[2026-04-21T06:51:53.749+0000] {logging_mixin.py:190} INFO - [2026-04-21T06:51:53.749+0000] {dag.py:4180} INFO - Setting next_dagrun for tutorial_dag to None, run_after=None
[2026-04-21T06:51:53.753+0000] {processor.py:208} INFO - Processing /home/airflow/.local/lib/python3.12/site-packages/airflow/example_dags/tutorial_dag.py took 0.021 seconds
[2026-04-21T06:52:25.177+0000] {processor.py:186} INFO - Started process (PID=1304) to work on /home/airflow/.local/lib/python3.12/site-packages/airflow/example_dags/tutorial_dag.py
[2026-04-21T06:52:25.177+0000] {processor.py:914} INFO - Processing file /home/airflow/.local/lib/python3.12/site-packages/airflow/example_dags/tutorial_dag.py for tasks to queue
[2026-04-21T06:52:25.178+0000] {logging_mixin.py:190} INFO - [2026-04-21T06:52:25.178+0000] {dagbag.py:588} INFO - Filling up the DagBag from /home/airflow/.local/lib/python3.12/site-packages/airflow/example_dags/tutorial_dag.py
[2026-04-21T06:52:25.181+0000] {processor.py:925} INFO - DAG(s) 'tutorial_dag' retrieved from /home/airflow/.local/lib/python3.12/site-packages/airflow/example_dags/tutorial_dag.py
[2026-04-21T06:52:25.191+0000] {logging_mixin.py:190} INFO - [2026-04-21T06:52:25.191+0000] {dag.py:3239} INFO - Sync 1 DAGs
[2026-04-21T06:52:25.197+0000] {logging_mixin.py:190} INFO - [2026-04-21T06:52:25.197+0000] {dag.py:4180} INFO - Setting next_dagrun for tutorial_dag to None, run_after=None
[2026-04-21T06:52:25.206+0000] {processor.py:208} INFO - Processing /home/airflow/.local/lib/python3.12/site-packages/airflow/example_dags/tutorial_dag.py took 0.031 seconds
[2026-04-21T06:52:55.565+0000] {processor.py:186} INFO - Started process (PID=1368) to work on /home/airflow/.local/lib/python3.12/site-packages/airflow/example_dags/tutorial_dag.py
[2026-04-21T06:52:55.565+0000] {processor.py:914} INFO - Processing file /home/airflow/.local/lib/python3.12/site-packages/airflow/example_dags/tutorial_dag.py for tasks to queue
[2026-04-21T06:52:55.566+0000] {logging_mixin.py:190} INFO - [2026-04-21T06:52:55.566+0000] {dagbag.py:588} INFO - Filling up the DagBag from /home/airflow/.local/lib/python3.12/site-packages/airflow/example_dags/tutorial_dag.py
[2026-04-21T06:52:55.569+0000] {processor.py:925} INFO - DAG(s) 'tutorial_dag' retrieved from /home/airflow/.local/lib/python3.12/site-packages/airflow/example_dags/tutorial_dag.py
[2026-04-21T06:52:55.577+0000] {logging_mixin.py:190} INFO - [2026-04-21T06:52:55.577+0000] {dag.py:3239} INFO - Sync 1 DAGs
[2026-04-21T06:52:55.582+0000] {logging_mixin.py:190} INFO - [2026-04-21T06:52:55.582+0000] {dag.py:4180} INFO - Setting next_dagrun for tutorial_dag to None, run_after=None
[2026-04-21T06:52:55.593+0000] {processor.py:208} INFO - Processing /home/airflow/.local/lib/python3.12/site-packages/airflow/example_dags/tutorial_dag.py took 0.031 seconds
[2026-04-21T06:53:26.830+0000] {processor.py:186} INFO - Started process (PID=1432) to work on /home/airflow/.local/lib/python3.12/site-packages/airflow/example_dags/tutorial_dag.py
[2026-04-21T06:53:26.830+0000] {processor.py:914} INFO - Processing file /home/airflow/.local/lib/python3.12/site-packages/airflow/example_dags/tutorial_dag.py for tasks to queue
[2026-04-21T06:53:26.831+0000] {logging_mixin.py:190} INFO - [2026-04-21T06:53:26.831+0000] {dagbag.py:588} INFO - Filling up the DagBag from /home/airflow/.local/lib/python3.12/site-packages/airflow/example_dags/tutorial_dag.py
[2026-04-21T06:53:26.834+0000] {processor.py:925} INFO - DAG(s) 'tutorial_dag' retrieved from /home/airflow/.local/lib/python3.12/site-packages/airflow/example_dags/tutorial_dag.py
[2026-04-21T06:53:26.843+0000] {logging_mixin.py:190} INFO - [2026-04-21T06:53:26.843+0000] {dag.py:3239} INFO - Sync 1 DAGs
[2026-04-21T06:53:26.851+0000] {logging_mixin.py:190} INFO - [2026-04-21T06:53:26.851+0000] {dag.py:4180} INFO - Setting next_dagrun for tutorial_dag to None, run_after=None
[2026-04-21T06:53:26.864+0000] {processor.py:208} INFO - Processing /home/airflow/.local/lib/python3.12/site-packages/airflow/example_dags/tutorial_dag.py took 0.037 seconds
[2026-04-21T06:53:57.132+0000] {processor.py:186} INFO - Started process (PID=1496) to work on /home/airflow/.local/lib/python3.12/site-packages/airflow/example_dags/tutorial_dag.py
[2026-04-21T06:53:57.133+0000] {processor.py:914} INFO - Processing file /home/airflow/.local/lib/python3.12/site-packages/airflow/example_dags/tutorial_dag.py for tasks to queue
[2026-04-21T06:53:57.133+0000] {logging_mixin.py:190} INFO - [2026-04-21T06:53:57.133+0000] {dagbag.py:588} INFO - Filling up the DagBag from /home/airflow/.local/lib/python3.12/site-packages/airflow/example_dags/tutorial_dag.py
[2026-04-21T06:53:57.136+0000] {processor.py:925} INFO - DAG(s) 'tutorial_dag' retrieved from /home/airflow/.local/lib/python3.12/site-packages/airflow/example_dags/tutorial_dag.py
[2026-04-21T06:53:57.147+0000] {logging_mixin.py:190} INFO - [2026-04-21T06:53:57.147+0000] {dag.py:3239} INFO - Sync 1 DAGs
[2026-04-21T06:53:57.154+0000] {logging_mixin.py:190} INFO - [2026-04-21T06:53:57.154+0000] {dag.py:4180} INFO - Setting next_dagrun for tutorial_dag to None, run_after=None
[2026-04-21T06:53:57.163+0000] {processor.py:208} INFO - Processing /home/airflow/.local/lib/python3.12/site-packages/airflow/example_dags/tutorial_dag.py took 0.033 seconds
[2026-04-21T06:54:28.124+0000] {processor.py:186} INFO - Started process (PID=1560) to work on /home/airflow/.local/lib/python3.12/site-packages/airflow/example_dags/tutorial_dag.py
[2026-04-21T06:54:28.125+0000] {processor.py:914} INFO - Processing file /home/airflow/.local/lib/python3.12/site-packages/airflow/example_dags/tutorial_dag.py for tasks to queue
[2026-04-21T06:54:28.126+0000] {logging_mixin.py:190} INFO - [2026-04-21T06:54:28.125+0000] {dagbag.py:588} INFO - Filling up the DagBag from /home/airflow/.local/lib/python3.12/site-packages/airflow/example_dags/tutorial_dag.py
[2026-04-21T06:54:28.128+0000] {processor.py:925} INFO - DAG(s) 'tutorial_dag' retrieved from /home/airflow/.local/lib/python3.12/site-packages/airflow/example_dags/tutorial_dag.py
[2026-04-21T06:54:28.134+0000] {logging_mixin.py:190} INFO - [2026-04-21T06:54:28.134+0000] {dag.py:3239} INFO - Sync 1 DAGs
[2026-04-21T06:54:28.138+0000] {logging_mixin.py:190} INFO - [2026-04-21T06:54:28.138+0000] {dag.py:4180} INFO - Setting next_dagrun for tutorial_dag to None, run_after=None
[2026-04-21T06:54:28.143+0000] {processor.py:208} INFO - Processing /home/airflow/.local/lib/python3.12/site-packages/airflow/example_dags/tutorial_dag.py took 0.021 seconds
[2026-04-21T06:54:59.231+0000] {processor.py:186} INFO - Started process (PID=1624) to work on /home/airflow/.local/lib/python3.12/site-packages/airflow/example_dags/tutorial_dag.py
[2026-04-21T06:54:59.231+0000] {processor.py:914} INFO - Processing file /home/airflow/.local/lib/python3.12/site-packages/airflow/example_dags/tutorial_dag.py for tasks to queue
[2026-04-21T06:54:59.233+0000] {logging_mixin.py:190} INFO - [2026-04-21T06:54:59.233+0000] {dagbag.py:588} INFO - Filling up the DagBag from /home/airflow/.local/lib/python3.12/site-packages/airflow/example_dags/tutorial_dag.py
[2026-04-21T06:54:59.236+0000] {processor.py:925} INFO - DAG(s) 'tutorial_dag' retrieved from /home/airflow/.local/lib/python3.12/site-packages/airflow/example_dags/tutorial_dag.py
[2026-04-21T06:54:59.246+0000] {logging_mixin.py:190} INFO - [2026-04-21T06:54:59.246+0000] {dag.py:3239} INFO - Sync 1 DAGs
[2026-04-21T06:54:59.251+0000] {logging_mixin.py:190} INFO - [2026-04-21T06:54:59.251+0000] {dag.py:4180} INFO - Setting next_dagrun for tutorial_dag to None, run_after=None
[2026-04-21T06:54:59.259+0000] {processor.py:208} INFO - Processing /home/airflow/.local/lib/python3.12/site-packages/airflow/example_dags/tutorial_dag.py took 0.031 seconds
[2026-04-21T06:55:30.389+0000] {processor.py:186} INFO - Started process (PID=1688) to work on /home/airflow/.local/lib/python3.12/site-packages/airflow/example_dags/tutorial_dag.py
[2026-04-21T06:55:30.389+0000] {processor.py:914} INFO - Processing file /home/airflow/.local/lib/python3.12/site-packages/airflow/example_dags/tutorial_dag.py for tasks to queue
[2026-04-21T06:55:30.390+0000] {logging_mixin.py:190} INFO - [2026-04-21T06:55:30.390+0000] {dagbag.py:588} INFO - Filling up the DagBag from /home/airflow/.local/lib/python3.12/site-packages/airflow/example_dags/tutorial_dag.py
[2026-04-21T06:55:30.393+0000] {processor.py:925} INFO - DAG(s) 'tutorial_dag' retrieved from /home/airflow/.local/lib/python3.12/site-packages/airflow/example_dags/tutorial_dag.py
[2026-04-21T06:55:30.404+0000] {logging_mixin.py:190} INFO - [2026-04-21T06:55:30.404+0000] {dag.py:3239} INFO - Sync 1 DAGs
[2026-04-21T06:55:30.411+0000] {logging_mixin.py:190} INFO - [2026-04-21T06:55:30.411+0000] {dag.py:4180} INFO - Setting next_dagrun for tutorial_dag to None, run_after=None
[2026-04-21T06:55:30.421+0000] {processor.py:208} INFO - Processing /home/airflow/.local/lib/python3.12/site-packages/airflow/example_dags/tutorial_dag.py took 0.034 seconds
[2026-04-21T06:56:03.417+0000] {processor.py:186} INFO - Started process (PID=1752) to work on /home/airflow/.local/lib/python3.12/site-packages/airflow/example_dags/tutorial_dag.py
[2026-04-21T06:56:03.417+0000] {processor.py:914} INFO - Processing file /home/airflow/.local/lib/python3.12/site-packages/airflow/example_dags/tutorial_dag.py for tasks to queue
[2026-04-21T06:56:03.419+0000] {logging_mixin.py:190} INFO - [2026-04-21T06:56:03.418+0000] {dagbag.py:588} INFO - Filling up the DagBag from /home/airflow/.local/lib/python3.12/site-packages/airflow/example_dags/tutorial_dag.py
[2026-04-21T06:56:03.423+0000] {processor.py:925} INFO - DAG(s) 'tutorial_dag' retrieved from /home/airflow/.local/lib/python3.12/site-packages/airflow/example_dags/tutorial_dag.py
[2026-04-21T06:56:03.435+0000] {logging_mixin.py:190} INFO - [2026-04-21T06:56:03.434+0000] {dag.py:3239} INFO - Sync 1 DAGs
[2026-04-21T06:56:03.443+0000] {logging_mixin.py:190} INFO - [2026-04-21T06:56:03.443+0000] {dag.py:4180} INFO - Setting next_dagrun for tutorial_dag to None, run_after=None
[2026-04-21T06:56:03.454+0000] {processor.py:208} INFO - Processing /home/airflow/.local/lib/python3.12/site-packages/airflow/example_dags/tutorial_dag.py took 0.040 seconds
[2026-04-21T07:01:27.880+0000] {processor.py:186} INFO - Started process (PID=1833) to work on /home/airflow/.local/lib/python3.12/site-packages/airflow/example_dags/tutorial_dag.py
[2026-04-21T07:01:27.881+0000] {processor.py:914} INFO - Processing file /home/airflow/.local/lib/python3.12/site-packages/airflow/example_dags/tutorial_dag.py for tasks to queue
[2026-04-21T07:01:27.882+0000] {logging_mixin.py:190} INFO - [2026-04-21T07:01:27.881+0000] {dagbag.py:588} INFO - Filling up the DagBag from /home/airflow/.local/lib/python3.12/site-packages/airflow/example_dags/tutorial_dag.py
[2026-04-21T07:01:27.884+0000] {processor.py:925} INFO - DAG(s) 'tutorial_dag' retrieved from /home/airflow/.local/lib/python3.12/site-packages/airflow/example_dags/tutorial_dag.py
[2026-04-21T07:01:27.891+0000] {logging_mixin.py:190} INFO - [2026-04-21T07:01:27.891+0000] {dag.py:3239} INFO - Sync 1 DAGs
[2026-04-21T07:01:27.895+0000] {logging_mixin.py:190} INFO - [2026-04-21T07:01:27.895+0000] {dag.py:4180} INFO - Setting next_dagrun for tutorial_dag to None, run_after=None
[2026-04-21T07:01:27.901+0000] {processor.py:208} INFO - Processing /home/airflow/.local/lib/python3.12/site-packages/airflow/example_dags/tutorial_dag.py took 0.023 seconds
[2026-04-21T07:01:59.275+0000] {processor.py:186} INFO - Started process (PID=1897) to work on /home/airflow/.local/lib/python3.12/site-packages/airflow/example_dags/tutorial_dag.py
[2026-04-21T07:01:59.276+0000] {processor.py:914} INFO - Processing file /home/airflow/.local/lib/python3.12/site-packages/airflow/example_dags/tutorial_dag.py for tasks to queue
[2026-04-21T07:01:59.277+0000] {logging_mixin.py:190} INFO - [2026-04-21T07:01:59.277+0000] {dagbag.py:588} INFO - Filling up the DagBag from /home/airflow/.local/lib/python3.12/site-packages/airflow/example_dags/tutorial_dag.py
[2026-04-21T07:01:59.279+0000] {processor.py:925} INFO - DAG(s) 'tutorial_dag' retrieved from /home/airflow/.local/lib/python3.12/site-packages/airflow/example_dags/tutorial_dag.py
[2026-04-21T07:01:59.286+0000] {logging_mixin.py:190} INFO - [2026-04-21T07:01:59.286+0000] {dag.py:3239} INFO - Sync 1 DAGs
[2026-04-21T07:01:59.291+0000] {logging_mixin.py:190} INFO - [2026-04-21T07:01:59.290+0000] {dag.py:4180} INFO - Setting next_dagrun for tutorial_dag to None, run_after=None
[2026-04-21T07:01:59.296+0000] {processor.py:208} INFO - Processing /home/airflow/.local/lib/python3.12/site-packages/airflow/example_dags/tutorial_dag.py took 0.023 seconds
[2026-04-21T07:02:30.485+0000] {processor.py:186} INFO - Started process (PID=1961) to work on /home/airflow/.local/lib/python3.12/site-packages/airflow/example_dags/tutorial_dag.py
[2026-04-21T07:02:30.487+0000] {processor.py:914} INFO - Processing file /home/airflow/.local/lib/python3.12/site-packages/airflow/example_dags/tutorial_dag.py for tasks to queue
[2026-04-21T07:02:30.489+0000] {logging_mixin.py:190} INFO - [2026-04-21T07:02:30.489+0000] {dagbag.py:588} INFO - Filling up the DagBag from /home/airflow/.local/lib/python3.12/site-packages/airflow/example_dags/tutorial_dag.py
[2026-04-21T07:02:30.493+0000] {processor.py:925} INFO - DAG(s) 'tutorial_dag' retrieved from /home/airflow/.local/lib/python3.12/site-packages/airflow/example_dags/tutorial_dag.py
[2026-04-21T07:02:30.501+0000] {logging_mixin.py:190} INFO - [2026-04-21T07:02:30.501+0000] {dag.py:3239} INFO - Sync 1 DAGs
[2026-04-21T07:02:30.507+0000] {logging_mixin.py:190} INFO - [2026-04-21T07:02:30.507+0000] {dag.py:4180} INFO - Setting next_dagrun for tutorial_dag to None, run_after=None
[2026-04-21T07:02:30.513+0000] {processor.py:208} INFO - Processing /home/airflow/.local/lib/python3.12/site-packages/airflow/example_dags/tutorial_dag.py took 0.031 seconds
[2026-04-21T07:03:01.483+0000] {processor.py:186} INFO - Started process (PID=2025) to work on /home/airflow/.local/lib/python3.12/site-packages/airflow/example_dags/tutorial_dag.py
[2026-04-21T07:03:01.484+0000] {processor.py:914} INFO - Processing file /home/airflow/.local/lib/python3.12/site-packages/airflow/example_dags/tutorial_dag.py for tasks to queue
[2026-04-21T07:03:01.484+0000] {logging_mixin.py:190} INFO - [2026-04-21T07:03:01.484+0000] {dagbag.py:588} INFO - Filling up the DagBag from /home/airflow/.local/lib/python3.12/site-packages/airflow/example_dags/tutorial_dag.py
[2026-04-21T07:03:01.487+0000] {processor.py:925} INFO - DAG(s) 'tutorial_dag' retrieved from /home/airflow/.local/lib/python3.12/site-packages/airflow/example_dags/tutorial_dag.py
[2026-04-21T07:03:01.493+0000] {logging_mixin.py:190} INFO - [2026-04-21T07:03:01.493+0000] {dag.py:3239} INFO - Sync 1 DAGs
[2026-04-21T07:03:01.497+0000] {logging_mixin.py:190} INFO - [2026-04-21T07:03:01.497+0000] {dag.py:4180} INFO - Setting next_dagrun for tutorial_dag to None, run_after=None
[2026-04-21T07:03:01.502+0000] {processor.py:208} INFO - Processing /home/airflow/.local/lib/python3.12/site-packages/airflow/example_dags/tutorial_dag.py took 0.021 seconds
[2026-04-21T07:03:32.594+0000] {processor.py:186} INFO - Started process (PID=2089) to work on /home/airflow/.local/lib/python3.12/site-packages/airflow/example_dags/tutorial_dag.py
[2026-04-21T07:03:32.594+0000] {processor.py:914} INFO - Processing file /home/airflow/.local/lib/python3.12/site-packages/airflow/example_dags/tutorial_dag.py for tasks to queue
[2026-04-21T07:03:32.595+0000] {logging_mixin.py:190} INFO - [2026-04-21T07:03:32.595+0000] {dagbag.py:588} INFO - Filling up the DagBag from /home/airflow/.local/lib/python3.12/site-packages/airflow/example_dags/tutorial_dag.py
[2026-04-21T07:03:32.598+0000] {processor.py:925} INFO - DAG(s) 'tutorial_dag' retrieved from /home/airflow/.local/lib/python3.12/site-packages/airflow/example_dags/tutorial_dag.py
[2026-04-21T07:03:32.608+0000] {logging_mixin.py:190} INFO - [2026-04-21T07:03:32.608+0000] {dag.py:3239} INFO - Sync 1 DAGs
[2026-04-21T07:03:32.615+0000] {logging_mixin.py:190} INFO - [2026-04-21T07:03:32.615+0000] {dag.py:4180} INFO - Setting next_dagrun for tutorial_dag to None, run_after=None
[2026-04-21T07:03:32.624+0000] {processor.py:208} INFO - Processing /home/airflow/.local/lib/python3.12/site-packages/airflow/example_dags/tutorial_dag.py took 0.033 seconds
[2026-04-21T07:04:03.600+0000] {processor.py:186} INFO - Started process (PID=2153) to work on /home/airflow/.local/lib/python3.12/site-packages/airflow/example_dags/tutorial_dag.py
[2026-04-21T07:04:03.600+0000] {processor.py:914} INFO - Processing file /home/airflow/.local/lib/python3.12/site-packages/airflow/example_dags/tutorial_dag.py for tasks to queue
[2026-04-21T07:04:03.601+0000] {logging_mixin.py:190} INFO - [2026-04-21T07:04:03.601+0000] {dagbag.py:588} INFO - Filling up the DagBag from /home/airflow/.local/lib/python3.12/site-packages/airflow/example_dags/tutorial_dag.py
[2026-04-21T07:04:03.604+0000] {processor.py:925} INFO - DAG(s) 'tutorial_dag' retrieved from /home/airflow/.local/lib/python3.12/site-packages/airflow/example_dags/tutorial_dag.py
[2026-04-21T07:04:03.614+0000] {logging_mixin.py:190} INFO - [2026-04-21T07:04:03.614+0000] {dag.py:3239} INFO - Sync 1 DAGs
[2026-04-21T07:04:03.621+0000] {logging_mixin.py:190} INFO - [2026-04-21T07:04:03.621+0000] {dag.py:4180} INFO - Setting next_dagrun for tutorial_dag to None, run_after=None
[2026-04-21T07:04:03.630+0000] {processor.py:208} INFO - Processing /home/airflow/.local/lib/python3.12/site-packages/airflow/example_dags/tutorial_dag.py took 0.032 seconds
[2026-04-21T07:04:34.770+0000] {processor.py:186} INFO - Started process (PID=2217) to work on /home/airflow/.local/lib/python3.12/site-packages/airflow/example_dags/tutorial_dag.py
[2026-04-21T07:04:34.770+0000] {processor.py:914} INFO - Processing file /home/airflow/.local/lib/python3.12/site-packages/airflow/example_dags/tutorial_dag.py for tasks to queue
[2026-04-21T07:04:34.772+0000] {logging_mixin.py:190} INFO - [2026-04-21T07:04:34.772+0000] {dagbag.py:588} INFO - Filling up the DagBag from /home/airflow/.local/lib/python3.12/site-packages/airflow/example_dags/tutorial_dag.py
[2026-04-21T07:04:34.776+0000] {processor.py:925} INFO - DAG(s) 'tutorial_dag' retrieved from /home/airflow/.local/lib/python3.12/site-packages/airflow/example_dags/tutorial_dag.py
[2026-04-21T07:04:34.786+0000] {logging_mixin.py:190} INFO - [2026-04-21T07:04:34.786+0000] {dag.py:3239} INFO - Sync 1 DAGs
[2026-04-21T07:04:34.791+0000] {logging_mixin.py:190} INFO - [2026-04-21T07:04:34.791+0000] {dag.py:4180} INFO - Setting next_dagrun for tutorial_dag to None, run_after=None
[2026-04-21T07:04:34.800+0000] {processor.py:208} INFO - Processing /home/airflow/.local/lib/python3.12/site-packages/airflow/example_dags/tutorial_dag.py took 0.032 seconds
