[2026-04-21T06:42:41.494+0000] {processor.py:186} INFO - Started process (PID=81) to work on /home/airflow/.local/lib/python3.12/site-packages/airflow/example_dags/tutorial_objectstorage.py
[2026-04-21T06:42:41.498+0000] {processor.py:914} INFO - Processing file /home/airflow/.local/lib/python3.12/site-packages/airflow/example_dags/tutorial_objectstorage.py for tasks to queue
[2026-04-21T06:42:41.499+0000] {logging_mixin.py:190} INFO - [2026-04-21T06:42:41.498+0000] {dagbag.py:588} INFO - Filling up the DagBag from /home/airflow/.local/lib/python3.12/site-packages/airflow/example_dags/tutorial_objectstorage.py
[2026-04-21T06:42:41.503+0000] {processor.py:925} INFO - DAG(s) 'tutorial_objectstorage' retrieved from /home/airflow/.local/lib/python3.12/site-packages/airflow/example_dags/tutorial_objectstorage.py
[2026-04-21T06:42:41.518+0000] {logging_mixin.py:190} INFO - [2026-04-21T06:42:41.517+0000] {dag.py:3239} INFO - Sync 1 DAGs
[2026-04-21T06:42:41.526+0000] {logging_mixin.py:190} INFO - [2026-04-21T06:42:41.526+0000] {dag.py:4180} INFO - Setting next_dagrun for tutorial_objectstorage to None, run_after=None
[2026-04-21T06:42:41.543+0000] {processor.py:208} INFO - Processing /home/airflow/.local/lib/python3.12/site-packages/airflow/example_dags/tutorial_objectstorage.py took 0.052 seconds
[2026-04-21T06:43:12.416+0000] {processor.py:186} INFO - Started process (PID=153) to work on /home/airflow/.local/lib/python3.12/site-packages/airflow/example_dags/tutorial_objectstorage.py
[2026-04-21T06:43:12.417+0000] {processor.py:914} INFO - Processing file /home/airflow/.local/lib/python3.12/site-packages/airflow/example_dags/tutorial_objectstorage.py for tasks to queue
[2026-04-21T06:43:12.417+0000] {logging_mixin.py:190} INFO - [2026-04-21T06:43:12.417+0000] {dagbag.py:588} INFO - Filling up the DagBag from /home/airflow/.local/lib/python3.12/site-packages/airflow/example_dags/tutorial_objectstorage.py
[2026-04-21T06:43:12.422+0000] {processor.py:925} INFO - DAG(s) 'tutorial_objectstorage' retrieved from /home/airflow/.local/lib/python3.12/site-packages/airflow/example_dags/tutorial_objectstorage.py
[2026-04-21T06:43:12.428+0000] {logging_mixin.py:190} INFO - [2026-04-21T06:43:12.428+0000] {dag.py:3239} INFO - Sync 1 DAGs
[2026-04-21T06:43:12.434+0000] {logging_mixin.py:190} INFO - [2026-04-21T06:43:12.434+0000] {dag.py:4180} INFO - Setting next_dagrun for tutorial_objectstorage to None, run_after=None
[2026-04-21T06:43:12.445+0000] {processor.py:208} INFO - Processing /home/airflow/.local/lib/python3.12/site-packages/airflow/example_dags/tutorial_objectstorage.py took 0.032 seconds
[2026-04-21T06:43:43.544+0000] {processor.py:186} INFO - Started process (PID=217) to work on /home/airflow/.local/lib/python3.12/site-packages/airflow/example_dags/tutorial_objectstorage.py
[2026-04-21T06:43:43.545+0000] {processor.py:914} INFO - Processing file /home/airflow/.local/lib/python3.12/site-packages/airflow/example_dags/tutorial_objectstorage.py for tasks to queue
[2026-04-21T06:43:43.547+0000] {logging_mixin.py:190} INFO - [2026-04-21T06:43:43.545+0000] {dagbag.py:588} INFO - Filling up the DagBag from /home/airflow/.local/lib/python3.12/site-packages/airflow/example_dags/tutorial_objectstorage.py
[2026-04-21T06:43:43.551+0000] {processor.py:925} INFO - DAG(s) 'tutorial_objectstorage' retrieved from /home/airflow/.local/lib/python3.12/site-packages/airflow/example_dags/tutorial_objectstorage.py
[2026-04-21T06:43:43.561+0000] {logging_mixin.py:190} INFO - [2026-04-21T06:43:43.561+0000] {dag.py:3239} INFO - Sync 1 DAGs
[2026-04-21T06:43:43.567+0000] {logging_mixin.py:190} INFO - [2026-04-21T06:43:43.567+0000] {dag.py:4180} INFO - Setting next_dagrun for tutorial_objectstorage to None, run_after=None
[2026-04-21T06:43:43.573+0000] {processor.py:208} INFO - Processing /home/airflow/.local/lib/python3.12/site-packages/airflow/example_dags/tutorial_objectstorage.py took 0.032 seconds
[2026-04-21T06:44:14.073+0000] {processor.py:186} INFO - Started process (PID=281) to work on /home/airflow/.local/lib/python3.12/site-packages/airflow/example_dags/tutorial_objectstorage.py
[2026-04-21T06:44:14.074+0000] {processor.py:914} INFO - Processing file /home/airflow/.local/lib/python3.12/site-packages/airflow/example_dags/tutorial_objectstorage.py for tasks to queue
[2026-04-21T06:44:14.075+0000] {logging_mixin.py:190} INFO - [2026-04-21T06:44:14.075+0000] {dagbag.py:588} INFO - Filling up the DagBag from /home/airflow/.local/lib/python3.12/site-packages/airflow/example_dags/tutorial_objectstorage.py
[2026-04-21T06:44:14.081+0000] {processor.py:925} INFO - DAG(s) 'tutorial_objectstorage' retrieved from /home/airflow/.local/lib/python3.12/site-packages/airflow/example_dags/tutorial_objectstorage.py
[2026-04-21T06:44:14.091+0000] {logging_mixin.py:190} INFO - [2026-04-21T06:44:14.091+0000] {dag.py:3239} INFO - Sync 1 DAGs
[2026-04-21T06:44:14.098+0000] {logging_mixin.py:190} INFO - [2026-04-21T06:44:14.098+0000] {dag.py:4180} INFO - Setting next_dagrun for tutorial_objectstorage to None, run_after=None
[2026-04-21T06:44:14.113+0000] {processor.py:208} INFO - Processing /home/airflow/.local/lib/python3.12/site-packages/airflow/example_dags/tutorial_objectstorage.py took 0.041 seconds
[2026-04-21T06:44:44.401+0000] {processor.py:186} INFO - Started process (PID=345) to work on /home/airflow/.local/lib/python3.12/site-packages/airflow/example_dags/tutorial_objectstorage.py
[2026-04-21T06:44:44.401+0000] {processor.py:914} INFO - Processing file /home/airflow/.local/lib/python3.12/site-packages/airflow/example_dags/tutorial_objectstorage.py for tasks to queue
[2026-04-21T06:44:44.402+0000] {logging_mixin.py:190} INFO - [2026-04-21T06:44:44.402+0000] {dagbag.py:588} INFO - Filling up the DagBag from /home/airflow/.local/lib/python3.12/site-packages/airflow/example_dags/tutorial_objectstorage.py
[2026-04-21T06:44:44.408+0000] {processor.py:925} INFO - DAG(s) 'tutorial_objectstorage' retrieved from /home/airflow/.local/lib/python3.12/site-packages/airflow/example_dags/tutorial_objectstorage.py
[2026-04-21T06:44:44.415+0000] {logging_mixin.py:190} INFO - [2026-04-21T06:44:44.415+0000] {dag.py:3239} INFO - Sync 1 DAGs
[2026-04-21T06:44:44.422+0000] {logging_mixin.py:190} INFO - [2026-04-21T06:44:44.422+0000] {dag.py:4180} INFO - Setting next_dagrun for tutorial_objectstorage to None, run_after=None
[2026-04-21T06:44:44.431+0000] {processor.py:208} INFO - Processing /home/airflow/.local/lib/python3.12/site-packages/airflow/example_dags/tutorial_objectstorage.py took 0.033 seconds
[2026-04-21T06:45:14.779+0000] {processor.py:186} INFO - Started process (PID=409) to work on /home/airflow/.local/lib/python3.12/site-packages/airflow/example_dags/tutorial_objectstorage.py
[2026-04-21T06:45:14.780+0000] {processor.py:914} INFO - Processing file /home/airflow/.local/lib/python3.12/site-packages/airflow/example_dags/tutorial_objectstorage.py for tasks to queue
[2026-04-21T06:45:14.781+0000] {logging_mixin.py:190} INFO - [2026-04-21T06:45:14.780+0000] {dagbag.py:588} INFO - Filling up the DagBag from /home/airflow/.local/lib/python3.12/site-packages/airflow/example_dags/tutorial_objectstorage.py
[2026-04-21T06:45:14.785+0000] {processor.py:925} INFO - DAG(s) 'tutorial_objectstorage' retrieved from /home/airflow/.local/lib/python3.12/site-packages/airflow/example_dags/tutorial_objectstorage.py
[2026-04-21T06:45:14.795+0000] {logging_mixin.py:190} INFO - [2026-04-21T06:45:14.795+0000] {dag.py:3239} INFO - Sync 1 DAGs
[2026-04-21T06:45:14.800+0000] {logging_mixin.py:190} INFO - [2026-04-21T06:45:14.800+0000] {dag.py:4180} INFO - Setting next_dagrun for tutorial_objectstorage to None, run_after=None
[2026-04-21T06:45:14.814+0000] {processor.py:208} INFO - Processing /home/airflow/.local/lib/python3.12/site-packages/airflow/example_dags/tutorial_objectstorage.py took 0.038 seconds
[2026-04-21T06:45:45.297+0000] {processor.py:186} INFO - Started process (PID=473) to work on /home/airflow/.local/lib/python3.12/site-packages/airflow/example_dags/tutorial_objectstorage.py
[2026-04-21T06:45:45.298+0000] {processor.py:914} INFO - Processing file /home/airflow/.local/lib/python3.12/site-packages/airflow/example_dags/tutorial_objectstorage.py for tasks to queue
[2026-04-21T06:45:45.299+0000] {logging_mixin.py:190} INFO - [2026-04-21T06:45:45.299+0000] {dagbag.py:588} INFO - Filling up the DagBag from /home/airflow/.local/lib/python3.12/site-packages/airflow/example_dags/tutorial_objectstorage.py
[2026-04-21T06:45:45.302+0000] {processor.py:925} INFO - DAG(s) 'tutorial_objectstorage' retrieved from /home/airflow/.local/lib/python3.12/site-packages/airflow/example_dags/tutorial_objectstorage.py
[2026-04-21T06:45:45.310+0000] {logging_mixin.py:190} INFO - [2026-04-21T06:45:45.309+0000] {dag.py:3239} INFO - Sync 1 DAGs
[2026-04-21T06:45:45.315+0000] {logging_mixin.py:190} INFO - [2026-04-21T06:45:45.315+0000] {dag.py:4180} INFO - Setting next_dagrun for tutorial_objectstorage to None, run_after=None
[2026-04-21T06:45:45.321+0000] {processor.py:208} INFO - Processing /home/airflow/.local/lib/python3.12/site-packages/airflow/example_dags/tutorial_objectstorage.py took 0.026 seconds
[2026-04-21T06:46:15.747+0000] {processor.py:186} INFO - Started process (PID=537) to work on /home/airflow/.local/lib/python3.12/site-packages/airflow/example_dags/tutorial_objectstorage.py
[2026-04-21T06:46:15.747+0000] {processor.py:914} INFO - Processing file /home/airflow/.local/lib/python3.12/site-packages/airflow/example_dags/tutorial_objectstorage.py for tasks to queue
[2026-04-21T06:46:15.748+0000] {logging_mixin.py:190} INFO - [2026-04-21T06:46:15.748+0000] {dagbag.py:588} INFO - Filling up the DagBag from /home/airflow/.local/lib/python3.12/site-packages/airflow/example_dags/tutorial_objectstorage.py
[2026-04-21T06:46:15.752+0000] {processor.py:925} INFO - DAG(s) 'tutorial_objectstorage' retrieved from /home/airflow/.local/lib/python3.12/site-packages/airflow/example_dags/tutorial_objectstorage.py
[2026-04-21T06:46:15.759+0000] {logging_mixin.py:190} INFO - [2026-04-21T06:46:15.759+0000] {dag.py:3239} INFO - Sync 1 DAGs
[2026-04-21T06:46:15.763+0000] {logging_mixin.py:190} INFO - [2026-04-21T06:46:15.763+0000] {dag.py:4180} INFO - Setting next_dagrun for tutorial_objectstorage to None, run_after=None
[2026-04-21T06:46:15.769+0000] {processor.py:208} INFO - Processing /home/airflow/.local/lib/python3.12/site-packages/airflow/example_dags/tutorial_objectstorage.py took 0.024 seconds
[2026-04-21T06:46:46.010+0000] {processor.py:186} INFO - Started process (PID=601) to work on /home/airflow/.local/lib/python3.12/site-packages/airflow/example_dags/tutorial_objectstorage.py
[2026-04-21T06:46:46.011+0000] {processor.py:914} INFO - Processing file /home/airflow/.local/lib/python3.12/site-packages/airflow/example_dags/tutorial_objectstorage.py for tasks to queue
[2026-04-21T06:46:46.012+0000] {logging_mixin.py:190} INFO - [2026-04-21T06:46:46.012+0000] {dagbag.py:588} INFO - Filling up the DagBag from /home/airflow/.local/lib/python3.12/site-packages/airflow/example_dags/tutorial_objectstorage.py
[2026-04-21T06:46:46.016+0000] {processor.py:925} INFO - DAG(s) 'tutorial_objectstorage' retrieved from /home/airflow/.local/lib/python3.12/site-packages/airflow/example_dags/tutorial_objectstorage.py
[2026-04-21T06:46:46.026+0000] {logging_mixin.py:190} INFO - [2026-04-21T06:46:46.026+0000] {dag.py:3239} INFO - Sync 1 DAGs
[2026-04-21T06:46:46.031+0000] {logging_mixin.py:190} INFO - [2026-04-21T06:46:46.031+0000] {dag.py:4180} INFO - Setting next_dagrun for tutorial_objectstorage to None, run_after=None
[2026-04-21T06:46:46.039+0000] {processor.py:208} INFO - Processing /home/airflow/.local/lib/python3.12/site-packages/airflow/example_dags/tutorial_objectstorage.py took 0.031 seconds
[2026-04-21T06:47:17.173+0000] {processor.py:186} INFO - Started process (PID=665) to work on /home/airflow/.local/lib/python3.12/site-packages/airflow/example_dags/tutorial_objectstorage.py
[2026-04-21T06:47:17.173+0000] {processor.py:914} INFO - Processing file /home/airflow/.local/lib/python3.12/site-packages/airflow/example_dags/tutorial_objectstorage.py for tasks to queue
[2026-04-21T06:47:17.174+0000] {logging_mixin.py:190} INFO - [2026-04-21T06:47:17.174+0000] {dagbag.py:588} INFO - Filling up the DagBag from /home/airflow/.local/lib/python3.12/site-packages/airflow/example_dags/tutorial_objectstorage.py
[2026-04-21T06:47:17.177+0000] {processor.py:925} INFO - DAG(s) 'tutorial_objectstorage' retrieved from /home/airflow/.local/lib/python3.12/site-packages/airflow/example_dags/tutorial_objectstorage.py
[2026-04-21T06:47:17.186+0000] {logging_mixin.py:190} INFO - [2026-04-21T06:47:17.186+0000] {dag.py:3239} INFO - Sync 1 DAGs
[2026-04-21T06:47:17.193+0000] {logging_mixin.py:190} INFO - [2026-04-21T06:47:17.193+0000] {dag.py:4180} INFO - Setting next_dagrun for tutorial_objectstorage to None, run_after=None
[2026-04-21T06:47:17.201+0000] {processor.py:208} INFO - Processing /home/airflow/.local/lib/python3.12/site-packages/airflow/example_dags/tutorial_objectstorage.py took 0.031 seconds
[2026-04-21T06:47:47.492+0000] {processor.py:186} INFO - Started process (PID=729) to work on /home/airflow/.local/lib/python3.12/site-packages/airflow/example_dags/tutorial_objectstorage.py
[2026-04-21T06:47:47.493+0000] {processor.py:914} INFO - Processing file /home/airflow/.local/lib/python3.12/site-packages/airflow/example_dags/tutorial_objectstorage.py for tasks to queue
[2026-04-21T06:47:47.494+0000] {logging_mixin.py:190} INFO - [2026-04-21T06:47:47.493+0000] {dagbag.py:588} INFO - Filling up the DagBag from /home/airflow/.local/lib/python3.12/site-packages/airflow/example_dags/tutorial_objectstorage.py
[2026-04-21T06:47:47.498+0000] {processor.py:925} INFO - DAG(s) 'tutorial_objectstorage' retrieved from /home/airflow/.local/lib/python3.12/site-packages/airflow/example_dags/tutorial_objectstorage.py
[2026-04-21T06:47:47.506+0000] {logging_mixin.py:190} INFO - [2026-04-21T06:47:47.506+0000] {dag.py:3239} INFO - Sync 1 DAGs
[2026-04-21T06:47:47.510+0000] {logging_mixin.py:190} INFO - [2026-04-21T06:47:47.510+0000] {dag.py:4180} INFO - Setting next_dagrun for tutorial_objectstorage to None, run_after=None
[2026-04-21T06:47:47.519+0000] {processor.py:208} INFO - Processing /home/airflow/.local/lib/python3.12/site-packages/airflow/example_dags/tutorial_objectstorage.py took 0.029 seconds
[2026-04-21T06:48:18.777+0000] {processor.py:186} INFO - Started process (PID=793) to work on /home/airflow/.local/lib/python3.12/site-packages/airflow/example_dags/tutorial_objectstorage.py
[2026-04-21T06:48:18.778+0000] {processor.py:914} INFO - Processing file /home/airflow/.local/lib/python3.12/site-packages/airflow/example_dags/tutorial_objectstorage.py for tasks to queue
[2026-04-21T06:48:18.779+0000] {logging_mixin.py:190} INFO - [2026-04-21T06:48:18.779+0000] {dagbag.py:588} INFO - Filling up the DagBag from /home/airflow/.local/lib/python3.12/site-packages/airflow/example_dags/tutorial_objectstorage.py
[2026-04-21T06:48:18.783+0000] {processor.py:925} INFO - DAG(s) 'tutorial_objectstorage' retrieved from /home/airflow/.local/lib/python3.12/site-packages/airflow/example_dags/tutorial_objectstorage.py
[2026-04-21T06:48:18.791+0000] {logging_mixin.py:190} INFO - [2026-04-21T06:48:18.791+0000] {dag.py:3239} INFO - Sync 1 DAGs
[2026-04-21T06:48:18.795+0000] {logging_mixin.py:190} INFO - [2026-04-21T06:48:18.795+0000] {dag.py:4180} INFO - Setting next_dagrun for tutorial_objectstorage to None, run_after=None
[2026-04-21T06:48:18.801+0000] {processor.py:208} INFO - Processing /home/airflow/.local/lib/python3.12/site-packages/airflow/example_dags/tutorial_objectstorage.py took 0.026 seconds
[2026-04-21T06:48:49.304+0000] {processor.py:186} INFO - Started process (PID=857) to work on /home/airflow/.local/lib/python3.12/site-packages/airflow/example_dags/tutorial_objectstorage.py
[2026-04-21T06:48:49.305+0000] {processor.py:914} INFO - Processing file /home/airflow/.local/lib/python3.12/site-packages/airflow/example_dags/tutorial_objectstorage.py for tasks to queue
[2026-04-21T06:48:49.306+0000] {logging_mixin.py:190} INFO - [2026-04-21T06:48:49.306+0000] {dagbag.py:588} INFO - Filling up the DagBag from /home/airflow/.local/lib/python3.12/site-packages/airflow/example_dags/tutorial_objectstorage.py
[2026-04-21T06:48:49.314+0000] {processor.py:925} INFO - DAG(s) 'tutorial_objectstorage' retrieved from /home/airflow/.local/lib/python3.12/site-packages/airflow/example_dags/tutorial_objectstorage.py
[2026-04-21T06:48:49.325+0000] {logging_mixin.py:190} INFO - [2026-04-21T06:48:49.325+0000] {dag.py:3239} INFO - Sync 1 DAGs
[2026-04-21T06:48:49.332+0000] {logging_mixin.py:190} INFO - [2026-04-21T06:48:49.332+0000] {dag.py:4180} INFO - Setting next_dagrun for tutorial_objectstorage to None, run_after=None
[2026-04-21T06:48:49.341+0000] {processor.py:208} INFO - Processing /home/airflow/.local/lib/python3.12/site-packages/airflow/example_dags/tutorial_objectstorage.py took 0.040 seconds
[2026-04-21T06:49:19.964+0000] {processor.py:186} INFO - Started process (PID=921) to work on /home/airflow/.local/lib/python3.12/site-packages/airflow/example_dags/tutorial_objectstorage.py
[2026-04-21T06:49:19.965+0000] {processor.py:914} INFO - Processing file /home/airflow/.local/lib/python3.12/site-packages/airflow/example_dags/tutorial_objectstorage.py for tasks to queue
[2026-04-21T06:49:19.966+0000] {logging_mixin.py:190} INFO - [2026-04-21T06:49:19.966+0000] {dagbag.py:588} INFO - Filling up the DagBag from /home/airflow/.local/lib/python3.12/site-packages/airflow/example_dags/tutorial_objectstorage.py
[2026-04-21T06:49:19.970+0000] {processor.py:925} INFO - DAG(s) 'tutorial_objectstorage' retrieved from /home/airflow/.local/lib/python3.12/site-packages/airflow/example_dags/tutorial_objectstorage.py
[2026-04-21T06:49:19.978+0000] {logging_mixin.py:190} INFO - [2026-04-21T06:49:19.978+0000] {dag.py:3239} INFO - Sync 1 DAGs
[2026-04-21T06:49:19.984+0000] {logging_mixin.py:190} INFO - [2026-04-21T06:49:19.984+0000] {dag.py:4180} INFO - Setting next_dagrun for tutorial_objectstorage to None, run_after=None
[2026-04-21T06:49:19.997+0000] {processor.py:208} INFO - Processing /home/airflow/.local/lib/python3.12/site-packages/airflow/example_dags/tutorial_objectstorage.py took 0.036 seconds
[2026-04-21T06:49:50.381+0000] {processor.py:186} INFO - Started process (PID=985) to work on /home/airflow/.local/lib/python3.12/site-packages/airflow/example_dags/tutorial_objectstorage.py
[2026-04-21T06:49:50.382+0000] {processor.py:914} INFO - Processing file /home/airflow/.local/lib/python3.12/site-packages/airflow/example_dags/tutorial_objectstorage.py for tasks to queue
[2026-04-21T06:49:50.383+0000] {logging_mixin.py:190} INFO - [2026-04-21T06:49:50.383+0000] {dagbag.py:588} INFO - Filling up the DagBag from /home/airflow/.local/lib/python3.12/site-packages/airflow/example_dags/tutorial_objectstorage.py
[2026-04-21T06:49:50.387+0000] {processor.py:925} INFO - DAG(s) 'tutorial_objectstorage' retrieved from /home/airflow/.local/lib/python3.12/site-packages/airflow/example_dags/tutorial_objectstorage.py
[2026-04-21T06:49:50.394+0000] {logging_mixin.py:190} INFO - [2026-04-21T06:49:50.394+0000] {dag.py:3239} INFO - Sync 1 DAGs
[2026-04-21T06:49:50.398+0000] {logging_mixin.py:190} INFO - [2026-04-21T06:49:50.398+0000] {dag.py:4180} INFO - Setting next_dagrun for tutorial_objectstorage to None, run_after=None
[2026-04-21T06:49:50.408+0000] {processor.py:208} INFO - Processing /home/airflow/.local/lib/python3.12/site-packages/airflow/example_dags/tutorial_objectstorage.py took 0.029 seconds
[2026-04-21T06:50:20.925+0000] {processor.py:186} INFO - Started process (PID=1049) to work on /home/airflow/.local/lib/python3.12/site-packages/airflow/example_dags/tutorial_objectstorage.py
[2026-04-21T06:50:20.927+0000] {processor.py:914} INFO - Processing file /home/airflow/.local/lib/python3.12/site-packages/airflow/example_dags/tutorial_objectstorage.py for tasks to queue
[2026-04-21T06:50:20.928+0000] {logging_mixin.py:190} INFO - [2026-04-21T06:50:20.928+0000] {dagbag.py:588} INFO - Filling up the DagBag from /home/airflow/.local/lib/python3.12/site-packages/airflow/example_dags/tutorial_objectstorage.py
[2026-04-21T06:50:20.934+0000] {processor.py:925} INFO - DAG(s) 'tutorial_objectstorage' retrieved from /home/airflow/.local/lib/python3.12/site-packages/airflow/example_dags/tutorial_objectstorage.py
[2026-04-21T06:50:20.963+0000] {logging_mixin.py:190} INFO - [2026-04-21T06:50:20.963+0000] {dag.py:3239} INFO - Sync 1 DAGs
[2026-04-21T06:50:20.971+0000] {logging_mixin.py:190} INFO - [2026-04-21T06:50:20.971+0000] {dag.py:4180} INFO - Setting next_dagrun for tutorial_objectstorage to None, run_after=None
[2026-04-21T06:50:20.980+0000] {processor.py:208} INFO - Processing /home/airflow/.local/lib/python3.12/site-packages/airflow/example_dags/tutorial_objectstorage.py took 0.057 seconds
[2026-04-21T06:50:51.430+0000] {processor.py:186} INFO - Started process (PID=1113) to work on /home/airflow/.local/lib/python3.12/site-packages/airflow/example_dags/tutorial_objectstorage.py
[2026-04-21T06:50:51.431+0000] {processor.py:914} INFO - Processing file /home/airflow/.local/lib/python3.12/site-packages/airflow/example_dags/tutorial_objectstorage.py for tasks to queue
[2026-04-21T06:50:51.432+0000] {logging_mixin.py:190} INFO - [2026-04-21T06:50:51.432+0000] {dagbag.py:588} INFO - Filling up the DagBag from /home/airflow/.local/lib/python3.12/site-packages/airflow/example_dags/tutorial_objectstorage.py
[2026-04-21T06:50:51.436+0000] {processor.py:925} INFO - DAG(s) 'tutorial_objectstorage' retrieved from /home/airflow/.local/lib/python3.12/site-packages/airflow/example_dags/tutorial_objectstorage.py
[2026-04-21T06:50:51.444+0000] {logging_mixin.py:190} INFO - [2026-04-21T06:50:51.444+0000] {dag.py:3239} INFO - Sync 1 DAGs
[2026-04-21T06:50:51.449+0000] {logging_mixin.py:190} INFO - [2026-04-21T06:50:51.449+0000] {dag.py:4180} INFO - Setting next_dagrun for tutorial_objectstorage to None, run_after=None
[2026-04-21T06:50:51.458+0000] {processor.py:208} INFO - Processing /home/airflow/.local/lib/python3.12/site-packages/airflow/example_dags/tutorial_objectstorage.py took 0.030 seconds
[2026-04-21T06:51:22.606+0000] {processor.py:186} INFO - Started process (PID=1177) to work on /home/airflow/.local/lib/python3.12/site-packages/airflow/example_dags/tutorial_objectstorage.py
[2026-04-21T06:51:22.608+0000] {processor.py:914} INFO - Processing file /home/airflow/.local/lib/python3.12/site-packages/airflow/example_dags/tutorial_objectstorage.py for tasks to queue
[2026-04-21T06:51:22.611+0000] {logging_mixin.py:190} INFO - [2026-04-21T06:51:22.611+0000] {dagbag.py:588} INFO - Filling up the DagBag from /home/airflow/.local/lib/python3.12/site-packages/airflow/example_dags/tutorial_objectstorage.py
[2026-04-21T06:51:22.617+0000] {processor.py:925} INFO - DAG(s) 'tutorial_objectstorage' retrieved from /home/airflow/.local/lib/python3.12/site-packages/airflow/example_dags/tutorial_objectstorage.py
[2026-04-21T06:51:22.625+0000] {logging_mixin.py:190} INFO - [2026-04-21T06:51:22.625+0000] {dag.py:3239} INFO - Sync 1 DAGs
[2026-04-21T06:51:22.630+0000] {logging_mixin.py:190} INFO - [2026-04-21T06:51:22.630+0000] {dag.py:4180} INFO - Setting next_dagrun for tutorial_objectstorage to None, run_after=None
[2026-04-21T06:51:22.636+0000] {processor.py:208} INFO - Processing /home/airflow/.local/lib/python3.12/site-packages/airflow/example_dags/tutorial_objectstorage.py took 0.032 seconds
[2026-04-21T06:51:53.762+0000] {processor.py:186} INFO - Started process (PID=1241) to work on /home/airflow/.local/lib/python3.12/site-packages/airflow/example_dags/tutorial_objectstorage.py
[2026-04-21T06:51:53.763+0000] {processor.py:914} INFO - Processing file /home/airflow/.local/lib/python3.12/site-packages/airflow/example_dags/tutorial_objectstorage.py for tasks to queue
[2026-04-21T06:51:53.764+0000] {logging_mixin.py:190} INFO - [2026-04-21T06:51:53.764+0000] {dagbag.py:588} INFO - Filling up the DagBag from /home/airflow/.local/lib/python3.12/site-packages/airflow/example_dags/tutorial_objectstorage.py
[2026-04-21T06:51:53.768+0000] {processor.py:925} INFO - DAG(s) 'tutorial_objectstorage' retrieved from /home/airflow/.local/lib/python3.12/site-packages/airflow/example_dags/tutorial_objectstorage.py
[2026-04-21T06:51:53.783+0000] {logging_mixin.py:190} INFO - [2026-04-21T06:51:53.783+0000] {dag.py:3239} INFO - Sync 1 DAGs
[2026-04-21T06:51:53.788+0000] {logging_mixin.py:190} INFO - [2026-04-21T06:51:53.788+0000] {dag.py:4180} INFO - Setting next_dagrun for tutorial_objectstorage to None, run_after=None
[2026-04-21T06:51:53.797+0000] {processor.py:208} INFO - Processing /home/airflow/.local/lib/python3.12/site-packages/airflow/example_dags/tutorial_objectstorage.py took 0.037 seconds
[2026-04-21T06:52:25.182+0000] {processor.py:186} INFO - Started process (PID=1305) to work on /home/airflow/.local/lib/python3.12/site-packages/airflow/example_dags/tutorial_objectstorage.py
[2026-04-21T06:52:25.182+0000] {processor.py:914} INFO - Processing file /home/airflow/.local/lib/python3.12/site-packages/airflow/example_dags/tutorial_objectstorage.py for tasks to queue
[2026-04-21T06:52:25.183+0000] {logging_mixin.py:190} INFO - [2026-04-21T06:52:25.183+0000] {dagbag.py:588} INFO - Filling up the DagBag from /home/airflow/.local/lib/python3.12/site-packages/airflow/example_dags/tutorial_objectstorage.py
[2026-04-21T06:52:25.187+0000] {processor.py:925} INFO - DAG(s) 'tutorial_objectstorage' retrieved from /home/airflow/.local/lib/python3.12/site-packages/airflow/example_dags/tutorial_objectstorage.py
[2026-04-21T06:52:25.198+0000] {logging_mixin.py:190} INFO - [2026-04-21T06:52:25.198+0000] {dag.py:3239} INFO - Sync 1 DAGs
[2026-04-21T06:52:25.206+0000] {logging_mixin.py:190} INFO - [2026-04-21T06:52:25.206+0000] {dag.py:4180} INFO - Setting next_dagrun for tutorial_objectstorage to None, run_after=None
[2026-04-21T06:52:25.213+0000] {processor.py:208} INFO - Processing /home/airflow/.local/lib/python3.12/site-packages/airflow/example_dags/tutorial_objectstorage.py took 0.034 seconds
[2026-04-21T06:52:55.571+0000] {processor.py:186} INFO - Started process (PID=1369) to work on /home/airflow/.local/lib/python3.12/site-packages/airflow/example_dags/tutorial_objectstorage.py
[2026-04-21T06:52:55.571+0000] {processor.py:914} INFO - Processing file /home/airflow/.local/lib/python3.12/site-packages/airflow/example_dags/tutorial_objectstorage.py for tasks to queue
[2026-04-21T06:52:55.573+0000] {logging_mixin.py:190} INFO - [2026-04-21T06:52:55.573+0000] {dagbag.py:588} INFO - Filling up the DagBag from /home/airflow/.local/lib/python3.12/site-packages/airflow/example_dags/tutorial_objectstorage.py
[2026-04-21T06:52:55.579+0000] {processor.py:925} INFO - DAG(s) 'tutorial_objectstorage' retrieved from /home/airflow/.local/lib/python3.12/site-packages/airflow/example_dags/tutorial_objectstorage.py
[2026-04-21T06:52:55.587+0000] {logging_mixin.py:190} INFO - [2026-04-21T06:52:55.587+0000] {dag.py:3239} INFO - Sync 1 DAGs
[2026-04-21T06:52:55.592+0000] {logging_mixin.py:190} INFO - [2026-04-21T06:52:55.592+0000] {dag.py:4180} INFO - Setting next_dagrun for tutorial_objectstorage to None, run_after=None
[2026-04-21T06:52:55.598+0000] {processor.py:208} INFO - Processing /home/airflow/.local/lib/python3.12/site-packages/airflow/example_dags/tutorial_objectstorage.py took 0.029 seconds
[2026-04-21T06:53:26.837+0000] {processor.py:186} INFO - Started process (PID=1433) to work on /home/airflow/.local/lib/python3.12/site-packages/airflow/example_dags/tutorial_objectstorage.py
[2026-04-21T06:53:26.838+0000] {processor.py:914} INFO - Processing file /home/airflow/.local/lib/python3.12/site-packages/airflow/example_dags/tutorial_objectstorage.py for tasks to queue
[2026-04-21T06:53:26.839+0000] {logging_mixin.py:190} INFO - [2026-04-21T06:53:26.839+0000] {dagbag.py:588} INFO - Filling up the DagBag from /home/airflow/.local/lib/python3.12/site-packages/airflow/example_dags/tutorial_objectstorage.py
[2026-04-21T06:53:26.847+0000] {processor.py:925} INFO - DAG(s) 'tutorial_objectstorage' retrieved from /home/airflow/.local/lib/python3.12/site-packages/airflow/example_dags/tutorial_objectstorage.py
[2026-04-21T06:53:26.855+0000] {logging_mixin.py:190} INFO - [2026-04-21T06:53:26.855+0000] {dag.py:3239} INFO - Sync 1 DAGs
[2026-04-21T06:53:26.861+0000] {logging_mixin.py:190} INFO - [2026-04-21T06:53:26.861+0000] {dag.py:4180} INFO - Setting next_dagrun for tutorial_objectstorage to None, run_after=None
[2026-04-21T06:53:26.870+0000] {processor.py:208} INFO - Processing /home/airflow/.local/lib/python3.12/site-packages/airflow/example_dags/tutorial_objectstorage.py took 0.035 seconds
[2026-04-21T06:53:57.136+0000] {processor.py:186} INFO - Started process (PID=1497) to work on /home/airflow/.local/lib/python3.12/site-packages/airflow/example_dags/tutorial_objectstorage.py
[2026-04-21T06:53:57.137+0000] {processor.py:914} INFO - Processing file /home/airflow/.local/lib/python3.12/site-packages/airflow/example_dags/tutorial_objectstorage.py for tasks to queue
[2026-04-21T06:53:57.138+0000] {logging_mixin.py:190} INFO - [2026-04-21T06:53:57.138+0000] {dagbag.py:588} INFO - Filling up the DagBag from /home/airflow/.local/lib/python3.12/site-packages/airflow/example_dags/tutorial_objectstorage.py
[2026-04-21T06:53:57.142+0000] {processor.py:925} INFO - DAG(s) 'tutorial_objectstorage' retrieved from /home/airflow/.local/lib/python3.12/site-packages/airflow/example_dags/tutorial_objectstorage.py
[2026-04-21T06:53:57.154+0000] {logging_mixin.py:190} INFO - [2026-04-21T06:53:57.154+0000] {dag.py:3239} INFO - Sync 1 DAGs
[2026-04-21T06:53:57.159+0000] {logging_mixin.py:190} INFO - [2026-04-21T06:53:57.159+0000] {dag.py:4180} INFO - Setting next_dagrun for tutorial_objectstorage to None, run_after=None
[2026-04-21T06:53:57.167+0000] {processor.py:208} INFO - Processing /home/airflow/.local/lib/python3.12/site-packages/airflow/example_dags/tutorial_objectstorage.py took 0.033 seconds
[2026-04-21T06:54:28.151+0000] {processor.py:186} INFO - Started process (PID=1561) to work on /home/airflow/.local/lib/python3.12/site-packages/airflow/example_dags/tutorial_objectstorage.py
[2026-04-21T06:54:28.152+0000] {processor.py:914} INFO - Processing file /home/airflow/.local/lib/python3.12/site-packages/airflow/example_dags/tutorial_objectstorage.py for tasks to queue
[2026-04-21T06:54:28.153+0000] {logging_mixin.py:190} INFO - [2026-04-21T06:54:28.152+0000] {dagbag.py:588} INFO - Filling up the DagBag from /home/airflow/.local/lib/python3.12/site-packages/airflow/example_dags/tutorial_objectstorage.py
[2026-04-21T06:54:28.157+0000] {processor.py:925} INFO - DAG(s) 'tutorial_objectstorage' retrieved from /home/airflow/.local/lib/python3.12/site-packages/airflow/example_dags/tutorial_objectstorage.py
[2026-04-21T06:54:28.164+0000] {logging_mixin.py:190} INFO - [2026-04-21T06:54:28.164+0000] {dag.py:3239} INFO - Sync 1 DAGs
[2026-04-21T06:54:28.171+0000] {logging_mixin.py:190} INFO - [2026-04-21T06:54:28.171+0000] {dag.py:4180} INFO - Setting next_dagrun for tutorial_objectstorage to None, run_after=None
[2026-04-21T06:54:28.180+0000] {processor.py:208} INFO - Processing /home/airflow/.local/lib/python3.12/site-packages/airflow/example_dags/tutorial_objectstorage.py took 0.031 seconds
[2026-04-21T06:54:59.268+0000] {processor.py:186} INFO - Started process (PID=1625) to work on /home/airflow/.local/lib/python3.12/site-packages/airflow/example_dags/tutorial_objectstorage.py
[2026-04-21T06:54:59.268+0000] {processor.py:914} INFO - Processing file /home/airflow/.local/lib/python3.12/site-packages/airflow/example_dags/tutorial_objectstorage.py for tasks to queue
[2026-04-21T06:54:59.269+0000] {logging_mixin.py:190} INFO - [2026-04-21T06:54:59.269+0000] {dagbag.py:588} INFO - Filling up the DagBag from /home/airflow/.local/lib/python3.12/site-packages/airflow/example_dags/tutorial_objectstorage.py
[2026-04-21T06:54:59.273+0000] {processor.py:925} INFO - DAG(s) 'tutorial_objectstorage' retrieved from /home/airflow/.local/lib/python3.12/site-packages/airflow/example_dags/tutorial_objectstorage.py
[2026-04-21T06:54:59.279+0000] {logging_mixin.py:190} INFO - [2026-04-21T06:54:59.279+0000] {dag.py:3239} INFO - Sync 1 DAGs
[2026-04-21T06:54:59.283+0000] {logging_mixin.py:190} INFO - [2026-04-21T06:54:59.283+0000] {dag.py:4180} INFO - Setting next_dagrun for tutorial_objectstorage to None, run_after=None
[2026-04-21T06:54:59.289+0000] {processor.py:208} INFO - Processing /home/airflow/.local/lib/python3.12/site-packages/airflow/example_dags/tutorial_objectstorage.py took 0.023 seconds
[2026-04-21T06:55:30.393+0000] {processor.py:186} INFO - Started process (PID=1689) to work on /home/airflow/.local/lib/python3.12/site-packages/airflow/example_dags/tutorial_objectstorage.py
[2026-04-21T06:55:30.393+0000] {processor.py:914} INFO - Processing file /home/airflow/.local/lib/python3.12/site-packages/airflow/example_dags/tutorial_objectstorage.py for tasks to queue
[2026-04-21T06:55:30.395+0000] {logging_mixin.py:190} INFO - [2026-04-21T06:55:30.395+0000] {dagbag.py:588} INFO - Filling up the DagBag from /home/airflow/.local/lib/python3.12/site-packages/airflow/example_dags/tutorial_objectstorage.py
[2026-04-21T06:55:30.398+0000] {processor.py:925} INFO - DAG(s) 'tutorial_objectstorage' retrieved from /home/airflow/.local/lib/python3.12/site-packages/airflow/example_dags/tutorial_objectstorage.py
[2026-04-21T06:55:30.411+0000] {logging_mixin.py:190} INFO - [2026-04-21T06:55:30.411+0000] {dag.py:3239} INFO - Sync 1 DAGs
[2026-04-21T06:55:30.416+0000] {logging_mixin.py:190} INFO - [2026-04-21T06:55:30.416+0000] {dag.py:4180} INFO - Setting next_dagrun for tutorial_objectstorage to None, run_after=None
[2026-04-21T06:55:30.425+0000] {processor.py:208} INFO - Processing /home/airflow/.local/lib/python3.12/site-packages/airflow/example_dags/tutorial_objectstorage.py took 0.034 seconds
[2026-04-21T06:56:03.471+0000] {processor.py:186} INFO - Started process (PID=1753) to work on /home/airflow/.local/lib/python3.12/site-packages/airflow/example_dags/tutorial_objectstorage.py
[2026-04-21T06:56:03.473+0000] {processor.py:914} INFO - Processing file /home/airflow/.local/lib/python3.12/site-packages/airflow/example_dags/tutorial_objectstorage.py for tasks to queue
[2026-04-21T06:56:03.475+0000] {logging_mixin.py:190} INFO - [2026-04-21T06:56:03.475+0000] {dagbag.py:588} INFO - Filling up the DagBag from /home/airflow/.local/lib/python3.12/site-packages/airflow/example_dags/tutorial_objectstorage.py
[2026-04-21T06:56:03.487+0000] {processor.py:925} INFO - DAG(s) 'tutorial_objectstorage' retrieved from /home/airflow/.local/lib/python3.12/site-packages/airflow/example_dags/tutorial_objectstorage.py
[2026-04-21T06:56:03.512+0000] {logging_mixin.py:190} INFO - [2026-04-21T06:56:03.512+0000] {dag.py:3239} INFO - Sync 1 DAGs
[2026-04-21T06:56:03.520+0000] {logging_mixin.py:190} INFO - [2026-04-21T06:56:03.520+0000] {dag.py:4180} INFO - Setting next_dagrun for tutorial_objectstorage to None, run_after=None
[2026-04-21T06:56:03.533+0000] {processor.py:208} INFO - Processing /home/airflow/.local/lib/python3.12/site-packages/airflow/example_dags/tutorial_objectstorage.py took 0.068 seconds
[2026-04-21T07:01:27.910+0000] {processor.py:186} INFO - Started process (PID=1834) to work on /home/airflow/.local/lib/python3.12/site-packages/airflow/example_dags/tutorial_objectstorage.py
[2026-04-21T07:01:27.911+0000] {processor.py:914} INFO - Processing file /home/airflow/.local/lib/python3.12/site-packages/airflow/example_dags/tutorial_objectstorage.py for tasks to queue
[2026-04-21T07:01:27.912+0000] {logging_mixin.py:190} INFO - [2026-04-21T07:01:27.911+0000] {dagbag.py:588} INFO - Filling up the DagBag from /home/airflow/.local/lib/python3.12/site-packages/airflow/example_dags/tutorial_objectstorage.py
[2026-04-21T07:01:27.916+0000] {processor.py:925} INFO - DAG(s) 'tutorial_objectstorage' retrieved from /home/airflow/.local/lib/python3.12/site-packages/airflow/example_dags/tutorial_objectstorage.py
[2026-04-21T07:01:27.923+0000] {logging_mixin.py:190} INFO - [2026-04-21T07:01:27.923+0000] {dag.py:3239} INFO - Sync 1 DAGs
[2026-04-21T07:01:27.927+0000] {logging_mixin.py:190} INFO - [2026-04-21T07:01:27.927+0000] {dag.py:4180} INFO - Setting next_dagrun for tutorial_objectstorage to None, run_after=None
[2026-04-21T07:01:27.934+0000] {processor.py:208} INFO - Processing /home/airflow/.local/lib/python3.12/site-packages/airflow/example_dags/tutorial_objectstorage.py took 0.026 seconds
[2026-04-21T07:01:59.305+0000] {processor.py:186} INFO - Started process (PID=1898) to work on /home/airflow/.local/lib/python3.12/site-packages/airflow/example_dags/tutorial_objectstorage.py
[2026-04-21T07:01:59.305+0000] {processor.py:914} INFO - Processing file /home/airflow/.local/lib/python3.12/site-packages/airflow/example_dags/tutorial_objectstorage.py for tasks to queue
[2026-04-21T07:01:59.306+0000] {logging_mixin.py:190} INFO - [2026-04-21T07:01:59.306+0000] {dagbag.py:588} INFO - Filling up the DagBag from /home/airflow/.local/lib/python3.12/site-packages/airflow/example_dags/tutorial_objectstorage.py
[2026-04-21T07:01:59.310+0000] {processor.py:925} INFO - DAG(s) 'tutorial_objectstorage' retrieved from /home/airflow/.local/lib/python3.12/site-packages/airflow/example_dags/tutorial_objectstorage.py
[2026-04-21T07:01:59.319+0000] {logging_mixin.py:190} INFO - [2026-04-21T07:01:59.318+0000] {dag.py:3239} INFO - Sync 1 DAGs
[2026-04-21T07:01:59.326+0000] {logging_mixin.py:190} INFO - [2026-04-21T07:01:59.325+0000] {dag.py:4180} INFO - Setting next_dagrun for tutorial_objectstorage to None, run_after=None
[2026-04-21T07:01:59.335+0000] {processor.py:208} INFO - Processing /home/airflow/.local/lib/python3.12/site-packages/airflow/example_dags/tutorial_objectstorage.py took 0.033 seconds
[2026-04-21T07:02:30.517+0000] {processor.py:186} INFO - Started process (PID=1962) to work on /home/airflow/.local/lib/python3.12/site-packages/airflow/example_dags/tutorial_objectstorage.py
[2026-04-21T07:02:30.517+0000] {processor.py:914} INFO - Processing file /home/airflow/.local/lib/python3.12/site-packages/airflow/example_dags/tutorial_objectstorage.py for tasks to queue
[2026-04-21T07:02:30.518+0000] {logging_mixin.py:190} INFO - [2026-04-21T07:02:30.518+0000] {dagbag.py:588} INFO - Filling up the DagBag from /home/airflow/.local/lib/python3.12/site-packages/airflow/example_dags/tutorial_objectstorage.py
[2026-04-21T07:02:30.522+0000] {processor.py:925} INFO - DAG(s) 'tutorial_objectstorage' retrieved from /home/airflow/.local/lib/python3.12/site-packages/airflow/example_dags/tutorial_objectstorage.py
[2026-04-21T07:02:30.530+0000] {logging_mixin.py:190} INFO - [2026-04-21T07:02:30.529+0000] {dag.py:3239} INFO - Sync 1 DAGs
[2026-04-21T07:02:30.534+0000] {logging_mixin.py:190} INFO - [2026-04-21T07:02:30.534+0000] {dag.py:4180} INFO - Setting next_dagrun for tutorial_objectstorage to None, run_after=None
[2026-04-21T07:02:30.550+0000] {processor.py:208} INFO - Processing /home/airflow/.local/lib/python3.12/site-packages/airflow/example_dags/tutorial_objectstorage.py took 0.035 seconds
[2026-04-21T07:03:01.511+0000] {processor.py:186} INFO - Started process (PID=2026) to work on /home/airflow/.local/lib/python3.12/site-packages/airflow/example_dags/tutorial_objectstorage.py
[2026-04-21T07:03:01.511+0000] {processor.py:914} INFO - Processing file /home/airflow/.local/lib/python3.12/site-packages/airflow/example_dags/tutorial_objectstorage.py for tasks to queue
[2026-04-21T07:03:01.512+0000] {logging_mixin.py:190} INFO - [2026-04-21T07:03:01.512+0000] {dagbag.py:588} INFO - Filling up the DagBag from /home/airflow/.local/lib/python3.12/site-packages/airflow/example_dags/tutorial_objectstorage.py
[2026-04-21T07:03:01.515+0000] {processor.py:925} INFO - DAG(s) 'tutorial_objectstorage' retrieved from /home/airflow/.local/lib/python3.12/site-packages/airflow/example_dags/tutorial_objectstorage.py
[2026-04-21T07:03:01.523+0000] {logging_mixin.py:190} INFO - [2026-04-21T07:03:01.523+0000] {dag.py:3239} INFO - Sync 1 DAGs
[2026-04-21T07:03:01.528+0000] {logging_mixin.py:190} INFO - [2026-04-21T07:03:01.527+0000] {dag.py:4180} INFO - Setting next_dagrun for tutorial_objectstorage to None, run_after=None
[2026-04-21T07:03:01.537+0000] {processor.py:208} INFO - Processing /home/airflow/.local/lib/python3.12/site-packages/airflow/example_dags/tutorial_objectstorage.py took 0.028 seconds
[2026-04-21T07:03:32.597+0000] {processor.py:186} INFO - Started process (PID=2090) to work on /home/airflow/.local/lib/python3.12/site-packages/airflow/example_dags/tutorial_objectstorage.py
[2026-04-21T07:03:32.598+0000] {processor.py:914} INFO - Processing file /home/airflow/.local/lib/python3.12/site-packages/airflow/example_dags/tutorial_objectstorage.py for tasks to queue
[2026-04-21T07:03:32.600+0000] {logging_mixin.py:190} INFO - [2026-04-21T07:03:32.600+0000] {dagbag.py:588} INFO - Filling up the DagBag from /home/airflow/.local/lib/python3.12/site-packages/airflow/example_dags/tutorial_objectstorage.py
[2026-04-21T07:03:32.603+0000] {processor.py:925} INFO - DAG(s) 'tutorial_objectstorage' retrieved from /home/airflow/.local/lib/python3.12/site-packages/airflow/example_dags/tutorial_objectstorage.py
[2026-04-21T07:03:32.615+0000] {logging_mixin.py:190} INFO - [2026-04-21T07:03:32.615+0000] {dag.py:3239} INFO - Sync 1 DAGs
[2026-04-21T07:03:32.619+0000] {logging_mixin.py:190} INFO - [2026-04-21T07:03:32.619+0000] {dag.py:4180} INFO - Setting next_dagrun for tutorial_objectstorage to None, run_after=None
[2026-04-21T07:03:32.628+0000] {processor.py:208} INFO - Processing /home/airflow/.local/lib/python3.12/site-packages/airflow/example_dags/tutorial_objectstorage.py took 0.033 seconds
[2026-04-21T07:04:03.601+0000] {processor.py:186} INFO - Started process (PID=2154) to work on /home/airflow/.local/lib/python3.12/site-packages/airflow/example_dags/tutorial_objectstorage.py
[2026-04-21T07:04:03.603+0000] {processor.py:914} INFO - Processing file /home/airflow/.local/lib/python3.12/site-packages/airflow/example_dags/tutorial_objectstorage.py for tasks to queue
[2026-04-21T07:04:03.605+0000] {logging_mixin.py:190} INFO - [2026-04-21T07:04:03.604+0000] {dagbag.py:588} INFO - Filling up the DagBag from /home/airflow/.local/lib/python3.12/site-packages/airflow/example_dags/tutorial_objectstorage.py
[2026-04-21T07:04:03.608+0000] {processor.py:925} INFO - DAG(s) 'tutorial_objectstorage' retrieved from /home/airflow/.local/lib/python3.12/site-packages/airflow/example_dags/tutorial_objectstorage.py
[2026-04-21T07:04:03.620+0000] {logging_mixin.py:190} INFO - [2026-04-21T07:04:03.620+0000] {dag.py:3239} INFO - Sync 1 DAGs
[2026-04-21T07:04:03.627+0000] {logging_mixin.py:190} INFO - [2026-04-21T07:04:03.627+0000] {dag.py:4180} INFO - Setting next_dagrun for tutorial_objectstorage to None, run_after=None
[2026-04-21T07:04:03.635+0000] {processor.py:208} INFO - Processing /home/airflow/.local/lib/python3.12/site-packages/airflow/example_dags/tutorial_objectstorage.py took 0.036 seconds
[2026-04-21T07:04:34.789+0000] {processor.py:186} INFO - Started process (PID=2218) to work on /home/airflow/.local/lib/python3.12/site-packages/airflow/example_dags/tutorial_objectstorage.py
[2026-04-21T07:04:34.790+0000] {processor.py:914} INFO - Processing file /home/airflow/.local/lib/python3.12/site-packages/airflow/example_dags/tutorial_objectstorage.py for tasks to queue
[2026-04-21T07:04:34.791+0000] {logging_mixin.py:190} INFO - [2026-04-21T07:04:34.790+0000] {dagbag.py:588} INFO - Filling up the DagBag from /home/airflow/.local/lib/python3.12/site-packages/airflow/example_dags/tutorial_objectstorage.py
[2026-04-21T07:04:34.796+0000] {processor.py:925} INFO - DAG(s) 'tutorial_objectstorage' retrieved from /home/airflow/.local/lib/python3.12/site-packages/airflow/example_dags/tutorial_objectstorage.py
[2026-04-21T07:04:34.805+0000] {logging_mixin.py:190} INFO - [2026-04-21T07:04:34.805+0000] {dag.py:3239} INFO - Sync 1 DAGs
[2026-04-21T07:04:34.810+0000] {logging_mixin.py:190} INFO - [2026-04-21T07:04:34.810+0000] {dag.py:4180} INFO - Setting next_dagrun for tutorial_objectstorage to None, run_after=None
[2026-04-21T07:04:34.819+0000] {processor.py:208} INFO - Processing /home/airflow/.local/lib/python3.12/site-packages/airflow/example_dags/tutorial_objectstorage.py took 0.033 seconds
