[2026-04-12T07:07:36.067+0000] {local_task_job_runner.py:123} INFO - ::group::Pre task execution logs
[2026-04-12T07:07:36.077+0000] {taskinstance.py:2614} INFO - Dependencies all met for dep_context=non-requeueable deps ti=<TaskInstance: weather_etl_pipeline.extract scheduled__2026-04-11T07:00:00+00:00 [queued]>
[2026-04-12T07:07:36.162+0000] {taskinstance.py:2614} INFO - Dependencies all met for dep_context=requeueable deps ti=<TaskInstance: weather_etl_pipeline.extract scheduled__2026-04-11T07:00:00+00:00 [queued]>
[2026-04-12T07:07:36.164+0000] {taskinstance.py:2867} INFO - Starting attempt 1 of 4
[2026-04-12T07:07:36.169+0000] {taskinstance.py:2890} INFO - Executing <Task(PythonOperator): extract> on 2026-04-11 07:00:00+00:00
[2026-04-12T07:07:36.176+0000] {warnings.py:112} WARNING - /home/***/.local/lib/python3.12/site-packages/***/task/task_runner/standard_task_runner.py:70: DeprecationWarning: This process (pid=19476) is multi-threaded, use of fork() may lead to deadlocks in the child.
  pid = os.fork()

[2026-04-12T07:07:36.177+0000] {standard_task_runner.py:72} INFO - Started process 19484 to run task
[2026-04-12T07:07:36.177+0000] {standard_task_runner.py:104} INFO - Running: ['***', 'tasks', 'run', 'weather_etl_pipeline', 'extract', 'scheduled__2026-04-11T07:00:00+00:00', '--job-id', '46', '--raw', '--subdir', 'DAGS_FOLDER/etl_pipeline.py', '--cfg-path', '/tmp/tmp8uu25eg3']
[2026-04-12T07:07:36.178+0000] {standard_task_runner.py:105} INFO - Job 46: Subtask extract
[2026-04-12T07:07:36.203+0000] {task_command.py:467} INFO - Running <TaskInstance: weather_etl_pipeline.extract scheduled__2026-04-11T07:00:00+00:00 [running]> on host ac5f5f0e497f
[2026-04-12T07:07:36.249+0000] {taskinstance.py:3134} INFO - Exporting env vars: AIRFLOW_CTX_DAG_OWNER='harsh' AIRFLOW_CTX_DAG_ID='weather_etl_pipeline' AIRFLOW_CTX_TASK_ID='extract' AIRFLOW_CTX_EXECUTION_DATE='2026-04-11T07:00:00+00:00' AIRFLOW_CTX_TRY_NUMBER='1' AIRFLOW_CTX_DAG_RUN_ID='scheduled__2026-04-11T07:00:00+00:00'
[2026-04-12T07:07:36.251+0000] {logging_mixin.py:190} INFO - Task instance is in running state
[2026-04-12T07:07:36.252+0000] {logging_mixin.py:190} INFO -  Previous state of the Task instance: queued
[2026-04-12T07:07:36.252+0000] {logging_mixin.py:190} INFO - Current task name:extract state:running start_date:2026-04-12 07:07:36.078189+00:00
[2026-04-12T07:07:36.252+0000] {logging_mixin.py:190} INFO - Dag name:weather_etl_pipeline and current dag run status:running
[2026-04-12T07:07:36.252+0000] {taskinstance.py:732} INFO - ::endgroup::
[2026-04-12T07:07:37.513+0000] {pipeline.py:45} INFO - Successfully fetched weather data for London, UK
[2026-04-12T07:07:38.628+0000] {pipeline.py:45} INFO - Successfully fetched weather data for New York, USA
[2026-04-12T07:07:39.508+0000] {pipeline.py:45} INFO - Successfully fetched weather data for Tokyo, Japan
[2026-04-12T07:07:40.401+0000] {pipeline.py:45} INFO - Successfully fetched weather data for Mumbai, India
[2026-04-12T07:07:41.363+0000] {pipeline.py:45} INFO - Successfully fetched weather data for Sydney, Australia
[2026-04-12T07:07:41.365+0000] {pipeline.py:52} INFO - Raw data saved to raw_weather.json
[2026-04-12T07:07:41.366+0000] {python.py:240} INFO - Done. Returned value was: None
[2026-04-12T07:07:41.377+0000] {taskinstance.py:341} INFO - ::group::Post task execution logs
[2026-04-12T07:07:41.378+0000] {taskinstance.py:353} INFO - Marking task as SUCCESS. dag_id=weather_etl_pipeline, task_id=extract, run_id=scheduled__2026-04-11T07:00:00+00:00, execution_date=20260411T070000, start_date=20260412T070736, end_date=20260412T070741
[2026-04-12T07:07:41.396+0000] {logging_mixin.py:190} INFO - Task instance in success state
[2026-04-12T07:07:41.396+0000] {logging_mixin.py:190} INFO -  Previous state of the Task instance: running
[2026-04-12T07:07:41.396+0000] {logging_mixin.py:190} INFO - Dag name:weather_etl_pipeline queued_at:2026-04-12 07:07:34.414383+00:00
[2026-04-12T07:07:41.396+0000] {logging_mixin.py:190} INFO - Task hostname:ac5f5f0e497f operator:PythonOperator
[2026-04-12T07:07:41.411+0000] {local_task_job_runner.py:266} INFO - Task exited with return code 0
[2026-04-12T07:07:41.428+0000] {taskinstance.py:3901} INFO - 1 downstream tasks scheduled from follow-on schedule check
[2026-04-12T07:07:41.428+0000] {local_task_job_runner.py:245} INFO - ::endgroup::
