[2026-04-28T07:03:06.728+0000] {local_task_job_runner.py:123} INFO - ::group::Pre task execution logs
[2026-04-28T07:03:06.795+0000] {taskinstance.py:2614} INFO - Dependencies all met for dep_context=non-requeueable deps ti=<TaskInstance: weather_etl_pipeline.load scheduled__2026-04-27T07:00:00+00:00 [queued]>
[2026-04-28T07:03:06.798+0000] {taskinstance.py:2614} INFO - Dependencies all met for dep_context=requeueable deps ti=<TaskInstance: weather_etl_pipeline.load scheduled__2026-04-27T07:00:00+00:00 [queued]>
[2026-04-28T07:03:06.798+0000] {taskinstance.py:2867} INFO - Starting attempt 1 of 4
[2026-04-28T07:03:06.802+0000] {taskinstance.py:2890} INFO - Executing <Task(PythonOperator): load> on 2026-04-27 07:00:00+00:00
[2026-04-28T07:03:06.805+0000] {warnings.py:112} WARNING - /home/***/.local/lib/python3.12/site-packages/***/task/task_runner/standard_task_runner.py:70: DeprecationWarning: This process (pid=28984) is multi-threaded, use of fork() may lead to deadlocks in the child.
  pid = os.fork()

[2026-04-28T07:03:06.806+0000] {standard_task_runner.py:72} INFO - Started process 28985 to run task
[2026-04-28T07:03:06.806+0000] {standard_task_runner.py:104} INFO - Running: ['***', 'tasks', 'run', 'weather_etl_pipeline', 'load', 'scheduled__2026-04-27T07:00:00+00:00', '--job-id', '100', '--raw', '--subdir', 'DAGS_FOLDER/etl_pipeline.py', '--cfg-path', '/tmp/tmpka1z7usc']
[2026-04-28T07:03:06.807+0000] {standard_task_runner.py:105} INFO - Job 100: Subtask load
[2026-04-28T07:03:06.823+0000] {task_command.py:467} INFO - Running <TaskInstance: weather_etl_pipeline.load scheduled__2026-04-27T07:00:00+00:00 [running]> on host ac5f5f0e497f
[2026-04-28T07:03:06.847+0000] {taskinstance.py:3134} INFO - Exporting env vars: AIRFLOW_CTX_DAG_OWNER='harsh' AIRFLOW_CTX_DAG_ID='weather_etl_pipeline' AIRFLOW_CTX_TASK_ID='load' AIRFLOW_CTX_EXECUTION_DATE='2026-04-27T07:00:00+00:00' AIRFLOW_CTX_TRY_NUMBER='1' AIRFLOW_CTX_DAG_RUN_ID='scheduled__2026-04-27T07:00:00+00:00'
[2026-04-28T07:03:06.848+0000] {logging_mixin.py:190} INFO - Task instance is in running state
[2026-04-28T07:03:06.848+0000] {logging_mixin.py:190} INFO -  Previous state of the Task instance: queued
[2026-04-28T07:03:06.848+0000] {logging_mixin.py:190} INFO - Current task name:load state:running start_date:2026-04-28 07:03:06.795953+00:00
[2026-04-28T07:03:06.848+0000] {logging_mixin.py:190} INFO - Dag name:weather_etl_pipeline and current dag run status:running
[2026-04-28T07:03:06.848+0000] {taskinstance.py:732} INFO - ::endgroup::
[2026-04-28T07:03:06.893+0000] {pipeline.py:82} ERROR - Failed to load data into PostgreSQL: (psycopg2.OperationalError) connection to server at "localhost" (::1), port 5432 failed: Connection refused
	Is the server running on that host and accepting TCP/IP connections?
connection to server at "localhost" (127.0.0.1), port 5432 failed: Connection refused
	Is the server running on that host and accepting TCP/IP connections?

(Background on this error at: https://sqlalche.me/e/14/e3q8)
[2026-04-28T07:03:06.893+0000] {python.py:240} INFO - Done. Returned value was: None
[2026-04-28T07:03:06.897+0000] {taskinstance.py:341} INFO - ::group::Post task execution logs
[2026-04-28T07:03:06.897+0000] {taskinstance.py:353} INFO - Marking task as SUCCESS. dag_id=weather_etl_pipeline, task_id=load, run_id=scheduled__2026-04-27T07:00:00+00:00, execution_date=20260427T070000, start_date=20260428T070306, end_date=20260428T070306
[2026-04-28T07:03:06.903+0000] {logging_mixin.py:190} INFO - Task instance in success state
[2026-04-28T07:03:06.904+0000] {logging_mixin.py:190} INFO -  Previous state of the Task instance: running
[2026-04-28T07:03:06.904+0000] {logging_mixin.py:190} INFO - Dag name:weather_etl_pipeline queued_at:2026-04-28 07:02:56.861209+00:00
[2026-04-28T07:03:06.904+0000] {logging_mixin.py:190} INFO - Task hostname:ac5f5f0e497f operator:PythonOperator
[2026-04-28T07:03:06.946+0000] {local_task_job_runner.py:266} INFO - Task exited with return code 0
[2026-04-28T07:03:06.956+0000] {taskinstance.py:3901} INFO - 1 downstream tasks scheduled from follow-on schedule check
[2026-04-28T07:03:06.957+0000] {local_task_job_runner.py:245} INFO - ::endgroup::
