[2026-04-21T06:42:38.951+0000] {processor.py:186} INFO - Started process (PID=42) to work on /opt/airflow/dags/etl_pipeline.py
[2026-04-21T06:42:38.954+0000] {processor.py:914} INFO - Processing file /opt/airflow/dags/etl_pipeline.py for tasks to queue
[2026-04-21T06:42:38.957+0000] {logging_mixin.py:190} INFO - [2026-04-21T06:42:38.957+0000] {dagbag.py:588} INFO - Filling up the DagBag from /opt/airflow/dags/etl_pipeline.py
[2026-04-21T06:42:38.971+0000] {processor.py:925} INFO - DAG(s) 'weather_etl_pipeline' retrieved from /opt/airflow/dags/etl_pipeline.py
[2026-04-21T06:42:39.005+0000] {logging_mixin.py:190} INFO - [2026-04-21T06:42:39.005+0000] {dag.py:3239} INFO - Sync 1 DAGs
[2026-04-21T06:42:39.029+0000] {logging_mixin.py:190} INFO - [2026-04-21T06:42:39.029+0000] {dag.py:4180} INFO - Setting next_dagrun for weather_etl_pipeline to 2026-04-19 07:00:00+00:00, run_after=2026-04-20 07:00:00+00:00
[2026-04-21T06:42:39.044+0000] {processor.py:208} INFO - Processing /opt/airflow/dags/etl_pipeline.py took 0.097 seconds
[2026-04-21T06:43:09.712+0000] {processor.py:186} INFO - Started process (PID=114) to work on /opt/airflow/dags/etl_pipeline.py
[2026-04-21T06:43:09.714+0000] {processor.py:914} INFO - Processing file /opt/airflow/dags/etl_pipeline.py for tasks to queue
[2026-04-21T06:43:09.723+0000] {logging_mixin.py:190} INFO - [2026-04-21T06:43:09.723+0000] {dagbag.py:588} INFO - Filling up the DagBag from /opt/airflow/dags/etl_pipeline.py
[2026-04-21T06:43:09.742+0000] {processor.py:925} INFO - DAG(s) 'weather_etl_pipeline' retrieved from /opt/airflow/dags/etl_pipeline.py
[2026-04-21T06:43:09.764+0000] {logging_mixin.py:190} INFO - [2026-04-21T06:43:09.764+0000] {dag.py:3239} INFO - Sync 1 DAGs
[2026-04-21T06:43:09.784+0000] {logging_mixin.py:190} INFO - [2026-04-21T06:43:09.784+0000] {dag.py:4180} INFO - Setting next_dagrun for weather_etl_pipeline to 2026-04-20 07:00:00+00:00, run_after=2026-04-21 07:00:00+00:00
[2026-04-21T06:43:09.800+0000] {processor.py:208} INFO - Processing /opt/airflow/dags/etl_pipeline.py took 0.095 seconds
[2026-04-21T06:43:40.255+0000] {processor.py:186} INFO - Started process (PID=178) to work on /opt/airflow/dags/etl_pipeline.py
[2026-04-21T06:43:40.256+0000] {processor.py:914} INFO - Processing file /opt/airflow/dags/etl_pipeline.py for tasks to queue
[2026-04-21T06:43:40.258+0000] {logging_mixin.py:190} INFO - [2026-04-21T06:43:40.258+0000] {dagbag.py:588} INFO - Filling up the DagBag from /opt/airflow/dags/etl_pipeline.py
[2026-04-21T06:43:40.266+0000] {processor.py:925} INFO - DAG(s) 'weather_etl_pipeline' retrieved from /opt/airflow/dags/etl_pipeline.py
[2026-04-21T06:43:40.276+0000] {logging_mixin.py:190} INFO - [2026-04-21T06:43:40.276+0000] {dag.py:3239} INFO - Sync 1 DAGs
[2026-04-21T06:43:40.287+0000] {logging_mixin.py:190} INFO - [2026-04-21T06:43:40.287+0000] {dag.py:4180} INFO - Setting next_dagrun for weather_etl_pipeline to 2026-04-20 07:00:00+00:00, run_after=2026-04-21 07:00:00+00:00
[2026-04-21T06:43:40.295+0000] {processor.py:208} INFO - Processing /opt/airflow/dags/etl_pipeline.py took 0.044 seconds
[2026-04-21T06:44:10.400+0000] {processor.py:186} INFO - Started process (PID=242) to work on /opt/airflow/dags/etl_pipeline.py
[2026-04-21T06:44:10.402+0000] {processor.py:914} INFO - Processing file /opt/airflow/dags/etl_pipeline.py for tasks to queue
[2026-04-21T06:44:10.404+0000] {logging_mixin.py:190} INFO - [2026-04-21T06:44:10.404+0000] {dagbag.py:588} INFO - Filling up the DagBag from /opt/airflow/dags/etl_pipeline.py
[2026-04-21T06:44:10.418+0000] {processor.py:925} INFO - DAG(s) 'weather_etl_pipeline' retrieved from /opt/airflow/dags/etl_pipeline.py
[2026-04-21T06:44:10.436+0000] {logging_mixin.py:190} INFO - [2026-04-21T06:44:10.436+0000] {dag.py:3239} INFO - Sync 1 DAGs
[2026-04-21T06:44:10.453+0000] {logging_mixin.py:190} INFO - [2026-04-21T06:44:10.453+0000] {dag.py:4180} INFO - Setting next_dagrun for weather_etl_pipeline to 2026-04-20 07:00:00+00:00, run_after=2026-04-21 07:00:00+00:00
[2026-04-21T06:44:10.464+0000] {processor.py:208} INFO - Processing /opt/airflow/dags/etl_pipeline.py took 0.069 seconds
[2026-04-21T06:44:40.974+0000] {processor.py:186} INFO - Started process (PID=306) to work on /opt/airflow/dags/etl_pipeline.py
[2026-04-21T06:44:40.977+0000] {processor.py:914} INFO - Processing file /opt/airflow/dags/etl_pipeline.py for tasks to queue
[2026-04-21T06:44:40.978+0000] {logging_mixin.py:190} INFO - [2026-04-21T06:44:40.978+0000] {dagbag.py:588} INFO - Filling up the DagBag from /opt/airflow/dags/etl_pipeline.py
[2026-04-21T06:44:40.992+0000] {processor.py:925} INFO - DAG(s) 'weather_etl_pipeline' retrieved from /opt/airflow/dags/etl_pipeline.py
[2026-04-21T06:44:41.006+0000] {logging_mixin.py:190} INFO - [2026-04-21T06:44:41.006+0000] {dag.py:3239} INFO - Sync 1 DAGs
[2026-04-21T06:44:41.020+0000] {logging_mixin.py:190} INFO - [2026-04-21T06:44:41.020+0000] {dag.py:4180} INFO - Setting next_dagrun for weather_etl_pipeline to 2026-04-20 07:00:00+00:00, run_after=2026-04-21 07:00:00+00:00
[2026-04-21T06:44:41.030+0000] {processor.py:208} INFO - Processing /opt/airflow/dags/etl_pipeline.py took 0.063 seconds
[2026-04-21T06:45:11.301+0000] {processor.py:186} INFO - Started process (PID=370) to work on /opt/airflow/dags/etl_pipeline.py
[2026-04-21T06:45:11.303+0000] {processor.py:914} INFO - Processing file /opt/airflow/dags/etl_pipeline.py for tasks to queue
[2026-04-21T06:45:11.306+0000] {logging_mixin.py:190} INFO - [2026-04-21T06:45:11.305+0000] {dagbag.py:588} INFO - Filling up the DagBag from /opt/airflow/dags/etl_pipeline.py
[2026-04-21T06:45:11.322+0000] {processor.py:925} INFO - DAG(s) 'weather_etl_pipeline' retrieved from /opt/airflow/dags/etl_pipeline.py
[2026-04-21T06:45:11.343+0000] {logging_mixin.py:190} INFO - [2026-04-21T06:45:11.342+0000] {dag.py:3239} INFO - Sync 1 DAGs
[2026-04-21T06:45:11.357+0000] {logging_mixin.py:190} INFO - [2026-04-21T06:45:11.357+0000] {dag.py:4180} INFO - Setting next_dagrun for weather_etl_pipeline to 2026-04-20 07:00:00+00:00, run_after=2026-04-21 07:00:00+00:00
[2026-04-21T06:45:11.370+0000] {processor.py:208} INFO - Processing /opt/airflow/dags/etl_pipeline.py took 0.078 seconds
[2026-04-21T06:45:41.706+0000] {processor.py:186} INFO - Started process (PID=440) to work on /opt/airflow/dags/etl_pipeline.py
[2026-04-21T06:45:41.707+0000] {processor.py:914} INFO - Processing file /opt/airflow/dags/etl_pipeline.py for tasks to queue
[2026-04-21T06:45:41.712+0000] {logging_mixin.py:190} INFO - [2026-04-21T06:45:41.711+0000] {dagbag.py:588} INFO - Filling up the DagBag from /opt/airflow/dags/etl_pipeline.py
[2026-04-21T06:45:41.727+0000] {processor.py:925} INFO - DAG(s) 'weather_etl_pipeline' retrieved from /opt/airflow/dags/etl_pipeline.py
[2026-04-21T06:45:41.747+0000] {logging_mixin.py:190} INFO - [2026-04-21T06:45:41.747+0000] {dag.py:3239} INFO - Sync 1 DAGs
[2026-04-21T06:45:41.766+0000] {logging_mixin.py:190} INFO - [2026-04-21T06:45:41.766+0000] {dag.py:4180} INFO - Setting next_dagrun for weather_etl_pipeline to 2026-04-20 07:00:00+00:00, run_after=2026-04-21 07:00:00+00:00
[2026-04-21T06:45:41.781+0000] {processor.py:208} INFO - Processing /opt/airflow/dags/etl_pipeline.py took 0.081 seconds
[2026-04-21T06:46:12.318+0000] {processor.py:186} INFO - Started process (PID=504) to work on /opt/airflow/dags/etl_pipeline.py
[2026-04-21T06:46:12.320+0000] {processor.py:914} INFO - Processing file /opt/airflow/dags/etl_pipeline.py for tasks to queue
[2026-04-21T06:46:12.325+0000] {logging_mixin.py:190} INFO - [2026-04-21T06:46:12.325+0000] {dagbag.py:588} INFO - Filling up the DagBag from /opt/airflow/dags/etl_pipeline.py
[2026-04-21T06:46:12.347+0000] {processor.py:925} INFO - DAG(s) 'weather_etl_pipeline' retrieved from /opt/airflow/dags/etl_pipeline.py
[2026-04-21T06:46:12.372+0000] {logging_mixin.py:190} INFO - [2026-04-21T06:46:12.372+0000] {dag.py:3239} INFO - Sync 1 DAGs
[2026-04-21T06:46:12.389+0000] {logging_mixin.py:190} INFO - [2026-04-21T06:46:12.389+0000] {dag.py:4180} INFO - Setting next_dagrun for weather_etl_pipeline to 2026-04-20 07:00:00+00:00, run_after=2026-04-21 07:00:00+00:00
[2026-04-21T06:46:12.401+0000] {processor.py:208} INFO - Processing /opt/airflow/dags/etl_pipeline.py took 0.094 seconds
[2026-04-21T06:46:42.689+0000] {processor.py:186} INFO - Started process (PID=568) to work on /opt/airflow/dags/etl_pipeline.py
[2026-04-21T06:46:42.692+0000] {processor.py:914} INFO - Processing file /opt/airflow/dags/etl_pipeline.py for tasks to queue
[2026-04-21T06:46:42.695+0000] {logging_mixin.py:190} INFO - [2026-04-21T06:46:42.695+0000] {dagbag.py:588} INFO - Filling up the DagBag from /opt/airflow/dags/etl_pipeline.py
[2026-04-21T06:46:42.717+0000] {processor.py:925} INFO - DAG(s) 'weather_etl_pipeline' retrieved from /opt/airflow/dags/etl_pipeline.py
[2026-04-21T06:46:42.734+0000] {logging_mixin.py:190} INFO - [2026-04-21T06:46:42.734+0000] {dag.py:3239} INFO - Sync 1 DAGs
[2026-04-21T06:46:42.749+0000] {logging_mixin.py:190} INFO - [2026-04-21T06:46:42.749+0000] {dag.py:4180} INFO - Setting next_dagrun for weather_etl_pipeline to 2026-04-20 07:00:00+00:00, run_after=2026-04-21 07:00:00+00:00
[2026-04-21T06:46:42.760+0000] {processor.py:208} INFO - Processing /opt/airflow/dags/etl_pipeline.py took 0.079 seconds
[2026-04-21T06:47:12.871+0000] {processor.py:186} INFO - Started process (PID=632) to work on /opt/airflow/dags/etl_pipeline.py
[2026-04-21T06:47:12.872+0000] {processor.py:914} INFO - Processing file /opt/airflow/dags/etl_pipeline.py for tasks to queue
[2026-04-21T06:47:12.876+0000] {logging_mixin.py:190} INFO - [2026-04-21T06:47:12.876+0000] {dagbag.py:588} INFO - Filling up the DagBag from /opt/airflow/dags/etl_pipeline.py
[2026-04-21T06:47:12.885+0000] {processor.py:925} INFO - DAG(s) 'weather_etl_pipeline' retrieved from /opt/airflow/dags/etl_pipeline.py
[2026-04-21T06:47:12.899+0000] {logging_mixin.py:190} INFO - [2026-04-21T06:47:12.899+0000] {dag.py:3239} INFO - Sync 1 DAGs
[2026-04-21T06:47:12.912+0000] {logging_mixin.py:190} INFO - [2026-04-21T06:47:12.912+0000] {dag.py:4180} INFO - Setting next_dagrun for weather_etl_pipeline to 2026-04-20 07:00:00+00:00, run_after=2026-04-21 07:00:00+00:00
[2026-04-21T06:47:12.922+0000] {processor.py:208} INFO - Processing /opt/airflow/dags/etl_pipeline.py took 0.060 seconds
[2026-04-21T06:47:43.178+0000] {processor.py:186} INFO - Started process (PID=696) to work on /opt/airflow/dags/etl_pipeline.py
[2026-04-21T06:47:43.179+0000] {processor.py:914} INFO - Processing file /opt/airflow/dags/etl_pipeline.py for tasks to queue
[2026-04-21T06:47:43.182+0000] {logging_mixin.py:190} INFO - [2026-04-21T06:47:43.182+0000] {dagbag.py:588} INFO - Filling up the DagBag from /opt/airflow/dags/etl_pipeline.py
[2026-04-21T06:47:43.196+0000] {processor.py:925} INFO - DAG(s) 'weather_etl_pipeline' retrieved from /opt/airflow/dags/etl_pipeline.py
[2026-04-21T06:47:43.214+0000] {logging_mixin.py:190} INFO - [2026-04-21T06:47:43.214+0000] {dag.py:3239} INFO - Sync 1 DAGs
[2026-04-21T06:47:43.226+0000] {logging_mixin.py:190} INFO - [2026-04-21T06:47:43.226+0000] {dag.py:4180} INFO - Setting next_dagrun for weather_etl_pipeline to 2026-04-20 07:00:00+00:00, run_after=2026-04-21 07:00:00+00:00
[2026-04-21T06:47:43.237+0000] {processor.py:208} INFO - Processing /opt/airflow/dags/etl_pipeline.py took 0.068 seconds
[2026-04-21T06:48:13.338+0000] {processor.py:186} INFO - Started process (PID=760) to work on /opt/airflow/dags/etl_pipeline.py
[2026-04-21T06:48:13.340+0000] {processor.py:914} INFO - Processing file /opt/airflow/dags/etl_pipeline.py for tasks to queue
[2026-04-21T06:48:13.344+0000] {logging_mixin.py:190} INFO - [2026-04-21T06:48:13.343+0000] {dagbag.py:588} INFO - Filling up the DagBag from /opt/airflow/dags/etl_pipeline.py
[2026-04-21T06:48:13.358+0000] {processor.py:925} INFO - DAG(s) 'weather_etl_pipeline' retrieved from /opt/airflow/dags/etl_pipeline.py
[2026-04-21T06:48:13.374+0000] {logging_mixin.py:190} INFO - [2026-04-21T06:48:13.374+0000] {dag.py:3239} INFO - Sync 1 DAGs
[2026-04-21T06:48:13.389+0000] {logging_mixin.py:190} INFO - [2026-04-21T06:48:13.389+0000] {dag.py:4180} INFO - Setting next_dagrun for weather_etl_pipeline to 2026-04-20 07:00:00+00:00, run_after=2026-04-21 07:00:00+00:00
[2026-04-21T06:48:13.397+0000] {processor.py:208} INFO - Processing /opt/airflow/dags/etl_pipeline.py took 0.069 seconds
[2026-04-21T06:48:43.765+0000] {processor.py:186} INFO - Started process (PID=824) to work on /opt/airflow/dags/etl_pipeline.py
[2026-04-21T06:48:43.766+0000] {processor.py:914} INFO - Processing file /opt/airflow/dags/etl_pipeline.py for tasks to queue
[2026-04-21T06:48:43.769+0000] {logging_mixin.py:190} INFO - [2026-04-21T06:48:43.769+0000] {dagbag.py:588} INFO - Filling up the DagBag from /opt/airflow/dags/etl_pipeline.py
[2026-04-21T06:48:43.781+0000] {processor.py:925} INFO - DAG(s) 'weather_etl_pipeline' retrieved from /opt/airflow/dags/etl_pipeline.py
[2026-04-21T06:48:43.796+0000] {logging_mixin.py:190} INFO - [2026-04-21T06:48:43.796+0000] {dag.py:3239} INFO - Sync 1 DAGs
[2026-04-21T06:48:43.810+0000] {logging_mixin.py:190} INFO - [2026-04-21T06:48:43.810+0000] {dag.py:4180} INFO - Setting next_dagrun for weather_etl_pipeline to 2026-04-20 07:00:00+00:00, run_after=2026-04-21 07:00:00+00:00
[2026-04-21T06:48:43.820+0000] {processor.py:208} INFO - Processing /opt/airflow/dags/etl_pipeline.py took 0.061 seconds
[2026-04-21T06:49:14.515+0000] {processor.py:186} INFO - Started process (PID=888) to work on /opt/airflow/dags/etl_pipeline.py
[2026-04-21T06:49:14.517+0000] {processor.py:914} INFO - Processing file /opt/airflow/dags/etl_pipeline.py for tasks to queue
[2026-04-21T06:49:14.519+0000] {logging_mixin.py:190} INFO - [2026-04-21T06:49:14.519+0000] {dagbag.py:588} INFO - Filling up the DagBag from /opt/airflow/dags/etl_pipeline.py
[2026-04-21T06:49:14.531+0000] {processor.py:925} INFO - DAG(s) 'weather_etl_pipeline' retrieved from /opt/airflow/dags/etl_pipeline.py
[2026-04-21T06:49:14.551+0000] {logging_mixin.py:190} INFO - [2026-04-21T06:49:14.551+0000] {dag.py:3239} INFO - Sync 1 DAGs
[2026-04-21T06:49:14.564+0000] {logging_mixin.py:190} INFO - [2026-04-21T06:49:14.564+0000] {dag.py:4180} INFO - Setting next_dagrun for weather_etl_pipeline to 2026-04-20 07:00:00+00:00, run_after=2026-04-21 07:00:00+00:00
[2026-04-21T06:49:14.574+0000] {processor.py:208} INFO - Processing /opt/airflow/dags/etl_pipeline.py took 0.069 seconds
[2026-04-21T06:49:44.997+0000] {processor.py:186} INFO - Started process (PID=952) to work on /opt/airflow/dags/etl_pipeline.py
[2026-04-21T06:49:45.000+0000] {processor.py:914} INFO - Processing file /opt/airflow/dags/etl_pipeline.py for tasks to queue
[2026-04-21T06:49:45.008+0000] {logging_mixin.py:190} INFO - [2026-04-21T06:49:45.008+0000] {dagbag.py:588} INFO - Filling up the DagBag from /opt/airflow/dags/etl_pipeline.py
[2026-04-21T06:49:45.028+0000] {processor.py:925} INFO - DAG(s) 'weather_etl_pipeline' retrieved from /opt/airflow/dags/etl_pipeline.py
[2026-04-21T06:49:45.054+0000] {logging_mixin.py:190} INFO - [2026-04-21T06:49:45.053+0000] {dag.py:3239} INFO - Sync 1 DAGs
[2026-04-21T06:49:45.068+0000] {logging_mixin.py:190} INFO - [2026-04-21T06:49:45.068+0000] {dag.py:4180} INFO - Setting next_dagrun for weather_etl_pipeline to 2026-04-20 07:00:00+00:00, run_after=2026-04-21 07:00:00+00:00
[2026-04-21T06:49:45.079+0000] {processor.py:208} INFO - Processing /opt/airflow/dags/etl_pipeline.py took 0.095 seconds
[2026-04-21T06:50:15.438+0000] {processor.py:186} INFO - Started process (PID=1016) to work on /opt/airflow/dags/etl_pipeline.py
[2026-04-21T06:50:15.440+0000] {processor.py:914} INFO - Processing file /opt/airflow/dags/etl_pipeline.py for tasks to queue
[2026-04-21T06:50:15.443+0000] {logging_mixin.py:190} INFO - [2026-04-21T06:50:15.443+0000] {dagbag.py:588} INFO - Filling up the DagBag from /opt/airflow/dags/etl_pipeline.py
[2026-04-21T06:50:15.469+0000] {processor.py:925} INFO - DAG(s) 'weather_etl_pipeline' retrieved from /opt/airflow/dags/etl_pipeline.py
[2026-04-21T06:50:15.493+0000] {logging_mixin.py:190} INFO - [2026-04-21T06:50:15.493+0000] {dag.py:3239} INFO - Sync 1 DAGs
[2026-04-21T06:50:15.510+0000] {logging_mixin.py:190} INFO - [2026-04-21T06:50:15.510+0000] {dag.py:4180} INFO - Setting next_dagrun for weather_etl_pipeline to 2026-04-20 07:00:00+00:00, run_after=2026-04-21 07:00:00+00:00
[2026-04-21T06:50:15.521+0000] {processor.py:208} INFO - Processing /opt/airflow/dags/etl_pipeline.py took 0.093 seconds
[2026-04-21T06:50:45.976+0000] {processor.py:186} INFO - Started process (PID=1080) to work on /opt/airflow/dags/etl_pipeline.py
[2026-04-21T06:50:45.978+0000] {processor.py:914} INFO - Processing file /opt/airflow/dags/etl_pipeline.py for tasks to queue
[2026-04-21T06:50:45.981+0000] {logging_mixin.py:190} INFO - [2026-04-21T06:50:45.980+0000] {dagbag.py:588} INFO - Filling up the DagBag from /opt/airflow/dags/etl_pipeline.py
[2026-04-21T06:50:45.996+0000] {processor.py:925} INFO - DAG(s) 'weather_etl_pipeline' retrieved from /opt/airflow/dags/etl_pipeline.py
[2026-04-21T06:50:46.012+0000] {logging_mixin.py:190} INFO - [2026-04-21T06:50:46.012+0000] {dag.py:3239} INFO - Sync 1 DAGs
[2026-04-21T06:50:46.026+0000] {logging_mixin.py:190} INFO - [2026-04-21T06:50:46.026+0000] {dag.py:4180} INFO - Setting next_dagrun for weather_etl_pipeline to 2026-04-20 07:00:00+00:00, run_after=2026-04-21 07:00:00+00:00
[2026-04-21T06:50:46.038+0000] {processor.py:208} INFO - Processing /opt/airflow/dags/etl_pipeline.py took 0.069 seconds
[2026-04-21T06:51:16.302+0000] {processor.py:186} INFO - Started process (PID=1144) to work on /opt/airflow/dags/etl_pipeline.py
[2026-04-21T06:51:16.302+0000] {processor.py:914} INFO - Processing file /opt/airflow/dags/etl_pipeline.py for tasks to queue
[2026-04-21T06:51:16.307+0000] {logging_mixin.py:190} INFO - [2026-04-21T06:51:16.306+0000] {dagbag.py:588} INFO - Filling up the DagBag from /opt/airflow/dags/etl_pipeline.py
[2026-04-21T06:51:16.320+0000] {processor.py:925} INFO - DAG(s) 'weather_etl_pipeline' retrieved from /opt/airflow/dags/etl_pipeline.py
[2026-04-21T06:51:16.335+0000] {logging_mixin.py:190} INFO - [2026-04-21T06:51:16.335+0000] {dag.py:3239} INFO - Sync 1 DAGs
[2026-04-21T06:51:16.350+0000] {logging_mixin.py:190} INFO - [2026-04-21T06:51:16.350+0000] {dag.py:4180} INFO - Setting next_dagrun for weather_etl_pipeline to 2026-04-20 07:00:00+00:00, run_after=2026-04-21 07:00:00+00:00
[2026-04-21T06:51:16.360+0000] {processor.py:208} INFO - Processing /opt/airflow/dags/etl_pipeline.py took 0.067 seconds
[2026-04-21T06:51:46.463+0000] {processor.py:186} INFO - Started process (PID=1208) to work on /opt/airflow/dags/etl_pipeline.py
[2026-04-21T06:51:46.464+0000] {processor.py:914} INFO - Processing file /opt/airflow/dags/etl_pipeline.py for tasks to queue
[2026-04-21T06:51:46.467+0000] {logging_mixin.py:190} INFO - [2026-04-21T06:51:46.466+0000] {dagbag.py:588} INFO - Filling up the DagBag from /opt/airflow/dags/etl_pipeline.py
[2026-04-21T06:51:46.477+0000] {processor.py:925} INFO - DAG(s) 'weather_etl_pipeline' retrieved from /opt/airflow/dags/etl_pipeline.py
[2026-04-21T06:51:46.497+0000] {logging_mixin.py:190} INFO - [2026-04-21T06:51:46.497+0000] {dag.py:3239} INFO - Sync 1 DAGs
[2026-04-21T06:51:46.508+0000] {logging_mixin.py:190} INFO - [2026-04-21T06:51:46.508+0000] {dag.py:4180} INFO - Setting next_dagrun for weather_etl_pipeline to 2026-04-20 07:00:00+00:00, run_after=2026-04-21 07:00:00+00:00
[2026-04-21T06:51:46.518+0000] {processor.py:208} INFO - Processing /opt/airflow/dags/etl_pipeline.py took 0.062 seconds
[2026-04-21T06:52:16.673+0000] {processor.py:186} INFO - Started process (PID=1272) to work on /opt/airflow/dags/etl_pipeline.py
[2026-04-21T06:52:16.675+0000] {processor.py:914} INFO - Processing file /opt/airflow/dags/etl_pipeline.py for tasks to queue
[2026-04-21T06:52:16.681+0000] {logging_mixin.py:190} INFO - [2026-04-21T06:52:16.680+0000] {dagbag.py:588} INFO - Filling up the DagBag from /opt/airflow/dags/etl_pipeline.py
[2026-04-21T06:52:16.695+0000] {processor.py:925} INFO - DAG(s) 'weather_etl_pipeline' retrieved from /opt/airflow/dags/etl_pipeline.py
[2026-04-21T06:52:16.709+0000] {logging_mixin.py:190} INFO - [2026-04-21T06:52:16.708+0000] {dag.py:3239} INFO - Sync 1 DAGs
[2026-04-21T06:52:16.722+0000] {logging_mixin.py:190} INFO - [2026-04-21T06:52:16.722+0000] {dag.py:4180} INFO - Setting next_dagrun for weather_etl_pipeline to 2026-04-20 07:00:00+00:00, run_after=2026-04-21 07:00:00+00:00
[2026-04-21T06:52:16.731+0000] {processor.py:208} INFO - Processing /opt/airflow/dags/etl_pipeline.py took 0.066 seconds
[2026-04-21T06:52:47.161+0000] {processor.py:186} INFO - Started process (PID=1336) to work on /opt/airflow/dags/etl_pipeline.py
[2026-04-21T06:52:47.162+0000] {processor.py:914} INFO - Processing file /opt/airflow/dags/etl_pipeline.py for tasks to queue
[2026-04-21T06:52:47.169+0000] {logging_mixin.py:190} INFO - [2026-04-21T06:52:47.169+0000] {dagbag.py:588} INFO - Filling up the DagBag from /opt/airflow/dags/etl_pipeline.py
[2026-04-21T06:52:47.180+0000] {processor.py:925} INFO - DAG(s) 'weather_etl_pipeline' retrieved from /opt/airflow/dags/etl_pipeline.py
[2026-04-21T06:52:47.203+0000] {logging_mixin.py:190} INFO - [2026-04-21T06:52:47.203+0000] {dag.py:3239} INFO - Sync 1 DAGs
[2026-04-21T06:52:47.220+0000] {logging_mixin.py:190} INFO - [2026-04-21T06:52:47.220+0000] {dag.py:4180} INFO - Setting next_dagrun for weather_etl_pipeline to 2026-04-20 07:00:00+00:00, run_after=2026-04-21 07:00:00+00:00
[2026-04-21T06:52:47.233+0000] {processor.py:208} INFO - Processing /opt/airflow/dags/etl_pipeline.py took 0.080 seconds
[2026-04-21T06:53:17.377+0000] {processor.py:186} INFO - Started process (PID=1400) to work on /opt/airflow/dags/etl_pipeline.py
[2026-04-21T06:53:17.378+0000] {processor.py:914} INFO - Processing file /opt/airflow/dags/etl_pipeline.py for tasks to queue
[2026-04-21T06:53:17.381+0000] {logging_mixin.py:190} INFO - [2026-04-21T06:53:17.381+0000] {dagbag.py:588} INFO - Filling up the DagBag from /opt/airflow/dags/etl_pipeline.py
[2026-04-21T06:53:17.391+0000] {processor.py:925} INFO - DAG(s) 'weather_etl_pipeline' retrieved from /opt/airflow/dags/etl_pipeline.py
[2026-04-21T06:53:17.404+0000] {logging_mixin.py:190} INFO - [2026-04-21T06:53:17.404+0000] {dag.py:3239} INFO - Sync 1 DAGs
[2026-04-21T06:53:17.417+0000] {logging_mixin.py:190} INFO - [2026-04-21T06:53:17.417+0000] {dag.py:4180} INFO - Setting next_dagrun for weather_etl_pipeline to 2026-04-20 07:00:00+00:00, run_after=2026-04-21 07:00:00+00:00
[2026-04-21T06:53:17.426+0000] {processor.py:208} INFO - Processing /opt/airflow/dags/etl_pipeline.py took 0.056 seconds
[2026-04-21T06:53:47.788+0000] {processor.py:186} INFO - Started process (PID=1464) to work on /opt/airflow/dags/etl_pipeline.py
[2026-04-21T06:53:47.789+0000] {processor.py:914} INFO - Processing file /opt/airflow/dags/etl_pipeline.py for tasks to queue
[2026-04-21T06:53:47.792+0000] {logging_mixin.py:190} INFO - [2026-04-21T06:53:47.791+0000] {dagbag.py:588} INFO - Filling up the DagBag from /opt/airflow/dags/etl_pipeline.py
[2026-04-21T06:53:47.803+0000] {processor.py:925} INFO - DAG(s) 'weather_etl_pipeline' retrieved from /opt/airflow/dags/etl_pipeline.py
[2026-04-21T06:53:47.820+0000] {logging_mixin.py:190} INFO - [2026-04-21T06:53:47.820+0000] {dag.py:3239} INFO - Sync 1 DAGs
[2026-04-21T06:53:47.833+0000] {logging_mixin.py:190} INFO - [2026-04-21T06:53:47.833+0000] {dag.py:4180} INFO - Setting next_dagrun for weather_etl_pipeline to 2026-04-20 07:00:00+00:00, run_after=2026-04-21 07:00:00+00:00
[2026-04-21T06:53:47.843+0000] {processor.py:208} INFO - Processing /opt/airflow/dags/etl_pipeline.py took 0.064 seconds
[2026-04-21T06:54:17.886+0000] {processor.py:186} INFO - Started process (PID=1528) to work on /opt/airflow/dags/etl_pipeline.py
[2026-04-21T06:54:17.886+0000] {processor.py:914} INFO - Processing file /opt/airflow/dags/etl_pipeline.py for tasks to queue
[2026-04-21T06:54:17.888+0000] {logging_mixin.py:190} INFO - [2026-04-21T06:54:17.888+0000] {dagbag.py:588} INFO - Filling up the DagBag from /opt/airflow/dags/etl_pipeline.py
[2026-04-21T06:54:17.898+0000] {processor.py:925} INFO - DAG(s) 'weather_etl_pipeline' retrieved from /opt/airflow/dags/etl_pipeline.py
[2026-04-21T06:54:17.910+0000] {logging_mixin.py:190} INFO - [2026-04-21T06:54:17.910+0000] {dag.py:3239} INFO - Sync 1 DAGs
[2026-04-21T06:54:17.921+0000] {logging_mixin.py:190} INFO - [2026-04-21T06:54:17.920+0000] {dag.py:4180} INFO - Setting next_dagrun for weather_etl_pipeline to 2026-04-20 07:00:00+00:00, run_after=2026-04-21 07:00:00+00:00
[2026-04-21T06:54:17.929+0000] {processor.py:208} INFO - Processing /opt/airflow/dags/etl_pipeline.py took 0.047 seconds
[2026-04-21T06:54:48.929+0000] {processor.py:186} INFO - Started process (PID=1592) to work on /opt/airflow/dags/etl_pipeline.py
[2026-04-21T06:54:48.930+0000] {processor.py:914} INFO - Processing file /opt/airflow/dags/etl_pipeline.py for tasks to queue
[2026-04-21T06:54:48.932+0000] {logging_mixin.py:190} INFO - [2026-04-21T06:54:48.932+0000] {dagbag.py:588} INFO - Filling up the DagBag from /opt/airflow/dags/etl_pipeline.py
[2026-04-21T06:54:48.950+0000] {processor.py:925} INFO - DAG(s) 'weather_etl_pipeline' retrieved from /opt/airflow/dags/etl_pipeline.py
[2026-04-21T06:54:48.964+0000] {logging_mixin.py:190} INFO - [2026-04-21T06:54:48.963+0000] {dag.py:3239} INFO - Sync 1 DAGs
[2026-04-21T06:54:48.974+0000] {logging_mixin.py:190} INFO - [2026-04-21T06:54:48.974+0000] {dag.py:4180} INFO - Setting next_dagrun for weather_etl_pipeline to 2026-04-20 07:00:00+00:00, run_after=2026-04-21 07:00:00+00:00
[2026-04-21T06:54:48.982+0000] {processor.py:208} INFO - Processing /opt/airflow/dags/etl_pipeline.py took 0.062 seconds
[2026-04-21T06:55:19.113+0000] {processor.py:186} INFO - Started process (PID=1656) to work on /opt/airflow/dags/etl_pipeline.py
[2026-04-21T06:55:19.114+0000] {processor.py:914} INFO - Processing file /opt/airflow/dags/etl_pipeline.py for tasks to queue
[2026-04-21T06:55:19.117+0000] {logging_mixin.py:190} INFO - [2026-04-21T06:55:19.116+0000] {dagbag.py:588} INFO - Filling up the DagBag from /opt/airflow/dags/etl_pipeline.py
[2026-04-21T06:55:19.129+0000] {processor.py:925} INFO - DAG(s) 'weather_etl_pipeline' retrieved from /opt/airflow/dags/etl_pipeline.py
[2026-04-21T06:55:19.142+0000] {logging_mixin.py:190} INFO - [2026-04-21T06:55:19.142+0000] {dag.py:3239} INFO - Sync 1 DAGs
[2026-04-21T06:55:19.156+0000] {logging_mixin.py:190} INFO - [2026-04-21T06:55:19.156+0000] {dag.py:4180} INFO - Setting next_dagrun for weather_etl_pipeline to 2026-04-20 07:00:00+00:00, run_after=2026-04-21 07:00:00+00:00
[2026-04-21T06:55:19.166+0000] {processor.py:208} INFO - Processing /opt/airflow/dags/etl_pipeline.py took 0.061 seconds
[2026-04-21T06:55:50.182+0000] {processor.py:186} INFO - Started process (PID=1720) to work on /opt/airflow/dags/etl_pipeline.py
[2026-04-21T06:55:50.183+0000] {processor.py:914} INFO - Processing file /opt/airflow/dags/etl_pipeline.py for tasks to queue
[2026-04-21T06:55:50.185+0000] {logging_mixin.py:190} INFO - [2026-04-21T06:55:50.185+0000] {dagbag.py:588} INFO - Filling up the DagBag from /opt/airflow/dags/etl_pipeline.py
[2026-04-21T06:55:50.197+0000] {processor.py:925} INFO - DAG(s) 'weather_etl_pipeline' retrieved from /opt/airflow/dags/etl_pipeline.py
[2026-04-21T06:55:50.210+0000] {logging_mixin.py:190} INFO - [2026-04-21T06:55:50.209+0000] {dag.py:3239} INFO - Sync 1 DAGs
[2026-04-21T06:55:50.224+0000] {logging_mixin.py:190} INFO - [2026-04-21T06:55:50.224+0000] {dag.py:4180} INFO - Setting next_dagrun for weather_etl_pipeline to 2026-04-20 07:00:00+00:00, run_after=2026-04-21 07:00:00+00:00
[2026-04-21T06:55:50.233+0000] {processor.py:208} INFO - Processing /opt/airflow/dags/etl_pipeline.py took 0.056 seconds
[2026-04-21T06:56:20.802+0000] {processor.py:186} INFO - Started process (PID=1784) to work on /opt/airflow/dags/etl_pipeline.py
[2026-04-21T06:56:20.804+0000] {processor.py:914} INFO - Processing file /opt/airflow/dags/etl_pipeline.py for tasks to queue
[2026-04-21T06:56:20.806+0000] {logging_mixin.py:190} INFO - [2026-04-21T06:56:20.806+0000] {dagbag.py:588} INFO - Filling up the DagBag from /opt/airflow/dags/etl_pipeline.py
[2026-04-21T06:56:20.820+0000] {processor.py:925} INFO - DAG(s) 'weather_etl_pipeline' retrieved from /opt/airflow/dags/etl_pipeline.py
[2026-04-21T06:56:20.840+0000] {logging_mixin.py:190} INFO - [2026-04-21T06:56:20.840+0000] {dag.py:3239} INFO - Sync 1 DAGs
[2026-04-21T06:56:20.851+0000] {logging_mixin.py:190} INFO - [2026-04-21T06:56:20.851+0000] {dag.py:4180} INFO - Setting next_dagrun for weather_etl_pipeline to 2026-04-20 07:00:00+00:00, run_after=2026-04-21 07:00:00+00:00
[2026-04-21T06:56:20.863+0000] {processor.py:208} INFO - Processing /opt/airflow/dags/etl_pipeline.py took 0.071 seconds
[2026-04-21T07:01:26.711+0000] {processor.py:186} INFO - Started process (PID=1801) to work on /opt/airflow/dags/etl_pipeline.py
[2026-04-21T07:01:26.712+0000] {processor.py:914} INFO - Processing file /opt/airflow/dags/etl_pipeline.py for tasks to queue
[2026-04-21T07:01:26.713+0000] {logging_mixin.py:190} INFO - [2026-04-21T07:01:26.713+0000] {dagbag.py:588} INFO - Filling up the DagBag from /opt/airflow/dags/etl_pipeline.py
[2026-04-21T07:01:26.722+0000] {processor.py:925} INFO - DAG(s) 'weather_etl_pipeline' retrieved from /opt/airflow/dags/etl_pipeline.py
[2026-04-21T07:01:26.734+0000] {logging_mixin.py:190} INFO - [2026-04-21T07:01:26.734+0000] {dag.py:3239} INFO - Sync 1 DAGs
[2026-04-21T07:01:26.747+0000] {logging_mixin.py:190} INFO - [2026-04-21T07:01:26.747+0000] {dag.py:4180} INFO - Setting next_dagrun for weather_etl_pipeline to 2026-04-21 07:00:00+00:00, run_after=2026-04-22 07:00:00+00:00
[2026-04-21T07:01:26.758+0000] {processor.py:208} INFO - Processing /opt/airflow/dags/etl_pipeline.py took 0.051 seconds
[2026-04-21T07:01:56.922+0000] {processor.py:186} INFO - Started process (PID=1865) to work on /opt/airflow/dags/etl_pipeline.py
[2026-04-21T07:01:56.924+0000] {processor.py:914} INFO - Processing file /opt/airflow/dags/etl_pipeline.py for tasks to queue
[2026-04-21T07:01:56.927+0000] {logging_mixin.py:190} INFO - [2026-04-21T07:01:56.926+0000] {dagbag.py:588} INFO - Filling up the DagBag from /opt/airflow/dags/etl_pipeline.py
[2026-04-21T07:01:56.940+0000] {processor.py:925} INFO - DAG(s) 'weather_etl_pipeline' retrieved from /opt/airflow/dags/etl_pipeline.py
[2026-04-21T07:01:56.952+0000] {logging_mixin.py:190} INFO - [2026-04-21T07:01:56.952+0000] {dag.py:3239} INFO - Sync 1 DAGs
[2026-04-21T07:01:56.965+0000] {logging_mixin.py:190} INFO - [2026-04-21T07:01:56.965+0000] {dag.py:4180} INFO - Setting next_dagrun for weather_etl_pipeline to 2026-04-21 07:00:00+00:00, run_after=2026-04-22 07:00:00+00:00
[2026-04-21T07:01:56.978+0000] {processor.py:208} INFO - Processing /opt/airflow/dags/etl_pipeline.py took 0.069 seconds
[2026-04-21T07:02:27.315+0000] {processor.py:186} INFO - Started process (PID=1929) to work on /opt/airflow/dags/etl_pipeline.py
[2026-04-21T07:02:27.316+0000] {processor.py:914} INFO - Processing file /opt/airflow/dags/etl_pipeline.py for tasks to queue
[2026-04-21T07:02:27.318+0000] {logging_mixin.py:190} INFO - [2026-04-21T07:02:27.318+0000] {dagbag.py:588} INFO - Filling up the DagBag from /opt/airflow/dags/etl_pipeline.py
[2026-04-21T07:02:27.330+0000] {processor.py:925} INFO - DAG(s) 'weather_etl_pipeline' retrieved from /opt/airflow/dags/etl_pipeline.py
[2026-04-21T07:02:27.344+0000] {logging_mixin.py:190} INFO - [2026-04-21T07:02:27.344+0000] {dag.py:3239} INFO - Sync 1 DAGs
[2026-04-21T07:02:27.357+0000] {logging_mixin.py:190} INFO - [2026-04-21T07:02:27.357+0000] {dag.py:4180} INFO - Setting next_dagrun for weather_etl_pipeline to 2026-04-21 07:00:00+00:00, run_after=2026-04-22 07:00:00+00:00
[2026-04-21T07:02:27.367+0000] {processor.py:208} INFO - Processing /opt/airflow/dags/etl_pipeline.py took 0.058 seconds
[2026-04-21T07:02:58.332+0000] {processor.py:186} INFO - Started process (PID=1993) to work on /opt/airflow/dags/etl_pipeline.py
[2026-04-21T07:02:58.332+0000] {processor.py:914} INFO - Processing file /opt/airflow/dags/etl_pipeline.py for tasks to queue
[2026-04-21T07:02:58.335+0000] {logging_mixin.py:190} INFO - [2026-04-21T07:02:58.335+0000] {dagbag.py:588} INFO - Filling up the DagBag from /opt/airflow/dags/etl_pipeline.py
[2026-04-21T07:02:58.345+0000] {processor.py:925} INFO - DAG(s) 'weather_etl_pipeline' retrieved from /opt/airflow/dags/etl_pipeline.py
[2026-04-21T07:02:58.359+0000] {logging_mixin.py:190} INFO - [2026-04-21T07:02:58.359+0000] {dag.py:3239} INFO - Sync 1 DAGs
[2026-04-21T07:02:58.370+0000] {logging_mixin.py:190} INFO - [2026-04-21T07:02:58.370+0000] {dag.py:4180} INFO - Setting next_dagrun for weather_etl_pipeline to 2026-04-21 07:00:00+00:00, run_after=2026-04-22 07:00:00+00:00
[2026-04-21T07:02:58.378+0000] {processor.py:208} INFO - Processing /opt/airflow/dags/etl_pipeline.py took 0.051 seconds
[2026-04-21T07:03:29.364+0000] {processor.py:186} INFO - Started process (PID=2057) to work on /opt/airflow/dags/etl_pipeline.py
[2026-04-21T07:03:29.365+0000] {processor.py:914} INFO - Processing file /opt/airflow/dags/etl_pipeline.py for tasks to queue
[2026-04-21T07:03:29.368+0000] {logging_mixin.py:190} INFO - [2026-04-21T07:03:29.367+0000] {dagbag.py:588} INFO - Filling up the DagBag from /opt/airflow/dags/etl_pipeline.py
[2026-04-21T07:03:29.379+0000] {processor.py:925} INFO - DAG(s) 'weather_etl_pipeline' retrieved from /opt/airflow/dags/etl_pipeline.py
[2026-04-21T07:03:29.390+0000] {logging_mixin.py:190} INFO - [2026-04-21T07:03:29.390+0000] {dag.py:3239} INFO - Sync 1 DAGs
[2026-04-21T07:03:29.402+0000] {logging_mixin.py:190} INFO - [2026-04-21T07:03:29.401+0000] {dag.py:4180} INFO - Setting next_dagrun for weather_etl_pipeline to 2026-04-21 07:00:00+00:00, run_after=2026-04-22 07:00:00+00:00
[2026-04-21T07:03:29.411+0000] {processor.py:208} INFO - Processing /opt/airflow/dags/etl_pipeline.py took 0.053 seconds
[2026-04-21T07:03:59.463+0000] {processor.py:186} INFO - Started process (PID=2121) to work on /opt/airflow/dags/etl_pipeline.py
[2026-04-21T07:03:59.464+0000] {processor.py:914} INFO - Processing file /opt/airflow/dags/etl_pipeline.py for tasks to queue
[2026-04-21T07:03:59.467+0000] {logging_mixin.py:190} INFO - [2026-04-21T07:03:59.467+0000] {dagbag.py:588} INFO - Filling up the DagBag from /opt/airflow/dags/etl_pipeline.py
[2026-04-21T07:03:59.482+0000] {processor.py:925} INFO - DAG(s) 'weather_etl_pipeline' retrieved from /opt/airflow/dags/etl_pipeline.py
[2026-04-21T07:03:59.492+0000] {logging_mixin.py:190} INFO - [2026-04-21T07:03:59.492+0000] {dag.py:3239} INFO - Sync 1 DAGs
[2026-04-21T07:03:59.507+0000] {logging_mixin.py:190} INFO - [2026-04-21T07:03:59.507+0000] {dag.py:4180} INFO - Setting next_dagrun for weather_etl_pipeline to 2026-04-21 07:00:00+00:00, run_after=2026-04-22 07:00:00+00:00
[2026-04-21T07:03:59.516+0000] {processor.py:208} INFO - Processing /opt/airflow/dags/etl_pipeline.py took 0.060 seconds
[2026-04-21T07:04:30.474+0000] {processor.py:186} INFO - Started process (PID=2185) to work on /opt/airflow/dags/etl_pipeline.py
[2026-04-21T07:04:30.475+0000] {processor.py:914} INFO - Processing file /opt/airflow/dags/etl_pipeline.py for tasks to queue
[2026-04-21T07:04:30.478+0000] {logging_mixin.py:190} INFO - [2026-04-21T07:04:30.478+0000] {dagbag.py:588} INFO - Filling up the DagBag from /opt/airflow/dags/etl_pipeline.py
[2026-04-21T07:04:30.490+0000] {processor.py:925} INFO - DAG(s) 'weather_etl_pipeline' retrieved from /opt/airflow/dags/etl_pipeline.py
[2026-04-21T07:04:30.503+0000] {logging_mixin.py:190} INFO - [2026-04-21T07:04:30.503+0000] {dag.py:3239} INFO - Sync 1 DAGs
[2026-04-21T07:04:30.516+0000] {logging_mixin.py:190} INFO - [2026-04-21T07:04:30.516+0000] {dag.py:4180} INFO - Setting next_dagrun for weather_etl_pipeline to 2026-04-21 07:00:00+00:00, run_after=2026-04-22 07:00:00+00:00
[2026-04-21T07:04:30.526+0000] {processor.py:208} INFO - Processing /opt/airflow/dags/etl_pipeline.py took 0.059 seconds
