2026-03-13 18:25:10,086 - INFO - Successfully fetched weather data for London, UK
2026-03-13 18:25:11,170 - INFO - Successfully fetched weather data for New York, USA
2026-03-13 18:25:12,227 - INFO - Successfully fetched weather data for Tokyo, Japan
2026-03-13 18:25:13,082 - INFO - Successfully fetched weather data for Mumbai, India
2026-03-13 18:25:14,286 - INFO - Successfully fetched weather data for Sydney, Australia
2026-03-13 18:25:14,401 - INFO - Data successfully loaded into SQL database
2026-03-13 18:25:35,186 - INFO - Successfully fetched weather data for London, UK
2026-03-13 18:25:36,328 - INFO - Successfully fetched weather data for New York, USA
2026-03-13 18:25:37,280 - INFO - Successfully fetched weather data for Tokyo, Japan
2026-03-13 18:25:38,349 - INFO - Successfully fetched weather data for Mumbai, India
2026-03-13 18:25:39,248 - INFO - Successfully fetched weather data for Sydney, Australia
2026-03-13 18:25:39,324 - ERROR - Failed to load data into SQL database: (psycopg2.OperationalError) connection to server at "localhost" (127.0.0.1), port 5432 failed: FATAL:  database "postgre" does not exist

(Background on this error at: https://sqlalche.me/e/20/e3q8)
2026-03-13 18:25:51,293 - INFO - Successfully fetched weather data for London, UK
2026-03-13 18:25:52,385 - INFO - Successfully fetched weather data for New York, USA
2026-03-13 18:25:53,433 - INFO - Successfully fetched weather data for Tokyo, Japan
2026-03-13 18:25:54,597 - INFO - Successfully fetched weather data for Mumbai, India
2026-03-13 18:25:55,566 - INFO - Successfully fetched weather data for Sydney, Australia
2026-03-13 18:25:55,657 - INFO - Data successfully loaded into SQL database
2026-03-16 19:02:40,025 - INFO - Successfully fetched weather data for London, UK
2026-03-16 19:02:41,140 - INFO - Successfully fetched weather data for New York, USA
2026-03-16 19:02:41,974 - INFO - Successfully fetched weather data for Tokyo, Japan
2026-03-16 19:02:42,782 - INFO - Successfully fetched weather data for Mumbai, India
2026-03-16 19:02:43,735 - INFO - Successfully fetched weather data for Sydney, Australia
2026-03-16 19:02:43,947 - INFO - Data successfully loaded into SQL database
2026-03-17 18:53:24,989 - INFO - Successfully fetched weather data for London, UK
2026-03-17 18:53:26,519 - INFO - Successfully fetched weather data for New York, USA
2026-03-17 18:53:27,392 - INFO - Successfully fetched weather data for Tokyo, Japan
2026-03-17 18:53:28,588 - INFO - Successfully fetched weather data for Mumbai, India
2026-03-17 18:53:29,755 - INFO - Successfully fetched weather data for Sydney, Australia
2026-03-17 18:53:29,975 - INFO - Data successfully loaded into SQL database
2026-03-18 18:24:38,855 - INFO - Successfully fetched weather data for London, UK
2026-03-18 18:24:39,762 - INFO - Successfully fetched weather data for New York, USA
2026-03-18 18:24:40,546 - INFO - Successfully fetched weather data for Tokyo, Japan
2026-03-18 18:24:41,331 - INFO - Successfully fetched weather data for Mumbai, India
2026-03-18 18:24:42,233 - INFO - Successfully fetched weather data for Sydney, Australia
2026-03-18 18:24:42,434 - INFO - Data successfully loaded into SQL database
2026-03-18 18:28:09,092 - INFO - Successfully fetched weather data for London, UK
2026-03-18 18:28:09,972 - INFO - Successfully fetched weather data for New York, USA
2026-03-18 18:28:10,772 - INFO - Successfully fetched weather data for Tokyo, Japan
2026-03-18 18:28:11,807 - INFO - Successfully fetched weather data for Mumbai, India
2026-03-18 18:28:12,593 - INFO - Successfully fetched weather data for Sydney, Australia
2026-03-18 18:28:12,707 - INFO - Data successfully loaded into SQL database
2026-03-18 18:29:44,407 - INFO - Successfully fetched weather data for London, UK
2026-03-18 18:29:45,432 - INFO - Successfully fetched weather data for New York, USA
2026-03-18 18:29:46,486 - INFO - Successfully fetched weather data for Tokyo, Japan
2026-03-18 18:29:47,305 - INFO - Successfully fetched weather data for Mumbai, India
2026-03-18 18:29:48,137 - INFO - Successfully fetched weather data for Sydney, Australia
2026-03-18 18:29:48,255 - INFO - Data successfully loaded into SQL database
2026-03-18 18:30:18,394 - INFO - Successfully fetched weather data for London, UK
2026-03-18 18:30:19,879 - INFO - Successfully fetched weather data for New York, USA
2026-03-18 18:30:21,230 - INFO - Successfully fetched weather data for Tokyo, Japan
2026-03-18 18:30:22,462 - INFO - Successfully fetched weather data for Mumbai, India
2026-03-18 18:30:23,511 - INFO - Successfully fetched weather data for Sydney, Australia
2026-03-18 18:30:23,601 - INFO - Data successfully loaded into SQL database
2026-03-18 18:38:12,863 - INFO - Successfully fetched weather data for London, UK
2026-03-18 18:38:13,865 - INFO - Successfully fetched weather data for New York, USA
2026-03-18 18:38:15,123 - INFO - Successfully fetched weather data for Tokyo, Japan
2026-03-18 18:38:16,264 - INFO - Successfully fetched weather data for Mumbai, India
2026-03-18 18:38:17,171 - INFO - Successfully fetched weather data for Sydney, Australia
2026-03-18 18:38:17,283 - INFO - Data successfully loaded into SQL database
2026-03-18 18:38:52,452 - INFO - Successfully fetched weather data for London, UK
2026-03-18 18:38:53,367 - INFO - Successfully fetched weather data for New York, USA
2026-03-18 18:38:54,296 - INFO - Successfully fetched weather data for Tokyo, Japan
2026-03-18 18:38:55,149 - INFO - Successfully fetched weather data for Mumbai, India
2026-03-18 18:38:55,793 - INFO - Successfully fetched weather data for Sydney, Australia
2026-03-18 18:38:55,915 - INFO - Data successfully loaded into SQL database
2026-03-18 18:41:39,419 - INFO - Successfully fetched weather data for London, UK
2026-03-18 18:41:40,640 - INFO - Successfully fetched weather data for New York, USA
2026-03-18 18:41:41,501 - INFO - Successfully fetched weather data for Tokyo, Japan
2026-03-18 18:41:42,275 - INFO - Successfully fetched weather data for Mumbai, India
2026-03-18 18:41:43,124 - INFO - Successfully fetched weather data for Sydney, Australia
2026-03-18 18:41:43,242 - INFO - Data successfully loaded into SQL database
2026-03-18 18:52:28,611 - INFO - Successfully fetched weather data for London, UK
2026-03-18 18:52:29,559 - INFO - Successfully fetched weather data for New York, USA
2026-03-18 18:52:30,372 - INFO - Successfully fetched weather data for Tokyo, Japan
2026-03-18 18:52:31,151 - INFO - Successfully fetched weather data for Mumbai, India
2026-03-18 18:52:31,955 - INFO - Successfully fetched weather data for Sydney, Australia
2026-03-18 18:52:32,061 - INFO - Data successfully loaded into SQL database
2026-03-18 18:53:06,054 - INFO - Successfully fetched weather data for London, UK
2026-03-18 18:53:06,755 - INFO - Successfully fetched weather data for New York, USA
2026-03-18 18:53:07,611 - INFO - Successfully fetched weather data for Tokyo, Japan
2026-03-18 18:53:08,488 - INFO - Successfully fetched weather data for Mumbai, India
2026-03-18 18:53:09,315 - INFO - Successfully fetched weather data for Sydney, Australia
2026-03-18 18:53:09,411 - INFO - Data successfully loaded into SQL database
2026-03-20 20:57:47,088 - INFO - Successfully fetched weather data for London, UK
2026-03-20 20:57:48,679 - INFO - Successfully fetched weather data for New York, USA
2026-03-20 20:57:49,769 - INFO - Successfully fetched weather data for Tokyo, Japan
2026-03-20 20:57:50,729 - INFO - Successfully fetched weather data for Mumbai, India
2026-03-20 20:57:51,525 - INFO - Successfully fetched weather data for Sydney, Australia
2026-03-22 18:26:14,819 - INFO - Successfully fetched weather data for London, UK
2026-03-22 18:26:16,487 - INFO - Successfully fetched weather data for New York, USA
2026-03-22 18:26:18,639 - INFO - Successfully fetched weather data for Tokyo, Japan
2026-03-22 18:26:26,121 - INFO - Successfully fetched weather data for Mumbai, India
2026-03-22 18:26:28,177 - INFO - Successfully fetched weather data for Sydney, Australia
2026-03-22 18:58:34,402 - INFO - Successfully fetched weather data for London, UK
2026-03-22 18:58:35,504 - INFO - Successfully fetched weather data for New York, USA
2026-03-22 18:58:36,323 - INFO - Successfully fetched weather data for Tokyo, Japan
2026-03-22 18:58:37,094 - INFO - Successfully fetched weather data for Mumbai, India
2026-03-22 18:58:38,105 - INFO - Successfully fetched weather data for Sydney, Australia
2026-03-22 18:58:38,632 - INFO - Data successfully loaded into SQL database
2026-03-23 13:33:22,187 - INFO - Successfully fetched weather data for London, UK
2026-03-23 13:33:23,029 - INFO - Successfully fetched weather data for New York, USA
2026-03-23 13:33:24,009 - INFO - Successfully fetched weather data for Tokyo, Japan
2026-03-23 13:33:24,987 - INFO - Successfully fetched weather data for Mumbai, India
2026-03-23 13:33:26,490 - INFO - Successfully fetched weather data for Sydney, Australia
2026-03-23 13:33:26,780 - INFO - Data successfully loaded into SQL database
2026-03-24 18:18:24,401 - INFO - Successfully fetched weather data for London, UK
2026-03-24 18:18:25,285 - INFO - Successfully fetched weather data for New York, USA
2026-03-24 18:18:26,170 - INFO - Successfully fetched weather data for Tokyo, Japan
2026-03-24 18:18:27,113 - INFO - Successfully fetched weather data for Mumbai, India
2026-03-24 18:18:28,229 - INFO - Successfully fetched weather data for Sydney, Australia
2026-03-24 18:18:28,516 - INFO - Data successfully loaded into SQL database
2026-03-27 10:21:24,784 - INFO - Successfully fetched weather data for London, UK
2026-03-27 10:21:25,707 - INFO - Successfully fetched weather data for New York, USA
2026-03-27 10:21:26,889 - INFO - Successfully fetched weather data for Tokyo, Japan
2026-03-27 10:21:27,893 - INFO - Successfully fetched weather data for Mumbai, India
2026-03-27 10:21:29,051 - INFO - Successfully fetched weather data for Sydney, Australia
2026-03-27 10:21:29,615 - INFO - Data successfully loaded into SQL database
2026-03-28 15:01:04,068 - INFO - Successfully fetched weather data for London, UK
2026-03-28 15:01:07,614 - INFO - Successfully fetched weather data for New York, USA
2026-03-28 15:01:09,047 - INFO - Successfully fetched weather data for Tokyo, Japan
2026-03-28 15:01:11,582 - INFO - Successfully fetched weather data for Mumbai, India
2026-03-28 15:01:13,097 - INFO - Successfully fetched weather data for Sydney, Australia
2026-03-28 15:01:13,231 - INFO - Data successfully loaded into SQL database
2026-03-29 23:14:31,284 - INFO - Successfully fetched weather data for London, UK
2026-03-29 23:14:33,606 - INFO - Successfully fetched weather data for New York, USA
2026-03-29 23:14:35,187 - INFO - Successfully fetched weather data for Tokyo, Japan
2026-03-29 23:14:36,502 - INFO - Successfully fetched weather data for Mumbai, India
2026-03-29 23:14:37,601 - INFO - Successfully fetched weather data for Sydney, Australia
2026-03-29 23:14:38,106 - INFO - Data successfully loaded into SQL database
2026-03-30 14:57:24,907 - INFO - Successfully fetched weather data for London, UK
2026-03-30 14:57:26,156 - INFO - Successfully fetched weather data for New York, USA
2026-03-30 14:57:26,918 - INFO - Successfully fetched weather data for Tokyo, Japan
2026-03-30 14:57:27,662 - INFO - Successfully fetched weather data for Mumbai, India
2026-03-30 14:57:29,031 - INFO - Successfully fetched weather data for Sydney, Australia
2026-03-30 14:57:29,563 - INFO - Data successfully loaded into SQL database
2026-04-03 22:00:35,464 - INFO - Successfully fetched weather data for London, UK
2026-04-03 22:00:36,784 - INFO - Successfully fetched weather data for New York, USA
2026-04-03 22:00:38,259 - INFO - Successfully fetched weather data for Tokyo, Japan
2026-04-03 22:00:39,798 - INFO - Successfully fetched weather data for Mumbai, India
2026-04-03 22:00:46,660 - INFO - Successfully fetched weather data for Sydney, Australia
2026-04-03 22:00:47,224 - INFO - Data successfully loaded into SQL database
2026-04-04 16:00:22,930 - INFO - Successfully fetched weather data for London, UK
2026-04-04 16:00:29,287 - INFO - Successfully fetched weather data for New York, USA
2026-04-04 16:00:30,024 - INFO - Successfully fetched weather data for Tokyo, Japan
2026-04-04 16:00:30,864 - INFO - Successfully fetched weather data for Mumbai, India
2026-04-04 16:00:31,694 - INFO - Successfully fetched weather data for Sydney, Australia
2026-04-04 16:00:32,201 - INFO - Data successfully loaded into SQL database
2026-04-10 08:59:54,307 - INFO - Successfully fetched weather data for London, UK
2026-04-10 08:59:55,410 - INFO - Successfully fetched weather data for New York, USA
2026-04-10 08:59:56,991 - INFO - Successfully fetched weather data for Tokyo, Japan
2026-04-10 08:59:58,056 - INFO - Successfully fetched weather data for Mumbai, India
2026-04-10 08:59:59,255 - INFO - Successfully fetched weather data for Sydney, Australia
2026-04-10 08:59:59,470 - INFO - Data successfully loaded into SQL database
2026-04-11 21:17:57,786 - INFO - Successfully fetched weather data for London, UK
2026-04-11 21:17:59,366 - INFO - Successfully fetched weather data for New York, USA
2026-04-11 21:18:00,624 - INFO - Successfully fetched weather data for Tokyo, Japan
2026-04-11 21:18:01,949 - INFO - Successfully fetched weather data for Mumbai, India
2026-04-11 21:18:03,347 - INFO - Successfully fetched weather data for Sydney, Australia
2026-04-11 21:18:03,869 - INFO - Data successfully loaded into SQL database
2026-04-14 22:37:00,261 - INFO - Successfully fetched weather data for London, UK
2026-04-14 22:37:01,123 - INFO - Successfully fetched weather data for New York, USA
2026-04-14 22:37:01,964 - INFO - Successfully fetched weather data for Tokyo, Japan
2026-04-14 22:37:02,807 - INFO - Successfully fetched weather data for Mumbai, India
2026-04-14 22:37:03,689 - INFO - Successfully fetched weather data for Sydney, Australia
2026-04-14 22:37:04,041 - INFO - Data successfully loaded into SQL database
