[2026-05-02T07:00:28.507+0000] {local_task_job_runner.py:123} INFO - ::group::Pre task execution logs
[2026-05-02T07:00:28.517+0000] {taskinstance.py:2614} INFO - Dependencies all met for dep_context=non-requeueable deps ti=<TaskInstance: weather_etl_pipeline.extract scheduled__2026-05-01T07:00:00+00:00 [queued]>
[2026-05-02T07:00:28.596+0000] {taskinstance.py:2614} INFO - Dependencies all met for dep_context=requeueable deps ti=<TaskInstance: weather_etl_pipeline.extract scheduled__2026-05-01T07:00:00+00:00 [queued]>
[2026-05-02T07:00:28.596+0000] {taskinstance.py:2867} INFO - Starting attempt 1 of 4
[2026-05-02T07:00:28.600+0000] {taskinstance.py:2890} INFO - Executing <Task(PythonOperator): extract> on 2026-05-01 07:00:00+00:00
[2026-05-02T07:00:28.604+0000] {warnings.py:112} WARNING - /home/***/.local/lib/python3.12/site-packages/***/task/task_runner/standard_task_runner.py:70: DeprecationWarning: This process (pid=51024) is multi-threaded, use of fork() may lead to deadlocks in the child.
  pid = os.fork()

[2026-05-02T07:00:28.605+0000] {standard_task_runner.py:72} INFO - Started process 51025 to run task
[2026-05-02T07:00:28.605+0000] {standard_task_runner.py:104} INFO - Running: ['***', 'tasks', 'run', 'weather_etl_pipeline', 'extract', 'scheduled__2026-05-01T07:00:00+00:00', '--job-id', '114', '--raw', '--subdir', 'DAGS_FOLDER/etl_pipeline.py', '--cfg-path', '/tmp/tmp6h0h_5jl']
[2026-05-02T07:00:28.605+0000] {standard_task_runner.py:105} INFO - Job 114: Subtask extract
[2026-05-02T07:00:28.625+0000] {task_command.py:467} INFO - Running <TaskInstance: weather_etl_pipeline.extract scheduled__2026-05-01T07:00:00+00:00 [running]> on host ac5f5f0e497f
[2026-05-02T07:00:28.654+0000] {taskinstance.py:3134} INFO - Exporting env vars: AIRFLOW_CTX_DAG_OWNER='harsh' AIRFLOW_CTX_DAG_ID='weather_etl_pipeline' AIRFLOW_CTX_TASK_ID='extract' AIRFLOW_CTX_EXECUTION_DATE='2026-05-01T07:00:00+00:00' AIRFLOW_CTX_TRY_NUMBER='1' AIRFLOW_CTX_DAG_RUN_ID='scheduled__2026-05-01T07:00:00+00:00'
[2026-05-02T07:00:28.654+0000] {logging_mixin.py:190} INFO - Task instance is in running state
[2026-05-02T07:00:28.654+0000] {logging_mixin.py:190} INFO -  Previous state of the Task instance: queued
[2026-05-02T07:00:28.655+0000] {logging_mixin.py:190} INFO - Current task name:extract state:running start_date:2026-05-02 07:00:28.517276+00:00
[2026-05-02T07:00:28.655+0000] {logging_mixin.py:190} INFO - Dag name:weather_etl_pipeline and current dag run status:running
[2026-05-02T07:00:28.655+0000] {taskinstance.py:732} INFO - ::endgroup::
[2026-05-02T07:00:31.649+0000] {pipeline.py:45} INFO - Successfully fetched weather data for London, UK
[2026-05-02T07:00:33.705+0000] {pipeline.py:45} INFO - Successfully fetched weather data for New York, USA
[2026-05-02T07:00:36.119+0000] {pipeline.py:45} INFO - Successfully fetched weather data for Tokyo, Japan
[2026-05-02T07:00:38.409+0000] {pipeline.py:45} INFO - Successfully fetched weather data for Mumbai, India
[2026-05-02T07:00:40.494+0000] {pipeline.py:45} INFO - Successfully fetched weather data for Sydney, Australia
[2026-05-02T07:00:40.496+0000] {pipeline.py:52} INFO - Raw data saved to raw_weather.json
[2026-05-02T07:00:40.496+0000] {python.py:240} INFO - Done. Returned value was: None
[2026-05-02T07:00:40.511+0000] {taskinstance.py:341} INFO - ::group::Post task execution logs
[2026-05-02T07:00:40.512+0000] {taskinstance.py:353} INFO - Marking task as SUCCESS. dag_id=weather_etl_pipeline, task_id=extract, run_id=scheduled__2026-05-01T07:00:00+00:00, execution_date=20260501T070000, start_date=20260502T070028, end_date=20260502T070040
[2026-05-02T07:00:40.530+0000] {logging_mixin.py:190} INFO - Task instance in success state
[2026-05-02T07:00:40.530+0000] {logging_mixin.py:190} INFO -  Previous state of the Task instance: running
[2026-05-02T07:00:40.530+0000] {logging_mixin.py:190} INFO - Dag name:weather_etl_pipeline queued_at:2026-05-02 07:00:27.618206+00:00
[2026-05-02T07:00:40.530+0000] {logging_mixin.py:190} INFO - Task hostname:ac5f5f0e497f operator:PythonOperator
[2026-05-02T07:00:40.564+0000] {local_task_job_runner.py:266} INFO - Task exited with return code 0
[2026-05-02T07:00:40.580+0000] {taskinstance.py:3901} INFO - 1 downstream tasks scheduled from follow-on schedule check
[2026-05-02T07:00:40.580+0000] {local_task_job_runner.py:245} INFO - ::endgroup::
